OpenJDK 64-Bit Server VM (25.212-b04) for linux-amd64 JRE (1.8.0_212-b04), built on May  4 2019 17:56:12 by "buildozer" with gcc 8.3.0
Memory: 4k page, physical 10203724k(8184336k free), swap 1048572k(1048572k free)
CommandLine flags: -XX:+CMSClassUnloadingEnabled -XX:CMSFullGCsBeforeCompaction=9 -XX:CMSInitiatingOccupancyFraction=60 -XX:+CMSParallelRemarkEnabled -XX:+DisableExplicitGC -XX:+ExplicitGCInvokesConcurrent -XX:GCLogFileSize=5242880 -XX:+HeapDumpOnOutOfMemoryError -XX:HeapDumpPath=/opt/logs/100003171/HeapDumpOnOutOfMemoryError/ -XX:InitialHeapSize=163259584 -XX:MaxHeapSize=2612153344 -XX:MaxNewSize=348966912 -XX:MaxTenuringThreshold=9 -XX:NumberOfGCLogFiles=5 -XX:OldPLABSize=16 -XX:-OmitStackTraceInFastThrow -XX:ParallelGCThreads=4 -XX:+PrintGC -XX:+PrintGCApplicationConcurrentTime -XX:+PrintGCDateStamps -XX:+PrintGCDetails -XX:+PrintGCTimeStamps -XX:+PrintHeapAtGC -XX:+ScavengeBeforeFullGC -XX:SoftRefLRUPolicyMSPerMB=0 -XX:+UseCMSCompactAtFullCollection -XX:+UseCMSInitiatingOccupancyOnly -XX:+UseCompressedClassPointers -XX:+UseCompressedOops -XX:+UseConcMarkSweepGC -XX:+UseGCLogFileRotation -XX:+UseParNewGC 
2021-12-27T09:18:13.745+0800: 1.158: Application time: 0.7726077 seconds
2021-12-27T09:18:14.778+0800: 2.191: Application time: 1.0003579 seconds
2021-12-27T09:18:15.778+0800: 3.192: Application time: 1.0001543 seconds
2021-12-27T09:18:16.796+0800: 4.210: Application time: 1.0001663 seconds
2021-12-27T09:18:17.010+0800: 4.423: Application time: 0.2085630 seconds
2021-12-27T09:18:18.012+0800: 5.425: Application time: 1.0013250 seconds
2021-12-27T09:18:19.020+0800: 6.433: Application time: 1.0002408 seconds
2021-12-27T09:18:20.025+0800: 7.438: Application time: 1.0018094 seconds
2021-12-27T09:18:21.128+0800: 8.541: Application time: 1.0028413 seconds
2021-12-27T09:18:21.414+0800: 8.827: Application time: 0.2820185 seconds
{Heap before GC invocations=0 (full 0):
 par new generation   total 47936K, used 42624K [0x0000000724400000, 0x0000000727800000, 0x00000007390c0000)
  eden space 42624K, 100% used [0x0000000724400000, 0x0000000726da0000, 0x0000000726da0000)
  from space 5312K,   0% used [0x0000000726da0000, 0x0000000726da0000, 0x00000007272d0000)
  to   space 5312K,   0% used [0x00000007272d0000, 0x00000007272d0000, 0x0000000727800000)
 concurrent mark-sweep generation total 106496K, used 0K [0x00000007390c0000, 0x000000073f8c0000, 0x00000007c0000000)
 Metaspace       used 6402K, capacity 6626K, committed 6912K, reserved 1056768K
  class space    used 597K, capacity 697K, committed 768K, reserved 1048576K
2021-12-27T09:18:21.415+0800: 8.828: [GC (Allocation Failure) 2021-12-27T09:18:21.417+0800: 8.830: [ParNew: 42624K->3490K(47936K), 0.1444297 secs] 42624K->3490K(154432K), 0.1496279 secs] [Times: user=0.01 sys=0.00, real=0.15 secs] 
Heap after GC invocations=1 (full 0):
 par new generation   total 47936K, used 3490K [0x0000000724400000, 0x0000000727800000, 0x00000007390c0000)
  eden space 42624K,   0% used [0x0000000724400000, 0x0000000724400000, 0x0000000726da0000)
  from space 5312K,  65% used [0x00000007272d0000, 0x0000000727638a98, 0x0000000727800000)
  to   space 5312K,   0% used [0x0000000726da0000, 0x0000000726da0000, 0x00000007272d0000)
 concurrent mark-sweep generation total 106496K, used 0K [0x00000007390c0000, 0x000000073f8c0000, 0x00000007c0000000)
 Metaspace       used 6402K, capacity 6626K, committed 6912K, reserved 1056768K
  class space    used 597K, capacity 697K, committed 768K, reserved 1048576K
}
2021-12-27T09:18:21.596+0800: 9.010: Application time: 0.0297338 seconds
2021-12-27T09:18:21.600+0800: 9.013: Application time: 0.0012973 seconds
2021-12-27T09:18:21.601+0800: 9.014: Application time: 0.0000587 seconds
2021-12-27T09:18:21.604+0800: 9.017: Application time: 0.0000838 seconds
2021-12-27T09:18:21.607+0800: 9.020: Application time: 0.0025790 seconds
2021-12-27T09:18:21.610+0800: 9.023: Application time: 0.0019908 seconds
2021-12-27T09:18:21.611+0800: 9.024: Application time: 0.0000477 seconds
2021-12-27T09:18:21.611+0800: 9.025: Application time: 0.0000331 seconds
2021-12-27T09:18:21.612+0800: 9.025: Application time: 0.0000399 seconds
2021-12-27T09:18:21.612+0800: 9.026: Application time: 0.0001382 seconds
2021-12-27T09:18:21.621+0800: 9.034: Application time: 0.0080949 seconds
2021-12-27T09:18:21.622+0800: 9.035: Application time: 0.0007383 seconds
2021-12-27T09:18:21.622+0800: 9.035: Application time: 0.0000564 seconds
2021-12-27T09:18:21.643+0800: 9.056: Application time: 0.0208693 seconds
2021-12-27T09:18:21.650+0800: 9.063: Application time: 0.0012096 seconds
2021-12-27T09:18:21.659+0800: 9.072: Application time: 0.0045607 seconds
2021-12-27T09:18:21.667+0800: 9.082: Application time: 0.0067399 seconds
2021-12-27T09:18:21.672+0800: 9.085: Application time: 0.0000516 seconds
2021-12-27T09:18:21.672+0800: 9.085: Application time: 0.0000306 seconds
2021-12-27T09:18:21.678+0800: 9.091: Application time: 0.0019043 seconds
2021-12-27T09:18:21.686+0800: 9.099: Application time: 0.0050001 seconds
2021-12-27T09:18:21.689+0800: 9.103: Application time: 0.0022157 seconds
2021-12-27T09:18:21.696+0800: 9.109: Application time: 0.0022005 seconds
2021-12-27T09:18:21.697+0800: 9.110: Application time: 0.0000380 seconds
2021-12-27T09:18:21.697+0800: 9.110: Application time: 0.0005736 seconds
2021-12-27T09:18:22.148+0800: 9.561: Application time: 0.4508786 seconds
2021-12-27T09:18:23.152+0800: 10.565: Application time: 1.0035718 seconds
2021-12-27T09:18:24.071+0800: 11.484: Application time: 0.9192263 seconds
{Heap before GC invocations=1 (full 0):
 par new generation   total 47936K, used 46114K [0x0000000724400000, 0x0000000727800000, 0x00000007390c0000)
  eden space 42624K, 100% used [0x0000000724400000, 0x0000000726da0000, 0x0000000726da0000)
  from space 5312K,  65% used [0x00000007272d0000, 0x0000000727638a98, 0x0000000727800000)
  to   space 5312K,   0% used [0x0000000726da0000, 0x0000000726da0000, 0x00000007272d0000)
 concurrent mark-sweep generation total 106496K, used 0K [0x00000007390c0000, 0x000000073f8c0000, 0x00000007c0000000)
 Metaspace       used 8174K, capacity 8450K, committed 8704K, reserved 1056768K
  class space    used 823K, capacity 921K, committed 1024K, reserved 1048576K
2021-12-27T09:18:24.072+0800: 11.485: [GC (Allocation Failure) 2021-12-27T09:18:24.073+0800: 11.486: [ParNew: 46114K->2789K(47936K), 0.1524677 secs] 46114K->4967K(154432K), 0.1543296 secs] [Times: user=0.02 sys=0.01, real=0.16 secs] 
Heap after GC invocations=2 (full 0):
 par new generation   total 47936K, used 2789K [0x0000000724400000, 0x0000000727800000, 0x00000007390c0000)
  eden space 42624K,   0% used [0x0000000724400000, 0x0000000724400000, 0x0000000726da0000)
  from space 5312K,  52% used [0x0000000726da0000, 0x0000000727059518, 0x00000007272d0000)
  to   space 5312K,   0% used [0x00000007272d0000, 0x00000007272d0000, 0x0000000727800000)
 concurrent mark-sweep generation total 106496K, used 2178K [0x00000007390c0000, 0x000000073f8c0000, 0x00000007c0000000)
 Metaspace       used 8174K, capacity 8450K, committed 8704K, reserved 1056768K
  class space    used 823K, capacity 921K, committed 1024K, reserved 1048576K
}
2021-12-27T09:18:24.272+0800: 11.685: Application time: 0.0450189 seconds
2021-12-27T09:18:24.306+0800: 11.719: Application time: 0.0334559 seconds
2021-12-27T09:18:24.320+0800: 11.734: Application time: 0.0142526 seconds
2021-12-27T09:18:24.331+0800: 11.744: Application time: 0.0022243 seconds
2021-12-27T09:18:24.337+0800: 11.751: Application time: 0.0011946 seconds
2021-12-27T09:18:24.375+0800: 11.789: Application time: 0.0082494 seconds
2021-12-27T09:18:24.443+0800: 11.856: Application time: 0.0010918 seconds
2021-12-27T09:18:24.444+0800: 11.858: Application time: 0.0003436 seconds
2021-12-27T09:18:24.455+0800: 11.868: Application time: 0.0003975 seconds
2021-12-27T09:18:24.456+0800: 11.869: Application time: 0.0004924 seconds
2021-12-27T09:18:24.467+0800: 11.880: Application time: 0.0005707 seconds
2021-12-27T09:18:24.473+0800: 11.886: Application time: 0.0005888 seconds
2021-12-27T09:18:24.487+0800: 11.901: Application time: 0.0005979 seconds
2021-12-27T09:18:24.506+0800: 11.919: Application time: 0.0006837 seconds
2021-12-27T09:18:24.531+0800: 11.944: Application time: 0.0018446 seconds
2021-12-27T09:18:24.532+0800: 11.945: Application time: 0.0001097 seconds
2021-12-27T09:18:24.532+0800: 11.945: Application time: 0.0003200 seconds
2021-12-27T09:18:24.579+0800: 11.993: Application time: 0.0023290 seconds
2021-12-27T09:18:24.581+0800: 11.995: Application time: 0.0021972 seconds
2021-12-27T09:18:24.589+0800: 12.002: Application time: 0.0014072 seconds
2021-12-27T09:18:24.796+0800: 12.209: Application time: 0.2048075 seconds
2021-12-27T09:18:25.218+0800: 12.631: Application time: 0.4219895 seconds
2021-12-27T09:18:26.237+0800: 13.650: Application time: 1.0178459 seconds
2021-12-27T09:18:26.273+0800: 13.686: Application time: 0.0354946 seconds
{Heap before GC invocations=2 (full 0):
 par new generation   total 47936K, used 45413K [0x0000000724400000, 0x0000000727800000, 0x00000007390c0000)
  eden space 42624K, 100% used [0x0000000724400000, 0x0000000726da0000, 0x0000000726da0000)
  from space 5312K,  52% used [0x0000000726da0000, 0x0000000727059518, 0x00000007272d0000)
  to   space 5312K,   0% used [0x00000007272d0000, 0x00000007272d0000, 0x0000000727800000)
 concurrent mark-sweep generation total 106496K, used 2178K [0x00000007390c0000, 0x000000073f8c0000, 0x00000007c0000000)
 Metaspace       used 10174K, capacity 10474K, committed 10752K, reserved 1058816K
  class space    used 1101K, capacity 1209K, committed 1280K, reserved 1048576K
2021-12-27T09:18:26.275+0800: 13.688: [GC (Allocation Failure) 2021-12-27T09:18:26.275+0800: 13.688: [ParNew: 45413K->2033K(47936K), 0.0499947 secs] 47591K->4212K(154432K), 0.0708287 secs] [Times: user=0.01 sys=0.00, real=0.08 secs] 
Heap after GC invocations=3 (full 0):
 par new generation   total 47936K, used 2033K [0x0000000724400000, 0x0000000727800000, 0x00000007390c0000)
  eden space 42624K,   0% used [0x0000000724400000, 0x0000000724400000, 0x0000000726da0000)
  from space 5312K,  38% used [0x00000007272d0000, 0x00000007274cc768, 0x0000000727800000)
  to   space 5312K,   0% used [0x0000000726da0000, 0x0000000726da0000, 0x00000007272d0000)
 concurrent mark-sweep generation total 106496K, used 2178K [0x00000007390c0000, 0x000000073f8c0000, 0x00000007c0000000)
 Metaspace       used 10174K, capacity 10474K, committed 10752K, reserved 1058816K
  class space    used 1101K, capacity 1209K, committed 1280K, reserved 1048576K
}
2021-12-27T09:18:26.351+0800: 13.765: Application time: 0.0047353 seconds
2021-12-27T09:18:26.384+0800: 13.797: Application time: 0.0295037 seconds
2021-12-27T09:18:27.392+0800: 14.805: Application time: 1.0050163 seconds
2021-12-27T09:18:28.075+0800: 15.488: Application time: 0.6830271 seconds
{Heap before GC invocations=3 (full 0):
 par new generation   total 47936K, used 44657K [0x0000000724400000, 0x0000000727800000, 0x00000007390c0000)
  eden space 42624K, 100% used [0x0000000724400000, 0x0000000726da0000, 0x0000000726da0000)
  from space 5312K,  38% used [0x00000007272d0000, 0x00000007274cc768, 0x0000000727800000)
  to   space 5312K,   0% used [0x0000000726da0000, 0x0000000726da0000, 0x00000007272d0000)
 concurrent mark-sweep generation total 106496K, used 2178K [0x00000007390c0000, 0x000000073f8c0000, 0x00000007c0000000)
 Metaspace       used 12094K, capacity 12388K, committed 12544K, reserved 1060864K
  class space    used 1317K, capacity 1423K, committed 1536K, reserved 1048576K
2021-12-27T09:18:28.075+0800: 15.489: [GC (Allocation Failure) 2021-12-27T09:18:28.076+0800: 15.489: [ParNew: 44657K->3322K(47936K), 0.0357316 secs] 46836K->5500K(154432K), 0.0423793 secs] [Times: user=0.01 sys=0.00, real=0.05 secs] 
Heap after GC invocations=4 (full 0):
 par new generation   total 47936K, used 3322K [0x0000000724400000, 0x0000000727800000, 0x00000007390c0000)
  eden space 42624K,   0% used [0x0000000724400000, 0x0000000724400000, 0x0000000726da0000)
  from space 5312K,  62% used [0x0000000726da0000, 0x00000007270de938, 0x00000007272d0000)
  to   space 5312K,   0% used [0x00000007272d0000, 0x00000007272d0000, 0x0000000727800000)
 concurrent mark-sweep generation total 106496K, used 2178K [0x00000007390c0000, 0x000000073f8c0000, 0x00000007c0000000)
 Metaspace       used 12094K, capacity 12388K, committed 12544K, reserved 1060864K
  class space    used 1317K, capacity 1423K, committed 1536K, reserved 1048576K
}
2021-12-27T09:18:29.100+0800: 16.513: Application time: 0.9780952 seconds
{Heap before GC invocations=4 (full 0):
 par new generation   total 47936K, used 45946K [0x0000000724400000, 0x0000000727800000, 0x00000007390c0000)
  eden space 42624K, 100% used [0x0000000724400000, 0x0000000726da0000, 0x0000000726da0000)
  from space 5312K,  62% used [0x0000000726da0000, 0x00000007270de938, 0x00000007272d0000)
  to   space 5312K,   0% used [0x00000007272d0000, 0x00000007272d0000, 0x0000000727800000)
 concurrent mark-sweep generation total 106496K, used 2178K [0x00000007390c0000, 0x000000073f8c0000, 0x00000007c0000000)
 Metaspace       used 13008K, capacity 13282K, committed 13312K, reserved 1060864K
  class space    used 1438K, capacity 1528K, committed 1536K, reserved 1048576K
2021-12-27T09:18:29.102+0800: 16.516: [GC (Allocation Failure) 2021-12-27T09:18:29.103+0800: 16.516: [ParNew: 45946K->3688K(47936K), 0.0269475 secs] 48124K->5867K(154432K), 0.0314280 secs] [Times: user=0.01 sys=0.01, real=0.03 secs] 
Heap after GC invocations=5 (full 0):
 par new generation   total 47936K, used 3688K [0x0000000724400000, 0x0000000727800000, 0x00000007390c0000)
  eden space 42624K,   0% used [0x0000000724400000, 0x0000000724400000, 0x0000000726da0000)
  from space 5312K,  69% used [0x00000007272d0000, 0x000000072766a1d0, 0x0000000727800000)
  to   space 5312K,   0% used [0x0000000726da0000, 0x0000000726da0000, 0x00000007272d0000)
 concurrent mark-sweep generation total 106496K, used 2178K [0x00000007390c0000, 0x000000073f8c0000, 0x00000007c0000000)
 Metaspace       used 13008K, capacity 13282K, committed 13312K, reserved 1060864K
  class space    used 1438K, capacity 1528K, committed 1536K, reserved 1048576K
}
2021-12-27T09:18:30.133+0800: 17.546: Application time: 0.9975095 seconds
{Heap before GC invocations=5 (full 0):
 par new generation   total 47936K, used 46312K [0x0000000724400000, 0x0000000727800000, 0x00000007390c0000)
  eden space 42624K, 100% used [0x0000000724400000, 0x0000000726da0000, 0x0000000726da0000)
  from space 5312K,  69% used [0x00000007272d0000, 0x000000072766a1d0, 0x0000000727800000)
  to   space 5312K,   0% used [0x0000000726da0000, 0x0000000726da0000, 0x00000007272d0000)
 concurrent mark-sweep generation total 106496K, used 2178K [0x00000007390c0000, 0x000000073f8c0000, 0x00000007c0000000)
 Metaspace       used 13641K, capacity 13962K, committed 14336K, reserved 1062912K
  class space    used 1539K, capacity 1668K, committed 1792K, reserved 1048576K
2021-12-27T09:18:30.135+0800: 17.549: [GC (Allocation Failure) 2021-12-27T09:18:30.136+0800: 17.549: [ParNew: 46312K->2841K(47936K), 0.0443669 secs] 48491K->5349K(154432K), 0.0522123 secs] [Times: user=0.01 sys=0.00, real=0.06 secs] 
Heap after GC invocations=6 (full 0):
 par new generation   total 47936K, used 2841K [0x0000000724400000, 0x0000000727800000, 0x00000007390c0000)
  eden space 42624K,   0% used [0x0000000724400000, 0x0000000724400000, 0x0000000726da0000)
  from space 5312K,  53% used [0x0000000726da0000, 0x0000000727066408, 0x00000007272d0000)
  to   space 5312K,   0% used [0x00000007272d0000, 0x00000007272d0000, 0x0000000727800000)
 concurrent mark-sweep generation total 106496K, used 2508K [0x00000007390c0000, 0x000000073f8c0000, 0x00000007c0000000)
 Metaspace       used 13641K, capacity 13962K, committed 14336K, reserved 1062912K
  class space    used 1539K, capacity 1668K, committed 1792K, reserved 1048576K
}
2021-12-27T09:18:30.196+0800: 17.609: Application time: 0.0077088 seconds
2021-12-27T09:18:31.103+0800: 18.516: Application time: 0.9025410 seconds
{Heap before GC invocations=6 (full 0):
 par new generation   total 47936K, used 45465K [0x0000000724400000, 0x0000000727800000, 0x00000007390c0000)
  eden space 42624K, 100% used [0x0000000724400000, 0x0000000726da0000, 0x0000000726da0000)
  from space 5312K,  53% used [0x0000000726da0000, 0x0000000727066408, 0x00000007272d0000)
  to   space 5312K,   0% used [0x00000007272d0000, 0x00000007272d0000, 0x0000000727800000)
 concurrent mark-sweep generation total 106496K, used 2508K [0x00000007390c0000, 0x000000073f8c0000, 0x00000007c0000000)
 Metaspace       used 14739K, capacity 15100K, committed 15360K, reserved 1062912K
  class space    used 1661K, capacity 1769K, committed 1792K, reserved 1048576K
2021-12-27T09:18:31.107+0800: 18.520: [GC (Allocation Failure) 2021-12-27T09:18:31.108+0800: 18.521: [ParNew: 45465K->2746K(47936K), 0.0427781 secs] 47973K->5254K(154432K), 0.0523107 secs] [Times: user=0.01 sys=0.00, real=0.05 secs] 
Heap after GC invocations=7 (full 0):
 par new generation   total 47936K, used 2746K [0x0000000724400000, 0x0000000727800000, 0x00000007390c0000)
  eden space 42624K,   0% used [0x0000000724400000, 0x0000000724400000, 0x0000000726da0000)
  from space 5312K,  51% used [0x00000007272d0000, 0x000000072757e838, 0x0000000727800000)
  to   space 5312K,   0% used [0x0000000726da0000, 0x0000000726da0000, 0x00000007272d0000)
 concurrent mark-sweep generation total 106496K, used 2508K [0x00000007390c0000, 0x000000073f8c0000, 0x00000007c0000000)
 Metaspace       used 14739K, capacity 15100K, committed 15360K, reserved 1062912K
  class space    used 1661K, capacity 1769K, committed 1792K, reserved 1048576K
}
2021-12-27T09:18:31.166+0800: 18.579: Application time: 0.0007422 seconds
2021-12-27T09:18:31.169+0800: 18.582: Application time: 0.0002038 seconds
2021-12-27T09:18:32.169+0800: 19.583: Application time: 1.0001399 seconds
2021-12-27T09:18:32.847+0800: 20.260: Application time: 0.6763852 seconds
2021-12-27T09:18:32.851+0800: 20.264: Application time: 0.0032059 seconds
2021-12-27T09:18:33.041+0800: 20.454: Application time: 0.1896579 seconds
{Heap before GC invocations=7 (full 0):
 par new generation   total 47936K, used 45370K [0x0000000724400000, 0x0000000727800000, 0x00000007390c0000)
  eden space 42624K, 100% used [0x0000000724400000, 0x0000000726da0000, 0x0000000726da0000)
  from space 5312K,  51% used [0x00000007272d0000, 0x000000072757e838, 0x0000000727800000)
  to   space 5312K,   0% used [0x0000000726da0000, 0x0000000726da0000, 0x00000007272d0000)
 concurrent mark-sweep generation total 106496K, used 2508K [0x00000007390c0000, 0x000000073f8c0000, 0x00000007c0000000)
 Metaspace       used 16063K, capacity 16580K, committed 16896K, reserved 1064960K
  class space    used 1854K, capacity 2007K, committed 2048K, reserved 1048576K
2021-12-27T09:18:33.041+0800: 20.454: [GC (Allocation Failure) 2021-12-27T09:18:33.042+0800: 20.455: [ParNew: 45370K->3281K(47936K), 0.0810113 secs] 47878K->5790K(154432K), 0.0884715 secs] [Times: user=0.01 sys=0.00, real=0.09 secs] 
Heap after GC invocations=8 (full 0):
 par new generation   total 47936K, used 3281K [0x0000000724400000, 0x0000000727800000, 0x00000007390c0000)
  eden space 42624K,   0% used [0x0000000724400000, 0x0000000724400000, 0x0000000726da0000)
  from space 5312K,  61% used [0x0000000726da0000, 0x00000007270d47f8, 0x00000007272d0000)
  to   space 5312K,   0% used [0x00000007272d0000, 0x00000007272d0000, 0x0000000727800000)
 concurrent mark-sweep generation total 106496K, used 2508K [0x00000007390c0000, 0x000000073f8c0000, 0x00000007c0000000)
 Metaspace       used 16063K, capacity 16580K, committed 16896K, reserved 1064960K
  class space    used 1854K, capacity 2007K, committed 2048K, reserved 1048576K
}
2021-12-27T09:18:33.642+0800: 21.055: Application time: 0.5114307 seconds
2021-12-27T09:18:33.953+0800: 21.366: Application time: 0.3108509 seconds
2021-12-27T09:18:33.957+0800: 21.370: Application time: 0.0031628 seconds
2021-12-27T09:18:34.161+0800: 21.575: Application time: 0.2043102 seconds
2021-12-27T09:18:34.210+0800: 21.624: Application time: 0.0490017 seconds
2021-12-27T09:18:34.524+0800: 21.937: Application time: 0.3128395 seconds
{Heap before GC invocations=8 (full 0):
 par new generation   total 47936K, used 45905K [0x0000000724400000, 0x0000000727800000, 0x00000007390c0000)
  eden space 42624K, 100% used [0x0000000724400000, 0x0000000726da0000, 0x0000000726da0000)
  from space 5312K,  61% used [0x0000000726da0000, 0x00000007270d47f8, 0x00000007272d0000)
  to   space 5312K,   0% used [0x00000007272d0000, 0x00000007272d0000, 0x0000000727800000)
 concurrent mark-sweep generation total 106496K, used 2508K [0x00000007390c0000, 0x000000073f8c0000, 0x00000007c0000000)
 Metaspace       used 17096K, capacity 17756K, committed 17920K, reserved 1064960K
  class space    used 1996K, capacity 2177K, committed 2304K, reserved 1048576K
2021-12-27T09:18:34.524+0800: 21.937: [GC (Allocation Failure) 2021-12-27T09:18:34.525+0800: 21.938: [ParNew: 45905K->3493K(47936K), 0.0585333 secs] 48414K->6422K(154432K), 0.0622596 secs] [Times: user=0.01 sys=0.00, real=0.07 secs] 
Heap after GC invocations=9 (full 0):
 par new generation   total 47936K, used 3493K [0x0000000724400000, 0x0000000727800000, 0x00000007390c0000)
  eden space 42624K,   0% used [0x0000000724400000, 0x0000000724400000, 0x0000000726da0000)
  from space 5312K,  65% used [0x00000007272d0000, 0x0000000727639590, 0x0000000727800000)
  to   space 5312K,   0% used [0x0000000726da0000, 0x0000000726da0000, 0x00000007272d0000)
 concurrent mark-sweep generation total 106496K, used 2928K [0x00000007390c0000, 0x000000073f8c0000, 0x00000007c0000000)
 Metaspace       used 17096K, capacity 17756K, committed 17920K, reserved 1064960K
  class space    used 1996K, capacity 2177K, committed 2304K, reserved 1048576K
}
2021-12-27T09:18:35.024+0800: 22.437: Application time: 0.4367512 seconds
2021-12-27T09:18:35.025+0800: 22.438: Application time: 0.0001735 seconds
2021-12-27T09:18:35.961+0800: 23.374: Application time: 0.9364498 seconds
2021-12-27T09:18:35.961+0800: 23.375: Application time: 0.0001816 seconds
2021-12-27T09:18:36.676+0800: 24.089: Application time: 0.7145114 seconds
2021-12-27T09:18:36.679+0800: 24.092: Application time: 0.0027928 seconds
2021-12-27T09:18:36.682+0800: 24.095: Application time: 0.0018294 seconds
2021-12-27T09:18:36.689+0800: 24.102: Application time: 0.0061390 seconds
2021-12-27T09:18:36.701+0800: 24.114: Application time: 0.0096815 seconds
2021-12-27T09:18:36.703+0800: 24.116: Application time: 0.0021492 seconds
2021-12-27T09:18:36.707+0800: 24.121: Application time: 0.0015014 seconds
2021-12-27T09:18:36.709+0800: 24.122: Application time: 0.0001402 seconds
2021-12-27T09:18:36.724+0800: 24.137: Application time: 0.0139846 seconds
2021-12-27T09:18:36.727+0800: 24.140: Application time: 0.0018391 seconds
2021-12-27T09:18:36.737+0800: 24.151: Application time: 0.0085930 seconds
2021-12-27T09:18:36.796+0800: 24.209: Application time: 0.0411445 seconds
2021-12-27T09:18:36.848+0800: 24.261: Application time: 0.0494110 seconds
2021-12-27T09:18:36.851+0800: 24.264: Application time: 0.0014028 seconds
2021-12-27T09:18:36.857+0800: 24.271: Application time: 0.0036652 seconds
2021-12-27T09:18:36.888+0800: 24.301: Application time: 0.0281701 seconds
2021-12-27T09:18:36.898+0800: 24.311: Application time: 0.0069348 seconds
2021-12-27T09:18:36.902+0800: 24.315: Application time: 0.0019376 seconds
2021-12-27T09:18:36.925+0800: 24.338: Application time: 0.0189173 seconds
2021-12-27T09:18:36.928+0800: 24.341: Application time: 0.0029272 seconds
2021-12-27T09:18:36.936+0800: 24.349: Application time: 0.0073296 seconds
2021-12-27T09:18:36.947+0800: 24.360: Application time: 0.0112027 seconds
2021-12-27T09:18:36.952+0800: 24.365: Application time: 0.0049157 seconds
2021-12-27T09:18:36.954+0800: 24.367: Application time: 0.0002899 seconds
2021-12-27T09:18:36.967+0800: 24.380: Application time: 0.0131695 seconds
2021-12-27T09:18:36.975+0800: 24.389: Application time: 0.0080476 seconds
2021-12-27T09:18:36.976+0800: 24.389: Application time: 0.0002120 seconds
2021-12-27T09:18:37.003+0800: 24.416: Application time: 0.0252643 seconds
2021-12-27T09:18:37.004+0800: 24.418: Application time: 0.0005108 seconds
2021-12-27T09:18:37.076+0800: 24.511: Application time: 0.0927865 seconds
{Heap before GC invocations=9 (full 0):
 par new generation   total 47936K, used 46117K [0x0000000724400000, 0x0000000727800000, 0x00000007390c0000)
  eden space 42624K, 100% used [0x0000000724400000, 0x0000000726da0000, 0x0000000726da0000)
  from space 5312K,  65% used [0x00000007272d0000, 0x0000000727639590, 0x0000000727800000)
  to   space 5312K,   0% used [0x0000000726da0000, 0x0000000726da0000, 0x00000007272d0000)
 concurrent mark-sweep generation total 106496K, used 2928K [0x00000007390c0000, 0x000000073f8c0000, 0x00000007c0000000)
 Metaspace       used 18183K, capacity 18990K, committed 19328K, reserved 1067008K
  class space    used 2143K, capacity 2351K, committed 2432K, reserved 1048576K
2021-12-27T09:18:37.082+0800: 24.517: [GC (Allocation Failure) 2021-12-27T09:18:37.083+0800: 24.518: [ParNew: 46117K->3747K(47936K), 0.0602753 secs] 49046K->6676K(154432K), 0.0625033 secs] [Times: user=0.01 sys=0.01, real=0.07 secs] 
Heap after GC invocations=10 (full 0):
 par new generation   total 47936K, used 3747K [0x0000000724400000, 0x0000000727800000, 0x00000007390c0000)
  eden space 42624K,   0% used [0x0000000724400000, 0x0000000724400000, 0x0000000726da0000)
  from space 5312K,  70% used [0x0000000726da0000, 0x0000000727148f70, 0x00000007272d0000)
  to   space 5312K,   0% used [0x00000007272d0000, 0x00000007272d0000, 0x0000000727800000)
 concurrent mark-sweep generation total 106496K, used 2928K [0x00000007390c0000, 0x000000073f8c0000, 0x00000007c0000000)
 Metaspace       used 18183K, capacity 18990K, committed 19328K, reserved 1067008K
  class space    used 2143K, capacity 2351K, committed 2432K, reserved 1048576K
}
2021-12-27T09:18:37.151+0800: 24.586: Application time: 0.0060823 seconds
2021-12-27T09:18:37.264+0800: 24.699: Application time: 0.1123795 seconds
2021-12-27T09:18:37.966+0800: 25.401: Application time: 0.6958383 seconds
2021-12-27T09:18:37.990+0800: 25.425: Application time: 0.0049275 seconds
2021-12-27T09:18:38.161+0800: 25.597: Application time: 0.1712118 seconds
2021-12-27T09:18:38.602+0800: 26.037: Application time: 0.3982380 seconds
{Heap before GC invocations=10 (full 0):
 par new generation   total 47936K, used 46371K [0x0000000724400000, 0x0000000727800000, 0x00000007390c0000)
  eden space 42624K, 100% used [0x0000000724400000, 0x0000000726da0000, 0x0000000726da0000)
  from space 5312K,  70% used [0x0000000726da0000, 0x0000000727148f70, 0x00000007272d0000)
  to   space 5312K,   0% used [0x00000007272d0000, 0x00000007272d0000, 0x0000000727800000)
 concurrent mark-sweep generation total 106496K, used 2928K [0x00000007390c0000, 0x000000073f8c0000, 0x00000007c0000000)
 Metaspace       used 19823K, capacity 20666K, committed 20736K, reserved 1067008K
  class space    used 2348K, capacity 2545K, committed 2560K, reserved 1048576K
2021-12-27T09:18:38.619+0800: 26.054: [GC (Allocation Failure) 2021-12-27T09:18:38.619+0800: 26.054: [ParNew: 46371K->3048K(47936K), 0.0836846 secs] 49300K->6523K(154432K), 0.0877964 secs] [Times: user=0.02 sys=0.00, real=0.09 secs] 
Heap after GC invocations=11 (full 0):
 par new generation   total 47936K, used 3048K [0x0000000724400000, 0x0000000727800000, 0x00000007390c0000)
  eden space 42624K,   0% used [0x0000000724400000, 0x0000000724400000, 0x0000000726da0000)
  from space 5312K,  57% used [0x00000007272d0000, 0x00000007275ca0b8, 0x0000000727800000)
  to   space 5312K,   0% used [0x0000000726da0000, 0x0000000726da0000, 0x00000007272d0000)
 concurrent mark-sweep generation total 106496K, used 3475K [0x00000007390c0000, 0x000000073f8c0000, 0x00000007c0000000)
 Metaspace       used 19823K, capacity 20666K, committed 20736K, reserved 1067008K
  class space    used 2348K, capacity 2545K, committed 2560K, reserved 1048576K
}
2021-12-27T09:18:38.714+0800: 26.149: Application time: 0.0020593 seconds
2021-12-27T09:18:38.723+0800: 26.158: Application time: 0.0056558 seconds
2021-12-27T09:18:38.738+0800: 26.173: Application time: 0.0003230 seconds
2021-12-27T09:18:38.773+0800: 26.208: Application time: 0.0348838 seconds
2021-12-27T09:18:38.796+0800: 26.232: Application time: 0.0223174 seconds
2021-12-27T09:18:38.804+0800: 26.239: Application time: 0.0012800 seconds
2021-12-27T09:18:38.868+0800: 26.303: Application time: 0.0631683 seconds
2021-12-27T09:18:38.898+0800: 26.333: Application time: 0.0061869 seconds
2021-12-27T09:18:39.121+0800: 26.556: Application time: 0.2217823 seconds
2021-12-27T09:18:39.160+0800: 26.595: Application time: 0.0021466 seconds
2021-12-27T09:18:39.298+0800: 26.733: Application time: 0.1367820 seconds
2021-12-27T09:18:39.372+0800: 26.807: Application time: 0.0636944 seconds
2021-12-27T09:18:39.416+0800: 26.851: Application time: 0.0424845 seconds
2021-12-27T09:18:39.426+0800: 26.861: Application time: 0.0105465 seconds
2021-12-27T09:18:39.430+0800: 26.865: Application time: 0.0034754 seconds
2021-12-27T09:18:39.449+0800: 26.884: Application time: 0.0187938 seconds
2021-12-27T09:18:39.491+0800: 26.926: Application time: 0.0255527 seconds
2021-12-27T09:18:39.495+0800: 26.930: Application time: 0.0031022 seconds
2021-12-27T09:18:39.497+0800: 26.933: Application time: 0.0020861 seconds
2021-12-27T09:18:39.498+0800: 26.933: Application time: 0.0005935 seconds
2021-12-27T09:18:39.502+0800: 26.937: Application time: 0.0038616 seconds
2021-12-27T09:18:39.503+0800: 26.938: Application time: 0.0001473 seconds
2021-12-27T09:18:39.506+0800: 26.941: Application time: 0.0023032 seconds
2021-12-27T09:18:39.509+0800: 26.944: Application time: 0.0021419 seconds
2021-12-27T09:18:39.512+0800: 26.947: Application time: 0.0034302 seconds
2021-12-27T09:18:39.681+0800: 27.116: Application time: 0.1685218 seconds
2021-12-27T09:18:39.686+0800: 27.121: Application time: 0.0024863 seconds
2021-12-27T09:18:39.697+0800: 27.132: Application time: 0.0031162 seconds
2021-12-27T09:18:39.716+0800: 27.151: Application time: 0.0003359 seconds
2021-12-27T09:18:39.745+0800: 27.180: Application time: 0.0007618 seconds
2021-12-27T09:18:39.748+0800: 27.183: Application time: 0.0005708 seconds
2021-12-27T09:18:39.802+0800: 27.237: Application time: 0.0517668 seconds
2021-12-27T09:18:40.286+0800: 27.722: Application time: 0.4827215 seconds
2021-12-27T09:18:40.488+0800: 27.923: Application time: 0.1819756 seconds
2021-12-27T09:18:40.516+0800: 27.951: Application time: 0.0111139 seconds
{Heap before GC invocations=11 (full 0):
 par new generation   total 47936K, used 45672K [0x0000000724400000, 0x0000000727800000, 0x00000007390c0000)
  eden space 42624K, 100% used [0x0000000724400000, 0x0000000726da0000, 0x0000000726da0000)
  from space 5312K,  57% used [0x00000007272d0000, 0x00000007275ca130, 0x0000000727800000)
  to   space 5312K,   0% used [0x0000000726da0000, 0x0000000726da0000, 0x00000007272d0000)
 concurrent mark-sweep generation total 106496K, used 3475K [0x00000007390c0000, 0x000000073f8c0000, 0x00000007c0000000)
 Metaspace       used 20769K, capacity 21592K, committed 21884K, reserved 1069056K
  class space    used 2487K, capacity 2694K, committed 2764K, reserved 1048576K
2021-12-27T09:18:40.516+0800: 27.951: [GC (Allocation Failure) 2021-12-27T09:18:40.517+0800: 27.952: [ParNew: 45672K->3639K(47936K), 0.0923316 secs] 49147K->7115K(154432K), 0.0953541 secs] [Times: user=0.02 sys=0.00, real=0.09 secs] 
Heap after GC invocations=12 (full 0):
 par new generation   total 47936K, used 3639K [0x0000000724400000, 0x0000000727800000, 0x00000007390c0000)
  eden space 42624K,   0% used [0x0000000724400000, 0x0000000724400000, 0x0000000726da0000)
  from space 5312K,  68% used [0x0000000726da0000, 0x000000072712df38, 0x00000007272d0000)
  to   space 5312K,   0% used [0x00000007272d0000, 0x00000007272d0000, 0x0000000727800000)
 concurrent mark-sweep generation total 106496K, used 3475K [0x00000007390c0000, 0x000000073f8c0000, 0x00000007c0000000)
 Metaspace       used 20769K, capacity 21592K, committed 21884K, reserved 1069056K
  class space    used 2487K, capacity 2694K, committed 2764K, reserved 1048576K
}
2021-12-27T09:18:40.620+0800: 28.055: Application time: 0.0021142 seconds
{Heap before GC invocations=12 (full 0):
 par new generation   total 47936K, used 4245K [0x0000000724400000, 0x0000000727800000, 0x00000007390c0000)
  eden space 42624K,   1% used [0x0000000724400000, 0x00000007244977f8, 0x0000000726da0000)
  from space 5312K,  68% used [0x0000000726da0000, 0x000000072712df38, 0x00000007272d0000)
  to   space 5312K,   0% used [0x00000007272d0000, 0x00000007272d0000, 0x0000000727800000)
 concurrent mark-sweep generation total 106496K, used 3475K [0x00000007390c0000, 0x000000073f8c0000, 0x00000007c0000000)
 Metaspace       used 20769K, capacity 21592K, committed 21884K, reserved 1069056K
  class space    used 2487K, capacity 2694K, committed 2764K, reserved 1048576K
2021-12-27T09:18:40.627+0800: 28.062: [GC (GCLocker Initiated GC) 2021-12-27T09:18:40.627+0800: 28.062: [ParNew: 4245K->3250K(47936K), 0.0583467 secs] 7721K->7427K(154432K), 0.0591634 secs] [Times: user=0.02 sys=0.01, real=0.06 secs] 
Heap after GC invocations=13 (full 0):
 par new generation   total 47936K, used 3250K [0x0000000724400000, 0x0000000727800000, 0x00000007390c0000)
  eden space 42624K,   0% used [0x0000000724400000, 0x0000000724400000, 0x0000000726da0000)
  from space 5312K,  61% used [0x00000007272d0000, 0x00000007275fca30, 0x0000000727800000)
  to   space 5312K,   0% used [0x0000000726da0000, 0x0000000726da0000, 0x00000007272d0000)
 concurrent mark-sweep generation total 106496K, used 4176K [0x00000007390c0000, 0x000000073f8c0000, 0x00000007c0000000)
 Metaspace       used 20769K, capacity 21592K, committed 21884K, reserved 1069056K
  class space    used 2487K, capacity 2694K, committed 2764K, reserved 1048576K
}
2021-12-27T09:18:40.690+0800: 28.125: Application time: 0.0025271 seconds
2021-12-27T09:18:40.693+0800: 28.128: [GC (CMS Initial Mark) [1 CMS-initial-mark: 4176K(106496K)] 8367K(154432K), 0.0259624 secs] [Times: user=0.00 sys=0.00, real=0.03 secs] 
2021-12-27T09:18:40.720+0800: 28.155: [CMS-concurrent-mark-start]
2021-12-27T09:18:40.735+0800: 28.170: Application time: 0.0145443 seconds
2021-12-27T09:18:41.197+0800: 28.632: [CMS-concurrent-mark: 0.472/0.477 secs] [Times: user=0.08 sys=0.01, real=0.48 secs] 
2021-12-27T09:18:41.201+0800: 28.636: [CMS-concurrent-preclean-start]
2021-12-27T09:18:41.220+0800: 28.655: [CMS-concurrent-preclean: 0.019/0.019 secs] [Times: user=0.00 sys=0.00, real=0.02 secs] 
2021-12-27T09:18:41.257+0800: 28.692: [CMS-concurrent-abortable-preclean-start]
2021-12-27T09:18:41.335+0800: 28.770: Application time: 0.5967014 seconds
2021-12-27T09:18:42.080+0800: 29.515: Application time: 0.7420042 seconds
2021-12-27T09:18:42.106+0800: 29.541: Application time: 0.0226243 seconds
2021-12-27T09:18:42.107+0800: 29.542: Application time: 0.0001157 seconds
2021-12-27T09:18:42.112+0800: 29.547: Application time: 0.0047166 seconds
2021-12-27T09:18:42.831+0800: 30.266: Application time: 0.7126842 seconds
2021-12-27T09:18:42.845+0800: 30.283: Application time: 0.0107644 seconds
2021-12-27T09:18:43.343+0800: 30.778: Application time: 0.4282620 seconds
2021-12-27T09:18:43.440+0800: 30.875: Application time: 0.0939306 seconds
2021-12-27T09:18:43.446+0800: 30.881: Application time: 0.0058682 seconds
{Heap before GC invocations=13 (full 1):
 par new generation   total 47936K, used 45874K [0x0000000724400000, 0x0000000727800000, 0x00000007390c0000)
  eden space 42624K, 100% used [0x0000000724400000, 0x0000000726da0000, 0x0000000726da0000)
  from space 5312K,  61% used [0x00000007272d0000, 0x00000007275fcb10, 0x0000000727800000)
  to   space 5312K,   0% used [0x0000000726da0000, 0x0000000726da0000, 0x00000007272d0000)
 concurrent mark-sweep generation total 106496K, used 4176K [0x00000007390c0000, 0x000000073f8c0000, 0x00000007c0000000)
 Metaspace       used 22013K, capacity 22914K, committed 23212K, reserved 1069056K
  class space    used 2726K, capacity 2917K, committed 2992K, reserved 1048576K
2021-12-27T09:18:43.447+0800: 30.882: [GC (Allocation Failure) 2021-12-27T09:18:43.448+0800: 30.883: [ParNew: 45874K->3814K(47936K), 0.1328591 secs] 50051K->7991K(154432K), 0.1366656 secs] [Times: user=0.03 sys=0.01, real=0.14 secs] 
Heap after GC invocations=14 (full 1):
 par new generation   total 47936K, used 3814K [0x0000000724400000, 0x0000000727800000, 0x00000007390c0000)
  eden space 42624K,   0% used [0x0000000724400000, 0x0000000724400000, 0x0000000726da0000)
  from space 5312K,  71% used [0x0000000726da0000, 0x0000000727159a90, 0x00000007272d0000)
  to   space 5312K,   0% used [0x00000007272d0000, 0x00000007272d0000, 0x0000000727800000)
 concurrent mark-sweep generation total 106496K, used 4176K [0x00000007390c0000, 0x000000073f8c0000, 0x00000007c0000000)
 Metaspace       used 22013K, capacity 22914K, committed 23212K, reserved 1069056K
  class space    used 2726K, capacity 2917K, committed 2992K, reserved 1048576K
}
2021-12-27T09:18:43.592+0800: 31.027: Application time: 0.0060155 seconds
{Heap before GC invocations=14 (full 1):
 par new generation   total 47936K, used 4155K [0x0000000724400000, 0x0000000727800000, 0x00000007390c0000)
  eden space 42624K,   0% used [0x0000000724400000, 0x00000007244554e0, 0x0000000726da0000)
  from space 5312K,  71% used [0x0000000726da0000, 0x0000000727159a90, 0x00000007272d0000)
  to   space 5312K,   0% used [0x00000007272d0000, 0x00000007272d0000, 0x0000000727800000)
 concurrent mark-sweep generation total 106496K, used 4176K [0x00000007390c0000, 0x000000073f8c0000, 0x00000007c0000000)
 Metaspace       used 22013K, capacity 22914K, committed 23212K, reserved 1069056K
  class space    used 2726K, capacity 2917K, committed 2992K, reserved 1048576K
2021-12-27T09:18:43.633+0800: 31.068: [GC (GCLocker Initiated GC) 2021-12-27T09:18:43.633+0800: 31.068: [ParNew: 4155K->2761K(47936K), 0.0460003 secs] 8332K->6938K(154432K), 0.0468809 secs] [Times: user=0.01 sys=0.00, real=0.05 secs] 
Heap after GC invocations=15 (full 1):
 par new generation   total 47936K, used 2761K [0x0000000724400000, 0x0000000727800000, 0x00000007390c0000)
  eden space 42624K,   0% used [0x0000000724400000, 0x0000000724400000, 0x0000000726da0000)
  from space 5312K,  51% used [0x00000007272d0000, 0x00000007275827c8, 0x0000000727800000)
  to   space 5312K,   0% used [0x0000000726da0000, 0x0000000726da0000, 0x00000007272d0000)
 concurrent mark-sweep generation total 106496K, used 4176K [0x00000007390c0000, 0x000000073f8c0000, 0x00000007c0000000)
 Metaspace       used 22013K, capacity 22914K, committed 23212K, reserved 1069056K
  class space    used 2726K, capacity 2917K, committed 2992K, reserved 1048576K
}
2021-12-27T09:18:43.686+0800: 31.121: Application time: 0.0048135 seconds
2021-12-27T09:18:43.687+0800: 31.122: Application time: 0.0006253 seconds
2021-12-27T09:18:44.275+0800: 31.710: Application time: 0.5864516 seconds
2021-12-27T09:18:44.292+0800: 31.727: Application time: 0.0168486 seconds
2021-12-27T09:18:45.279+0800: 32.719: Application time: 0.9883531 seconds
2021-12-27T09:18:45.328+0800: 32.763: [CMS-concurrent-abortable-preclean: 3.670/4.071 secs] [Times: user=0.62 sys=0.10, real=4.07 secs] 
2021-12-27T09:18:45.332+0800: 32.767: Application time: 0.0384233 seconds
2021-12-27T09:18:45.381+0800: 32.816: [GC (CMS Final Remark) [YG occupancy: 29175 K (47936 K)]2021-12-27T09:18:45.381+0800: 32.816: [Rescan (parallel) , 0.0383604 secs]2021-12-27T09:18:45.420+0800: 32.855: [weak refs processing, 0.0004122 secs]2021-12-27T09:18:45.421+0800: 32.856: [class unloading, 0.0308961 secs]2021-12-27T09:18:45.465+0800: 32.900: [scrub symbol table, 0.0421538 secs]2021-12-27T09:18:45.511+0800: 32.946: [scrub string table, 0.0018698 secs][1 CMS-remark: 4176K(106496K)] 33352K(154432K), 0.1353336 secs] [Times: user=0.02 sys=0.00, real=0.14 secs] 
2021-12-27T09:18:45.517+0800: 32.952: [CMS-concurrent-sweep-start]
2021-12-27T09:18:45.549+0800: 32.984: [CMS-concurrent-sweep: 0.032/0.032 secs] [Times: user=0.02 sys=0.00, real=0.03 secs] 
2021-12-27T09:18:45.551+0800: 32.986: [CMS-concurrent-reset-start]
2021-12-27T09:18:45.638+0800: 33.073: Application time: 0.1208576 seconds
2021-12-27T09:18:46.213+0800: 33.648: [CMS-concurrent-reset: 0.652/0.662 secs] [Times: user=0.09 sys=0.03, real=0.66 secs] 
2021-12-27T09:18:46.252+0800: 33.687: Application time: 0.6055047 seconds
{Heap before GC invocations=15 (full 1):
 par new generation   total 47936K, used 45385K [0x0000000724400000, 0x0000000727800000, 0x00000007390c0000)
  eden space 42624K, 100% used [0x0000000724400000, 0x0000000726da0000, 0x0000000726da0000)
  from space 5312K,  51% used [0x00000007272d0000, 0x00000007275827c8, 0x0000000727800000)
  to   space 5312K,   0% used [0x0000000726da0000, 0x0000000726da0000, 0x00000007272d0000)
 concurrent mark-sweep generation total 106496K, used 3891K [0x00000007390c0000, 0x000000073f8c0000, 0x00000007c0000000)
 Metaspace       used 23058K, capacity 23964K, committed 24208K, reserved 1071104K
  class space    used 2891K, capacity 3113K, committed 3144K, reserved 1048576K
2021-12-27T09:18:46.253+0800: 33.688: [GC (Allocation Failure) 2021-12-27T09:18:46.268+0800: 33.703: [ParNew: 45385K->3502K(47936K), 0.0587361 secs] 49277K->7393K(154432K), 0.0771509 secs] [Times: user=0.01 sys=0.01, real=0.08 secs] 
Heap after GC invocations=16 (full 1):
 par new generation   total 47936K, used 3502K [0x0000000724400000, 0x0000000727800000, 0x00000007390c0000)
  eden space 42624K,   0% used [0x0000000724400000, 0x0000000724400000, 0x0000000726da0000)
  from space 5312K,  65% used [0x0000000726da0000, 0x000000072710b870, 0x00000007272d0000)
  to   space 5312K,   0% used [0x00000007272d0000, 0x00000007272d0000, 0x0000000727800000)
 concurrent mark-sweep generation total 106496K, used 3891K [0x00000007390c0000, 0x000000073f8c0000, 0x00000007c0000000)
 Metaspace       used 23058K, capacity 23964K, committed 24208K, reserved 1071104K
  class space    used 2891K, capacity 3113K, committed 3144K, reserved 1048576K
}
2021-12-27T09:18:46.864+0800: 34.299: Application time: 0.5336641 seconds
2021-12-27T09:18:46.910+0800: 34.345: Application time: 0.0021244 seconds
{Heap before GC invocations=16 (full 1):
 par new generation   total 47936K, used 46087K [0x0000000724400000, 0x0000000727800000, 0x00000007390c0000)
  eden space 42624K,  99% used [0x0000000724400000, 0x0000000726d96470, 0x0000000726da0000)
  from space 5312K,  65% used [0x0000000726da0000, 0x000000072710b870, 0x00000007272d0000)
  to   space 5312K,   0% used [0x00000007272d0000, 0x00000007272d0000, 0x0000000727800000)
 concurrent mark-sweep generation total 106496K, used 3891K [0x00000007390c0000, 0x000000073f8c0000, 0x00000007c0000000)
 Metaspace       used 23418K, capacity 24350K, committed 24592K, reserved 1071104K
  class space    used 2932K, capacity 3152K, committed 3272K, reserved 1048576K
2021-12-27T09:18:46.919+0800: 34.354: [GC (Allocation Failure) 2021-12-27T09:18:46.924+0800: 34.359: [ParNew: 46087K->3293K(47936K), 0.0229520 secs] 49978K->7185K(154432K), 0.0324518 secs] [Times: user=0.01 sys=0.00, real=0.03 secs] 
Heap after GC invocations=17 (full 1):
 par new generation   total 47936K, used 3293K [0x0000000724400000, 0x0000000727800000, 0x00000007390c0000)
  eden space 42624K,   0% used [0x0000000724400000, 0x0000000724400000, 0x0000000726da0000)
  from space 5312K,  62% used [0x00000007272d0000, 0x0000000727607768, 0x0000000727800000)
  to   space 5312K,   0% used [0x0000000726da0000, 0x0000000726da0000, 0x00000007272d0000)
 concurrent mark-sweep generation total 106496K, used 3891K [0x00000007390c0000, 0x000000073f8c0000, 0x00000007c0000000)
 Metaspace       used 23418K, capacity 24350K, committed 24592K, reserved 1071104K
  class space    used 2932K, capacity 3152K, committed 3272K, reserved 1048576K
}
2021-12-27T09:18:46.954+0800: 34.389: Application time: 0.0006252 seconds
2021-12-27T09:18:46.986+0800: 34.421: Application time: 0.0257888 seconds
2021-12-27T09:18:47.050+0800: 34.485: Application time: 0.0639405 seconds
2021-12-27T09:18:47.107+0800: 34.541: Application time: 0.0480327 seconds
2021-12-27T09:18:47.635+0800: 35.071: Application time: 0.5271652 seconds
2021-12-27T09:18:47.644+0800: 35.079: Application time: 0.0001472 seconds
2021-12-27T09:18:47.674+0800: 35.109: Application time: 0.0300401 seconds
2021-12-27T09:18:47.745+0800: 35.180: Application time: 0.0112275 seconds
2021-12-27T09:18:47.768+0800: 35.203: Application time: 0.0085376 seconds
2021-12-27T09:18:47.768+0800: 35.203: Application time: 0.0003554 seconds
2021-12-27T09:18:48.059+0800: 35.494: Application time: 0.2689437 seconds
2021-12-27T09:18:48.597+0800: 36.032: Application time: 0.5374440 seconds
{Heap before GC invocations=17 (full 1):
 par new generation   total 47936K, used 45917K [0x0000000724400000, 0x0000000727800000, 0x00000007390c0000)
  eden space 42624K, 100% used [0x0000000724400000, 0x0000000726da0000, 0x0000000726da0000)
  from space 5312K,  62% used [0x00000007272d0000, 0x0000000727607768, 0x0000000727800000)
  to   space 5312K,   0% used [0x0000000726da0000, 0x0000000726da0000, 0x00000007272d0000)
 concurrent mark-sweep generation total 106496K, used 3891K [0x00000007390c0000, 0x000000073f8c0000, 0x00000007c0000000)
 Metaspace       used 24268K, capacity 25332K, committed 25488K, reserved 1071104K
  class space    used 3039K, capacity 3281K, committed 3400K, reserved 1048576K
2021-12-27T09:18:48.599+0800: 36.034: [GC (Allocation Failure) 2021-12-27T09:18:48.600+0800: 36.034: [ParNew: 45917K->4627K(47936K), 0.1627140 secs] 49809K->8722K(154432K), 0.1755313 secs] [Times: user=0.03 sys=0.00, real=0.18 secs] 
Heap after GC invocations=18 (full 1):
 par new generation   total 47936K, used 4627K [0x0000000724400000, 0x0000000727800000, 0x00000007390c0000)
  eden space 42624K,   0% used [0x0000000724400000, 0x0000000724400000, 0x0000000726da0000)
  from space 5312K,  87% used [0x0000000726da0000, 0x0000000727224e50, 0x00000007272d0000)
  to   space 5312K,   0% used [0x00000007272d0000, 0x00000007272d0000, 0x0000000727800000)
 concurrent mark-sweep generation total 106496K, used 4095K [0x00000007390c0000, 0x000000073f8c0000, 0x00000007c0000000)
 Metaspace       used 24268K, capacity 25332K, committed 25488K, reserved 1071104K
  class space    used 3039K, capacity 3281K, committed 3400K, reserved 1048576K
}
2021-12-27T09:18:49.792+0800: 37.227: Application time: 1.0126079 seconds
2021-12-27T09:18:49.974+0800: 37.409: Application time: 0.1382534 seconds
{Heap before GC invocations=18 (full 1):
 par new generation   total 47936K, used 47251K [0x0000000724400000, 0x0000000727800000, 0x00000007390c0000)
  eden space 42624K, 100% used [0x0000000724400000, 0x0000000726da0000, 0x0000000726da0000)
  from space 5312K,  87% used [0x0000000726da0000, 0x0000000727224e50, 0x00000007272d0000)
  to   space 5312K,   0% used [0x00000007272d0000, 0x00000007272d0000, 0x0000000727800000)
 concurrent mark-sweep generation total 106496K, used 4095K [0x00000007390c0000, 0x000000073f8c0000, 0x00000007c0000000)
 Metaspace       used 25286K, capacity 26336K, committed 26436K, reserved 1073152K
  class space    used 3133K, capacity 3379K, committed 3400K, reserved 1048576K
2021-12-27T09:18:49.977+0800: 37.412: [GC (Allocation Failure) 2021-12-27T09:18:49.978+0800: 37.413: [ParNew: 47251K->3438K(47936K), 0.1777030 secs] 51346K->9375K(154432K), 0.2094004 secs] [Times: user=0.03 sys=0.01, real=0.21 secs] 
Heap after GC invocations=19 (full 1):
 par new generation   total 47936K, used 3438K [0x0000000724400000, 0x0000000727800000, 0x00000007390c0000)
  eden space 42624K,   0% used [0x0000000724400000, 0x0000000724400000, 0x0000000726da0000)
  from space 5312K,  64% used [0x00000007272d0000, 0x000000072762baa0, 0x0000000727800000)
  to   space 5312K,   0% used [0x0000000726da0000, 0x0000000726da0000, 0x00000007272d0000)
 concurrent mark-sweep generation total 106496K, used 5937K [0x00000007390c0000, 0x000000073f8c0000, 0x00000007c0000000)
 Metaspace       used 25286K, capacity 26336K, committed 26436K, reserved 1073152K
  class space    used 3133K, capacity 3379K, committed 3400K, reserved 1048576K
}
2021-12-27T09:18:50.947+0800: 38.382: Application time: 0.7583780 seconds
2021-12-27T09:18:51.243+0800: 38.678: Application time: 0.2918752 seconds
2021-12-27T09:18:51.817+0800: 39.252: Application time: 0.5719135 seconds
{Heap before GC invocations=19 (full 1):
 par new generation   total 47936K, used 46062K [0x0000000724400000, 0x0000000727800000, 0x00000007390c0000)
  eden space 42624K, 100% used [0x0000000724400000, 0x0000000726da0000, 0x0000000726da0000)
  from space 5312K,  64% used [0x00000007272d0000, 0x000000072762baa0, 0x0000000727800000)
  to   space 5312K,   0% used [0x0000000726da0000, 0x0000000726da0000, 0x00000007272d0000)
 concurrent mark-sweep generation total 106496K, used 5937K [0x00000007390c0000, 0x000000073f8c0000, 0x00000007c0000000)
 Metaspace       used 26351K, capacity 27360K, committed 27588K, reserved 1073152K
  class space    used 3232K, capacity 3479K, committed 3528K, reserved 1048576K
2021-12-27T09:18:51.819+0800: 39.254: [GC (Allocation Failure) 2021-12-27T09:18:51.820+0800: 39.255: [ParNew: 46062K->2552K(47936K), 0.0495718 secs] 51999K->8490K(154432K), 0.0510582 secs] [Times: user=0.01 sys=0.00, real=0.05 secs] 
Heap after GC invocations=20 (full 1):
 par new generation   total 47936K, used 2552K [0x0000000724400000, 0x0000000727800000, 0x00000007390c0000)
  eden space 42624K,   0% used [0x0000000724400000, 0x0000000724400000, 0x0000000726da0000)
  from space 5312K,  48% used [0x0000000726da0000, 0x000000072701e398, 0x00000007272d0000)
  to   space 5312K,   0% used [0x00000007272d0000, 0x00000007272d0000, 0x0000000727800000)
 concurrent mark-sweep generation total 106496K, used 5937K [0x00000007390c0000, 0x000000073f8c0000, 0x00000007c0000000)
 Metaspace       used 26351K, capacity 27360K, committed 27588K, reserved 1073152K
  class space    used 3232K, capacity 3479K, committed 3528K, reserved 1048576K
}
2021-12-27T09:18:52.888+0800: 40.323: Application time: 1.0171454 seconds
2021-12-27T09:18:53.219+0800: 40.654: Application time: 0.3006318 seconds
{Heap before GC invocations=20 (full 1):
 par new generation   total 47936K, used 45176K [0x0000000724400000, 0x0000000727800000, 0x00000007390c0000)
  eden space 42624K, 100% used [0x0000000724400000, 0x0000000726da0000, 0x0000000726da0000)
  from space 5312K,  48% used [0x0000000726da0000, 0x000000072701e398, 0x00000007272d0000)
  to   space 5312K,   0% used [0x00000007272d0000, 0x00000007272d0000, 0x0000000727800000)
 concurrent mark-sweep generation total 106496K, used 5937K [0x00000007390c0000, 0x000000073f8c0000, 0x00000007c0000000)
 Metaspace       used 27147K, capacity 28246K, committed 28484K, reserved 1075200K
  class space    used 3322K, capacity 3578K, committed 3656K, reserved 1048576K
2021-12-27T09:18:53.244+0800: 40.679: [GC (Allocation Failure) 2021-12-27T09:18:53.244+0800: 40.679: [ParNew: 45176K->3271K(47936K), 0.0885604 secs] 51114K->9208K(154432K), 0.0895604 secs] [Times: user=0.01 sys=0.00, real=0.09 secs] 
Heap after GC invocations=21 (full 1):
 par new generation   total 47936K, used 3271K [0x0000000724400000, 0x0000000727800000, 0x00000007390c0000)
  eden space 42624K,   0% used [0x0000000724400000, 0x0000000724400000, 0x0000000726da0000)
  from space 5312K,  61% used [0x00000007272d0000, 0x0000000727601c78, 0x0000000727800000)
  to   space 5312K,   0% used [0x0000000726da0000, 0x0000000726da0000, 0x00000007272d0000)
 concurrent mark-sweep generation total 106496K, used 5937K [0x00000007390c0000, 0x000000073f8c0000, 0x00000007c0000000)
 Metaspace       used 27147K, capacity 28246K, committed 28484K, reserved 1075200K
  class space    used 3322K, capacity 3578K, committed 3656K, reserved 1048576K
}
2021-12-27T09:18:53.826+0800: 41.261: Application time: 0.4917343 seconds
2021-12-27T09:18:53.984+0800: 41.419: Application time: 0.1402024 seconds
2021-12-27T09:18:53.994+0800: 41.429: Application time: 0.0028490 seconds
2021-12-27T09:18:54.234+0800: 41.669: Application time: 0.2395626 seconds
2021-12-27T09:18:54.473+0800: 41.908: Application time: 0.2324689 seconds
{Heap before GC invocations=21 (full 1):
 par new generation   total 47936K, used 45895K [0x0000000724400000, 0x0000000727800000, 0x00000007390c0000)
  eden space 42624K, 100% used [0x0000000724400000, 0x0000000726da0000, 0x0000000726da0000)
  from space 5312K,  61% used [0x00000007272d0000, 0x0000000727601c78, 0x0000000727800000)
  to   space 5312K,   0% used [0x0000000726da0000, 0x0000000726da0000, 0x00000007272d0000)
 concurrent mark-sweep generation total 106496K, used 5937K [0x00000007390c0000, 0x000000073f8c0000, 0x00000007c0000000)
 Metaspace       used 28077K, capacity 29118K, committed 29380K, reserved 1075200K
  class space    used 3447K, capacity 3694K, committed 3784K, reserved 1048576K
2021-12-27T09:18:54.481+0800: 41.916: [GC (Allocation Failure) 2021-12-27T09:18:54.482+0800: 41.917: [ParNew: 45895K->5071K(47936K), 0.1087068 secs] 51832K->11758K(154432K), 0.1108173 secs] [Times: user=0.02 sys=0.00, real=0.11 secs] 
Heap after GC invocations=22 (full 1):
 par new generation   total 47936K, used 5071K [0x0000000724400000, 0x0000000727800000, 0x00000007390c0000)
  eden space 42624K,   0% used [0x0000000724400000, 0x0000000724400000, 0x0000000726da0000)
  from space 5312K,  95% used [0x0000000726da0000, 0x0000000727293c98, 0x00000007272d0000)
  to   space 5312K,   0% used [0x00000007272d0000, 0x00000007272d0000, 0x0000000727800000)
 concurrent mark-sweep generation total 106496K, used 6687K [0x00000007390c0000, 0x000000073f8c0000, 0x00000007c0000000)
 Metaspace       used 28077K, capacity 29118K, committed 29380K, reserved 1075200K
  class space    used 3447K, capacity 3694K, committed 3784K, reserved 1048576K
}
2021-12-27T09:18:54.617+0800: 42.052: Application time: 0.0244149 seconds
2021-12-27T09:18:54.647+0800: 42.082: Application time: 0.0002243 seconds
2021-12-27T09:18:54.650+0800: 42.085: Application time: 0.0029662 seconds
2021-12-27T09:18:55.354+0800: 42.789: Application time: 0.7018185 seconds
2021-12-27T09:18:55.379+0800: 42.815: Application time: 0.0003847 seconds
2021-12-27T09:18:55.380+0800: 42.815: Application time: 0.0001946 seconds
2021-12-27T09:18:55.399+0800: 42.834: Application time: 0.0166071 seconds
2021-12-27T09:18:55.409+0800: 42.844: Application time: 0.0001279 seconds
2021-12-27T09:18:55.409+0800: 42.844: Application time: 0.0001597 seconds
2021-12-27T09:18:55.528+0800: 42.963: Application time: 0.1164161 seconds
{Heap before GC invocations=22 (full 1):
 par new generation   total 47936K, used 47693K [0x0000000724400000, 0x0000000727800000, 0x00000007390c0000)
  eden space 42624K,  99% used [0x0000000724400000, 0x0000000726d9fa10, 0x0000000726da0000)
  from space 5312K,  95% used [0x0000000726da0000, 0x0000000727293c98, 0x00000007272d0000)
  to   space 5312K,   0% used [0x00000007272d0000, 0x00000007272d0000, 0x0000000727800000)
 concurrent mark-sweep generation total 106496K, used 6687K [0x00000007390c0000, 0x000000073f8c0000, 0x00000007c0000000)
 Metaspace       used 28698K, capacity 29808K, committed 29892K, reserved 1075200K
  class space    used 3514K, capacity 3777K, committed 3784K, reserved 1048576K
2021-12-27T09:18:55.531+0800: 42.966: [GC (Allocation Failure) 2021-12-27T09:18:55.531+0800: 42.966: [ParNew: 47693K->5312K(47936K), 0.1565418 secs] 54381K->14745K(154432K), 0.1578840 secs] [Times: user=0.02 sys=0.01, real=0.16 secs] 
Heap after GC invocations=23 (full 1):
 par new generation   total 47936K, used 5312K [0x0000000724400000, 0x0000000727800000, 0x00000007390c0000)
  eden space 42624K,   0% used [0x0000000724400000, 0x0000000724400000, 0x0000000726da0000)
  from space 5312K, 100% used [0x00000007272d0000, 0x0000000727800000, 0x0000000727800000)
  to   space 5312K,   0% used [0x0000000726da0000, 0x0000000726da0000, 0x00000007272d0000)
 concurrent mark-sweep generation total 106496K, used 9433K [0x00000007390c0000, 0x000000073f8c0000, 0x00000007c0000000)
 Metaspace       used 28698K, capacity 29808K, committed 29892K, reserved 1075200K
  class space    used 3514K, capacity 3777K, committed 3784K, reserved 1048576K
}
2021-12-27T09:18:55.883+0800: 43.318: Application time: 0.1924564 seconds
2021-12-27T09:18:55.889+0800: 43.324: Application time: 0.0024133 seconds
2021-12-27T09:18:55.891+0800: 43.326: Application time: 0.0002634 seconds
2021-12-27T09:18:55.988+0800: 43.423: Application time: 0.0963507 seconds
2021-12-27T09:18:55.994+0800: 43.432: Application time: 0.0050252 seconds
{Heap before GC invocations=23 (full 1):
 par new generation   total 47936K, used 47936K [0x0000000724400000, 0x0000000727800000, 0x00000007390c0000)
  eden space 42624K, 100% used [0x0000000724400000, 0x0000000726da0000, 0x0000000726da0000)
  from space 5312K, 100% used [0x00000007272d0000, 0x0000000727800000, 0x0000000727800000)
  to   space 5312K,   0% used [0x0000000726da0000, 0x0000000726da0000, 0x00000007272d0000)
 concurrent mark-sweep generation total 106496K, used 9433K [0x00000007390c0000, 0x000000073f8c0000, 0x00000007c0000000)
 Metaspace       used 28804K, capacity 29872K, committed 29892K, reserved 1075200K
  class space    used 3527K, capacity 3777K, committed 3784K, reserved 1048576K
2021-12-27T09:18:55.998+0800: 43.433: [GC (Allocation Failure) 2021-12-27T09:18:56.001+0800: 43.436: [ParNew: 47936K->1821K(47936K), 0.0933760 secs] 57369K->11453K(154432K), 0.1052599 secs] [Times: user=0.01 sys=0.00, real=0.10 secs] 
Heap after GC invocations=24 (full 1):
 par new generation   total 47936K, used 1821K [0x0000000724400000, 0x0000000727800000, 0x00000007390c0000)
  eden space 42624K,   0% used [0x0000000724400000, 0x0000000724400000, 0x0000000726da0000)
  from space 5312K,  34% used [0x0000000726da0000, 0x0000000726f67680, 0x00000007272d0000)
  to   space 5312K,   0% used [0x00000007272d0000, 0x00000007272d0000, 0x0000000727800000)
 concurrent mark-sweep generation total 106496K, used 9631K [0x00000007390c0000, 0x000000073f8c0000, 0x00000007c0000000)
 Metaspace       used 28804K, capacity 29872K, committed 29892K, reserved 1075200K
  class space    used 3527K, capacity 3777K, committed 3784K, reserved 1048576K
}
2021-12-27T09:18:56.104+0800: 43.539: Application time: 0.0005452 seconds
2021-12-27T09:18:56.191+0800: 43.626: Application time: 0.0846952 seconds
2021-12-27T09:18:56.192+0800: 43.627: Application time: 0.0003289 seconds
2021-12-27T09:18:56.196+0800: 43.631: Application time: 0.0001164 seconds
2021-12-27T09:18:56.237+0800: 43.673: Application time: 0.0390372 seconds
2021-12-27T09:18:56.248+0800: 43.683: Application time: 0.0005409 seconds
2021-12-27T09:18:56.617+0800: 44.052: Application time: 0.3686629 seconds
2021-12-27T09:18:56.868+0800: 44.303: Application time: 0.2504410 seconds
2021-12-27T09:18:57.062+0800: 44.497: Application time: 0.1911136 seconds
2021-12-27T09:18:57.241+0800: 44.676: Application time: 0.1614326 seconds
{Heap before GC invocations=24 (full 1):
 par new generation   total 47936K, used 44445K [0x0000000724400000, 0x0000000727800000, 0x00000007390c0000)
  eden space 42624K, 100% used [0x0000000724400000, 0x0000000726da0000, 0x0000000726da0000)
  from space 5312K,  34% used [0x0000000726da0000, 0x0000000726f67680, 0x00000007272d0000)
  to   space 5312K,   0% used [0x00000007272d0000, 0x00000007272d0000, 0x0000000727800000)
 concurrent mark-sweep generation total 106496K, used 9631K [0x00000007390c0000, 0x000000073f8c0000, 0x00000007c0000000)
 Metaspace       used 29561K, capacity 30704K, committed 30788K, reserved 1077248K
  class space    used 3594K, capacity 3841K, committed 3912K, reserved 1048576K
2021-12-27T09:18:57.242+0800: 44.677: [GC (Allocation Failure) 2021-12-27T09:18:57.243+0800: 44.677: [ParNew: 44445K->4511K(47936K), 0.1579923 secs] 54077K->14143K(154432K), 0.1592494 secs] [Times: user=0.02 sys=0.00, real=0.16 secs] 
Heap after GC invocations=25 (full 1):
 par new generation   total 47936K, used 4511K [0x0000000724400000, 0x0000000727800000, 0x00000007390c0000)
  eden space 42624K,   0% used [0x0000000724400000, 0x0000000724400000, 0x0000000726da0000)
  from space 5312K,  84% used [0x00000007272d0000, 0x0000000727737ce8, 0x0000000727800000)
  to   space 5312K,   0% used [0x0000000726da0000, 0x0000000726da0000, 0x00000007272d0000)
 concurrent mark-sweep generation total 106496K, used 9631K [0x00000007390c0000, 0x000000073f8c0000, 0x00000007c0000000)
 Metaspace       used 29561K, capacity 30704K, committed 30788K, reserved 1077248K
  class space    used 3594K, capacity 3841K, committed 3912K, reserved 1048576K
}
2021-12-27T09:18:57.858+0800: 45.293: Application time: 0.4557775 seconds
2021-12-27T09:18:58.209+0800: 45.644: Application time: 0.3511865 seconds
{Heap before GC invocations=25 (full 1):
 par new generation   total 47936K, used 47135K [0x0000000724400000, 0x0000000727800000, 0x00000007390c0000)
  eden space 42624K, 100% used [0x0000000724400000, 0x0000000726da0000, 0x0000000726da0000)
  from space 5312K,  84% used [0x00000007272d0000, 0x0000000727737ce8, 0x0000000727800000)
  to   space 5312K,   0% used [0x0000000726da0000, 0x0000000726da0000, 0x00000007272d0000)
 concurrent mark-sweep generation total 106496K, used 9631K [0x00000007390c0000, 0x000000073f8c0000, 0x00000007c0000000)
 Metaspace       used 29734K, capacity 30864K, committed 31044K, reserved 1077248K
  class space    used 3618K, capacity 3873K, committed 3912K, reserved 1048576K
2021-12-27T09:18:58.211+0800: 45.646: [GC (Allocation Failure) 2021-12-27T09:18:58.213+0800: 45.648: [ParNew: 47135K->5284K(47936K), 0.1239356 secs] 56767K->15344K(154432K), 0.1401971 secs] [Times: user=0.02 sys=0.00, real=0.14 secs] 
Heap after GC invocations=26 (full 1):
 par new generation   total 47936K, used 5284K [0x0000000724400000, 0x0000000727800000, 0x00000007390c0000)
  eden space 42624K,   0% used [0x0000000724400000, 0x0000000724400000, 0x0000000726da0000)
  from space 5312K,  99% used [0x0000000726da0000, 0x00000007272c91c0, 0x00000007272d0000)
  to   space 5312K,   0% used [0x00000007272d0000, 0x00000007272d0000, 0x0000000727800000)
 concurrent mark-sweep generation total 106496K, used 10059K [0x00000007390c0000, 0x000000073f8c0000, 0x00000007c0000000)
 Metaspace       used 29734K, capacity 30864K, committed 31044K, reserved 1077248K
  class space    used 3618K, capacity 3873K, committed 3912K, reserved 1048576K
}
2021-12-27T09:18:58.648+0800: 46.083: Application time: 0.2955570 seconds
2021-12-27T09:18:58.832+0800: 46.267: Application time: 0.1830219 seconds
{Heap before GC invocations=26 (full 1):
 par new generation   total 47936K, used 47908K [0x0000000724400000, 0x0000000727800000, 0x00000007390c0000)
  eden space 42624K, 100% used [0x0000000724400000, 0x0000000726da0000, 0x0000000726da0000)
  from space 5312K,  99% used [0x0000000726da0000, 0x00000007272c91c0, 0x00000007272d0000)
  to   space 5312K,   0% used [0x00000007272d0000, 0x00000007272d0000, 0x0000000727800000)
 concurrent mark-sweep generation total 106496K, used 10059K [0x00000007390c0000, 0x000000073f8c0000, 0x00000007c0000000)
 Metaspace       used 29743K, capacity 30864K, committed 31044K, reserved 1077248K
  class space    used 3618K, capacity 3873K, committed 3912K, reserved 1048576K
2021-12-27T09:18:58.832+0800: 46.267: [GC (Allocation Failure) 2021-12-27T09:18:58.833+0800: 46.268: [ParNew: 47908K->5312K(47936K), 0.1546305 secs] 57968K->16274K(154432K), 0.1555940 secs] [Times: user=0.03 sys=0.00, real=0.16 secs] 
Heap after GC invocations=27 (full 1):
 par new generation   total 47936K, used 5312K [0x0000000724400000, 0x0000000727800000, 0x00000007390c0000)
  eden space 42624K,   0% used [0x0000000724400000, 0x0000000724400000, 0x0000000726da0000)
  from space 5312K, 100% used [0x00000007272d0000, 0x0000000727800000, 0x0000000727800000)
  to   space 5312K,   0% used [0x0000000726da0000, 0x0000000726da0000, 0x00000007272d0000)
 concurrent mark-sweep generation total 106496K, used 10962K [0x00000007390c0000, 0x000000073f8c0000, 0x00000007c0000000)
 Metaspace       used 29743K, capacity 30864K, committed 31044K, reserved 1077248K
  class space    used 3618K, capacity 3873K, committed 3912K, reserved 1048576K
}
2021-12-27T09:18:59.213+0800: 46.648: Application time: 0.2245040 seconds
2021-12-27T09:18:59.597+0800: 47.032: Application time: 0.3540139 seconds
{Heap before GC invocations=27 (full 1):
 par new generation   total 47936K, used 47936K [0x0000000724400000, 0x0000000727800000, 0x00000007390c0000)
  eden space 42624K, 100% used [0x0000000724400000, 0x0000000726da0000, 0x0000000726da0000)
  from space 5312K, 100% used [0x00000007272d0000, 0x0000000727800000, 0x0000000727800000)
  to   space 5312K,   0% used [0x0000000726da0000, 0x0000000726da0000, 0x00000007272d0000)
 concurrent mark-sweep generation total 106496K, used 10962K [0x00000007390c0000, 0x000000073f8c0000, 0x00000007c0000000)
 Metaspace       used 29758K, capacity 30864K, committed 31044K, reserved 1077248K
  class space    used 3618K, capacity 3873K, committed 3912K, reserved 1048576K
2021-12-27T09:18:59.607+0800: 47.042: [GC (Allocation Failure) 2021-12-27T09:18:59.608+0800: 47.043: [ParNew: 47936K->5312K(47936K), 0.1297736 secs] 58898K->16873K(154432K), 0.1341856 secs] [Times: user=0.02 sys=0.00, real=0.13 secs] 
Heap after GC invocations=28 (full 1):
 par new generation   total 47936K, used 5312K [0x0000000724400000, 0x0000000727800000, 0x00000007390c0000)
  eden space 42624K,   0% used [0x0000000724400000, 0x0000000724400000, 0x0000000726da0000)
  from space 5312K, 100% used [0x0000000726da0000, 0x00000007272d0000, 0x00000007272d0000)
  to   space 5312K,   0% used [0x00000007272d0000, 0x00000007272d0000, 0x0000000727800000)
 concurrent mark-sweep generation total 106496K, used 11561K [0x00000007390c0000, 0x000000073f8c0000, 0x00000007c0000000)
 Metaspace       used 29758K, capacity 30864K, committed 31044K, reserved 1077248K
  class space    used 3618K, capacity 3873K, committed 3912K, reserved 1048576K
}
2021-12-27T09:18:59.884+0800: 47.319: Application time: 0.1417063 seconds
2021-12-27T09:19:00.206+0800: 47.640: Application time: 0.3209635 seconds
2021-12-27T09:19:00.244+0800: 47.679: Application time: 0.0365524 seconds
{Heap before GC invocations=28 (full 1):
 par new generation   total 47936K, used 47936K [0x0000000724400000, 0x0000000727800000, 0x00000007390c0000)
  eden space 42624K, 100% used [0x0000000724400000, 0x0000000726da0000, 0x0000000726da0000)
  from space 5312K, 100% used [0x0000000726da0000, 0x00000007272d0000, 0x00000007272d0000)
  to   space 5312K,   0% used [0x00000007272d0000, 0x00000007272d0000, 0x0000000727800000)
 concurrent mark-sweep generation total 106496K, used 11561K [0x00000007390c0000, 0x000000073f8c0000, 0x00000007c0000000)
 Metaspace       used 29760K, capacity 30864K, committed 31044K, reserved 1077248K
  class space    used 3618K, capacity 3873K, committed 3912K, reserved 1048576K
2021-12-27T09:19:00.250+0800: 47.685: [GC (Allocation Failure) 2021-12-27T09:19:00.251+0800: 47.686: [ParNew: 47936K->5312K(47936K), 0.1537394 secs] 59497K->17752K(154432K), 0.1565885 secs] [Times: user=0.04 sys=0.00, real=0.16 secs] 
Heap after GC invocations=29 (full 1):
 par new generation   total 47936K, used 5312K [0x0000000724400000, 0x0000000727800000, 0x00000007390c0000)
  eden space 42624K,   0% used [0x0000000724400000, 0x0000000724400000, 0x0000000726da0000)
  from space 5312K, 100% used [0x00000007272d0000, 0x0000000727800000, 0x0000000727800000)
  to   space 5312K,   0% used [0x0000000726da0000, 0x0000000726da0000, 0x00000007272d0000)
 concurrent mark-sweep generation total 106496K, used 12440K [0x00000007390c0000, 0x000000073f8c0000, 0x00000007c0000000)
 Metaspace       used 29760K, capacity 30864K, committed 31044K, reserved 1077248K
  class space    used 3618K, capacity 3873K, committed 3912K, reserved 1048576K
}
2021-12-27T09:19:00.788+0800: 48.223: Application time: 0.3806857 seconds
2021-12-27T09:19:00.814+0800: 48.249: Application time: 0.0216467 seconds
{Heap before GC invocations=29 (full 1):
 par new generation   total 47936K, used 47936K [0x0000000724400000, 0x0000000727800000, 0x00000007390c0000)
  eden space 42624K, 100% used [0x0000000724400000, 0x0000000726da0000, 0x0000000726da0000)
  from space 5312K, 100% used [0x00000007272d0000, 0x0000000727800000, 0x0000000727800000)
  to   space 5312K,   0% used [0x0000000726da0000, 0x0000000726da0000, 0x00000007272d0000)
 concurrent mark-sweep generation total 106496K, used 12440K [0x00000007390c0000, 0x000000073f8c0000, 0x00000007c0000000)
 Metaspace       used 29760K, capacity 30864K, committed 31044K, reserved 1077248K
  class space    used 3618K, capacity 3873K, committed 3912K, reserved 1048576K
2021-12-27T09:19:00.815+0800: 48.250: [GC (Allocation Failure) 2021-12-27T09:19:00.815+0800: 48.250: [ParNew: 47936K->5192K(47936K), 0.1408556 secs] 60376K->17644K(154432K), 0.1426058 secs] [Times: user=0.03 sys=0.00, real=0.14 secs] 
Heap after GC invocations=30 (full 1):
 par new generation   total 47936K, used 5192K [0x0000000724400000, 0x0000000727800000, 0x00000007390c0000)
  eden space 42624K,   0% used [0x0000000724400000, 0x0000000724400000, 0x0000000726da0000)
  from space 5312K,  97% used [0x0000000726da0000, 0x00000007272b2390, 0x00000007272d0000)
  to   space 5312K,   0% used [0x00000007272d0000, 0x00000007272d0000, 0x0000000727800000)
 concurrent mark-sweep generation total 106496K, used 12451K [0x00000007390c0000, 0x000000073f8c0000, 0x00000007c0000000)
 Metaspace       used 29760K, capacity 30864K, committed 31044K, reserved 1077248K
  class space    used 3618K, capacity 3873K, committed 3912K, reserved 1048576K
}
2021-12-27T09:19:01.948+0800: 49.383: Application time: 0.9841905 seconds
{Heap before GC invocations=30 (full 1):
 par new generation   total 47936K, used 47816K [0x0000000724400000, 0x0000000727800000, 0x00000007390c0000)
  eden space 42624K, 100% used [0x0000000724400000, 0x0000000726da0000, 0x0000000726da0000)
  from space 5312K,  97% used [0x0000000726da0000, 0x00000007272b2390, 0x00000007272d0000)
  to   space 5312K,   0% used [0x00000007272d0000, 0x00000007272d0000, 0x0000000727800000)
 concurrent mark-sweep generation total 106496K, used 12451K [0x00000007390c0000, 0x000000073f8c0000, 0x00000007c0000000)
 Metaspace       used 29939K, capacity 31046K, committed 31300K, reserved 1077248K
  class space    used 3646K, capacity 3884K, committed 3912K, reserved 1048576K
2021-12-27T09:19:01.949+0800: 49.384: [GC (Allocation Failure) 2021-12-27T09:19:01.950+0800: 49.385: [ParNew: 47816K->3431K(47936K), 0.0538012 secs] 60268K->15906K(154432K), 0.0549597 secs] [Times: user=0.01 sys=0.01, real=0.06 secs] 
Heap after GC invocations=31 (full 1):
 par new generation   total 47936K, used 3431K [0x0000000724400000, 0x0000000727800000, 0x00000007390c0000)
  eden space 42624K,   0% used [0x0000000724400000, 0x0000000724400000, 0x0000000726da0000)
  from space 5312K,  64% used [0x00000007272d0000, 0x0000000727629f20, 0x0000000727800000)
  to   space 5312K,   0% used [0x0000000726da0000, 0x0000000726da0000, 0x00000007272d0000)
 concurrent mark-sweep generation total 106496K, used 12475K [0x00000007390c0000, 0x000000073f8c0000, 0x00000007c0000000)
 Metaspace       used 29939K, capacity 31046K, committed 31300K, reserved 1077248K
  class space    used 3646K, capacity 3884K, committed 3912K, reserved 1048576K
}
2021-12-27T09:19:03.070+0800: 50.507: Application time: 1.0665287 seconds
2021-12-27T09:19:03.492+0800: 50.927: Application time: 0.4199459 seconds
{Heap before GC invocations=31 (full 1):
 par new generation   total 47936K, used 46055K [0x0000000724400000, 0x0000000727800000, 0x00000007390c0000)
  eden space 42624K, 100% used [0x0000000724400000, 0x0000000726da0000, 0x0000000726da0000)
  from space 5312K,  64% used [0x00000007272d0000, 0x0000000727629f20, 0x0000000727800000)
  to   space 5312K,   0% used [0x0000000726da0000, 0x0000000726da0000, 0x00000007272d0000)
 concurrent mark-sweep generation total 106496K, used 12475K [0x00000007390c0000, 0x000000073f8c0000, 0x00000007c0000000)
 Metaspace       used 30477K, capacity 31606K, committed 31940K, reserved 1077248K
  class space    used 3710K, capacity 3956K, committed 4040K, reserved 1048576K
2021-12-27T09:19:03.496+0800: 50.931: [GC (Allocation Failure) 2021-12-27T09:19:03.496+0800: 50.931: [ParNew: 46055K->2739K(47936K), 0.0537375 secs] 58530K->16150K(154432K), 0.0552931 secs] [Times: user=0.01 sys=0.00, real=0.05 secs] 
Heap after GC invocations=32 (full 1):
 par new generation   total 47936K, used 2739K [0x0000000724400000, 0x0000000727800000, 0x00000007390c0000)
  eden space 42624K,   0% used [0x0000000724400000, 0x0000000724400000, 0x0000000726da0000)
  from space 5312K,  51% used [0x0000000726da0000, 0x000000072704cca8, 0x00000007272d0000)
  to   space 5312K,   0% used [0x00000007272d0000, 0x00000007272d0000, 0x0000000727800000)
 concurrent mark-sweep generation total 106496K, used 13411K [0x00000007390c0000, 0x000000073f8c0000, 0x00000007c0000000)
 Metaspace       used 30477K, capacity 31606K, committed 31940K, reserved 1077248K
  class space    used 3710K, capacity 3956K, committed 4040K, reserved 1048576K
}
2021-12-27T09:19:04.565+0800: 52.000: Application time: 1.0131311 seconds
2021-12-27T09:19:04.583+0800: 52.018: Application time: 0.0179417 seconds
{Heap before GC invocations=32 (full 1):
 par new generation   total 47936K, used 45363K [0x0000000724400000, 0x0000000727800000, 0x00000007390c0000)
  eden space 42624K, 100% used [0x0000000724400000, 0x0000000726da0000, 0x0000000726da0000)
  from space 5312K,  51% used [0x0000000726da0000, 0x000000072704cca8, 0x00000007272d0000)
  to   space 5312K,   0% used [0x00000007272d0000, 0x00000007272d0000, 0x0000000727800000)
 concurrent mark-sweep generation total 106496K, used 13411K [0x00000007390c0000, 0x000000073f8c0000, 0x00000007c0000000)
 Metaspace       used 30765K, capacity 31952K, committed 32196K, reserved 1077248K
  class space    used 3744K, capacity 4001K, committed 4040K, reserved 1048576K
2021-12-27T09:19:04.592+0800: 52.027: [GC (Allocation Failure) 2021-12-27T09:19:04.592+0800: 52.027: [ParNew: 45363K->2273K(47936K), 0.0616244 secs] 58774K->15685K(154432K), 0.0704622 secs] [Times: user=0.01 sys=0.00, real=0.07 secs] 
Heap after GC invocations=33 (full 1):
 par new generation   total 47936K, used 2273K [0x0000000724400000, 0x0000000727800000, 0x00000007390c0000)
  eden space 42624K,   0% used [0x0000000724400000, 0x0000000724400000, 0x0000000726da0000)
  from space 5312K,  42% used [0x00000007272d0000, 0x00000007275086e0, 0x0000000727800000)
  to   space 5312K,   0% used [0x0000000726da0000, 0x0000000726da0000, 0x00000007272d0000)
 concurrent mark-sweep generation total 106496K, used 13411K [0x00000007390c0000, 0x000000073f8c0000, 0x00000007c0000000)
 Metaspace       used 30765K, capacity 31952K, committed 32196K, reserved 1077248K
  class space    used 3744K, capacity 4001K, committed 4040K, reserved 1048576K
}
2021-12-27T09:19:05.683+0800: 53.118: Application time: 1.0195830 seconds
2021-12-27T09:19:05.974+0800: 53.409: Application time: 0.2904695 seconds
2021-12-27T09:19:06.097+0800: 53.532: Application time: 0.1043603 seconds
{Heap before GC invocations=33 (full 1):
 par new generation   total 47936K, used 44897K [0x0000000724400000, 0x0000000727800000, 0x00000007390c0000)
  eden space 42624K, 100% used [0x0000000724400000, 0x0000000726da0000, 0x0000000726da0000)
  from space 5312K,  42% used [0x00000007272d0000, 0x00000007275086e0, 0x0000000727800000)
  to   space 5312K,   0% used [0x0000000726da0000, 0x0000000726da0000, 0x00000007272d0000)
 concurrent mark-sweep generation total 106496K, used 13411K [0x00000007390c0000, 0x000000073f8c0000, 0x00000007c0000000)
 Metaspace       used 31039K, capacity 32234K, committed 32580K, reserved 1077248K
  class space    used 3775K, capacity 4040K, committed 4168K, reserved 1048576K
2021-12-27T09:19:06.098+0800: 53.533: [GC (Allocation Failure) 2021-12-27T09:19:06.098+0800: 53.533: [ParNew: 44897K->3275K(47936K), 0.0661177 secs] 58309K->16687K(154432K), 0.0727149 secs] [Times: user=0.01 sys=0.00, real=0.07 secs] 
Heap after GC invocations=34 (full 1):
 par new generation   total 47936K, used 3275K [0x0000000724400000, 0x0000000727800000, 0x00000007390c0000)
  eden space 42624K,   0% used [0x0000000724400000, 0x0000000724400000, 0x0000000726da0000)
  from space 5312K,  61% used [0x0000000726da0000, 0x00000007270d2f70, 0x00000007272d0000)
  to   space 5312K,   0% used [0x00000007272d0000, 0x00000007272d0000, 0x0000000727800000)
 concurrent mark-sweep generation total 106496K, used 13411K [0x00000007390c0000, 0x000000073f8c0000, 0x00000007c0000000)
 Metaspace       used 31039K, capacity 32234K, committed 32580K, reserved 1077248K
  class space    used 3775K, capacity 4040K, committed 4168K, reserved 1048576K
}
2021-12-27T09:19:07.079+0800: 54.536: Application time: 0.9300961 seconds
{Heap before GC invocations=34 (full 1):
 par new generation   total 47936K, used 45899K [0x0000000724400000, 0x0000000727800000, 0x00000007390c0000)
  eden space 42624K, 100% used [0x0000000724400000, 0x0000000726da0000, 0x0000000726da0000)
  from space 5312K,  61% used [0x0000000726da0000, 0x00000007270d2f70, 0x00000007272d0000)
  to   space 5312K,   0% used [0x00000007272d0000, 0x00000007272d0000, 0x0000000727800000)
 concurrent mark-sweep generation total 106496K, used 13411K [0x00000007390c0000, 0x000000073f8c0000, 0x00000007c0000000)
 Metaspace       used 31146K, capacity 32380K, committed 32580K, reserved 1077248K
  class space    used 3792K, capacity 4047K, committed 4168K, reserved 1048576K
2021-12-27T09:19:07.084+0800: 54.542: [GC (Allocation Failure) 2021-12-27T09:19:07.085+0800: 54.543: [ParNew: 45899K->3515K(47936K), 0.0416715 secs] 59311K->17489K(154432K), 0.0541602 secs] [Times: user=0.02 sys=0.00, real=0.05 secs] 
Heap after GC invocations=35 (full 1):
 par new generation   total 47936K, used 3515K [0x0000000724400000, 0x0000000727800000, 0x00000007390c0000)
  eden space 42624K,   0% used [0x0000000724400000, 0x0000000724400000, 0x0000000726da0000)
  from space 5312K,  66% used [0x00000007272d0000, 0x000000072763edc8, 0x0000000727800000)
  to   space 5312K,   0% used [0x0000000726da0000, 0x0000000726da0000, 0x00000007272d0000)
 concurrent mark-sweep generation total 106496K, used 13973K [0x00000007390c0000, 0x000000073f8c0000, 0x00000007c0000000)
 Metaspace       used 31146K, capacity 32380K, committed 32580K, reserved 1077248K
  class space    used 3792K, capacity 4047K, committed 4168K, reserved 1048576K
}
2021-12-27T09:19:07.474+0800: 54.932: Application time: 0.3334629 seconds
2021-12-27T09:19:08.334+0800: 55.792: Application time: 0.8616562 seconds
{Heap before GC invocations=35 (full 1):
 par new generation   total 47936K, used 46139K [0x0000000724400000, 0x0000000727800000, 0x00000007390c0000)
  eden space 42624K, 100% used [0x0000000724400000, 0x0000000726da0000, 0x0000000726da0000)
  from space 5312K,  66% used [0x00000007272d0000, 0x000000072763edc8, 0x0000000727800000)
  to   space 5312K,   0% used [0x0000000726da0000, 0x0000000726da0000, 0x00000007272d0000)
 concurrent mark-sweep generation total 106496K, used 13973K [0x00000007390c0000, 0x000000073f8c0000, 0x00000007c0000000)
 Metaspace       used 31415K, capacity 32662K, committed 32836K, reserved 1077248K
  class space    used 3826K, capacity 4086K, committed 4168K, reserved 1048576K
2021-12-27T09:19:08.340+0800: 55.798: [GC (Allocation Failure) 2021-12-27T09:19:08.345+0800: 55.803: [ParNew: 46139K->3172K(47936K), 0.0667391 secs] 60113K->17644K(154432K), 0.0763269 secs] [Times: user=0.02 sys=0.00, real=0.08 secs] 
Heap after GC invocations=36 (full 1):
 par new generation   total 47936K, used 3172K [0x0000000724400000, 0x0000000727800000, 0x00000007390c0000)
  eden space 42624K,   0% used [0x0000000724400000, 0x0000000724400000, 0x0000000726da0000)
  from space 5312K,  59% used [0x0000000726da0000, 0x00000007270b9208, 0x00000007272d0000)
  to   space 5312K,   0% used [0x00000007272d0000, 0x00000007272d0000, 0x0000000727800000)
 concurrent mark-sweep generation total 106496K, used 14472K [0x00000007390c0000, 0x000000073f8c0000, 0x00000007c0000000)
 Metaspace       used 31415K, capacity 32662K, committed 32836K, reserved 1077248K
  class space    used 3826K, capacity 4086K, committed 4168K, reserved 1048576K
}
2021-12-27T09:19:08.418+0800: 55.876: Application time: 0.0012452 seconds
2021-12-27T09:19:09.428+0800: 56.886: Application time: 1.0095147 seconds
2021-12-27T09:19:10.012+0800: 57.470: Application time: 0.5762025 seconds
{Heap before GC invocations=36 (full 1):
 par new generation   total 47936K, used 45796K [0x0000000724400000, 0x0000000727800000, 0x00000007390c0000)
  eden space 42624K, 100% used [0x0000000724400000, 0x0000000726da0000, 0x0000000726da0000)
  from space 5312K,  59% used [0x0000000726da0000, 0x00000007270b9208, 0x00000007272d0000)
  to   space 5312K,   0% used [0x00000007272d0000, 0x00000007272d0000, 0x0000000727800000)
 concurrent mark-sweep generation total 106496K, used 14472K [0x00000007390c0000, 0x000000073f8c0000, 0x00000007c0000000)
 Metaspace       used 32225K, capacity 33522K, committed 33732K, reserved 1079296K
  class space    used 3945K, capacity 4208K, committed 4296K, reserved 1048576K
2021-12-27T09:19:10.012+0800: 57.470: [GC (Allocation Failure) 2021-12-27T09:19:10.013+0800: 57.471: [ParNew: 45796K->2615K(47936K), 0.0535635 secs] 60268K->17367K(154432K), 0.0542071 secs] [Times: user=0.01 sys=0.00, real=0.05 secs] 
Heap after GC invocations=37 (full 1):
 par new generation   total 47936K, used 2615K [0x0000000724400000, 0x0000000727800000, 0x00000007390c0000)
  eden space 42624K,   0% used [0x0000000724400000, 0x0000000724400000, 0x0000000726da0000)
  from space 5312K,  49% used [0x00000007272d0000, 0x000000072755de70, 0x0000000727800000)
  to   space 5312K,   0% used [0x0000000726da0000, 0x0000000726da0000, 0x00000007272d0000)
 concurrent mark-sweep generation total 106496K, used 14751K [0x00000007390c0000, 0x000000073f8c0000, 0x00000007c0000000)
 Metaspace       used 32225K, capacity 33522K, committed 33732K, reserved 1079296K
  class space    used 3945K, capacity 4208K, committed 4296K, reserved 1048576K
}
2021-12-27T09:19:11.068+0800: 58.526: Application time: 1.0001589 seconds
2021-12-27T09:19:12.084+0800: 59.542: Application time: 1.0001286 seconds
2021-12-27T09:19:12.947+0800: 60.405: Application time: 0.8632955 seconds
{Heap before GC invocations=37 (full 1):
 par new generation   total 47936K, used 45239K [0x0000000724400000, 0x0000000727800000, 0x00000007390c0000)
  eden space 42624K, 100% used [0x0000000724400000, 0x0000000726da0000, 0x0000000726da0000)
  from space 5312K,  49% used [0x00000007272d0000, 0x000000072755de70, 0x0000000727800000)
  to   space 5312K,   0% used [0x0000000726da0000, 0x0000000726da0000, 0x00000007272d0000)
 concurrent mark-sweep generation total 106496K, used 14751K [0x00000007390c0000, 0x000000073f8c0000, 0x00000007c0000000)
 Metaspace       used 33186K, capacity 34566K, committed 34884K, reserved 1079296K
  class space    used 4078K, capacity 4350K, committed 4424K, reserved 1048576K
2021-12-27T09:19:12.948+0800: 60.406: [GC (Allocation Failure) 2021-12-27T09:19:12.948+0800: 60.406: [ParNew: 45239K->3839K(47936K), 0.0498101 secs] 59991K->18591K(154432K), 0.0615044 secs] [Times: user=0.02 sys=0.01, real=0.06 secs] 
Heap after GC invocations=38 (full 1):
 par new generation   total 47936K, used 3839K [0x0000000724400000, 0x0000000727800000, 0x00000007390c0000)
  eden space 42624K,   0% used [0x0000000724400000, 0x0000000724400000, 0x0000000726da0000)
  from space 5312K,  72% used [0x0000000726da0000, 0x000000072715ffb0, 0x00000007272d0000)
  to   space 5312K,   0% used [0x00000007272d0000, 0x00000007272d0000, 0x0000000727800000)
 concurrent mark-sweep generation total 106496K, used 14751K [0x00000007390c0000, 0x000000073f8c0000, 0x00000007c0000000)
 Metaspace       used 33186K, capacity 34566K, committed 34884K, reserved 1079296K
  class space    used 4078K, capacity 4350K, committed 4424K, reserved 1048576K
}
2021-12-27T09:19:14.011+0800: 61.469: Application time: 1.0001689 seconds
2021-12-27T09:19:14.262+0800: 61.720: Application time: 0.2457070 seconds
2021-12-27T09:19:14.705+0800: 62.163: Application time: 0.4425617 seconds
2021-12-27T09:19:14.866+0800: 62.324: Application time: 0.1610471 seconds
{Heap before GC invocations=38 (full 1):
 par new generation   total 47936K, used 46463K [0x0000000724400000, 0x0000000727800000, 0x00000007390c0000)
  eden space 42624K, 100% used [0x0000000724400000, 0x0000000726da0000, 0x0000000726da0000)
  from space 5312K,  72% used [0x0000000726da0000, 0x000000072715ffb0, 0x00000007272d0000)
  to   space 5312K,   0% used [0x00000007272d0000, 0x00000007272d0000, 0x0000000727800000)
 concurrent mark-sweep generation total 106496K, used 14751K [0x00000007390c0000, 0x000000073f8c0000, 0x00000007c0000000)
 Metaspace       used 33790K, capacity 35288K, committed 35524K, reserved 1081344K
  class space    used 4177K, capacity 4483K, committed 4552K, reserved 1048576K
2021-12-27T09:19:14.867+0800: 62.325: [GC (Allocation Failure) 2021-12-27T09:19:14.868+0800: 62.326: [ParNew: 46463K->2888K(47936K), 0.0713409 secs] 61215K->18574K(154432K), 0.0723883 secs] [Times: user=0.02 sys=0.01, real=0.07 secs] 
Heap after GC invocations=39 (full 1):
 par new generation   total 47936K, used 2888K [0x0000000724400000, 0x0000000727800000, 0x00000007390c0000)
  eden space 42624K,   0% used [0x0000000724400000, 0x0000000724400000, 0x0000000726da0000)
  from space 5312K,  54% used [0x00000007272d0000, 0x00000007275a22f0, 0x0000000727800000)
  to   space 5312K,   0% used [0x0000000726da0000, 0x0000000726da0000, 0x00000007272d0000)
 concurrent mark-sweep generation total 106496K, used 15685K [0x00000007390c0000, 0x000000073f8c0000, 0x00000007c0000000)
 Metaspace       used 33790K, capacity 35288K, committed 35524K, reserved 1081344K
  class space    used 4177K, capacity 4483K, committed 4552K, reserved 1048576K
}
2021-12-27T09:19:15.866+0800: 63.325: Application time: 0.9263449 seconds
{Heap before GC invocations=39 (full 1):
 par new generation   total 47936K, used 45512K [0x0000000724400000, 0x0000000727800000, 0x00000007390c0000)
  eden space 42624K, 100% used [0x0000000724400000, 0x0000000726da0000, 0x0000000726da0000)
  from space 5312K,  54% used [0x00000007272d0000, 0x00000007275a22f0, 0x0000000727800000)
  to   space 5312K,   0% used [0x0000000726da0000, 0x0000000726da0000, 0x00000007272d0000)
 concurrent mark-sweep generation total 106496K, used 15685K [0x00000007390c0000, 0x000000073f8c0000, 0x00000007c0000000)
 Metaspace       used 34563K, capacity 36036K, committed 36164K, reserved 1081344K
  class space    used 4338K, capacity 4649K, committed 4680K, reserved 1048576K
2021-12-27T09:19:15.868+0800: 63.326: [GC (Allocation Failure) 2021-12-27T09:19:15.868+0800: 63.326: [ParNew: 45512K->2747K(47936K), 0.0213367 secs] 61198K->18432K(154432K), 0.0255108 secs] [Times: user=0.01 sys=0.00, real=0.03 secs] 
Heap after GC invocations=40 (full 1):
 par new generation   total 47936K, used 2747K [0x0000000724400000, 0x0000000727800000, 0x00000007390c0000)
  eden space 42624K,   0% used [0x0000000724400000, 0x0000000724400000, 0x0000000726da0000)
  from space 5312K,  51% used [0x0000000726da0000, 0x000000072704ecf0, 0x00000007272d0000)
  to   space 5312K,   0% used [0x00000007272d0000, 0x00000007272d0000, 0x0000000727800000)
 concurrent mark-sweep generation total 106496K, used 15685K [0x00000007390c0000, 0x000000073f8c0000, 0x00000007c0000000)
 Metaspace       used 34563K, capacity 36036K, committed 36164K, reserved 1081344K
  class space    used 4338K, capacity 4649K, committed 4680K, reserved 1048576K
}
2021-12-27T09:19:16.895+0800: 64.353: Application time: 1.0002100 seconds
2021-12-27T09:19:16.949+0800: 64.407: Application time: 0.0337070 seconds
{Heap before GC invocations=40 (full 1):
 par new generation   total 47936K, used 45371K [0x0000000724400000, 0x0000000727800000, 0x00000007390c0000)
  eden space 42624K, 100% used [0x0000000724400000, 0x0000000726da0000, 0x0000000726da0000)
  from space 5312K,  51% used [0x0000000726da0000, 0x000000072704ecf0, 0x00000007272d0000)
  to   space 5312K,   0% used [0x00000007272d0000, 0x00000007272d0000, 0x0000000727800000)
 concurrent mark-sweep generation total 106496K, used 15685K [0x00000007390c0000, 0x000000073f8c0000, 0x00000007c0000000)
 Metaspace       used 34963K, capacity 36552K, committed 36804K, reserved 1081344K
  class space    used 4419K, capacity 4757K, committed 4808K, reserved 1048576K
2021-12-27T09:19:16.950+0800: 64.408: [GC (Allocation Failure) 2021-12-27T09:19:16.952+0800: 64.410: [ParNew: 45371K->5195K(47936K), 0.0776859 secs] 61056K->20881K(154432K), 0.0800997 secs] [Times: user=0.01 sys=0.00, real=0.08 secs] 
Heap after GC invocations=41 (full 1):
 par new generation   total 47936K, used 5195K [0x0000000724400000, 0x0000000727800000, 0x00000007390c0000)
  eden space 42624K,   0% used [0x0000000724400000, 0x0000000724400000, 0x0000000726da0000)
  from space 5312K,  97% used [0x00000007272d0000, 0x00000007277e2dd8, 0x0000000727800000)
  to   space 5312K,   0% used [0x0000000726da0000, 0x0000000726da0000, 0x00000007272d0000)
 concurrent mark-sweep generation total 106496K, used 15685K [0x00000007390c0000, 0x000000073f8c0000, 0x00000007c0000000)
 Metaspace       used 34963K, capacity 36552K, committed 36804K, reserved 1081344K
  class space    used 4419K, capacity 4757K, committed 4808K, reserved 1048576K
}
2021-12-27T09:19:17.485+0800: 64.943: Application time: 0.4541635 seconds
2021-12-27T09:19:18.460+0800: 65.918: Application time: 0.9742304 seconds
{Heap before GC invocations=41 (full 1):
 par new generation   total 47936K, used 47819K [0x0000000724400000, 0x0000000727800000, 0x00000007390c0000)
  eden space 42624K, 100% used [0x0000000724400000, 0x0000000726da0000, 0x0000000726da0000)
  from space 5312K,  97% used [0x00000007272d0000, 0x00000007277e2dd8, 0x0000000727800000)
  to   space 5312K,   0% used [0x0000000726da0000, 0x0000000726da0000, 0x00000007272d0000)
 concurrent mark-sweep generation total 106496K, used 15685K [0x00000007390c0000, 0x000000073f8c0000, 0x00000007c0000000)
 Metaspace       used 35373K, capacity 36962K, committed 37188K, reserved 1081344K
  class space    used 4486K, capacity 4812K, committed 4936K, reserved 1048576K
2021-12-27T09:19:18.461+0800: 65.919: [GC (Allocation Failure) 2021-12-27T09:19:18.462+0800: 65.920: [ParNew: 47819K->3179K(47936K), 0.0947835 secs] 63505K->20270K(154432K), 0.0957830 secs] [Times: user=0.02 sys=0.01, real=0.10 secs] 
Heap after GC invocations=42 (full 1):
 par new generation   total 47936K, used 3179K [0x0000000724400000, 0x0000000727800000, 0x00000007390c0000)
  eden space 42624K,   0% used [0x0000000724400000, 0x0000000724400000, 0x0000000726da0000)
  from space 5312K,  59% used [0x0000000726da0000, 0x00000007270bae70, 0x00000007272d0000)
  to   space 5312K,   0% used [0x00000007272d0000, 0x00000007272d0000, 0x0000000727800000)
 concurrent mark-sweep generation total 106496K, used 17091K [0x00000007390c0000, 0x000000073f8c0000, 0x00000007c0000000)
 Metaspace       used 35373K, capacity 36962K, committed 37188K, reserved 1081344K
  class space    used 4486K, capacity 4812K, committed 4936K, reserved 1048576K
}
2021-12-27T09:19:19.559+0800: 67.017: Application time: 1.0011497 seconds
2021-12-27T09:19:20.207+0800: 67.665: Application time: 0.6034769 seconds
{Heap before GC invocations=42 (full 1):
 par new generation   total 47936K, used 45803K [0x0000000724400000, 0x0000000727800000, 0x00000007390c0000)
  eden space 42624K, 100% used [0x0000000724400000, 0x0000000726da0000, 0x0000000726da0000)
  from space 5312K,  59% used [0x0000000726da0000, 0x00000007270bae70, 0x00000007272d0000)
  to   space 5312K,   0% used [0x00000007272d0000, 0x00000007272d0000, 0x0000000727800000)
 concurrent mark-sweep generation total 106496K, used 17091K [0x00000007390c0000, 0x000000073f8c0000, 0x00000007c0000000)
 Metaspace       used 35715K, capacity 37346K, committed 37444K, reserved 1081344K
  class space    used 4544K, capacity 4876K, committed 4936K, reserved 1048576K
2021-12-27T09:19:20.208+0800: 67.666: [GC (Allocation Failure) 2021-12-27T09:19:20.208+0800: 67.666: [ParNew: 45803K->2474K(47936K), 0.0606571 secs] 62894K->19565K(154432K), 0.0622624 secs] [Times: user=0.01 sys=0.00, real=0.06 secs] 
Heap after GC invocations=43 (full 1):
 par new generation   total 47936K, used 2474K [0x0000000724400000, 0x0000000727800000, 0x00000007390c0000)
  eden space 42624K,   0% used [0x0000000724400000, 0x0000000724400000, 0x0000000726da0000)
  from space 5312K,  46% used [0x00000007272d0000, 0x000000072753a9d0, 0x0000000727800000)
  to   space 5312K,   0% used [0x0000000726da0000, 0x0000000726da0000, 0x00000007272d0000)
 concurrent mark-sweep generation total 106496K, used 17091K [0x00000007390c0000, 0x000000073f8c0000, 0x00000007c0000000)
 Metaspace       used 35715K, capacity 37346K, committed 37444K, reserved 1081344K
  class space    used 4544K, capacity 4876K, committed 4936K, reserved 1048576K
}
2021-12-27T09:19:21.272+0800: 68.730: Application time: 1.0013241 seconds
2021-12-27T09:19:21.664+0800: 69.122: Application time: 0.3847826 seconds
{Heap before GC invocations=43 (full 1):
 par new generation   total 47936K, used 45098K [0x0000000724400000, 0x0000000727800000, 0x00000007390c0000)
  eden space 42624K, 100% used [0x0000000724400000, 0x0000000726da0000, 0x0000000726da0000)
  from space 5312K,  46% used [0x00000007272d0000, 0x000000072753a9d0, 0x0000000727800000)
  to   space 5312K,   0% used [0x0000000726da0000, 0x0000000726da0000, 0x00000007272d0000)
 concurrent mark-sweep generation total 106496K, used 17091K [0x00000007390c0000, 0x000000073f8c0000, 0x00000007c0000000)
 Metaspace       used 36343K, capacity 37966K, committed 38084K, reserved 1083392K
  class space    used 4635K, capacity 4974K, committed 5064K, reserved 1048576K
2021-12-27T09:19:21.665+0800: 69.123: [GC (Allocation Failure) 2021-12-27T09:19:21.666+0800: 69.124: [ParNew: 45098K->2617K(47936K), 0.0666974 secs] 62189K->19709K(154432K), 0.0714422 secs] [Times: user=0.02 sys=0.00, real=0.07 secs] 
Heap after GC invocations=44 (full 1):
 par new generation   total 47936K, used 2617K [0x0000000724400000, 0x0000000727800000, 0x00000007390c0000)
  eden space 42624K,   0% used [0x0000000724400000, 0x0000000724400000, 0x0000000726da0000)
  from space 5312K,  49% used [0x0000000726da0000, 0x000000072702e7b8, 0x00000007272d0000)
  to   space 5312K,   0% used [0x00000007272d0000, 0x00000007272d0000, 0x0000000727800000)
 concurrent mark-sweep generation total 106496K, used 17091K [0x00000007390c0000, 0x000000073f8c0000, 0x00000007c0000000)
 Metaspace       used 36343K, capacity 37966K, committed 38084K, reserved 1083392K
  class space    used 4635K, capacity 4974K, committed 5064K, reserved 1048576K
}
2021-12-27T09:19:21.823+0800: 69.281: Application time: 0.0818496 seconds
2021-12-27T09:19:22.675+0800: 70.133: Application time: 0.8500407 seconds
2021-12-27T09:19:22.788+0800: 70.246: Application time: 0.1123193 seconds
2021-12-27T09:19:22.807+0800: 70.265: Application time: 0.0146314 seconds
2021-12-27T09:19:23.495+0800: 70.970: Application time: 0.6983728 seconds
{Heap before GC invocations=44 (full 1):
 par new generation   total 47936K, used 45241K [0x0000000724400000, 0x0000000727800000, 0x00000007390c0000)
  eden space 42624K, 100% used [0x0000000724400000, 0x0000000726da0000, 0x0000000726da0000)
  from space 5312K,  49% used [0x0000000726da0000, 0x000000072702e7b8, 0x00000007272d0000)
  to   space 5312K,   0% used [0x00000007272d0000, 0x00000007272d0000, 0x0000000727800000)
 concurrent mark-sweep generation total 106496K, used 17091K [0x00000007390c0000, 0x000000073f8c0000, 0x00000007c0000000)
 Metaspace       used 37570K, capacity 39260K, committed 39492K, reserved 1083392K
  class space    used 4788K, capacity 5115K, committed 5192K, reserved 1048576K
2021-12-27T09:19:23.513+0800: 70.971: [GC (Allocation Failure) 2021-12-27T09:19:23.515+0800: 70.972: [ParNew: 45241K->3270K(47936K), 0.0618425 secs] 62333K->20362K(154432K), 0.0638608 secs] [Times: user=0.02 sys=0.00, real=0.06 secs] 
Heap after GC invocations=45 (full 1):
 par new generation   total 47936K, used 3270K [0x0000000724400000, 0x0000000727800000, 0x00000007390c0000)
  eden space 42624K,   0% used [0x0000000724400000, 0x0000000724400000, 0x0000000726da0000)
  from space 5312K,  61% used [0x00000007272d0000, 0x0000000727601b48, 0x0000000727800000)
  to   space 5312K,   0% used [0x0000000726da0000, 0x0000000726da0000, 0x00000007272d0000)
 concurrent mark-sweep generation total 106496K, used 17091K [0x00000007390c0000, 0x000000073f8c0000, 0x00000007c0000000)
 Metaspace       used 37570K, capacity 39260K, committed 39492K, reserved 1083392K
  class space    used 4788K, capacity 5115K, committed 5192K, reserved 1048576K
}
2021-12-27T09:19:23.644+0800: 71.102: Application time: 0.0658532 seconds
2021-12-27T09:19:23.654+0800: 71.112: Application time: 0.0006735 seconds
2021-12-27T09:19:24.635+0800: 72.093: Application time: 0.9800493 seconds
2021-12-27T09:19:24.784+0800: 72.242: Application time: 0.1492509 seconds
2021-12-27T09:19:24.868+0800: 72.330: Application time: 0.0790226 seconds
2021-12-27T09:19:24.872+0800: 72.330: Application time: 0.0000874 seconds
2021-12-27T09:19:24.872+0800: 72.330: Application time: 0.0000430 seconds
2021-12-27T09:19:24.872+0800: 72.330: Application time: 0.0000369 seconds
2021-12-27T09:19:24.872+0800: 72.330: Application time: 0.0000355 seconds
2021-12-27T09:19:24.872+0800: 72.330: Application time: 0.0000707 seconds
2021-12-27T09:19:24.872+0800: 72.330: Application time: 0.0000355 seconds
2021-12-27T09:19:24.872+0800: 72.330: Application time: 0.0000345 seconds
2021-12-27T09:19:24.872+0800: 72.330: Application time: 0.0000343 seconds
2021-12-27T09:19:24.873+0800: 72.330: Application time: 0.0000394 seconds
2021-12-27T09:19:24.873+0800: 72.331: Application time: 0.0000342 seconds
2021-12-27T09:19:25.402+0800: 72.860: Application time: 0.5298599 seconds
2021-12-27T09:19:25.590+0800: 73.048: Application time: 0.1725458 seconds
2021-12-27T09:19:25.632+0800: 73.090: [GC (CMS Initial Mark) [1 CMS-initial-mark: 17091K(106496K)] 55291K(154432K), 0.0709525 secs] [Times: user=0.02 sys=0.01, real=0.07 secs] 
2021-12-27T09:19:25.706+0800: 73.164: [CMS-concurrent-mark-start]
2021-12-27T09:19:25.977+0800: 73.435: [CMS-concurrent-mark: 0.271/0.271 secs] [Times: user=0.07 sys=0.00, real=0.27 secs] 
2021-12-27T09:19:25.996+0800: 73.454: [CMS-concurrent-preclean-start]
2021-12-27T09:19:26.025+0800: 73.483: [CMS-concurrent-preclean: 0.029/0.029 secs] [Times: user=0.00 sys=0.00, real=0.03 secs] 
2021-12-27T09:19:26.026+0800: 73.485: [CMS-concurrent-abortable-preclean-start]
2021-12-27T09:19:26.097+0800: 73.555: Application time: 0.3910291 seconds
2021-12-27T09:19:26.419+0800: 73.877: Application time: 0.3221349 seconds
{Heap before GC invocations=45 (full 2):
 par new generation   total 47936K, used 45894K [0x0000000724400000, 0x0000000727800000, 0x00000007390c0000)
  eden space 42624K, 100% used [0x0000000724400000, 0x0000000726da0000, 0x0000000726da0000)
  from space 5312K,  61% used [0x00000007272d0000, 0x0000000727601b48, 0x0000000727800000)
  to   space 5312K,   0% used [0x0000000726da0000, 0x0000000726da0000, 0x00000007272d0000)
 concurrent mark-sweep generation total 106496K, used 17091K [0x00000007390c0000, 0x000000073f8c0000, 0x00000007c0000000)
 Metaspace       used 39005K, capacity 40779K, committed 40916K, reserved 1085440K
  class space    used 4983K, capacity 5327K, committed 5396K, reserved 1048576K
2021-12-27T09:19:26.420+0800: 73.877: [GC (Allocation Failure) 2021-12-27T09:19:26.421+0800: 73.879: [ParNew: 45894K->4606K(47936K), 0.0508736 secs] 62986K->21697K(154432K), 0.0568631 secs] [Times: user=0.02 sys=0.00, real=0.06 secs] 
Heap after GC invocations=46 (full 2):
 par new generation   total 47936K, used 4606K [0x0000000724400000, 0x0000000727800000, 0x00000007390c0000)
  eden space 42624K,   0% used [0x0000000724400000, 0x0000000724400000, 0x0000000726da0000)
  from space 5312K,  86% used [0x0000000726da0000, 0x000000072721f8a0, 0x00000007272d0000)
  to   space 5312K,   0% used [0x00000007272d0000, 0x00000007272d0000, 0x0000000727800000)
 concurrent mark-sweep generation total 106496K, used 17091K [0x00000007390c0000, 0x000000073f8c0000, 0x00000007c0000000)
 Metaspace       used 39005K, capacity 40779K, committed 40916K, reserved 1085440K
  class space    used 4983K, capacity 5327K, committed 5396K, reserved 1048576K
}
2021-12-27T09:19:26.655+0800: 74.113: Application time: 0.1742892 seconds
2021-12-27T09:19:27.027+0800: 74.485: Application time: 0.3719641 seconds
2021-12-27T09:19:27.218+0800: 74.676: Application time: 0.1901216 seconds
2021-12-27T09:19:27.289+0800: 74.747: Application time: 0.0716095 seconds
2021-12-27T09:19:27.297+0800: 74.768: Application time: 0.0137810 seconds
2021-12-27T09:19:27.444+0800: 74.902: Application time: 0.1334401 seconds
2021-12-27T09:19:27.493+0800: 74.951: Application time: 0.0483134 seconds
2021-12-27T09:19:27.842+0800: 75.300: Application time: 0.3468354 seconds
2021-12-27T09:19:28.850+0800: 76.308: [CMS-concurrent-abortable-preclean: 2.424/2.823 secs] [Times: user=0.69 sys=0.06, real=2.82 secs] 
2021-12-27T09:19:28.867+0800: 76.325: Application time: 1.0248817 seconds
2021-12-27T09:19:28.920+0800: 76.378: Application time: 0.0004643 seconds
2021-12-27T09:19:28.920+0800: 76.378: [GC (CMS Final Remark) [YG occupancy: 29387 K (47936 K)]2021-12-27T09:19:28.921+0800: 76.379: [Rescan (parallel) , 0.0655051 secs]2021-12-27T09:19:28.987+0800: 76.445: [weak refs processing, 0.0006464 secs]2021-12-27T09:19:28.988+0800: 76.446: [class unloading, 0.0646011 secs]2021-12-27T09:19:29.055+0800: 76.513: [scrub symbol table, 0.0617045 secs]2021-12-27T09:19:29.119+0800: 76.577: [scrub string table, 0.0047781 secs][1 CMS-remark: 17091K(106496K)] 46479K(154432K), 0.2208543 secs] [Times: user=0.04 sys=0.00, real=0.23 secs] 
2021-12-27T09:19:29.174+0800: 76.632: [CMS-concurrent-sweep-start]
2021-12-27T09:19:29.283+0800: 76.741: [CMS-concurrent-sweep: 0.109/0.109 secs] [Times: user=0.03 sys=0.01, real=0.11 secs] 
2021-12-27T09:19:29.284+0800: 76.742: [CMS-concurrent-reset-start]
2021-12-27T09:19:29.299+0800: 76.757: [CMS-concurrent-reset: 0.015/0.015 secs] [Times: user=0.00 sys=0.00, real=0.01 secs] 
2021-12-27T09:19:29.457+0800: 76.915: Application time: 0.3147451 seconds
2021-12-27T09:19:29.816+0800: 77.274: Application time: 0.3583937 seconds
{Heap before GC invocations=46 (full 2):
 par new generation   total 47936K, used 47230K [0x0000000724400000, 0x0000000727800000, 0x00000007390c0000)
  eden space 42624K, 100% used [0x0000000724400000, 0x0000000726da0000, 0x0000000726da0000)
  from space 5312K,  86% used [0x0000000726da0000, 0x000000072721f8a0, 0x00000007272d0000)
  to   space 5312K,   0% used [0x00000007272d0000, 0x00000007272d0000, 0x0000000727800000)
 concurrent mark-sweep generation total 106496K, used 11207K [0x00000007390c0000, 0x000000073f8c0000, 0x00000007c0000000)
 Metaspace       used 40442K, capacity 42191K, committed 42512K, reserved 1085440K
  class space    used 5185K, capacity 5506K, committed 5652K, reserved 1048576K
2021-12-27T09:19:29.816+0800: 77.274: [GC (Allocation Failure) 2021-12-27T09:19:29.822+0800: 77.280: [ParNew: 47230K->4961K(47936K), 0.1100100 secs] 58437K->17250K(154432K), 0.1162645 secs] [Times: user=0.02 sys=0.00, real=0.12 secs] 
Heap after GC invocations=47 (full 2):
 par new generation   total 47936K, used 4961K [0x0000000724400000, 0x0000000727800000, 0x00000007390c0000)
  eden space 42624K,   0% used [0x0000000724400000, 0x0000000724400000, 0x0000000726da0000)
  from space 5312K,  93% used [0x00000007272d0000, 0x00000007277a85c0, 0x0000000727800000)
  to   space 5312K,   0% used [0x0000000726da0000, 0x0000000726da0000, 0x00000007272d0000)
 concurrent mark-sweep generation total 106496K, used 12289K [0x00000007390c0000, 0x000000073f8c0000, 0x00000007c0000000)
 Metaspace       used 40442K, capacity 42191K, committed 42512K, reserved 1085440K
  class space    used 5185K, capacity 5506K, committed 5652K, reserved 1048576K
}
2021-12-27T09:19:30.935+0800: 78.393: Application time: 1.0013007 seconds
2021-12-27T09:19:31.937+0800: 79.395: Application time: 1.0008650 seconds
2021-12-27T09:19:32.507+0800: 79.965: Application time: 0.5696299 seconds
2021-12-27T09:19:32.715+0800: 80.173: Application time: 0.2077325 seconds
{Heap before GC invocations=47 (full 2):
 par new generation   total 47936K, used 47585K [0x0000000724400000, 0x0000000727800000, 0x00000007390c0000)
  eden space 42624K, 100% used [0x0000000724400000, 0x0000000726da0000, 0x0000000726da0000)
  from space 5312K,  93% used [0x00000007272d0000, 0x00000007277a85c0, 0x0000000727800000)
  to   space 5312K,   0% used [0x0000000726da0000, 0x0000000726da0000, 0x00000007272d0000)
 concurrent mark-sweep generation total 106496K, used 12289K [0x00000007390c0000, 0x000000073f8c0000, 0x00000007c0000000)
 Metaspace       used 42815K, capacity 45045K, committed 45328K, reserved 1089536K
  class space    used 5481K, capacity 5879K, committed 5908K, reserved 1048576K
2021-12-27T09:19:32.717+0800: 80.174: [GC (Allocation Failure) 2021-12-27T09:19:32.719+0800: 80.177: [ParNew: 47585K->4651K(47936K), 0.0962568 secs] 59874K->17643K(154432K), 0.0989746 secs] [Times: user=0.02 sys=0.00, real=0.10 secs] 
Heap after GC invocations=48 (full 2):
 par new generation   total 47936K, used 4651K [0x0000000724400000, 0x0000000727800000, 0x00000007390c0000)
  eden space 42624K,   0% used [0x0000000724400000, 0x0000000724400000, 0x0000000726da0000)
  from space 5312K,  87% used [0x0000000726da0000, 0x000000072722af88, 0x00000007272d0000)
  to   space 5312K,   0% used [0x00000007272d0000, 0x00000007272d0000, 0x0000000727800000)
 concurrent mark-sweep generation total 106496K, used 12991K [0x00000007390c0000, 0x000000073f8c0000, 0x00000007c0000000)
 Metaspace       used 42815K, capacity 45045K, committed 45328K, reserved 1089536K
  class space    used 5481K, capacity 5879K, committed 5908K, reserved 1048576K
}
2021-12-27T09:19:33.036+0800: 80.494: Application time: 0.2198196 seconds
2021-12-27T09:19:33.257+0800: 80.714: Application time: 0.2137330 seconds
2021-12-27T09:19:33.257+0800: 80.715: Application time: 0.0004450 seconds
2021-12-27T09:19:34.259+0800: 81.717: Application time: 1.0015967 seconds
2021-12-27T09:19:34.404+0800: 81.863: Application time: 0.1096396 seconds
2021-12-27T09:19:34.662+0800: 82.120: Application time: 0.2502582 seconds
{Heap before GC invocations=48 (full 2):
 par new generation   total 47936K, used 47275K [0x0000000724400000, 0x0000000727800000, 0x00000007390c0000)
  eden space 42624K, 100% used [0x0000000724400000, 0x0000000726da0000, 0x0000000726da0000)
  from space 5312K,  87% used [0x0000000726da0000, 0x000000072722af88, 0x00000007272d0000)
  to   space 5312K,   0% used [0x00000007272d0000, 0x00000007272d0000, 0x0000000727800000)
 concurrent mark-sweep generation total 106496K, used 12991K [0x00000007390c0000, 0x000000073f8c0000, 0x00000007c0000000)
 Metaspace       used 44149K, capacity 46419K, committed 46608K, reserved 1089536K
  class space    used 5628K, capacity 6054K, committed 6164K, reserved 1048576K
2021-12-27T09:19:34.662+0800: 82.120: [GC (Allocation Failure) 2021-12-27T09:19:34.666+0800: 82.124: [ParNew: 47275K->4333K(47936K), 0.1330388 secs] 60267K->18991K(154432K), 0.1373379 secs] [Times: user=0.02 sys=0.01, real=0.13 secs] 
Heap after GC invocations=49 (full 2):
 par new generation   total 47936K, used 4333K [0x0000000724400000, 0x0000000727800000, 0x00000007390c0000)
  eden space 42624K,   0% used [0x0000000724400000, 0x0000000724400000, 0x0000000726da0000)
  from space 5312K,  81% used [0x00000007272d0000, 0x000000072770b7e0, 0x0000000727800000)
  to   space 5312K,   0% used [0x0000000726da0000, 0x0000000726da0000, 0x00000007272d0000)
 concurrent mark-sweep generation total 106496K, used 14658K [0x00000007390c0000, 0x000000073f8c0000, 0x00000007c0000000)
 Metaspace       used 44149K, capacity 46419K, committed 46608K, reserved 1089536K
  class space    used 5628K, capacity 6054K, committed 6164K, reserved 1048576K
}
2021-12-27T09:19:35.497+0800: 82.955: Application time: 0.6960585 seconds
2021-12-27T09:19:35.721+0800: 83.179: Application time: 0.2217314 seconds
{Heap before GC invocations=49 (full 2):
 par new generation   total 47936K, used 46917K [0x0000000724400000, 0x0000000727800000, 0x00000007390c0000)
  eden space 42624K,  99% used [0x0000000724400000, 0x0000000726d95f50, 0x0000000726da0000)
  from space 5312K,  81% used [0x00000007272d0000, 0x000000072770b7e0, 0x0000000727800000)
  to   space 5312K,   0% used [0x0000000726da0000, 0x0000000726da0000, 0x00000007272d0000)
 concurrent mark-sweep generation total 106496K, used 14658K [0x00000007390c0000, 0x000000073f8c0000, 0x00000007c0000000)
 Metaspace       used 44445K, capacity 46747K, committed 46864K, reserved 1089536K
  class space    used 5668K, capacity 6074K, committed 6164K, reserved 1048576K
2021-12-27T09:19:35.732+0800: 83.190: [GC (Allocation Failure) 2021-12-27T09:19:35.737+0800: 83.195: [ParNew: 46917K->3396K(47936K), 0.0659755 secs] 61575K->19421K(154432K), 0.0709346 secs] [Times: user=0.03 sys=0.00, real=0.07 secs] 
Heap after GC invocations=50 (full 2):
 par new generation   total 47936K, used 3396K [0x0000000724400000, 0x0000000727800000, 0x00000007390c0000)
  eden space 42624K,   0% used [0x0000000724400000, 0x0000000724400000, 0x0000000726da0000)
  from space 5312K,  63% used [0x0000000726da0000, 0x00000007270f12b8, 0x00000007272d0000)
  to   space 5312K,   0% used [0x00000007272d0000, 0x00000007272d0000, 0x0000000727800000)
 concurrent mark-sweep generation total 106496K, used 16024K [0x00000007390c0000, 0x000000073f8c0000, 0x00000007c0000000)
 Metaspace       used 44445K, capacity 46747K, committed 46864K, reserved 1089536K
  class space    used 5668K, capacity 6074K, committed 6164K, reserved 1048576K
}
2021-12-27T09:19:36.805+0800: 84.263: Application time: 1.0005157 seconds
2021-12-27T09:19:37.396+0800: 84.877: Application time: 0.6074551 seconds
2021-12-27T09:19:37.605+0800: 85.086: Application time: 0.2077138 seconds
2021-12-27T09:19:38.001+0800: 85.482: Application time: 0.3772197 seconds
{Heap before GC invocations=50 (full 2):
 par new generation   total 47936K, used 46020K [0x0000000724400000, 0x0000000727800000, 0x00000007390c0000)
  eden space 42624K, 100% used [0x0000000724400000, 0x0000000726da0000, 0x0000000726da0000)
  from space 5312K,  63% used [0x0000000726da0000, 0x00000007270f12b8, 0x00000007272d0000)
  to   space 5312K,   0% used [0x00000007272d0000, 0x00000007272d0000, 0x0000000727800000)
 concurrent mark-sweep generation total 106496K, used 16024K [0x00000007390c0000, 0x000000073f8c0000, 0x00000007c0000000)
 Metaspace       used 46887K, capacity 49213K, committed 49424K, reserved 1091584K
  class space    used 5937K, capacity 6349K, committed 6420K, reserved 1048576K
2021-12-27T09:19:38.002+0800: 85.483: [GC (Allocation Failure) 2021-12-27T09:19:38.002+0800: 85.483: [ParNew: 46020K->3914K(47936K), 0.0959339 secs] 62045K->19939K(154432K), 0.0979696 secs] [Times: user=0.02 sys=0.00, real=0.10 secs] 
Heap after GC invocations=51 (full 2):
 par new generation   total 47936K, used 3914K [0x0000000724400000, 0x0000000727800000, 0x00000007390c0000)
  eden space 42624K,   0% used [0x0000000724400000, 0x0000000724400000, 0x0000000726da0000)
  from space 5312K,  73% used [0x00000007272d0000, 0x00000007276a2968, 0x0000000727800000)
  to   space 5312K,   0% used [0x0000000726da0000, 0x0000000726da0000, 0x00000007272d0000)
 concurrent mark-sweep generation total 106496K, used 16024K [0x00000007390c0000, 0x000000073f8c0000, 0x00000007c0000000)
 Metaspace       used 46887K, capacity 49213K, committed 49424K, reserved 1091584K
  class space    used 5937K, capacity 6349K, committed 6420K, reserved 1048576K
}
2021-12-27T09:19:38.160+0800: 85.641: Application time: 0.0593230 seconds
2021-12-27T09:19:38.256+0800: 85.737: Application time: 0.0948669 seconds
2021-12-27T09:19:38.345+0800: 85.826: Application time: 0.0884814 seconds
2021-12-27T09:19:38.451+0800: 85.932: Application time: 0.1051236 seconds
2021-12-27T09:19:39.025+0800: 86.507: Application time: 0.5752853 seconds
2021-12-27T09:19:39.031+0800: 86.512: Application time: 0.0033948 seconds
2021-12-27T09:19:39.334+0800: 86.815: Application time: 0.2988303 seconds
2021-12-27T09:19:39.432+0800: 86.913: Application time: 0.0965280 seconds
2021-12-27T09:19:39.448+0800: 86.929: Application time: 0.0139625 seconds
2021-12-27T09:19:39.613+0800: 87.094: Application time: 0.1650509 seconds
2021-12-27T09:19:39.886+0800: 87.367: Application time: 0.2725851 seconds
2021-12-27T09:19:39.891+0800: 87.372: Application time: 0.0051407 seconds
2021-12-27T09:19:39.897+0800: 87.378: Application time: 0.0057174 seconds
2021-12-27T09:19:39.907+0800: 87.388: Application time: 0.0058922 seconds
2021-12-27T09:19:39.956+0800: 87.437: Application time: 0.0148603 seconds
2021-12-27T09:19:39.989+0800: 87.470: Application time: 0.0000805 seconds
2021-12-27T09:19:39.989+0800: 87.470: Application time: 0.0000246 seconds
2021-12-27T09:19:39.989+0800: 87.470: Application time: 0.0000180 seconds
2021-12-27T09:19:39.989+0800: 87.470: Application time: 0.0005530 seconds
2021-12-27T09:19:39.990+0800: 87.471: Application time: 0.0002990 seconds
2021-12-27T09:19:39.990+0800: 87.471: Application time: 0.0000487 seconds
2021-12-27T09:19:39.992+0800: 87.473: Application time: 0.0016406 seconds
2021-12-27T09:19:39.992+0800: 87.473: Application time: 0.0001194 seconds
2021-12-27T09:19:39.992+0800: 87.473: Application time: 0.0001204 seconds
2021-12-27T09:19:39.992+0800: 87.473: Application time: 0.0000461 seconds
2021-12-27T09:19:39.992+0800: 87.473: Application time: 0.0000497 seconds
2021-12-27T09:19:40.015+0800: 87.497: Application time: 0.0231370 seconds
2021-12-27T09:19:40.019+0800: 87.500: Application time: 0.0030714 seconds
2021-12-27T09:19:40.019+0800: 87.500: Application time: 0.0001028 seconds
2021-12-27T09:19:40.712+0800: 88.193: Application time: 0.6927683 seconds
{Heap before GC invocations=51 (full 2):
 par new generation   total 47936K, used 46538K [0x0000000724400000, 0x0000000727800000, 0x00000007390c0000)
  eden space 42624K, 100% used [0x0000000724400000, 0x0000000726da0000, 0x0000000726da0000)
  from space 5312K,  73% used [0x00000007272d0000, 0x00000007276a2968, 0x0000000727800000)
  to   space 5312K,   0% used [0x0000000726da0000, 0x0000000726da0000, 0x00000007272d0000)
 concurrent mark-sweep generation total 106496K, used 16024K [0x00000007390c0000, 0x000000073f8c0000, 0x00000007c0000000)
 Metaspace       used 50575K, capacity 53009K, committed 53136K, reserved 1095680K
  class space    used 6288K, capacity 6727K, committed 6804K, reserved 1048576K
2021-12-27T09:19:40.717+0800: 88.198: [GC (Allocation Failure) 2021-12-27T09:19:40.718+0800: 88.199: [ParNew: 46538K->5312K(47936K), 0.0956296 secs] 62563K->23018K(154432K), 0.1040707 secs] [Times: user=0.02 sys=0.00, real=0.11 secs] 
Heap after GC invocations=52 (full 2):
 par new generation   total 47936K, used 5312K [0x0000000724400000, 0x0000000727800000, 0x00000007390c0000)
  eden space 42624K,   0% used [0x0000000724400000, 0x0000000724400000, 0x0000000726da0000)
  from space 5312K, 100% used [0x0000000726da0000, 0x00000007272d0000, 0x00000007272d0000)
  to   space 5312K,   0% used [0x00000007272d0000, 0x00000007272d0000, 0x0000000727800000)
 concurrent mark-sweep generation total 106496K, used 17706K [0x00000007390c0000, 0x000000073f8c0000, 0x00000007c0000000)
 Metaspace       used 50575K, capacity 53009K, committed 53136K, reserved 1095680K
  class space    used 6288K, capacity 6727K, committed 6804K, reserved 1048576K
}
2021-12-27T09:19:40.822+0800: 88.304: Application time: 0.0003347 seconds
2021-12-27T09:19:40.823+0800: 88.304: Application time: 0.0000719 seconds
2021-12-27T09:19:40.830+0800: 88.311: Application time: 0.0020108 seconds
2021-12-27T09:19:41.728+0800: 89.209: Application time: 0.8953977 seconds
{Heap before GC invocations=52 (full 2):
 par new generation   total 47936K, used 47936K [0x0000000724400000, 0x0000000727800000, 0x00000007390c0000)
  eden space 42624K, 100% used [0x0000000724400000, 0x0000000726da0000, 0x0000000726da0000)
  from space 5312K, 100% used [0x0000000726da0000, 0x00000007272d0000, 0x00000007272d0000)
  to   space 5312K,   0% used [0x00000007272d0000, 0x00000007272d0000, 0x0000000727800000)
 concurrent mark-sweep generation total 106496K, used 17706K [0x00000007390c0000, 0x000000073f8c0000, 0x00000007c0000000)
 Metaspace       used 51436K, capacity 53841K, committed 54032K, reserved 1095680K
  class space    used 6394K, capacity 6829K, committed 6932K, reserved 1048576K
2021-12-27T09:19:41.729+0800: 89.210: [GC (Allocation Failure) 2021-12-27T09:19:41.729+0800: 89.210: [ParNew: 47936K->5178K(47936K), 0.0963313 secs] 65642K->27375K(154432K), 0.0975258 secs] [Times: user=0.02 sys=0.00, real=0.09 secs] 
Heap after GC invocations=53 (full 2):
 par new generation   total 47936K, used 5178K [0x0000000724400000, 0x0000000727800000, 0x00000007390c0000)
  eden space 42624K,   0% used [0x0000000724400000, 0x0000000724400000, 0x0000000726da0000)
  from space 5312K,  97% used [0x00000007272d0000, 0x00000007277de9e8, 0x0000000727800000)
  to   space 5312K,   0% used [0x0000000726da0000, 0x0000000726da0000, 0x00000007272d0000)
 concurrent mark-sweep generation total 106496K, used 22197K [0x00000007390c0000, 0x000000073f8c0000, 0x00000007c0000000)
 Metaspace       used 51436K, capacity 53841K, committed 54032K, reserved 1095680K
  class space    used 6394K, capacity 6829K, committed 6932K, reserved 1048576K
}
2021-12-27T09:19:42.351+0800: 89.833: Application time: 0.5244991 seconds
{Heap before GC invocations=53 (full 2):
 par new generation   total 47936K, used 47802K [0x0000000724400000, 0x0000000727800000, 0x00000007390c0000)
  eden space 42624K, 100% used [0x0000000724400000, 0x0000000726da0000, 0x0000000726da0000)
  from space 5312K,  97% used [0x00000007272d0000, 0x00000007277de9e8, 0x0000000727800000)
  to   space 5312K,   0% used [0x0000000726da0000, 0x0000000726da0000, 0x00000007272d0000)
 concurrent mark-sweep generation total 106496K, used 22197K [0x00000007390c0000, 0x000000073f8c0000, 0x00000007c0000000)
 Metaspace       used 52051K, capacity 54515K, committed 54672K, reserved 1097728K
  class space    used 6504K, capacity 6990K, committed 7060K, reserved 1048576K
2021-12-27T09:19:42.352+0800: 89.833: [GC (Allocation Failure) 2021-12-27T09:19:42.353+0800: 89.834: [ParNew: 47802K->1937K(47936K), 0.0108299 secs] 69999K->24135K(154432K), 0.0130235 secs] [Times: user=0.00 sys=0.00, real=0.02 secs] 
Heap after GC invocations=54 (full 2):
 par new generation   total 47936K, used 1937K [0x0000000724400000, 0x0000000727800000, 0x00000007390c0000)
  eden space 42624K,   0% used [0x0000000724400000, 0x0000000724400000, 0x0000000726da0000)
  from space 5312K,  36% used [0x0000000726da0000, 0x0000000726f847f8, 0x00000007272d0000)
  to   space 5312K,   0% used [0x00000007272d0000, 0x00000007272d0000, 0x0000000727800000)
 concurrent mark-sweep generation total 106496K, used 22197K [0x00000007390c0000, 0x000000073f8c0000, 0x00000007c0000000)
 Metaspace       used 52051K, capacity 54515K, committed 54672K, reserved 1097728K
  class space    used 6504K, capacity 6990K, committed 7060K, reserved 1048576K
}
2021-12-27T09:19:42.847+0800: 90.328: Application time: 0.4763407 seconds
{Heap before GC invocations=54 (full 2):
 par new generation   total 47936K, used 44561K [0x0000000724400000, 0x0000000727800000, 0x00000007390c0000)
  eden space 42624K, 100% used [0x0000000724400000, 0x0000000726da0000, 0x0000000726da0000)
  from space 5312K,  36% used [0x0000000726da0000, 0x0000000726f847f8, 0x00000007272d0000)
  to   space 5312K,   0% used [0x00000007272d0000, 0x00000007272d0000, 0x0000000727800000)
 concurrent mark-sweep generation total 106496K, used 22197K [0x00000007390c0000, 0x000000073f8c0000, 0x00000007c0000000)
 Metaspace       used 52533K, capacity 54995K, committed 55312K, reserved 1097728K
  class space    used 6607K, capacity 7086K, committed 7188K, reserved 1048576K
2021-12-27T09:19:42.849+0800: 90.330: [GC (Allocation Failure) 2021-12-27T09:19:42.849+0800: 90.330: [ParNew: 44561K->1450K(47936K), 0.0347337 secs] 66759K->23647K(154432K), 0.0359456 secs] [Times: user=0.01 sys=0.00, real=0.03 secs] 
Heap after GC invocations=55 (full 2):
 par new generation   total 47936K, used 1450K [0x0000000724400000, 0x0000000727800000, 0x00000007390c0000)
  eden space 42624K,   0% used [0x0000000724400000, 0x0000000724400000, 0x0000000726da0000)
  from space 5312K,  27% used [0x00000007272d0000, 0x000000072743a868, 0x0000000727800000)
  to   space 5312K,   0% used [0x0000000726da0000, 0x0000000726da0000, 0x00000007272d0000)
 concurrent mark-sweep generation total 106496K, used 22197K [0x00000007390c0000, 0x000000073f8c0000, 0x00000007c0000000)
 Metaspace       used 52533K, capacity 54995K, committed 55312K, reserved 1097728K
  class space    used 6607K, capacity 7086K, committed 7188K, reserved 1048576K
}
2021-12-27T09:19:43.623+0800: 91.104: Application time: 0.7372434 seconds
{Heap before GC invocations=55 (full 2):
 par new generation   total 47936K, used 44074K [0x0000000724400000, 0x0000000727800000, 0x00000007390c0000)
  eden space 42624K, 100% used [0x0000000724400000, 0x0000000726da0000, 0x0000000726da0000)
  from space 5312K,  27% used [0x00000007272d0000, 0x000000072743a868, 0x0000000727800000)
  to   space 5312K,   0% used [0x0000000726da0000, 0x0000000726da0000, 0x00000007272d0000)
 concurrent mark-sweep generation total 106496K, used 22197K [0x00000007390c0000, 0x000000073f8c0000, 0x00000007c0000000)
 Metaspace       used 54081K, capacity 56591K, committed 56848K, reserved 1099776K
  class space    used 6923K, capacity 7394K, committed 7444K, reserved 1048576K
2021-12-27T09:19:43.624+0800: 91.105: [GC (Allocation Failure) 2021-12-27T09:19:43.624+0800: 91.105: [ParNew: 44074K->1900K(47936K), 0.0200290 secs] 66271K->24097K(154432K), 0.0211402 secs] [Times: user=0.01 sys=0.00, real=0.02 secs] 
Heap after GC invocations=56 (full 2):
 par new generation   total 47936K, used 1900K [0x0000000724400000, 0x0000000727800000, 0x00000007390c0000)
  eden space 42624K,   0% used [0x0000000724400000, 0x0000000724400000, 0x0000000726da0000)
  from space 5312K,  35% used [0x0000000726da0000, 0x0000000726f7b030, 0x00000007272d0000)
  to   space 5312K,   0% used [0x00000007272d0000, 0x00000007272d0000, 0x0000000727800000)
 concurrent mark-sweep generation total 106496K, used 22197K [0x00000007390c0000, 0x000000073f8c0000, 0x00000007c0000000)
 Metaspace       used 54081K, capacity 56591K, committed 56848K, reserved 1099776K
  class space    used 6923K, capacity 7394K, committed 7444K, reserved 1048576K
}
2021-12-27T09:19:43.718+0800: 91.199: Application time: 0.0717630 seconds
2021-12-27T09:19:44.418+0800: 91.899: Application time: 0.7005876 seconds
{Heap before GC invocations=56 (full 2):
 par new generation   total 47936K, used 44524K [0x0000000724400000, 0x0000000727800000, 0x00000007390c0000)
  eden space 42624K, 100% used [0x0000000724400000, 0x0000000726da0000, 0x0000000726da0000)
  from space 5312K,  35% used [0x0000000726da0000, 0x0000000726f7b030, 0x00000007272d0000)
  to   space 5312K,   0% used [0x00000007272d0000, 0x00000007272d0000, 0x0000000727800000)
 concurrent mark-sweep generation total 106496K, used 22197K [0x00000007390c0000, 0x000000073f8c0000, 0x00000007c0000000)
 Metaspace       used 55910K, capacity 58447K, committed 58640K, reserved 1099776K
  class space    used 7226K, capacity 7690K, committed 7700K, reserved 1048576K
2021-12-27T09:19:44.419+0800: 91.900: [GC (Allocation Failure) 2021-12-27T09:19:44.419+0800: 91.900: [ParNew: 44524K->2319K(47936K), 0.0359835 secs] 66721K->24517K(154432K), 0.0370710 secs] [Times: user=0.01 sys=0.00, real=0.03 secs] 
Heap after GC invocations=57 (full 2):
 par new generation   total 47936K, used 2319K [0x0000000724400000, 0x0000000727800000, 0x00000007390c0000)
  eden space 42624K,   0% used [0x0000000724400000, 0x0000000724400000, 0x0000000726da0000)
  from space 5312K,  43% used [0x00000007272d0000, 0x0000000727513fb8, 0x0000000727800000)
  to   space 5312K,   0% used [0x0000000726da0000, 0x0000000726da0000, 0x00000007272d0000)
 concurrent mark-sweep generation total 106496K, used 22197K [0x00000007390c0000, 0x000000073f8c0000, 0x00000007c0000000)
 Metaspace       used 55910K, capacity 58447K, committed 58640K, reserved 1099776K
  class space    used 7226K, capacity 7690K, committed 7700K, reserved 1048576K
}
2021-12-27T09:19:44.923+0800: 92.404: Application time: 0.4662805 seconds
2021-12-27T09:19:45.012+0800: 92.493: Application time: 0.0801168 seconds
2021-12-27T09:19:45.770+0800: 93.251: Application time: 0.7572133 seconds
{Heap before GC invocations=57 (full 2):
 par new generation   total 47936K, used 44943K [0x0000000724400000, 0x0000000727800000, 0x00000007390c0000)
  eden space 42624K, 100% used [0x0000000724400000, 0x0000000726da0000, 0x0000000726da0000)
  from space 5312K,  43% used [0x00000007272d0000, 0x0000000727513fb8, 0x0000000727800000)
  to   space 5312K,   0% used [0x0000000726da0000, 0x0000000726da0000, 0x00000007272d0000)
 concurrent mark-sweep generation total 106496K, used 22197K [0x00000007390c0000, 0x000000073f8c0000, 0x00000007c0000000)
 Metaspace       used 57740K, capacity 60259K, committed 60432K, reserved 1101824K
  class space    used 7447K, capacity 7924K, committed 7956K, reserved 1048576K
2021-12-27T09:19:45.771+0800: 93.252: [GC (Allocation Failure) 2021-12-27T09:19:45.772+0800: 93.253: [ParNew: 44943K->2892K(47936K), 0.0414565 secs] 67141K->25090K(154432K), 0.0424889 secs] [Times: user=0.02 sys=0.00, real=0.04 secs] 
Heap after GC invocations=58 (full 2):
 par new generation   total 47936K, used 2892K [0x0000000724400000, 0x0000000727800000, 0x00000007390c0000)
  eden space 42624K,   0% used [0x0000000724400000, 0x0000000724400000, 0x0000000726da0000)
  from space 5312K,  54% used [0x0000000726da0000, 0x00000007270733a8, 0x00000007272d0000)
  to   space 5312K,   0% used [0x00000007272d0000, 0x00000007272d0000, 0x0000000727800000)
 concurrent mark-sweep generation total 106496K, used 22197K [0x00000007390c0000, 0x000000073f8c0000, 0x00000007c0000000)
 Metaspace       used 57740K, capacity 60259K, committed 60432K, reserved 1101824K
  class space    used 7447K, capacity 7924K, committed 7956K, reserved 1048576K
}
2021-12-27T09:19:46.270+0800: 93.751: Application time: 0.4557126 seconds
2021-12-27T09:19:46.414+0800: 93.895: Application time: 0.1346569 seconds
2021-12-27T09:19:46.423+0800: 93.904: Application time: 0.0088890 seconds
2021-12-27T09:19:46.514+0800: 93.995: Application time: 0.0913049 seconds
2021-12-27T09:19:46.630+0800: 94.112: Application time: 0.1169478 seconds
2021-12-27T09:19:46.638+0800: 94.119: Application time: 0.0067843 seconds
2021-12-27T09:19:46.730+0800: 94.211: Application time: 0.0917898 seconds
2021-12-27T09:19:46.741+0800: 94.222: Application time: 0.0112425 seconds
2021-12-27T09:19:47.132+0800: 94.613: Application time: 0.3906933 seconds
{Heap before GC invocations=58 (full 2):
 par new generation   total 47936K, used 45516K [0x0000000724400000, 0x0000000727800000, 0x00000007390c0000)
  eden space 42624K, 100% used [0x0000000724400000, 0x0000000726da0000, 0x0000000726da0000)
  from space 5312K,  54% used [0x0000000726da0000, 0x00000007270733a8, 0x00000007272d0000)
  to   space 5312K,   0% used [0x00000007272d0000, 0x00000007272d0000, 0x0000000727800000)
 concurrent mark-sweep generation total 106496K, used 22197K [0x00000007390c0000, 0x000000073f8c0000, 0x00000007c0000000)
 Metaspace       used 59067K, capacity 61639K, committed 61968K, reserved 1103872K
  class space    used 7630K, capacity 8098K, committed 8212K, reserved 1048576K
2021-12-27T09:19:47.133+0800: 94.614: [GC (Allocation Failure) 2021-12-27T09:19:47.133+0800: 94.614: [ParNew: 45516K->3021K(47936K), 0.0555276 secs] 67714K->25218K(154432K), 0.0583458 secs] [Times: user=0.02 sys=0.00, real=0.06 secs] 
Heap after GC invocations=59 (full 2):
 par new generation   total 47936K, used 3021K [0x0000000724400000, 0x0000000727800000, 0x00000007390c0000)
  eden space 42624K,   0% used [0x0000000724400000, 0x0000000724400000, 0x0000000726da0000)
  from space 5312K,  56% used [0x00000007272d0000, 0x00000007275c34e0, 0x0000000727800000)
  to   space 5312K,   0% used [0x0000000726da0000, 0x0000000726da0000, 0x00000007272d0000)
 concurrent mark-sweep generation total 106496K, used 22197K [0x00000007390c0000, 0x000000073f8c0000, 0x00000007c0000000)
 Metaspace       used 59067K, capacity 61639K, committed 61968K, reserved 1103872K
  class space    used 7630K, capacity 8098K, committed 8212K, reserved 1048576K
}
2021-12-27T09:19:47.198+0800: 94.679: Application time: 0.0033639 seconds
2021-12-27T09:19:47.235+0800: 94.716: Application time: 0.0364228 seconds
2021-12-27T09:19:47.255+0800: 94.736: Application time: 0.0148993 seconds
2021-12-27T09:19:48.240+0800: 95.721: Application time: 0.9850839 seconds
{Heap before GC invocations=59 (full 2):
 par new generation   total 47936K, used 45645K [0x0000000724400000, 0x0000000727800000, 0x00000007390c0000)
  eden space 42624K, 100% used [0x0000000724400000, 0x0000000726da0000, 0x0000000726da0000)
  from space 5312K,  56% used [0x00000007272d0000, 0x00000007275c34e0, 0x0000000727800000)
  to   space 5312K,   0% used [0x0000000726da0000, 0x0000000726da0000, 0x00000007272d0000)
 concurrent mark-sweep generation total 106496K, used 22197K [0x00000007390c0000, 0x000000073f8c0000, 0x00000007c0000000)
 Metaspace       used 60427K, capacity 63103K, committed 63376K, reserved 1103872K
  class space    used 7819K, capacity 8302K, committed 8340K, reserved 1048576K
2021-12-27T09:19:48.241+0800: 95.722: [GC (Allocation Failure) 2021-12-27T09:19:48.242+0800: 95.723: [ParNew: 45645K->3742K(47936K), 0.0824415 secs] 67842K->26445K(154432K), 0.0878298 secs] [Times: user=0.03 sys=0.01, real=0.09 secs] 
Heap after GC invocations=60 (full 2):
 par new generation   total 47936K, used 3742K [0x0000000724400000, 0x0000000727800000, 0x00000007390c0000)
  eden space 42624K,   0% used [0x0000000724400000, 0x0000000724400000, 0x0000000726da0000)
  from space 5312K,  70% used [0x0000000726da0000, 0x0000000727147980, 0x00000007272d0000)
  to   space 5312K,   0% used [0x00000007272d0000, 0x00000007272d0000, 0x0000000727800000)
 concurrent mark-sweep generation total 106496K, used 22702K [0x00000007390c0000, 0x000000073f8c0000, 0x00000007c0000000)
 Metaspace       used 60427K, capacity 63103K, committed 63376K, reserved 1103872K
  class space    used 7819K, capacity 8302K, committed 8340K, reserved 1048576K
}
2021-12-27T09:19:48.954+0800: 96.436: Application time: 0.6193448 seconds
{Heap before GC invocations=60 (full 2):
 par new generation   total 47936K, used 46366K [0x0000000724400000, 0x0000000727800000, 0x00000007390c0000)
  eden space 42624K, 100% used [0x0000000724400000, 0x0000000726da0000, 0x0000000726da0000)
  from space 5312K,  70% used [0x0000000726da0000, 0x0000000727147980, 0x00000007272d0000)
  to   space 5312K,   0% used [0x00000007272d0000, 0x00000007272d0000, 0x0000000727800000)
 concurrent mark-sweep generation total 106496K, used 22702K [0x00000007390c0000, 0x000000073f8c0000, 0x00000007c0000000)
 Metaspace       used 60966K, capacity 63621K, committed 63760K, reserved 1103872K
  class space    used 7957K, capacity 8431K, committed 8468K, reserved 1048576K
2021-12-27T09:19:48.969+0800: 96.450: [GC (Allocation Failure) 2021-12-27T09:19:48.972+0800: 96.453: [ParNew: 46366K->3063K(47936K), 0.0503308 secs] 69069K->25766K(154432K), 0.0539814 secs] [Times: user=0.01 sys=0.00, real=0.05 secs] 
Heap after GC invocations=61 (full 2):
 par new generation   total 47936K, used 3063K [0x0000000724400000, 0x0000000727800000, 0x00000007390c0000)
  eden space 42624K,   0% used [0x0000000724400000, 0x0000000724400000, 0x0000000726da0000)
  from space 5312K,  57% used [0x00000007272d0000, 0x00000007275cdd50, 0x0000000727800000)
  to   space 5312K,   0% used [0x0000000726da0000, 0x0000000726da0000, 0x00000007272d0000)
 concurrent mark-sweep generation total 106496K, used 22702K [0x00000007390c0000, 0x000000073f8c0000, 0x00000007c0000000)
 Metaspace       used 60966K, capacity 63621K, committed 63760K, reserved 1103872K
  class space    used 7957K, capacity 8431K, committed 8468K, reserved 1048576K
}
2021-12-27T09:19:49.661+0800: 97.142: Application time: 0.6372719 seconds
{Heap before GC invocations=61 (full 2):
 par new generation   total 47936K, used 45687K [0x0000000724400000, 0x0000000727800000, 0x00000007390c0000)
  eden space 42624K, 100% used [0x0000000724400000, 0x0000000726da0000, 0x0000000726da0000)
  from space 5312K,  57% used [0x00000007272d0000, 0x00000007275cdd50, 0x0000000727800000)
  to   space 5312K,   0% used [0x0000000726da0000, 0x0000000726da0000, 0x00000007272d0000)
 concurrent mark-sweep generation total 106496K, used 22702K [0x00000007390c0000, 0x000000073f8c0000, 0x00000007c0000000)
 Metaspace       used 61576K, capacity 64229K, committed 64400K, reserved 1105920K
  class space    used 8054K, capacity 8527K, committed 8596K, reserved 1048576K
2021-12-27T09:19:49.662+0800: 97.143: [GC (Allocation Failure) 2021-12-27T09:19:49.662+0800: 97.143: [ParNew: 45687K->2988K(47936K), 0.0403998 secs] 68390K->25691K(154432K), 0.0414769 secs] [Times: user=0.02 sys=0.00, real=0.04 secs] 
Heap after GC invocations=62 (full 2):
 par new generation   total 47936K, used 2988K [0x0000000724400000, 0x0000000727800000, 0x00000007390c0000)
  eden space 42624K,   0% used [0x0000000724400000, 0x0000000724400000, 0x0000000726da0000)
  from space 5312K,  56% used [0x0000000726da0000, 0x000000072708b388, 0x00000007272d0000)
  to   space 5312K,   0% used [0x00000007272d0000, 0x00000007272d0000, 0x0000000727800000)
 concurrent mark-sweep generation total 106496K, used 22702K [0x00000007390c0000, 0x000000073f8c0000, 0x00000007c0000000)
 Metaspace       used 61576K, capacity 64229K, committed 64400K, reserved 1105920K
  class space    used 8054K, capacity 8527K, committed 8596K, reserved 1048576K
}
2021-12-27T09:19:50.585+0800: 98.066: Application time: 0.8807546 seconds
2021-12-27T09:19:51.014+0800: 98.495: Application time: 0.4285121 seconds
{Heap before GC invocations=62 (full 2):
 par new generation   total 47936K, used 45612K [0x0000000724400000, 0x0000000727800000, 0x00000007390c0000)
  eden space 42624K, 100% used [0x0000000724400000, 0x0000000726da0000, 0x0000000726da0000)
  from space 5312K,  56% used [0x0000000726da0000, 0x000000072708b388, 0x00000007272d0000)
  to   space 5312K,   0% used [0x00000007272d0000, 0x00000007272d0000, 0x0000000727800000)
 concurrent mark-sweep generation total 106496K, used 22702K [0x00000007390c0000, 0x000000073f8c0000, 0x00000007c0000000)
 Metaspace       used 62292K, capacity 64957K, committed 65296K, reserved 1105920K
  class space    used 8154K, capacity 8659K, committed 8724K, reserved 1048576K
2021-12-27T09:19:51.015+0800: 98.496: [GC (Allocation Failure) 2021-12-27T09:19:51.015+0800: 98.496: [ParNew: 45612K->3267K(47936K), 0.0393005 secs] 68315K->26052K(154432K), 0.0404389 secs] [Times: user=0.02 sys=0.00, real=0.04 secs] 
Heap after GC invocations=63 (full 2):
 par new generation   total 47936K, used 3267K [0x0000000724400000, 0x0000000727800000, 0x00000007390c0000)
  eden space 42624K,   0% used [0x0000000724400000, 0x0000000724400000, 0x0000000726da0000)
  from space 5312K,  61% used [0x00000007272d0000, 0x0000000727600da8, 0x0000000727800000)
  to   space 5312K,   0% used [0x0000000726da0000, 0x0000000726da0000, 0x00000007272d0000)
 concurrent mark-sweep generation total 106496K, used 22784K [0x00000007390c0000, 0x000000073f8c0000, 0x00000007c0000000)
 Metaspace       used 62292K, capacity 64957K, committed 65296K, reserved 1105920K
  class space    used 8154K, capacity 8659K, committed 8724K, reserved 1048576K
}
2021-12-27T09:19:51.316+0800: 98.797: Application time: 0.2599703 seconds
2021-12-27T09:19:52.316+0800: 99.798: Application time: 1.0001803 seconds
2021-12-27T09:19:52.338+0800: 99.819: Application time: 0.0134527 seconds
{Heap before GC invocations=63 (full 2):
 par new generation   total 47936K, used 45891K [0x0000000724400000, 0x0000000727800000, 0x00000007390c0000)
  eden space 42624K, 100% used [0x0000000724400000, 0x0000000726da0000, 0x0000000726da0000)
  from space 5312K,  61% used [0x00000007272d0000, 0x0000000727600da8, 0x0000000727800000)
  to   space 5312K,   0% used [0x0000000726da0000, 0x0000000726da0000, 0x00000007272d0000)
 concurrent mark-sweep generation total 106496K, used 22784K [0x00000007390c0000, 0x000000073f8c0000, 0x00000007c0000000)
 Metaspace       used 63382K, capacity 66029K, committed 66192K, reserved 1105920K
  class space    used 8286K, capacity 8799K, committed 8852K, reserved 1048576K
2021-12-27T09:19:52.340+0800: 99.821: [GC (Allocation Failure) 2021-12-27T09:19:52.341+0800: 99.822: [ParNew: 45891K->4147K(47936K), 0.0401941 secs] 68676K->27022K(154432K), 0.0412899 secs] [Times: user=0.02 sys=0.00, real=0.04 secs] 
Heap after GC invocations=64 (full 2):
 par new generation   total 47936K, used 4147K [0x0000000724400000, 0x0000000727800000, 0x00000007390c0000)
  eden space 42624K,   0% used [0x0000000724400000, 0x0000000724400000, 0x0000000726da0000)
  from space 5312K,  78% used [0x0000000726da0000, 0x00000007271aceb8, 0x00000007272d0000)
  to   space 5312K,   0% used [0x00000007272d0000, 0x00000007272d0000, 0x0000000727800000)
 concurrent mark-sweep generation total 106496K, used 22874K [0x00000007390c0000, 0x000000073f8c0000, 0x00000007c0000000)
 Metaspace       used 63382K, capacity 66029K, committed 66192K, reserved 1105920K
  class space    used 8286K, capacity 8799K, committed 8852K, reserved 1048576K
}
2021-12-27T09:19:53.384+0800: 100.865: Application time: 1.0020533 seconds
2021-12-27T09:19:53.677+0800: 101.158: Application time: 0.2814590 seconds
{Heap before GC invocations=64 (full 2):
 par new generation   total 47936K, used 46771K [0x0000000724400000, 0x0000000727800000, 0x00000007390c0000)
  eden space 42624K, 100% used [0x0000000724400000, 0x0000000726da0000, 0x0000000726da0000)
  from space 5312K,  78% used [0x0000000726da0000, 0x00000007271aceb8, 0x00000007272d0000)
  to   space 5312K,   0% used [0x00000007272d0000, 0x00000007272d0000, 0x0000000727800000)
 concurrent mark-sweep generation total 106496K, used 22874K [0x00000007390c0000, 0x000000073f8c0000, 0x00000007c0000000)
 Metaspace       used 64964K, capacity 67661K, committed 67856K, reserved 1107968K
  class space    used 8479K, capacity 8975K, committed 8980K, reserved 1048576K
2021-12-27T09:19:53.682+0800: 101.163: [GC (Allocation Failure) 2021-12-27T09:19:53.686+0800: 101.167: [ParNew: 46771K->4267K(47936K), 0.0767075 secs] 69646K->27374K(154432K), 0.0811990 secs] [Times: user=0.03 sys=0.00, real=0.08 secs] 
Heap after GC invocations=65 (full 2):
 par new generation   total 47936K, used 4267K [0x0000000724400000, 0x0000000727800000, 0x00000007390c0000)
  eden space 42624K,   0% used [0x0000000724400000, 0x0000000724400000, 0x0000000726da0000)
  from space 5312K,  80% used [0x00000007272d0000, 0x00000007276fae90, 0x0000000727800000)
  to   space 5312K,   0% used [0x0000000726da0000, 0x0000000726da0000, 0x00000007272d0000)
 concurrent mark-sweep generation total 106496K, used 23106K [0x00000007390c0000, 0x000000073f8c0000, 0x00000007c0000000)
 Metaspace       used 64964K, capacity 67661K, committed 67856K, reserved 1107968K
  class space    used 8479K, capacity 8975K, committed 8980K, reserved 1048576K
}
2021-12-27T09:19:54.611+0800: 102.092: Application time: 0.8473452 seconds
2021-12-27T09:19:55.548+0800: 103.029: Application time: 0.9359522 seconds
{Heap before GC invocations=65 (full 2):
 par new generation   total 47936K, used 46891K [0x0000000724400000, 0x0000000727800000, 0x00000007390c0000)
  eden space 42624K, 100% used [0x0000000724400000, 0x0000000726da0000, 0x0000000726da0000)
  from space 5312K,  80% used [0x00000007272d0000, 0x00000007276fae90, 0x0000000727800000)
  to   space 5312K,   0% used [0x0000000726da0000, 0x0000000726da0000, 0x00000007272d0000)
 concurrent mark-sweep generation total 106496K, used 23106K [0x00000007390c0000, 0x000000073f8c0000, 0x00000007c0000000)
 Metaspace       used 66971K, capacity 70193K, committed 70280K, reserved 1110016K
  class space    used 8775K, capacity 9329K, committed 9364K, reserved 1048576K
2021-12-27T09:19:55.549+0800: 103.030: [GC (Allocation Failure) 2021-12-27T09:19:55.549+0800: 103.030: [ParNew: 46891K->4051K(47936K), 0.0777280 secs] 69998K->27986K(154432K), 0.0789157 secs] [Times: user=0.02 sys=0.00, real=0.07 secs] 
Heap after GC invocations=66 (full 2):
 par new generation   total 47936K, used 4051K [0x0000000724400000, 0x0000000727800000, 0x00000007390c0000)
  eden space 42624K,   0% used [0x0000000724400000, 0x0000000724400000, 0x0000000726da0000)
  from space 5312K,  76% used [0x0000000726da0000, 0x0000000727194f38, 0x00000007272d0000)
  to   space 5312K,   0% used [0x00000007272d0000, 0x00000007272d0000, 0x0000000727800000)
 concurrent mark-sweep generation total 106496K, used 23934K [0x00000007390c0000, 0x000000073f8c0000, 0x00000007c0000000)
 Metaspace       used 66971K, capacity 70193K, committed 70280K, reserved 1110016K
  class space    used 8775K, capacity 9329K, committed 9364K, reserved 1048576K
}
2021-12-27T09:19:55.632+0800: 103.113: Application time: 0.0036734 seconds
2021-12-27T09:19:55.812+0800: 103.293: Application time: 0.1772229 seconds
2021-12-27T09:19:56.104+0800: 103.585: Application time: 0.2911030 seconds
2021-12-27T09:19:56.470+0800: 103.951: Application time: 0.3664837 seconds
2021-12-27T09:19:56.733+0800: 104.215: Application time: 0.2633012 seconds
2021-12-27T09:19:56.776+0800: 104.257: Application time: 0.0422931 seconds
2021-12-27T09:19:56.823+0800: 104.304: Application time: 0.0465091 seconds
2021-12-27T09:19:56.970+0800: 104.451: Application time: 0.1340793 seconds
2021-12-27T09:19:57.107+0800: 104.588: Application time: 0.1370106 seconds
{Heap before GC invocations=66 (full 2):
 par new generation   total 47936K, used 46675K [0x0000000724400000, 0x0000000727800000, 0x00000007390c0000)
  eden space 42624K, 100% used [0x0000000724400000, 0x0000000726da0000, 0x0000000726da0000)
  from space 5312K,  76% used [0x0000000726da0000, 0x0000000727194f38, 0x00000007272d0000)
  to   space 5312K,   0% used [0x00000007272d0000, 0x00000007272d0000, 0x0000000727800000)
 concurrent mark-sweep generation total 106496K, used 23934K [0x00000007390c0000, 0x000000073f8c0000, 0x00000007c0000000)
 Metaspace       used 68863K, capacity 72127K, committed 72272K, reserved 1112064K
  class space    used 9035K, capacity 9600K, committed 9644K, reserved 1048576K
2021-12-27T09:19:57.108+0800: 104.589: [GC (Allocation Failure) 2021-12-27T09:19:57.108+0800: 104.589: [ParNew: 46675K->4720K(47936K), 0.0871191 secs] 70610K->29538K(154432K), 0.0880347 secs] [Times: user=0.03 sys=0.00, real=0.08 secs] 
Heap after GC invocations=67 (full 2):
 par new generation   total 47936K, used 4720K [0x0000000724400000, 0x0000000727800000, 0x00000007390c0000)
  eden space 42624K,   0% used [0x0000000724400000, 0x0000000724400000, 0x0000000726da0000)
  from space 5312K,  88% used [0x00000007272d0000, 0x000000072776c340, 0x0000000727800000)
  to   space 5312K,   0% used [0x0000000726da0000, 0x0000000726da0000, 0x00000007272d0000)
 concurrent mark-sweep generation total 106496K, used 24818K [0x00000007390c0000, 0x000000073f8c0000, 0x00000007c0000000)
 Metaspace       used 68863K, capacity 72127K, committed 72272K, reserved 1112064K
  class space    used 9035K, capacity 9600K, committed 9644K, reserved 1048576K
}
2021-12-27T09:19:57.203+0800: 104.684: Application time: 0.0062995 seconds
2021-12-27T09:19:57.229+0800: 104.710: [GC (CMS Initial Mark) [1 CMS-initial-mark: 24818K(106496K)] 31237K(154432K), 0.0146135 secs] [Times: user=0.01 sys=0.00, real=0.01 secs] 
2021-12-27T09:19:57.245+0800: 104.726: [CMS-concurrent-mark-start]
2021-12-27T09:19:57.349+0800: 104.830: Application time: 0.1048351 seconds
2021-12-27T09:19:57.620+0800: 105.101: [CMS-concurrent-mark: 0.364/0.375 secs] [Times: user=0.11 sys=0.00, real=0.38 secs] 
2021-12-27T09:19:57.621+0800: 105.102: [CMS-concurrent-preclean-start]
2021-12-27T09:19:57.631+0800: 105.112: [CMS-concurrent-preclean: 0.010/0.010 secs] [Times: user=0.01 sys=0.00, real=0.01 secs] 
2021-12-27T09:19:57.636+0800: 105.117: Application time: 0.2867431 seconds
2021-12-27T09:19:57.637+0800: 105.118: [CMS-concurrent-abortable-preclean-start]
2021-12-27T09:19:57.807+0800: 105.288: Application time: 0.1711093 seconds
2021-12-27T09:19:57.847+0800: 105.328: Application time: 0.0397908 seconds
2021-12-27T09:19:58.878+0800: 106.359: Application time: 1.0186645 seconds
2021-12-27T09:19:59.011+0800: 106.492: Application time: 0.1164332 seconds
2021-12-27T09:19:59.435+0800: 106.916: Application time: 0.4237493 seconds
2021-12-27T09:19:59.599+0800: 107.080: Application time: 0.1639298 seconds
2021-12-27T09:20:00.380+0800: 107.861: Application time: 0.7808089 seconds
{Heap before GC invocations=67 (full 3):
 par new generation   total 47936K, used 47344K [0x0000000724400000, 0x0000000727800000, 0x00000007390c0000)
  eden space 42624K, 100% used [0x0000000724400000, 0x0000000726da0000, 0x0000000726da0000)
  from space 5312K,  88% used [0x00000007272d0000, 0x000000072776c340, 0x0000000727800000)
  to   space 5312K,   0% used [0x0000000726da0000, 0x0000000726da0000, 0x00000007272d0000)
 concurrent mark-sweep generation total 106496K, used 24818K [0x00000007390c0000, 0x000000073f8c0000, 0x00000007c0000000)
 Metaspace       used 70503K, capacity 73866K, committed 73932K, reserved 1114112K
  class space    used 9235K, capacity 9796K, committed 9848K, reserved 1048576K
2021-12-27T09:20:00.381+0800: 107.862: [GC (Allocation Failure) 2021-12-27T09:20:00.382+0800: 107.863: [ParNew: 47344K->4364K(47936K), 0.1012710 secs] 72162K->29648K(154432K), 0.1023155 secs] [Times: user=0.03 sys=0.00, real=0.10 secs] 
Heap after GC invocations=68 (full 3):
 par new generation   total 47936K, used 4364K [0x0000000724400000, 0x0000000727800000, 0x00000007390c0000)
  eden space 42624K,   0% used [0x0000000724400000, 0x0000000724400000, 0x0000000726da0000)
  from space 5312K,  82% used [0x0000000726da0000, 0x00000007271e3368, 0x00000007272d0000)
  to   space 5312K,   0% used [0x00000007272d0000, 0x00000007272d0000, 0x0000000727800000)
 concurrent mark-sweep generation total 106496K, used 25283K [0x00000007390c0000, 0x000000073f8c0000, 0x00000007c0000000)
 Metaspace       used 70503K, capacity 73866K, committed 73932K, reserved 1114112K
  class space    used 9235K, capacity 9796K, committed 9848K, reserved 1048576K
}
2021-12-27T09:20:00.562+0800: 108.043: Application time: 0.0768034 seconds
2021-12-27T09:20:00.858+0800: 108.339: Application time: 0.2962102 seconds
2021-12-27T09:20:00.903+0800: 108.384: Application time: 0.0002243 seconds
2021-12-27T09:20:00.904+0800: 108.385: Application time: 0.0008519 seconds
2021-12-27T09:20:00.916+0800: 108.398: Application time: 0.0022446 seconds
2021-12-27T09:20:00.922+0800: 108.403: Application time: 0.0011776 seconds
2021-12-27T09:20:00.923+0800: 108.404: Application time: 0.0002820 seconds
2021-12-27T09:20:00.924+0800: 108.405: Application time: 0.0010158 seconds
2021-12-27T09:20:00.935+0800: 108.416: Application time: 0.0109977 seconds
2021-12-27T09:20:00.977+0800: 108.458: Application time: 0.0029712 seconds
2021-12-27T09:20:00.980+0800: 108.461: Application time: 0.0023094 seconds
2021-12-27T09:20:00.982+0800: 108.463: Application time: 0.0011734 seconds
2021-12-27T09:20:01.015+0800: 108.496: Application time: 0.0099049 seconds
2021-12-27T09:20:01.057+0800: 108.538: Application time: 0.0417781 seconds
2021-12-27T09:20:01.336+0800: 108.817: Application time: 0.2780612 seconds
2021-12-27T09:20:01.534+0800: 109.015: Application time: 0.1980503 seconds
2021-12-27T09:20:02.116+0800: 109.597: Application time: 0.5815090 seconds
2021-12-27T09:20:02.206+0800: 109.687: Application time: 0.0895442 seconds
2021-12-27T09:20:02.210+0800: 109.691: [CMS-concurrent-abortable-preclean: 3.893/4.573 secs] [Times: user=1.29 sys=0.08, real=4.58 secs] 
2021-12-27T09:20:02.211+0800: 109.692: Application time: 0.0009734 seconds
2021-12-27T09:20:02.213+0800: 109.694: [GC (CMS Final Remark) [YG occupancy: 28624 K (47936 K)]2021-12-27T09:20:02.214+0800: 109.695: [Rescan (parallel) , 0.0813723 secs]2021-12-27T09:20:02.296+0800: 109.777: [weak refs processing, 0.0019027 secs]2021-12-27T09:20:02.302+0800: 109.783: [class unloading, 0.1921501 secs]2021-12-27T09:20:02.497+0800: 109.978: [scrub symbol table, 0.2329480 secs]2021-12-27T09:20:02.738+0800: 110.219: [scrub string table, 0.0038335 secs][1 CMS-remark: 25283K(106496K)] 53908K(154432K), 0.5314618 secs] [Times: user=0.10 sys=0.01, real=0.53 secs] 
2021-12-27T09:20:02.778+0800: 110.259: [CMS-concurrent-sweep-start]
2021-12-27T09:20:02.960+0800: 110.441: [CMS-concurrent-sweep: 0.182/0.182 secs] [Times: user=0.04 sys=0.01, real=0.19 secs] 
2021-12-27T09:20:02.975+0800: 110.456: [CMS-concurrent-reset-start]
2021-12-27T09:20:03.010+0800: 110.491: Application time: 0.2608609 seconds
2021-12-27T09:20:03.027+0800: 110.508: Application time: 0.0005344 seconds
2021-12-27T09:20:03.028+0800: 110.509: [CMS-concurrent-reset: 0.029/0.053 secs] [Times: user=0.02 sys=0.00, real=0.06 secs] 
2021-12-27T09:20:03.234+0800: 110.719: Application time: 0.2108797 seconds
2021-12-27T09:20:04.136+0800: 111.617: Application time: 0.8811090 seconds
{Heap before GC invocations=68 (full 3):
 par new generation   total 47936K, used 46988K [0x0000000724400000, 0x0000000727800000, 0x00000007390c0000)
  eden space 42624K, 100% used [0x0000000724400000, 0x0000000726da0000, 0x0000000726da0000)
  from space 5312K,  82% used [0x0000000726da0000, 0x00000007271e3368, 0x00000007272d0000)
  to   space 5312K,   0% used [0x00000007272d0000, 0x00000007272d0000, 0x0000000727800000)
 concurrent mark-sweep generation total 106496K, used 22929K [0x00000007390c0000, 0x000000073f8c0000, 0x00000007c0000000)
 Metaspace       used 71866K, capacity 75381K, committed 75772K, reserved 1116160K
  class space    used 9466K, capacity 10083K, committed 10104K, reserved 1048576K
2021-12-27T09:20:04.139+0800: 111.620: [GC (Allocation Failure) 2021-12-27T09:20:04.143+0800: 111.624: [ParNew: 46988K->3924K(47936K), 0.1186006 secs] 69918K->28154K(154432K), 0.1310630 secs] [Times: user=0.03 sys=0.00, real=0.13 secs] 
Heap after GC invocations=69 (full 3):
 par new generation   total 47936K, used 3924K [0x0000000724400000, 0x0000000727800000, 0x00000007390c0000)
  eden space 42624K,   0% used [0x0000000724400000, 0x0000000724400000, 0x0000000726da0000)
  from space 5312K,  73% used [0x00000007272d0000, 0x00000007276a5098, 0x0000000727800000)
  to   space 5312K,   0% used [0x0000000726da0000, 0x0000000726da0000, 0x00000007272d0000)
 concurrent mark-sweep generation total 106496K, used 24230K [0x00000007390c0000, 0x000000073f8c0000, 0x00000007c0000000)
 Metaspace       used 71866K, capacity 75381K, committed 75772K, reserved 1116160K
  class space    used 9466K, capacity 10083K, committed 10104K, reserved 1048576K
}
2021-12-27T09:20:04.272+0800: 111.753: Application time: 0.0002752 seconds
2021-12-27T09:20:05.276+0800: 112.757: Application time: 1.0044671 seconds
2021-12-27T09:20:06.199+0800: 113.680: Application time: 0.9230293 seconds
2021-12-27T09:20:06.203+0800: 113.684: Application time: 0.0031250 seconds
2021-12-27T09:20:06.269+0800: 113.751: Application time: 0.0676769 seconds
2021-12-27T09:20:06.301+0800: 113.782: Application time: 0.0301119 seconds
{Heap before GC invocations=69 (full 3):
 par new generation   total 47936K, used 46548K [0x0000000724400000, 0x0000000727800000, 0x00000007390c0000)
  eden space 42624K, 100% used [0x0000000724400000, 0x0000000726da0000, 0x0000000726da0000)
  from space 5312K,  73% used [0x00000007272d0000, 0x00000007276a5098, 0x0000000727800000)
  to   space 5312K,   0% used [0x0000000726da0000, 0x0000000726da0000, 0x00000007272d0000)
 concurrent mark-sweep generation total 106496K, used 24230K [0x00000007390c0000, 0x000000073f8c0000, 0x00000007c0000000)
 Metaspace       used 72209K, capacity 75881K, committed 76156K, reserved 1116160K
  class space    used 9529K, capacity 10193K, committed 10232K, reserved 1048576K
2021-12-27T09:20:06.301+0800: 113.783: [GC (Allocation Failure) 2021-12-27T09:20:06.302+0800: 113.783: [ParNew: 46548K->4730K(47936K), 0.0927640 secs] 70778K->29526K(154432K), 0.0966140 secs] [Times: user=0.02 sys=0.00, real=0.10 secs] 
Heap after GC invocations=70 (full 3):
 par new generation   total 47936K, used 4730K [0x0000000724400000, 0x0000000727800000, 0x00000007390c0000)
  eden space 42624K,   0% used [0x0000000724400000, 0x0000000724400000, 0x0000000726da0000)
  from space 5312K,  89% used [0x0000000726da0000, 0x000000072723ea98, 0x00000007272d0000)
  to   space 5312K,   0% used [0x00000007272d0000, 0x00000007272d0000, 0x0000000727800000)
 concurrent mark-sweep generation total 106496K, used 24796K [0x00000007390c0000, 0x000000073f8c0000, 0x00000007c0000000)
 Metaspace       used 72209K, capacity 75881K, committed 76156K, reserved 1116160K
  class space    used 9529K, capacity 10193K, committed 10232K, reserved 1048576K
}
2021-12-27T09:20:06.706+0800: 114.187: Application time: 0.2966764 seconds
2021-12-27T09:20:06.853+0800: 114.334: Application time: 0.1354981 seconds
2021-12-27T09:20:07.366+0800: 114.870: Application time: 0.5165540 seconds
{Heap before GC invocations=70 (full 3):
 par new generation   total 47936K, used 47354K [0x0000000724400000, 0x0000000727800000, 0x00000007390c0000)
  eden space 42624K, 100% used [0x0000000724400000, 0x0000000726da0000, 0x0000000726da0000)
  from space 5312K,  89% used [0x0000000726da0000, 0x000000072723ea98, 0x00000007272d0000)
  to   space 5312K,   0% used [0x00000007272d0000, 0x00000007272d0000, 0x0000000727800000)
 concurrent mark-sweep generation total 106496K, used 24796K [0x00000007390c0000, 0x000000073f8c0000, 0x00000007c0000000)
 Metaspace       used 73008K, capacity 76631K, committed 76796K, reserved 1116160K
  class space    used 9639K, capacity 10292K, committed 10360K, reserved 1048576K
2021-12-27T09:20:07.368+0800: 114.872: [GC (Allocation Failure) 2021-12-27T09:20:07.368+0800: 114.873: [ParNew: 47354K->3932K(47936K), 0.0924079 secs] 72150K->30396K(154432K), 0.0935209 secs] [Times: user=0.03 sys=0.00, real=0.09 secs] 
Heap after GC invocations=71 (full 3):
 par new generation   total 47936K, used 3932K [0x0000000724400000, 0x0000000727800000, 0x00000007390c0000)
  eden space 42624K,   0% used [0x0000000724400000, 0x0000000724400000, 0x0000000726da0000)
  from space 5312K,  74% used [0x00000007272d0000, 0x00000007276a73b8, 0x0000000727800000)
  to   space 5312K,   0% used [0x0000000726da0000, 0x0000000726da0000, 0x00000007272d0000)
 concurrent mark-sweep generation total 106496K, used 26463K [0x00000007390c0000, 0x000000073f8c0000, 0x00000007c0000000)
 Metaspace       used 73008K, capacity 76631K, committed 76796K, reserved 1116160K
  class space    used 9639K, capacity 10292K, committed 10360K, reserved 1048576K
}
2021-12-27T09:20:07.482+0800: 114.986: Application time: 0.0197401 seconds
2021-12-27T09:20:07.521+0800: 115.025: Application time: 0.0120087 seconds
2021-12-27T09:20:08.318+0800: 115.823: Application time: 0.7975051 seconds
{Heap before GC invocations=71 (full 3):
 par new generation   total 47936K, used 46556K [0x0000000724400000, 0x0000000727800000, 0x00000007390c0000)
  eden space 42624K, 100% used [0x0000000724400000, 0x0000000726da0000, 0x0000000726da0000)
  from space 5312K,  74% used [0x00000007272d0000, 0x00000007276a73b8, 0x0000000727800000)
  to   space 5312K,   0% used [0x0000000726da0000, 0x0000000726da0000, 0x00000007272d0000)
 concurrent mark-sweep generation total 106496K, used 26463K [0x00000007390c0000, 0x000000073f8c0000, 0x00000007c0000000)
 Metaspace       used 73551K, capacity 77143K, committed 77308K, reserved 1116160K
  class space    used 9723K, capacity 10356K, committed 10360K, reserved 1048576K
2021-12-27T09:20:08.330+0800: 115.834: [GC (Allocation Failure) 2021-12-27T09:20:08.331+0800: 115.835: [ParNew: 46556K->2849K(47936K), 0.0462911 secs] 73020K->29313K(154432K), 0.0477267 secs] [Times: user=0.01 sys=0.00, real=0.05 secs] 
Heap after GC invocations=72 (full 3):
 par new generation   total 47936K, used 2849K [0x0000000724400000, 0x0000000727800000, 0x00000007390c0000)
  eden space 42624K,   0% used [0x0000000724400000, 0x0000000724400000, 0x0000000726da0000)
  from space 5312K,  53% used [0x0000000726da0000, 0x00000007270686a8, 0x00000007272d0000)
  to   space 5312K,   0% used [0x00000007272d0000, 0x00000007272d0000, 0x0000000727800000)
 concurrent mark-sweep generation total 106496K, used 26463K [0x00000007390c0000, 0x000000073f8c0000, 0x00000007c0000000)
 Metaspace       used 73551K, capacity 77143K, committed 77308K, reserved 1116160K
  class space    used 9723K, capacity 10356K, committed 10360K, reserved 1048576K
}
2021-12-27T09:20:08.762+0800: 116.266: Application time: 0.3828066 seconds
2021-12-27T09:20:08.844+0800: 116.348: Application time: 0.0810666 seconds
2021-12-27T09:20:09.070+0800: 116.574: Application time: 0.2247684 seconds
2021-12-27T09:20:09.268+0800: 116.772: Application time: 0.1977720 seconds
2021-12-27T09:20:09.278+0800: 116.804: Application time: 0.0232238 seconds
2021-12-27T09:20:09.877+0800: 117.381: Application time: 0.5765307 seconds
{Heap before GC invocations=72 (full 3):
 par new generation   total 47936K, used 45473K [0x0000000724400000, 0x0000000727800000, 0x00000007390c0000)
  eden space 42624K, 100% used [0x0000000724400000, 0x0000000726da0000, 0x0000000726da0000)
  from space 5312K,  53% used [0x0000000726da0000, 0x00000007270686a8, 0x00000007272d0000)
  to   space 5312K,   0% used [0x00000007272d0000, 0x00000007272d0000, 0x0000000727800000)
 concurrent mark-sweep generation total 106496K, used 26463K [0x00000007390c0000, 0x000000073f8c0000, 0x00000007c0000000)
 Metaspace       used 75066K, capacity 78679K, committed 78844K, reserved 1118208K
  class space    used 9927K, capacity 10548K, committed 10616K, reserved 1048576K
2021-12-27T09:20:09.905+0800: 117.409: [GC (Allocation Failure) 2021-12-27T09:20:09.905+0800: 117.410: [ParNew: 45473K->3271K(47936K), 0.0421583 secs] 71937K->29735K(154432K), 0.0435386 secs] [Times: user=0.02 sys=0.00, real=0.05 secs] 
Heap after GC invocations=73 (full 3):
 par new generation   total 47936K, used 3271K [0x0000000724400000, 0x0000000727800000, 0x00000007390c0000)
  eden space 42624K,   0% used [0x0000000724400000, 0x0000000724400000, 0x0000000726da0000)
  from space 5312K,  61% used [0x00000007272d0000, 0x0000000727601fa8, 0x0000000727800000)
  to   space 5312K,   0% used [0x0000000726da0000, 0x0000000726da0000, 0x00000007272d0000)
 concurrent mark-sweep generation total 106496K, used 26463K [0x00000007390c0000, 0x000000073f8c0000, 0x00000007c0000000)
 Metaspace       used 75066K, capacity 78679K, committed 78844K, reserved 1118208K
  class space    used 9927K, capacity 10548K, committed 10616K, reserved 1048576K
}
2021-12-27T09:20:09.969+0800: 117.473: Application time: 0.0198397 seconds
2021-12-27T09:20:10.032+0800: 117.536: Application time: 0.0628607 seconds
2021-12-27T09:20:11.036+0800: 118.540: Application time: 1.0032831 seconds
2021-12-27T09:20:11.046+0800: 118.550: Application time: 0.0017125 seconds
{Heap before GC invocations=73 (full 3):
 par new generation   total 47936K, used 45895K [0x0000000724400000, 0x0000000727800000, 0x00000007390c0000)
  eden space 42624K, 100% used [0x0000000724400000, 0x0000000726da0000, 0x0000000726da0000)
  from space 5312K,  61% used [0x00000007272d0000, 0x0000000727601fa8, 0x0000000727800000)
  to   space 5312K,   0% used [0x0000000726da0000, 0x0000000726da0000, 0x00000007272d0000)
 concurrent mark-sweep generation total 106496K, used 26463K [0x00000007390c0000, 0x000000073f8c0000, 0x00000007c0000000)
 Metaspace       used 75537K, capacity 79183K, committed 79484K, reserved 1118208K
  class space    used 10005K, capacity 10648K, committed 10744K, reserved 1048576K
2021-12-27T09:20:11.047+0800: 118.551: [GC (Allocation Failure) 2021-12-27T09:20:11.047+0800: 118.551: [ParNew: 45895K->2938K(47936K), 0.0492129 secs] 72359K->30120K(154432K), 0.0504711 secs] [Times: user=0.02 sys=0.00, real=0.05 secs] 
Heap after GC invocations=74 (full 3):
 par new generation   total 47936K, used 2938K [0x0000000724400000, 0x0000000727800000, 0x00000007390c0000)
  eden space 42624K,   0% used [0x0000000724400000, 0x0000000724400000, 0x0000000726da0000)
  from space 5312K,  55% used [0x0000000726da0000, 0x000000072707eae8, 0x00000007272d0000)
  to   space 5312K,   0% used [0x00000007272d0000, 0x00000007272d0000, 0x0000000727800000)
 concurrent mark-sweep generation total 106496K, used 27181K [0x00000007390c0000, 0x000000073f8c0000, 0x00000007c0000000)
 Metaspace       used 75537K, capacity 79183K, committed 79484K, reserved 1118208K
  class space    used 10005K, capacity 10648K, committed 10744K, reserved 1048576K
}
2021-12-27T09:20:11.326+0800: 118.830: Application time: 0.2275291 seconds
2021-12-27T09:20:11.897+0800: 119.402: Application time: 0.5709640 seconds
{Heap before GC invocations=74 (full 3):
 par new generation   total 47936K, used 45562K [0x0000000724400000, 0x0000000727800000, 0x00000007390c0000)
  eden space 42624K, 100% used [0x0000000724400000, 0x0000000726da0000, 0x0000000726da0000)
  from space 5312K,  55% used [0x0000000726da0000, 0x000000072707eae8, 0x00000007272d0000)
  to   space 5312K,   0% used [0x00000007272d0000, 0x00000007272d0000, 0x0000000727800000)
 concurrent mark-sweep generation total 106496K, used 27181K [0x00000007390c0000, 0x000000073f8c0000, 0x00000007c0000000)
 Metaspace       used 76352K, capacity 80001K, committed 80380K, reserved 1118208K
  class space    used 10103K, capacity 10747K, committed 10872K, reserved 1048576K
2021-12-27T09:20:11.898+0800: 119.402: [GC (Allocation Failure) 2021-12-27T09:20:11.899+0800: 119.403: [ParNew: 45562K->3145K(47936K), 0.0412727 secs] 72744K->30327K(154432K), 0.0548295 secs] [Times: user=0.02 sys=0.00, real=0.05 secs] 
Heap after GC invocations=75 (full 3):
 par new generation   total 47936K, used 3145K [0x0000000724400000, 0x0000000727800000, 0x00000007390c0000)
  eden space 42624K,   0% used [0x0000000724400000, 0x0000000724400000, 0x0000000726da0000)
  from space 5312K,  59% used [0x00000007272d0000, 0x00000007275e2620, 0x0000000727800000)
  to   space 5312K,   0% used [0x0000000726da0000, 0x0000000726da0000, 0x00000007272d0000)
 concurrent mark-sweep generation total 106496K, used 27181K [0x00000007390c0000, 0x000000073f8c0000, 0x00000007c0000000)
 Metaspace       used 76352K, capacity 80001K, committed 80380K, reserved 1118208K
  class space    used 10103K, capacity 10747K, committed 10872K, reserved 1048576K
}
2021-12-27T09:20:11.957+0800: 119.461: Application time: 0.0027414 seconds
2021-12-27T09:20:12.779+0800: 120.284: Application time: 0.8221492 seconds
{Heap before GC invocations=75 (full 3):
 par new generation   total 47936K, used 45769K [0x0000000724400000, 0x0000000727800000, 0x00000007390c0000)
  eden space 42624K, 100% used [0x0000000724400000, 0x0000000726da0000, 0x0000000726da0000)
  from space 5312K,  59% used [0x00000007272d0000, 0x00000007275e2620, 0x0000000727800000)
  to   space 5312K,   0% used [0x0000000726da0000, 0x0000000726da0000, 0x00000007272d0000)
 concurrent mark-sweep generation total 106496K, used 27181K [0x00000007390c0000, 0x000000073f8c0000, 0x00000007c0000000)
 Metaspace       used 77215K, capacity 80883K, committed 81276K, reserved 1120256K
  class space    used 10260K, capacity 10910K, committed 11000K, reserved 1048576K
2021-12-27T09:20:12.781+0800: 120.285: [GC (Allocation Failure) 2021-12-27T09:20:12.781+0800: 120.285: [ParNew: 45769K->3149K(47936K), 0.0411340 secs] 72951K->30331K(154432K), 0.0419798 secs] [Times: user=0.01 sys=0.01, real=0.04 secs] 
Heap after GC invocations=76 (full 3):
 par new generation   total 47936K, used 3149K [0x0000000724400000, 0x0000000727800000, 0x00000007390c0000)
  eden space 42624K,   0% used [0x0000000724400000, 0x0000000724400000, 0x0000000726da0000)
  from space 5312K,  59% used [0x0000000726da0000, 0x00000007270b3730, 0x00000007272d0000)
  to   space 5312K,   0% used [0x00000007272d0000, 0x00000007272d0000, 0x0000000727800000)
 concurrent mark-sweep generation total 106496K, used 27181K [0x00000007390c0000, 0x000000073f8c0000, 0x00000007c0000000)
 Metaspace       used 77215K, capacity 80883K, committed 81276K, reserved 1120256K
  class space    used 10260K, capacity 10910K, committed 11000K, reserved 1048576K
}
2021-12-27T09:20:13.542+0800: 121.046: Application time: 0.7183135 seconds
{Heap before GC invocations=76 (full 3):
 par new generation   total 47936K, used 45773K [0x0000000724400000, 0x0000000727800000, 0x00000007390c0000)
  eden space 42624K, 100% used [0x0000000724400000, 0x0000000726da0000, 0x0000000726da0000)
  from space 5312K,  59% used [0x0000000726da0000, 0x00000007270b3730, 0x00000007272d0000)
  to   space 5312K,   0% used [0x00000007272d0000, 0x00000007272d0000, 0x0000000727800000)
 concurrent mark-sweep generation total 106496K, used 27181K [0x00000007390c0000, 0x000000073f8c0000, 0x00000007c0000000)
 Metaspace       used 77734K, capacity 81379K, committed 81532K, reserved 1120256K
  class space    used 10355K, capacity 10982K, committed 11000K, reserved 1048576K
2021-12-27T09:20:13.542+0800: 121.047: [GC (Allocation Failure) 2021-12-27T09:20:13.543+0800: 121.047: [ParNew: 45773K->3649K(47936K), 0.0457653 secs] 72955K->30830K(154432K), 0.0468632 secs] [Times: user=0.01 sys=0.00, real=0.05 secs] 
Heap after GC invocations=77 (full 3):
 par new generation   total 47936K, used 3649K [0x0000000724400000, 0x0000000727800000, 0x00000007390c0000)
  eden space 42624K,   0% used [0x0000000724400000, 0x0000000724400000, 0x0000000726da0000)
  from space 5312K,  68% used [0x00000007272d0000, 0x00000007276604f8, 0x0000000727800000)
  to   space 5312K,   0% used [0x0000000726da0000, 0x0000000726da0000, 0x00000007272d0000)
 concurrent mark-sweep generation total 106496K, used 27181K [0x00000007390c0000, 0x000000073f8c0000, 0x00000007c0000000)
 Metaspace       used 77734K, capacity 81379K, committed 81532K, reserved 1120256K
  class space    used 10355K, capacity 10982K, committed 11000K, reserved 1048576K
}
2021-12-27T09:20:14.591+0800: 122.095: Application time: 1.0009892 seconds
2021-12-27T09:20:14.933+0800: 122.437: Application time: 0.3380181 seconds
{Heap before GC invocations=77 (full 3):
 par new generation   total 47936K, used 46273K [0x0000000724400000, 0x0000000727800000, 0x00000007390c0000)
  eden space 42624K, 100% used [0x0000000724400000, 0x0000000726da0000, 0x0000000726da0000)
  from space 5312K,  68% used [0x00000007272d0000, 0x00000007276604f8, 0x0000000727800000)
  to   space 5312K,   0% used [0x0000000726da0000, 0x0000000726da0000, 0x00000007272d0000)
 concurrent mark-sweep generation total 106496K, used 27181K [0x00000007390c0000, 0x000000073f8c0000, 0x00000007c0000000)
 Metaspace       used 78389K, capacity 82127K, committed 82428K, reserved 1120256K
  class space    used 10449K, capacity 11092K, committed 11128K, reserved 1048576K
2021-12-27T09:20:14.934+0800: 122.441: [GC (Allocation Failure) 2021-12-27T09:20:14.938+0800: 122.442: [ParNew: 46273K->4677K(47936K), 0.0867559 secs] 73454K->32155K(154432K), 0.0938969 secs] [Times: user=0.03 sys=0.00, real=0.10 secs] 
Heap after GC invocations=78 (full 3):
 par new generation   total 47936K, used 4677K [0x0000000724400000, 0x0000000727800000, 0x00000007390c0000)
  eden space 42624K,   0% used [0x0000000724400000, 0x0000000724400000, 0x0000000726da0000)
  from space 5312K,  88% used [0x0000000726da0000, 0x0000000727231770, 0x00000007272d0000)
  to   space 5312K,   0% used [0x00000007272d0000, 0x00000007272d0000, 0x0000000727800000)
 concurrent mark-sweep generation total 106496K, used 27477K [0x00000007390c0000, 0x000000073f8c0000, 0x00000007c0000000)
 Metaspace       used 78389K, capacity 82127K, committed 82428K, reserved 1120256K
  class space    used 10449K, capacity 11092K, committed 11128K, reserved 1048576K
}
2021-12-27T09:20:15.915+0800: 123.419: Application time: 0.8860026 seconds
{Heap before GC invocations=78 (full 3):
 par new generation   total 47936K, used 47290K [0x0000000724400000, 0x0000000727800000, 0x00000007390c0000)
  eden space 42624K,  99% used [0x0000000724400000, 0x0000000726d9d1f8, 0x0000000726da0000)
  from space 5312K,  88% used [0x0000000726da0000, 0x0000000727231770, 0x00000007272d0000)
  to   space 5312K,   0% used [0x00000007272d0000, 0x00000007272d0000, 0x0000000727800000)
 concurrent mark-sweep generation total 106496K, used 27477K [0x00000007390c0000, 0x000000073f8c0000, 0x00000007c0000000)
 Metaspace       used 78790K, capacity 82565K, committed 82812K, reserved 1120256K
  class space    used 10481K, capacity 11137K, committed 11256K, reserved 1048576K
2021-12-27T09:20:15.922+0800: 123.426: [GC (Allocation Failure) 2021-12-27T09:20:15.923+0800: 123.427: [ParNew: 47290K->4409K(47936K), 0.0696754 secs] 74768K->33010K(154432K), 0.0709669 secs] [Times: user=0.03 sys=0.00, real=0.07 secs] 
Heap after GC invocations=79 (full 3):
 par new generation   total 47936K, used 4409K [0x0000000724400000, 0x0000000727800000, 0x00000007390c0000)
  eden space 42624K,   0% used [0x0000000724400000, 0x0000000724400000, 0x0000000726da0000)
  from space 5312K,  83% used [0x00000007272d0000, 0x000000072771e5f8, 0x0000000727800000)
  to   space 5312K,   0% used [0x0000000726da0000, 0x0000000726da0000, 0x00000007272d0000)
 concurrent mark-sweep generation total 106496K, used 28600K [0x00000007390c0000, 0x000000073f8c0000, 0x00000007c0000000)
 Metaspace       used 78790K, capacity 82565K, committed 82812K, reserved 1120256K
  class space    used 10481K, capacity 11137K, committed 11256K, reserved 1048576K
}
2021-12-27T09:20:16.999+0800: 124.503: Application time: 1.0040468 seconds
2021-12-27T09:20:17.206+0800: 124.710: Application time: 0.1948023 seconds
{Heap before GC invocations=79 (full 3):
 par new generation   total 47936K, used 47033K [0x0000000724400000, 0x0000000727800000, 0x00000007390c0000)
  eden space 42624K, 100% used [0x0000000724400000, 0x0000000726da0000, 0x0000000726da0000)
  from space 5312K,  83% used [0x00000007272d0000, 0x000000072771e5f8, 0x0000000727800000)
  to   space 5312K,   0% used [0x0000000726da0000, 0x0000000726da0000, 0x00000007272d0000)
 concurrent mark-sweep generation total 106496K, used 28600K [0x00000007390c0000, 0x000000073f8c0000, 0x00000007c0000000)
 Metaspace       used 79328K, capacity 83181K, committed 83324K, reserved 1122304K
  class space    used 10519K, capacity 11191K, committed 11256K, reserved 1048576K
2021-12-27T09:20:17.211+0800: 124.715: [GC (Allocation Failure) 2021-12-27T09:20:17.212+0800: 124.716: [ParNew: 47033K->4912K(47936K), 0.1017579 secs] 75634K->33932K(154432K), 0.1029057 secs] [Times: user=0.03 sys=0.00, real=0.10 secs] 
Heap after GC invocations=80 (full 3):
 par new generation   total 47936K, used 4912K [0x0000000724400000, 0x0000000727800000, 0x00000007390c0000)
  eden space 42624K,   0% used [0x0000000724400000, 0x0000000724400000, 0x0000000726da0000)
  from space 5312K,  92% used [0x0000000726da0000, 0x000000072726c220, 0x00000007272d0000)
  to   space 5312K,   0% used [0x00000007272d0000, 0x00000007272d0000, 0x0000000727800000)
 concurrent mark-sweep generation total 106496K, used 29019K [0x00000007390c0000, 0x000000073f8c0000, 0x00000007c0000000)
 Metaspace       used 79328K, capacity 83181K, committed 83324K, reserved 1122304K
  class space    used 10519K, capacity 11191K, committed 11256K, reserved 1048576K
}
2021-12-27T09:20:18.322+0800: 125.826: Application time: 1.0029363 seconds
2021-12-27T09:20:18.336+0800: 125.840: Application time: 0.0095380 seconds
2021-12-27T09:20:18.653+0800: 126.157: Application time: 0.3172868 seconds
{Heap before GC invocations=80 (full 3):
 par new generation   total 47936K, used 47536K [0x0000000724400000, 0x0000000727800000, 0x00000007390c0000)
  eden space 42624K, 100% used [0x0000000724400000, 0x0000000726da0000, 0x0000000726da0000)
  from space 5312K,  92% used [0x0000000726da0000, 0x000000072726c220, 0x00000007272d0000)
  to   space 5312K,   0% used [0x00000007272d0000, 0x00000007272d0000, 0x0000000727800000)
 concurrent mark-sweep generation total 106496K, used 29019K [0x00000007390c0000, 0x000000073f8c0000, 0x00000007c0000000)
 Metaspace       used 79845K, capacity 83739K, committed 83836K, reserved 1122304K
  class space    used 10561K, capacity 11246K, committed 11256K, reserved 1048576K
2021-12-27T09:20:18.656+0800: 126.161: [GC (Allocation Failure) 2021-12-27T09:20:18.659+0800: 126.163: [ParNew: 47536K->5312K(47936K), 0.0581611 secs] 76556K->35923K(154432K), 0.0612132 secs] [Times: user=0.03 sys=0.00, real=0.06 secs] 
Heap after GC invocations=81 (full 3):
 par new generation   total 47936K, used 5312K [0x0000000724400000, 0x0000000727800000, 0x00000007390c0000)
  eden space 42624K,   0% used [0x0000000724400000, 0x0000000724400000, 0x0000000726da0000)
  from space 5312K, 100% used [0x00000007272d0000, 0x0000000727800000, 0x0000000727800000)
  to   space 5312K,   0% used [0x0000000726da0000, 0x0000000726da0000, 0x00000007272d0000)
 concurrent mark-sweep generation total 106496K, used 30611K [0x00000007390c0000, 0x000000073f8c0000, 0x00000007c0000000)
 Metaspace       used 79845K, capacity 83739K, committed 83836K, reserved 1122304K
  class space    used 10561K, capacity 11246K, committed 11256K, reserved 1048576K
}
2021-12-27T09:20:19.719+0800: 127.223: Application time: 1.0001309 seconds
2021-12-27T09:20:20.364+0800: 127.869: Application time: 0.6455449 seconds
{Heap before GC invocations=81 (full 3):
 par new generation   total 47936K, used 47936K [0x0000000724400000, 0x0000000727800000, 0x00000007390c0000)
  eden space 42624K, 100% used [0x0000000724400000, 0x0000000726da0000, 0x0000000726da0000)
  from space 5312K, 100% used [0x00000007272d0000, 0x0000000727800000, 0x0000000727800000)
  to   space 5312K,   0% used [0x0000000726da0000, 0x0000000726da0000, 0x00000007272d0000)
 concurrent mark-sweep generation total 106496K, used 30611K [0x00000007390c0000, 0x000000073f8c0000, 0x00000007c0000000)
 Metaspace       used 80509K, capacity 84503K, committed 84732K, reserved 1122304K
  class space    used 10639K, capacity 11342K, committed 11384K, reserved 1048576K
2021-12-27T09:20:20.367+0800: 127.871: [GC (Allocation Failure) 2021-12-27T09:20:20.368+0800: 127.872: [ParNew: 47936K->3866K(47936K), 0.1123127 secs] 78547K->36094K(154432K), 0.1221093 secs] [Times: user=0.03 sys=0.00, real=0.12 secs] 
Heap after GC invocations=82 (full 3):
 par new generation   total 47936K, used 3866K [0x0000000724400000, 0x0000000727800000, 0x00000007390c0000)
  eden space 42624K,   0% used [0x0000000724400000, 0x0000000724400000, 0x0000000726da0000)
  from space 5312K,  72% used [0x0000000726da0000, 0x0000000727166848, 0x00000007272d0000)
  to   space 5312K,   0% used [0x00000007272d0000, 0x00000007272d0000, 0x0000000727800000)
 concurrent mark-sweep generation total 106496K, used 32228K [0x00000007390c0000, 0x000000073f8c0000, 0x00000007c0000000)
 Metaspace       used 80509K, capacity 84503K, committed 84732K, reserved 1122304K
  class space    used 10639K, capacity 11342K, committed 11384K, reserved 1048576K
}
2021-12-27T09:20:20.884+0800: 128.389: Application time: 0.3939972 seconds
2021-12-27T09:20:21.017+0800: 128.521: Application time: 0.1324853 seconds
2021-12-27T09:20:21.330+0800: 128.834: Application time: 0.3122871 seconds
2021-12-27T09:20:21.459+0800: 128.963: Application time: 0.1288519 seconds
2021-12-27T09:20:21.459+0800: 128.965: Application time: 0.0010776 seconds
2021-12-27T09:20:21.460+0800: 128.965: Application time: 0.0000566 seconds
2021-12-27T09:20:21.817+0800: 129.321: Application time: 0.3561059 seconds
{Heap before GC invocations=82 (full 3):
 par new generation   total 47936K, used 46490K [0x0000000724400000, 0x0000000727800000, 0x00000007390c0000)
  eden space 42624K, 100% used [0x0000000724400000, 0x0000000726da0000, 0x0000000726da0000)
  from space 5312K,  72% used [0x0000000726da0000, 0x0000000727166848, 0x00000007272d0000)
  to   space 5312K,   0% used [0x00000007272d0000, 0x00000007272d0000, 0x0000000727800000)
 concurrent mark-sweep generation total 106496K, used 32228K [0x00000007390c0000, 0x000000073f8c0000, 0x00000007c0000000)
 Metaspace       used 81509K, capacity 85565K, committed 85628K, reserved 1124352K
  class space    used 10779K, capacity 11473K, committed 11512K, reserved 1048576K
2021-12-27T09:20:21.820+0800: 129.324: [GC (Allocation Failure) 2021-12-27T09:20:21.820+0800: 129.325: [ParNew: 46490K->3905K(47936K), 0.0756106 secs] 78718K->37216K(154432K), 0.0812150 secs] [Times: user=0.03 sys=0.00, real=0.08 secs] 
Heap after GC invocations=83 (full 3):
 par new generation   total 47936K, used 3905K [0x0000000724400000, 0x0000000727800000, 0x00000007390c0000)
  eden space 42624K,   0% used [0x0000000724400000, 0x0000000724400000, 0x0000000726da0000)
  from space 5312K,  73% used [0x00000007272d0000, 0x00000007276a0608, 0x0000000727800000)
  to   space 5312K,   0% used [0x0000000726da0000, 0x0000000726da0000, 0x00000007272d0000)
 concurrent mark-sweep generation total 106496K, used 33310K [0x00000007390c0000, 0x000000073f8c0000, 0x00000007c0000000)
 Metaspace       used 81509K, capacity 85565K, committed 85628K, reserved 1124352K
  class space    used 10779K, capacity 11473K, committed 11512K, reserved 1048576K
}
2021-12-27T09:20:21.970+0800: 129.474: Application time: 0.0642856 seconds
2021-12-27T09:20:22.975+0800: 130.479: Application time: 1.0039809 seconds
2021-12-27T09:20:23.850+0800: 131.354: Application time: 0.8743684 seconds
{Heap before GC invocations=83 (full 3):
 par new generation   total 47936K, used 46529K [0x0000000724400000, 0x0000000727800000, 0x00000007390c0000)
  eden space 42624K, 100% used [0x0000000724400000, 0x0000000726da0000, 0x0000000726da0000)
  from space 5312K,  73% used [0x00000007272d0000, 0x00000007276a0608, 0x0000000727800000)
  to   space 5312K,   0% used [0x0000000726da0000, 0x0000000726da0000, 0x00000007272d0000)
 concurrent mark-sweep generation total 106496K, used 33310K [0x00000007390c0000, 0x000000073f8c0000, 0x00000007c0000000)
 Metaspace       used 82849K, capacity 86997K, committed 87164K, reserved 1124352K
  class space    used 10975K, capacity 11699K, committed 11768K, reserved 1048576K
2021-12-27T09:20:23.851+0800: 131.355: [GC (Allocation Failure) 2021-12-27T09:20:23.851+0800: 131.355: [ParNew: 46529K->4610K(47936K), 0.0835165 secs] 79840K->39119K(154432K), 0.0893260 secs] [Times: user=0.04 sys=0.00, real=0.09 secs] 
Heap after GC invocations=84 (full 3):
 par new generation   total 47936K, used 4610K [0x0000000724400000, 0x0000000727800000, 0x00000007390c0000)
  eden space 42624K,   0% used [0x0000000724400000, 0x0000000724400000, 0x0000000726da0000)
  from space 5312K,  86% used [0x0000000726da0000, 0x00000007272208b0, 0x00000007272d0000)
  to   space 5312K,   0% used [0x00000007272d0000, 0x00000007272d0000, 0x0000000727800000)
 concurrent mark-sweep generation total 106496K, used 34509K [0x00000007390c0000, 0x000000073f8c0000, 0x00000007c0000000)
 Metaspace       used 82849K, capacity 86997K, committed 87164K, reserved 1124352K
  class space    used 10975K, capacity 11699K, committed 11768K, reserved 1048576K
}
2021-12-27T09:20:24.105+0800: 131.609: Application time: 0.1643058 seconds
2021-12-27T09:20:24.106+0800: 131.610: Application time: 0.0000851 seconds
2021-12-27T09:20:24.106+0800: 131.610: Application time: 0.0005911 seconds
2021-12-27T09:20:24.107+0800: 131.611: Application time: 0.0001999 seconds
2021-12-27T09:20:24.270+0800: 131.778: Application time: 0.1673278 seconds
2021-12-27T09:20:24.352+0800: 131.857: Application time: 0.0776459 seconds
2021-12-27T09:20:24.360+0800: 131.864: Application time: 0.0077392 seconds
2021-12-27T09:20:24.361+0800: 131.865: Application time: 0.0003208 seconds
2021-12-27T09:20:24.361+0800: 131.866: Application time: 0.0006627 seconds
2021-12-27T09:20:24.364+0800: 131.868: Application time: 0.0025508 seconds
2021-12-27T09:20:24.365+0800: 131.869: Application time: 0.0005448 seconds
2021-12-27T09:20:24.365+0800: 131.869: Application time: 0.0001256 seconds
2021-12-27T09:20:24.381+0800: 131.885: Application time: 0.0023464 seconds
2021-12-27T09:20:24.403+0800: 131.907: Application time: 0.0005750 seconds
2021-12-27T09:20:24.404+0800: 131.909: Application time: 0.0001754 seconds
2021-12-27T09:20:24.411+0800: 131.915: Application time: 0.0066436 seconds
2021-12-27T09:20:24.415+0800: 131.919: Application time: 0.0034702 seconds
2021-12-27T09:20:24.429+0800: 131.933: Application time: 0.0072160 seconds
2021-12-27T09:20:24.527+0800: 132.034: Application time: 0.0903677 seconds
2021-12-27T09:20:24.566+0800: 132.070: Application time: 0.0358001 seconds
2021-12-27T09:20:24.567+0800: 132.071: Application time: 0.0001428 seconds
2021-12-27T09:20:24.568+0800: 132.072: Application time: 0.0001027 seconds
2021-12-27T09:20:24.602+0800: 132.106: Application time: 0.0333858 seconds
2021-12-27T09:20:24.787+0800: 132.291: Application time: 0.1842291 seconds
2021-12-27T09:20:24.898+0800: 132.402: Application time: 0.1101893 seconds
2021-12-27T09:20:24.949+0800: 132.453: Application time: 0.0515377 seconds
2021-12-27T09:20:25.198+0800: 132.702: Application time: 0.2487358 seconds
2021-12-27T09:20:25.718+0800: 133.222: Application time: 0.5189054 seconds
{Heap before GC invocations=84 (full 3):
 par new generation   total 47936K, used 47234K [0x0000000724400000, 0x0000000727800000, 0x00000007390c0000)
  eden space 42624K, 100% used [0x0000000724400000, 0x0000000726da0000, 0x0000000726da0000)
  from space 5312K,  86% used [0x0000000726da0000, 0x00000007272208b0, 0x00000007272d0000)
  to   space 5312K,   0% used [0x00000007272d0000, 0x00000007272d0000, 0x0000000727800000)
 concurrent mark-sweep generation total 106496K, used 34509K [0x00000007390c0000, 0x000000073f8c0000, 0x00000007c0000000)
 Metaspace       used 84262K, capacity 88703K, committed 88956K, reserved 1126400K
  class space    used 11166K, capacity 11940K, committed 12024K, reserved 1048576K
2021-12-27T09:20:25.719+0800: 133.223: [GC (Allocation Failure) 2021-12-27T09:20:25.719+0800: 133.223: [ParNew: 47234K->4657K(47936K), 0.0713000 secs] 81743K->39838K(154432K), 0.0723276 secs] [Times: user=0.03 sys=0.00, real=0.07 secs] 
Heap after GC invocations=85 (full 3):
 par new generation   total 47936K, used 4657K [0x0000000724400000, 0x0000000727800000, 0x00000007390c0000)
  eden space 42624K,   0% used [0x0000000724400000, 0x0000000724400000, 0x0000000726da0000)
  from space 5312K,  87% used [0x00000007272d0000, 0x000000072775c760, 0x0000000727800000)
  to   space 5312K,   0% used [0x0000000726da0000, 0x0000000726da0000, 0x00000007272d0000)
 concurrent mark-sweep generation total 106496K, used 35180K [0x00000007390c0000, 0x000000073f8c0000, 0x00000007c0000000)
 Metaspace       used 84262K, capacity 88703K, committed 88956K, reserved 1126400K
  class space    used 11166K, capacity 11940K, committed 12024K, reserved 1048576K
}
2021-12-27T09:20:25.885+0800: 133.389: Application time: 0.0933455 seconds
2021-12-27T09:20:26.896+0800: 134.400: Application time: 1.0103067 seconds
2021-12-27T09:20:26.957+0800: 134.461: Application time: 0.0512358 seconds
2021-12-27T09:20:26.971+0800: 134.475: Application time: 0.0001474 seconds
2021-12-27T09:20:26.980+0800: 134.490: Application time: 0.0145411 seconds
2021-12-27T09:20:26.992+0800: 134.496: Application time: 0.0017989 seconds
2021-12-27T09:20:26.994+0800: 134.498: Application time: 0.0016718 seconds
2021-12-27T09:20:26.995+0800: 134.499: Application time: 0.0005408 seconds
2021-12-27T09:20:27.008+0800: 134.512: Application time: 0.0134317 seconds
2021-12-27T09:20:27.022+0800: 134.527: Application time: 0.0001857 seconds
2021-12-27T09:20:27.031+0800: 134.535: Application time: 0.0085876 seconds
2021-12-27T09:20:27.270+0800: 134.774: Application time: 0.2279969 seconds
2021-12-27T09:20:27.644+0800: 135.149: Application time: 0.3741289 seconds
2021-12-27T09:20:27.657+0800: 135.161: Application time: 0.0122642 seconds
2021-12-27T09:20:27.657+0800: 135.161: Application time: 0.0003044 seconds
2021-12-27T09:20:27.657+0800: 135.162: Application time: 0.0001839 seconds
2021-12-27T09:20:27.658+0800: 135.162: Application time: 0.0001595 seconds
2021-12-27T09:20:27.658+0800: 135.162: Application time: 0.0001259 seconds
2021-12-27T09:20:27.659+0800: 135.165: Application time: 0.0029895 seconds
2021-12-27T09:20:27.661+0800: 135.166: Application time: 0.0002885 seconds
2021-12-27T09:20:27.662+0800: 135.166: Application time: 0.0001931 seconds
2021-12-27T09:20:27.800+0800: 135.304: Application time: 0.1384799 seconds
{Heap before GC invocations=85 (full 3):
 par new generation   total 47936K, used 47281K [0x0000000724400000, 0x0000000727800000, 0x00000007390c0000)
  eden space 42624K, 100% used [0x0000000724400000, 0x0000000726da0000, 0x0000000726da0000)
  from space 5312K,  87% used [0x00000007272d0000, 0x000000072775c760, 0x0000000727800000)
  to   space 5312K,   0% used [0x0000000726da0000, 0x0000000726da0000, 0x00000007272d0000)
 concurrent mark-sweep generation total 106496K, used 35180K [0x00000007390c0000, 0x000000073f8c0000, 0x00000007c0000000)
 Metaspace       used 85077K, capacity 89703K, committed 89852K, reserved 1126400K
  class space    used 11297K, capacity 12096K, committed 12152K, reserved 1048576K
2021-12-27T09:20:27.800+0800: 135.304: [GC (Allocation Failure) 2021-12-27T09:20:27.801+0800: 135.305: [ParNew: 47281K->3413K(47936K), 0.0910209 secs] 82462K->41075K(154432K), 0.0922136 secs] [Times: user=0.03 sys=0.00, real=0.09 secs] 
Heap after GC invocations=86 (full 3):
 par new generation   total 47936K, used 3413K [0x0000000724400000, 0x0000000727800000, 0x00000007390c0000)
  eden space 42624K,   0% used [0x0000000724400000, 0x0000000724400000, 0x0000000726da0000)
  from space 5312K,  64% used [0x0000000726da0000, 0x00000007270f5538, 0x00000007272d0000)
  to   space 5312K,   0% used [0x00000007272d0000, 0x00000007272d0000, 0x0000000727800000)
 concurrent mark-sweep generation total 106496K, used 37662K [0x00000007390c0000, 0x000000073f8c0000, 0x00000007c0000000)
 Metaspace       used 85077K, capacity 89703K, committed 89852K, reserved 1126400K
  class space    used 11297K, capacity 12096K, committed 12152K, reserved 1048576K
}
2021-12-27T09:20:28.784+0800: 136.288: Application time: 0.8892631 seconds
{Heap before GC invocations=86 (full 3):
 par new generation   total 47936K, used 46037K [0x0000000724400000, 0x0000000727800000, 0x00000007390c0000)
  eden space 42624K, 100% used [0x0000000724400000, 0x0000000726da0000, 0x0000000726da0000)
  from space 5312K,  64% used [0x0000000726da0000, 0x00000007270f5538, 0x00000007272d0000)
  to   space 5312K,   0% used [0x00000007272d0000, 0x00000007272d0000, 0x0000000727800000)
 concurrent mark-sweep generation total 106496K, used 37662K [0x00000007390c0000, 0x000000073f8c0000, 0x00000007c0000000)
 Metaspace       used 85912K, capacity 90567K, committed 90748K, reserved 1128448K
  class space    used 11395K, capacity 12192K, committed 12280K, reserved 1048576K
2021-12-27T09:20:28.785+0800: 136.289: [GC (Allocation Failure) 2021-12-27T09:20:28.785+0800: 136.290: [ParNew: 46037K->4372K(47936K), 0.0377826 secs] 83699K->42034K(154432K), 0.0392998 secs] [Times: user=0.02 sys=0.00, real=0.04 secs] 
Heap after GC invocations=87 (full 3):
 par new generation   total 47936K, used 4372K [0x0000000724400000, 0x0000000727800000, 0x00000007390c0000)
  eden space 42624K,   0% used [0x0000000724400000, 0x0000000724400000, 0x0000000726da0000)
  from space 5312K,  82% used [0x00000007272d0000, 0x0000000727715308, 0x0000000727800000)
  to   space 5312K,   0% used [0x0000000726da0000, 0x0000000726da0000, 0x00000007272d0000)
 concurrent mark-sweep generation total 106496K, used 37662K [0x00000007390c0000, 0x000000073f8c0000, 0x00000007c0000000)
 Metaspace       used 85912K, capacity 90567K, committed 90748K, reserved 1128448K
  class space    used 11395K, capacity 12192K, committed 12280K, reserved 1048576K
}
2021-12-27T09:20:29.825+0800: 137.329: Application time: 1.0001522 seconds
2021-12-27T09:20:30.031+0800: 137.535: Application time: 0.1930435 seconds
{Heap before GC invocations=87 (full 3):
 par new generation   total 47936K, used 46996K [0x0000000724400000, 0x0000000727800000, 0x00000007390c0000)
  eden space 42624K, 100% used [0x0000000724400000, 0x0000000726da0000, 0x0000000726da0000)
  from space 5312K,  82% used [0x00000007272d0000, 0x0000000727715308, 0x0000000727800000)
  to   space 5312K,   0% used [0x0000000726da0000, 0x0000000726da0000, 0x00000007272d0000)
 concurrent mark-sweep generation total 106496K, used 37662K [0x00000007390c0000, 0x000000073f8c0000, 0x00000007c0000000)
 Metaspace       used 86386K, capacity 91027K, committed 91260K, reserved 1128448K
  class space    used 11473K, capacity 12272K, committed 12280K, reserved 1048576K
2021-12-27T09:20:30.032+0800: 137.536: [GC (Allocation Failure) 2021-12-27T09:20:30.033+0800: 137.537: [ParNew: 46996K->4147K(47936K), 0.1459507 secs] 84658K->43599K(154432K), 0.1543116 secs] [Times: user=0.03 sys=0.00, real=0.16 secs] 
Heap after GC invocations=88 (full 3):
 par new generation   total 47936K, used 4147K [0x0000000724400000, 0x0000000727800000, 0x00000007390c0000)
  eden space 42624K,   0% used [0x0000000724400000, 0x0000000724400000, 0x0000000726da0000)
  from space 5312K,  78% used [0x0000000726da0000, 0x00000007271acf18, 0x00000007272d0000)
  to   space 5312K,   0% used [0x00000007272d0000, 0x00000007272d0000, 0x0000000727800000)
 concurrent mark-sweep generation total 106496K, used 39452K [0x00000007390c0000, 0x000000073f8c0000, 0x00000007c0000000)
 Metaspace       used 86386K, capacity 91027K, committed 91260K, reserved 1128448K
  class space    used 11473K, capacity 12272K, committed 12280K, reserved 1048576K
}
2021-12-27T09:20:31.116+0800: 138.620: Application time: 0.9287862 seconds
2021-12-27T09:20:31.546+0800: 139.050: Application time: 0.4291264 seconds
2021-12-27T09:20:32.172+0800: 139.676: Application time: 0.6249405 seconds
{Heap before GC invocations=88 (full 3):
 par new generation   total 47936K, used 46771K [0x0000000724400000, 0x0000000727800000, 0x00000007390c0000)
  eden space 42624K, 100% used [0x0000000724400000, 0x0000000726da0000, 0x0000000726da0000)
  from space 5312K,  78% used [0x0000000726da0000, 0x00000007271acf18, 0x00000007272d0000)
  to   space 5312K,   0% used [0x00000007272d0000, 0x00000007272d0000, 0x0000000727800000)
 concurrent mark-sweep generation total 106496K, used 39452K [0x00000007390c0000, 0x000000073f8c0000, 0x00000007c0000000)
 Metaspace       used 87943K, capacity 92611K, committed 92796K, reserved 1130496K
  class space    used 11684K, capacity 12494K, committed 12536K, reserved 1048576K
2021-12-27T09:20:32.173+0800: 139.678: [GC (Allocation Failure) 2021-12-27T09:20:32.174+0800: 139.678: [ParNew: 46771K->2907K(47936K), 0.0567009 secs] 86223K->44187K(154432K), 0.0646165 secs] [Times: user=0.03 sys=0.00, real=0.07 secs] 
Heap after GC invocations=89 (full 3):
 par new generation   total 47936K, used 2907K [0x0000000724400000, 0x0000000727800000, 0x00000007390c0000)
  eden space 42624K,   0% used [0x0000000724400000, 0x0000000724400000, 0x0000000726da0000)
  from space 5312K,  54% used [0x00000007272d0000, 0x00000007275a6eb0, 0x0000000727800000)
  to   space 5312K,   0% used [0x0000000726da0000, 0x0000000726da0000, 0x00000007272d0000)
 concurrent mark-sweep generation total 106496K, used 41279K [0x00000007390c0000, 0x000000073f8c0000, 0x00000007c0000000)
 Metaspace       used 87943K, capacity 92611K, committed 92796K, reserved 1130496K
  class space    used 11684K, capacity 12494K, committed 12536K, reserved 1048576K
}
2021-12-27T09:20:32.252+0800: 139.757: Application time: 0.0135767 seconds
2021-12-27T09:20:32.268+0800: 139.772: Application time: 0.0001974 seconds
2021-12-27T09:20:32.268+0800: 139.773: Application time: 0.0001599 seconds
2021-12-27T09:20:32.269+0800: 139.773: Application time: 0.0001972 seconds
2021-12-27T09:20:32.274+0800: 139.779: Application time: 0.0056343 seconds
2021-12-27T09:20:32.275+0800: 139.780: Application time: 0.0002323 seconds
2021-12-27T09:20:32.382+0800: 139.886: Application time: 0.1062571 seconds
2021-12-27T09:20:32.442+0800: 139.946: Application time: 0.0437539 seconds
2021-12-27T09:20:32.482+0800: 139.986: Application time: 0.0325501 seconds
2021-12-27T09:20:32.486+0800: 139.990: Application time: 0.0016854 seconds
2021-12-27T09:20:32.509+0800: 140.014: Application time: 0.0207665 seconds
2021-12-27T09:20:32.514+0800: 140.019: Application time: 0.0011427 seconds
2021-12-27T09:20:32.553+0800: 140.057: Application time: 0.0361632 seconds
2021-12-27T09:20:32.556+0800: 140.061: Application time: 0.0027593 seconds
2021-12-27T09:20:32.570+0800: 140.074: Application time: 0.0039552 seconds
2021-12-27T09:20:32.590+0800: 140.094: Application time: 0.0108843 seconds
2021-12-27T09:20:32.590+0800: 140.094: Application time: 0.0000934 seconds
2021-12-27T09:20:32.638+0800: 140.142: Application time: 0.0309221 seconds
2021-12-27T09:20:32.653+0800: 140.157: Application time: 0.0060656 seconds
2021-12-27T09:20:32.805+0800: 140.309: Application time: 0.1477276 seconds
2021-12-27T09:20:32.878+0800: 140.383: Application time: 0.0590929 seconds
2021-12-27T09:20:33.000+0800: 140.504: Application time: 0.1211580 seconds
2021-12-27T09:20:33.227+0800: 140.731: Application time: 0.2267392 seconds
2021-12-27T09:20:33.231+0800: 140.735: Application time: 0.0032859 seconds
2021-12-27T09:20:33.242+0800: 140.746: Application time: 0.0111681 seconds
2021-12-27T09:20:33.342+0800: 140.846: Application time: 0.0964255 seconds
2021-12-27T09:20:33.371+0800: 140.875: Application time: 0.0022192 seconds
2021-12-27T09:20:33.372+0800: 140.876: Application time: 0.0009885 seconds
2021-12-27T09:20:33.426+0800: 140.930: Application time: 0.0531035 seconds
2021-12-27T09:20:33.456+0800: 140.960: Application time: 0.0306416 seconds
{Heap before GC invocations=89 (full 3):
 par new generation   total 47936K, used 45531K [0x0000000724400000, 0x0000000727800000, 0x00000007390c0000)
  eden space 42624K, 100% used [0x0000000724400000, 0x0000000726da0000, 0x0000000726da0000)
  from space 5312K,  54% used [0x00000007272d0000, 0x00000007275a6eb0, 0x0000000727800000)
  to   space 5312K,   0% used [0x0000000726da0000, 0x0000000726da0000, 0x00000007272d0000)
 concurrent mark-sweep generation total 106496K, used 41279K [0x00000007390c0000, 0x000000073f8c0000, 0x00000007c0000000)
 Metaspace       used 89853K, capacity 94707K, committed 94844K, reserved 1132544K
  class space    used 11919K, capacity 12750K, committed 12792K, reserved 1048576K
2021-12-27T09:20:33.486+0800: 140.990: [GC (Allocation Failure) 2021-12-27T09:20:33.486+0800: 140.991: [ParNew: 45531K->4859K(47936K), 0.0538945 secs] 86811K->46138K(154432K), 0.0549213 secs] [Times: user=0.02 sys=0.00, real=0.05 secs] 
Heap after GC invocations=90 (full 3):
 par new generation   total 47936K, used 4859K [0x0000000724400000, 0x0000000727800000, 0x00000007390c0000)
  eden space 42624K,   0% used [0x0000000724400000, 0x0000000724400000, 0x0000000726da0000)
  from space 5312K,  91% used [0x0000000726da0000, 0x000000072725ecb8, 0x00000007272d0000)
  to   space 5312K,   0% used [0x00000007272d0000, 0x00000007272d0000, 0x0000000727800000)
 concurrent mark-sweep generation total 106496K, used 41279K [0x00000007390c0000, 0x000000073f8c0000, 0x00000007c0000000)
 Metaspace       used 89853K, capacity 94707K, committed 94844K, reserved 1132544K
  class space    used 11919K, capacity 12750K, committed 12792K, reserved 1048576K
}
2021-12-27T09:20:33.758+0800: 141.262: Application time: 0.2164000 seconds
2021-12-27T09:20:33.767+0800: 141.272: Application time: 0.0089298 seconds
2021-12-27T09:20:33.780+0800: 141.284: Application time: 0.0121607 seconds
2021-12-27T09:20:34.179+0800: 141.683: Application time: 0.3668255 seconds
{Heap before GC invocations=90 (full 3):
 par new generation   total 47936K, used 47483K [0x0000000724400000, 0x0000000727800000, 0x00000007390c0000)
  eden space 42624K, 100% used [0x0000000724400000, 0x0000000726da0000, 0x0000000726da0000)
  from space 5312K,  91% used [0x0000000726da0000, 0x000000072725ecb8, 0x00000007272d0000)
  to   space 5312K,   0% used [0x00000007272d0000, 0x00000007272d0000, 0x0000000727800000)
 concurrent mark-sweep generation total 106496K, used 41279K [0x00000007390c0000, 0x000000073f8c0000, 0x00000007c0000000)
 Metaspace       used 90587K, capacity 95429K, committed 95740K, reserved 1132544K
  class space    used 12018K, capacity 12857K, committed 12920K, reserved 1048576K
2021-12-27T09:20:34.180+0800: 141.685: [GC (Allocation Failure) 2021-12-27T09:20:34.181+0800: 141.685: [ParNew: 47483K->3308K(47936K), 0.0796385 secs] 88762K->47780K(154432K), 0.0850612 secs] [Times: user=0.03 sys=0.00, real=0.09 secs] 
Heap after GC invocations=91 (full 3):
 par new generation   total 47936K, used 3308K [0x0000000724400000, 0x0000000727800000, 0x00000007390c0000)
  eden space 42624K,   0% used [0x0000000724400000, 0x0000000724400000, 0x0000000726da0000)
  from space 5312K,  62% used [0x00000007272d0000, 0x000000072760b2b8, 0x0000000727800000)
  to   space 5312K,   0% used [0x0000000726da0000, 0x0000000726da0000, 0x00000007272d0000)
 concurrent mark-sweep generation total 106496K, used 44471K [0x00000007390c0000, 0x000000073f8c0000, 0x00000007c0000000)
 Metaspace       used 90587K, capacity 95429K, committed 95740K, reserved 1132544K
  class space    used 12018K, capacity 12857K, committed 12920K, reserved 1048576K
}
2021-12-27T09:20:34.455+0800: 141.960: Application time: 0.1889782 seconds
2021-12-27T09:20:34.464+0800: 141.969: Application time: 0.0015083 seconds
2021-12-27T09:20:34.465+0800: 141.969: Application time: 0.0000816 seconds
2021-12-27T09:20:34.551+0800: 142.055: Application time: 0.0859669 seconds
2021-12-27T09:20:34.930+0800: 142.435: Application time: 0.3666238 seconds
{Heap before GC invocations=91 (full 3):
 par new generation   total 47936K, used 45932K [0x0000000724400000, 0x0000000727800000, 0x00000007390c0000)
  eden space 42624K, 100% used [0x0000000724400000, 0x0000000726da0000, 0x0000000726da0000)
  from space 5312K,  62% used [0x00000007272d0000, 0x000000072760b2b8, 0x0000000727800000)
  to   space 5312K,   0% used [0x0000000726da0000, 0x0000000726da0000, 0x00000007272d0000)
 concurrent mark-sweep generation total 106496K, used 44471K [0x00000007390c0000, 0x000000073f8c0000, 0x00000007c0000000)
 Metaspace       used 91410K, capacity 96305K, committed 96636K, reserved 1132544K
  class space    used 12123K, capacity 12955K, committed 13048K, reserved 1048576K
2021-12-27T09:20:34.931+0800: 142.435: [GC (Allocation Failure) 2021-12-27T09:20:34.932+0800: 142.436: [ParNew: 45932K->1639K(47936K), 0.0360445 secs] 90404K->46111K(154432K), 0.0371357 secs] [Times: user=0.02 sys=0.00, real=0.04 secs] 
Heap after GC invocations=92 (full 3):
 par new generation   total 47936K, used 1639K [0x0000000724400000, 0x0000000727800000, 0x00000007390c0000)
  eden space 42624K,   0% used [0x0000000724400000, 0x0000000724400000, 0x0000000726da0000)
  from space 5312K,  30% used [0x0000000726da0000, 0x0000000726f39db0, 0x00000007272d0000)
  to   space 5312K,   0% used [0x00000007272d0000, 0x00000007272d0000, 0x0000000727800000)
 concurrent mark-sweep generation total 106496K, used 44471K [0x00000007390c0000, 0x000000073f8c0000, 0x00000007c0000000)
 Metaspace       used 91410K, capacity 96305K, committed 96636K, reserved 1132544K
  class space    used 12123K, capacity 12955K, committed 13048K, reserved 1048576K
}
2021-12-27T09:20:35.129+0800: 142.633: Application time: 0.1597114 seconds
2021-12-27T09:20:35.138+0800: 142.642: Application time: 0.0086040 seconds
2021-12-27T09:20:35.508+0800: 143.013: Application time: 0.3395032 seconds
{Heap before GC invocations=92 (full 3):
 par new generation   total 47936K, used 44263K [0x0000000724400000, 0x0000000727800000, 0x00000007390c0000)
  eden space 42624K, 100% used [0x0000000724400000, 0x0000000726da0000, 0x0000000726da0000)
  from space 5312K,  30% used [0x0000000726da0000, 0x0000000726f39db0, 0x00000007272d0000)
  to   space 5312K,   0% used [0x00000007272d0000, 0x00000007272d0000, 0x0000000727800000)
 concurrent mark-sweep generation total 106496K, used 44471K [0x00000007390c0000, 0x000000073f8c0000, 0x00000007c0000000)
 Metaspace       used 92155K, capacity 97007K, committed 97276K, reserved 1134592K
  class space    used 12240K, capacity 13056K, committed 13176K, reserved 1048576K
2021-12-27T09:20:35.518+0800: 143.022: [GC (Allocation Failure) 2021-12-27T09:20:35.518+0800: 143.022: [ParNew: 44263K->2131K(47936K), 0.0341894 secs] 88735K->46603K(154432K), 0.0354090 secs] [Times: user=0.02 sys=0.00, real=0.03 secs] 
Heap after GC invocations=93 (full 3):
 par new generation   total 47936K, used 2131K [0x0000000724400000, 0x0000000727800000, 0x00000007390c0000)
  eden space 42624K,   0% used [0x0000000724400000, 0x0000000724400000, 0x0000000726da0000)
  from space 5312K,  40% used [0x00000007272d0000, 0x00000007274e4c70, 0x0000000727800000)
  to   space 5312K,   0% used [0x0000000726da0000, 0x0000000726da0000, 0x00000007272d0000)
 concurrent mark-sweep generation total 106496K, used 44471K [0x00000007390c0000, 0x000000073f8c0000, 0x00000007c0000000)
 Metaspace       used 92155K, capacity 97007K, committed 97276K, reserved 1134592K
  class space    used 12240K, capacity 13056K, committed 13176K, reserved 1048576K
}
2021-12-27T09:20:35.558+0800: 143.062: Application time: 0.0043116 seconds
2021-12-27T09:20:35.678+0800: 143.182: Application time: 0.1197339 seconds
2021-12-27T09:20:35.765+0800: 143.269: Application time: 0.0851004 seconds
2021-12-27T09:20:35.804+0800: 143.308: Application time: 0.0390564 seconds
2021-12-27T09:20:35.804+0800: 143.315: Application time: 0.0064767 seconds
2021-12-27T09:20:35.811+0800: 143.315: Application time: 0.0001036 seconds
2021-12-27T09:20:35.811+0800: 143.315: Application time: 0.0000592 seconds
2021-12-27T09:20:35.811+0800: 143.315: Application time: 0.0000386 seconds
2021-12-27T09:20:35.811+0800: 143.315: Application time: 0.0000319 seconds
2021-12-27T09:20:35.915+0800: 143.419: Application time: 0.1039585 seconds
2021-12-27T09:20:35.915+0800: 143.420: Application time: 0.0000629 seconds
2021-12-27T09:20:35.916+0800: 143.420: Application time: 0.0000309 seconds
2021-12-27T09:20:35.916+0800: 143.420: Application time: 0.0000695 seconds
2021-12-27T09:20:35.916+0800: 143.420: Application time: 0.0000321 seconds
2021-12-27T09:20:35.916+0800: 143.420: Application time: 0.0000298 seconds
2021-12-27T09:20:35.916+0800: 143.420: Application time: 0.0000294 seconds
2021-12-27T09:20:35.916+0800: 143.420: Application time: 0.0000293 seconds
2021-12-27T09:20:35.916+0800: 143.420: Application time: 0.0000763 seconds
2021-12-27T09:20:35.916+0800: 143.424: Application time: 0.0037401 seconds
2021-12-27T09:20:35.937+0800: 143.442: Application time: 0.0120507 seconds
2021-12-27T09:20:35.938+0800: 143.442: Application time: 0.0001009 seconds
2021-12-27T09:20:35.938+0800: 143.442: Application time: 0.0001230 seconds
2021-12-27T09:20:35.938+0800: 143.442: Application time: 0.0001663 seconds
2021-12-27T09:20:35.954+0800: 143.458: Application time: 0.0156864 seconds
2021-12-27T09:20:35.967+0800: 143.471: Application time: 0.0122117 seconds
2021-12-27T09:20:35.997+0800: 143.501: Application time: 0.0199187 seconds
2021-12-27T09:20:36.048+0800: 143.552: Application time: 0.0429093 seconds
2021-12-27T09:20:36.134+0800: 143.638: Application time: 0.0858649 seconds
2021-12-27T09:20:36.136+0800: 143.640: Application time: 0.0012459 seconds
2021-12-27T09:20:36.137+0800: 143.641: Application time: 0.0005734 seconds
2021-12-27T09:20:36.201+0800: 143.705: Application time: 0.0636396 seconds
2021-12-27T09:20:36.205+0800: 143.709: Application time: 0.0039593 seconds
2021-12-27T09:20:36.206+0800: 143.711: Application time: 0.0014737 seconds
2021-12-27T09:20:36.209+0800: 143.713: Application time: 0.0012431 seconds
2021-12-27T09:20:36.210+0800: 143.714: Application time: 0.0000837 seconds
2021-12-27T09:20:36.210+0800: 143.714: Application time: 0.0000844 seconds
2021-12-27T09:20:36.211+0800: 143.715: Application time: 0.0000382 seconds
2021-12-27T09:20:36.309+0800: 143.813: Application time: 0.0970444 seconds
2021-12-27T09:20:36.309+0800: 143.813: Application time: 0.0000658 seconds
2021-12-27T09:20:36.317+0800: 143.821: Application time: 0.0076831 seconds
2021-12-27T09:20:36.338+0800: 143.842: Application time: 0.0186136 seconds
2021-12-27T09:20:36.342+0800: 143.846: Application time: 0.0026613 seconds
2021-12-27T09:20:36.352+0800: 143.856: Application time: 0.0015151 seconds
2021-12-27T09:20:36.357+0800: 143.861: Application time: 0.0022632 seconds
2021-12-27T09:20:36.362+0800: 143.866: Application time: 0.0008018 seconds
2021-12-27T09:20:36.362+0800: 143.866: Application time: 0.0000608 seconds
2021-12-27T09:20:36.362+0800: 143.867: Application time: 0.0005204 seconds
2021-12-27T09:20:36.363+0800: 143.867: Application time: 0.0000548 seconds
2021-12-27T09:20:36.363+0800: 143.868: Application time: 0.0000375 seconds
2021-12-27T09:20:36.364+0800: 143.868: Application time: 0.0000764 seconds
2021-12-27T09:20:36.364+0800: 143.868: Application time: 0.0000376 seconds
2021-12-27T09:20:36.364+0800: 143.869: Application time: 0.0000859 seconds
2021-12-27T09:20:36.365+0800: 143.869: Application time: 0.0000856 seconds
2021-12-27T09:20:36.365+0800: 143.869: Application time: 0.0001236 seconds
2021-12-27T09:20:36.365+0800: 143.870: Application time: 0.0002103 seconds
2021-12-27T09:20:36.366+0800: 143.870: Application time: 0.0001210 seconds
2021-12-27T09:20:36.366+0800: 143.870: Application time: 0.0000440 seconds
2021-12-27T09:20:36.366+0800: 143.870: Application time: 0.0000875 seconds
2021-12-27T09:20:36.366+0800: 143.871: Application time: 0.0001106 seconds
2021-12-27T09:20:36.367+0800: 143.871: Application time: 0.0000442 seconds
2021-12-27T09:20:36.367+0800: 143.872: Application time: 0.0010361 seconds
2021-12-27T09:20:36.447+0800: 143.951: Application time: 0.0759031 seconds
2021-12-27T09:20:37.426+0800: 144.953: Application time: 1.0003153 seconds
2021-12-27T09:20:38.426+0800: 145.953: Application time: 1.0002983 seconds
2021-12-27T09:20:39.426+0800: 146.953: Application time: 1.0000606 seconds
2021-12-27T09:20:40.427+0800: 147.954: Application time: 1.0007526 seconds
2021-12-27T09:20:40.825+0800: 148.352: Application time: 0.3977641 seconds
2021-12-27T09:20:41.825+0800: 149.353: Application time: 1.0002093 seconds
2021-12-27T09:20:42.826+0800: 150.353: Application time: 1.0008233 seconds
2021-12-27T09:20:43.827+0800: 151.355: Application time: 1.0009128 seconds
2021-12-27T09:20:44.829+0800: 152.356: Application time: 1.0012678 seconds
2021-12-27T09:20:45.830+0800: 153.357: Application time: 1.0007693 seconds
2021-12-27T09:20:47.831+0800: 155.359: Application time: 2.0016284 seconds
2021-12-27T09:20:48.832+0800: 156.359: Application time: 1.0004338 seconds
2021-12-27T09:20:49.832+0800: 157.361: Application time: 1.0012464 seconds
2021-12-27T09:20:50.954+0800: 158.481: Application time: 1.1202859 seconds
2021-12-27T09:20:51.954+0800: 159.482: Application time: 1.0001706 seconds
2021-12-27T09:20:52.955+0800: 160.482: Application time: 1.0005747 seconds
2021-12-27T09:20:53.956+0800: 161.483: Application time: 1.0003345 seconds
2021-12-27T09:20:54.956+0800: 162.483: Application time: 1.0002359 seconds
2021-12-27T09:20:55.957+0800: 163.484: Application time: 1.0007292 seconds
2021-12-27T09:20:56.958+0800: 164.485: Application time: 1.0008402 seconds
2021-12-27T09:20:57.617+0800: 165.145: Application time: 0.6594965 seconds
{Heap before GC invocations=93 (full 3):
 par new generation   total 47936K, used 44754K [0x0000000724400000, 0x0000000727800000, 0x00000007390c0000)
  eden space 42624K,  99% used [0x0000000724400000, 0x0000000726d9ff30, 0x0000000726da0000)
  from space 5312K,  40% used [0x00000007272d0000, 0x00000007274e4c70, 0x0000000727800000)
  to   space 5312K,   0% used [0x0000000726da0000, 0x0000000726da0000, 0x00000007272d0000)
 concurrent mark-sweep generation total 106496K, used 44471K [0x00000007390c0000, 0x000000073f8c0000, 0x00000007c0000000)
 Metaspace       used 93413K, capacity 98347K, committed 98428K, reserved 1134592K
  class space    used 12393K, capacity 13228K, committed 13304K, reserved 1048576K
2021-12-27T09:20:57.619+0800: 165.146: [GC (Allocation Failure) 2021-12-27T09:20:57.619+0800: 165.147: [ParNew: 44754K->2169K(47936K), 0.0050898 secs] 89226K->46641K(154432K), 0.0061551 secs] [Times: user=0.01 sys=0.00, real=0.01 secs] 
Heap after GC invocations=94 (full 3):
 par new generation   total 47936K, used 2169K [0x0000000724400000, 0x0000000727800000, 0x00000007390c0000)
  eden space 42624K,   0% used [0x0000000724400000, 0x0000000724400000, 0x0000000726da0000)
  from space 5312K,  40% used [0x0000000726da0000, 0x0000000726fbe700, 0x00000007272d0000)
  to   space 5312K,   0% used [0x00000007272d0000, 0x00000007272d0000, 0x0000000727800000)
 concurrent mark-sweep generation total 106496K, used 44471K [0x00000007390c0000, 0x000000073f8c0000, 0x00000007c0000000)
 Metaspace       used 93413K, capacity 98347K, committed 98428K, reserved 1134592K
  class space    used 12393K, capacity 13228K, committed 13304K, reserved 1048576K
}
2021-12-27T09:20:58.626+0800: 166.154: Application time: 1.0002579 seconds
2021-12-27T09:20:59.627+0800: 167.154: Application time: 1.0002275 seconds
2021-12-27T09:21:00.001+0800: 167.528: Application time: 0.3738666 seconds
2021-12-27T09:21:01.001+0800: 168.528: Application time: 1.0001618 seconds
2021-12-27T09:21:01.351+0800: 168.879: Application time: 0.3503854 seconds
2021-12-27T09:21:01.352+0800: 168.879: Application time: 0.0001838 seconds
2021-12-27T09:21:01.355+0800: 168.882: Application time: 0.0032431 seconds
2021-12-27T09:21:01.358+0800: 168.885: Application time: 0.0009888 seconds
2021-12-27T09:21:01.359+0800: 168.886: Application time: 0.0010160 seconds
2021-12-27T09:21:02.361+0800: 169.889: Application time: 1.0002804 seconds
2021-12-27T09:21:05.362+0800: 172.889: Application time: 3.0005911 seconds
2021-12-27T09:21:06.048+0800: 173.575: Application time: 0.6852875 seconds
2021-12-27T09:21:06.049+0800: 173.577: Application time: 0.0015460 seconds
2021-12-27T09:21:06.050+0800: 173.577: Application time: 0.0001670 seconds
2021-12-27T09:21:06.052+0800: 173.580: Application time: 0.0023586 seconds
2021-12-27T09:21:07.030+0800: 174.581: Application time: 1.0008267 seconds
2021-12-27T09:21:08.031+0800: 175.581: Application time: 1.0003527 seconds
2021-12-27T09:21:09.031+0800: 176.582: Application time: 1.0005321 seconds
2021-12-27T09:21:10.032+0800: 177.584: Application time: 1.0014301 seconds
2021-12-27T09:21:11.033+0800: 178.584: Application time: 1.0001437 seconds
2021-12-27T09:21:12.034+0800: 179.584: Application time: 1.0002628 seconds
2021-12-27T09:21:15.036+0800: 182.587: Application time: 3.0021884 seconds
2021-12-27T09:21:16.037+0800: 183.588: Application time: 1.0009565 seconds
2021-12-27T09:21:17.039+0800: 184.589: Application time: 1.0013043 seconds
2021-12-27T09:21:18.040+0800: 185.590: Application time: 1.0006167 seconds
2021-12-27T09:21:19.042+0800: 186.593: Application time: 1.0026892 seconds
2021-12-27T09:21:20.043+0800: 187.594: Application time: 1.0003399 seconds
2021-12-27T09:21:21.044+0800: 188.594: Application time: 1.0007032 seconds
2021-12-27T09:21:21.113+0800: 188.664: Application time: 0.0689602 seconds
2021-12-27T09:21:22.113+0800: 189.664: Application time: 1.0003264 seconds
2021-12-27T09:21:23.114+0800: 190.664: Application time: 1.0002085 seconds
2021-12-27T09:21:24.114+0800: 191.665: Application time: 1.0002811 seconds
2021-12-27T09:21:25.115+0800: 192.668: Application time: 1.0025511 seconds
2021-12-27T09:21:26.118+0800: 193.668: Application time: 1.0003297 seconds
2021-12-27T09:21:27.118+0800: 194.669: Application time: 1.0002179 seconds
2021-12-27T09:21:28.118+0800: 195.669: Application time: 1.0001924 seconds
2021-12-27T09:21:30.121+0800: 197.671: Application time: 2.0022072 seconds
2021-12-27T09:21:31.108+0800: 198.658: Application time: 0.9867422 seconds
2021-12-27T09:21:31.108+0800: 198.658: Application time: 0.0001648 seconds
2021-12-27T09:21:32.110+0800: 199.661: Application time: 1.0025235 seconds
2021-12-27T09:21:35.114+0800: 202.665: Application time: 3.0032256 seconds
2021-12-27T09:21:36.034+0800: 203.584: Application time: 0.9194973 seconds
2021-12-27T09:21:36.038+0800: 203.588: Application time: 0.0036880 seconds
2021-12-27T09:21:37.015+0800: 204.589: Application time: 1.0002774 seconds
2021-12-27T09:21:41.023+0800: 208.597: Application time: 4.0075418 seconds
2021-12-27T09:21:42.025+0800: 209.598: Application time: 1.0014445 seconds
2021-12-27T09:21:44.027+0800: 211.602: Application time: 2.0033702 seconds
2021-12-27T09:21:45.029+0800: 212.603: Application time: 1.0012298 seconds
2021-12-27T09:21:46.031+0800: 213.604: Application time: 1.0010078 seconds
2021-12-27T09:21:47.031+0800: 214.605: Application time: 1.0006201 seconds
2021-12-27T09:21:48.032+0800: 215.606: Application time: 1.0002493 seconds
2021-12-27T09:21:49.033+0800: 216.606: Application time: 1.0005467 seconds
2021-12-27T09:21:51.033+0800: 218.607: Application time: 2.0007154 seconds
2021-12-27T09:21:52.034+0800: 219.608: Application time: 1.0004658 seconds
2021-12-27T09:21:54.036+0800: 221.609: Application time: 2.0012237 seconds
2021-12-27T09:21:55.036+0800: 222.610: Application time: 1.0002844 seconds
2021-12-27T09:21:56.036+0800: 223.610: Application time: 1.0003176 seconds
2021-12-27T09:21:57.037+0800: 224.611: Application time: 1.0009148 seconds
2021-12-27T09:21:59.039+0800: 226.613: Application time: 2.0013048 seconds
2021-12-27T09:22:00.041+0800: 227.614: Application time: 1.0015102 seconds
2021-12-27T09:22:02.041+0800: 229.616: Application time: 2.0012635 seconds
2021-12-27T09:22:02.370+0800: 229.944: Application time: 0.3277618 seconds
2021-12-27T09:22:02.370+0800: 229.944: Application time: 0.0001790 seconds
2021-12-27T09:22:02.371+0800: 229.944: Application time: 0.0003530 seconds
2021-12-27T09:22:03.371+0800: 230.945: Application time: 1.0003789 seconds
2021-12-27T09:22:04.372+0800: 231.945: Application time: 1.0003653 seconds
2021-12-27T09:22:05.373+0800: 232.946: Application time: 1.0004740 seconds
2021-12-27T09:22:06.373+0800: 233.947: Application time: 1.0001857 seconds
2021-12-27T09:22:07.350+0800: 234.947: Application time: 1.0003414 seconds
2021-12-27T09:22:10.352+0800: 237.949: Application time: 3.0014890 seconds
2021-12-27T09:22:12.354+0800: 239.951: Application time: 2.0015480 seconds
2021-12-27T09:22:15.355+0800: 242.952: Application time: 3.0011378 seconds
2021-12-27T09:22:16.356+0800: 243.952: Application time: 1.0002618 seconds
2021-12-27T09:22:17.356+0800: 244.953: Application time: 1.0005461 seconds
2021-12-27T09:22:18.357+0800: 245.954: Application time: 1.0008506 seconds
2021-12-27T09:22:20.359+0800: 247.956: Application time: 2.0012980 seconds
2021-12-27T09:22:22.359+0800: 249.956: Application time: 2.0004248 seconds
2021-12-27T09:22:23.360+0800: 250.957: Application time: 1.0005100 seconds
2021-12-27T09:22:24.360+0800: 251.957: Application time: 1.0001824 seconds
2021-12-27T09:22:26.361+0800: 253.958: Application time: 2.0006075 seconds
2021-12-27T09:22:27.493+0800: 255.090: Application time: 1.1313802 seconds
2021-12-27T09:22:27.495+0800: 255.091: Application time: 0.0016673 seconds
2021-12-27T09:22:28.495+0800: 256.092: Application time: 1.0002922 seconds
2021-12-27T09:22:31.497+0800: 259.093: Application time: 3.0013955 seconds
2021-12-27T09:22:36.012+0800: 263.609: Application time: 4.5150236 seconds
2021-12-27T09:22:36.994+0800: 264.614: Application time: 1.0044760 seconds
2021-12-27T09:22:37.996+0800: 265.616: Application time: 1.0026329 seconds
2021-12-27T09:22:38.997+0800: 266.617: Application time: 1.0007146 seconds
2021-12-27T09:22:41.001+0800: 268.623: Application time: 2.0048757 seconds
2021-12-27T09:22:49.006+0800: 276.626: Application time: 8.0035994 seconds
2021-12-27T09:22:51.011+0800: 278.631: Application time: 2.0046729 seconds
2021-12-27T09:22:52.016+0800: 279.636: Application time: 1.0049065 seconds
2021-12-27T09:22:55.020+0800: 282.640: Application time: 3.0040169 seconds
2021-12-27T09:22:56.022+0800: 283.642: Application time: 1.0017432 seconds
2021-12-27T09:22:59.024+0800: 286.644: Application time: 3.0014462 seconds
2021-12-27T09:23:02.026+0800: 289.646: Application time: 3.0021192 seconds
2021-12-27T09:23:03.027+0800: 290.647: Application time: 1.0007004 seconds
2021-12-27T09:23:04.028+0800: 291.648: Application time: 1.0003511 seconds
2021-12-27T09:23:05.030+0800: 292.650: Application time: 1.0021743 seconds
2021-12-27T09:23:05.993+0800: 293.613: Application time: 0.9624583 seconds
2021-12-27T09:23:06.970+0800: 294.613: Application time: 1.0002525 seconds
2021-12-27T09:23:08.973+0800: 296.616: Application time: 2.0021324 seconds
2021-12-27T09:23:10.974+0800: 298.618: Application time: 2.0020149 seconds
2021-12-27T09:23:11.976+0800: 299.619: Application time: 1.0007131 seconds
2021-12-27T09:23:20.994+0800: 308.637: Application time: 9.0180280 seconds
2021-12-27T09:23:21.995+0800: 309.638: Application time: 1.0007722 seconds
2021-12-27T09:23:22.996+0800: 310.639: Application time: 1.0008731 seconds
2021-12-27T09:23:23.998+0800: 311.641: Application time: 1.0013733 seconds
2021-12-27T09:23:26.001+0800: 313.645: Application time: 2.0034584 seconds
2021-12-27T09:23:27.008+0800: 314.651: Application time: 1.0062322 seconds
2021-12-27T09:23:28.015+0800: 315.658: Application time: 1.0065535 seconds
2021-12-27T09:23:32.020+0800: 319.663: Application time: 4.0046702 seconds
2021-12-27T09:23:36.026+0800: 323.669: Application time: 4.0060992 seconds
2021-12-27T09:23:37.009+0800: 324.673: Application time: 1.0033578 seconds
2021-12-27T09:23:42.035+0800: 329.699: Application time: 5.0262901 seconds
2021-12-27T09:23:43.038+0800: 330.701: Application time: 1.0020701 seconds
2021-12-27T09:23:44.040+0800: 331.705: Application time: 1.0038709 seconds
2021-12-27T09:23:45.042+0800: 332.706: Application time: 1.0006397 seconds
2021-12-27T09:23:46.044+0800: 333.708: Application time: 1.0011601 seconds
2021-12-27T09:23:47.044+0800: 334.708: Application time: 1.0003132 seconds
2021-12-27T09:23:48.045+0800: 335.709: Application time: 1.0008704 seconds
2021-12-27T09:23:51.046+0800: 338.710: Application time: 3.0009320 seconds
2021-12-27T09:23:53.048+0800: 340.712: Application time: 2.0013156 seconds
2021-12-27T09:23:54.049+0800: 341.713: Application time: 1.0004613 seconds
2021-12-27T09:23:58.059+0800: 345.723: Application time: 4.0100157 seconds
2021-12-27T09:23:59.059+0800: 346.723: Application time: 1.0002814 seconds
2021-12-27T09:24:02.060+0800: 349.724: Application time: 3.0005878 seconds
2021-12-27T09:24:06.062+0800: 353.726: Application time: 4.0021521 seconds
2021-12-27T09:24:07.037+0800: 354.727: Application time: 1.0002618 seconds
2021-12-27T09:24:12.041+0800: 359.731: Application time: 5.0038324 seconds
2021-12-27T09:24:16.048+0800: 363.739: Application time: 4.0086049 seconds
2021-12-27T09:24:17.051+0800: 364.740: Application time: 1.0006415 seconds
2021-12-27T09:24:19.055+0800: 366.745: Application time: 2.0043911 seconds
2021-12-27T09:24:20.057+0800: 367.747: Application time: 1.0019304 seconds
2021-12-27T09:24:21.060+0800: 368.749: Application time: 1.0018045 seconds
2021-12-27T09:24:24.069+0800: 371.759: Application time: 3.0094022 seconds
2021-12-27T09:24:25.070+0800: 372.759: Application time: 1.0001816 seconds
2021-12-27T09:24:26.071+0800: 373.761: Application time: 1.0014770 seconds
2021-12-27T09:24:30.075+0800: 377.764: Application time: 4.0033913 seconds
2021-12-27T09:24:31.076+0800: 378.766: Application time: 1.0010736 seconds
2021-12-27T09:24:32.076+0800: 379.766: Application time: 1.0001366 seconds
2021-12-27T09:24:34.079+0800: 381.769: Application time: 2.0024605 seconds
2021-12-27T09:24:36.080+0800: 383.770: Application time: 2.0012137 seconds
2021-12-27T09:24:37.058+0800: 384.771: Application time: 1.0010221 seconds
2021-12-27T09:24:39.060+0800: 386.775: Application time: 2.0033909 seconds
2021-12-27T09:24:40.063+0800: 387.775: Application time: 1.0003483 seconds
2021-12-27T09:24:43.068+0800: 390.780: Application time: 3.0046861 seconds
2021-12-27T09:24:44.070+0800: 391.782: Application time: 1.0017656 seconds
2021-12-27T09:24:46.072+0800: 393.784: Application time: 2.0020230 seconds
2021-12-27T09:24:51.082+0800: 398.795: Application time: 5.0104685 seconds
2021-12-27T09:24:56.096+0800: 403.809: Application time: 5.0133945 seconds
2021-12-27T09:24:57.098+0800: 404.811: Application time: 1.0017738 seconds
2021-12-27T09:24:58.098+0800: 405.811: Application time: 1.0002372 seconds
2021-12-27T09:25:02.101+0800: 409.813: Application time: 4.0021177 seconds
2021-12-27T09:25:04.101+0800: 411.814: Application time: 2.0004058 seconds
2021-12-27T09:25:06.104+0800: 413.817: Application time: 2.0027595 seconds
2021-12-27T09:25:16.086+0800: 423.822: Application time: 10.0046101 seconds
2021-12-27T09:25:19.090+0800: 426.826: Application time: 3.0043173 seconds
2021-12-27T09:25:20.094+0800: 427.832: Application time: 1.0052714 seconds
2021-12-27T09:25:21.099+0800: 428.835: Application time: 1.0029435 seconds
2021-12-27T09:25:24.120+0800: 431.856: Application time: 3.0210847 seconds
2021-12-27T09:25:27.122+0800: 434.858: Application time: 3.0011410 seconds
2021-12-27T09:25:29.128+0800: 436.864: Application time: 2.0061034 seconds
2021-12-27T09:25:32.129+0800: 439.865: Application time: 3.0012984 seconds
2021-12-27T09:25:33.135+0800: 440.871: Application time: 1.0058393 seconds
2021-12-27T09:25:36.138+0800: 443.874: Application time: 3.0020412 seconds
2021-12-27T09:25:37.115+0800: 444.874: Application time: 1.0002447 seconds
2021-12-27T09:25:44.127+0800: 451.886: Application time: 7.0117211 seconds
2021-12-27T09:25:48.131+0800: 455.890: Application time: 4.0036205 seconds
2021-12-27T09:25:48.193+0800: 455.953: Application time: 0.0624802 seconds
{Heap before GC invocations=94 (full 3):
 par new generation   total 47936K, used 44793K [0x0000000724400000, 0x0000000727800000, 0x00000007390c0000)
  eden space 42624K, 100% used [0x0000000724400000, 0x0000000726da0000, 0x0000000726da0000)
  from space 5312K,  40% used [0x0000000726da0000, 0x0000000726fbe700, 0x00000007272d0000)
  to   space 5312K,   0% used [0x00000007272d0000, 0x00000007272d0000, 0x0000000727800000)
 concurrent mark-sweep generation total 106496K, used 44471K [0x00000007390c0000, 0x000000073f8c0000, 0x00000007c0000000)
 Metaspace       used 94559K, capacity 99593K, committed 99708K, reserved 1136640K
  class space    used 12411K, capacity 13279K, committed 13304K, reserved 1048576K
2021-12-27T09:25:48.194+0800: 455.953: [GC (Allocation Failure) 2021-12-27T09:25:48.195+0800: 455.954: [ParNew: 44793K->2430K(47936K), 0.0056118 secs] 89265K->46902K(154432K), 0.0065881 secs] [Times: user=0.01 sys=0.00, real=0.01 secs] 
Heap after GC invocations=95 (full 3):
 par new generation   total 47936K, used 2430K [0x0000000724400000, 0x0000000727800000, 0x00000007390c0000)
  eden space 42624K,   0% used [0x0000000724400000, 0x0000000724400000, 0x0000000726da0000)
  from space 5312K,  45% used [0x00000007272d0000, 0x000000072752f900, 0x0000000727800000)
  to   space 5312K,   0% used [0x0000000726da0000, 0x0000000726da0000, 0x00000007272d0000)
 concurrent mark-sweep generation total 106496K, used 44471K [0x00000007390c0000, 0x000000073f8c0000, 0x00000007c0000000)
 Metaspace       used 94559K, capacity 99593K, committed 99708K, reserved 1136640K
  class space    used 12411K, capacity 13279K, committed 13304K, reserved 1048576K
}
2021-12-27T09:25:49.203+0800: 456.962: Application time: 1.0008044 seconds
2021-12-27T09:25:56.210+0800: 463.969: Application time: 7.0073322 seconds
2021-12-27T09:25:58.211+0800: 465.970: Application time: 2.0007170 seconds
2021-12-27T09:25:59.213+0800: 466.972: Application time: 1.0014508 seconds
2021-12-27T09:26:01.217+0800: 468.979: Application time: 2.0069659 seconds
2021-12-27T09:26:02.220+0800: 469.979: Application time: 1.0001700 seconds
2021-12-27T09:26:06.223+0800: 473.982: Application time: 4.0028407 seconds
2021-12-27T09:26:07.201+0800: 474.983: Application time: 1.0004795 seconds
2021-12-27T09:26:08.202+0800: 475.984: Application time: 1.0013429 seconds
2021-12-27T09:26:09.203+0800: 476.985: Application time: 1.0005559 seconds
2021-12-27T09:26:20.213+0800: 487.995: Application time: 11.0095072 seconds
2021-12-27T09:26:24.216+0800: 491.998: Application time: 4.0025823 seconds
2021-12-27T09:26:25.219+0800: 493.001: Application time: 1.0033803 seconds
2021-12-27T09:26:26.220+0800: 494.002: Application time: 1.0004939 seconds
2021-12-27T09:26:27.222+0800: 495.004: Application time: 1.0017491 seconds
2021-12-27T09:26:29.223+0800: 497.005: Application time: 2.0009261 seconds
2021-12-27T09:26:30.228+0800: 498.010: Application time: 1.0046674 seconds
2021-12-27T09:26:31.228+0800: 499.011: Application time: 1.0001198 seconds
2021-12-27T09:26:32.229+0800: 500.012: Application time: 1.0014720 seconds
2021-12-27T09:26:37.213+0800: 505.018: Application time: 5.0055749 seconds
2021-12-27T09:26:40.216+0800: 508.021: Application time: 3.0028814 seconds
2021-12-27T09:26:41.023+0800: 508.828: Application time: 0.8067124 seconds
2021-12-27T09:26:42.024+0800: 509.829: Application time: 1.0006951 seconds
2021-12-27T09:26:44.026+0800: 511.831: Application time: 2.0019726 seconds
2021-12-27T09:26:50.041+0800: 517.846: Application time: 6.0145067 seconds
2021-12-27T09:26:51.042+0800: 518.847: Application time: 1.0007874 seconds
2021-12-27T09:27:02.058+0800: 529.863: Application time: 11.0158956 seconds
2021-12-27T09:27:06.061+0800: 533.866: Application time: 4.0024946 seconds
2021-12-27T09:27:15.054+0800: 542.882: Application time: 9.0157568 seconds
2021-12-27T09:27:32.070+0800: 559.898: Application time: 17.0160102 seconds
2021-12-27T09:27:37.048+0800: 564.900: Application time: 5.0008451 seconds
2021-12-27T09:27:41.852+0800: 569.704: Application time: 4.8038166 seconds
2021-12-27T09:27:42.853+0800: 570.706: Application time: 1.0015632 seconds
2021-12-27T09:27:58.868+0800: 586.720: Application time: 16.0144740 seconds
2021-12-27T09:27:59.870+0800: 587.722: Application time: 1.0011101 seconds
2021-12-27T09:28:05.873+0800: 593.724: Application time: 6.0026672 seconds
2021-12-27T09:28:06.850+0800: 594.725: Application time: 1.0003037 seconds
2021-12-27T09:28:12.852+0800: 600.727: Application time: 6.0015039 seconds
2021-12-27T09:28:13.852+0800: 601.727: Application time: 1.0006941 seconds
2021-12-27T09:28:18.874+0800: 606.749: Application time: 5.0206373 seconds
2021-12-27T09:28:23.876+0800: 611.751: Application time: 5.0016654 seconds
2021-12-27T09:28:24.876+0800: 612.751: Application time: 1.0003369 seconds
2021-12-27T09:28:27.877+0800: 615.752: Application time: 3.0009222 seconds
2021-12-27T09:28:30.878+0800: 618.753: Application time: 3.0007733 seconds
2021-12-27T09:28:31.879+0800: 619.754: Application time: 1.0003602 seconds
2021-12-27T09:28:33.881+0800: 621.756: Application time: 2.0020393 seconds
2021-12-27T09:28:34.883+0800: 622.760: Application time: 1.0035678 seconds
2021-12-27T09:28:35.886+0800: 623.761: Application time: 1.0006632 seconds
2021-12-27T09:28:49.878+0800: 637.777: Application time: 14.0156795 seconds
2021-12-27T09:28:50.880+0800: 638.778: Application time: 1.0017322 seconds
2021-12-27T09:29:01.889+0800: 649.787: Application time: 11.0082675 seconds
2021-12-27T09:29:05.892+0800: 653.790: Application time: 4.0026429 seconds
2021-12-27T09:29:06.870+0800: 654.792: Application time: 1.0018207 seconds
2021-12-27T09:29:07.872+0800: 655.793: Application time: 1.0010518 seconds
2021-12-27T09:29:31.891+0800: 679.812: Application time: 24.0190961 seconds
2021-12-27T09:29:35.892+0800: 683.814: Application time: 4.0011406 seconds
2021-12-27T09:30:00.885+0800: 708.829: Application time: 25.0149696 seconds
2021-12-27T09:30:01.885+0800: 709.830: Application time: 1.0001585 seconds
2021-12-27T09:30:02.886+0800: 710.830: Application time: 1.0002014 seconds
2021-12-27T09:30:05.888+0800: 713.832: Application time: 3.0018445 seconds
2021-12-27T09:30:06.868+0800: 714.835: Application time: 1.0001902 seconds
2021-12-27T09:30:19.874+0800: 727.841: Application time: 13.0055812 seconds
2021-12-27T09:30:25.876+0800: 733.844: Application time: 6.0022969 seconds
2021-12-27T09:30:30.879+0800: 738.846: Application time: 5.0024489 seconds
2021-12-27T09:30:35.881+0800: 743.848: Application time: 5.0019104 seconds
2021-12-27T09:30:47.868+0800: 755.859: Application time: 12.0101212 seconds
2021-12-27T09:30:48.869+0800: 756.860: Application time: 1.0011258 seconds
2021-12-27T09:31:01.877+0800: 769.868: Application time: 13.0077158 seconds
2021-12-27T09:31:03.879+0800: 771.870: Application time: 2.0019719 seconds
2021-12-27T09:31:05.752+0800: 773.743: Application time: 1.8725569 seconds
{Heap before GC invocations=95 (full 3):
 par new generation   total 47936K, used 45054K [0x0000000724400000, 0x0000000727800000, 0x00000007390c0000)
  eden space 42624K, 100% used [0x0000000724400000, 0x0000000726da0000, 0x0000000726da0000)
  from space 5312K,  45% used [0x00000007272d0000, 0x000000072752f900, 0x0000000727800000)
  to   space 5312K,   0% used [0x0000000726da0000, 0x0000000726da0000, 0x00000007272d0000)
 concurrent mark-sweep generation total 106496K, used 44471K [0x00000007390c0000, 0x000000073f8c0000, 0x00000007c0000000)
 Metaspace       used 94822K, capacity 99831K, committed 99964K, reserved 1136640K
  class space    used 12414K, capacity 13286K, committed 13304K, reserved 1048576K
2021-12-27T09:31:05.753+0800: 773.744: [GC (Allocation Failure) 2021-12-27T09:31:05.754+0800: 773.745: [ParNew: 45054K->3004K(47936K), 0.0058646 secs] 89526K->47476K(154432K), 0.0069857 secs] [Times: user=0.01 sys=0.00, real=0.01 secs] 
Heap after GC invocations=96 (full 3):
 par new generation   total 47936K, used 3004K [0x0000000724400000, 0x0000000727800000, 0x00000007390c0000)
  eden space 42624K,   0% used [0x0000000724400000, 0x0000000724400000, 0x0000000726da0000)
  from space 5312K,  56% used [0x0000000726da0000, 0x000000072708f310, 0x00000007272d0000)
  to   space 5312K,   0% used [0x00000007272d0000, 0x00000007272d0000, 0x0000000727800000)
 concurrent mark-sweep generation total 106496K, used 44471K [0x00000007390c0000, 0x000000073f8c0000, 0x00000007c0000000)
 Metaspace       used 94822K, capacity 99831K, committed 99964K, reserved 1136640K
  class space    used 12414K, capacity 13286K, committed 13304K, reserved 1048576K
}
2021-12-27T09:31:06.740+0800: 774.754: Application time: 1.0020422 seconds
2021-12-27T09:31:10.746+0800: 778.759: Application time: 4.0049087 seconds
2021-12-27T09:31:18.752+0800: 786.765: Application time: 8.0058922 seconds
2021-12-27T09:31:21.754+0800: 789.767: Application time: 3.0018183 seconds
2021-12-27T09:31:22.754+0800: 790.769: Application time: 1.0014625 seconds
2021-12-27T09:31:26.759+0800: 794.773: Application time: 4.0032904 seconds
2021-12-27T09:31:30.761+0800: 798.775: Application time: 4.0019775 seconds
2021-12-27T09:31:31.761+0800: 799.775: Application time: 1.0002679 seconds
2021-12-27T09:31:35.768+0800: 803.782: Application time: 4.0062513 seconds
2021-12-27T09:31:36.746+0800: 804.783: Application time: 1.0012841 seconds
2021-12-27T09:31:37.747+0800: 805.784: Application time: 1.0004463 seconds
2021-12-27T09:31:40.750+0800: 808.787: Application time: 3.0027945 seconds
2021-12-27T09:31:41.750+0800: 809.787: Application time: 1.0003590 seconds
2021-12-27T09:31:42.752+0800: 810.789: Application time: 1.0011474 seconds
2021-12-27T09:31:53.756+0800: 821.794: Application time: 11.0046676 seconds
2021-12-27T09:31:57.758+0800: 825.795: Application time: 4.0017554 seconds
2021-12-27T09:31:58.759+0800: 826.796: Application time: 1.0001646 seconds
2021-12-27T09:32:01.759+0800: 829.796: Application time: 3.0004395 seconds
2021-12-27T09:32:20.747+0800: 848.808: Application time: 19.0118740 seconds
2021-12-27T09:32:25.752+0800: 853.812: Application time: 5.0036150 seconds
2021-12-27T09:32:31.760+0800: 859.820: Application time: 6.0074617 seconds
2021-12-27T09:32:33.762+0800: 861.822: Application time: 2.0017718 seconds
2021-12-27T09:32:34.762+0800: 862.822: Application time: 1.0001760 seconds
2021-12-27T09:32:35.763+0800: 863.823: Application time: 1.0006367 seconds
2021-12-27T09:32:43.744+0800: 871.827: Application time: 8.0036225 seconds
2021-12-27T09:33:00.758+0800: 888.841: Application time: 17.0136508 seconds
2021-12-27T09:33:01.009+0800: 889.092: Application time: 0.2511712 seconds
2021-12-27T09:33:18.065+0800: 906.105: Application time: 17.0126279 seconds
2021-12-27T09:33:19.066+0800: 907.106: Application time: 1.0002735 seconds
2021-12-27T09:33:20.066+0800: 908.107: Application time: 1.0001844 seconds
2021-12-27T09:33:30.105+0800: 918.145: Application time: 10.0379471 seconds
2021-12-27T09:33:31.107+0800: 919.147: Application time: 1.0024603 seconds
2021-12-27T09:33:36.126+0800: 924.166: Application time: 5.0107267 seconds
2021-12-27T09:33:46.128+0800: 934.191: Application time: 10.0235809 seconds
2021-12-27T09:34:01.096+0800: 949.159: Application time: 14.9677083 seconds
2021-12-27T09:34:02.100+0800: 950.164: Application time: 1.0041405 seconds
2021-12-27T09:34:03.102+0800: 951.165: Application time: 1.0007063 seconds
2021-12-27T09:34:06.103+0800: 954.166: Application time: 3.0006317 seconds
2021-12-27T09:34:26.150+0800: 974.244: Application time: 20.0779336 seconds
2021-12-27T09:34:30.154+0800: 978.248: Application time: 4.0021891 seconds
2021-12-27T09:34:31.154+0800: 979.249: Application time: 1.0001310 seconds
2021-12-27T09:34:36.156+0800: 984.250: Application time: 5.0012158 seconds
2021-12-27T09:34:41.143+0800: 989.252: Application time: 5.0015454 seconds
2021-12-27T09:34:44.145+0800: 992.254: Application time: 3.0019832 seconds
2021-12-27T09:34:46.149+0800: 994.258: Application time: 2.0011104 seconds
2021-12-27T09:34:47.150+0800: 995.259: Application time: 1.0002457 seconds
2021-12-27T09:34:59.312+0800: 1007.421: Application time: 12.1605404 seconds
2021-12-27T09:34:59.317+0800: 1007.426: Application time: 0.0002133 seconds
2021-12-27T09:34:59.317+0800: 1007.426: Application time: 0.0001979 seconds
2021-12-27T09:34:59.318+0800: 1007.427: Application time: 0.0002548 seconds
2021-12-27T09:34:59.318+0800: 1007.427: Application time: 0.0001365 seconds
2021-12-27T09:34:59.318+0800: 1007.427: Application time: 0.0001241 seconds
2021-12-27T09:34:59.318+0800: 1007.428: Application time: 0.0001291 seconds
2021-12-27T09:34:59.319+0800: 1007.428: Application time: 0.0001201 seconds
2021-12-27T09:34:59.319+0800: 1007.428: Application time: 0.0002053 seconds
2021-12-27T09:35:01.395+0800: 1009.505: Application time: 2.0763166 seconds
2021-12-27T09:35:02.401+0800: 1010.510: Application time: 1.0034317 seconds
2021-12-27T09:35:06.403+0800: 1014.512: Application time: 4.0015811 seconds
2021-12-27T09:35:10.380+0800: 1018.513: Application time: 4.0005745 seconds
2021-12-27T09:35:11.380+0800: 1019.513: Application time: 1.0015298 seconds
2021-12-27T09:35:14.383+0800: 1022.515: Application time: 3.0006736 seconds
2021-12-27T09:35:24.387+0800: 1032.520: Application time: 10.0040929 seconds
2021-12-27T09:35:31.396+0800: 1039.529: Application time: 7.0075714 seconds
2021-12-27T09:35:32.397+0800: 1040.529: Application time: 1.0005413 seconds
2021-12-27T09:35:36.400+0800: 1044.532: Application time: 4.0027676 seconds
2021-12-27T09:35:58.396+0800: 1066.552: Application time: 22.0188373 seconds
2021-12-27T09:36:06.408+0800: 1074.564: Application time: 8.0118120 seconds
2021-12-27T09:36:27.390+0800: 1095.570: Application time: 21.0057512 seconds
2021-12-27T09:36:31.392+0800: 1099.571: Application time: 4.0013902 seconds
2021-12-27T09:36:31.946+0800: 1100.125: Application time: 0.5535912 seconds
{Heap before GC invocations=96 (full 3):
 par new generation   total 47936K, used 45628K [0x0000000724400000, 0x0000000727800000, 0x00000007390c0000)
  eden space 42624K, 100% used [0x0000000724400000, 0x0000000726da0000, 0x0000000726da0000)
  from space 5312K,  56% used [0x0000000726da0000, 0x000000072708f310, 0x00000007272d0000)
  to   space 5312K,   0% used [0x00000007272d0000, 0x00000007272d0000, 0x0000000727800000)
 concurrent mark-sweep generation total 106496K, used 44471K [0x00000007390c0000, 0x000000073f8c0000, 0x00000007c0000000)
 Metaspace       used 95006K, capacity 100081K, committed 100220K, reserved 1136640K
  class space    used 12419K, capacity 13295K, committed 13304K, reserved 1048576K
2021-12-27T09:36:31.947+0800: 1100.126: [GC (Allocation Failure) 2021-12-27T09:36:31.948+0800: 1100.127: [ParNew: 45628K->2706K(47936K), 0.0108095 secs] 90100K->47178K(154432K), 0.0117051 secs] [Times: user=0.01 sys=0.00, real=0.01 secs] 
Heap after GC invocations=97 (full 3):
 par new generation   total 47936K, used 2706K [0x0000000724400000, 0x0000000727800000, 0x00000007390c0000)
  eden space 42624K,   0% used [0x0000000724400000, 0x0000000724400000, 0x0000000726da0000)
  from space 5312K,  50% used [0x00000007272d0000, 0x0000000727574a20, 0x0000000727800000)
  to   space 5312K,   0% used [0x0000000726da0000, 0x0000000726da0000, 0x00000007272d0000)
 concurrent mark-sweep generation total 106496K, used 44471K [0x00000007390c0000, 0x000000073f8c0000, 0x00000007c0000000)
 Metaspace       used 95006K, capacity 100081K, committed 100220K, reserved 1136640K
  class space    used 12419K, capacity 13295K, committed 13304K, reserved 1048576K
}
2021-12-27T09:36:32.960+0800: 1101.139: Application time: 1.0006063 seconds
2021-12-27T09:36:35.962+0800: 1104.141: Application time: 3.0011562 seconds
2021-12-27T09:36:36.939+0800: 1105.141: Application time: 1.0004057 seconds
2021-12-27T09:36:40.941+0800: 1109.143: Application time: 4.0011417 seconds
2021-12-27T09:36:44.942+0800: 1113.145: Application time: 4.0016544 seconds
2021-12-27T09:37:00.947+0800: 1129.150: Application time: 16.0046801 seconds
2021-12-27T09:37:01.948+0800: 1130.150: Application time: 1.0001718 seconds
2021-12-27T09:37:05.949+0800: 1134.152: Application time: 4.0014257 seconds
2021-12-27T09:37:12.928+0800: 1141.154: Application time: 7.0017533 seconds
2021-12-27T09:37:16.931+0800: 1145.157: Application time: 4.0026922 seconds
2021-12-27T09:37:19.933+0800: 1148.158: Application time: 3.0014515 seconds
2021-12-27T09:37:31.938+0800: 1160.164: Application time: 12.0054544 seconds
2021-12-27T09:37:32.939+0800: 1161.165: Application time: 1.0004832 seconds
2021-12-27T09:37:35.940+0800: 1164.165: Application time: 3.0008183 seconds
2021-12-27T09:37:40.747+0800: 1168.996: Application time: 4.8302736 seconds
2021-12-27T09:37:43.749+0800: 1171.998: Application time: 3.0009379 seconds
2021-12-27T09:37:46.750+0800: 1174.998: Application time: 3.0006235 seconds
2021-12-27T09:37:52.751+0800: 1181.000: Application time: 6.0013151 seconds
2021-12-27T09:37:53.753+0800: 1182.002: Application time: 1.0001499 seconds
2021-12-27T09:37:58.755+0800: 1187.003: Application time: 5.0015661 seconds
2021-12-27T09:38:01.755+0800: 1190.004: Application time: 3.0005091 seconds
2021-12-27T09:38:05.757+0800: 1194.005: Application time: 4.0011408 seconds
2021-12-27T09:38:06.734+0800: 1195.006: Application time: 1.0003694 seconds
2021-12-27T09:38:11.737+0800: 1200.009: Application time: 5.0029212 seconds
2021-12-27T09:38:17.739+0800: 1206.011: Application time: 6.0019129 seconds
2021-12-27T09:38:23.742+0800: 1212.014: Application time: 6.0021462 seconds
2021-12-27T09:38:35.745+0800: 1224.017: Application time: 12.0029545 seconds
2021-12-27T09:38:50.728+0800: 1239.023: Application time: 15.0063454 seconds
2021-12-27T09:39:00.951+0800: 1249.246: Application time: 10.2223332 seconds
2021-12-27T09:39:01.951+0800: 1250.246: Application time: 1.0002287 seconds
2021-12-27T09:39:05.953+0800: 1254.248: Application time: 4.0013073 seconds
2021-12-27T09:39:34.945+0800: 1283.264: Application time: 29.0176832 seconds
2021-12-27T09:39:35.948+0800: 1284.266: Application time: 1.0002753 seconds
2021-12-27T09:39:36.926+0800: 1285.266: Application time: 1.0002643 seconds
2021-12-27T09:39:50.931+0800: 1299.271: Application time: 14.0045486 seconds
2021-12-27T09:39:58.934+0800: 1307.275: Application time: 8.0035377 seconds
2021-12-27T09:39:59.935+0800: 1308.276: Application time: 1.0007819 seconds
2021-12-27T09:40:01.936+0800: 1310.277: Application time: 2.0005484 seconds
2021-12-27T09:40:02.936+0800: 1311.277: Application time: 1.0001796 seconds
2021-12-27T09:40:05.937+0800: 1314.278: Application time: 3.0004492 seconds
2021-12-27T09:40:12.919+0800: 1321.284: Application time: 7.0057196 seconds
2021-12-27T09:40:32.931+0800: 1341.295: Application time: 20.0115744 seconds
2021-12-27T09:40:52.974+0800: 1361.302: Application time: 20.0059999 seconds
2021-12-27T09:40:57.975+0800: 1366.302: Application time: 5.0006306 seconds
2021-12-27T09:41:01.976+0800: 1370.303: Application time: 4.0007087 seconds
2021-12-27T09:41:05.979+0800: 1374.306: Application time: 4.0013146 seconds
2021-12-27T09:41:06.957+0800: 1375.307: Application time: 1.0003800 seconds
2021-12-27T09:41:17.960+0800: 1386.310: Application time: 11.0035080 seconds
2021-12-27T09:41:19.961+0800: 1388.312: Application time: 2.0010734 seconds
2021-12-27T09:41:30.969+0800: 1399.319: Application time: 11.0074518 seconds
2021-12-27T09:41:35.973+0800: 1404.323: Application time: 5.0032552 seconds
2021-12-27T09:41:51.961+0800: 1420.334: Application time: 16.0111653 seconds
2021-12-27T09:41:58.191+0800: 1426.564: Application time: 6.2294589 seconds
{Heap before GC invocations=97 (full 3):
 par new generation   total 47936K, used 45330K [0x0000000724400000, 0x0000000727800000, 0x00000007390c0000)
  eden space 42624K, 100% used [0x0000000724400000, 0x0000000726da0000, 0x0000000726da0000)
  from space 5312K,  50% used [0x00000007272d0000, 0x0000000727574a20, 0x0000000727800000)
  to   space 5312K,   0% used [0x0000000726da0000, 0x0000000726da0000, 0x00000007272d0000)
 concurrent mark-sweep generation total 106496K, used 44471K [0x00000007390c0000, 0x000000073f8c0000, 0x00000007c0000000)
 Metaspace       used 95138K, capacity 100209K, committed 100220K, reserved 1136640K
  class space    used 12420K, capacity 13295K, committed 13304K, reserved 1048576K
2021-12-27T09:41:58.193+0800: 1426.566: [GC (Allocation Failure) 2021-12-27T09:41:58.194+0800: 1426.566: [ParNew: 45330K->2307K(47936K), 0.0101874 secs] 89802K->46779K(154432K), 0.0112104 secs] [Times: user=0.02 sys=0.00, real=0.01 secs] 
Heap after GC invocations=98 (full 3):
 par new generation   total 47936K, used 2307K [0x0000000724400000, 0x0000000727800000, 0x00000007390c0000)
  eden space 42624K,   0% used [0x0000000724400000, 0x0000000724400000, 0x0000000726da0000)
  from space 5312K,  43% used [0x0000000726da0000, 0x0000000726fe0f20, 0x00000007272d0000)
  to   space 5312K,   0% used [0x00000007272d0000, 0x00000007272d0000, 0x0000000727800000)
 concurrent mark-sweep generation total 106496K, used 44471K [0x00000007390c0000, 0x000000073f8c0000, 0x00000007c0000000)
 Metaspace       used 95138K, capacity 100209K, committed 100220K, reserved 1136640K
  class space    used 12420K, capacity 13295K, committed 13304K, reserved 1048576K
}
2021-12-27T09:41:59.206+0800: 1427.578: Application time: 1.0007948 seconds
2021-12-27T09:42:00.206+0800: 1428.579: Application time: 1.0003231 seconds
2021-12-27T09:42:01.207+0800: 1429.580: Application time: 1.0001030 seconds
2021-12-27T09:42:05.208+0800: 1433.581: Application time: 4.0007085 seconds
2021-12-27T09:42:06.209+0800: 1434.582: Application time: 1.0011037 seconds
2021-12-27T09:42:11.190+0800: 1439.586: Application time: 5.0023397 seconds
2021-12-27T09:42:27.199+0800: 1455.595: Application time: 16.0089057 seconds
2021-12-27T09:42:31.201+0800: 1459.597: Application time: 4.0019901 seconds
2021-12-27T09:42:33.202+0800: 1461.597: Application time: 2.0005067 seconds
2021-12-27T09:42:36.204+0800: 1464.599: Application time: 3.0016027 seconds
2021-12-27T09:42:38.182+0800: 1466.600: Application time: 2.0002773 seconds
2021-12-27T09:42:40.648+0800: 1469.066: Application time: 2.4658568 seconds
2021-12-27T09:42:41.648+0800: 1470.066: Application time: 1.0003369 seconds
2021-12-27T09:43:01.660+0800: 1490.078: Application time: 20.0118143 seconds
2021-12-27T09:43:04.661+0800: 1493.079: Application time: 3.0006264 seconds
2021-12-27T09:43:05.662+0800: 1494.079: Application time: 1.0003047 seconds
2021-12-27T09:43:06.640+0800: 1495.080: Application time: 1.0005361 seconds
2021-12-27T09:43:07.640+0800: 1496.080: Application time: 1.0001867 seconds
2021-12-27T09:43:08.643+0800: 1497.083: Application time: 1.0004458 seconds
2021-12-27T09:43:08.844+0800: 1497.284: Application time: 0.2007268 seconds
2021-12-27T09:43:09.156+0800: 1497.596: Application time: 0.3114249 seconds
2021-12-27T09:43:09.237+0800: 1497.677: Application time: 0.0809753 seconds
2021-12-27T09:43:09.260+0800: 1497.700: Application time: 0.0219120 seconds
2021-12-27T09:43:10.260+0800: 1498.700: Application time: 1.0001720 seconds
2021-12-27T09:43:11.260+0800: 1499.700: Application time: 1.0002058 seconds
2021-12-27T09:43:20.265+0800: 1508.705: Application time: 9.0047265 seconds
2021-12-27T09:43:30.272+0800: 1518.712: Application time: 10.0066981 seconds
2021-12-27T09:43:31.272+0800: 1519.712: Application time: 1.0001360 seconds
2021-12-27T09:43:36.263+0800: 1524.715: Application time: 5.0028394 seconds
2021-12-27T09:43:37.286+0800: 1525.738: Application time: 1.0225735 seconds
{Heap before GC invocations=98 (full 3):
 par new generation   total 47936K, used 44914K [0x0000000724400000, 0x0000000727800000, 0x00000007390c0000)
  eden space 42624K,  99% used [0x0000000724400000, 0x0000000726d9b968, 0x0000000726da0000)
  from space 5312K,  43% used [0x0000000726da0000, 0x0000000726fe0f20, 0x00000007272d0000)
  to   space 5312K,   0% used [0x00000007272d0000, 0x00000007272d0000, 0x0000000727800000)
 concurrent mark-sweep generation total 106496K, used 44471K [0x00000007390c0000, 0x000000073f8c0000, 0x00000007c0000000)
 Metaspace       used 95195K, capacity 100273K, committed 100476K, reserved 1136640K
  class space    used 12421K, capacity 13295K, committed 13304K, reserved 1048576K
2021-12-27T09:43:37.288+0800: 1525.741: [GC (Allocation Failure) 2021-12-27T09:43:37.289+0800: 1525.742: [ParNew: 44914K->3207K(47936K), 0.0118226 secs] 89386K->47679K(154432K), 0.0134225 secs] [Times: user=0.03 sys=0.00, real=0.01 secs] 
Heap after GC invocations=99 (full 3):
 par new generation   total 47936K, used 3207K [0x0000000724400000, 0x0000000727800000, 0x00000007390c0000)
  eden space 42624K,   0% used [0x0000000724400000, 0x0000000724400000, 0x0000000726da0000)
  from space 5312K,  60% used [0x00000007272d0000, 0x00000007275f1f30, 0x0000000727800000)
  to   space 5312K,   0% used [0x0000000726da0000, 0x0000000726da0000, 0x00000007272d0000)
 concurrent mark-sweep generation total 106496K, used 44471K [0x00000007390c0000, 0x000000073f8c0000, 0x00000007c0000000)
 Metaspace       used 95195K, capacity 100273K, committed 100476K, reserved 1136640K
  class space    used 12421K, capacity 13295K, committed 13304K, reserved 1048576K
}
2021-12-27T09:43:41.306+0800: 1529.758: Application time: 4.0033770 seconds
2021-12-27T09:43:44.306+0800: 1532.759: Application time: 3.0004978 seconds
2021-12-27T09:44:00.876+0800: 1549.329: Application time: 16.5694736 seconds
2021-12-27T09:44:01.876+0800: 1550.329: Application time: 1.0002098 seconds
2021-12-27T09:44:05.878+0800: 1554.333: Application time: 4.0039921 seconds
2021-12-27T09:44:10.863+0800: 1559.337: Application time: 5.0038748 seconds
2021-12-27T09:44:28.874+0800: 1577.347: Application time: 18.0100569 seconds
2021-12-27T09:44:30.864+0800: 1579.337: Application time: 1.9899117 seconds
2021-12-27T09:45:00.857+0800: 1609.353: Application time: 30.0155773 seconds
2021-12-27T09:45:03.858+0800: 1612.354: Application time: 3.0010446 seconds
2021-12-27T09:45:05.859+0800: 1614.355: Application time: 2.0005870 seconds
2021-12-27T09:45:30.846+0800: 1639.365: Application time: 25.0091866 seconds
2021-12-27T09:45:31.846+0800: 1640.365: Application time: 1.0002691 seconds
2021-12-27T09:45:35.847+0800: 1644.366: Application time: 4.0008906 seconds
2021-12-27T09:45:39.826+0800: 1648.368: Application time: 4.0015308 seconds
2021-12-27T09:46:05.838+0800: 1674.379: Application time: 26.0114194 seconds
2021-12-27T09:46:19.823+0800: 1688.387: Application time: 14.0074057 seconds
2021-12-27T09:46:27.829+0800: 1696.393: Application time: 8.0055240 seconds
