OpenJDK 64-Bit Server VM (25.212-b04) for linux-amd64 JRE (1.8.0_212-b04), built on May  4 2019 17:56:12 by "buildozer" with gcc 8.3.0
Memory: 4k page, physical 10203724k(8477704k free), swap 1048572k(1048572k free)
CommandLine flags: -XX:+CMSClassUnloadingEnabled -XX:CMSFullGCsBeforeCompaction=9 -XX:CMSInitiatingOccupancyFraction=60 -XX:+CMSParallelRemarkEnabled -XX:+DisableExplicitGC -XX:+ExplicitGCInvokesConcurrent -XX:GCLogFileSize=5242880 -XX:+HeapDumpOnOutOfMemoryError -XX:HeapDumpPath=/opt/logs/100003171/HeapDumpOnOutOfMemoryError/ -XX:InitialHeapSize=163259584 -XX:MaxHeapSize=2612153344 -XX:MaxNewSize=348966912 -XX:MaxTenuringThreshold=9 -XX:NumberOfGCLogFiles=5 -XX:OldPLABSize=16 -XX:-OmitStackTraceInFastThrow -XX:ParallelGCThreads=4 -XX:+PrintGC -XX:+PrintGCApplicationConcurrentTime -XX:+PrintGCDateStamps -XX:+PrintGCDetails -XX:+PrintGCTimeStamps -XX:+PrintHeapAtGC -XX:+ScavengeBeforeFullGC -XX:SoftRefLRUPolicyMSPerMB=0 -XX:+UseCMSCompactAtFullCollection -XX:+UseCMSInitiatingOccupancyOnly -XX:+UseCompressedClassPointers -XX:+UseCompressedOops -XX:+UseConcMarkSweepGC -XX:+UseGCLogFileRotation -XX:+UseParNewGC 
2021-12-27T09:18:16.503+0800: 2.314: Application time: 1.2392618 seconds
2021-12-27T09:18:17.543+0800: 3.353: Application time: 1.0001742 seconds
2021-12-27T09:18:18.545+0800: 4.356: Application time: 1.0013290 seconds
2021-12-27T09:18:19.296+0800: 5.107: Application time: 0.7511132 seconds
2021-12-27T09:18:20.300+0800: 6.111: Application time: 1.0002264 seconds
2021-12-27T09:18:21.327+0800: 7.138: Application time: 1.0098960 seconds
2021-12-27T09:18:22.360+0800: 8.170: Application time: 1.0245206 seconds
2021-12-27T09:18:22.790+0800: 8.601: Application time: 0.4299248 seconds
{Heap before GC invocations=0 (full 0):
 par new generation   total 47936K, used 42624K [0x0000000724400000, 0x0000000727800000, 0x00000007390c0000)
  eden space 42624K, 100% used [0x0000000724400000, 0x0000000726da0000, 0x0000000726da0000)
  from space 5312K,   0% used [0x0000000726da0000, 0x0000000726da0000, 0x00000007272d0000)
  to   space 5312K,   0% used [0x00000007272d0000, 0x00000007272d0000, 0x0000000727800000)
 concurrent mark-sweep generation total 106496K, used 0K [0x00000007390c0000, 0x000000073f8c0000, 0x00000007c0000000)
 Metaspace       used 6158K, capacity 6402K, committed 6656K, reserved 1056768K
  class space    used 571K, capacity 665K, committed 768K, reserved 1048576K
2021-12-27T09:18:22.796+0800: 8.606: [GC (Allocation Failure) 2021-12-27T09:18:22.796+0800: 8.607: [ParNew: 42624K->3356K(47936K), 0.0765011 secs] 42624K->3356K(154432K), 0.0918004 secs] [Times: user=0.01 sys=0.01, real=0.10 secs] 
Heap after GC invocations=1 (full 0):
 par new generation   total 47936K, used 3356K [0x0000000724400000, 0x0000000727800000, 0x00000007390c0000)
  eden space 42624K,   0% used [0x0000000724400000, 0x0000000724400000, 0x0000000726da0000)
  from space 5312K,  63% used [0x00000007272d0000, 0x0000000727617020, 0x0000000727800000)
  to   space 5312K,   0% used [0x0000000726da0000, 0x0000000726da0000, 0x00000007272d0000)
 concurrent mark-sweep generation total 106496K, used 0K [0x00000007390c0000, 0x000000073f8c0000, 0x00000007c0000000)
 Metaspace       used 6158K, capacity 6402K, committed 6656K, reserved 1056768K
  class space    used 571K, capacity 665K, committed 768K, reserved 1048576K
}
2021-12-27T09:18:22.903+0800: 8.714: Application time: 0.0137642 seconds
2021-12-27T09:18:22.905+0800: 8.716: Application time: 0.0013657 seconds
2021-12-27T09:18:22.914+0800: 8.725: Application time: 0.0042514 seconds
2021-12-27T09:18:22.929+0800: 8.739: Application time: 0.0009178 seconds
2021-12-27T09:18:22.934+0800: 8.744: Application time: 0.0060946 seconds
2021-12-27T09:18:22.965+0800: 8.775: Application time: 0.0003086 seconds
2021-12-27T09:18:22.967+0800: 8.777: Application time: 0.0004571 seconds
2021-12-27T09:18:22.972+0800: 8.782: Application time: 0.0001978 seconds
2021-12-27T09:18:22.975+0800: 8.786: Application time: 0.0001508 seconds
2021-12-27T09:18:22.978+0800: 8.788: Application time: 0.0013690 seconds
2021-12-27T09:18:22.981+0800: 8.791: Application time: 0.0016504 seconds
2021-12-27T09:18:22.985+0800: 8.795: Application time: 0.0035981 seconds
2021-12-27T09:18:22.989+0800: 8.799: Application time: 0.0026928 seconds
2021-12-27T09:18:22.992+0800: 8.803: Application time: 0.0010112 seconds
2021-12-27T09:18:23.015+0800: 8.826: Application time: 0.0138673 seconds
2021-12-27T09:18:23.017+0800: 8.827: Application time: 0.0010885 seconds
2021-12-27T09:18:23.017+0800: 8.828: Application time: 0.0002425 seconds
2021-12-27T09:18:23.018+0800: 8.828: Application time: 0.0003748 seconds
2021-12-27T09:18:23.019+0800: 8.830: Application time: 0.0007690 seconds
2021-12-27T09:18:23.023+0800: 8.834: Application time: 0.0010581 seconds
2021-12-27T09:18:23.026+0800: 8.836: Application time: 0.0015909 seconds
2021-12-27T09:18:23.728+0800: 9.538: Application time: 0.7004868 seconds
2021-12-27T09:18:24.732+0800: 10.543: Application time: 1.0024998 seconds
2021-12-27T09:18:25.345+0800: 11.155: Application time: 0.6069270 seconds
{Heap before GC invocations=1 (full 0):
 par new generation   total 47936K, used 45980K [0x0000000724400000, 0x0000000727800000, 0x00000007390c0000)
  eden space 42624K, 100% used [0x0000000724400000, 0x0000000726da0000, 0x0000000726da0000)
  from space 5312K,  63% used [0x00000007272d0000, 0x0000000727617020, 0x0000000727800000)
  to   space 5312K,   0% used [0x0000000726da0000, 0x0000000726da0000, 0x00000007272d0000)
 concurrent mark-sweep generation total 106496K, used 0K [0x00000007390c0000, 0x000000073f8c0000, 0x00000007c0000000)
 Metaspace       used 8168K, capacity 8450K, committed 8704K, reserved 1056768K
  class space    used 812K, capacity 921K, committed 1024K, reserved 1048576K
2021-12-27T09:18:25.346+0800: 11.156: [GC (Allocation Failure) 2021-12-27T09:18:25.346+0800: 11.156: [ParNew: 45980K->2760K(47936K), 0.1077564 secs] 45980K->4899K(154432K), 0.1090754 secs] [Times: user=0.02 sys=0.00, real=0.11 secs] 
Heap after GC invocations=2 (full 0):
 par new generation   total 47936K, used 2760K [0x0000000724400000, 0x0000000727800000, 0x00000007390c0000)
  eden space 42624K,   0% used [0x0000000724400000, 0x0000000724400000, 0x0000000726da0000)
  from space 5312K,  51% used [0x0000000726da0000, 0x0000000727052190, 0x00000007272d0000)
  to   space 5312K,   0% used [0x00000007272d0000, 0x00000007272d0000, 0x0000000727800000)
 concurrent mark-sweep generation total 106496K, used 2139K [0x00000007390c0000, 0x000000073f8c0000, 0x00000007c0000000)
 Metaspace       used 8168K, capacity 8450K, committed 8704K, reserved 1056768K
  class space    used 812K, capacity 921K, committed 1024K, reserved 1048576K
}
2021-12-27T09:18:25.460+0800: 11.270: Application time: 0.0040911 seconds
2021-12-27T09:18:25.462+0800: 11.272: Application time: 0.0008946 seconds
2021-12-27T09:18:25.465+0800: 11.275: Application time: 0.0032125 seconds
2021-12-27T09:18:25.489+0800: 11.299: Application time: 0.0039020 seconds
2021-12-27T09:18:25.501+0800: 11.312: Application time: 0.0126941 seconds
2021-12-27T09:18:25.509+0800: 11.319: Application time: 0.0001912 seconds
2021-12-27T09:18:25.511+0800: 11.321: Application time: 0.0009565 seconds
2021-12-27T09:18:25.512+0800: 11.323: Application time: 0.0002314 seconds
2021-12-27T09:18:25.513+0800: 11.323: Application time: 0.0001700 seconds
2021-12-27T09:18:25.514+0800: 11.324: Application time: 0.0004014 seconds
2021-12-27T09:18:25.517+0800: 11.327: Application time: 0.0003786 seconds
2021-12-27T09:18:25.519+0800: 11.329: Application time: 0.0015859 seconds
2021-12-27T09:18:25.523+0800: 11.334: Application time: 0.0045551 seconds
2021-12-27T09:18:25.527+0800: 11.337: Application time: 0.0034932 seconds
2021-12-27T09:18:25.531+0800: 11.341: Application time: 0.0004506 seconds
2021-12-27T09:18:25.534+0800: 11.344: Application time: 0.0005925 seconds
2021-12-27T09:18:25.536+0800: 11.346: Application time: 0.0023832 seconds
2021-12-27T09:18:25.537+0800: 11.348: Application time: 0.0001318 seconds
2021-12-27T09:18:25.538+0800: 11.348: Application time: 0.0006415 seconds
2021-12-27T09:18:25.538+0800: 11.349: Application time: 0.0002368 seconds
2021-12-27T09:18:25.539+0800: 11.349: Application time: 0.0003904 seconds
2021-12-27T09:18:25.539+0800: 11.350: Application time: 0.0002243 seconds
2021-12-27T09:18:25.545+0800: 11.355: Application time: 0.0052621 seconds
2021-12-27T09:18:25.547+0800: 11.358: Application time: 0.0009519 seconds
2021-12-27T09:18:25.938+0800: 11.748: Application time: 0.3894582 seconds
2021-12-27T09:18:26.465+0800: 12.275: Application time: 0.5264570 seconds
2021-12-27T09:18:27.209+0800: 13.019: Application time: 0.7401122 seconds
{Heap before GC invocations=2 (full 0):
 par new generation   total 47936K, used 45384K [0x0000000724400000, 0x0000000727800000, 0x00000007390c0000)
  eden space 42624K, 100% used [0x0000000724400000, 0x0000000726da0000, 0x0000000726da0000)
  from space 5312K,  51% used [0x0000000726da0000, 0x0000000727052190, 0x00000007272d0000)
  to   space 5312K,   0% used [0x00000007272d0000, 0x00000007272d0000, 0x0000000727800000)
 concurrent mark-sweep generation total 106496K, used 2139K [0x00000007390c0000, 0x000000073f8c0000, 0x00000007c0000000)
 Metaspace       used 9869K, capacity 10154K, committed 10368K, reserved 1058816K
  class space    used 1051K, capacity 1145K, committed 1152K, reserved 1048576K
2021-12-27T09:18:27.212+0800: 13.022: [GC (Allocation Failure) 2021-12-27T09:18:27.212+0800: 13.023: [ParNew: 45384K->2091K(47936K), 0.0380454 secs] 47523K->4230K(154432K), 0.0390508 secs] [Times: user=0.00 sys=0.00, real=0.04 secs] 
Heap after GC invocations=3 (full 0):
 par new generation   total 47936K, used 2091K [0x0000000724400000, 0x0000000727800000, 0x00000007390c0000)
  eden space 42624K,   0% used [0x0000000724400000, 0x0000000724400000, 0x0000000726da0000)
  from space 5312K,  39% used [0x00000007272d0000, 0x00000007274daf38, 0x0000000727800000)
  to   space 5312K,   0% used [0x0000000726da0000, 0x0000000726da0000, 0x00000007272d0000)
 concurrent mark-sweep generation total 106496K, used 2139K [0x00000007390c0000, 0x000000073f8c0000, 0x00000007c0000000)
 Metaspace       used 9869K, capacity 10154K, committed 10368K, reserved 1058816K
  class space    used 1051K, capacity 1145K, committed 1152K, reserved 1048576K
}
2021-12-27T09:18:27.256+0800: 13.066: Application time: 0.0006689 seconds
2021-12-27T09:18:27.257+0800: 13.067: Application time: 0.0009517 seconds
2021-12-27T09:18:28.259+0800: 14.069: Application time: 1.0006101 seconds
2021-12-27T09:18:29.259+0800: 15.069: Application time: 1.0003087 seconds
2021-12-27T09:18:29.641+0800: 15.452: Application time: 0.3807422 seconds
{Heap before GC invocations=3 (full 0):
 par new generation   total 47936K, used 44715K [0x0000000724400000, 0x0000000727800000, 0x00000007390c0000)
  eden space 42624K, 100% used [0x0000000724400000, 0x0000000726da0000, 0x0000000726da0000)
  from space 5312K,  39% used [0x00000007272d0000, 0x00000007274daf38, 0x0000000727800000)
  to   space 5312K,   0% used [0x0000000726da0000, 0x0000000726da0000, 0x00000007272d0000)
 concurrent mark-sweep generation total 106496K, used 2139K [0x00000007390c0000, 0x000000073f8c0000, 0x00000007c0000000)
 Metaspace       used 11991K, capacity 12320K, committed 12544K, reserved 1060864K
  class space    used 1304K, capacity 1421K, committed 1536K, reserved 1048576K
2021-12-27T09:18:29.642+0800: 15.452: [GC (Allocation Failure) 2021-12-27T09:18:29.642+0800: 15.453: [ParNew: 44715K->2898K(47936K), 0.0397012 secs] 46854K->5038K(154432K), 0.0678991 secs] [Times: user=0.01 sys=0.00, real=0.07 secs] 
Heap after GC invocations=4 (full 0):
 par new generation   total 47936K, used 2898K [0x0000000724400000, 0x0000000727800000, 0x00000007390c0000)
  eden space 42624K,   0% used [0x0000000724400000, 0x0000000724400000, 0x0000000726da0000)
  from space 5312K,  54% used [0x0000000726da0000, 0x0000000727074ba8, 0x00000007272d0000)
  to   space 5312K,   0% used [0x00000007272d0000, 0x00000007272d0000, 0x0000000727800000)
 concurrent mark-sweep generation total 106496K, used 2139K [0x00000007390c0000, 0x000000073f8c0000, 0x00000007c0000000)
 Metaspace       used 11991K, capacity 12320K, committed 12544K, reserved 1060864K
  class space    used 1304K, capacity 1421K, committed 1536K, reserved 1048576K
}
2021-12-27T09:18:30.712+0800: 16.523: Application time: 1.0013847 seconds
2021-12-27T09:18:31.288+0800: 17.099: Application time: 0.5420571 seconds
{Heap before GC invocations=4 (full 0):
 par new generation   total 47936K, used 45522K [0x0000000724400000, 0x0000000727800000, 0x00000007390c0000)
  eden space 42624K, 100% used [0x0000000724400000, 0x0000000726da0000, 0x0000000726da0000)
  from space 5312K,  54% used [0x0000000726da0000, 0x0000000727074ba8, 0x00000007272d0000)
  to   space 5312K,   0% used [0x00000007272d0000, 0x00000007272d0000, 0x0000000727800000)
 concurrent mark-sweep generation total 106496K, used 2139K [0x00000007390c0000, 0x000000073f8c0000, 0x00000007c0000000)
 Metaspace       used 12860K, capacity 13196K, committed 13312K, reserved 1060864K
  class space    used 1421K, capacity 1523K, committed 1536K, reserved 1048576K
2021-12-27T09:18:31.293+0800: 17.103: [GC (Allocation Failure) 2021-12-27T09:18:31.294+0800: 17.104: [ParNew: 45522K->4353K(47936K), 0.0907451 secs] 47662K->6492K(154432K), 0.1009917 secs] [Times: user=0.01 sys=0.00, real=0.10 secs] 
Heap after GC invocations=5 (full 0):
 par new generation   total 47936K, used 4353K [0x0000000724400000, 0x0000000727800000, 0x00000007390c0000)
  eden space 42624K,   0% used [0x0000000724400000, 0x0000000724400000, 0x0000000726da0000)
  from space 5312K,  81% used [0x00000007272d0000, 0x0000000727710508, 0x0000000727800000)
  to   space 5312K,   0% used [0x0000000726da0000, 0x0000000726da0000, 0x00000007272d0000)
 concurrent mark-sweep generation total 106496K, used 2139K [0x00000007390c0000, 0x000000073f8c0000, 0x00000007c0000000)
 Metaspace       used 12860K, capacity 13196K, committed 13312K, reserved 1060864K
  class space    used 1421K, capacity 1523K, committed 1536K, reserved 1048576K
}
2021-12-27T09:18:32.396+0800: 18.206: Application time: 1.0005636 seconds
2021-12-27T09:18:32.611+0800: 18.421: Application time: 0.1386831 seconds
{Heap before GC invocations=5 (full 0):
 par new generation   total 47936K, used 46977K [0x0000000724400000, 0x0000000727800000, 0x00000007390c0000)
  eden space 42624K, 100% used [0x0000000724400000, 0x0000000726da0000, 0x0000000726da0000)
  from space 5312K,  81% used [0x00000007272d0000, 0x0000000727710508, 0x0000000727800000)
  to   space 5312K,   0% used [0x0000000726da0000, 0x0000000726da0000, 0x00000007272d0000)
 concurrent mark-sweep generation total 106496K, used 2139K [0x00000007390c0000, 0x000000073f8c0000, 0x00000007c0000000)
 Metaspace       used 13565K, capacity 13866K, committed 13952K, reserved 1060864K
  class space    used 1526K, capacity 1636K, committed 1664K, reserved 1048576K
2021-12-27T09:18:32.612+0800: 18.423: [GC (Allocation Failure) 2021-12-27T09:18:32.613+0800: 18.423: [ParNew: 46977K->3110K(47936K), 0.0367466 secs] 49116K->5607K(154432K), 0.0380094 secs] [Times: user=0.01 sys=0.00, real=0.04 secs] 
Heap after GC invocations=6 (full 0):
 par new generation   total 47936K, used 3110K [0x0000000724400000, 0x0000000727800000, 0x00000007390c0000)
  eden space 42624K,   0% used [0x0000000724400000, 0x0000000724400000, 0x0000000726da0000)
  from space 5312K,  58% used [0x0000000726da0000, 0x00000007270a9bc0, 0x00000007272d0000)
  to   space 5312K,   0% used [0x00000007272d0000, 0x00000007272d0000, 0x0000000727800000)
 concurrent mark-sweep generation total 106496K, used 2496K [0x00000007390c0000, 0x000000073f8c0000, 0x00000007c0000000)
 Metaspace       used 13565K, capacity 13866K, committed 13952K, reserved 1060864K
  class space    used 1526K, capacity 1636K, committed 1664K, reserved 1048576K
}
2021-12-27T09:18:32.656+0800: 18.466: Application time: 0.0042809 seconds
2021-12-27T09:18:33.657+0800: 19.467: Application time: 1.0004501 seconds
2021-12-27T09:18:33.757+0800: 19.567: Application time: 0.0928094 seconds
{Heap before GC invocations=6 (full 0):
 par new generation   total 47936K, used 45734K [0x0000000724400000, 0x0000000727800000, 0x00000007390c0000)
  eden space 42624K, 100% used [0x0000000724400000, 0x0000000726da0000, 0x0000000726da0000)
  from space 5312K,  58% used [0x0000000726da0000, 0x00000007270a9bc0, 0x00000007272d0000)
  to   space 5312K,   0% used [0x00000007272d0000, 0x00000007272d0000, 0x0000000727800000)
 concurrent mark-sweep generation total 106496K, used 2496K [0x00000007390c0000, 0x000000073f8c0000, 0x00000007c0000000)
 Metaspace       used 14575K, capacity 14902K, committed 15104K, reserved 1062912K
  class space    used 1642K, capacity 1768K, committed 1792K, reserved 1048576K
2021-12-27T09:18:33.758+0800: 19.568: [GC (Allocation Failure) 2021-12-27T09:18:33.759+0800: 19.569: [ParNew: 45734K->2874K(47936K), 0.0328614 secs] 48231K->5371K(154432K), 0.0366365 secs] [Times: user=0.01 sys=0.00, real=0.03 secs] 
Heap after GC invocations=7 (full 0):
 par new generation   total 47936K, used 2874K [0x0000000724400000, 0x0000000727800000, 0x00000007390c0000)
  eden space 42624K,   0% used [0x0000000724400000, 0x0000000724400000, 0x0000000726da0000)
  from space 5312K,  54% used [0x00000007272d0000, 0x000000072759eb68, 0x0000000727800000)
  to   space 5312K,   0% used [0x0000000726da0000, 0x0000000726da0000, 0x00000007272d0000)
 concurrent mark-sweep generation total 106496K, used 2496K [0x00000007390c0000, 0x000000073f8c0000, 0x00000007c0000000)
 Metaspace       used 14575K, capacity 14902K, committed 15104K, reserved 1062912K
  class space    used 1642K, capacity 1768K, committed 1792K, reserved 1048576K
}
2021-12-27T09:18:33.810+0800: 19.620: Application time: 0.0127282 seconds
2021-12-27T09:18:33.814+0800: 19.625: Application time: 0.0000959 seconds
2021-12-27T09:18:34.815+0800: 20.625: Application time: 1.0002161 seconds
2021-12-27T09:18:35.838+0800: 21.649: Application time: 1.0139078 seconds
2021-12-27T09:18:35.894+0800: 21.705: Application time: 0.0347430 seconds
{Heap before GC invocations=7 (full 0):
 par new generation   total 47936K, used 45498K [0x0000000724400000, 0x0000000727800000, 0x00000007390c0000)
  eden space 42624K, 100% used [0x0000000724400000, 0x0000000726da0000, 0x0000000726da0000)
  from space 5312K,  54% used [0x00000007272d0000, 0x000000072759eb68, 0x0000000727800000)
  to   space 5312K,   0% used [0x0000000726da0000, 0x0000000726da0000, 0x00000007272d0000)
 concurrent mark-sweep generation total 106496K, used 2496K [0x00000007390c0000, 0x000000073f8c0000, 0x00000007c0000000)
 Metaspace       used 15961K, capacity 16484K, committed 16640K, reserved 1064960K
  class space    used 1833K, capacity 1975K, committed 2048K, reserved 1048576K
2021-12-27T09:18:35.895+0800: 21.706: [GC (Allocation Failure) 2021-12-27T09:18:35.896+0800: 21.706: [ParNew: 45498K->3217K(47936K), 0.0574433 secs] 47995K->5713K(154432K), 0.0630873 secs] [Times: user=0.01 sys=0.01, real=0.07 secs] 
Heap after GC invocations=8 (full 0):
 par new generation   total 47936K, used 3217K [0x0000000724400000, 0x0000000727800000, 0x00000007390c0000)
  eden space 42624K,   0% used [0x0000000724400000, 0x0000000724400000, 0x0000000726da0000)
  from space 5312K,  60% used [0x0000000726da0000, 0x00000007270c46a8, 0x00000007272d0000)
  to   space 5312K,   0% used [0x00000007272d0000, 0x00000007272d0000, 0x0000000727800000)
 concurrent mark-sweep generation total 106496K, used 2496K [0x00000007390c0000, 0x000000073f8c0000, 0x00000007c0000000)
 Metaspace       used 15961K, capacity 16484K, committed 16640K, reserved 1064960K
  class space    used 1833K, capacity 1975K, committed 2048K, reserved 1048576K
}
2021-12-27T09:18:36.044+0800: 21.854: Application time: 0.0841316 seconds
2021-12-27T09:18:36.070+0800: 21.881: Application time: 0.0254297 seconds
2021-12-27T09:18:37.053+0800: 22.885: Application time: 1.0001864 seconds
2021-12-27T09:18:37.068+0800: 22.900: Application time: 0.0141161 seconds
2021-12-27T09:18:37.076+0800: 22.908: Application time: 0.0080246 seconds
2021-12-27T09:18:37.369+0800: 23.201: Application time: 0.2923107 seconds
2021-12-27T09:18:37.441+0800: 23.273: Application time: 0.0720679 seconds
2021-12-27T09:18:37.789+0800: 23.621: Application time: 0.3480466 seconds
{Heap before GC invocations=8 (full 0):
 par new generation   total 47936K, used 45841K [0x0000000724400000, 0x0000000727800000, 0x00000007390c0000)
  eden space 42624K, 100% used [0x0000000724400000, 0x0000000726da0000, 0x0000000726da0000)
  from space 5312K,  60% used [0x0000000726da0000, 0x00000007270c46a8, 0x00000007272d0000)
  to   space 5312K,   0% used [0x00000007272d0000, 0x00000007272d0000, 0x0000000727800000)
 concurrent mark-sweep generation total 106496K, used 2496K [0x00000007390c0000, 0x000000073f8c0000, 0x00000007c0000000)
 Metaspace       used 16953K, capacity 17598K, committed 17792K, reserved 1064960K
  class space    used 1977K, capacity 2146K, committed 2176K, reserved 1048576K
2021-12-27T09:18:37.789+0800: 23.621: [GC (Allocation Failure) 2021-12-27T09:18:37.792+0800: 23.625: [ParNew: 45841K->4187K(47936K), 0.0816941 secs] 48337K->6683K(154432K), 0.0968636 secs] [Times: user=0.02 sys=0.01, real=0.10 secs] 
Heap after GC invocations=9 (full 0):
 par new generation   total 47936K, used 4187K [0x0000000724400000, 0x0000000727800000, 0x00000007390c0000)
  eden space 42624K,   0% used [0x0000000724400000, 0x0000000724400000, 0x0000000726da0000)
  from space 5312K,  78% used [0x00000007272d0000, 0x00000007276e6eb8, 0x0000000727800000)
  to   space 5312K,   0% used [0x0000000726da0000, 0x0000000726da0000, 0x00000007272d0000)
 concurrent mark-sweep generation total 106496K, used 2496K [0x00000007390c0000, 0x000000073f8c0000, 0x00000007c0000000)
 Metaspace       used 16953K, capacity 17598K, committed 17792K, reserved 1064960K
  class space    used 1977K, capacity 2146K, committed 2176K, reserved 1048576K
}
2021-12-27T09:18:38.727+0800: 24.559: Application time: 0.8330380 seconds
2021-12-27T09:18:38.756+0800: 24.588: Application time: 0.0274524 seconds
2021-12-27T09:18:39.756+0800: 25.588: Application time: 1.0001272 seconds
2021-12-27T09:18:40.099+0800: 25.931: Application time: 0.3397535 seconds
2021-12-27T09:18:40.099+0800: 25.932: Application time: 0.0014265 seconds
2021-12-27T09:18:40.883+0800: 26.715: Application time: 0.7828713 seconds
2021-12-27T09:18:40.889+0800: 26.721: Application time: 0.0027600 seconds
2021-12-27T09:18:40.897+0800: 26.729: Application time: 0.0069011 seconds
2021-12-27T09:18:40.909+0800: 26.741: Application time: 0.0021102 seconds
2021-12-27T09:18:40.913+0800: 26.745: Application time: 0.0034547 seconds
2021-12-27T09:18:40.913+0800: 26.746: Application time: 0.0006410 seconds
2021-12-27T09:18:40.915+0800: 26.748: Application time: 0.0020499 seconds
2021-12-27T09:18:40.919+0800: 26.751: Application time: 0.0005314 seconds
2021-12-27T09:18:40.950+0800: 26.782: Application time: 0.0016260 seconds
2021-12-27T09:18:40.950+0800: 26.783: Application time: 0.0001890 seconds
2021-12-27T09:18:40.951+0800: 26.783: Application time: 0.0001413 seconds
2021-12-27T09:18:40.979+0800: 26.811: Application time: 0.0282752 seconds
2021-12-27T09:18:41.010+0800: 26.842: Application time: 0.0304745 seconds
2021-12-27T09:18:41.015+0800: 26.848: Application time: 0.0057416 seconds
{Heap before GC invocations=9 (full 0):
 par new generation   total 47936K, used 46811K [0x0000000724400000, 0x0000000727800000, 0x00000007390c0000)
  eden space 42624K, 100% used [0x0000000724400000, 0x0000000726da0000, 0x0000000726da0000)
  from space 5312K,  78% used [0x00000007272d0000, 0x00000007276e6eb8, 0x0000000727800000)
  to   space 5312K,   0% used [0x0000000726da0000, 0x0000000726da0000, 0x00000007272d0000)
 concurrent mark-sweep generation total 106496K, used 2496K [0x00000007390c0000, 0x000000073f8c0000, 0x00000007c0000000)
 Metaspace       used 18043K, capacity 18830K, committed 19072K, reserved 1067008K
  class space    used 2122K, capacity 2317K, committed 2432K, reserved 1048576K
2021-12-27T09:18:41.016+0800: 26.848: [GC (Allocation Failure) 2021-12-27T09:18:41.017+0800: 26.849: [ParNew: 46811K->4247K(47936K), 0.0722885 secs] 49307K->6743K(154432K), 0.0804177 secs] [Times: user=0.01 sys=0.01, real=0.08 secs] 
Heap after GC invocations=10 (full 0):
 par new generation   total 47936K, used 4247K [0x0000000724400000, 0x0000000727800000, 0x00000007390c0000)
  eden space 42624K,   0% used [0x0000000724400000, 0x0000000724400000, 0x0000000726da0000)
  from space 5312K,  79% used [0x0000000726da0000, 0x00000007271c5d10, 0x00000007272d0000)
  to   space 5312K,   0% used [0x00000007272d0000, 0x00000007272d0000, 0x0000000727800000)
 concurrent mark-sweep generation total 106496K, used 2496K [0x00000007390c0000, 0x000000073f8c0000, 0x00000007c0000000)
 Metaspace       used 18043K, capacity 18830K, committed 19072K, reserved 1067008K
  class space    used 2122K, capacity 2317K, committed 2432K, reserved 1048576K
}
2021-12-27T09:18:41.105+0800: 26.937: Application time: 0.0016157 seconds
2021-12-27T09:18:41.121+0800: 26.953: Application time: 0.0162376 seconds
2021-12-27T09:18:41.129+0800: 26.961: Application time: 0.0006737 seconds
2021-12-27T09:18:41.131+0800: 26.963: Application time: 0.0022978 seconds
2021-12-27T09:18:41.133+0800: 26.967: Application time: 0.0039103 seconds
2021-12-27T09:18:41.140+0800: 26.972: Application time: 0.0051159 seconds
2021-12-27T09:18:41.146+0800: 26.978: Application time: 0.0014503 seconds
2021-12-27T09:18:41.147+0800: 26.980: Application time: 0.0018350 seconds
2021-12-27T09:18:41.151+0800: 26.983: Application time: 0.0032752 seconds
2021-12-27T09:18:41.152+0800: 26.984: Application time: 0.0007799 seconds
2021-12-27T09:18:41.161+0800: 26.993: Application time: 0.0076975 seconds
2021-12-27T09:18:41.174+0800: 27.007: Application time: 0.0137862 seconds
2021-12-27T09:18:41.177+0800: 27.009: Application time: 0.0020471 seconds
2021-12-27T09:18:41.184+0800: 27.016: Application time: 0.0066064 seconds
2021-12-27T09:18:41.190+0800: 27.022: Application time: 0.0058755 seconds
2021-12-27T09:18:41.194+0800: 27.026: Application time: 0.0037550 seconds
2021-12-27T09:18:41.202+0800: 27.034: Application time: 0.0081223 seconds
2021-12-27T09:18:41.313+0800: 27.146: Application time: 0.1104920 seconds
2021-12-27T09:18:42.084+0800: 27.917: Application time: 0.7607531 seconds
2021-12-27T09:18:42.086+0800: 27.918: Application time: 0.0001497 seconds
2021-12-27T09:18:42.563+0800: 28.395: Application time: 0.4752771 seconds
2021-12-27T09:18:42.761+0800: 28.594: Application time: 0.1978262 seconds
{Heap before GC invocations=10 (full 0):
 par new generation   total 47936K, used 46871K [0x0000000724400000, 0x0000000727800000, 0x00000007390c0000)
  eden space 42624K, 100% used [0x0000000724400000, 0x0000000726da0000, 0x0000000726da0000)
  from space 5312K,  79% used [0x0000000726da0000, 0x00000007271c5d10, 0x00000007272d0000)
  to   space 5312K,   0% used [0x00000007272d0000, 0x00000007272d0000, 0x0000000727800000)
 concurrent mark-sweep generation total 106496K, used 2496K [0x00000007390c0000, 0x000000073f8c0000, 0x00000007c0000000)
 Metaspace       used 19698K, capacity 20448K, committed 20736K, reserved 1067008K
  class space    used 2326K, capacity 2514K, committed 2560K, reserved 1048576K
2021-12-27T09:18:42.775+0800: 28.607: [GC (Allocation Failure) 2021-12-27T09:18:42.777+0800: 28.609: [ParNew: 46871K->3752K(47936K), 0.0711005 secs] 49367K->7395K(154432K), 0.0891869 secs] [Times: user=0.02 sys=0.00, real=0.09 secs] 
Heap after GC invocations=11 (full 0):
 par new generation   total 47936K, used 3752K [0x0000000724400000, 0x0000000727800000, 0x00000007390c0000)
  eden space 42624K,   0% used [0x0000000724400000, 0x0000000724400000, 0x0000000726da0000)
  from space 5312K,  70% used [0x00000007272d0000, 0x000000072767a128, 0x0000000727800000)
  to   space 5312K,   0% used [0x0000000726da0000, 0x0000000726da0000, 0x00000007272d0000)
 concurrent mark-sweep generation total 106496K, used 3643K [0x00000007390c0000, 0x000000073f8c0000, 0x00000007c0000000)
 Metaspace       used 19698K, capacity 20448K, committed 20736K, reserved 1067008K
  class space    used 2326K, capacity 2514K, committed 2560K, reserved 1048576K
}
2021-12-27T09:18:43.058+0800: 28.891: Application time: 0.1918064 seconds
2021-12-27T09:18:43.059+0800: 28.891: Application time: 0.0001376 seconds
2021-12-27T09:18:43.059+0800: 28.891: Application time: 0.0001654 seconds
2021-12-27T09:18:43.120+0800: 28.952: Application time: 0.0048666 seconds
2021-12-27T09:18:43.120+0800: 28.964: Application time: 0.0116185 seconds
2021-12-27T09:18:43.161+0800: 28.993: Application time: 0.0006914 seconds
2021-12-27T09:18:43.274+0800: 29.106: Application time: 0.1126011 seconds
2021-12-27T09:18:43.425+0800: 29.257: Application time: 0.1009121 seconds
2021-12-27T09:18:43.714+0800: 29.547: Application time: 0.2361128 seconds
2021-12-27T09:18:43.750+0800: 29.582: Application time: 0.0346164 seconds
2021-12-27T09:18:43.825+0800: 29.658: Application time: 0.0194559 seconds
2021-12-27T09:18:43.875+0800: 29.708: Application time: 0.0028296 seconds
2021-12-27T09:18:43.889+0800: 29.721: Application time: 0.0042381 seconds
2021-12-27T09:18:43.997+0800: 29.829: Application time: 0.1073500 seconds
2021-12-27T09:18:43.999+0800: 29.831: Application time: 0.0005318 seconds
2021-12-27T09:18:44.116+0800: 29.948: Application time: 0.1065149 seconds
2021-12-27T09:18:44.148+0800: 29.981: Application time: 0.0012258 seconds
2021-12-27T09:18:44.159+0800: 29.991: Application time: 0.0099467 seconds
2021-12-27T09:18:44.295+0800: 30.133: Application time: 0.1098703 seconds
2021-12-27T09:18:44.332+0800: 30.164: Application time: 0.0248702 seconds
2021-12-27T09:18:44.368+0800: 30.200: Application time: 0.0005360 seconds
2021-12-27T09:18:44.369+0800: 30.201: Application time: 0.0003219 seconds
2021-12-27T09:18:44.370+0800: 30.202: Application time: 0.0006106 seconds
2021-12-27T09:18:44.373+0800: 30.205: Application time: 0.0008281 seconds
2021-12-27T09:18:44.374+0800: 30.206: Application time: 0.0002646 seconds
2021-12-27T09:18:44.376+0800: 30.208: Application time: 0.0006695 seconds
2021-12-27T09:18:44.376+0800: 30.208: Application time: 0.0004528 seconds
2021-12-27T09:18:44.381+0800: 30.213: Application time: 0.0036462 seconds
2021-12-27T09:18:44.452+0800: 30.285: Application time: 0.0701642 seconds
2021-12-27T09:18:44.871+0800: 30.703: Application time: 0.4168570 seconds
2021-12-27T09:18:44.902+0800: 30.734: [GC (CMS Initial Mark) [1 CMS-initial-mark: 3643K(106496K)] 48487K(154432K), 0.1418099 secs] [Times: user=0.02 sys=0.01, real=0.14 secs] 
2021-12-27T09:18:45.049+0800: 30.881: [CMS-concurrent-mark-start]
2021-12-27T09:18:45.290+0800: 31.122: [CMS-concurrent-mark: 0.241/0.241 secs] [Times: user=0.04 sys=0.00, real=0.24 secs] 
2021-12-27T09:18:45.303+0800: 31.135: Application time: 0.2536691 seconds
2021-12-27T09:18:45.304+0800: 31.136: [CMS-concurrent-preclean-start]
2021-12-27T09:18:45.317+0800: 31.149: Application time: 0.0138947 seconds
{Heap before GC invocations=11 (full 1):
 par new generation   total 47936K, used 46616K [0x0000000724400000, 0x0000000727800000, 0x00000007390c0000)
  eden space 42624K, 100% used [0x0000000724400000, 0x0000000726da0000, 0x0000000726da0000)
  from space 5312K,  75% used [0x00000007272d0000, 0x00000007276b60b0, 0x0000000727800000)
  to   space 5312K,   0% used [0x0000000726da0000, 0x0000000726da0000, 0x00000007272d0000)
 concurrent mark-sweep generation total 106496K, used 3643K [0x00000007390c0000, 0x000000073f8c0000, 0x00000007c0000000)
 Metaspace       used 20636K, capacity 21478K, committed 21628K, reserved 1069056K
  class space    used 2471K, capacity 2695K, committed 2764K, reserved 1048576K
2021-12-27T09:18:45.319+0800: 31.151: [GC (GCLocker Initiated GC) 2021-12-27T09:18:45.324+0800: 31.156: [ParNew: 46616K->3622K(47936K), 0.0724362 secs] 50259K->7265K(154432K), 0.0773581 secs] [Times: user=0.01 sys=0.00, real=0.08 secs] 
Heap after GC invocations=12 (full 1):
 par new generation   total 47936K, used 3622K [0x0000000724400000, 0x0000000727800000, 0x00000007390c0000)
  eden space 42624K,   0% used [0x0000000724400000, 0x0000000724400000, 0x0000000726da0000)
  from space 5312K,  68% used [0x0000000726da0000, 0x0000000727129918, 0x00000007272d0000)
  to   space 5312K,   0% used [0x00000007272d0000, 0x00000007272d0000, 0x0000000727800000)
 concurrent mark-sweep generation total 106496K, used 3643K [0x00000007390c0000, 0x000000073f8c0000, 0x00000007c0000000)
 Metaspace       used 20636K, capacity 21478K, committed 21628K, reserved 1069056K
  class space    used 2471K, capacity 2695K, committed 2764K, reserved 1048576K
}
2021-12-27T09:18:45.409+0800: 31.241: [CMS-concurrent-preclean: 0.017/0.105 secs] [Times: user=0.02 sys=0.01, real=0.10 secs] 
2021-12-27T09:18:45.420+0800: 31.252: Application time: 0.0183378 seconds
2021-12-27T09:18:45.459+0800: 31.291: Application time: 0.0378003 seconds
2021-12-27T09:18:45.470+0800: 31.302: [GC (CMS Final Remark) [YG occupancy: 5459 K (47936 K)]2021-12-27T09:18:45.470+0800: 31.302: [Rescan (parallel) , 0.0796363 secs]2021-12-27T09:18:45.550+0800: 31.383: [weak refs processing, 0.0004008 secs]2021-12-27T09:18:45.551+0800: 31.383: [class unloading, 0.0337935 secs]2021-12-27T09:18:45.597+0800: 31.429: [scrub symbol table, 0.0174876 secs]2021-12-27T09:18:45.629+0800: 31.461: [scrub string table, 0.0008528 secs][1 CMS-remark: 3643K(106496K)] 9102K(154432K), 0.1713066 secs] [Times: user=0.01 sys=0.00, real=0.17 secs] 
2021-12-27T09:18:45.847+0800: 31.679: [CMS-concurrent-sweep-start]
2021-12-27T09:18:45.877+0800: 31.709: [CMS-concurrent-sweep: 0.030/0.030 secs] [Times: user=0.00 sys=0.00, real=0.03 secs] 
2021-12-27T09:18:45.883+0800: 31.716: [CMS-concurrent-reset-start]
2021-12-27T09:18:46.421+0800: 32.253: [CMS-concurrent-reset: 0.537/0.537 secs] [Times: user=0.07 sys=0.03, real=0.54 secs] 
2021-12-27T09:18:46.853+0800: 32.685: Application time: 1.2109250 seconds
2021-12-27T09:18:47.002+0800: 32.834: Application time: 0.1478819 seconds
2021-12-27T09:18:47.005+0800: 32.837: Application time: 0.0024131 seconds
2021-12-27T09:18:47.010+0800: 32.843: Application time: 0.0057962 seconds
2021-12-27T09:18:47.782+0800: 33.614: Application time: 0.7318696 seconds
{Heap before GC invocations=12 (full 1):
 par new generation   total 47936K, used 46246K [0x0000000724400000, 0x0000000727800000, 0x00000007390c0000)
  eden space 42624K, 100% used [0x0000000724400000, 0x0000000726da0000, 0x0000000726da0000)
  from space 5312K,  68% used [0x0000000726da0000, 0x0000000727129918, 0x00000007272d0000)
  to   space 5312K,   0% used [0x00000007272d0000, 0x00000007272d0000, 0x0000000727800000)
 concurrent mark-sweep generation total 106496K, used 3391K [0x00000007390c0000, 0x000000073f8c0000, 0x00000007c0000000)
 Metaspace       used 21890K, capacity 22752K, committed 22780K, reserved 1069056K
  class space    used 2691K, capacity 2878K, committed 2892K, reserved 1048576K
2021-12-27T09:18:47.787+0800: 33.619: [GC (Allocation Failure) 2021-12-27T09:18:47.787+0800: 33.619: [ParNew: 46246K->3493K(47936K), 0.0892448 secs] 49637K->7409K(154432K), 0.0908530 secs] [Times: user=0.02 sys=0.00, real=0.09 secs] 
Heap after GC invocations=13 (full 1):
 par new generation   total 47936K, used 3493K [0x0000000724400000, 0x0000000727800000, 0x00000007390c0000)
  eden space 42624K,   0% used [0x0000000724400000, 0x0000000724400000, 0x0000000726da0000)
  from space 5312K,  65% used [0x00000007272d0000, 0x0000000727639550, 0x0000000727800000)
  to   space 5312K,   0% used [0x0000000726da0000, 0x0000000726da0000, 0x00000007272d0000)
 concurrent mark-sweep generation total 106496K, used 3915K [0x00000007390c0000, 0x000000073f8c0000, 0x00000007c0000000)
 Metaspace       used 21890K, capacity 22752K, committed 22780K, reserved 1069056K
  class space    used 2691K, capacity 2878K, committed 2892K, reserved 1048576K
}
2021-12-27T09:18:47.892+0800: 33.724: Application time: 0.0080145 seconds
2021-12-27T09:18:47.918+0800: 33.750: Application time: 0.0000838 seconds
2021-12-27T09:18:48.867+0800: 34.700: Application time: 0.9491175 seconds
2021-12-27T09:18:49.657+0800: 35.489: Application time: 0.7694737 seconds
{Heap before GC invocations=13 (full 1):
 par new generation   total 47936K, used 46117K [0x0000000724400000, 0x0000000727800000, 0x00000007390c0000)
  eden space 42624K, 100% used [0x0000000724400000, 0x0000000726da0000, 0x0000000726da0000)
  from space 5312K,  65% used [0x00000007272d0000, 0x0000000727639550, 0x0000000727800000)
  to   space 5312K,   0% used [0x0000000726da0000, 0x0000000726da0000, 0x00000007272d0000)
 concurrent mark-sweep generation total 106496K, used 3915K [0x00000007390c0000, 0x000000073f8c0000, 0x00000007c0000000)
 Metaspace       used 23020K, capacity 23958K, committed 24140K, reserved 1071104K
  class space    used 2879K, capacity 3083K, committed 3148K, reserved 1048576K
2021-12-27T09:18:49.659+0800: 35.492: [GC (Allocation Failure) 2021-12-27T09:18:49.664+0800: 35.496: [ParNew: 46117K->3525K(47936K), 0.0658627 secs] 50033K->7441K(154432K), 0.0712535 secs] [Times: user=0.01 sys=0.00, real=0.07 secs] 
Heap after GC invocations=14 (full 1):
 par new generation   total 47936K, used 3525K [0x0000000724400000, 0x0000000727800000, 0x00000007390c0000)
  eden space 42624K,   0% used [0x0000000724400000, 0x0000000724400000, 0x0000000726da0000)
  from space 5312K,  66% used [0x0000000726da0000, 0x00000007271114f0, 0x00000007272d0000)
  to   space 5312K,   0% used [0x00000007272d0000, 0x00000007272d0000, 0x0000000727800000)
 concurrent mark-sweep generation total 106496K, used 3915K [0x00000007390c0000, 0x000000073f8c0000, 0x00000007c0000000)
 Metaspace       used 23020K, capacity 23958K, committed 24140K, reserved 1071104K
  class space    used 2879K, capacity 3083K, committed 3148K, reserved 1048576K
}
2021-12-27T09:18:50.175+0800: 36.007: Application time: 0.4441232 seconds
{Heap before GC invocations=14 (full 1):
 par new generation   total 47936K, used 46149K [0x0000000724400000, 0x0000000727800000, 0x00000007390c0000)
  eden space 42624K, 100% used [0x0000000724400000, 0x0000000726da0000, 0x0000000726da0000)
  from space 5312K,  66% used [0x0000000726da0000, 0x00000007271114f0, 0x00000007272d0000)
  to   space 5312K,   0% used [0x00000007272d0000, 0x00000007272d0000, 0x0000000727800000)
 concurrent mark-sweep generation total 106496K, used 3915K [0x00000007390c0000, 0x000000073f8c0000, 0x00000007c0000000)
 Metaspace       used 23160K, capacity 24076K, committed 24140K, reserved 1071104K
  class space    used 2909K, capacity 3120K, committed 3148K, reserved 1048576K
2021-12-27T09:18:50.228+0800: 36.060: [GC (Allocation Failure) 2021-12-27T09:18:50.229+0800: 36.061: [ParNew: 46149K->3287K(47936K), 0.0690076 secs] 50065K->7203K(154432K), 0.0757396 secs] [Times: user=0.02 sys=0.00, real=0.08 secs] 
Heap after GC invocations=15 (full 1):
 par new generation   total 47936K, used 3287K [0x0000000724400000, 0x0000000727800000, 0x00000007390c0000)
  eden space 42624K,   0% used [0x0000000724400000, 0x0000000724400000, 0x0000000726da0000)
  from space 5312K,  61% used [0x00000007272d0000, 0x0000000727605fb0, 0x0000000727800000)
  to   space 5312K,   0% used [0x0000000726da0000, 0x0000000726da0000, 0x00000007272d0000)
 concurrent mark-sweep generation total 106496K, used 3915K [0x00000007390c0000, 0x000000073f8c0000, 0x00000007c0000000)
 Metaspace       used 23160K, capacity 24076K, committed 24140K, reserved 1071104K
  class space    used 2909K, capacity 3120K, committed 3148K, reserved 1048576K
}
2021-12-27T09:18:51.083+0800: 36.915: Application time: 0.7770304 seconds
2021-12-27T09:18:51.100+0800: 36.932: Application time: 0.0167097 seconds
2021-12-27T09:18:51.167+0800: 36.999: Application time: 0.0001911 seconds
2021-12-27T09:18:51.167+0800: 36.999: Application time: 0.0000678 seconds
2021-12-27T09:18:51.213+0800: 37.046: Application time: 0.0465964 seconds
2021-12-27T09:18:51.265+0800: 37.097: Application time: 0.0313895 seconds
2021-12-27T09:18:51.325+0800: 37.157: Application time: 0.0406941 seconds
2021-12-27T09:18:51.377+0800: 37.209: Application time: 0.0486185 seconds
2021-12-27T09:18:51.604+0800: 37.436: Application time: 0.2002222 seconds
2021-12-27T09:18:51.632+0800: 37.464: Application time: 0.0136273 seconds
2021-12-27T09:18:51.649+0800: 37.481: Application time: 0.0164655 seconds
2021-12-27T09:18:51.675+0800: 37.507: Application time: 0.0178676 seconds
2021-12-27T09:18:51.687+0800: 37.519: Application time: 0.0082668 seconds
2021-12-27T09:18:51.692+0800: 37.524: Application time: 0.0051612 seconds
2021-12-27T09:18:51.974+0800: 37.806: Application time: 0.2817562 seconds
2021-12-27T09:18:52.273+0800: 38.106: Application time: 0.2871144 seconds
{Heap before GC invocations=15 (full 1):
 par new generation   total 47936K, used 45911K [0x0000000724400000, 0x0000000727800000, 0x00000007390c0000)
  eden space 42624K, 100% used [0x0000000724400000, 0x0000000726da0000, 0x0000000726da0000)
  from space 5312K,  61% used [0x00000007272d0000, 0x0000000727605fb0, 0x0000000727800000)
  to   space 5312K,   0% used [0x0000000726da0000, 0x0000000726da0000, 0x00000007272d0000)
 concurrent mark-sweep generation total 106496K, used 3915K [0x00000007390c0000, 0x000000073f8c0000, 0x00000007c0000000)
 Metaspace       used 24464K, capacity 25504K, committed 25676K, reserved 1071104K
  class space    used 3061K, capacity 3314K, committed 3404K, reserved 1048576K
2021-12-27T09:18:52.282+0800: 38.114: [GC (Allocation Failure) 2021-12-27T09:18:52.283+0800: 38.115: [ParNew: 45911K->5312K(47936K), 0.1183124 secs] 49827K->9973K(154432K), 0.1375173 secs] [Times: user=0.02 sys=0.01, real=0.14 secs] 
Heap after GC invocations=16 (full 1):
 par new generation   total 47936K, used 5312K [0x0000000724400000, 0x0000000727800000, 0x00000007390c0000)
  eden space 42624K,   0% used [0x0000000724400000, 0x0000000724400000, 0x0000000726da0000)
  from space 5312K, 100% used [0x0000000726da0000, 0x00000007272d0000, 0x00000007272d0000)
  to   space 5312K,   0% used [0x00000007272d0000, 0x00000007272d0000, 0x0000000727800000)
 concurrent mark-sweep generation total 106496K, used 4661K [0x00000007390c0000, 0x000000073f8c0000, 0x00000007c0000000)
 Metaspace       used 24464K, capacity 25504K, committed 25676K, reserved 1071104K
  class space    used 3061K, capacity 3314K, committed 3404K, reserved 1048576K
}
2021-12-27T09:18:53.337+0800: 39.169: Application time: 0.9124417 seconds
2021-12-27T09:18:53.540+0800: 39.373: Application time: 0.2031279 seconds
2021-12-27T09:18:53.569+0800: 39.401: Application time: 0.0283909 seconds
2021-12-27T09:18:53.569+0800: 39.401: Application time: 0.0001418 seconds
2021-12-27T09:18:53.594+0800: 39.432: Application time: 0.0300602 seconds
{Heap before GC invocations=16 (full 1):
 par new generation   total 47936K, used 47936K [0x0000000724400000, 0x0000000727800000, 0x00000007390c0000)
  eden space 42624K, 100% used [0x0000000724400000, 0x0000000726da0000, 0x0000000726da0000)
  from space 5312K, 100% used [0x0000000726da0000, 0x00000007272d0000, 0x00000007272d0000)
  to   space 5312K,   0% used [0x00000007272d0000, 0x00000007272d0000, 0x0000000727800000)
 concurrent mark-sweep generation total 106496K, used 4661K [0x00000007390c0000, 0x000000073f8c0000, 0x00000007c0000000)
 Metaspace       used 25540K, capacity 26556K, committed 26700K, reserved 1073152K
  class space    used 3154K, capacity 3382K, committed 3404K, reserved 1048576K
2021-12-27T09:18:53.600+0800: 39.432: [GC (Allocation Failure) 2021-12-27T09:18:53.600+0800: 39.432: [ParNew: 47936K->4515K(47936K), 0.0987516 secs] 52597K->10656K(154432K), 0.0998899 secs] [Times: user=0.02 sys=0.01, real=0.10 secs] 
Heap after GC invocations=17 (full 1):
 par new generation   total 47936K, used 4515K [0x0000000724400000, 0x0000000727800000, 0x00000007390c0000)
  eden space 42624K,   0% used [0x0000000724400000, 0x0000000724400000, 0x0000000726da0000)
  from space 5312K,  85% used [0x00000007272d0000, 0x0000000727738e00, 0x0000000727800000)
  to   space 5312K,   0% used [0x0000000726da0000, 0x0000000726da0000, 0x00000007272d0000)
 concurrent mark-sweep generation total 106496K, used 6140K [0x00000007390c0000, 0x000000073f8c0000, 0x00000007c0000000)
 Metaspace       used 25540K, capacity 26556K, committed 26700K, reserved 1073152K
  class space    used 3154K, capacity 3382K, committed 3404K, reserved 1048576K
}
2021-12-27T09:18:54.733+0800: 40.565: Application time: 1.0138984 seconds
2021-12-27T09:18:55.238+0800: 41.070: Application time: 0.5049376 seconds
{Heap before GC invocations=17 (full 1):
 par new generation   total 47936K, used 47139K [0x0000000724400000, 0x0000000727800000, 0x00000007390c0000)
  eden space 42624K, 100% used [0x0000000724400000, 0x0000000726da0000, 0x0000000726da0000)
  from space 5312K,  85% used [0x00000007272d0000, 0x0000000727738e00, 0x0000000727800000)
  to   space 5312K,   0% used [0x0000000726da0000, 0x0000000726da0000, 0x00000007272d0000)
 concurrent mark-sweep generation total 106496K, used 6140K [0x00000007390c0000, 0x000000073f8c0000, 0x00000007c0000000)
 Metaspace       used 26575K, capacity 27564K, committed 27852K, reserved 1073152K
  class space    used 3251K, capacity 3480K, committed 3532K, reserved 1048576K
2021-12-27T09:18:55.241+0800: 41.073: [GC (Allocation Failure) 2021-12-27T09:18:55.242+0800: 41.075: [ParNew: 47139K->3427K(47936K), 0.0808331 secs] 53280K->10032K(154432K), 0.0827721 secs] [Times: user=0.01 sys=0.01, real=0.08 secs] 
Heap after GC invocations=18 (full 1):
 par new generation   total 47936K, used 3427K [0x0000000724400000, 0x0000000727800000, 0x00000007390c0000)
  eden space 42624K,   0% used [0x0000000724400000, 0x0000000724400000, 0x0000000726da0000)
  from space 5312K,  64% used [0x0000000726da0000, 0x00000007270f8c60, 0x00000007272d0000)
  to   space 5312K,   0% used [0x00000007272d0000, 0x00000007272d0000, 0x0000000727800000)
 concurrent mark-sweep generation total 106496K, used 6605K [0x00000007390c0000, 0x000000073f8c0000, 0x00000007c0000000)
 Metaspace       used 26575K, capacity 27564K, committed 27852K, reserved 1073152K
  class space    used 3251K, capacity 3480K, committed 3532K, reserved 1048576K
}
2021-12-27T09:18:56.349+0800: 42.181: Application time: 1.0244049 seconds
2021-12-27T09:18:56.396+0800: 42.229: Application time: 0.0016811 seconds
2021-12-27T09:18:56.493+0800: 42.325: Application time: 0.0965241 seconds
2021-12-27T09:18:56.536+0800: 42.368: Application time: 0.0002320 seconds
2021-12-27T09:18:56.574+0800: 42.412: Application time: 0.0431703 seconds
{Heap before GC invocations=18 (full 1):
 par new generation   total 47936K, used 46051K [0x0000000724400000, 0x0000000727800000, 0x00000007390c0000)
  eden space 42624K, 100% used [0x0000000724400000, 0x0000000726da0000, 0x0000000726da0000)
  from space 5312K,  64% used [0x0000000726da0000, 0x00000007270f8c60, 0x00000007272d0000)
  to   space 5312K,   0% used [0x00000007272d0000, 0x00000007272d0000, 0x0000000727800000)
 concurrent mark-sweep generation total 106496K, used 6605K [0x00000007390c0000, 0x000000073f8c0000, 0x00000007c0000000)
 Metaspace       used 27366K, capacity 28484K, committed 28748K, reserved 1075200K
  class space    used 3354K, capacity 3586K, committed 3660K, reserved 1048576K
2021-12-27T09:18:56.619+0800: 42.451: [GC (Allocation Failure) 2021-12-27T09:18:56.619+0800: 42.451: [ParNew: 46051K->4580K(47936K), 0.0746381 secs] 52656K->11285K(154432K), 0.0757067 secs] [Times: user=0.01 sys=0.00, real=0.08 secs] 
Heap after GC invocations=19 (full 1):
 par new generation   total 47936K, used 4580K [0x0000000724400000, 0x0000000727800000, 0x00000007390c0000)
  eden space 42624K,   0% used [0x0000000724400000, 0x0000000724400000, 0x0000000726da0000)
  from space 5312K,  86% used [0x00000007272d0000, 0x00000007277492b8, 0x0000000727800000)
  to   space 5312K,   0% used [0x0000000726da0000, 0x0000000726da0000, 0x00000007272d0000)
 concurrent mark-sweep generation total 106496K, used 6704K [0x00000007390c0000, 0x000000073f8c0000, 0x00000007c0000000)
 Metaspace       used 27366K, capacity 28484K, committed 28748K, reserved 1075200K
  class space    used 3354K, capacity 3586K, committed 3660K, reserved 1048576K
}
2021-12-27T09:18:56.803+0800: 42.635: Application time: 0.1076567 seconds
2021-12-27T09:18:57.199+0800: 43.031: Application time: 0.3935289 seconds
2021-12-27T09:18:57.210+0800: 43.043: Application time: 0.0001427 seconds
2021-12-27T09:18:57.262+0800: 43.094: Application time: 0.0001647 seconds
2021-12-27T09:18:57.712+0800: 43.547: Application time: 0.4528302 seconds
{Heap before GC invocations=19 (full 1):
 par new generation   total 47936K, used 47204K [0x0000000724400000, 0x0000000727800000, 0x00000007390c0000)
  eden space 42624K, 100% used [0x0000000724400000, 0x0000000726da0000, 0x0000000726da0000)
  from space 5312K,  86% used [0x00000007272d0000, 0x00000007277492b8, 0x0000000727800000)
  to   space 5312K,   0% used [0x0000000726da0000, 0x0000000726da0000, 0x00000007272d0000)
 concurrent mark-sweep generation total 106496K, used 6704K [0x00000007390c0000, 0x000000073f8c0000, 0x00000007c0000000)
 Metaspace       used 27991K, capacity 29092K, committed 29388K, reserved 1075200K
  class space    used 3426K, capacity 3682K, committed 3788K, reserved 1048576K
2021-12-27T09:18:57.739+0800: 43.571: [GC (Allocation Failure) 2021-12-27T09:18:57.740+0800: 43.572: [ParNew: 47204K->5312K(47936K), 0.1402670 secs] 53909K->14420K(154432K), 0.1517346 secs] [Times: user=0.02 sys=0.01, real=0.15 secs] 
Heap after GC invocations=20 (full 1):
 par new generation   total 47936K, used 5312K [0x0000000724400000, 0x0000000727800000, 0x00000007390c0000)
  eden space 42624K,   0% used [0x0000000724400000, 0x0000000724400000, 0x0000000726da0000)
  from space 5312K, 100% used [0x0000000726da0000, 0x00000007272d0000, 0x00000007272d0000)
  to   space 5312K,   0% used [0x00000007272d0000, 0x00000007272d0000, 0x0000000727800000)
 concurrent mark-sweep generation total 106496K, used 9108K [0x00000007390c0000, 0x000000073f8c0000, 0x00000007c0000000)
 Metaspace       used 27991K, capacity 29092K, committed 29388K, reserved 1075200K
  class space    used 3426K, capacity 3682K, committed 3788K, reserved 1048576K
}
2021-12-27T09:18:58.106+0800: 43.939: Application time: 0.2149707 seconds
2021-12-27T09:18:58.187+0800: 44.019: Application time: 0.0001321 seconds
2021-12-27T09:18:58.187+0800: 44.020: Application time: 0.0000500 seconds
2021-12-27T09:18:58.194+0800: 44.026: Application time: 0.0060432 seconds
2021-12-27T09:18:58.228+0800: 44.061: Application time: 0.0006647 seconds
2021-12-27T09:18:58.229+0800: 44.061: Application time: 0.0000653 seconds
2021-12-27T09:18:58.229+0800: 44.061: Application time: 0.0003041 seconds
{Heap before GC invocations=20 (full 1):
 par new generation   total 47936K, used 47936K [0x0000000724400000, 0x0000000727800000, 0x00000007390c0000)
  eden space 42624K, 100% used [0x0000000724400000, 0x0000000726da0000, 0x0000000726da0000)
  from space 5312K, 100% used [0x0000000726da0000, 0x00000007272d0000, 0x00000007272d0000)
  to   space 5312K,   0% used [0x00000007272d0000, 0x00000007272d0000, 0x0000000727800000)
 concurrent mark-sweep generation total 106496K, used 9108K [0x00000007390c0000, 0x000000073f8c0000, 0x00000007c0000000)
 Metaspace       used 28152K, capacity 29220K, committed 29388K, reserved 1075200K
  class space    used 3451K, capacity 3682K, committed 3788K, reserved 1048576K
2021-12-27T09:18:58.229+0800: 44.062: [GC (Allocation Failure) 2021-12-27T09:18:58.230+0800: 44.062: [ParNew: 47936K->3140K(47936K), 0.0697367 secs] 57044K->13917K(154432K), 0.0710867 secs] [Times: user=0.01 sys=0.00, real=0.07 secs] 
Heap after GC invocations=21 (full 1):
 par new generation   total 47936K, used 3140K [0x0000000724400000, 0x0000000727800000, 0x00000007390c0000)
  eden space 42624K,   0% used [0x0000000724400000, 0x0000000724400000, 0x0000000726da0000)
  from space 5312K,  59% used [0x00000007272d0000, 0x00000007275e1108, 0x0000000727800000)
  to   space 5312K,   0% used [0x0000000726da0000, 0x0000000726da0000, 0x00000007272d0000)
 concurrent mark-sweep generation total 106496K, used 10777K [0x00000007390c0000, 0x000000073f8c0000, 0x00000007c0000000)
 Metaspace       used 28152K, capacity 29220K, committed 29388K, reserved 1075200K
  class space    used 3451K, capacity 3682K, committed 3788K, reserved 1048576K
}
2021-12-27T09:18:58.492+0800: 44.324: Application time: 0.1897425 seconds
2021-12-27T09:18:58.510+0800: 44.342: Application time: 0.0179110 seconds
2021-12-27T09:18:58.541+0800: 44.373: Application time: 0.0002249 seconds
2021-12-27T09:18:58.547+0800: 44.379: Application time: 0.0057520 seconds
2021-12-27T09:18:58.567+0800: 44.400: Application time: 0.0208736 seconds
2021-12-27T09:18:58.626+0800: 44.458: Application time: 0.0006504 seconds
2021-12-27T09:18:58.626+0800: 44.458: Application time: 0.0002233 seconds
2021-12-27T09:18:59.142+0800: 44.974: Application time: 0.5151941 seconds
2021-12-27T09:18:59.235+0800: 45.067: Application time: 0.0558559 seconds
{Heap before GC invocations=21 (full 1):
 par new generation   total 47936K, used 45764K [0x0000000724400000, 0x0000000727800000, 0x00000007390c0000)
  eden space 42624K, 100% used [0x0000000724400000, 0x0000000726da0000, 0x0000000726da0000)
  from space 5312K,  59% used [0x00000007272d0000, 0x00000007275e1108, 0x0000000727800000)
  to   space 5312K,   0% used [0x0000000726da0000, 0x0000000726da0000, 0x00000007272d0000)
 concurrent mark-sweep generation total 106496K, used 10777K [0x00000007390c0000, 0x000000073f8c0000, 0x00000007c0000000)
 Metaspace       used 28919K, capacity 30002K, committed 30156K, reserved 1075200K
  class space    used 3541K, capacity 3777K, committed 3788K, reserved 1048576K
2021-12-27T09:18:59.252+0800: 45.084: [GC (Allocation Failure) 2021-12-27T09:18:59.252+0800: 45.085: [ParNew: 45764K->4434K(47936K), 0.1357384 secs] 56541K->15212K(154432K), 0.1369485 secs] [Times: user=0.03 sys=0.01, real=0.14 secs] 
Heap after GC invocations=22 (full 1):
 par new generation   total 47936K, used 4434K [0x0000000724400000, 0x0000000727800000, 0x00000007390c0000)
  eden space 42624K,   0% used [0x0000000724400000, 0x0000000724400000, 0x0000000726da0000)
  from space 5312K,  83% used [0x0000000726da0000, 0x00000007271f4b00, 0x00000007272d0000)
  to   space 5312K,   0% used [0x00000007272d0000, 0x00000007272d0000, 0x0000000727800000)
 concurrent mark-sweep generation total 106496K, used 10777K [0x00000007390c0000, 0x000000073f8c0000, 0x00000007c0000000)
 Metaspace       used 28919K, capacity 30002K, committed 30156K, reserved 1075200K
  class space    used 3541K, capacity 3777K, committed 3788K, reserved 1048576K
}
2021-12-27T09:18:59.808+0800: 45.640: Application time: 0.4176882 seconds
2021-12-27T09:19:00.162+0800: 45.994: Application time: 0.3456506 seconds
{Heap before GC invocations=22 (full 1):
 par new generation   total 47936K, used 47058K [0x0000000724400000, 0x0000000727800000, 0x00000007390c0000)
  eden space 42624K, 100% used [0x0000000724400000, 0x0000000726da0000, 0x0000000726da0000)
  from space 5312K,  83% used [0x0000000726da0000, 0x00000007271f4b00, 0x00000007272d0000)
  to   space 5312K,   0% used [0x00000007272d0000, 0x00000007272d0000, 0x0000000727800000)
 concurrent mark-sweep generation total 106496K, used 10777K [0x00000007390c0000, 0x000000073f8c0000, 0x00000007c0000000)
 Metaspace       used 29690K, capacity 30802K, committed 31052K, reserved 1077248K
  class space    used 3616K, capacity 3873K, committed 3916K, reserved 1048576K
2021-12-27T09:19:00.162+0800: 45.995: [GC (Allocation Failure) 2021-12-27T09:19:00.163+0800: 45.995: [ParNew: 47058K->4004K(47936K), 0.1161662 secs] 57836K->15428K(154432K), 0.1221932 secs] [Times: user=0.02 sys=0.00, real=0.13 secs] 
Heap after GC invocations=23 (full 1):
 par new generation   total 47936K, used 4004K [0x0000000724400000, 0x0000000727800000, 0x00000007390c0000)
  eden space 42624K,   0% used [0x0000000724400000, 0x0000000724400000, 0x0000000726da0000)
  from space 5312K,  75% used [0x00000007272d0000, 0x00000007276b93b8, 0x0000000727800000)
  to   space 5312K,   0% used [0x0000000726da0000, 0x0000000726da0000, 0x00000007272d0000)
 concurrent mark-sweep generation total 106496K, used 11423K [0x00000007390c0000, 0x000000073f8c0000, 0x00000007c0000000)
 Metaspace       used 29690K, capacity 30802K, committed 31052K, reserved 1077248K
  class space    used 3616K, capacity 3873K, committed 3916K, reserved 1048576K
}
2021-12-27T09:19:00.438+0800: 46.270: Application time: 0.1518097 seconds
2021-12-27T09:19:00.842+0800: 46.674: Application time: 0.4028671 seconds
{Heap before GC invocations=23 (full 1):
 par new generation   total 47936K, used 46628K [0x0000000724400000, 0x0000000727800000, 0x00000007390c0000)
  eden space 42624K, 100% used [0x0000000724400000, 0x0000000726da0000, 0x0000000726da0000)
  from space 5312K,  75% used [0x00000007272d0000, 0x00000007276b93b8, 0x0000000727800000)
  to   space 5312K,   0% used [0x0000000726da0000, 0x0000000726da0000, 0x00000007272d0000)
 concurrent mark-sweep generation total 106496K, used 11423K [0x00000007390c0000, 0x000000073f8c0000, 0x00000007c0000000)
 Metaspace       used 29699K, capacity 30802K, committed 31052K, reserved 1077248K
  class space    used 3617K, capacity 3873K, committed 3916K, reserved 1048576K
2021-12-27T09:19:00.860+0800: 46.692: [GC (Allocation Failure) 2021-12-27T09:19:00.861+0800: 46.693: [ParNew: 46628K->5311K(47936K), 0.1455481 secs] 58052K->17599K(154432K), 0.1468221 secs] [Times: user=0.03 sys=0.00, real=0.15 secs] 
Heap after GC invocations=24 (full 1):
 par new generation   total 47936K, used 5311K [0x0000000724400000, 0x0000000727800000, 0x00000007390c0000)
  eden space 42624K,   0% used [0x0000000724400000, 0x0000000724400000, 0x0000000726da0000)
  from space 5312K,  99% used [0x0000000726da0000, 0x00000007272cfff8, 0x00000007272d0000)
  to   space 5312K,   0% used [0x00000007272d0000, 0x00000007272d0000, 0x0000000727800000)
 concurrent mark-sweep generation total 106496K, used 12287K [0x00000007390c0000, 0x000000073f8c0000, 0x00000007c0000000)
 Metaspace       used 29699K, capacity 30802K, committed 31052K, reserved 1077248K
  class space    used 3617K, capacity 3873K, committed 3916K, reserved 1048576K
}
2021-12-27T09:19:01.071+0800: 46.903: Application time: 0.0628899 seconds
2021-12-27T09:19:01.519+0800: 47.351: Application time: 0.4478091 seconds
2021-12-27T09:19:01.628+0800: 47.460: Application time: 0.1067544 seconds
{Heap before GC invocations=24 (full 1):
 par new generation   total 47936K, used 47935K [0x0000000724400000, 0x0000000727800000, 0x00000007390c0000)
  eden space 42624K, 100% used [0x0000000724400000, 0x0000000726da0000, 0x0000000726da0000)
  from space 5312K,  99% used [0x0000000726da0000, 0x00000007272cfff8, 0x00000007272d0000)
  to   space 5312K,   0% used [0x00000007272d0000, 0x00000007272d0000, 0x0000000727800000)
 concurrent mark-sweep generation total 106496K, used 12287K [0x00000007390c0000, 0x000000073f8c0000, 0x00000007c0000000)
 Metaspace       used 29715K, capacity 30802K, committed 31052K, reserved 1077248K
  class space    used 3617K, capacity 3873K, committed 3916K, reserved 1048576K
2021-12-27T09:19:01.680+0800: 47.512: [GC (Allocation Failure) 2021-12-27T09:19:01.680+0800: 47.512: [ParNew: 47935K->5312K(47936K), 0.0960270 secs] 60223K->18983K(154432K), 0.1222869 secs] [Times: user=0.02 sys=0.00, real=0.12 secs] 
Heap after GC invocations=25 (full 1):
 par new generation   total 47936K, used 5312K [0x0000000724400000, 0x0000000727800000, 0x00000007390c0000)
  eden space 42624K,   0% used [0x0000000724400000, 0x0000000724400000, 0x0000000726da0000)
  from space 5312K, 100% used [0x00000007272d0000, 0x0000000727800000, 0x0000000727800000)
  to   space 5312K,   0% used [0x0000000726da0000, 0x0000000726da0000, 0x00000007272d0000)
 concurrent mark-sweep generation total 106496K, used 13671K [0x00000007390c0000, 0x000000073f8c0000, 0x00000007c0000000)
 Metaspace       used 29715K, capacity 30802K, committed 31052K, reserved 1077248K
  class space    used 3617K, capacity 3873K, committed 3916K, reserved 1048576K
}
2021-12-27T09:19:02.110+0800: 47.942: Application time: 0.3072416 seconds
2021-12-27T09:19:02.475+0800: 48.308: Application time: 0.3388548 seconds
{Heap before GC invocations=25 (full 1):
 par new generation   total 47936K, used 47936K [0x0000000724400000, 0x0000000727800000, 0x00000007390c0000)
  eden space 42624K, 100% used [0x0000000724400000, 0x0000000726da0000, 0x0000000726da0000)
  from space 5312K, 100% used [0x00000007272d0000, 0x0000000727800000, 0x0000000727800000)
  to   space 5312K,   0% used [0x0000000726da0000, 0x0000000726da0000, 0x00000007272d0000)
 concurrent mark-sweep generation total 106496K, used 13671K [0x00000007390c0000, 0x000000073f8c0000, 0x00000007c0000000)
 Metaspace       used 29715K, capacity 30802K, committed 31052K, reserved 1077248K
  class space    used 3617K, capacity 3873K, committed 3916K, reserved 1048576K
2021-12-27T09:19:02.476+0800: 48.308: [GC (Allocation Failure) 2021-12-27T09:19:02.476+0800: 48.309: [ParNew: 47936K->5312K(47936K), 0.1617349 secs] 61607K->19965K(154432K), 0.1627437 secs] [Times: user=0.02 sys=0.00, real=0.16 secs] 
Heap after GC invocations=26 (full 1):
 par new generation   total 47936K, used 5312K [0x0000000724400000, 0x0000000727800000, 0x00000007390c0000)
  eden space 42624K,   0% used [0x0000000724400000, 0x0000000724400000, 0x0000000726da0000)
  from space 5312K, 100% used [0x0000000726da0000, 0x00000007272d0000, 0x00000007272d0000)
  to   space 5312K,   0% used [0x00000007272d0000, 0x00000007272d0000, 0x0000000727800000)
 concurrent mark-sweep generation total 106496K, used 14653K [0x00000007390c0000, 0x000000073f8c0000, 0x00000007c0000000)
 Metaspace       used 29715K, capacity 30802K, committed 31052K, reserved 1077248K
  class space    used 3617K, capacity 3873K, committed 3916K, reserved 1048576K
}
2021-12-27T09:19:02.993+0800: 48.825: Application time: 0.3532724 seconds
2021-12-27T09:19:03.406+0800: 49.238: Application time: 0.4130823 seconds
{Heap before GC invocations=26 (full 1):
 par new generation   total 47936K, used 47936K [0x0000000724400000, 0x0000000727800000, 0x00000007390c0000)
  eden space 42624K, 100% used [0x0000000724400000, 0x0000000726da0000, 0x0000000726da0000)
  from space 5312K, 100% used [0x0000000726da0000, 0x00000007272d0000, 0x00000007272d0000)
  to   space 5312K,   0% used [0x00000007272d0000, 0x00000007272d0000, 0x0000000727800000)
 concurrent mark-sweep generation total 106496K, used 14653K [0x00000007390c0000, 0x000000073f8c0000, 0x00000007c0000000)
 Metaspace       used 29722K, capacity 30802K, committed 31052K, reserved 1077248K
  class space    used 3617K, capacity 3873K, committed 3916K, reserved 1048576K
2021-12-27T09:19:03.409+0800: 49.241: [GC (Allocation Failure) 2021-12-27T09:19:03.410+0800: 49.242: [ParNew: 47936K->5255K(47936K), 0.1162597 secs] 62589K->19933K(154432K), 0.1189111 secs] [Times: user=0.03 sys=0.00, real=0.12 secs] 
Heap after GC invocations=27 (full 1):
 par new generation   total 47936K, used 5255K [0x0000000724400000, 0x0000000727800000, 0x00000007390c0000)
  eden space 42624K,   0% used [0x0000000724400000, 0x0000000724400000, 0x0000000726da0000)
  from space 5312K,  98% used [0x00000007272d0000, 0x00000007277f1f78, 0x0000000727800000)
  to   space 5312K,   0% used [0x0000000726da0000, 0x0000000726da0000, 0x00000007272d0000)
 concurrent mark-sweep generation total 106496K, used 14677K [0x00000007390c0000, 0x000000073f8c0000, 0x00000007c0000000)
 Metaspace       used 29722K, capacity 30802K, committed 31052K, reserved 1077248K
  class space    used 3617K, capacity 3873K, committed 3916K, reserved 1048576K
}
2021-12-27T09:19:03.689+0800: 49.521: Application time: 0.1598786 seconds
2021-12-27T09:19:04.049+0800: 49.881: Application time: 0.3598790 seconds
{Heap before GC invocations=27 (full 1):
 par new generation   total 47936K, used 47879K [0x0000000724400000, 0x0000000727800000, 0x00000007390c0000)
  eden space 42624K, 100% used [0x0000000724400000, 0x0000000726da0000, 0x0000000726da0000)
  from space 5312K,  98% used [0x00000007272d0000, 0x00000007277f1f78, 0x0000000727800000)
  to   space 5312K,   0% used [0x0000000726da0000, 0x0000000726da0000, 0x00000007272d0000)
 concurrent mark-sweep generation total 106496K, used 14677K [0x00000007390c0000, 0x000000073f8c0000, 0x00000007c0000000)
 Metaspace       used 29757K, capacity 30816K, committed 31052K, reserved 1077248K
  class space    used 3624K, capacity 3878K, committed 3916K, reserved 1048576K
2021-12-27T09:19:04.062+0800: 49.894: [GC (Allocation Failure) 2021-12-27T09:19:04.062+0800: 49.895: [ParNew: 47879K->5311K(47936K), 0.0967284 secs] 62557K->20342K(154432K), 0.1017230 secs] [Times: user=0.02 sys=0.00, real=0.10 secs] 
Heap after GC invocations=28 (full 1):
 par new generation   total 47936K, used 5311K [0x0000000724400000, 0x0000000727800000, 0x00000007390c0000)
  eden space 42624K,   0% used [0x0000000724400000, 0x0000000724400000, 0x0000000726da0000)
  from space 5312K,  99% used [0x0000000726da0000, 0x00000007272cfff8, 0x00000007272d0000)
  to   space 5312K,   0% used [0x00000007272d0000, 0x00000007272d0000, 0x0000000727800000)
 concurrent mark-sweep generation total 106496K, used 15030K [0x00000007390c0000, 0x000000073f8c0000, 0x00000007c0000000)
 Metaspace       used 29757K, capacity 30816K, committed 31052K, reserved 1077248K
  class space    used 3624K, capacity 3878K, committed 3916K, reserved 1048576K
}
2021-12-27T09:19:05.225+0800: 51.057: Application time: 1.0604741 seconds
2021-12-27T09:19:05.427+0800: 51.259: Application time: 0.1709171 seconds
{Heap before GC invocations=28 (full 1):
 par new generation   total 47936K, used 47935K [0x0000000724400000, 0x0000000727800000, 0x00000007390c0000)
  eden space 42624K, 100% used [0x0000000724400000, 0x0000000726da0000, 0x0000000726da0000)
  from space 5312K,  99% used [0x0000000726da0000, 0x00000007272cfff8, 0x00000007272d0000)
  to   space 5312K,   0% used [0x00000007272d0000, 0x00000007272d0000, 0x0000000727800000)
 concurrent mark-sweep generation total 106496K, used 15030K [0x00000007390c0000, 0x000000073f8c0000, 0x00000007c0000000)
 Metaspace       used 30301K, capacity 31446K, committed 31692K, reserved 1077248K
  class space    used 3685K, capacity 3949K, committed 4044K, reserved 1048576K
2021-12-27T09:19:05.434+0800: 51.267: [GC (Allocation Failure) 2021-12-27T09:19:05.435+0800: 51.267: [ParNew: 47935K->2252K(47936K), 0.0600435 secs] 62966K->17862K(154432K), 0.0635572 secs] [Times: user=0.02 sys=0.00, real=0.06 secs] 
Heap after GC invocations=29 (full 1):
 par new generation   total 47936K, used 2252K [0x0000000724400000, 0x0000000727800000, 0x00000007390c0000)
  eden space 42624K,   0% used [0x0000000724400000, 0x0000000724400000, 0x0000000726da0000)
  from space 5312K,  42% used [0x00000007272d0000, 0x00000007275030e0, 0x0000000727800000)
  to   space 5312K,   0% used [0x0000000726da0000, 0x0000000726da0000, 0x00000007272d0000)
 concurrent mark-sweep generation total 106496K, used 15610K [0x00000007390c0000, 0x000000073f8c0000, 0x00000007c0000000)
 Metaspace       used 30301K, capacity 31446K, committed 31692K, reserved 1077248K
  class space    used 3685K, capacity 3949K, committed 4044K, reserved 1048576K
}
2021-12-27T09:19:06.508+0800: 52.340: Application time: 1.0085194 seconds
2021-12-27T09:19:06.629+0800: 52.462: Application time: 0.0753791 seconds
{Heap before GC invocations=29 (full 1):
 par new generation   total 47936K, used 44876K [0x0000000724400000, 0x0000000727800000, 0x00000007390c0000)
  eden space 42624K, 100% used [0x0000000724400000, 0x0000000726da0000, 0x0000000726da0000)
  from space 5312K,  42% used [0x00000007272d0000, 0x00000007275030e0, 0x0000000727800000)
  to   space 5312K,   0% used [0x0000000726da0000, 0x0000000726da0000, 0x00000007272d0000)
 concurrent mark-sweep generation total 106496K, used 15610K [0x00000007390c0000, 0x000000073f8c0000, 0x00000007c0000000)
 Metaspace       used 30643K, capacity 31802K, committed 31948K, reserved 1077248K
  class space    used 3729K, capacity 3999K, committed 4044K, reserved 1048576K
2021-12-27T09:19:06.631+0800: 52.464: [GC (Allocation Failure) 2021-12-27T09:19:06.632+0800: 52.464: [ParNew: 44876K->2977K(47936K), 0.0286609 secs] 60486K->18587K(154432K), 0.0422079 secs] [Times: user=0.01 sys=0.00, real=0.05 secs] 
Heap after GC invocations=30 (full 1):
 par new generation   total 47936K, used 2977K [0x0000000724400000, 0x0000000727800000, 0x00000007390c0000)
  eden space 42624K,   0% used [0x0000000724400000, 0x0000000724400000, 0x0000000726da0000)
  from space 5312K,  56% used [0x0000000726da0000, 0x0000000727088738, 0x00000007272d0000)
  to   space 5312K,   0% used [0x00000007272d0000, 0x00000007272d0000, 0x0000000727800000)
 concurrent mark-sweep generation total 106496K, used 15610K [0x00000007390c0000, 0x000000073f8c0000, 0x00000007c0000000)
 Metaspace       used 30643K, capacity 31802K, committed 31948K, reserved 1077248K
  class space    used 3729K, capacity 3999K, committed 4044K, reserved 1048576K
}
2021-12-27T09:19:07.659+0800: 53.514: Application time: 1.0075572 seconds
2021-12-27T09:19:07.805+0800: 53.660: Application time: 0.1141727 seconds
{Heap before GC invocations=30 (full 1):
 par new generation   total 47936K, used 45601K [0x0000000724400000, 0x0000000727800000, 0x00000007390c0000)
  eden space 42624K, 100% used [0x0000000724400000, 0x0000000726da0000, 0x0000000726da0000)
  from space 5312K,  56% used [0x0000000726da0000, 0x0000000727088738, 0x00000007272d0000)
  to   space 5312K,   0% used [0x00000007272d0000, 0x00000007272d0000, 0x0000000727800000)
 concurrent mark-sweep generation total 106496K, used 15610K [0x00000007390c0000, 0x000000073f8c0000, 0x00000007c0000000)
 Metaspace       used 30923K, capacity 32156K, committed 32204K, reserved 1077248K
  class space    used 3764K, capacity 4038K, committed 4044K, reserved 1048576K
2021-12-27T09:19:07.817+0800: 53.672: [GC (Allocation Failure) 2021-12-27T09:19:07.818+0800: 53.673: [ParNew: 45601K->2879K(47936K), 0.0386095 secs] 61211K->18898K(154432K), 0.0409674 secs] [Times: user=0.02 sys=0.00, real=0.04 secs] 
Heap after GC invocations=31 (full 1):
 par new generation   total 47936K, used 2879K [0x0000000724400000, 0x0000000727800000, 0x00000007390c0000)
  eden space 42624K,   0% used [0x0000000724400000, 0x0000000724400000, 0x0000000726da0000)
  from space 5312K,  54% used [0x00000007272d0000, 0x000000072759ffa0, 0x0000000727800000)
  to   space 5312K,   0% used [0x0000000726da0000, 0x0000000726da0000, 0x00000007272d0000)
 concurrent mark-sweep generation total 106496K, used 16018K [0x00000007390c0000, 0x000000073f8c0000, 0x00000007c0000000)
 Metaspace       used 30923K, capacity 32156K, committed 32204K, reserved 1077248K
  class space    used 3764K, capacity 4038K, committed 4044K, reserved 1048576K
}
2021-12-27T09:19:08.259+0800: 54.114: Application time: 0.3998624 seconds
2021-12-27T09:19:08.999+0800: 54.854: Application time: 0.7389768 seconds
{Heap before GC invocations=31 (full 1):
 par new generation   total 47936K, used 45503K [0x0000000724400000, 0x0000000727800000, 0x00000007390c0000)
  eden space 42624K, 100% used [0x0000000724400000, 0x0000000726da0000, 0x0000000726da0000)
  from space 5312K,  54% used [0x00000007272d0000, 0x000000072759ffa0, 0x0000000727800000)
  to   space 5312K,   0% used [0x0000000726da0000, 0x0000000726da0000, 0x00000007272d0000)
 concurrent mark-sweep generation total 106496K, used 16018K [0x00000007390c0000, 0x000000073f8c0000, 0x00000007c0000000)
 Metaspace       used 31135K, capacity 32390K, committed 32588K, reserved 1077248K
  class space    used 3790K, capacity 4047K, committed 4172K, reserved 1048576K
2021-12-27T09:19:09.002+0800: 54.857: [GC (Allocation Failure) 2021-12-27T09:19:09.003+0800: 54.858: [ParNew: 45503K->3139K(47936K), 0.0328653 secs] 61522K->19157K(154432K), 0.0361775 secs] [Times: user=0.01 sys=0.00, real=0.03 secs] 
Heap after GC invocations=32 (full 1):
 par new generation   total 47936K, used 3139K [0x0000000724400000, 0x0000000727800000, 0x00000007390c0000)
  eden space 42624K,   0% used [0x0000000724400000, 0x0000000724400000, 0x0000000726da0000)
  from space 5312K,  59% used [0x0000000726da0000, 0x00000007270b0d20, 0x00000007272d0000)
  to   space 5312K,   0% used [0x00000007272d0000, 0x00000007272d0000, 0x0000000727800000)
 concurrent mark-sweep generation total 106496K, used 16018K [0x00000007390c0000, 0x000000073f8c0000, 0x00000007c0000000)
 Metaspace       used 31135K, capacity 32390K, committed 32588K, reserved 1077248K
  class space    used 3790K, capacity 4047K, committed 4172K, reserved 1048576K
}
2021-12-27T09:19:09.745+0800: 55.600: Application time: 0.7045978 seconds
2021-12-27T09:19:09.963+0800: 55.818: Application time: 0.2181551 seconds
{Heap before GC invocations=32 (full 1):
 par new generation   total 47936K, used 45763K [0x0000000724400000, 0x0000000727800000, 0x00000007390c0000)
  eden space 42624K, 100% used [0x0000000724400000, 0x0000000726da0000, 0x0000000726da0000)
  from space 5312K,  59% used [0x0000000726da0000, 0x00000007270b0d20, 0x00000007272d0000)
  to   space 5312K,   0% used [0x00000007272d0000, 0x00000007272d0000, 0x0000000727800000)
 concurrent mark-sweep generation total 106496K, used 16018K [0x00000007390c0000, 0x000000073f8c0000, 0x00000007c0000000)
 Metaspace       used 31233K, capacity 32520K, committed 32844K, reserved 1077248K
  class space    used 3807K, capacity 4084K, committed 4172K, reserved 1048576K
2021-12-27T09:19:09.964+0800: 55.819: [GC (Allocation Failure) 2021-12-27T09:19:09.966+0800: 55.821: [ParNew: 45763K->3957K(47936K), 0.1034651 secs] 61781K->20218K(154432K), 0.1148012 secs] [Times: user=0.02 sys=0.00, real=0.11 secs] 
Heap after GC invocations=33 (full 1):
 par new generation   total 47936K, used 3957K [0x0000000724400000, 0x0000000727800000, 0x00000007390c0000)
  eden space 42624K,   0% used [0x0000000724400000, 0x0000000724400000, 0x0000000726da0000)
  from space 5312K,  74% used [0x00000007272d0000, 0x00000007276ad538, 0x0000000727800000)
  to   space 5312K,   0% used [0x0000000726da0000, 0x0000000726da0000, 0x00000007272d0000)
 concurrent mark-sweep generation total 106496K, used 16260K [0x00000007390c0000, 0x000000073f8c0000, 0x00000007c0000000)
 Metaspace       used 31233K, capacity 32520K, committed 32844K, reserved 1077248K
  class space    used 3807K, capacity 4084K, committed 4172K, reserved 1048576K
}
2021-12-27T09:19:11.009+0800: 56.864: Application time: 0.9296031 seconds
2021-12-27T09:19:11.496+0800: 57.351: Application time: 0.4845483 seconds
{Heap before GC invocations=33 (full 1):
 par new generation   total 47936K, used 46581K [0x0000000724400000, 0x0000000727800000, 0x00000007390c0000)
  eden space 42624K, 100% used [0x0000000724400000, 0x0000000726da0000, 0x0000000726da0000)
  from space 5312K,  74% used [0x00000007272d0000, 0x00000007276ad538, 0x0000000727800000)
  to   space 5312K,   0% used [0x0000000726da0000, 0x0000000726da0000, 0x00000007272d0000)
 concurrent mark-sweep generation total 106496K, used 16260K [0x00000007390c0000, 0x000000073f8c0000, 0x00000007c0000000)
 Metaspace       used 31821K, capacity 33128K, committed 33356K, reserved 1079296K
  class space    used 3890K, capacity 4164K, committed 4172K, reserved 1048576K
2021-12-27T09:19:11.499+0800: 57.354: [GC (Allocation Failure) 2021-12-27T09:19:11.499+0800: 57.355: [ParNew: 46581K->3129K(47936K), 0.0553585 secs] 62842K->20133K(154432K), 0.0591823 secs] [Times: user=0.02 sys=0.00, real=0.06 secs] 
Heap after GC invocations=34 (full 1):
 par new generation   total 47936K, used 3129K [0x0000000724400000, 0x0000000727800000, 0x00000007390c0000)
  eden space 42624K,   0% used [0x0000000724400000, 0x0000000724400000, 0x0000000726da0000)
  from space 5312K,  58% used [0x0000000726da0000, 0x00000007270ae570, 0x00000007272d0000)
  to   space 5312K,   0% used [0x00000007272d0000, 0x00000007272d0000, 0x0000000727800000)
 concurrent mark-sweep generation total 106496K, used 17004K [0x00000007390c0000, 0x000000073f8c0000, 0x00000007c0000000)
 Metaspace       used 31821K, capacity 33128K, committed 33356K, reserved 1079296K
  class space    used 3890K, capacity 4164K, committed 4172K, reserved 1048576K
}
2021-12-27T09:19:12.574+0800: 58.429: Application time: 1.0149553 seconds
2021-12-27T09:19:13.167+0800: 59.022: Application time: 0.5655954 seconds
{Heap before GC invocations=34 (full 1):
 par new generation   total 47936K, used 45753K [0x0000000724400000, 0x0000000727800000, 0x00000007390c0000)
  eden space 42624K, 100% used [0x0000000724400000, 0x0000000726da0000, 0x0000000726da0000)
  from space 5312K,  58% used [0x0000000726da0000, 0x00000007270ae570, 0x00000007272d0000)
  to   space 5312K,   0% used [0x00000007272d0000, 0x00000007272d0000, 0x0000000727800000)
 concurrent mark-sweep generation total 106496K, used 17004K [0x00000007390c0000, 0x000000073f8c0000, 0x00000007c0000000)
 Metaspace       used 32606K, capacity 33972K, committed 33996K, reserved 1079296K
  class space    used 3995K, capacity 4282K, committed 4300K, reserved 1048576K
2021-12-27T09:19:13.180+0800: 59.035: [GC (Allocation Failure) 2021-12-27T09:19:13.181+0800: 59.036: [ParNew: 45753K->3253K(47936K), 0.0352999 secs] 62757K->20257K(154432K), 0.0412110 secs] [Times: user=0.01 sys=0.01, real=0.05 secs] 
Heap after GC invocations=35 (full 1):
 par new generation   total 47936K, used 3253K [0x0000000724400000, 0x0000000727800000, 0x00000007390c0000)
  eden space 42624K,   0% used [0x0000000724400000, 0x0000000724400000, 0x0000000726da0000)
  from space 5312K,  61% used [0x00000007272d0000, 0x00000007275fd628, 0x0000000727800000)
  to   space 5312K,   0% used [0x0000000726da0000, 0x0000000726da0000, 0x00000007272d0000)
 concurrent mark-sweep generation total 106496K, used 17004K [0x00000007390c0000, 0x000000073f8c0000, 0x00000007c0000000)
 Metaspace       used 32606K, capacity 33972K, committed 33996K, reserved 1079296K
  class space    used 3995K, capacity 4282K, committed 4300K, reserved 1048576K
}
2021-12-27T09:19:14.227+0800: 60.082: Application time: 1.0053602 seconds
2021-12-27T09:19:15.278+0800: 61.133: Application time: 1.0136194 seconds
2021-12-27T09:19:15.943+0800: 61.798: Application time: 0.6255395 seconds
{Heap before GC invocations=35 (full 1):
 par new generation   total 47936K, used 45877K [0x0000000724400000, 0x0000000727800000, 0x00000007390c0000)
  eden space 42624K, 100% used [0x0000000724400000, 0x0000000726da0000, 0x0000000726da0000)
  from space 5312K,  61% used [0x00000007272d0000, 0x00000007275fd628, 0x0000000727800000)
  to   space 5312K,   0% used [0x0000000726da0000, 0x0000000726da0000, 0x00000007272d0000)
 concurrent mark-sweep generation total 106496K, used 17004K [0x00000007390c0000, 0x000000073f8c0000, 0x00000007c0000000)
 Metaspace       used 33284K, capacity 34678K, committed 34892K, reserved 1079296K
  class space    used 4098K, capacity 4383K, committed 4428K, reserved 1048576K
2021-12-27T09:19:15.951+0800: 61.807: [GC (Allocation Failure) 2021-12-27T09:19:15.952+0800: 61.807: [ParNew: 45877K->3497K(47936K), 0.0607560 secs] 62881K->20852K(154432K), 0.0674210 secs] [Times: user=0.01 sys=0.00, real=0.06 secs] 
Heap after GC invocations=36 (full 1):
 par new generation   total 47936K, used 3497K [0x0000000724400000, 0x0000000727800000, 0x00000007390c0000)
  eden space 42624K,   0% used [0x0000000724400000, 0x0000000724400000, 0x0000000726da0000)
  from space 5312K,  65% used [0x0000000726da0000, 0x000000072710a690, 0x00000007272d0000)
  to   space 5312K,   0% used [0x00000007272d0000, 0x00000007272d0000, 0x0000000727800000)
 concurrent mark-sweep generation total 106496K, used 17355K [0x00000007390c0000, 0x000000073f8c0000, 0x00000007c0000000)
 Metaspace       used 33284K, capacity 34678K, committed 34892K, reserved 1079296K
  class space    used 4098K, capacity 4383K, committed 4428K, reserved 1048576K
}
2021-12-27T09:19:16.512+0800: 62.367: Application time: 0.4912532 seconds
2021-12-27T09:19:16.921+0800: 62.776: Application time: 0.4074136 seconds
2021-12-27T09:19:17.368+0800: 63.224: Application time: 0.4475261 seconds
2021-12-27T09:19:17.464+0800: 63.319: Application time: 0.0956315 seconds
{Heap before GC invocations=36 (full 1):
 par new generation   total 47936K, used 46121K [0x0000000724400000, 0x0000000727800000, 0x00000007390c0000)
  eden space 42624K, 100% used [0x0000000724400000, 0x0000000726da0000, 0x0000000726da0000)
  from space 5312K,  65% used [0x0000000726da0000, 0x000000072710a690, 0x00000007272d0000)
  to   space 5312K,   0% used [0x00000007272d0000, 0x00000007272d0000, 0x0000000727800000)
 concurrent mark-sweep generation total 106496K, used 17355K [0x00000007390c0000, 0x000000073f8c0000, 0x00000007c0000000)
 Metaspace       used 34070K, capacity 35622K, committed 35788K, reserved 1081344K
  class space    used 4219K, capacity 4551K, committed 4556K, reserved 1048576K
2021-12-27T09:19:17.465+0800: 63.320: [GC (Allocation Failure) 2021-12-27T09:19:17.466+0800: 63.321: [ParNew: 46121K->3666K(47936K), 0.0920301 secs] 63476K->21556K(154432K), 0.1008538 secs] [Times: user=0.02 sys=0.00, real=0.10 secs] 
Heap after GC invocations=37 (full 1):
 par new generation   total 47936K, used 3666K [0x0000000724400000, 0x0000000727800000, 0x00000007390c0000)
  eden space 42624K,   0% used [0x0000000724400000, 0x0000000724400000, 0x0000000726da0000)
  from space 5312K,  69% used [0x00000007272d0000, 0x00000007276649b0, 0x0000000727800000)
  to   space 5312K,   0% used [0x0000000726da0000, 0x0000000726da0000, 0x00000007272d0000)
 concurrent mark-sweep generation total 106496K, used 17890K [0x00000007390c0000, 0x000000073f8c0000, 0x00000007c0000000)
 Metaspace       used 34070K, capacity 35622K, committed 35788K, reserved 1081344K
  class space    used 4219K, capacity 4551K, committed 4556K, reserved 1048576K
}
2021-12-27T09:19:18.581+0800: 64.436: Application time: 1.0139275 seconds
2021-12-27T09:19:19.067+0800: 64.922: Application time: 0.4852532 seconds
{Heap before GC invocations=37 (full 1):
 par new generation   total 47936K, used 46290K [0x0000000724400000, 0x0000000727800000, 0x00000007390c0000)
  eden space 42624K, 100% used [0x0000000724400000, 0x0000000726da0000, 0x0000000726da0000)
  from space 5312K,  69% used [0x00000007272d0000, 0x00000007276649b0, 0x0000000727800000)
  to   space 5312K,   0% used [0x0000000726da0000, 0x0000000726da0000, 0x00000007272d0000)
 concurrent mark-sweep generation total 106496K, used 17890K [0x00000007390c0000, 0x000000073f8c0000, 0x00000007c0000000)
 Metaspace       used 34859K, capacity 36392K, committed 36476K, reserved 1081344K
  class space    used 4403K, capacity 4726K, committed 4732K, reserved 1048576K
2021-12-27T09:19:19.069+0800: 64.924: [GC (Allocation Failure) 2021-12-27T09:19:19.069+0800: 64.924: [ParNew: 46290K->1980K(47936K), 0.0455379 secs] 64180K->20993K(154432K), 0.0465209 secs] [Times: user=0.02 sys=0.00, real=0.05 secs] 
Heap after GC invocations=38 (full 1):
 par new generation   total 47936K, used 1980K [0x0000000724400000, 0x0000000727800000, 0x00000007390c0000)
  eden space 42624K,   0% used [0x0000000724400000, 0x0000000724400000, 0x0000000726da0000)
  from space 5312K,  37% used [0x0000000726da0000, 0x0000000726f8f2f8, 0x00000007272d0000)
  to   space 5312K,   0% used [0x00000007272d0000, 0x00000007272d0000, 0x0000000727800000)
 concurrent mark-sweep generation total 106496K, used 19012K [0x00000007390c0000, 0x000000073f8c0000, 0x00000007c0000000)
 Metaspace       used 34859K, capacity 36392K, committed 36476K, reserved 1081344K
  class space    used 4403K, capacity 4726K, committed 4732K, reserved 1048576K
}
2021-12-27T09:19:19.609+0800: 65.464: Application time: 0.4933633 seconds
2021-12-27T09:19:20.342+0800: 66.197: Application time: 0.7303702 seconds
2021-12-27T09:19:20.671+0800: 66.526: Application time: 0.3291966 seconds
{Heap before GC invocations=38 (full 1):
 par new generation   total 47936K, used 44604K [0x0000000724400000, 0x0000000727800000, 0x00000007390c0000)
  eden space 42624K, 100% used [0x0000000724400000, 0x0000000726da0000, 0x0000000726da0000)
  from space 5312K,  37% used [0x0000000726da0000, 0x0000000726f8f2f8, 0x00000007272d0000)
  to   space 5312K,   0% used [0x00000007272d0000, 0x00000007272d0000, 0x0000000727800000)
 concurrent mark-sweep generation total 106496K, used 19012K [0x00000007390c0000, 0x000000073f8c0000, 0x00000007c0000000)
 Metaspace       used 35143K, capacity 36754K, committed 36808K, reserved 1081344K
  class space    used 4450K, capacity 4781K, committed 4808K, reserved 1048576K
2021-12-27T09:19:20.683+0800: 66.538: [GC (Allocation Failure) 2021-12-27T09:19:20.683+0800: 66.538: [ParNew: 44604K->4860K(47936K), 0.1479017 secs] 63617K->23873K(154432K), 0.1530333 secs] [Times: user=0.02 sys=0.00, real=0.15 secs] 
Heap after GC invocations=39 (full 1):
 par new generation   total 47936K, used 4860K [0x0000000724400000, 0x0000000727800000, 0x00000007390c0000)
  eden space 42624K,   0% used [0x0000000724400000, 0x0000000724400000, 0x0000000726da0000)
  from space 5312K,  91% used [0x00000007272d0000, 0x000000072778f388, 0x0000000727800000)
  to   space 5312K,   0% used [0x0000000726da0000, 0x0000000726da0000, 0x00000007272d0000)
 concurrent mark-sweep generation total 106496K, used 19012K [0x00000007390c0000, 0x000000073f8c0000, 0x00000007c0000000)
 Metaspace       used 35143K, capacity 36754K, committed 36808K, reserved 1081344K
  class space    used 4450K, capacity 4781K, committed 4808K, reserved 1048576K
}
2021-12-27T09:19:20.839+0800: 66.694: Application time: 0.0022270 seconds
2021-12-27T09:19:20.840+0800: 66.695: [GC (CMS Initial Mark) [1 CMS-initial-mark: 19012K(106496K)] 23873K(154432K), 0.0426365 secs] [Times: user=0.01 sys=0.00, real=0.05 secs] 
2021-12-27T09:19:20.886+0800: 66.741: [CMS-concurrent-mark-start]
2021-12-27T09:19:20.966+0800: 66.821: Application time: 0.0804116 seconds
2021-12-27T09:19:21.280+0800: 67.135: [CMS-concurrent-mark: 0.390/0.394 secs] [Times: user=0.09 sys=0.00, real=0.39 secs] 
2021-12-27T09:19:21.285+0800: 67.140: [CMS-concurrent-preclean-start]
2021-12-27T09:19:21.295+0800: 67.150: [CMS-concurrent-preclean: 0.010/0.010 secs] [Times: user=0.00 sys=0.01, real=0.01 secs] 
2021-12-27T09:19:21.302+0800: 67.157: [CMS-concurrent-abortable-preclean-start]
2021-12-27T09:19:21.966+0800: 67.821: Application time: 1.0003941 seconds
2021-12-27T09:19:22.836+0800: 68.692: Application time: 0.8700629 seconds
2021-12-27T09:19:23.217+0800: 69.072: Application time: 0.3799772 seconds
{Heap before GC invocations=39 (full 2):
 par new generation   total 47936K, used 47484K [0x0000000724400000, 0x0000000727800000, 0x00000007390c0000)
  eden space 42624K, 100% used [0x0000000724400000, 0x0000000726da0000, 0x0000000726da0000)
  from space 5312K,  91% used [0x00000007272d0000, 0x000000072778f388, 0x0000000727800000)
  to   space 5312K,   0% used [0x0000000726da0000, 0x0000000726da0000, 0x00000007272d0000)
 concurrent mark-sweep generation total 106496K, used 19012K [0x00000007390c0000, 0x000000073f8c0000, 0x00000007c0000000)
 Metaspace       used 35537K, capacity 37138K, committed 37396K, reserved 1081344K
  class space    used 4514K, capacity 4845K, committed 4884K, reserved 1048576K
2021-12-27T09:19:23.221+0800: 69.076: [GC (Allocation Failure) 2021-12-27T09:19:23.222+0800: 69.077: [ParNew: 47484K->2295K(47936K), 0.0911775 secs] 66497K->22178K(154432K), 0.0932912 secs] [Times: user=0.01 sys=0.00, real=0.10 secs] 
Heap after GC invocations=40 (full 2):
 par new generation   total 47936K, used 2295K [0x0000000724400000, 0x0000000727800000, 0x00000007390c0000)
  eden space 42624K,   0% used [0x0000000724400000, 0x0000000724400000, 0x0000000726da0000)
  from space 5312K,  43% used [0x0000000726da0000, 0x0000000726fddf40, 0x00000007272d0000)
  to   space 5312K,   0% used [0x00000007272d0000, 0x00000007272d0000, 0x0000000727800000)
 concurrent mark-sweep generation total 106496K, used 19882K [0x00000007390c0000, 0x000000073f8c0000, 0x00000007c0000000)
 Metaspace       used 35537K, capacity 37138K, committed 37396K, reserved 1081344K
  class space    used 4514K, capacity 4845K, committed 4884K, reserved 1048576K
}
2021-12-27T09:19:24.326+0800: 70.182: Application time: 1.0031600 seconds
2021-12-27T09:19:24.484+0800: 70.339: [CMS-concurrent-abortable-preclean: 2.702/3.182 secs] [Times: user=0.68 sys=0.06, real=3.18 secs] 
2021-12-27T09:19:24.485+0800: 70.340: Application time: 0.1023959 seconds
2021-12-27T09:19:24.485+0800: 70.340: [GC (CMS Final Remark) [YG occupancy: 29527 K (47936 K)]2021-12-27T09:19:24.487+0800: 70.342: [Rescan (parallel) , 0.0829942 secs]2021-12-27T09:19:24.570+0800: 70.425: [weak refs processing, 0.0005515 secs]2021-12-27T09:19:24.571+0800: 70.426: [class unloading, 0.0444573 secs]2021-12-27T09:19:24.639+0800: 70.494: [scrub symbol table, 0.0589536 secs]2021-12-27T09:19:24.707+0800: 70.562: [scrub string table, 0.0045184 secs][1 CMS-remark: 19882K(106496K)] 49410K(154432K), 0.2271837 secs] [Times: user=0.04 sys=0.01, real=0.23 secs] 
2021-12-27T09:19:24.718+0800: 70.573: [CMS-concurrent-sweep-start]
2021-12-27T09:19:24.762+0800: 70.617: [CMS-concurrent-sweep: 0.044/0.044 secs] [Times: user=0.03 sys=0.00, real=0.05 secs] 
2021-12-27T09:19:24.763+0800: 70.618: [CMS-concurrent-reset-start]
2021-12-27T09:19:24.779+0800: 70.634: [CMS-concurrent-reset: 0.016/0.016 secs] [Times: user=0.00 sys=0.00, real=0.01 secs] 
2021-12-27T09:19:25.251+0800: 71.106: Application time: 0.5350404 seconds
{Heap before GC invocations=40 (full 2):
 par new generation   total 47936K, used 44919K [0x0000000724400000, 0x0000000727800000, 0x00000007390c0000)
  eden space 42624K, 100% used [0x0000000724400000, 0x0000000726da0000, 0x0000000726da0000)
  from space 5312K,  43% used [0x0000000726da0000, 0x0000000726fddf40, 0x00000007272d0000)
  to   space 5312K,   0% used [0x00000007272d0000, 0x00000007272d0000, 0x0000000727800000)
 concurrent mark-sweep generation total 106496K, used 11941K [0x00000007390c0000, 0x000000073f8c0000, 0x00000007c0000000)
 Metaspace       used 35893K, capacity 37512K, committed 37780K, reserved 1081344K
  class space    used 4571K, capacity 4892K, committed 5012K, reserved 1048576K
2021-12-27T09:19:25.251+0800: 71.106: [GC (Allocation Failure) 2021-12-27T09:19:25.265+0800: 71.120: [ParNew: 44919K->2284K(47936K), 0.0370528 secs] 56860K->14225K(154432K), 0.0575288 secs] [Times: user=0.01 sys=0.00, real=0.06 secs] 
Heap after GC invocations=41 (full 2):
 par new generation   total 47936K, used 2284K [0x0000000724400000, 0x0000000727800000, 0x00000007390c0000)
  eden space 42624K,   0% used [0x0000000724400000, 0x0000000724400000, 0x0000000726da0000)
  from space 5312K,  43% used [0x00000007272d0000, 0x000000072750b350, 0x0000000727800000)
  to   space 5312K,   0% used [0x0000000726da0000, 0x0000000726da0000, 0x00000007272d0000)
 concurrent mark-sweep generation total 106496K, used 11941K [0x00000007390c0000, 0x000000073f8c0000, 0x00000007c0000000)
 Metaspace       used 35893K, capacity 37512K, committed 37780K, reserved 1081344K
  class space    used 4571K, capacity 4892K, committed 5012K, reserved 1048576K
}
2021-12-27T09:19:26.123+0800: 71.978: Application time: 0.8136294 seconds
2021-12-27T09:19:26.569+0800: 72.424: Application time: 0.4449656 seconds
{Heap before GC invocations=41 (full 2):
 par new generation   total 47936K, used 44908K [0x0000000724400000, 0x0000000727800000, 0x00000007390c0000)
  eden space 42624K, 100% used [0x0000000724400000, 0x0000000726da0000, 0x0000000726da0000)
  from space 5312K,  43% used [0x00000007272d0000, 0x000000072750b350, 0x0000000727800000)
  to   space 5312K,   0% used [0x0000000726da0000, 0x0000000726da0000, 0x00000007272d0000)
 concurrent mark-sweep generation total 106496K, used 11941K [0x00000007390c0000, 0x000000073f8c0000, 0x00000007c0000000)
 Metaspace       used 36590K, capacity 38190K, committed 38292K, reserved 1083392K
  class space    used 4662K, capacity 4989K, committed 5012K, reserved 1048576K
2021-12-27T09:19:26.569+0800: 72.424: [GC (Allocation Failure) 2021-12-27T09:19:26.570+0800: 72.425: [ParNew: 44908K->1970K(47936K), 0.0422478 secs] 56849K->13911K(154432K), 0.0429676 secs] [Times: user=0.01 sys=0.00, real=0.05 secs] 
Heap after GC invocations=42 (full 2):
 par new generation   total 47936K, used 1970K [0x0000000724400000, 0x0000000727800000, 0x00000007390c0000)
  eden space 42624K,   0% used [0x0000000724400000, 0x0000000724400000, 0x0000000726da0000)
  from space 5312K,  37% used [0x0000000726da0000, 0x0000000726f8c920, 0x00000007272d0000)
  to   space 5312K,   0% used [0x00000007272d0000, 0x00000007272d0000, 0x0000000727800000)
 concurrent mark-sweep generation total 106496K, used 11941K [0x00000007390c0000, 0x000000073f8c0000, 0x00000007c0000000)
 Metaspace       used 36590K, capacity 38190K, committed 38292K, reserved 1083392K
  class space    used 4662K, capacity 4989K, committed 5012K, reserved 1048576K
}
2021-12-27T09:19:27.170+0800: 73.025: Application time: 0.5571577 seconds
2021-12-27T09:19:27.306+0800: 73.161: Application time: 0.1347911 seconds
2021-12-27T09:19:27.315+0800: 73.170: Application time: 0.0087422 seconds
2021-12-27T09:19:28.060+0800: 73.915: Application time: 0.7399311 seconds
2021-12-27T09:19:28.068+0800: 73.924: Application time: 0.0055937 seconds
2021-12-27T09:19:28.666+0800: 74.521: Application time: 0.5937802 seconds
{Heap before GC invocations=42 (full 2):
 par new generation   total 47936K, used 44594K [0x0000000724400000, 0x0000000727800000, 0x00000007390c0000)
  eden space 42624K, 100% used [0x0000000724400000, 0x0000000726da0000, 0x0000000726da0000)
  from space 5312K,  37% used [0x0000000726da0000, 0x0000000726f8c920, 0x00000007272d0000)
  to   space 5312K,   0% used [0x00000007272d0000, 0x00000007272d0000, 0x0000000727800000)
 concurrent mark-sweep generation total 106496K, used 11941K [0x00000007390c0000, 0x000000073f8c0000, 0x00000007c0000000)
 Metaspace       used 37705K, capacity 39370K, committed 39572K, reserved 1083392K
  class space    used 4823K, capacity 5147K, committed 5268K, reserved 1048576K
2021-12-27T09:19:28.666+0800: 74.521: [GC (Allocation Failure) 2021-12-27T09:19:28.667+0800: 74.522: [ParNew: 44594K->3121K(47936K), 0.0731929 secs] 56535K->15062K(154432K), 0.0743280 secs] [Times: user=0.02 sys=0.00, real=0.07 secs] 
Heap after GC invocations=43 (full 2):
 par new generation   total 47936K, used 3121K [0x0000000724400000, 0x0000000727800000, 0x00000007390c0000)
  eden space 42624K,   0% used [0x0000000724400000, 0x0000000724400000, 0x0000000726da0000)
  from space 5312K,  58% used [0x00000007272d0000, 0x00000007275dc760, 0x0000000727800000)
  to   space 5312K,   0% used [0x0000000726da0000, 0x0000000726da0000, 0x00000007272d0000)
 concurrent mark-sweep generation total 106496K, used 11941K [0x00000007390c0000, 0x000000073f8c0000, 0x00000007c0000000)
 Metaspace       used 37705K, capacity 39370K, committed 39572K, reserved 1083392K
  class space    used 4823K, capacity 5147K, committed 5268K, reserved 1048576K
}
2021-12-27T09:19:29.229+0800: 75.084: Application time: 0.4879142 seconds
2021-12-27T09:19:29.296+0800: 75.152: Application time: 0.0669820 seconds
2021-12-27T09:19:29.303+0800: 75.158: Application time: 0.0066494 seconds
2021-12-27T09:19:29.305+0800: 75.160: Application time: 0.0018429 seconds
2021-12-27T09:19:29.306+0800: 75.162: Application time: 0.0013731 seconds
2021-12-27T09:19:29.312+0800: 75.167: Application time: 0.0052046 seconds
2021-12-27T09:19:29.313+0800: 75.168: Application time: 0.0012467 seconds
2021-12-27T09:19:29.316+0800: 75.171: Application time: 0.0021884 seconds
2021-12-27T09:19:29.317+0800: 75.172: Application time: 0.0015636 seconds
2021-12-27T09:19:29.319+0800: 75.174: Application time: 0.0014902 seconds
2021-12-27T09:19:29.325+0800: 75.181: Application time: 0.0063905 seconds
2021-12-27T09:19:29.326+0800: 75.181: Application time: 0.0005911 seconds
2021-12-27T09:19:30.326+0800: 76.181: Application time: 1.0001906 seconds
2021-12-27T09:19:30.467+0800: 76.322: Application time: 0.1286667 seconds
2021-12-27T09:19:30.476+0800: 76.331: Application time: 0.0094548 seconds
2021-12-27T09:19:30.490+0800: 76.345: Application time: 0.0133671 seconds
2021-12-27T09:19:30.563+0800: 76.419: Application time: 0.0729172 seconds
2021-12-27T09:19:30.930+0800: 76.785: Application time: 0.3666453 seconds
{Heap before GC invocations=43 (full 2):
 par new generation   total 47936K, used 45745K [0x0000000724400000, 0x0000000727800000, 0x00000007390c0000)
  eden space 42624K, 100% used [0x0000000724400000, 0x0000000726da0000, 0x0000000726da0000)
  from space 5312K,  58% used [0x00000007272d0000, 0x00000007275dc760, 0x0000000727800000)
  to   space 5312K,   0% used [0x0000000726da0000, 0x0000000726da0000, 0x00000007272d0000)
 concurrent mark-sweep generation total 106496K, used 11941K [0x00000007390c0000, 0x000000073f8c0000, 0x00000007c0000000)
 Metaspace       used 40062K, capacity 41820K, committed 42132K, reserved 1085440K
  class space    used 5115K, capacity 5440K, committed 5524K, reserved 1048576K
2021-12-27T09:19:30.931+0800: 76.786: [GC (Allocation Failure) 2021-12-27T09:19:30.931+0800: 76.787: [ParNew: 45745K->4579K(47936K), 0.0746036 secs] 57686K->16520K(154432K), 0.0850824 secs] [Times: user=0.02 sys=0.01, real=0.09 secs] 
Heap after GC invocations=44 (full 2):
 par new generation   total 47936K, used 4579K [0x0000000724400000, 0x0000000727800000, 0x00000007390c0000)
  eden space 42624K,   0% used [0x0000000724400000, 0x0000000724400000, 0x0000000726da0000)
  from space 5312K,  86% used [0x0000000726da0000, 0x0000000727218e98, 0x00000007272d0000)
  to   space 5312K,   0% used [0x00000007272d0000, 0x00000007272d0000, 0x0000000727800000)
 concurrent mark-sweep generation total 106496K, used 11941K [0x00000007390c0000, 0x000000073f8c0000, 0x00000007c0000000)
 Metaspace       used 40062K, capacity 41820K, committed 42132K, reserved 1085440K
  class space    used 5115K, capacity 5440K, committed 5524K, reserved 1048576K
}
2021-12-27T09:19:31.490+0800: 77.345: Application time: 0.4721183 seconds
2021-12-27T09:19:32.496+0800: 78.351: Application time: 1.0055543 seconds
2021-12-27T09:19:33.010+0800: 78.865: Application time: 0.5124116 seconds
{Heap before GC invocations=44 (full 2):
 par new generation   total 47936K, used 47203K [0x0000000724400000, 0x0000000727800000, 0x00000007390c0000)
  eden space 42624K, 100% used [0x0000000724400000, 0x0000000726da0000, 0x0000000726da0000)
  from space 5312K,  86% used [0x0000000726da0000, 0x0000000727218e98, 0x00000007272d0000)
  to   space 5312K,   0% used [0x00000007272d0000, 0x00000007272d0000, 0x0000000727800000)
 concurrent mark-sweep generation total 106496K, used 11941K [0x00000007390c0000, 0x000000073f8c0000, 0x00000007c0000000)
 Metaspace       used 41244K, capacity 43066K, committed 43284K, reserved 1087488K
  class space    used 5269K, capacity 5611K, committed 5652K, reserved 1048576K
2021-12-27T09:19:33.011+0800: 78.866: [GC (Allocation Failure) 2021-12-27T09:19:33.012+0800: 78.867: [ParNew: 47203K->3923K(47936K), 0.0709006 secs] 59144K->17642K(154432K), 0.0719782 secs] [Times: user=0.03 sys=0.00, real=0.08 secs] 
Heap after GC invocations=45 (full 2):
 par new generation   total 47936K, used 3923K [0x0000000724400000, 0x0000000727800000, 0x00000007390c0000)
  eden space 42624K,   0% used [0x0000000724400000, 0x0000000724400000, 0x0000000726da0000)
  from space 5312K,  73% used [0x00000007272d0000, 0x00000007276a4c40, 0x0000000727800000)
  to   space 5312K,   0% used [0x0000000726da0000, 0x0000000726da0000, 0x00000007272d0000)
 concurrent mark-sweep generation total 106496K, used 13719K [0x00000007390c0000, 0x000000073f8c0000, 0x00000007c0000000)
 Metaspace       used 41244K, capacity 43066K, committed 43284K, reserved 1087488K
  class space    used 5269K, capacity 5611K, committed 5652K, reserved 1048576K
}
2021-12-27T09:19:34.087+0800: 79.942: Application time: 1.0002880 seconds
2021-12-27T09:19:34.516+0800: 80.371: Application time: 0.4285988 seconds
2021-12-27T09:19:35.131+0800: 80.986: Application time: 0.6138947 seconds
2021-12-27T09:19:35.597+0800: 81.452: Application time: 0.4661944 seconds
2021-12-27T09:19:35.907+0800: 81.763: Application time: 0.3099183 seconds
2021-12-27T09:19:36.360+0800: 82.215: Application time: 0.4521671 seconds
{Heap before GC invocations=45 (full 2):
 par new generation   total 47936K, used 46547K [0x0000000724400000, 0x0000000727800000, 0x00000007390c0000)
  eden space 42624K, 100% used [0x0000000724400000, 0x0000000726da0000, 0x0000000726da0000)
  from space 5312K,  73% used [0x00000007272d0000, 0x00000007276a4c40, 0x0000000727800000)
  to   space 5312K,   0% used [0x0000000726da0000, 0x0000000726da0000, 0x00000007272d0000)
 concurrent mark-sweep generation total 106496K, used 13719K [0x00000007390c0000, 0x000000073f8c0000, 0x00000007c0000000)
 Metaspace       used 43915K, capacity 46214K, committed 46484K, reserved 1089536K
  class space    used 5595K, capacity 6017K, committed 6036K, reserved 1048576K
2021-12-27T09:19:36.360+0800: 82.215: [GC (Allocation Failure) 2021-12-27T09:19:36.361+0800: 82.216: [ParNew: 46547K->4037K(47936K), 0.0526925 secs] 60266K->18789K(154432K), 0.0624745 secs] [Times: user=0.02 sys=0.00, real=0.07 secs] 
Heap after GC invocations=46 (full 2):
 par new generation   total 47936K, used 4037K [0x0000000724400000, 0x0000000727800000, 0x00000007390c0000)
  eden space 42624K,   0% used [0x0000000724400000, 0x0000000724400000, 0x0000000726da0000)
  from space 5312K,  76% used [0x0000000726da0000, 0x0000000727191730, 0x00000007272d0000)
  to   space 5312K,   0% used [0x00000007272d0000, 0x00000007272d0000, 0x0000000727800000)
 concurrent mark-sweep generation total 106496K, used 14751K [0x00000007390c0000, 0x000000073f8c0000, 0x00000007c0000000)
 Metaspace       used 43915K, capacity 46214K, committed 46484K, reserved 1089536K
  class space    used 5595K, capacity 6017K, committed 6036K, reserved 1048576K
}
2021-12-27T09:19:37.318+0800: 83.196: Application time: 0.9172888 seconds
2021-12-27T09:19:38.319+0800: 84.197: Application time: 1.0001364 seconds
2021-12-27T09:19:38.403+0800: 84.281: Application time: 0.0831944 seconds
2021-12-27T09:19:38.508+0800: 84.386: Application time: 0.1040004 seconds
{Heap before GC invocations=46 (full 2):
 par new generation   total 47936K, used 46661K [0x0000000724400000, 0x0000000727800000, 0x00000007390c0000)
  eden space 42624K, 100% used [0x0000000724400000, 0x0000000726da0000, 0x0000000726da0000)
  from space 5312K,  76% used [0x0000000726da0000, 0x0000000727191730, 0x00000007272d0000)
  to   space 5312K,   0% used [0x00000007272d0000, 0x00000007272d0000, 0x0000000727800000)
 concurrent mark-sweep generation total 106496K, used 14751K [0x00000007390c0000, 0x000000073f8c0000, 0x00000007c0000000)
 Metaspace       used 44491K, capacity 46802K, committed 47124K, reserved 1089536K
  class space    used 5669K, capacity 6079K, committed 6164K, reserved 1048576K
2021-12-27T09:19:38.509+0800: 84.387: [GC (Allocation Failure) 2021-12-27T09:19:38.510+0800: 84.388: [ParNew: 46661K->4987K(47936K), 0.1075326 secs] 61413K->20895K(154432K), 0.1443419 secs] [Times: user=0.04 sys=0.01, real=0.14 secs] 
Heap after GC invocations=47 (full 2):
 par new generation   total 47936K, used 4987K [0x0000000724400000, 0x0000000727800000, 0x00000007390c0000)
  eden space 42624K,   0% used [0x0000000724400000, 0x0000000724400000, 0x0000000726da0000)
  from space 5312K,  93% used [0x00000007272d0000, 0x00000007277aef10, 0x0000000727800000)
  to   space 5312K,   0% used [0x0000000726da0000, 0x0000000726da0000, 0x00000007272d0000)
 concurrent mark-sweep generation total 106496K, used 15907K [0x00000007390c0000, 0x000000073f8c0000, 0x00000007c0000000)
 Metaspace       used 44491K, capacity 46802K, committed 47124K, reserved 1089536K
  class space    used 5669K, capacity 6079K, committed 6164K, reserved 1048576K
}
2021-12-27T09:19:39.288+0800: 85.166: Application time: 0.6331193 seconds
{Heap before GC invocations=47 (full 2):
 par new generation   total 47936K, used 47611K [0x0000000724400000, 0x0000000727800000, 0x00000007390c0000)
  eden space 42624K, 100% used [0x0000000724400000, 0x0000000726da0000, 0x0000000726da0000)
  from space 5312K,  93% used [0x00000007272d0000, 0x00000007277aef10, 0x0000000727800000)
  to   space 5312K,   0% used [0x0000000726da0000, 0x0000000726da0000, 0x00000007272d0000)
 concurrent mark-sweep generation total 106496K, used 15907K [0x00000007390c0000, 0x000000073f8c0000, 0x00000007c0000000)
 Metaspace       used 44748K, capacity 47050K, committed 47124K, reserved 1089536K
  class space    used 5716K, capacity 6115K, committed 6164K, reserved 1048576K
2021-12-27T09:19:39.289+0800: 85.167: [GC (Allocation Failure) 2021-12-27T09:19:39.289+0800: 85.168: [ParNew: 47611K->2015K(47936K), 0.0465614 secs] 63519K->19120K(154432K), 0.0475335 secs] [Times: user=0.01 sys=0.00, real=0.04 secs] 
Heap after GC invocations=48 (full 2):
 par new generation   total 47936K, used 2015K [0x0000000724400000, 0x0000000727800000, 0x00000007390c0000)
  eden space 42624K,   0% used [0x0000000724400000, 0x0000000724400000, 0x0000000726da0000)
  from space 5312K,  37% used [0x0000000726da0000, 0x0000000726f97e38, 0x00000007272d0000)
  to   space 5312K,   0% used [0x00000007272d0000, 0x00000007272d0000, 0x0000000727800000)
 concurrent mark-sweep generation total 106496K, used 17104K [0x00000007390c0000, 0x000000073f8c0000, 0x00000007c0000000)
 Metaspace       used 44748K, capacity 47050K, committed 47124K, reserved 1089536K
  class space    used 5716K, capacity 6115K, committed 6164K, reserved 1048576K
}
2021-12-27T09:19:40.067+0800: 85.945: Application time: 0.7295065 seconds
2021-12-27T09:19:40.169+0800: 86.048: Application time: 0.1020382 seconds
2021-12-27T09:19:40.413+0800: 86.291: Application time: 0.2423552 seconds
2021-12-27T09:19:40.457+0800: 86.335: Application time: 0.0433922 seconds
2021-12-27T09:19:40.513+0800: 86.392: Application time: 0.0562170 seconds
2021-12-27T09:19:40.605+0800: 86.483: Application time: 0.0902122 seconds
2021-12-27T09:19:41.009+0800: 86.887: Application time: 0.4039250 seconds
2021-12-27T09:19:41.014+0800: 86.892: Application time: 0.0049305 seconds
2021-12-27T09:19:41.128+0800: 87.006: Application time: 0.1139231 seconds
2021-12-27T09:19:41.314+0800: 87.192: Application time: 0.1853955 seconds
2021-12-27T09:19:41.673+0800: 87.551: Application time: 0.3585048 seconds
2021-12-27T09:19:42.058+0800: 87.936: Application time: 0.3847756 seconds
2021-12-27T09:19:42.060+0800: 87.939: Application time: 0.0015206 seconds
2021-12-27T09:19:42.067+0800: 87.945: Application time: 0.0034484 seconds
2021-12-27T09:19:42.067+0800: 87.945: Application time: 0.0000595 seconds
2021-12-27T09:19:42.067+0800: 87.946: Application time: 0.0000594 seconds
2021-12-27T09:19:42.068+0800: 87.946: Application time: 0.0000344 seconds
2021-12-27T09:19:42.068+0800: 87.946: Application time: 0.0000356 seconds
2021-12-27T09:19:42.068+0800: 87.948: Application time: 0.0017872 seconds
2021-12-27T09:19:42.070+0800: 87.948: Application time: 0.0000573 seconds
2021-12-27T09:19:42.070+0800: 87.949: Application time: 0.0003016 seconds
2021-12-27T09:19:42.071+0800: 87.949: Application time: 0.0000318 seconds
2021-12-27T09:19:42.106+0800: 87.984: Application time: 0.0350887 seconds
{Heap before GC invocations=48 (full 2):
 par new generation   total 47936K, used 44639K [0x0000000724400000, 0x0000000727800000, 0x00000007390c0000)
  eden space 42624K, 100% used [0x0000000724400000, 0x0000000726da0000, 0x0000000726da0000)
  from space 5312K,  37% used [0x0000000726da0000, 0x0000000726f97e38, 0x00000007272d0000)
  to   space 5312K,   0% used [0x00000007272d0000, 0x00000007272d0000, 0x0000000727800000)
 concurrent mark-sweep generation total 106496K, used 17104K [0x00000007390c0000, 0x000000073f8c0000, 0x00000007c0000000)
 Metaspace       used 50044K, capacity 52502K, committed 52884K, reserved 1095680K
  class space    used 6241K, capacity 6697K, committed 6804K, reserved 1048576K
2021-12-27T09:19:42.116+0800: 87.994: [GC (Allocation Failure) 2021-12-27T09:19:42.117+0800: 87.995: [ParNew: 44639K->5312K(47936K), 0.1024220 secs] 61744K->23020K(154432K), 0.1120323 secs] [Times: user=0.02 sys=0.00, real=0.12 secs] 
Heap after GC invocations=49 (full 2):
 par new generation   total 47936K, used 5312K [0x0000000724400000, 0x0000000727800000, 0x00000007390c0000)
  eden space 42624K,   0% used [0x0000000724400000, 0x0000000724400000, 0x0000000726da0000)
  from space 5312K, 100% used [0x00000007272d0000, 0x0000000727800000, 0x0000000727800000)
  to   space 5312K,   0% used [0x0000000726da0000, 0x0000000726da0000, 0x00000007272d0000)
 concurrent mark-sweep generation total 106496K, used 17708K [0x00000007390c0000, 0x000000073f8c0000, 0x00000007c0000000)
 Metaspace       used 50044K, capacity 52502K, committed 52884K, reserved 1095680K
  class space    used 6241K, capacity 6697K, committed 6804K, reserved 1048576K
}
2021-12-27T09:19:42.231+0800: 88.109: Application time: 0.0018166 seconds
2021-12-27T09:19:42.240+0800: 88.118: Application time: 0.0002200 seconds
2021-12-27T09:19:42.248+0800: 88.127: Application time: 0.0002113 seconds
2021-12-27T09:19:42.250+0800: 88.128: Application time: 0.0000989 seconds
2021-12-27T09:19:42.250+0800: 88.137: Application time: 0.0088367 seconds
2021-12-27T09:19:42.277+0800: 88.155: Application time: 0.0183114 seconds
2021-12-27T09:19:42.295+0800: 88.174: Application time: 0.0009074 seconds
2021-12-27T09:19:42.296+0800: 88.174: Application time: 0.0001506 seconds
2021-12-27T09:19:42.296+0800: 88.174: Application time: 0.0003059 seconds
2021-12-27T09:19:42.310+0800: 88.188: Application time: 0.0136516 seconds
2021-12-27T09:19:43.313+0800: 89.191: Application time: 1.0023260 seconds
2021-12-27T09:19:43.446+0800: 89.324: Application time: 0.1334122 seconds
{Heap before GC invocations=49 (full 2):
 par new generation   total 47936K, used 47936K [0x0000000724400000, 0x0000000727800000, 0x00000007390c0000)
  eden space 42624K, 100% used [0x0000000724400000, 0x0000000726da0000, 0x0000000726da0000)
  from space 5312K, 100% used [0x00000007272d0000, 0x0000000727800000, 0x0000000727800000)
  to   space 5312K,   0% used [0x0000000726da0000, 0x0000000726da0000, 0x00000007272d0000)
 concurrent mark-sweep generation total 106496K, used 17708K [0x00000007390c0000, 0x000000073f8c0000, 0x00000007c0000000)
 Metaspace       used 51220K, capacity 53736K, committed 53908K, reserved 1095680K
  class space    used 6353K, capacity 6802K, committed 6804K, reserved 1048576K
2021-12-27T09:19:43.447+0800: 89.326: [GC (Allocation Failure) 2021-12-27T09:19:43.448+0800: 89.326: [ParNew: 47936K->4039K(47936K), 0.1236221 secs] 65644K->26261K(154432K), 0.1340192 secs] [Times: user=0.04 sys=0.00, real=0.14 secs] 
Heap after GC invocations=50 (full 2):
 par new generation   total 47936K, used 4039K [0x0000000724400000, 0x0000000727800000, 0x00000007390c0000)
  eden space 42624K,   0% used [0x0000000724400000, 0x0000000724400000, 0x0000000726da0000)
  from space 5312K,  76% used [0x0000000726da0000, 0x0000000727191cb0, 0x00000007272d0000)
  to   space 5312K,   0% used [0x00000007272d0000, 0x00000007272d0000, 0x0000000727800000)
 concurrent mark-sweep generation total 106496K, used 22222K [0x00000007390c0000, 0x000000073f8c0000, 0x00000007c0000000)
 Metaspace       used 51220K, capacity 53736K, committed 53908K, reserved 1095680K
  class space    used 6353K, capacity 6802K, committed 6804K, reserved 1048576K
}
2021-12-27T09:19:44.413+0800: 90.291: Application time: 0.8284501 seconds
{Heap before GC invocations=50 (full 2):
 par new generation   total 47936K, used 46663K [0x0000000724400000, 0x0000000727800000, 0x00000007390c0000)
  eden space 42624K, 100% used [0x0000000724400000, 0x0000000726da0000, 0x0000000726da0000)
  from space 5312K,  76% used [0x0000000726da0000, 0x0000000727191cb0, 0x00000007272d0000)
  to   space 5312K,   0% used [0x00000007272d0000, 0x00000007272d0000, 0x0000000727800000)
 concurrent mark-sweep generation total 106496K, used 22222K [0x00000007390c0000, 0x000000073f8c0000, 0x00000007c0000000)
 Metaspace       used 51767K, capacity 54216K, committed 54292K, reserved 1097728K
  class space    used 6440K, capacity 6898K, committed 6932K, reserved 1048576K
2021-12-27T09:19:44.419+0800: 90.297: [GC (Allocation Failure) 2021-12-27T09:19:44.420+0800: 90.298: [ParNew: 46663K->2768K(47936K), 0.0711109 secs] 68885K->24990K(154432K), 0.0722204 secs] [Times: user=0.02 sys=0.00, real=0.07 secs] 
Heap after GC invocations=51 (full 2):
 par new generation   total 47936K, used 2768K [0x0000000724400000, 0x0000000727800000, 0x00000007390c0000)
  eden space 42624K,   0% used [0x0000000724400000, 0x0000000724400000, 0x0000000726da0000)
  from space 5312K,  52% used [0x00000007272d0000, 0x0000000727584118, 0x0000000727800000)
  to   space 5312K,   0% used [0x0000000726da0000, 0x0000000726da0000, 0x00000007272d0000)
 concurrent mark-sweep generation total 106496K, used 22222K [0x00000007390c0000, 0x000000073f8c0000, 0x00000007c0000000)
 Metaspace       used 51767K, capacity 54216K, committed 54292K, reserved 1097728K
  class space    used 6440K, capacity 6898K, committed 6932K, reserved 1048576K
}
2021-12-27T09:19:45.100+0800: 90.978: Application time: 0.6075292 seconds
{Heap before GC invocations=51 (full 2):
 par new generation   total 47936K, used 45392K [0x0000000724400000, 0x0000000727800000, 0x00000007390c0000)
  eden space 42624K, 100% used [0x0000000724400000, 0x0000000726da0000, 0x0000000726da0000)
  from space 5312K,  52% used [0x00000007272d0000, 0x0000000727584118, 0x0000000727800000)
  to   space 5312K,   0% used [0x0000000726da0000, 0x0000000726da0000, 0x00000007272d0000)
 concurrent mark-sweep generation total 106496K, used 22222K [0x00000007390c0000, 0x000000073f8c0000, 0x00000007c0000000)
 Metaspace       used 52398K, capacity 54826K, committed 54932K, reserved 1097728K
  class space    used 6554K, capacity 6995K, committed 7060K, reserved 1048576K
2021-12-27T09:19:45.101+0800: 90.979: [GC (Allocation Failure) 2021-12-27T09:19:45.101+0800: 90.979: [ParNew: 45392K->2357K(47936K), 0.0339222 secs] 67614K->24580K(154432K), 0.0350297 secs] [Times: user=0.02 sys=0.00, real=0.03 secs] 
Heap after GC invocations=52 (full 2):
 par new generation   total 47936K, used 2357K [0x0000000724400000, 0x0000000727800000, 0x00000007390c0000)
  eden space 42624K,   0% used [0x0000000724400000, 0x0000000724400000, 0x0000000726da0000)
  from space 5312K,  44% used [0x0000000726da0000, 0x0000000726fed778, 0x00000007272d0000)
  to   space 5312K,   0% used [0x00000007272d0000, 0x00000007272d0000, 0x0000000727800000)
 concurrent mark-sweep generation total 106496K, used 22222K [0x00000007390c0000, 0x000000073f8c0000, 0x00000007c0000000)
 Metaspace       used 52398K, capacity 54826K, committed 54932K, reserved 1097728K
  class space    used 6554K, capacity 6995K, committed 7060K, reserved 1048576K
}
2021-12-27T09:19:45.867+0800: 91.746: Application time: 0.7304999 seconds
{Heap before GC invocations=52 (full 2):
 par new generation   total 47936K, used 44981K [0x0000000724400000, 0x0000000727800000, 0x00000007390c0000)
  eden space 42624K, 100% used [0x0000000724400000, 0x0000000726da0000, 0x0000000726da0000)
  from space 5312K,  44% used [0x0000000726da0000, 0x0000000726fed778, 0x00000007272d0000)
  to   space 5312K,   0% used [0x00000007272d0000, 0x00000007272d0000, 0x0000000727800000)
 concurrent mark-sweep generation total 106496K, used 22222K [0x00000007390c0000, 0x000000073f8c0000, 0x00000007c0000000)
 Metaspace       used 53070K, capacity 55590K, committed 55828K, reserved 1097728K
  class space    used 6676K, capacity 7133K, committed 7188K, reserved 1048576K
2021-12-27T09:19:45.868+0800: 91.746: [GC (Allocation Failure) 2021-12-27T09:19:45.869+0800: 91.747: [ParNew: 44981K->2737K(47936K), 0.0295126 secs] 67204K->24960K(154432K), 0.0304992 secs] [Times: user=0.01 sys=0.00, real=0.03 secs] 
Heap after GC invocations=53 (full 2):
 par new generation   total 47936K, used 2737K [0x0000000724400000, 0x0000000727800000, 0x00000007390c0000)
  eden space 42624K,   0% used [0x0000000724400000, 0x0000000724400000, 0x0000000726da0000)
  from space 5312K,  51% used [0x00000007272d0000, 0x000000072757c6b8, 0x0000000727800000)
  to   space 5312K,   0% used [0x0000000726da0000, 0x0000000726da0000, 0x00000007272d0000)
 concurrent mark-sweep generation total 106496K, used 22222K [0x00000007390c0000, 0x000000073f8c0000, 0x00000007c0000000)
 Metaspace       used 53070K, capacity 55590K, committed 55828K, reserved 1097728K
  class space    used 6676K, capacity 7133K, committed 7188K, reserved 1048576K
}
2021-12-27T09:19:46.581+0800: 92.459: Application time: 0.6818199 seconds
2021-12-27T09:19:46.902+0800: 92.780: Application time: 0.3204152 seconds
{Heap before GC invocations=53 (full 2):
 par new generation   total 47936K, used 45361K [0x0000000724400000, 0x0000000727800000, 0x00000007390c0000)
  eden space 42624K, 100% used [0x0000000724400000, 0x0000000726da0000, 0x0000000726da0000)
  from space 5312K,  51% used [0x00000007272d0000, 0x000000072757c6b8, 0x0000000727800000)
  to   space 5312K,   0% used [0x0000000726da0000, 0x0000000726da0000, 0x00000007272d0000)
 concurrent mark-sweep generation total 106496K, used 22222K [0x00000007390c0000, 0x000000073f8c0000, 0x00000007c0000000)
 Metaspace       used 54997K, capacity 57594K, committed 57748K, reserved 1099776K
  class space    used 7092K, capacity 7565K, committed 7572K, reserved 1048576K
2021-12-27T09:19:46.902+0800: 92.781: [GC (Allocation Failure) 2021-12-27T09:19:46.903+0800: 92.781: [ParNew: 45361K->2922K(47936K), 0.0360673 secs] 67584K->25144K(154432K), 0.0416614 secs] [Times: user=0.01 sys=0.00, real=0.04 secs] 
Heap after GC invocations=54 (full 2):
 par new generation   total 47936K, used 2922K [0x0000000724400000, 0x0000000727800000, 0x00000007390c0000)
  eden space 42624K,   0% used [0x0000000724400000, 0x0000000724400000, 0x0000000726da0000)
  from space 5312K,  55% used [0x0000000726da0000, 0x000000072707a930, 0x00000007272d0000)
  to   space 5312K,   0% used [0x00000007272d0000, 0x00000007272d0000, 0x0000000727800000)
 concurrent mark-sweep generation total 106496K, used 22222K [0x00000007390c0000, 0x000000073f8c0000, 0x00000007c0000000)
 Metaspace       used 54997K, capacity 57594K, committed 57748K, reserved 1099776K
  class space    used 7092K, capacity 7565K, committed 7572K, reserved 1048576K
}
2021-12-27T09:19:47.945+0800: 93.824: Application time: 1.0001577 seconds
2021-12-27T09:19:47.976+0800: 93.855: Application time: 0.0307993 seconds
2021-12-27T09:19:48.043+0800: 93.922: Application time: 0.0664438 seconds
2021-12-27T09:19:48.059+0800: 93.937: Application time: 0.0152367 seconds
{Heap before GC invocations=54 (full 2):
 par new generation   total 47936K, used 45546K [0x0000000724400000, 0x0000000727800000, 0x00000007390c0000)
  eden space 42624K, 100% used [0x0000000724400000, 0x0000000726da0000, 0x0000000726da0000)
  from space 5312K,  55% used [0x0000000726da0000, 0x000000072707a930, 0x00000007272d0000)
  to   space 5312K,   0% used [0x00000007272d0000, 0x00000007272d0000, 0x0000000727800000)
 concurrent mark-sweep generation total 106496K, used 22222K [0x00000007390c0000, 0x000000073f8c0000, 0x00000007c0000000)
 Metaspace       used 56948K, capacity 59550K, committed 59796K, reserved 1101824K
  class space    used 7356K, capacity 7827K, committed 7828K, reserved 1048576K
2021-12-27T09:19:48.067+0800: 93.946: [GC (Allocation Failure) 2021-12-27T09:19:48.069+0800: 93.947: [ParNew: 45546K->3354K(47936K), 0.0461902 secs] 67768K->25577K(154432K), 0.0490183 secs] [Times: user=0.01 sys=0.00, real=0.05 secs] 
Heap after GC invocations=55 (full 2):
 par new generation   total 47936K, used 3354K [0x0000000724400000, 0x0000000727800000, 0x00000007390c0000)
  eden space 42624K,   0% used [0x0000000724400000, 0x0000000724400000, 0x0000000726da0000)
  from space 5312K,  63% used [0x00000007272d0000, 0x0000000727616b58, 0x0000000727800000)
  to   space 5312K,   0% used [0x0000000726da0000, 0x0000000726da0000, 0x00000007272d0000)
 concurrent mark-sweep generation total 106496K, used 22222K [0x00000007390c0000, 0x000000073f8c0000, 0x00000007c0000000)
 Metaspace       used 56948K, capacity 59550K, committed 59796K, reserved 1101824K
  class space    used 7356K, capacity 7827K, committed 7828K, reserved 1048576K
}
2021-12-27T09:19:48.943+0800: 94.822: Application time: 0.8269347 seconds
2021-12-27T09:19:49.533+0800: 95.411: Application time: 0.5892022 seconds
{Heap before GC invocations=55 (full 2):
 par new generation   total 47936K, used 45978K [0x0000000724400000, 0x0000000727800000, 0x00000007390c0000)
  eden space 42624K, 100% used [0x0000000724400000, 0x0000000726da0000, 0x0000000726da0000)
  from space 5312K,  63% used [0x00000007272d0000, 0x0000000727616b58, 0x0000000727800000)
  to   space 5312K,   0% used [0x0000000726da0000, 0x0000000726da0000, 0x00000007272d0000)
 concurrent mark-sweep generation total 106496K, used 22222K [0x00000007390c0000, 0x000000073f8c0000, 0x00000007c0000000)
 Metaspace       used 58472K, capacity 61068K, committed 61332K, reserved 1101824K
  class space    used 7553K, capacity 8028K, committed 8084K, reserved 1048576K
2021-12-27T09:19:49.535+0800: 95.413: [GC (Allocation Failure) 2021-12-27T09:19:49.536+0800: 95.414: [ParNew: 45978K->4438K(47936K), 0.0602921 secs] 68201K->26661K(154432K), 0.0613236 secs] [Times: user=0.02 sys=0.00, real=0.06 secs] 
Heap after GC invocations=56 (full 2):
 par new generation   total 47936K, used 4438K [0x0000000724400000, 0x0000000727800000, 0x00000007390c0000)
  eden space 42624K,   0% used [0x0000000724400000, 0x0000000724400000, 0x0000000726da0000)
  from space 5312K,  83% used [0x0000000726da0000, 0x00000007271f5b60, 0x00000007272d0000)
  to   space 5312K,   0% used [0x00000007272d0000, 0x00000007272d0000, 0x0000000727800000)
 concurrent mark-sweep generation total 106496K, used 22222K [0x00000007390c0000, 0x000000073f8c0000, 0x00000007c0000000)
 Metaspace       used 58472K, capacity 61068K, committed 61332K, reserved 1101824K
  class space    used 7553K, capacity 8028K, committed 8084K, reserved 1048576K
}
2021-12-27T09:19:49.789+0800: 95.667: Application time: 0.1916857 seconds
2021-12-27T09:19:49.789+0800: 95.667: Application time: 0.0000627 seconds
2021-12-27T09:19:49.841+0800: 95.719: Application time: 0.0518449 seconds
2021-12-27T09:19:50.038+0800: 95.917: Application time: 0.1970601 seconds
2021-12-27T09:19:50.039+0800: 95.920: Application time: 0.0030678 seconds
2021-12-27T09:19:50.126+0800: 96.005: Application time: 0.0846545 seconds
2021-12-27T09:19:50.127+0800: 96.005: Application time: 0.0000620 seconds
2021-12-27T09:19:50.579+0800: 96.457: Application time: 0.4526109 seconds
2021-12-27T09:19:50.624+0800: 96.502: Application time: 0.0445802 seconds
2021-12-27T09:19:50.643+0800: 96.521: Application time: 0.0189230 seconds
2021-12-27T09:19:50.903+0800: 96.781: Application time: 0.2595916 seconds
2021-12-27T09:19:51.036+0800: 96.915: Application time: 0.1336637 seconds
2021-12-27T09:19:51.218+0800: 97.097: Application time: 0.1817642 seconds
2021-12-27T09:19:51.270+0800: 97.149: Application time: 0.0518653 seconds
{Heap before GC invocations=56 (full 2):
 par new generation   total 47936K, used 47062K [0x0000000724400000, 0x0000000727800000, 0x00000007390c0000)
  eden space 42624K, 100% used [0x0000000724400000, 0x0000000726da0000, 0x0000000726da0000)
  from space 5312K,  83% used [0x0000000726da0000, 0x00000007271f5b60, 0x00000007272d0000)
  to   space 5312K,   0% used [0x00000007272d0000, 0x00000007272d0000, 0x0000000727800000)
 concurrent mark-sweep generation total 106496K, used 22222K [0x00000007390c0000, 0x000000073f8c0000, 0x00000007c0000000)
 Metaspace       used 60313K, capacity 62968K, committed 63248K, reserved 1103872K
  class space    used 7772K, capacity 8242K, committed 8288K, reserved 1048576K
2021-12-27T09:19:51.279+0800: 97.157: [GC (Allocation Failure) 2021-12-27T09:19:51.280+0800: 97.158: [ParNew: 47062K->4326K(47936K), 0.0971134 secs] 69285K->27420K(154432K), 0.0983976 secs] [Times: user=0.03 sys=0.00, real=0.09 secs] 
Heap after GC invocations=57 (full 2):
 par new generation   total 47936K, used 4326K [0x0000000724400000, 0x0000000727800000, 0x00000007390c0000)
  eden space 42624K,   0% used [0x0000000724400000, 0x0000000724400000, 0x0000000726da0000)
  from space 5312K,  81% used [0x00000007272d0000, 0x0000000727709b50, 0x0000000727800000)
  to   space 5312K,   0% used [0x0000000726da0000, 0x0000000726da0000, 0x00000007272d0000)
 concurrent mark-sweep generation total 106496K, used 23094K [0x00000007390c0000, 0x000000073f8c0000, 0x00000007c0000000)
 Metaspace       used 60313K, capacity 62968K, committed 63248K, reserved 1103872K
  class space    used 7772K, capacity 8242K, committed 8288K, reserved 1048576K
}
2021-12-27T09:19:51.378+0800: 97.257: Application time: 0.0001927 seconds
2021-12-27T09:19:51.418+0800: 97.297: [GC (CMS Initial Mark) [1 CMS-initial-mark: 23094K(106496K)] 28266K(154432K), 0.0277319 secs] [Times: user=0.01 sys=0.00, real=0.02 secs] 
2021-12-27T09:19:51.448+0800: 97.326: [CMS-concurrent-mark-start]
2021-12-27T09:19:51.866+0800: 97.745: [CMS-concurrent-mark: 0.419/0.419 secs] [Times: user=0.12 sys=0.01, real=0.42 secs] 
2021-12-27T09:19:51.867+0800: 97.746: [CMS-concurrent-preclean-start]
2021-12-27T09:19:51.890+0800: 97.768: Application time: 0.4429431 seconds
2021-12-27T09:19:51.894+0800: 97.772: [CMS-concurrent-preclean: 0.022/0.026 secs] [Times: user=0.00 sys=0.00, real=0.03 secs] 
2021-12-27T09:19:51.896+0800: 97.775: [CMS-concurrent-abortable-preclean-start]
2021-12-27T09:19:52.371+0800: 98.249: Application time: 0.4807433 seconds
{Heap before GC invocations=57 (full 3):
 par new generation   total 47936K, used 46950K [0x0000000724400000, 0x0000000727800000, 0x00000007390c0000)
  eden space 42624K, 100% used [0x0000000724400000, 0x0000000726da0000, 0x0000000726da0000)
  from space 5312K,  81% used [0x00000007272d0000, 0x0000000727709b50, 0x0000000727800000)
  to   space 5312K,   0% used [0x0000000726da0000, 0x0000000726da0000, 0x00000007272d0000)
 concurrent mark-sweep generation total 106496K, used 23094K [0x00000007390c0000, 0x000000073f8c0000, 0x00000007c0000000)
 Metaspace       used 60872K, capacity 63556K, committed 63656K, reserved 1103872K
  class space    used 7900K, capacity 8372K, committed 8440K, reserved 1048576K
2021-12-27T09:19:52.371+0800: 98.250: [GC (Allocation Failure) 2021-12-27T09:19:52.372+0800: 98.251: [ParNew: 46950K->2852K(47936K), 0.0429540 secs] 70044K->26236K(154432K), 0.0446325 secs] [Times: user=0.01 sys=0.00, real=0.04 secs] 
Heap after GC invocations=58 (full 3):
 par new generation   total 47936K, used 2852K [0x0000000724400000, 0x0000000727800000, 0x00000007390c0000)
  eden space 42624K,   0% used [0x0000000724400000, 0x0000000724400000, 0x0000000726da0000)
  from space 5312K,  53% used [0x0000000726da0000, 0x00000007270691c0, 0x00000007272d0000)
  to   space 5312K,   0% used [0x00000007272d0000, 0x00000007272d0000, 0x0000000727800000)
 concurrent mark-sweep generation total 106496K, used 23383K [0x00000007390c0000, 0x000000073f8c0000, 0x00000007c0000000)
 Metaspace       used 60872K, capacity 63556K, committed 63656K, reserved 1103872K
  class space    used 7900K, capacity 8372K, committed 8440K, reserved 1048576K
}
2021-12-27T09:19:52.520+0800: 98.399: Application time: 0.1035608 seconds
2021-12-27T09:19:52.877+0800: 98.755: Application time: 0.3567115 seconds
2021-12-27T09:19:52.877+0800: 98.756: [CMS-concurrent-abortable-preclean: 0.693/0.981 secs] [Times: user=0.30 sys=0.01, real=0.98 secs] 
2021-12-27T09:19:52.882+0800: 98.761: Application time: 0.0051478 seconds
2021-12-27T09:19:52.883+0800: 98.761: [GC (CMS Final Remark) [YG occupancy: 29144 K (47936 K)]2021-12-27T09:19:52.884+0800: 98.762: [Rescan (parallel) , 0.0441260 secs]2021-12-27T09:19:52.928+0800: 98.807: [weak refs processing, 0.0007059 secs]2021-12-27T09:19:52.930+0800: 98.808: [class unloading, 0.0559371 secs]2021-12-27T09:19:52.987+0800: 98.865: [scrub symbol table, 0.0720806 secs]2021-12-27T09:19:53.065+0800: 98.943: [scrub string table, 0.0099600 secs][1 CMS-remark: 23383K(106496K)] 52527K(154432K), 0.2117414 secs] [Times: user=0.04 sys=0.00, real=0.21 secs] 
2021-12-27T09:19:53.097+0800: 98.975: [CMS-concurrent-sweep-start]
2021-12-27T09:19:53.148+0800: 99.026: [CMS-concurrent-sweep: 0.051/0.051 secs] [Times: user=0.02 sys=0.00, real=0.05 secs] 
2021-12-27T09:19:53.153+0800: 99.032: [CMS-concurrent-reset-start]
2021-12-27T09:19:53.171+0800: 99.049: [CMS-concurrent-reset: 0.017/0.017 secs] [Times: user=0.01 sys=0.00, real=0.02 secs] 
2021-12-27T09:19:53.314+0800: 99.192: Application time: 0.2174171 seconds
{Heap before GC invocations=58 (full 3):
 par new generation   total 47936K, used 45476K [0x0000000724400000, 0x0000000727800000, 0x00000007390c0000)
  eden space 42624K, 100% used [0x0000000724400000, 0x0000000726da0000, 0x0000000726da0000)
  from space 5312K,  53% used [0x0000000726da0000, 0x00000007270691c0, 0x00000007272d0000)
  to   space 5312K,   0% used [0x00000007272d0000, 0x00000007272d0000, 0x0000000727800000)
 concurrent mark-sweep generation total 106496K, used 20312K [0x00000007390c0000, 0x000000073f8c0000, 0x00000007c0000000)
 Metaspace       used 61126K, capacity 63700K, committed 64116K, reserved 1105920K
  class space    used 7989K, capacity 8460K, committed 8568K, reserved 1048576K
2021-12-27T09:19:53.314+0800: 99.192: [GC (Allocation Failure) 2021-12-27T09:19:53.315+0800: 99.193: [ParNew: 45476K->3313K(47936K), 0.0309703 secs] 65789K->23625K(154432K), 0.0325436 secs] [Times: user=0.01 sys=0.01, real=0.03 secs] 
Heap after GC invocations=59 (full 3):
 par new generation   total 47936K, used 3313K [0x0000000724400000, 0x0000000727800000, 0x00000007390c0000)
  eden space 42624K,   0% used [0x0000000724400000, 0x0000000724400000, 0x0000000726da0000)
  from space 5312K,  62% used [0x00000007272d0000, 0x000000072760c4a0, 0x0000000727800000)
  to   space 5312K,   0% used [0x0000000726da0000, 0x0000000726da0000, 0x00000007272d0000)
 concurrent mark-sweep generation total 106496K, used 20312K [0x00000007390c0000, 0x000000073f8c0000, 0x00000007c0000000)
 Metaspace       used 61126K, capacity 63700K, committed 64116K, reserved 1105920K
  class space    used 7989K, capacity 8460K, committed 8568K, reserved 1048576K
}
2021-12-27T09:19:53.864+0800: 99.742: Application time: 0.5162229 seconds
{Heap before GC invocations=59 (full 3):
 par new generation   total 47936K, used 45937K [0x0000000724400000, 0x0000000727800000, 0x00000007390c0000)
  eden space 42624K, 100% used [0x0000000724400000, 0x0000000726da0000, 0x0000000726da0000)
  from space 5312K,  62% used [0x00000007272d0000, 0x000000072760c4a0, 0x0000000727800000)
  to   space 5312K,   0% used [0x0000000726da0000, 0x0000000726da0000, 0x00000007272d0000)
 concurrent mark-sweep generation total 106496K, used 20312K [0x00000007390c0000, 0x000000073f8c0000, 0x00000007c0000000)
 Metaspace       used 61704K, capacity 64320K, committed 64756K, reserved 1105920K
  class space    used 8091K, capacity 8558K, committed 8696K, reserved 1048576K
2021-12-27T09:19:53.867+0800: 99.746: [GC (Allocation Failure) 2021-12-27T09:19:53.868+0800: 99.746: [ParNew: 45937K->3225K(47936K), 0.0270788 secs] 66249K->23537K(154432K), 0.0280490 secs] [Times: user=0.01 sys=0.00, real=0.03 secs] 
Heap after GC invocations=60 (full 3):
 par new generation   total 47936K, used 3225K [0x0000000724400000, 0x0000000727800000, 0x00000007390c0000)
  eden space 42624K,   0% used [0x0000000724400000, 0x0000000724400000, 0x0000000726da0000)
  from space 5312K,  60% used [0x0000000726da0000, 0x00000007270c64b8, 0x00000007272d0000)
  to   space 5312K,   0% used [0x00000007272d0000, 0x00000007272d0000, 0x0000000727800000)
 concurrent mark-sweep generation total 106496K, used 20312K [0x00000007390c0000, 0x000000073f8c0000, 0x00000007c0000000)
 Metaspace       used 61704K, capacity 64320K, committed 64756K, reserved 1105920K
  class space    used 8091K, capacity 8558K, committed 8696K, reserved 1048576K
}
2021-12-27T09:19:54.023+0800: 99.901: Application time: 0.1263100 seconds
{Heap before GC invocations=60 (full 3):
 par new generation   total 47936K, used 45849K [0x0000000724400000, 0x0000000727800000, 0x00000007390c0000)
  eden space 42624K, 100% used [0x0000000724400000, 0x0000000726da0000, 0x0000000726da0000)
  from space 5312K,  60% used [0x0000000726da0000, 0x00000007270c64b8, 0x00000007272d0000)
  to   space 5312K,   0% used [0x00000007272d0000, 0x00000007272d0000, 0x0000000727800000)
 concurrent mark-sweep generation total 106496K, used 20312K [0x00000007390c0000, 0x000000073f8c0000, 0x00000007c0000000)
 Metaspace       used 61842K, capacity 64416K, committed 65012K, reserved 1105920K
  class space    used 8116K, capacity 8590K, committed 8696K, reserved 1048576K
2021-12-27T09:19:54.026+0800: 99.904: [GC (Allocation Failure) 2021-12-27T09:19:54.027+0800: 99.905: [ParNew: 45849K->3172K(47936K), 0.0363204 secs] 66161K->23567K(154432K), 0.0379074 secs] [Times: user=0.01 sys=0.00, real=0.04 secs] 
Heap after GC invocations=61 (full 3):
 par new generation   total 47936K, used 3172K [0x0000000724400000, 0x0000000727800000, 0x00000007390c0000)
  eden space 42624K,   0% used [0x0000000724400000, 0x0000000724400000, 0x0000000726da0000)
  from space 5312K,  59% used [0x00000007272d0000, 0x00000007275e93e8, 0x0000000727800000)
  to   space 5312K,   0% used [0x0000000726da0000, 0x0000000726da0000, 0x00000007272d0000)
 concurrent mark-sweep generation total 106496K, used 20394K [0x00000007390c0000, 0x000000073f8c0000, 0x00000007c0000000)
 Metaspace       used 61842K, capacity 64416K, committed 65012K, reserved 1105920K
  class space    used 8116K, capacity 8590K, committed 8696K, reserved 1048576K
}
2021-12-27T09:19:54.615+0800: 100.493: Application time: 0.5496157 seconds
2021-12-27T09:19:55.205+0800: 101.083: Application time: 0.5898016 seconds
2021-12-27T09:19:55.747+0800: 101.625: Application time: 0.5414237 seconds
{Heap before GC invocations=61 (full 3):
 par new generation   total 47936K, used 45796K [0x0000000724400000, 0x0000000727800000, 0x00000007390c0000)
  eden space 42624K, 100% used [0x0000000724400000, 0x0000000726da0000, 0x0000000726da0000)
  from space 5312K,  59% used [0x00000007272d0000, 0x00000007275e93e8, 0x0000000727800000)
  to   space 5312K,   0% used [0x0000000726da0000, 0x0000000726da0000, 0x00000007272d0000)
 concurrent mark-sweep generation total 106496K, used 20394K [0x00000007390c0000, 0x000000073f8c0000, 0x00000007c0000000)
 Metaspace       used 62703K, capacity 65342K, committed 65908K, reserved 1105920K
  class space    used 8208K, capacity 8701K, committed 8824K, reserved 1048576K
2021-12-27T09:19:55.749+0800: 101.627: [GC (Allocation Failure) 2021-12-27T09:19:55.750+0800: 101.628: [ParNew: 45796K->3549K(47936K), 0.0530030 secs] 66191K->24079K(154432K), 0.0546394 secs] [Times: user=0.01 sys=0.00, real=0.05 secs] 
Heap after GC invocations=62 (full 3):
 par new generation   total 47936K, used 3549K [0x0000000724400000, 0x0000000727800000, 0x00000007390c0000)
  eden space 42624K,   0% used [0x0000000724400000, 0x0000000724400000, 0x0000000726da0000)
  from space 5312K,  66% used [0x0000000726da0000, 0x0000000727117458, 0x00000007272d0000)
  to   space 5312K,   0% used [0x00000007272d0000, 0x00000007272d0000, 0x0000000727800000)
 concurrent mark-sweep generation total 106496K, used 20530K [0x00000007390c0000, 0x000000073f8c0000, 0x00000007c0000000)
 Metaspace       used 62703K, capacity 65342K, committed 65908K, reserved 1105920K
  class space    used 8208K, capacity 8701K, committed 8824K, reserved 1048576K
}
2021-12-27T09:19:56.805+0800: 102.683: Application time: 1.0002542 seconds
2021-12-27T09:19:56.972+0800: 102.850: Application time: 0.1671643 seconds
{Heap before GC invocations=62 (full 3):
 par new generation   total 47936K, used 46173K [0x0000000724400000, 0x0000000727800000, 0x00000007390c0000)
  eden space 42624K, 100% used [0x0000000724400000, 0x0000000726da0000, 0x0000000726da0000)
  from space 5312K,  66% used [0x0000000726da0000, 0x0000000727117458, 0x00000007272d0000)
  to   space 5312K,   0% used [0x00000007272d0000, 0x00000007272d0000, 0x0000000727800000)
 concurrent mark-sweep generation total 106496K, used 20530K [0x00000007390c0000, 0x000000073f8c0000, 0x00000007c0000000)
 Metaspace       used 64016K, capacity 66648K, committed 67060K, reserved 1107968K
  class space    used 8380K, capacity 8874K, committed 8952K, reserved 1048576K
2021-12-27T09:19:56.973+0800: 102.851: [GC (Allocation Failure) 2021-12-27T09:19:56.974+0800: 102.852: [ParNew: 46173K->4521K(47936K), 0.0709702 secs] 66703K->25339K(154432K), 0.0722404 secs] [Times: user=0.03 sys=0.01, real=0.07 secs] 
Heap after GC invocations=63 (full 3):
 par new generation   total 47936K, used 4521K [0x0000000724400000, 0x0000000727800000, 0x00000007390c0000)
  eden space 42624K,   0% used [0x0000000724400000, 0x0000000724400000, 0x0000000726da0000)
  from space 5312K,  85% used [0x00000007272d0000, 0x000000072773a6a8, 0x0000000727800000)
  to   space 5312K,   0% used [0x0000000726da0000, 0x0000000726da0000, 0x00000007272d0000)
 concurrent mark-sweep generation total 106496K, used 20817K [0x00000007390c0000, 0x000000073f8c0000, 0x00000007c0000000)
 Metaspace       used 64016K, capacity 66648K, committed 67060K, reserved 1107968K
  class space    used 8380K, capacity 8874K, committed 8952K, reserved 1048576K
}
2021-12-27T09:19:58.046+0800: 103.925: Application time: 1.0001795 seconds
2021-12-27T09:19:58.220+0800: 104.098: Application time: 0.1573884 seconds
2021-12-27T09:19:58.601+0800: 104.479: Application time: 0.3802478 seconds
{Heap before GC invocations=63 (full 3):
 par new generation   total 47936K, used 47145K [0x0000000724400000, 0x0000000727800000, 0x00000007390c0000)
  eden space 42624K, 100% used [0x0000000724400000, 0x0000000726da0000, 0x0000000726da0000)
  from space 5312K,  85% used [0x00000007272d0000, 0x000000072773a6a8, 0x0000000727800000)
  to   space 5312K,   0% used [0x0000000726da0000, 0x0000000726da0000, 0x00000007272d0000)
 concurrent mark-sweep generation total 106496K, used 20817K [0x00000007390c0000, 0x000000073f8c0000, 0x00000007c0000000)
 Metaspace       used 66013K, capacity 69124K, committed 69492K, reserved 1110016K
  class space    used 8667K, capacity 9214K, committed 9336K, reserved 1048576K
2021-12-27T09:19:58.602+0800: 104.480: [GC (Allocation Failure) 2021-12-27T09:19:58.602+0800: 104.480: [ParNew: 47145K->5311K(47936K), 0.0698516 secs] 67963K->27075K(154432K), 0.0712534 secs] [Times: user=0.04 sys=0.00, real=0.07 secs] 
Heap after GC invocations=64 (full 3):
 par new generation   total 47936K, used 5311K [0x0000000724400000, 0x0000000727800000, 0x00000007390c0000)
  eden space 42624K,   0% used [0x0000000724400000, 0x0000000724400000, 0x0000000726da0000)
  from space 5312K,  99% used [0x0000000726da0000, 0x00000007272cfff8, 0x00000007272d0000)
  to   space 5312K,   0% used [0x00000007272d0000, 0x00000007272d0000, 0x0000000727800000)
 concurrent mark-sweep generation total 106496K, used 21763K [0x00000007390c0000, 0x000000073f8c0000, 0x00000007c0000000)
 Metaspace       used 66013K, capacity 69124K, committed 69492K, reserved 1110016K
  class space    used 8667K, capacity 9214K, committed 9336K, reserved 1048576K
}
2021-12-27T09:19:59.675+0800: 105.553: Application time: 1.0003257 seconds
2021-12-27T09:20:00.539+0800: 106.417: Application time: 0.8556996 seconds
2021-12-27T09:20:00.562+0800: 106.440: Application time: 0.0227832 seconds
{Heap before GC invocations=64 (full 3):
 par new generation   total 47936K, used 47935K [0x0000000724400000, 0x0000000727800000, 0x00000007390c0000)
  eden space 42624K, 100% used [0x0000000724400000, 0x0000000726da0000, 0x0000000726da0000)
  from space 5312K,  99% used [0x0000000726da0000, 0x00000007272cfff8, 0x00000007272d0000)
  to   space 5312K,   0% used [0x00000007272d0000, 0x00000007272d0000, 0x0000000727800000)
 concurrent mark-sweep generation total 106496K, used 21763K [0x00000007390c0000, 0x000000073f8c0000, 0x00000007c0000000)
 Metaspace       used 68126K, capacity 71264K, committed 71540K, reserved 1112064K
  class space    used 8965K, capacity 9504K, committed 9592K, reserved 1048576K
2021-12-27T09:20:00.563+0800: 106.441: [GC (Allocation Failure) 2021-12-27T09:20:00.563+0800: 106.442: [ParNew: 47935K->4333K(47936K), 0.0815480 secs] 69699K->26636K(154432K), 0.0826766 secs] [Times: user=0.03 sys=0.00, real=0.08 secs] 
Heap after GC invocations=65 (full 3):
 par new generation   total 47936K, used 4333K [0x0000000724400000, 0x0000000727800000, 0x00000007390c0000)
  eden space 42624K,   0% used [0x0000000724400000, 0x0000000724400000, 0x0000000726da0000)
  from space 5312K,  81% used [0x00000007272d0000, 0x000000072770b460, 0x0000000727800000)
  to   space 5312K,   0% used [0x0000000726da0000, 0x0000000726da0000, 0x00000007272d0000)
 concurrent mark-sweep generation total 106496K, used 22302K [0x00000007390c0000, 0x000000073f8c0000, 0x00000007c0000000)
 Metaspace       used 68126K, capacity 71264K, committed 71540K, reserved 1112064K
  class space    used 8965K, capacity 9504K, committed 9592K, reserved 1048576K
}
2021-12-27T09:20:00.704+0800: 106.582: Application time: 0.0576633 seconds
2021-12-27T09:20:01.130+0800: 107.008: Application time: 0.4252448 seconds
2021-12-27T09:20:02.131+0800: 108.009: Application time: 1.0001690 seconds
2021-12-27T09:20:02.622+0800: 108.500: Application time: 0.4887847 seconds
{Heap before GC invocations=65 (full 3):
 par new generation   total 47936K, used 46957K [0x0000000724400000, 0x0000000727800000, 0x00000007390c0000)
  eden space 42624K, 100% used [0x0000000724400000, 0x0000000726da0000, 0x0000000726da0000)
  from space 5312K,  81% used [0x00000007272d0000, 0x000000072770b460, 0x0000000727800000)
  to   space 5312K,   0% used [0x0000000726da0000, 0x0000000726da0000, 0x00000007272d0000)
 concurrent mark-sweep generation total 106496K, used 22302K [0x00000007390c0000, 0x000000073f8c0000, 0x00000007c0000000)
 Metaspace       used 69816K, capacity 73076K, committed 73332K, reserved 1112064K
  class space    used 9162K, capacity 9726K, committed 9848K, reserved 1048576K
2021-12-27T09:20:02.624+0800: 108.502: [GC (Allocation Failure) 2021-12-27T09:20:02.625+0800: 108.503: [ParNew: 46957K->3625K(47936K), 0.1072095 secs] 69260K->27310K(154432K), 0.1132304 secs] [Times: user=0.03 sys=0.00, real=0.13 secs] 
Heap after GC invocations=66 (full 3):
 par new generation   total 47936K, used 3625K [0x0000000724400000, 0x0000000727800000, 0x00000007390c0000)
  eden space 42624K,   0% used [0x0000000724400000, 0x0000000724400000, 0x0000000726da0000)
  from space 5312K,  68% used [0x0000000726da0000, 0x000000072712a7d8, 0x00000007272d0000)
  to   space 5312K,   0% used [0x00000007272d0000, 0x00000007272d0000, 0x0000000727800000)
 concurrent mark-sweep generation total 106496K, used 23684K [0x00000007390c0000, 0x000000073f8c0000, 0x00000007c0000000)
 Metaspace       used 69816K, capacity 73076K, committed 73332K, reserved 1112064K
  class space    used 9162K, capacity 9726K, committed 9848K, reserved 1048576K
}
2021-12-27T09:20:02.844+0800: 108.722: Application time: 0.0844895 seconds
2021-12-27T09:20:03.845+0800: 109.723: Application time: 1.0002677 seconds
2021-12-27T09:20:03.980+0800: 109.858: Application time: 0.1199054 seconds
2021-12-27T09:20:04.254+0800: 110.132: Application time: 0.2738227 seconds
2021-12-27T09:20:04.259+0800: 110.138: Application time: 0.0026429 seconds
2021-12-27T09:20:04.269+0800: 110.147: Application time: 0.0064973 seconds
2021-12-27T09:20:04.319+0800: 110.197: Application time: 0.0000745 seconds
2021-12-27T09:20:04.319+0800: 110.197: Application time: 0.0000381 seconds
2021-12-27T09:20:04.319+0800: 110.197: Application time: 0.0001356 seconds
2021-12-27T09:20:04.319+0800: 110.198: Application time: 0.0000622 seconds
2021-12-27T09:20:04.319+0800: 110.198: Application time: 0.0000350 seconds
2021-12-27T09:20:04.320+0800: 110.198: Application time: 0.0000701 seconds
2021-12-27T09:20:04.320+0800: 110.198: Application time: 0.0000870 seconds
2021-12-27T09:20:04.321+0800: 110.199: Application time: 0.0002564 seconds
2021-12-27T09:20:04.360+0800: 110.238: Application time: 0.0389054 seconds
2021-12-27T09:20:05.314+0800: 111.192: Application time: 0.9531083 seconds
2021-12-27T09:20:05.314+0800: 111.192: Application time: 0.0001077 seconds
2021-12-27T09:20:05.314+0800: 111.192: Application time: 0.0000357 seconds
2021-12-27T09:20:05.430+0800: 111.309: Application time: 0.1166951 seconds
2021-12-27T09:20:05.431+0800: 111.309: Application time: 0.0001351 seconds
2021-12-27T09:20:05.431+0800: 111.309: Application time: 0.0000383 seconds
2021-12-27T09:20:05.537+0800: 111.416: Application time: 0.1064906 seconds
2021-12-27T09:20:05.538+0800: 111.416: Application time: 0.0001278 seconds
2021-12-27T09:20:05.538+0800: 111.416: Application time: 0.0000374 seconds
2021-12-27T09:20:05.594+0800: 111.473: Application time: 0.0565204 seconds
2021-12-27T09:20:05.784+0800: 111.662: Application time: 0.1888635 seconds
{Heap before GC invocations=66 (full 3):
 par new generation   total 47936K, used 46249K [0x0000000724400000, 0x0000000727800000, 0x00000007390c0000)
  eden space 42624K, 100% used [0x0000000724400000, 0x0000000726da0000, 0x0000000726da0000)
  from space 5312K,  68% used [0x0000000726da0000, 0x000000072712a7d8, 0x00000007272d0000)
  to   space 5312K,   0% used [0x00000007272d0000, 0x00000007272d0000, 0x0000000727800000)
 concurrent mark-sweep generation total 106496K, used 23684K [0x00000007390c0000, 0x000000073f8c0000, 0x00000007c0000000)
 Metaspace       used 71492K, capacity 75062K, committed 75124K, reserved 1114112K
  class space    used 9419K, capacity 10047K, committed 10104K, reserved 1048576K
2021-12-27T09:20:05.792+0800: 111.670: [GC (Allocation Failure) 2021-12-27T09:20:05.793+0800: 111.672: [ParNew: 46249K->5180K(47936K), 0.0613765 secs] 69934K->28864K(154432K), 0.0634405 secs] [Times: user=0.02 sys=0.00, real=0.06 secs] 
Heap after GC invocations=67 (full 3):
 par new generation   total 47936K, used 5180K [0x0000000724400000, 0x0000000727800000, 0x00000007390c0000)
  eden space 42624K,   0% used [0x0000000724400000, 0x0000000724400000, 0x0000000726da0000)
  from space 5312K,  97% used [0x00000007272d0000, 0x00000007277df0c0, 0x0000000727800000)
  to   space 5312K,   0% used [0x0000000726da0000, 0x0000000726da0000, 0x00000007272d0000)
 concurrent mark-sweep generation total 106496K, used 23684K [0x00000007390c0000, 0x000000073f8c0000, 0x00000007c0000000)
 Metaspace       used 71492K, capacity 75062K, committed 75124K, reserved 1114112K
  class space    used 9419K, capacity 10047K, committed 10104K, reserved 1048576K
}
2021-12-27T09:20:05.857+0800: 111.735: Application time: 0.0005408 seconds
2021-12-27T09:20:05.857+0800: 111.736: Application time: 0.0002971 seconds
2021-12-27T09:20:05.984+0800: 111.862: Application time: 0.1265521 seconds
2021-12-27T09:20:06.975+0800: 112.853: Application time: 0.9905251 seconds
{Heap before GC invocations=67 (full 3):
 par new generation   total 47936K, used 47804K [0x0000000724400000, 0x0000000727800000, 0x00000007390c0000)
  eden space 42624K, 100% used [0x0000000724400000, 0x0000000726da0000, 0x0000000726da0000)
  from space 5312K,  97% used [0x00000007272d0000, 0x00000007277df0c0, 0x0000000727800000)
  to   space 5312K,   0% used [0x0000000726da0000, 0x0000000726da0000, 0x00000007272d0000)
 concurrent mark-sweep generation total 106496K, used 23684K [0x00000007390c0000, 0x000000073f8c0000, 0x00000007c0000000)
 Metaspace       used 72149K, capacity 75816K, committed 76020K, reserved 1116160K
  class space    used 9511K, capacity 10162K, committed 10232K, reserved 1048576K
2021-12-27T09:20:06.981+0800: 112.859: [GC (Allocation Failure) 2021-12-27T09:20:06.981+0800: 112.859: [ParNew: 47804K->4045K(47936K), 0.0770561 secs] 71488K->29082K(154432K), 0.0802762 secs] [Times: user=0.03 sys=0.00, real=0.08 secs] 
Heap after GC invocations=68 (full 3):
 par new generation   total 47936K, used 4045K [0x0000000724400000, 0x0000000727800000, 0x00000007390c0000)
  eden space 42624K,   0% used [0x0000000724400000, 0x0000000724400000, 0x0000000726da0000)
  from space 5312K,  76% used [0x0000000726da0000, 0x0000000727193550, 0x00000007272d0000)
  to   space 5312K,   0% used [0x00000007272d0000, 0x00000007272d0000, 0x0000000727800000)
 concurrent mark-sweep generation total 106496K, used 25036K [0x00000007390c0000, 0x000000073f8c0000, 0x00000007c0000000)
 Metaspace       used 72149K, capacity 75816K, committed 76020K, reserved 1116160K
  class space    used 9511K, capacity 10162K, committed 10232K, reserved 1048576K
}
2021-12-27T09:20:07.409+0800: 113.310: Application time: 0.3698038 seconds
2021-12-27T09:20:07.414+0800: 113.315: Application time: 0.0051746 seconds
2021-12-27T09:20:07.496+0800: 113.398: Application time: 0.0823329 seconds
2021-12-27T09:20:07.805+0800: 113.706: Application time: 0.3075827 seconds
2021-12-27T09:20:07.960+0800: 113.862: Application time: 0.1549797 seconds
2021-12-27T09:20:08.310+0800: 114.211: Application time: 0.3486906 seconds
{Heap before GC invocations=68 (full 3):
 par new generation   total 47936K, used 46669K [0x0000000724400000, 0x0000000727800000, 0x00000007390c0000)
  eden space 42624K, 100% used [0x0000000724400000, 0x0000000726da0000, 0x0000000726da0000)
  from space 5312K,  76% used [0x0000000726da0000, 0x0000000727193550, 0x00000007272d0000)
  to   space 5312K,   0% used [0x00000007272d0000, 0x00000007272d0000, 0x0000000727800000)
 concurrent mark-sweep generation total 106496K, used 25036K [0x00000007390c0000, 0x000000073f8c0000, 0x00000007c0000000)
 Metaspace       used 72959K, capacity 76634K, committed 76916K, reserved 1116160K
  class space    used 9630K, capacity 10285K, committed 10360K, reserved 1048576K
2021-12-27T09:20:08.310+0800: 114.211: [GC (Allocation Failure) 2021-12-27T09:20:08.313+0800: 114.214: [ParNew: 46669K->3956K(47936K), 0.1169841 secs] 71706K->30640K(154432K), 0.1237690 secs] [Times: user=0.04 sys=0.00, real=0.12 secs] 
Heap after GC invocations=69 (full 3):
 par new generation   total 47936K, used 3956K [0x0000000724400000, 0x0000000727800000, 0x00000007390c0000)
  eden space 42624K,   0% used [0x0000000724400000, 0x0000000724400000, 0x0000000726da0000)
  from space 5312K,  74% used [0x00000007272d0000, 0x00000007276ad2e8, 0x0000000727800000)
  to   space 5312K,   0% used [0x0000000726da0000, 0x0000000726da0000, 0x00000007272d0000)
 concurrent mark-sweep generation total 106496K, used 26684K [0x00000007390c0000, 0x000000073f8c0000, 0x00000007c0000000)
 Metaspace       used 72959K, capacity 76634K, committed 76916K, reserved 1116160K
  class space    used 9630K, capacity 10285K, committed 10360K, reserved 1048576K
}
2021-12-27T09:20:08.459+0800: 114.360: Application time: 0.0225030 seconds
2021-12-27T09:20:08.478+0800: 114.379: Application time: 0.0019488 seconds
2021-12-27T09:20:09.427+0800: 115.328: Application time: 0.9487972 seconds
{Heap before GC invocations=69 (full 3):
 par new generation   total 47936K, used 46580K [0x0000000724400000, 0x0000000727800000, 0x00000007390c0000)
  eden space 42624K, 100% used [0x0000000724400000, 0x0000000726da0000, 0x0000000726da0000)
  from space 5312K,  74% used [0x00000007272d0000, 0x00000007276ad2e8, 0x0000000727800000)
  to   space 5312K,   0% used [0x0000000726da0000, 0x0000000726da0000, 0x00000007272d0000)
 concurrent mark-sweep generation total 106496K, used 26684K [0x00000007390c0000, 0x000000073f8c0000, 0x00000007c0000000)
 Metaspace       used 73571K, capacity 77306K, committed 77556K, reserved 1116160K
  class space    used 9724K, capacity 10381K, committed 10488K, reserved 1048576K
2021-12-27T09:20:09.434+0800: 115.336: [GC (Allocation Failure) 2021-12-27T09:20:09.437+0800: 115.338: [ParNew: 46580K->2809K(47936K), 0.0547292 secs] 73264K->30243K(154432K), 0.0614684 secs] [Times: user=0.02 sys=0.00, real=0.07 secs] 
Heap after GC invocations=70 (full 3):
 par new generation   total 47936K, used 2809K [0x0000000724400000, 0x0000000727800000, 0x00000007390c0000)
  eden space 42624K,   0% used [0x0000000724400000, 0x0000000724400000, 0x0000000726da0000)
  from space 5312K,  52% used [0x0000000726da0000, 0x000000072705e7b0, 0x00000007272d0000)
  to   space 5312K,   0% used [0x00000007272d0000, 0x00000007272d0000, 0x0000000727800000)
 concurrent mark-sweep generation total 106496K, used 27433K [0x00000007390c0000, 0x000000073f8c0000, 0x00000007c0000000)
 Metaspace       used 73571K, capacity 77306K, committed 77556K, reserved 1116160K
  class space    used 9724K, capacity 10381K, committed 10488K, reserved 1048576K
}
2021-12-27T09:20:09.948+0800: 115.849: Application time: 0.4444763 seconds
2021-12-27T09:20:10.023+0800: 115.925: Application time: 0.0686532 seconds
2021-12-27T09:20:10.157+0800: 116.058: Application time: 0.1332142 seconds
2021-12-27T09:20:10.320+0800: 116.221: Application time: 0.1622282 seconds
2021-12-27T09:20:10.322+0800: 116.232: Application time: 0.0102677 seconds
2021-12-27T09:20:10.657+0800: 116.558: Application time: 0.3253155 seconds
{Heap before GC invocations=70 (full 3):
 par new generation   total 47936K, used 45433K [0x0000000724400000, 0x0000000727800000, 0x00000007390c0000)
  eden space 42624K, 100% used [0x0000000724400000, 0x0000000726da0000, 0x0000000726da0000)
  from space 5312K,  52% used [0x0000000726da0000, 0x000000072705e7b0, 0x00000007272d0000)
  to   space 5312K,   0% used [0x00000007272d0000, 0x00000007272d0000, 0x0000000727800000)
 concurrent mark-sweep generation total 106496K, used 27433K [0x00000007390c0000, 0x000000073f8c0000, 0x00000007c0000000)
 Metaspace       used 74959K, capacity 78688K, committed 78964K, reserved 1118208K
  class space    used 9907K, capacity 10542K, committed 10616K, reserved 1048576K
2021-12-27T09:20:10.657+0800: 116.559: [GC (Allocation Failure) 2021-12-27T09:20:10.658+0800: 116.559: [ParNew: 45433K->3068K(47936K), 0.0625457 secs] 72867K->30502K(154432K), 0.0638419 secs] [Times: user=0.02 sys=0.00, real=0.06 secs] 
Heap after GC invocations=71 (full 3):
 par new generation   total 47936K, used 3068K [0x0000000724400000, 0x0000000727800000, 0x00000007390c0000)
  eden space 42624K,   0% used [0x0000000724400000, 0x0000000724400000, 0x0000000726da0000)
  from space 5312K,  57% used [0x00000007272d0000, 0x00000007275cf378, 0x0000000727800000)
  to   space 5312K,   0% used [0x0000000726da0000, 0x0000000726da0000, 0x00000007272d0000)
 concurrent mark-sweep generation total 106496K, used 27433K [0x00000007390c0000, 0x000000073f8c0000, 0x00000007c0000000)
 Metaspace       used 74959K, capacity 78688K, committed 78964K, reserved 1118208K
  class space    used 9907K, capacity 10542K, committed 10616K, reserved 1048576K
}
2021-12-27T09:20:11.730+0800: 117.631: Application time: 1.0081461 seconds
2021-12-27T09:20:11.818+0800: 117.719: Application time: 0.0711299 seconds
{Heap before GC invocations=71 (full 3):
 par new generation   total 47936K, used 45692K [0x0000000724400000, 0x0000000727800000, 0x00000007390c0000)
  eden space 42624K, 100% used [0x0000000724400000, 0x0000000726da0000, 0x0000000726da0000)
  from space 5312K,  57% used [0x00000007272d0000, 0x00000007275cf378, 0x0000000727800000)
  to   space 5312K,   0% used [0x0000000726da0000, 0x0000000726da0000, 0x00000007272d0000)
 concurrent mark-sweep generation total 106496K, used 27433K [0x00000007390c0000, 0x000000073f8c0000, 0x00000007c0000000)
 Metaspace       used 75631K, capacity 79410K, committed 79604K, reserved 1118208K
  class space    used 10012K, capacity 10673K, committed 10744K, reserved 1048576K
2021-12-27T09:20:11.826+0800: 117.727: [GC (Allocation Failure) 2021-12-27T09:20:11.826+0800: 117.727: [ParNew: 45692K->3125K(47936K), 0.0366915 secs] 73126K->30559K(154432K), 0.0466025 secs] [Times: user=0.02 sys=0.00, real=0.04 secs] 
Heap after GC invocations=72 (full 3):
 par new generation   total 47936K, used 3125K [0x0000000724400000, 0x0000000727800000, 0x00000007390c0000)
  eden space 42624K,   0% used [0x0000000724400000, 0x0000000724400000, 0x0000000726da0000)
  from space 5312K,  58% used [0x0000000726da0000, 0x00000007270ad5e8, 0x00000007272d0000)
  to   space 5312K,   0% used [0x00000007272d0000, 0x00000007272d0000, 0x0000000727800000)
 concurrent mark-sweep generation total 106496K, used 27433K [0x00000007390c0000, 0x000000073f8c0000, 0x00000007c0000000)
 Metaspace       used 75631K, capacity 79410K, committed 79604K, reserved 1118208K
  class space    used 10012K, capacity 10673K, committed 10744K, reserved 1048576K
}
2021-12-27T09:20:12.249+0800: 118.151: Application time: 0.3738204 seconds
2021-12-27T09:20:12.704+0800: 118.606: Application time: 0.4543370 seconds
{Heap before GC invocations=72 (full 3):
 par new generation   total 47936K, used 45749K [0x0000000724400000, 0x0000000727800000, 0x00000007390c0000)
  eden space 42624K, 100% used [0x0000000724400000, 0x0000000726da0000, 0x0000000726da0000)
  from space 5312K,  58% used [0x0000000726da0000, 0x00000007270ad5e8, 0x00000007272d0000)
  to   space 5312K,   0% used [0x00000007272d0000, 0x00000007272d0000, 0x0000000727800000)
 concurrent mark-sweep generation total 106496K, used 27433K [0x00000007390c0000, 0x000000073f8c0000, 0x00000007c0000000)
 Metaspace       used 76364K, capacity 80106K, committed 80244K, reserved 1118208K
  class space    used 10105K, capacity 10773K, committed 10872K, reserved 1048576K
2021-12-27T09:20:12.708+0800: 118.609: [GC (Allocation Failure) 2021-12-27T09:20:12.709+0800: 118.610: [ParNew: 45749K->3757K(47936K), 0.0512825 secs] 73183K->31191K(154432K), 0.0569713 secs] [Times: user=0.02 sys=0.00, real=0.06 secs] 
Heap after GC invocations=73 (full 3):
 par new generation   total 47936K, used 3757K [0x0000000724400000, 0x0000000727800000, 0x00000007390c0000)
  eden space 42624K,   0% used [0x0000000724400000, 0x0000000724400000, 0x0000000726da0000)
  from space 5312K,  70% used [0x00000007272d0000, 0x000000072767b7c8, 0x0000000727800000)
  to   space 5312K,   0% used [0x0000000726da0000, 0x0000000726da0000, 0x00000007272d0000)
 concurrent mark-sweep generation total 106496K, used 27433K [0x00000007390c0000, 0x000000073f8c0000, 0x00000007c0000000)
 Metaspace       used 76364K, capacity 80106K, committed 80244K, reserved 1118208K
  class space    used 10105K, capacity 10773K, committed 10872K, reserved 1048576K
}
2021-12-27T09:20:12.780+0800: 118.682: Application time: 0.0145451 seconds
2021-12-27T09:20:13.442+0800: 119.344: Application time: 0.6610549 seconds
{Heap before GC invocations=73 (full 3):
 par new generation   total 47936K, used 46381K [0x0000000724400000, 0x0000000727800000, 0x00000007390c0000)
  eden space 42624K, 100% used [0x0000000724400000, 0x0000000726da0000, 0x0000000726da0000)
  from space 5312K,  70% used [0x00000007272d0000, 0x000000072767b7c8, 0x0000000727800000)
  to   space 5312K,   0% used [0x0000000726da0000, 0x0000000726da0000, 0x00000007272d0000)
 concurrent mark-sweep generation total 106496K, used 27433K [0x00000007390c0000, 0x000000073f8c0000, 0x00000007c0000000)
 Metaspace       used 77220K, capacity 80938K, committed 81140K, reserved 1120256K
  class space    used 10254K, capacity 10901K, committed 11000K, reserved 1048576K
2021-12-27T09:20:13.443+0800: 119.344: [GC (Allocation Failure) 2021-12-27T09:20:13.444+0800: 119.345: [ParNew: 46381K->2828K(47936K), 0.0507545 secs] 73815K->30836K(154432K), 0.0558858 secs] [Times: user=0.02 sys=0.00, real=0.06 secs] 
Heap after GC invocations=74 (full 3):
 par new generation   total 47936K, used 2828K [0x0000000724400000, 0x0000000727800000, 0x00000007390c0000)
  eden space 42624K,   0% used [0x0000000724400000, 0x0000000724400000, 0x0000000726da0000)
  from space 5312K,  53% used [0x0000000726da0000, 0x0000000727063030, 0x00000007272d0000)
  to   space 5312K,   0% used [0x00000007272d0000, 0x00000007272d0000, 0x0000000727800000)
 concurrent mark-sweep generation total 106496K, used 28008K [0x00000007390c0000, 0x000000073f8c0000, 0x00000007c0000000)
 Metaspace       used 77220K, capacity 80938K, committed 81140K, reserved 1120256K
  class space    used 10254K, capacity 10901K, committed 11000K, reserved 1048576K
}
2021-12-27T09:20:14.376+0800: 120.278: Application time: 0.8761875 seconds
{Heap before GC invocations=74 (full 3):
 par new generation   total 47936K, used 45452K [0x0000000724400000, 0x0000000727800000, 0x00000007390c0000)
  eden space 42624K, 100% used [0x0000000724400000, 0x0000000726da0000, 0x0000000726da0000)
  from space 5312K,  53% used [0x0000000726da0000, 0x0000000727063030, 0x00000007272d0000)
  to   space 5312K,   0% used [0x00000007272d0000, 0x00000007272d0000, 0x0000000727800000)
 concurrent mark-sweep generation total 106496K, used 28008K [0x00000007390c0000, 0x000000073f8c0000, 0x00000007c0000000)
 Metaspace       used 77844K, capacity 81612K, committed 81780K, reserved 1120256K
  class space    used 10358K, capacity 11008K, committed 11128K, reserved 1048576K
2021-12-27T09:20:14.377+0800: 120.278: [GC (Allocation Failure) 2021-12-27T09:20:14.377+0800: 120.279: [ParNew: 45452K->3542K(47936K), 0.0522473 secs] 73460K->31551K(154432K), 0.0544678 secs] [Times: user=0.02 sys=0.00, real=0.05 secs] 
Heap after GC invocations=75 (full 3):
 par new generation   total 47936K, used 3542K [0x0000000724400000, 0x0000000727800000, 0x00000007390c0000)
  eden space 42624K,   0% used [0x0000000724400000, 0x0000000724400000, 0x0000000726da0000)
  from space 5312K,  66% used [0x00000007272d0000, 0x0000000727645b90, 0x0000000727800000)
  to   space 5312K,   0% used [0x0000000726da0000, 0x0000000726da0000, 0x00000007272d0000)
 concurrent mark-sweep generation total 106496K, used 28008K [0x00000007390c0000, 0x000000073f8c0000, 0x00000007c0000000)
 Metaspace       used 77844K, capacity 81612K, committed 81780K, reserved 1120256K
  class space    used 10358K, capacity 11008K, committed 11128K, reserved 1048576K
}
2021-12-27T09:20:15.448+0800: 121.349: Application time: 1.0111229 seconds
2021-12-27T09:20:15.638+0800: 121.539: Application time: 0.1776058 seconds
{Heap before GC invocations=75 (full 3):
 par new generation   total 47936K, used 46166K [0x0000000724400000, 0x0000000727800000, 0x00000007390c0000)
  eden space 42624K, 100% used [0x0000000724400000, 0x0000000726da0000, 0x0000000726da0000)
  from space 5312K,  66% used [0x00000007272d0000, 0x0000000727645b90, 0x0000000727800000)
  to   space 5312K,   0% used [0x0000000726da0000, 0x0000000726da0000, 0x00000007272d0000)
 concurrent mark-sweep generation total 106496K, used 28008K [0x00000007390c0000, 0x000000073f8c0000, 0x00000007c0000000)
 Metaspace       used 78444K, capacity 82198K, committed 82292K, reserved 1120256K
  class space    used 10454K, capacity 11111K, committed 11128K, reserved 1048576K
2021-12-27T09:20:15.641+0800: 121.543: [GC (Allocation Failure) 2021-12-27T09:20:15.642+0800: 121.543: [ParNew: 46166K->4699K(47936K), 0.0565915 secs] 74175K->32707K(154432K), 0.0665603 secs] [Times: user=0.02 sys=0.01, real=0.07 secs] 
Heap after GC invocations=76 (full 3):
 par new generation   total 47936K, used 4699K [0x0000000724400000, 0x0000000727800000, 0x00000007390c0000)
  eden space 42624K,   0% used [0x0000000724400000, 0x0000000724400000, 0x0000000726da0000)
  from space 5312K,  88% used [0x0000000726da0000, 0x0000000727236e10, 0x00000007272d0000)
  to   space 5312K,   0% used [0x00000007272d0000, 0x00000007272d0000, 0x0000000727800000)
 concurrent mark-sweep generation total 106496K, used 28008K [0x00000007390c0000, 0x000000073f8c0000, 0x00000007c0000000)
 Metaspace       used 78444K, capacity 82198K, committed 82292K, reserved 1120256K
  class space    used 10454K, capacity 11111K, committed 11128K, reserved 1048576K
}
2021-12-27T09:20:16.711+0800: 122.612: Application time: 1.0017397 seconds
2021-12-27T09:20:17.733+0800: 123.634: Application time: 1.0011526 seconds
2021-12-27T09:20:17.776+0800: 123.677: Application time: 0.0345348 seconds
{Heap before GC invocations=76 (full 3):
 par new generation   total 47936K, used 47323K [0x0000000724400000, 0x0000000727800000, 0x00000007390c0000)
  eden space 42624K, 100% used [0x0000000724400000, 0x0000000726da0000, 0x0000000726da0000)
  from space 5312K,  88% used [0x0000000726da0000, 0x0000000727236e10, 0x00000007272d0000)
  to   space 5312K,   0% used [0x00000007272d0000, 0x00000007272d0000, 0x0000000727800000)
 concurrent mark-sweep generation total 106496K, used 28008K [0x00000007390c0000, 0x000000073f8c0000, 0x00000007c0000000)
 Metaspace       used 79350K, capacity 83222K, committed 83444K, reserved 1122304K
  class space    used 10522K, capacity 11207K, committed 11256K, reserved 1048576K
2021-12-27T09:20:17.780+0800: 123.682: [GC (Allocation Failure) 2021-12-27T09:20:17.781+0800: 123.682: [ParNew: 47323K->4743K(47936K), 0.0960644 secs] 75331K->33740K(154432K), 0.1072911 secs] [Times: user=0.03 sys=0.00, real=0.11 secs] 
Heap after GC invocations=77 (full 3):
 par new generation   total 47936K, used 4743K [0x0000000724400000, 0x0000000727800000, 0x00000007390c0000)
  eden space 42624K,   0% used [0x0000000724400000, 0x0000000724400000, 0x0000000726da0000)
  from space 5312K,  89% used [0x00000007272d0000, 0x0000000727771ed8, 0x0000000727800000)
  to   space 5312K,   0% used [0x0000000726da0000, 0x0000000726da0000, 0x00000007272d0000)
 concurrent mark-sweep generation total 106496K, used 28996K [0x00000007390c0000, 0x000000073f8c0000, 0x00000007c0000000)
 Metaspace       used 79350K, capacity 83222K, committed 83444K, reserved 1122304K
  class space    used 10522K, capacity 11207K, committed 11256K, reserved 1048576K
}
2021-12-27T09:20:18.889+0800: 124.790: Application time: 1.0004010 seconds
2021-12-27T09:20:19.274+0800: 125.175: Application time: 0.3840719 seconds
{Heap before GC invocations=77 (full 3):
 par new generation   total 47936K, used 47367K [0x0000000724400000, 0x0000000727800000, 0x00000007390c0000)
  eden space 42624K, 100% used [0x0000000724400000, 0x0000000726da0000, 0x0000000726da0000)
  from space 5312K,  89% used [0x00000007272d0000, 0x0000000727771ed8, 0x0000000727800000)
  to   space 5312K,   0% used [0x0000000726da0000, 0x0000000726da0000, 0x00000007272d0000)
 concurrent mark-sweep generation total 106496K, used 28996K [0x00000007390c0000, 0x000000073f8c0000, 0x00000007c0000000)
 Metaspace       used 80033K, capacity 83992K, committed 84212K, reserved 1122304K
  class space    used 10563K, capacity 11238K, committed 11256K, reserved 1048576K
2021-12-27T09:20:19.274+0800: 125.176: [GC (Allocation Failure) 2021-12-27T09:20:19.281+0800: 125.182: [ParNew: 47367K->5039K(47936K), 0.1422070 secs] 76364K->35237K(154432K), 0.1576006 secs] [Times: user=0.04 sys=0.01, real=0.16 secs] 
Heap after GC invocations=78 (full 3):
 par new generation   total 47936K, used 5039K [0x0000000724400000, 0x0000000727800000, 0x00000007390c0000)
  eden space 42624K,   0% used [0x0000000724400000, 0x0000000724400000, 0x0000000726da0000)
  from space 5312K,  94% used [0x0000000726da0000, 0x000000072728bce0, 0x00000007272d0000)
  to   space 5312K,   0% used [0x00000007272d0000, 0x00000007272d0000, 0x0000000727800000)
 concurrent mark-sweep generation total 106496K, used 30198K [0x00000007390c0000, 0x000000073f8c0000, 0x00000007c0000000)
 Metaspace       used 80033K, capacity 83992K, committed 84212K, reserved 1122304K
  class space    used 10563K, capacity 11238K, committed 11256K, reserved 1048576K
}
2021-12-27T09:20:20.438+0800: 126.339: Application time: 1.0002266 seconds
2021-12-27T09:20:20.926+0800: 126.827: Application time: 0.4768572 seconds
{Heap before GC invocations=78 (full 3):
 par new generation   total 47936K, used 47663K [0x0000000724400000, 0x0000000727800000, 0x00000007390c0000)
  eden space 42624K, 100% used [0x0000000724400000, 0x0000000726da0000, 0x0000000726da0000)
  from space 5312K,  94% used [0x0000000726da0000, 0x000000072728bce0, 0x00000007272d0000)
  to   space 5312K,   0% used [0x00000007272d0000, 0x00000007272d0000, 0x0000000727800000)
 concurrent mark-sweep generation total 106496K, used 30198K [0x00000007390c0000, 0x000000073f8c0000, 0x00000007c0000000)
 Metaspace       used 80647K, capacity 84678K, committed 84852K, reserved 1122304K
  class space    used 10641K, capacity 11331K, committed 11384K, reserved 1048576K
2021-12-27T09:20:20.930+0800: 126.831: [GC (Allocation Failure) 2021-12-27T09:20:20.930+0800: 126.832: [ParNew: 47663K->4537K(47936K), 0.1134853 secs] 77861K->36970K(154432K), 0.1223073 secs] [Times: user=0.03 sys=0.00, real=0.12 secs] 
Heap after GC invocations=79 (full 3):
 par new generation   total 47936K, used 4537K [0x0000000724400000, 0x0000000727800000, 0x00000007390c0000)
  eden space 42624K,   0% used [0x0000000724400000, 0x0000000724400000, 0x0000000726da0000)
  from space 5312K,  85% used [0x00000007272d0000, 0x000000072773e7d0, 0x0000000727800000)
  to   space 5312K,   0% used [0x0000000726da0000, 0x0000000726da0000, 0x00000007272d0000)
 concurrent mark-sweep generation total 106496K, used 32432K [0x00000007390c0000, 0x000000073f8c0000, 0x00000007c0000000)
 Metaspace       used 80647K, capacity 84678K, committed 84852K, reserved 1122304K
  class space    used 10641K, capacity 11331K, committed 11384K, reserved 1048576K
}
2021-12-27T09:20:21.424+0800: 127.325: Application time: 0.3705341 seconds
2021-12-27T09:20:21.814+0800: 127.716: Application time: 0.3902241 seconds
2021-12-27T09:20:22.216+0800: 128.117: Application time: 0.4001450 seconds
2021-12-27T09:20:22.223+0800: 128.125: Application time: 0.0071214 seconds
2021-12-27T09:20:22.224+0800: 128.126: Application time: 0.0014451 seconds
2021-12-27T09:20:22.338+0800: 128.239: Application time: 0.1131677 seconds
{Heap before GC invocations=79 (full 3):
 par new generation   total 47936K, used 47161K [0x0000000724400000, 0x0000000727800000, 0x00000007390c0000)
  eden space 42624K, 100% used [0x0000000724400000, 0x0000000726da0000, 0x0000000726da0000)
  from space 5312K,  85% used [0x00000007272d0000, 0x000000072773e7d0, 0x0000000727800000)
  to   space 5312K,   0% used [0x0000000726da0000, 0x0000000726da0000, 0x00000007272d0000)
 concurrent mark-sweep generation total 106496K, used 32432K [0x00000007390c0000, 0x000000073f8c0000, 0x00000007c0000000)
 Metaspace       used 81540K, capacity 85760K, committed 86004K, reserved 1124352K
  class space    used 10762K, capacity 11466K, committed 11512K, reserved 1048576K
2021-12-27T09:20:22.338+0800: 128.239: [GC (Allocation Failure) 2021-12-27T09:20:22.339+0800: 128.240: [ParNew: 47161K->4386K(47936K), 0.1053413 secs] 79594K->38086K(154432K), 0.1067419 secs] [Times: user=0.03 sys=0.00, real=0.11 secs] 
Heap after GC invocations=80 (full 3):
 par new generation   total 47936K, used 4386K [0x0000000724400000, 0x0000000727800000, 0x00000007390c0000)
  eden space 42624K,   0% used [0x0000000724400000, 0x0000000724400000, 0x0000000726da0000)
  from space 5312K,  82% used [0x0000000726da0000, 0x00000007271e8808, 0x00000007272d0000)
  to   space 5312K,   0% used [0x00000007272d0000, 0x00000007272d0000, 0x0000000727800000)
 concurrent mark-sweep generation total 106496K, used 33700K [0x00000007390c0000, 0x000000073f8c0000, 0x00000007c0000000)
 Metaspace       used 81540K, capacity 85760K, committed 86004K, reserved 1124352K
  class space    used 10762K, capacity 11466K, committed 11512K, reserved 1048576K
}
2021-12-27T09:20:22.460+0800: 128.361: Application time: 0.0142232 seconds
2021-12-27T09:20:22.705+0800: 128.607: Application time: 0.2331330 seconds
2021-12-27T09:20:23.708+0800: 129.610: Application time: 1.0019161 seconds
2021-12-27T09:20:24.360+0800: 130.261: Application time: 0.6432243 seconds
{Heap before GC invocations=80 (full 3):
 par new generation   total 47936K, used 47010K [0x0000000724400000, 0x0000000727800000, 0x00000007390c0000)
  eden space 42624K, 100% used [0x0000000724400000, 0x0000000726da0000, 0x0000000726da0000)
  from space 5312K,  82% used [0x0000000726da0000, 0x00000007271e8808, 0x00000007272d0000)
  to   space 5312K,   0% used [0x00000007272d0000, 0x00000007272d0000, 0x0000000727800000)
 concurrent mark-sweep generation total 106496K, used 33700K [0x00000007390c0000, 0x000000073f8c0000, 0x00000007c0000000)
 Metaspace       used 82993K, capacity 87290K, committed 87540K, reserved 1124352K
  class space    used 10969K, capacity 11697K, committed 11768K, reserved 1048576K
2021-12-27T09:20:24.361+0800: 130.262: [GC (Allocation Failure) 2021-12-27T09:20:24.361+0800: 130.263: [ParNew: 47010K->4246K(47936K), 0.0894755 secs] 80710K->39007K(154432K), 0.0905471 secs] [Times: user=0.03 sys=0.00, real=0.09 secs] 
Heap after GC invocations=81 (full 3):
 par new generation   total 47936K, used 4246K [0x0000000724400000, 0x0000000727800000, 0x00000007390c0000)
  eden space 42624K,   0% used [0x0000000724400000, 0x0000000724400000, 0x0000000726da0000)
  from space 5312K,  79% used [0x00000007272d0000, 0x00000007276f5870, 0x0000000727800000)
  to   space 5312K,   0% used [0x0000000726da0000, 0x0000000726da0000, 0x00000007272d0000)
 concurrent mark-sweep generation total 106496K, used 34761K [0x00000007390c0000, 0x000000073f8c0000, 0x00000007c0000000)
 Metaspace       used 82993K, capacity 87290K, committed 87540K, reserved 1124352K
  class space    used 10969K, capacity 11697K, committed 11768K, reserved 1048576K
}
2021-12-27T09:20:24.966+0800: 130.867: Application time: 0.5134952 seconds
2021-12-27T09:20:25.039+0800: 130.940: Application time: 0.0722744 seconds
2021-12-27T09:20:25.047+0800: 130.948: Application time: 0.0004385 seconds
2021-12-27T09:20:25.049+0800: 130.950: Application time: 0.0018114 seconds
2021-12-27T09:20:25.050+0800: 130.952: Application time: 0.0008750 seconds
2021-12-27T09:20:25.052+0800: 130.954: Application time: 0.0012256 seconds
2021-12-27T09:20:25.055+0800: 130.957: Application time: 0.0014450 seconds
2021-12-27T09:20:25.072+0800: 130.973: Application time: 0.0004169 seconds
2021-12-27T09:20:25.072+0800: 130.973: Application time: 0.0001695 seconds
2021-12-27T09:20:25.074+0800: 130.975: Application time: 0.0018998 seconds
2021-12-27T09:20:25.077+0800: 130.979: Application time: 0.0010722 seconds
2021-12-27T09:20:25.079+0800: 130.980: Application time: 0.0018027 seconds
2021-12-27T09:20:25.082+0800: 130.984: Application time: 0.0021432 seconds
2021-12-27T09:20:25.090+0800: 130.991: Application time: 0.0036800 seconds
2021-12-27T09:20:25.096+0800: 130.997: Application time: 0.0001849 seconds
2021-12-27T09:20:25.097+0800: 130.998: Application time: 0.0011031 seconds
2021-12-27T09:20:25.191+0800: 131.092: Application time: 0.0936578 seconds
2021-12-27T09:20:25.229+0800: 131.130: Application time: 0.0366618 seconds
2021-12-27T09:20:25.232+0800: 131.134: Application time: 0.0030176 seconds
2021-12-27T09:20:25.236+0800: 131.137: Application time: 0.0024708 seconds
2021-12-27T09:20:25.478+0800: 131.379: Application time: 0.2411841 seconds
2021-12-27T09:20:25.621+0800: 131.522: Application time: 0.1430359 seconds
2021-12-27T09:20:25.917+0800: 131.819: Application time: 0.2903495 seconds
2021-12-27T09:20:26.184+0800: 132.085: Application time: 0.2657101 seconds
{Heap before GC invocations=81 (full 3):
 par new generation   total 47936K, used 46870K [0x0000000724400000, 0x0000000727800000, 0x00000007390c0000)
  eden space 42624K, 100% used [0x0000000724400000, 0x0000000726da0000, 0x0000000726da0000)
  from space 5312K,  79% used [0x00000007272d0000, 0x00000007276f5870, 0x0000000727800000)
  to   space 5312K,   0% used [0x0000000726da0000, 0x0000000726da0000, 0x00000007272d0000)
 concurrent mark-sweep generation total 106496K, used 34761K [0x00000007390c0000, 0x000000073f8c0000, 0x00000007c0000000)
 Metaspace       used 84430K, capacity 88974K, committed 89076K, reserved 1126400K
  class space    used 11171K, capacity 11973K, committed 12024K, reserved 1048576K
2021-12-27T09:20:26.185+0800: 132.086: [GC (Allocation Failure) 2021-12-27T09:20:26.185+0800: 132.087: [ParNew: 46870K->4928K(47936K), 0.1016566 secs] 81631K->40589K(154432K), 0.1181110 secs] [Times: user=0.05 sys=0.00, real=0.11 secs] 
Heap after GC invocations=82 (full 3):
 par new generation   total 47936K, used 4928K [0x0000000724400000, 0x0000000727800000, 0x00000007390c0000)
  eden space 42624K,   0% used [0x0000000724400000, 0x0000000724400000, 0x0000000726da0000)
  from space 5312K,  92% used [0x0000000726da0000, 0x00000007272703e8, 0x00000007272d0000)
  to   space 5312K,   0% used [0x00000007272d0000, 0x00000007272d0000, 0x0000000727800000)
 concurrent mark-sweep generation total 106496K, used 35660K [0x00000007390c0000, 0x000000073f8c0000, 0x00000007c0000000)
 Metaspace       used 84430K, capacity 88974K, committed 89076K, reserved 1126400K
  class space    used 11171K, capacity 11973K, committed 12024K, reserved 1048576K
}
2021-12-27T09:20:26.656+0800: 132.557: Application time: 0.3512852 seconds
2021-12-27T09:20:26.663+0800: 132.565: Application time: 0.0000951 seconds
2021-12-27T09:20:26.663+0800: 132.565: Application time: 0.0000601 seconds
2021-12-27T09:20:26.664+0800: 132.565: Application time: 0.0000870 seconds
2021-12-27T09:20:26.666+0800: 132.568: Application time: 0.0007097 seconds
2021-12-27T09:20:26.667+0800: 132.568: Application time: 0.0000462 seconds
2021-12-27T09:20:26.667+0800: 132.568: Application time: 0.0000393 seconds
2021-12-27T09:20:26.667+0800: 132.569: Application time: 0.0000576 seconds
2021-12-27T09:20:26.667+0800: 132.569: Application time: 0.0001353 seconds
2021-12-27T09:20:26.671+0800: 132.573: Application time: 0.0038675 seconds
2021-12-27T09:20:26.701+0800: 132.602: Application time: 0.0296221 seconds
2021-12-27T09:20:27.702+0800: 133.604: Application time: 1.0003334 seconds
2021-12-27T09:20:28.359+0800: 134.260: Application time: 0.6494199 seconds
{Heap before GC invocations=82 (full 3):
 par new generation   total 47936K, used 47552K [0x0000000724400000, 0x0000000727800000, 0x00000007390c0000)
  eden space 42624K, 100% used [0x0000000724400000, 0x0000000726da0000, 0x0000000726da0000)
  from space 5312K,  92% used [0x0000000726da0000, 0x00000007272703e8, 0x00000007272d0000)
  to   space 5312K,   0% used [0x00000007272d0000, 0x00000007272d0000, 0x0000000727800000)
 concurrent mark-sweep generation total 106496K, used 35660K [0x00000007390c0000, 0x000000073f8c0000, 0x00000007c0000000)
 Metaspace       used 85229K, capacity 89968K, committed 90228K, reserved 1128448K
  class space    used 11304K, capacity 12100K, committed 12152K, reserved 1048576K
2021-12-27T09:20:28.360+0800: 134.261: [GC (Allocation Failure) 2021-12-27T09:20:28.360+0800: 134.262: [ParNew: 47552K->3621K(47936K), 0.0987620 secs] 83213K->41662K(154432K), 0.1062051 secs] [Times: user=0.03 sys=0.00, real=0.11 secs] 
Heap after GC invocations=83 (full 3):
 par new generation   total 47936K, used 3621K [0x0000000724400000, 0x0000000727800000, 0x00000007390c0000)
  eden space 42624K,   0% used [0x0000000724400000, 0x0000000724400000, 0x0000000726da0000)
  from space 5312K,  68% used [0x00000007272d0000, 0x0000000727659788, 0x0000000727800000)
  to   space 5312K,   0% used [0x0000000726da0000, 0x0000000726da0000, 0x00000007272d0000)
 concurrent mark-sweep generation total 106496K, used 38040K [0x00000007390c0000, 0x000000073f8c0000, 0x00000007c0000000)
 Metaspace       used 85229K, capacity 89968K, committed 90228K, reserved 1128448K
  class space    used 11304K, capacity 12100K, committed 12152K, reserved 1048576K
}
2021-12-27T09:20:28.490+0800: 134.391: Application time: 0.0225752 seconds
2021-12-27T09:20:28.492+0800: 134.393: Application time: 0.0022192 seconds
2021-12-27T09:20:28.797+0800: 134.699: Application time: 0.3051035 seconds
2021-12-27T09:20:29.315+0800: 135.216: Application time: 0.5098284 seconds
{Heap before GC invocations=83 (full 3):
 par new generation   total 47936K, used 46245K [0x0000000724400000, 0x0000000727800000, 0x00000007390c0000)
  eden space 42624K, 100% used [0x0000000724400000, 0x0000000726da0000, 0x0000000726da0000)
  from space 5312K,  68% used [0x00000007272d0000, 0x0000000727659788, 0x0000000727800000)
  to   space 5312K,   0% used [0x0000000726da0000, 0x0000000726da0000, 0x00000007272d0000)
 concurrent mark-sweep generation total 106496K, used 38040K [0x00000007390c0000, 0x000000073f8c0000, 0x00000007c0000000)
 Metaspace       used 86016K, capacity 90768K, committed 90868K, reserved 1128448K
  class space    used 11397K, capacity 12196K, committed 12280K, reserved 1048576K
2021-12-27T09:20:29.326+0800: 135.227: [GC (Allocation Failure) 2021-12-27T09:20:29.326+0800: 135.227: [ParNew: 46245K->4541K(47936K), 0.0576883 secs] 84286K->42582K(154432K), 0.0673606 secs] [Times: user=0.03 sys=0.00, real=0.06 secs] 
Heap after GC invocations=84 (full 3):
 par new generation   total 47936K, used 4541K [0x0000000724400000, 0x0000000727800000, 0x00000007390c0000)
  eden space 42624K,   0% used [0x0000000724400000, 0x0000000724400000, 0x0000000726da0000)
  from space 5312K,  85% used [0x0000000726da0000, 0x000000072720f7f0, 0x00000007272d0000)
  to   space 5312K,   0% used [0x00000007272d0000, 0x00000007272d0000, 0x0000000727800000)
 concurrent mark-sweep generation total 106496K, used 38040K [0x00000007390c0000, 0x000000073f8c0000, 0x00000007c0000000)
 Metaspace       used 86016K, capacity 90768K, committed 90868K, reserved 1128448K
  class space    used 11397K, capacity 12196K, committed 12280K, reserved 1048576K
}
2021-12-27T09:20:30.398+0800: 136.299: Application time: 1.0038875 seconds
2021-12-27T09:20:30.858+0800: 136.759: Application time: 0.4598055 seconds
{Heap before GC invocations=84 (full 3):
 par new generation   total 47936K, used 47165K [0x0000000724400000, 0x0000000727800000, 0x00000007390c0000)
  eden space 42624K, 100% used [0x0000000724400000, 0x0000000726da0000, 0x0000000726da0000)
  from space 5312K,  85% used [0x0000000726da0000, 0x000000072720f7f0, 0x00000007272d0000)
  to   space 5312K,   0% used [0x00000007272d0000, 0x00000007272d0000, 0x0000000727800000)
 concurrent mark-sweep generation total 106496K, used 38040K [0x00000007390c0000, 0x000000073f8c0000, 0x00000007c0000000)
 Metaspace       used 86581K, capacity 91380K, committed 91508K, reserved 1128448K
  class space    used 11479K, capacity 12304K, committed 12408K, reserved 1048576K
2021-12-27T09:20:30.865+0800: 136.767: [GC (Allocation Failure) 2021-12-27T09:20:30.866+0800: 136.767: [ParNew: 47165K->4032K(47936K), 0.0796996 secs] 85206K->43944K(154432K), 0.0877033 secs] [Times: user=0.03 sys=0.00, real=0.08 secs] 
Heap after GC invocations=85 (full 3):
 par new generation   total 47936K, used 4032K [0x0000000724400000, 0x0000000727800000, 0x00000007390c0000)
  eden space 42624K,   0% used [0x0000000724400000, 0x0000000724400000, 0x0000000726da0000)
  from space 5312K,  75% used [0x00000007272d0000, 0x00000007276c00e0, 0x0000000727800000)
  to   space 5312K,   0% used [0x0000000726da0000, 0x0000000726da0000, 0x00000007272d0000)
 concurrent mark-sweep generation total 106496K, used 39912K [0x00000007390c0000, 0x000000073f8c0000, 0x00000007c0000000)
 Metaspace       used 86581K, capacity 91380K, committed 91508K, reserved 1128448K
  class space    used 11479K, capacity 12304K, committed 12408K, reserved 1048576K
}
2021-12-27T09:20:31.832+0800: 137.733: Application time: 0.8760116 seconds
2021-12-27T09:20:32.161+0800: 138.063: Application time: 0.3265915 seconds
2021-12-27T09:20:32.477+0800: 138.379: Application time: 0.3150670 seconds
{Heap before GC invocations=85 (full 3):
 par new generation   total 47936K, used 46656K [0x0000000724400000, 0x0000000727800000, 0x00000007390c0000)
  eden space 42624K, 100% used [0x0000000724400000, 0x0000000726da0000, 0x0000000726da0000)
  from space 5312K,  75% used [0x00000007272d0000, 0x00000007276c00e0, 0x0000000727800000)
  to   space 5312K,   0% used [0x0000000726da0000, 0x0000000726da0000, 0x00000007272d0000)
 concurrent mark-sweep generation total 106496K, used 39912K [0x00000007390c0000, 0x000000073f8c0000, 0x00000007c0000000)
 Metaspace       used 88098K, capacity 92910K, committed 93172K, reserved 1130496K
  class space    used 11690K, capacity 12511K, committed 12536K, reserved 1048576K
2021-12-27T09:20:32.478+0800: 138.379: [GC (Allocation Failure) 2021-12-27T09:20:32.479+0800: 138.380: [ParNew: 46656K->2536K(47936K), 0.0792988 secs] 86568K->44346K(154432K), 0.0809578 secs] [Times: user=0.04 sys=0.00, real=0.08 secs] 
Heap after GC invocations=86 (full 3):
 par new generation   total 47936K, used 2536K [0x0000000724400000, 0x0000000727800000, 0x00000007390c0000)
  eden space 42624K,   0% used [0x0000000724400000, 0x0000000724400000, 0x0000000726da0000)
  from space 5312K,  47% used [0x0000000726da0000, 0x000000072701a2e8, 0x00000007272d0000)
  to   space 5312K,   0% used [0x00000007272d0000, 0x00000007272d0000, 0x0000000727800000)
 concurrent mark-sweep generation total 106496K, used 41809K [0x00000007390c0000, 0x000000073f8c0000, 0x00000007c0000000)
 Metaspace       used 88098K, capacity 92910K, committed 93172K, reserved 1130496K
  class space    used 11690K, capacity 12511K, committed 12536K, reserved 1048576K
}
2021-12-27T09:20:32.694+0800: 138.596: Application time: 0.1337125 seconds
2021-12-27T09:20:32.710+0800: 138.612: Application time: 0.0002683 seconds
2021-12-27T09:20:32.712+0800: 138.613: Application time: 0.0009875 seconds
2021-12-27T09:20:32.712+0800: 138.613: Application time: 0.0001945 seconds
2021-12-27T09:20:32.715+0800: 138.627: Application time: 0.0115981 seconds
2021-12-27T09:20:32.727+0800: 138.629: Application time: 0.0012402 seconds
2021-12-27T09:20:32.728+0800: 138.630: Application time: 0.0005167 seconds
2021-12-27T09:20:32.849+0800: 138.751: Application time: 0.1206764 seconds
2021-12-27T09:20:32.941+0800: 138.842: Application time: 0.0622904 seconds
2021-12-27T09:20:32.974+0800: 138.875: Application time: 0.0183746 seconds
2021-12-27T09:20:32.984+0800: 138.886: Application time: 0.0103915 seconds
2021-12-27T09:20:33.102+0800: 139.003: Application time: 0.0895854 seconds
2021-12-27T09:20:33.128+0800: 139.029: Application time: 0.0005287 seconds
2021-12-27T09:20:33.733+0800: 139.635: Application time: 0.6051616 seconds
{Heap before GC invocations=86 (full 3):
 par new generation   total 47936K, used 45160K [0x0000000724400000, 0x0000000727800000, 0x00000007390c0000)
  eden space 42624K, 100% used [0x0000000724400000, 0x0000000726da0000, 0x0000000726da0000)
  from space 5312K,  47% used [0x0000000726da0000, 0x000000072701a2e8, 0x00000007272d0000)
  to   space 5312K,   0% used [0x00000007272d0000, 0x00000007272d0000, 0x0000000727800000)
 concurrent mark-sweep generation total 106496K, used 41809K [0x00000007390c0000, 0x000000073f8c0000, 0x00000007c0000000)
 Metaspace       used 89166K, capacity 94036K, committed 94068K, reserved 1130496K
  class space    used 11833K, capacity 12654K, committed 12664K, reserved 1048576K
2021-12-27T09:20:33.744+0800: 139.645: [GC (Allocation Failure) 2021-12-27T09:20:33.744+0800: 139.646: [ParNew: 45160K->4491K(47936K), 0.0350427 secs] 86970K->46301K(154432K), 0.0361247 secs] [Times: user=0.02 sys=0.00, real=0.04 secs] 
Heap after GC invocations=87 (full 3):
 par new generation   total 47936K, used 4491K [0x0000000724400000, 0x0000000727800000, 0x00000007390c0000)
  eden space 42624K,   0% used [0x0000000724400000, 0x0000000724400000, 0x0000000726da0000)
  from space 5312K,  84% used [0x00000007272d0000, 0x0000000727732e68, 0x0000000727800000)
  to   space 5312K,   0% used [0x0000000726da0000, 0x0000000726da0000, 0x00000007272d0000)
 concurrent mark-sweep generation total 106496K, used 41809K [0x00000007390c0000, 0x000000073f8c0000, 0x00000007c0000000)
 Metaspace       used 89166K, capacity 94036K, committed 94068K, reserved 1130496K
  class space    used 11833K, capacity 12654K, committed 12664K, reserved 1048576K
}
2021-12-27T09:20:34.556+0800: 140.457: Application time: 0.7749469 seconds
{Heap before GC invocations=87 (full 3):
 par new generation   total 47936K, used 47115K [0x0000000724400000, 0x0000000727800000, 0x00000007390c0000)
  eden space 42624K, 100% used [0x0000000724400000, 0x0000000726da0000, 0x0000000726da0000)
  from space 5312K,  84% used [0x00000007272d0000, 0x0000000727732e68, 0x0000000727800000)
  to   space 5312K,   0% used [0x0000000726da0000, 0x0000000726da0000, 0x00000007272d0000)
 concurrent mark-sweep generation total 106496K, used 41809K [0x00000007390c0000, 0x000000073f8c0000, 0x00000007c0000000)
 Metaspace       used 89684K, capacity 94656K, committed 94708K, reserved 1130496K
  class space    used 11912K, capacity 12752K, committed 12792K, reserved 1048576K
2021-12-27T09:20:34.560+0800: 140.461: [GC (Allocation Failure) 2021-12-27T09:20:34.560+0800: 140.461: [ParNew: 47115K->3202K(47936K), 0.0860972 secs] 88925K->48021K(154432K), 0.0871065 secs] [Times: user=0.04 sys=0.00, real=0.09 secs] 
Heap after GC invocations=88 (full 3):
 par new generation   total 47936K, used 3202K [0x0000000724400000, 0x0000000727800000, 0x00000007390c0000)
  eden space 42624K,   0% used [0x0000000724400000, 0x0000000724400000, 0x0000000726da0000)
  from space 5312K,  60% used [0x0000000726da0000, 0x00000007270c0950, 0x00000007272d0000)
  to   space 5312K,   0% used [0x00000007272d0000, 0x00000007272d0000, 0x0000000727800000)
 concurrent mark-sweep generation total 106496K, used 44818K [0x00000007390c0000, 0x000000073f8c0000, 0x00000007c0000000)
 Metaspace       used 89684K, capacity 94656K, committed 94708K, reserved 1130496K
  class space    used 11912K, capacity 12752K, committed 12792K, reserved 1048576K
}
2021-12-27T09:20:35.029+0800: 140.930: Application time: 0.3814909 seconds
2021-12-27T09:20:35.030+0800: 140.931: Application time: 0.0000971 seconds
2021-12-27T09:20:35.060+0800: 140.961: Application time: 0.0250802 seconds
2021-12-27T09:20:35.084+0800: 140.986: Application time: 0.0010846 seconds
2021-12-27T09:20:35.088+0800: 140.990: Application time: 0.0025119 seconds
2021-12-27T09:20:35.128+0800: 141.030: Application time: 0.0391424 seconds
2021-12-27T09:20:35.149+0800: 141.050: Application time: 0.0050805 seconds
2021-12-27T09:20:35.338+0800: 141.239: Application time: 0.1893260 seconds
2021-12-27T09:20:35.348+0800: 141.249: Application time: 0.0099126 seconds
2021-12-27T09:20:35.412+0800: 141.313: Application time: 0.0636898 seconds
2021-12-27T09:20:35.452+0800: 141.353: Application time: 0.0398848 seconds
2021-12-27T09:20:35.599+0800: 141.500: Application time: 0.1458313 seconds
2021-12-27T09:20:35.603+0800: 141.505: Application time: 0.0038549 seconds
2021-12-27T09:20:35.607+0800: 141.508: Application time: 0.0037229 seconds
2021-12-27T09:20:35.668+0800: 141.569: Application time: 0.0609102 seconds
{Heap before GC invocations=88 (full 3):
 par new generation   total 47936K, used 45826K [0x0000000724400000, 0x0000000727800000, 0x00000007390c0000)
  eden space 42624K, 100% used [0x0000000724400000, 0x0000000726da0000, 0x0000000726da0000)
  from space 5312K,  60% used [0x0000000726da0000, 0x00000007270c0950, 0x00000007272d0000)
  to   space 5312K,   0% used [0x00000007272d0000, 0x00000007272d0000, 0x0000000727800000)
 concurrent mark-sweep generation total 106496K, used 44818K [0x00000007390c0000, 0x000000073f8c0000, 0x00000007c0000000)
 Metaspace       used 91311K, capacity 96258K, committed 96500K, reserved 1132544K
  class space    used 12114K, capacity 12945K, committed 13048K, reserved 1048576K
2021-12-27T09:20:35.669+0800: 141.570: [GC (Allocation Failure) 2021-12-27T09:20:35.669+0800: 141.571: [ParNew: 45826K->1749K(47936K), 0.0321084 secs] 90645K->46568K(154432K), 0.0332590 secs] [Times: user=0.02 sys=0.00, real=0.03 secs] 
Heap after GC invocations=89 (full 3):
 par new generation   total 47936K, used 1749K [0x0000000724400000, 0x0000000727800000, 0x00000007390c0000)
  eden space 42624K,   0% used [0x0000000724400000, 0x0000000724400000, 0x0000000726da0000)
  from space 5312K,  32% used [0x00000007272d0000, 0x0000000727485658, 0x0000000727800000)
  to   space 5312K,   0% used [0x0000000726da0000, 0x0000000726da0000, 0x00000007272d0000)
 concurrent mark-sweep generation total 106496K, used 44818K [0x00000007390c0000, 0x000000073f8c0000, 0x00000007c0000000)
 Metaspace       used 91311K, capacity 96258K, committed 96500K, reserved 1132544K
  class space    used 12114K, capacity 12945K, committed 13048K, reserved 1048576K
}
2021-12-27T09:20:35.705+0800: 141.607: Application time: 0.0023000 seconds
2021-12-27T09:20:35.707+0800: 141.609: Application time: 0.0018094 seconds
2021-12-27T09:20:35.710+0800: 141.611: Application time: 0.0025635 seconds
2021-12-27T09:20:35.756+0800: 141.657: Application time: 0.0460156 seconds
2021-12-27T09:20:35.824+0800: 141.726: Application time: 0.0684834 seconds
2021-12-27T09:20:35.831+0800: 141.732: Application time: 0.0057780 seconds
2021-12-27T09:20:35.833+0800: 141.734: Application time: 0.0018184 seconds
2021-12-27T09:20:35.835+0800: 141.736: Application time: 0.0018641 seconds
2021-12-27T09:20:35.914+0800: 141.815: Application time: 0.0788361 seconds
2021-12-27T09:20:35.930+0800: 141.831: Application time: 0.0147175 seconds
2021-12-27T09:20:35.933+0800: 141.835: Application time: 0.0031801 seconds
2021-12-27T09:20:35.936+0800: 141.837: Application time: 0.0027004 seconds
2021-12-27T09:20:35.938+0800: 141.839: Application time: 0.0014876 seconds
2021-12-27T09:20:35.960+0800: 141.862: Application time: 0.0223277 seconds
2021-12-27T09:20:36.050+0800: 141.951: Application time: 0.0893399 seconds
2021-12-27T09:20:36.196+0800: 142.097: Application time: 0.1456433 seconds
2021-12-27T09:20:36.202+0800: 142.104: Application time: 0.0011786 seconds
2021-12-27T09:20:36.477+0800: 142.379: Application time: 0.2742574 seconds
2021-12-27T09:20:36.478+0800: 142.380: Application time: 0.0010122 seconds
2021-12-27T09:20:36.528+0800: 142.430: Application time: 0.0491674 seconds
2021-12-27T09:20:36.534+0800: 142.435: Application time: 0.0058573 seconds
2021-12-27T09:20:36.539+0800: 142.440: Application time: 0.0045397 seconds
2021-12-27T09:20:36.540+0800: 142.441: Application time: 0.0005634 seconds
2021-12-27T09:20:36.541+0800: 142.442: Application time: 0.0012638 seconds
2021-12-27T09:20:36.541+0800: 142.443: Application time: 0.0001224 seconds
2021-12-27T09:20:36.542+0800: 142.443: Application time: 0.0001678 seconds
2021-12-27T09:20:36.542+0800: 142.443: Application time: 0.0001902 seconds
2021-12-27T09:20:36.543+0800: 142.444: Application time: 0.0009655 seconds
2021-12-27T09:20:36.543+0800: 142.445: Application time: 0.0003420 seconds
2021-12-27T09:20:36.546+0800: 142.447: Application time: 0.0021761 seconds
2021-12-27T09:20:36.546+0800: 142.448: Application time: 0.0003496 seconds
2021-12-27T09:20:36.547+0800: 142.448: Application time: 0.0001877 seconds
2021-12-27T09:20:36.548+0800: 142.452: Application time: 0.0033266 seconds
2021-12-27T09:20:36.551+0800: 142.452: Application time: 0.0006855 seconds
2021-12-27T09:20:36.630+0800: 142.531: Application time: 0.0783754 seconds
2021-12-27T09:20:36.637+0800: 142.539: Application time: 0.0074975 seconds
2021-12-27T09:20:36.637+0800: 142.539: Application time: 0.0001705 seconds
2021-12-27T09:20:36.641+0800: 142.542: Application time: 0.0035407 seconds
2021-12-27T09:20:36.643+0800: 142.544: Application time: 0.0017253 seconds
2021-12-27T09:20:36.647+0800: 142.548: Application time: 0.0041079 seconds
2021-12-27T09:20:36.649+0800: 142.550: Application time: 0.0017663 seconds
2021-12-27T09:20:36.651+0800: 142.552: Application time: 0.0018168 seconds
2021-12-27T09:20:36.653+0800: 142.554: Application time: 0.0019441 seconds
2021-12-27T09:20:36.655+0800: 142.557: Application time: 0.0019303 seconds
2021-12-27T09:20:36.655+0800: 142.557: Application time: 0.0001337 seconds
2021-12-27T09:20:36.655+0800: 142.557: Application time: 0.0000907 seconds
2021-12-27T09:20:36.656+0800: 142.558: Application time: 0.0014602 seconds
2021-12-27T09:20:36.657+0800: 142.559: Application time: 0.0001468 seconds
2021-12-27T09:20:36.659+0800: 142.560: Application time: 0.0016607 seconds
2021-12-27T09:20:36.726+0800: 142.627: Application time: 0.0670175 seconds
2021-12-27T09:20:36.727+0800: 142.628: Application time: 0.0000736 seconds
2021-12-27T09:20:36.730+0800: 142.631: Application time: 0.0016957 seconds
2021-12-27T09:20:36.730+0800: 142.632: Application time: 0.0001059 seconds
2021-12-27T09:20:36.740+0800: 142.641: Application time: 0.0095737 seconds
2021-12-27T09:20:36.747+0800: 142.648: Application time: 0.0025687 seconds
2021-12-27T09:20:36.749+0800: 142.650: Application time: 0.0010726 seconds
2021-12-27T09:20:36.764+0800: 142.665: Application time: 0.0019391 seconds
2021-12-27T09:20:36.769+0800: 142.670: Application time: 0.0003647 seconds
2021-12-27T09:20:36.769+0800: 142.670: Application time: 0.0001815 seconds
2021-12-27T09:20:36.769+0800: 142.671: Application time: 0.0001749 seconds
2021-12-27T09:20:36.814+0800: 142.717: Application time: 0.0463543 seconds
{Heap before GC invocations=89 (full 3):
 par new generation   total 47936K, used 44373K [0x0000000724400000, 0x0000000727800000, 0x00000007390c0000)
  eden space 42624K, 100% used [0x0000000724400000, 0x0000000726da0000, 0x0000000726da0000)
  from space 5312K,  32% used [0x00000007272d0000, 0x0000000727485658, 0x0000000727800000)
  to   space 5312K,   0% used [0x0000000726da0000, 0x0000000726da0000, 0x00000007272d0000)
 concurrent mark-sweep generation total 106496K, used 44818K [0x00000007390c0000, 0x000000073f8c0000, 0x00000007c0000000)
 Metaspace       used 92511K, capacity 97484K, committed 97652K, reserved 1134592K
  class space    used 12267K, capacity 13106K, committed 13176K, reserved 1048576K
2021-12-27T09:20:36.816+0800: 142.717: [GC (Allocation Failure) 2021-12-27T09:20:36.818+0800: 142.719: [ParNew: 44373K->2050K(47936K), 0.0323127 secs] 89192K->46869K(154432K), 0.0345716 secs] [Times: user=0.02 sys=0.00, real=0.03 secs] 
Heap after GC invocations=90 (full 3):
 par new generation   total 47936K, used 2050K [0x0000000724400000, 0x0000000727800000, 0x00000007390c0000)
  eden space 42624K,   0% used [0x0000000724400000, 0x0000000724400000, 0x0000000726da0000)
  from space 5312K,  38% used [0x0000000726da0000, 0x0000000726fa0870, 0x00000007272d0000)
  to   space 5312K,   0% used [0x00000007272d0000, 0x00000007272d0000, 0x0000000727800000)
 concurrent mark-sweep generation total 106496K, used 44818K [0x00000007390c0000, 0x000000073f8c0000, 0x00000007c0000000)
 Metaspace       used 92511K, capacity 97484K, committed 97652K, reserved 1134592K
  class space    used 12267K, capacity 13106K, committed 13176K, reserved 1048576K
}
2021-12-27T09:20:37.021+0800: 142.946: Application time: 0.1930414 seconds
2021-12-27T09:20:37.022+0800: 142.946: Application time: 0.0002297 seconds
2021-12-27T09:20:37.024+0800: 142.949: Application time: 0.0002118 seconds
2021-12-27T09:20:37.026+0800: 142.950: Application time: 0.0011997 seconds
2021-12-27T09:20:37.028+0800: 142.953: Application time: 0.0018092 seconds
2021-12-27T09:20:37.032+0800: 142.957: Application time: 0.0002283 seconds
2021-12-27T09:20:37.033+0800: 142.957: Application time: 0.0001942 seconds
2021-12-27T09:20:37.033+0800: 142.958: Application time: 0.0006546 seconds
2021-12-27T09:20:37.035+0800: 142.959: Application time: 0.0016402 seconds
2021-12-27T09:20:37.037+0800: 142.961: Application time: 0.0018084 seconds
2021-12-27T09:20:37.039+0800: 142.963: Application time: 0.0020687 seconds
2021-12-27T09:20:37.042+0800: 142.966: Application time: 0.0005929 seconds
2021-12-27T09:20:37.043+0800: 142.967: Application time: 0.0000731 seconds
2021-12-27T09:20:37.043+0800: 142.968: Application time: 0.0000652 seconds
2021-12-27T09:20:37.054+0800: 142.979: Application time: 0.0107838 seconds
2021-12-27T09:20:37.092+0800: 143.017: Application time: 0.0378217 seconds
2021-12-27T09:20:37.093+0800: 143.017: Application time: 0.0004370 seconds
2021-12-27T09:20:38.094+0800: 144.018: Application time: 1.0008349 seconds
2021-12-27T09:20:39.094+0800: 145.020: Application time: 1.0008960 seconds
2021-12-27T09:20:40.096+0800: 146.020: Application time: 1.0005019 seconds
2021-12-27T09:20:40.861+0800: 146.785: Application time: 0.7649409 seconds
2021-12-27T09:20:40.876+0800: 146.800: Application time: 0.0147816 seconds
2021-12-27T09:20:41.877+0800: 147.801: Application time: 1.0002742 seconds
2021-12-27T09:20:42.878+0800: 148.803: Application time: 1.0014264 seconds
2021-12-27T09:20:43.880+0800: 149.805: Application time: 1.0014895 seconds
2021-12-27T09:20:44.882+0800: 150.806: Application time: 1.0014695 seconds
2021-12-27T09:20:45.883+0800: 151.808: Application time: 1.0011042 seconds
2021-12-27T09:20:46.884+0800: 152.808: Application time: 1.0004243 seconds
2021-12-27T09:20:47.884+0800: 153.809: Application time: 1.0006578 seconds
2021-12-27T09:20:48.886+0800: 154.810: Application time: 1.0012586 seconds
2021-12-27T09:20:49.886+0800: 155.811: Application time: 1.0003333 seconds
2021-12-27T09:20:50.887+0800: 156.812: Application time: 1.0006214 seconds
2021-12-27T09:20:51.889+0800: 157.815: Application time: 1.0033715 seconds
2021-12-27T09:20:52.893+0800: 158.817: Application time: 1.0017495 seconds
2021-12-27T09:20:54.895+0800: 160.819: Application time: 2.0017900 seconds
2021-12-27T09:20:55.896+0800: 161.820: Application time: 1.0009461 seconds
2021-12-27T09:20:56.896+0800: 162.821: Application time: 1.0004097 seconds
2021-12-27T09:20:57.897+0800: 163.821: Application time: 1.0002207 seconds
2021-12-27T09:20:58.897+0800: 164.822: Application time: 1.0003056 seconds
2021-12-27T09:20:59.898+0800: 165.822: Application time: 1.0004285 seconds
2021-12-27T09:21:00.005+0800: 165.930: Application time: 0.1072418 seconds
2021-12-27T09:21:00.006+0800: 165.930: Application time: 0.0001807 seconds
2021-12-27T09:21:00.006+0800: 165.930: Application time: 0.0000995 seconds
2021-12-27T09:21:00.006+0800: 165.931: Application time: 0.0004774 seconds
2021-12-27T09:21:00.007+0800: 165.931: Application time: 0.0001400 seconds
2021-12-27T09:21:00.007+0800: 165.931: Application time: 0.0001414 seconds
2021-12-27T09:21:00.007+0800: 165.932: Application time: 0.0007478 seconds
2021-12-27T09:21:00.008+0800: 165.933: Application time: 0.0002085 seconds
2021-12-27T09:21:00.008+0800: 165.933: Application time: 0.0000919 seconds
2021-12-27T09:21:00.008+0800: 165.933: Application time: 0.0002269 seconds
2021-12-27T09:21:00.009+0800: 165.933: Application time: 0.0002057 seconds
2021-12-27T09:21:00.009+0800: 165.933: Application time: 0.0001050 seconds
2021-12-27T09:21:00.009+0800: 165.934: Application time: 0.0002279 seconds
2021-12-27T09:21:00.009+0800: 165.934: Application time: 0.0002041 seconds
2021-12-27T09:21:00.010+0800: 165.934: Application time: 0.0001967 seconds
2021-12-27T09:21:00.010+0800: 165.935: Application time: 0.0002417 seconds
2021-12-27T09:21:00.010+0800: 165.935: Application time: 0.0000987 seconds
2021-12-27T09:21:00.011+0800: 165.935: Application time: 0.0003846 seconds
2021-12-27T09:21:00.011+0800: 165.936: Application time: 0.0003237 seconds
2021-12-27T09:21:00.011+0800: 165.936: Application time: 0.0002076 seconds
2021-12-27T09:21:01.012+0800: 166.937: Application time: 1.0011049 seconds
2021-12-27T09:21:01.201+0800: 167.125: Application time: 0.1876013 seconds
2021-12-27T09:21:02.201+0800: 168.126: Application time: 1.0001229 seconds
2021-12-27T09:21:03.199+0800: 169.124: Application time: 0.9978154 seconds
{Heap before GC invocations=90 (full 3):
 par new generation   total 47936K, used 44674K [0x0000000724400000, 0x0000000727800000, 0x00000007390c0000)
  eden space 42624K,  99% used [0x0000000724400000, 0x0000000726d9ffe0, 0x0000000726da0000)
  from space 5312K,  38% used [0x0000000726da0000, 0x0000000726fa0870, 0x00000007272d0000)
  to   space 5312K,   0% used [0x00000007272d0000, 0x00000007272d0000, 0x0000000727800000)
 concurrent mark-sweep generation total 106496K, used 44818K [0x00000007390c0000, 0x000000073f8c0000, 0x00000007c0000000)
 Metaspace       used 93667K, capacity 98766K, committed 99060K, reserved 1134592K
  class space    used 12409K, capacity 13261K, committed 13304K, reserved 1048576K
2021-12-27T09:21:03.199+0800: 169.124: [GC (Allocation Failure) 2021-12-27T09:21:03.201+0800: 169.125: [ParNew: 44674K->2366K(47936K), 0.0064757 secs] 89492K->47185K(154432K), 0.0082835 secs] [Times: user=0.01 sys=0.00, real=0.01 secs] 
Heap after GC invocations=91 (full 3):
 par new generation   total 47936K, used 2366K [0x0000000724400000, 0x0000000727800000, 0x00000007390c0000)
  eden space 42624K,   0% used [0x0000000724400000, 0x0000000724400000, 0x0000000726da0000)
  from space 5312K,  44% used [0x00000007272d0000, 0x000000072751f988, 0x0000000727800000)
  to   space 5312K,   0% used [0x0000000726da0000, 0x0000000726da0000, 0x00000007272d0000)
 concurrent mark-sweep generation total 106496K, used 44818K [0x00000007390c0000, 0x000000073f8c0000, 0x00000007c0000000)
 Metaspace       used 93667K, capacity 98766K, committed 99060K, reserved 1134592K
  class space    used 12409K, capacity 13261K, committed 13304K, reserved 1048576K
}
2021-12-27T09:21:04.210+0800: 170.134: Application time: 1.0005243 seconds
2021-12-27T09:21:07.187+0800: 173.135: Application time: 3.0008575 seconds
2021-12-27T09:21:08.188+0800: 174.136: Application time: 1.0004380 seconds
2021-12-27T09:21:09.189+0800: 175.136: Application time: 1.0007047 seconds
2021-12-27T09:21:10.189+0800: 176.137: Application time: 1.0005304 seconds
2021-12-27T09:21:11.190+0800: 177.138: Application time: 1.0003329 seconds
2021-12-27T09:21:12.190+0800: 178.138: Application time: 1.0002862 seconds
2021-12-27T09:21:13.192+0800: 179.140: Application time: 1.0014051 seconds
2021-12-27T09:21:14.193+0800: 180.140: Application time: 1.0003315 seconds
2021-12-27T09:21:15.193+0800: 181.141: Application time: 1.0002738 seconds
2021-12-27T09:21:16.193+0800: 182.141: Application time: 1.0003310 seconds
2021-12-27T09:21:17.194+0800: 183.142: Application time: 1.0003282 seconds
2021-12-27T09:21:18.195+0800: 184.142: Application time: 1.0004118 seconds
2021-12-27T09:21:19.195+0800: 185.143: Application time: 1.0001333 seconds
2021-12-27T09:21:20.196+0800: 186.143: Application time: 1.0006674 seconds
2021-12-27T09:21:21.196+0800: 187.144: Application time: 1.0001406 seconds
2021-12-27T09:21:21.977+0800: 187.924: Application time: 0.7804416 seconds
2021-12-27T09:21:22.977+0800: 188.925: Application time: 1.0002245 seconds
2021-12-27T09:21:25.978+0800: 191.927: Application time: 3.0023812 seconds
2021-12-27T09:21:31.193+0800: 197.140: Application time: 5.2129332 seconds
2021-12-27T09:21:31.195+0800: 197.143: Application time: 0.0008469 seconds
2021-12-27T09:21:31.205+0800: 197.153: Application time: 0.0089561 seconds
2021-12-27T09:21:31.207+0800: 197.155: Application time: 0.0007421 seconds
2021-12-27T09:21:31.209+0800: 197.157: Application time: 0.0008211 seconds
2021-12-27T09:21:31.218+0800: 197.165: Application time: 0.0076901 seconds
2021-12-27T09:21:31.218+0800: 197.166: Application time: 0.0000648 seconds
2021-12-27T09:21:31.825+0800: 197.773: Application time: 0.6065739 seconds
2021-12-27T09:21:31.825+0800: 197.773: Application time: 0.0003488 seconds
2021-12-27T09:21:32.827+0800: 198.774: Application time: 1.0012695 seconds
2021-12-27T09:21:33.830+0800: 199.777: Application time: 1.0026711 seconds
2021-12-27T09:21:34.832+0800: 200.780: Application time: 1.0021718 seconds
2021-12-27T09:21:35.834+0800: 201.782: Application time: 1.0021055 seconds
2021-12-27T09:21:36.382+0800: 202.330: Application time: 0.5481219 seconds
2021-12-27T09:21:36.385+0800: 202.333: Application time: 0.0020579 seconds
2021-12-27T09:21:36.387+0800: 202.335: Application time: 0.0012543 seconds
2021-12-27T09:21:37.365+0800: 203.336: Application time: 1.0006857 seconds
2021-12-27T09:21:40.366+0800: 206.337: Application time: 3.0012858 seconds
2021-12-27T09:21:41.367+0800: 207.338: Application time: 1.0008229 seconds
2021-12-27T09:21:42.368+0800: 208.339: Application time: 1.0005319 seconds
2021-12-27T09:21:43.369+0800: 209.339: Application time: 1.0001858 seconds
2021-12-27T09:21:46.370+0800: 212.341: Application time: 3.0011927 seconds
2021-12-27T09:21:47.370+0800: 213.341: Application time: 1.0002918 seconds
2021-12-27T09:21:48.371+0800: 214.342: Application time: 1.0002643 seconds
2021-12-27T09:21:50.372+0800: 216.342: Application time: 2.0007647 seconds
2021-12-27T09:21:51.372+0800: 217.343: Application time: 1.0002256 seconds
2021-12-27T09:21:52.374+0800: 218.345: Application time: 1.0017410 seconds
2021-12-27T09:21:53.374+0800: 219.346: Application time: 1.0011645 seconds
2021-12-27T09:21:57.379+0800: 223.350: Application time: 4.0034027 seconds
2021-12-27T09:21:58.380+0800: 224.351: Application time: 1.0008449 seconds
2021-12-27T09:22:00.382+0800: 226.352: Application time: 2.0016498 seconds
2021-12-27T09:22:01.382+0800: 227.353: Application time: 1.0000694 seconds
2021-12-27T09:22:02.382+0800: 228.353: Application time: 1.0001936 seconds
2021-12-27T09:22:04.384+0800: 230.355: Application time: 2.0012273 seconds
2021-12-27T09:22:06.367+0800: 232.338: Application time: 1.9828216 seconds
2021-12-27T09:22:07.346+0800: 233.340: Application time: 1.0018740 seconds
2021-12-27T09:22:10.347+0800: 236.341: Application time: 3.0005838 seconds
2021-12-27T09:22:11.347+0800: 237.342: Application time: 1.0003799 seconds
2021-12-27T09:22:16.350+0800: 242.344: Application time: 5.0022341 seconds
2021-12-27T09:22:17.351+0800: 243.346: Application time: 1.0014071 seconds
2021-12-27T09:22:19.354+0800: 245.348: Application time: 2.0020664 seconds
2021-12-27T09:22:21.355+0800: 247.350: Application time: 2.0021216 seconds
2021-12-27T09:22:23.357+0800: 249.351: Application time: 2.0007871 seconds
2021-12-27T09:22:24.358+0800: 250.352: Application time: 1.0009646 seconds
2021-12-27T09:22:25.360+0800: 251.354: Application time: 1.0015926 seconds
2021-12-27T09:22:28.362+0800: 254.356: Application time: 3.0015403 seconds
2021-12-27T09:22:29.362+0800: 255.356: Application time: 1.0003394 seconds
2021-12-27T09:22:31.363+0800: 257.357: Application time: 2.0002802 seconds
2021-12-27T09:22:36.365+0800: 262.359: Application time: 5.0026290 seconds
2021-12-27T09:22:37.344+0800: 263.361: Application time: 1.0018178 seconds
2021-12-27T09:22:41.343+0800: 267.361: Application time: 3.9991636 seconds
2021-12-27T09:22:41.344+0800: 267.361: Application time: 0.0004971 seconds
2021-12-27T09:22:42.345+0800: 268.362: Application time: 1.0004566 seconds
2021-12-27T09:22:43.347+0800: 269.364: Application time: 1.0016696 seconds
2021-12-27T09:22:44.348+0800: 270.365: Application time: 1.0005968 seconds
2021-12-27T09:22:50.356+0800: 276.375: Application time: 6.0093758 seconds
2021-12-27T09:22:51.363+0800: 277.380: Application time: 1.0048164 seconds
2021-12-27T09:22:53.366+0800: 279.384: Application time: 2.0035480 seconds
2021-12-27T09:22:54.367+0800: 280.384: Application time: 1.0004007 seconds
2021-12-27T09:22:55.371+0800: 281.389: Application time: 1.0041593 seconds
2021-12-27T09:22:57.372+0800: 283.389: Application time: 2.0003909 seconds
2021-12-27T09:23:01.376+0800: 287.393: Application time: 4.0036054 seconds
2021-12-27T09:23:02.379+0800: 288.396: Application time: 1.0029231 seconds
2021-12-27T09:23:04.384+0800: 290.401: Application time: 2.0048022 seconds
2021-12-27T09:23:05.386+0800: 291.403: Application time: 1.0011660 seconds
2021-12-27T09:23:06.388+0800: 292.405: Application time: 1.0019449 seconds
2021-12-27T09:23:07.365+0800: 293.405: Application time: 1.0001923 seconds
2021-12-27T09:23:10.367+0800: 296.407: Application time: 3.0016372 seconds
2021-12-27T09:23:11.367+0800: 297.408: Application time: 1.0004669 seconds
2021-12-27T09:23:12.370+0800: 298.411: Application time: 1.0029022 seconds
2021-12-27T09:23:13.371+0800: 299.411: Application time: 1.0004034 seconds
2021-12-27T09:23:14.371+0800: 300.412: Application time: 1.0002028 seconds
2021-12-27T09:23:15.375+0800: 301.415: Application time: 1.0028954 seconds
2021-12-27T09:23:16.375+0800: 302.415: Application time: 1.0002886 seconds
2021-12-27T09:23:21.381+0800: 307.421: Application time: 5.0058892 seconds
2021-12-27T09:23:23.382+0800: 309.423: Application time: 2.0010531 seconds
2021-12-27T09:23:24.384+0800: 310.424: Application time: 1.0009918 seconds
2021-12-27T09:23:25.384+0800: 311.424: Application time: 1.0005350 seconds
2021-12-27T09:23:27.388+0800: 313.428: Application time: 2.0038061 seconds
2021-12-27T09:23:29.396+0800: 315.436: Application time: 2.0077150 seconds
2021-12-27T09:23:31.402+0800: 317.443: Application time: 2.0060456 seconds
2021-12-27T09:23:33.414+0800: 319.454: Application time: 2.0113756 seconds
2021-12-27T09:23:36.329+0800: 322.369: Application time: 2.9148390 seconds
2021-12-27T09:23:37.309+0800: 323.371: Application time: 1.0013573 seconds
2021-12-27T09:23:40.312+0800: 326.373: Application time: 3.0014030 seconds
2021-12-27T09:23:47.325+0800: 333.386: Application time: 7.0127826 seconds
2021-12-27T09:23:48.329+0800: 334.390: Application time: 1.0043731 seconds
2021-12-27T09:23:52.340+0800: 338.401: Application time: 4.0102950 seconds
2021-12-27T09:23:53.340+0800: 339.402: Application time: 1.0004678 seconds
2021-12-27T09:23:55.344+0800: 341.405: Application time: 2.0030500 seconds
2021-12-27T09:23:56.348+0800: 342.409: Application time: 1.0043348 seconds
2021-12-27T09:24:00.350+0800: 346.411: Application time: 4.0017354 seconds
2021-12-27T09:24:01.351+0800: 347.412: Application time: 1.0000855 seconds
2021-12-27T09:24:02.351+0800: 348.412: Application time: 1.0001757 seconds
2021-12-27T09:24:03.353+0800: 349.414: Application time: 1.0017322 seconds
2021-12-27T09:24:06.356+0800: 352.417: Application time: 3.0026383 seconds
2021-12-27T09:24:07.331+0800: 353.417: Application time: 1.0005560 seconds
2021-12-27T09:24:10.335+0800: 356.422: Application time: 3.0040885 seconds
2021-12-27T09:24:17.338+0800: 363.425: Application time: 7.0027726 seconds
2021-12-27T09:24:18.339+0800: 364.426: Application time: 1.0002295 seconds
2021-12-27T09:24:19.341+0800: 365.428: Application time: 1.0017332 seconds
2021-12-27T09:24:20.343+0800: 366.430: Application time: 1.0020062 seconds
2021-12-27T09:24:21.345+0800: 367.432: Application time: 1.0021925 seconds
2021-12-27T09:24:26.349+0800: 372.436: Application time: 5.0032201 seconds
2021-12-27T09:24:27.350+0800: 373.436: Application time: 1.0004211 seconds
2021-12-27T09:24:27.736+0800: 373.823: Application time: 0.3859688 seconds
2021-12-27T09:24:27.737+0800: 373.824: Application time: 0.0010001 seconds
2021-12-27T09:24:30.016+0800: 376.102: Application time: 2.2785362 seconds
2021-12-27T09:24:31.017+0800: 377.104: Application time: 1.0008993 seconds
2021-12-27T09:24:31.120+0800: 377.207: Application time: 0.1026670 seconds
2021-12-27T09:24:32.121+0800: 378.207: Application time: 1.0001571 seconds
2021-12-27T09:24:35.139+0800: 381.227: Application time: 3.0190800 seconds
2021-12-27T09:24:37.118+0800: 383.228: Application time: 2.0007514 seconds
2021-12-27T09:24:40.121+0800: 386.231: Application time: 3.0028180 seconds
2021-12-27T09:24:43.125+0800: 389.235: Application time: 3.0037947 seconds
2021-12-27T09:24:52.143+0800: 398.252: Application time: 9.0176790 seconds
2021-12-27T09:24:58.158+0800: 404.268: Application time: 6.0154456 seconds
2021-12-27T09:25:01.162+0800: 407.272: Application time: 3.0039951 seconds
2021-12-27T09:25:07.150+0800: 413.283: Application time: 6.0108824 seconds
2021-12-27T09:25:15.158+0800: 421.291: Application time: 8.0072713 seconds
2021-12-27T09:25:17.161+0800: 423.294: Application time: 2.0029332 seconds
2021-12-27T09:25:18.163+0800: 424.296: Application time: 1.0021135 seconds
2021-12-27T09:25:19.167+0800: 425.300: Application time: 1.0031278 seconds
2021-12-27T09:25:20.167+0800: 426.300: Application time: 1.0003640 seconds
2021-12-27T09:25:22.171+0800: 428.304: Application time: 2.0034175 seconds
2021-12-27T09:25:31.185+0800: 437.319: Application time: 9.0148813 seconds
2021-12-27T09:25:34.191+0800: 440.325: Application time: 3.0054295 seconds
2021-12-27T09:25:37.170+0800: 443.326: Application time: 3.0011822 seconds
2021-12-27T09:25:41.173+0800: 447.329: Application time: 4.0026886 seconds
2021-12-27T09:25:45.178+0800: 451.334: Application time: 4.0050978 seconds
2021-12-27T09:25:50.182+0800: 456.338: Application time: 5.0039798 seconds
2021-12-27T09:25:53.010+0800: 459.167: Application time: 2.8280351 seconds
{Heap before GC invocations=91 (full 3):
 par new generation   total 47936K, used 44990K [0x0000000724400000, 0x0000000727800000, 0x00000007390c0000)
  eden space 42624K, 100% used [0x0000000724400000, 0x0000000726da0000, 0x0000000726da0000)
  from space 5312K,  44% used [0x00000007272d0000, 0x000000072751f988, 0x0000000727800000)
  to   space 5312K,   0% used [0x0000000726da0000, 0x0000000726da0000, 0x00000007272d0000)
 concurrent mark-sweep generation total 106496K, used 44818K [0x00000007390c0000, 0x000000073f8c0000, 0x00000007c0000000)
 Metaspace       used 94778K, capacity 99914K, committed 100212K, reserved 1136640K
  class space    used 12428K, capacity 13317K, committed 13432K, reserved 1048576K
2021-12-27T09:25:53.013+0800: 459.169: [GC (Allocation Failure) 2021-12-27T09:25:53.013+0800: 459.169: [ParNew: 44990K->2809K(47936K), 0.0057632 secs] 89809K->47628K(154432K), 0.0066373 secs] [Times: user=0.01 sys=0.00, real=0.00 secs] 
Heap after GC invocations=92 (full 3):
 par new generation   total 47936K, used 2809K [0x0000000724400000, 0x0000000727800000, 0x00000007390c0000)
  eden space 42624K,   0% used [0x0000000724400000, 0x0000000724400000, 0x0000000726da0000)
  from space 5312K,  52% used [0x0000000726da0000, 0x000000072705e500, 0x00000007272d0000)
  to   space 5312K,   0% used [0x00000007272d0000, 0x00000007272d0000, 0x0000000727800000)
 concurrent mark-sweep generation total 106496K, used 44818K [0x00000007390c0000, 0x000000073f8c0000, 0x00000007c0000000)
 Metaspace       used 94778K, capacity 99914K, committed 100212K, reserved 1136640K
  class space    used 12428K, capacity 13317K, committed 13432K, reserved 1048576K
}
2021-12-27T09:25:54.022+0800: 460.178: Application time: 1.0023675 seconds
2021-12-27T09:25:58.027+0800: 464.183: Application time: 4.0045305 seconds
2021-12-27T09:26:00.028+0800: 466.184: Application time: 2.0003952 seconds
2021-12-27T09:26:01.032+0800: 467.188: Application time: 1.0041581 seconds
2021-12-27T09:26:02.033+0800: 468.189: Application time: 1.0006936 seconds
2021-12-27T09:26:07.017+0800: 473.196: Application time: 5.0067426 seconds
2021-12-27T09:26:10.030+0800: 476.210: Application time: 3.0131780 seconds
2021-12-27T09:26:11.037+0800: 477.217: Application time: 1.0066160 seconds
2021-12-27T09:26:24.072+0800: 490.252: Application time: 13.0347767 seconds
2021-12-27T09:26:26.081+0800: 492.261: Application time: 2.0088653 seconds
2021-12-27T09:26:27.082+0800: 493.262: Application time: 1.0005814 seconds
2021-12-27T09:26:29.085+0800: 495.264: Application time: 2.0023873 seconds
2021-12-27T09:26:30.086+0800: 496.265: Application time: 1.0009505 seconds
2021-12-27T09:26:31.087+0800: 497.266: Application time: 1.0004337 seconds
2021-12-27T09:26:32.087+0800: 498.267: Application time: 1.0005641 seconds
2021-12-27T09:26:35.096+0800: 501.275: Application time: 3.0080754 seconds
2021-12-27T09:26:41.031+0800: 507.233: Application time: 5.9582832 seconds
2021-12-27T09:26:46.037+0800: 512.240: Application time: 5.0061558 seconds
2021-12-27T09:27:02.058+0800: 528.261: Application time: 16.0209706 seconds
2021-12-27T09:27:05.059+0800: 531.262: Application time: 3.0005336 seconds
2021-12-27T09:27:07.046+0800: 533.271: Application time: 2.0096307 seconds
2021-12-27T09:27:11.049+0800: 537.274: Application time: 4.0027713 seconds
2021-12-27T09:27:16.055+0800: 542.281: Application time: 5.0063377 seconds
2021-12-27T09:27:17.055+0800: 543.281: Application time: 1.0001671 seconds
2021-12-27T09:27:18.057+0800: 544.283: Application time: 1.0015529 seconds
2021-12-27T09:27:37.048+0800: 563.297: Application time: 19.0133574 seconds
2021-12-27T09:27:41.202+0800: 567.451: Application time: 4.1544331 seconds
2021-12-27T09:27:54.217+0800: 580.466: Application time: 13.0142374 seconds
2021-12-27T09:27:59.222+0800: 585.471: Application time: 5.0052082 seconds
2021-12-27T09:28:01.223+0800: 587.472: Application time: 2.0003274 seconds
2021-12-27T09:28:02.223+0800: 588.472: Application time: 1.0001255 seconds
2021-12-27T09:28:03.224+0800: 589.473: Application time: 1.0003981 seconds
2021-12-27T09:28:04.226+0800: 590.475: Application time: 1.0001883 seconds
2021-12-27T09:28:06.226+0800: 592.475: Application time: 2.0004903 seconds
2021-12-27T09:28:14.209+0800: 600.481: Application time: 8.0056639 seconds
2021-12-27T09:28:15.210+0800: 601.482: Application time: 1.0002887 seconds
2021-12-27T09:28:23.213+0800: 609.486: Application time: 8.0036280 seconds
2021-12-27T09:28:26.215+0800: 612.487: Application time: 3.0011468 seconds
2021-12-27T09:28:31.217+0800: 617.490: Application time: 5.0025267 seconds
2021-12-27T09:28:37.196+0800: 623.492: Application time: 6.0017973 seconds
2021-12-27T09:28:54.206+0800: 640.501: Application time: 17.0096284 seconds
2021-12-27T09:28:55.206+0800: 641.502: Application time: 1.0001514 seconds
2021-12-27T09:29:01.211+0800: 647.506: Application time: 6.0045132 seconds
2021-12-27T09:29:02.211+0800: 648.507: Application time: 1.0001342 seconds
2021-12-27T09:29:06.213+0800: 652.509: Application time: 4.0019745 seconds
2021-12-27T09:29:07.192+0800: 653.511: Application time: 1.0016552 seconds
2021-12-27T09:29:09.195+0800: 655.514: Application time: 2.0007955 seconds
2021-12-27T09:29:11.196+0800: 657.515: Application time: 2.0006591 seconds
2021-12-27T09:29:13.198+0800: 659.517: Application time: 2.0019956 seconds
2021-12-27T09:29:14.203+0800: 660.521: Application time: 1.0042184 seconds
2021-12-27T09:29:16.204+0800: 662.522: Application time: 2.0005502 seconds
2021-12-27T09:29:18.205+0800: 664.524: Application time: 2.0014437 seconds
2021-12-27T09:29:29.229+0800: 675.547: Application time: 11.0233131 seconds
2021-12-27T09:29:31.230+0800: 677.549: Application time: 2.0011814 seconds
2021-12-27T09:29:33.232+0800: 679.551: Application time: 2.0017284 seconds
2021-12-27T09:29:36.237+0800: 682.556: Application time: 3.0049602 seconds
2021-12-27T09:29:37.214+0800: 683.556: Application time: 1.0001636 seconds
2021-12-27T09:29:51.227+0800: 697.569: Application time: 14.0124502 seconds
2021-12-27T09:29:52.227+0800: 698.569: Application time: 1.0002404 seconds
2021-12-27T09:30:00.952+0800: 707.293: Application time: 8.7242898 seconds
2021-12-27T09:30:01.953+0800: 708.295: Application time: 1.0001326 seconds
2021-12-27T09:30:06.932+0800: 713.297: Application time: 5.0021148 seconds
2021-12-27T09:30:21.946+0800: 728.311: Application time: 15.0139176 seconds
2021-12-27T09:30:25.949+0800: 732.313: Application time: 4.0022377 seconds
2021-12-27T09:30:27.950+0800: 734.314: Application time: 2.0009773 seconds
2021-12-27T09:30:30.952+0800: 737.317: Application time: 3.0020368 seconds
2021-12-27T09:30:31.952+0800: 738.317: Application time: 1.0003927 seconds
2021-12-27T09:30:33.953+0800: 740.318: Application time: 2.0006227 seconds
2021-12-27T09:30:36.932+0800: 743.320: Application time: 3.0011513 seconds
2021-12-27T09:30:38.932+0800: 745.320: Application time: 2.0005509 seconds
2021-12-27T09:30:39.933+0800: 746.321: Application time: 1.0001453 seconds
2021-12-27T09:30:49.941+0800: 756.329: Application time: 10.0081002 seconds
2021-12-27T09:30:52.943+0800: 759.331: Application time: 3.0022494 seconds
2021-12-27T09:30:53.944+0800: 760.332: Application time: 1.0001344 seconds
2021-12-27T09:31:00.949+0800: 767.336: Application time: 7.0034171 seconds
2021-12-27T09:31:01.949+0800: 768.337: Application time: 1.0001574 seconds
2021-12-27T09:31:04.957+0800: 771.345: Application time: 3.0079492 seconds
2021-12-27T09:31:06.935+0800: 773.346: Application time: 2.0009506 seconds
2021-12-27T09:31:14.054+0800: 780.465: Application time: 7.1184922 seconds
{Heap before GC invocations=92 (full 3):
 par new generation   total 47936K, used 45433K [0x0000000724400000, 0x0000000727800000, 0x00000007390c0000)
  eden space 42624K, 100% used [0x0000000724400000, 0x0000000726da0000, 0x0000000726da0000)
  from space 5312K,  52% used [0x0000000726da0000, 0x000000072705e500, 0x00000007272d0000)
  to   space 5312K,   0% used [0x00000007272d0000, 0x00000007272d0000, 0x0000000727800000)
 concurrent mark-sweep generation total 106496K, used 44818K [0x00000007390c0000, 0x000000073f8c0000, 0x00000007c0000000)
 Metaspace       used 95048K, capacity 100282K, committed 100468K, reserved 1136640K
  class space    used 12431K, capacity 13323K, committed 13432K, reserved 1048576K
2021-12-27T09:31:14.056+0800: 780.467: [GC (Allocation Failure) 2021-12-27T09:31:14.056+0800: 780.467: [ParNew: 45433K->2957K(47936K), 0.0061250 secs] 90252K->47776K(154432K), 0.0074104 secs] [Times: user=0.02 sys=0.00, real=0.00 secs] 
Heap after GC invocations=93 (full 3):
 par new generation   total 47936K, used 2957K [0x0000000724400000, 0x0000000727800000, 0x00000007390c0000)
  eden space 42624K,   0% used [0x0000000724400000, 0x0000000724400000, 0x0000000726da0000)
  from space 5312K,  55% used [0x00000007272d0000, 0x00000007275b3668, 0x0000000727800000)
  to   space 5312K,   0% used [0x0000000726da0000, 0x0000000726da0000, 0x00000007272d0000)
 concurrent mark-sweep generation total 106496K, used 44818K [0x00000007390c0000, 0x000000073f8c0000, 0x00000007c0000000)
 Metaspace       used 95048K, capacity 100282K, committed 100468K, reserved 1136640K
  class space    used 12431K, capacity 13323K, committed 13432K, reserved 1048576K
}
2021-12-27T09:31:15.064+0800: 781.475: Application time: 1.0004256 seconds
2021-12-27T09:31:20.069+0800: 786.480: Application time: 5.0040434 seconds
2021-12-27T09:31:21.069+0800: 787.480: Application time: 1.0001565 seconds
2021-12-27T09:31:31.075+0800: 797.486: Application time: 10.0055965 seconds
2021-12-27T09:31:37.057+0800: 803.492: Application time: 6.0065348 seconds
2021-12-27T09:31:38.059+0800: 804.493: Application time: 1.0008727 seconds
2021-12-27T09:31:39.060+0800: 805.494: Application time: 1.0006128 seconds
2021-12-27T09:31:41.061+0800: 807.495: Application time: 2.0010421 seconds
2021-12-27T09:31:43.063+0800: 809.497: Application time: 2.0013347 seconds
2021-12-27T09:31:47.065+0800: 813.499: Application time: 4.0016800 seconds
2021-12-27T09:31:48.067+0800: 814.501: Application time: 1.0019015 seconds
2021-12-27T09:31:49.069+0800: 815.503: Application time: 1.0018946 seconds
2021-12-27T09:31:55.076+0800: 821.510: Application time: 6.0071764 seconds
2021-12-27T09:32:00.925+0800: 827.359: Application time: 5.8487779 seconds
2021-12-27T09:32:06.904+0800: 833.361: Application time: 6.0019842 seconds
2021-12-27T09:32:26.914+0800: 853.371: Application time: 20.0096339 seconds
2021-12-27T09:32:30.915+0800: 857.372: Application time: 4.0006178 seconds
2021-12-27T09:32:32.915+0800: 859.373: Application time: 2.0004948 seconds
2021-12-27T09:32:33.916+0800: 860.375: Application time: 1.0017347 seconds
2021-12-27T09:32:36.049+0800: 862.506: Application time: 2.1310301 seconds
2021-12-27T09:32:36.052+0800: 862.509: Application time: 0.0029020 seconds
2021-12-27T09:32:37.029+0800: 863.509: Application time: 1.0003341 seconds
2021-12-27T09:32:39.030+0800: 865.511: Application time: 2.0008564 seconds
2021-12-27T09:32:45.033+0800: 871.514: Application time: 6.0030057 seconds
2021-12-27T09:32:49.035+0800: 875.516: Application time: 4.0020425 seconds
2021-12-27T09:33:01.041+0800: 887.522: Application time: 12.0056867 seconds
2021-12-27T09:33:03.042+0800: 889.522: Application time: 2.0003529 seconds
2021-12-27T09:33:12.090+0800: 898.527: Application time: 9.0047192 seconds
2021-12-27T09:33:14.091+0800: 900.528: Application time: 2.0010285 seconds
2021-12-27T09:33:21.116+0800: 907.553: Application time: 7.0238784 seconds
2021-12-27T09:33:24.119+0800: 910.557: Application time: 3.0020500 seconds
2021-12-27T09:33:30.133+0800: 916.571: Application time: 6.0140923 seconds
2021-12-27T09:33:31.136+0800: 917.574: Application time: 1.0016715 seconds
2021-12-27T09:33:34.139+0800: 920.576: Application time: 3.0016017 seconds
2021-12-27T09:33:36.143+0800: 922.581: Application time: 2.0042784 seconds
2021-12-27T09:33:48.142+0800: 934.603: Application time: 12.0185786 seconds
2021-12-27T09:34:00.157+0800: 946.618: Application time: 12.0147256 seconds
2021-12-27T09:34:00.970+0800: 947.431: Application time: 0.8127281 seconds
2021-12-27T09:34:01.971+0800: 948.432: Application time: 1.0001731 seconds
2021-12-27T09:34:06.946+0800: 953.437: Application time: 5.0057004 seconds
2021-12-27T09:34:27.152+0800: 973.644: Application time: 20.2063515 seconds
2021-12-27T09:34:32.154+0800: 978.646: Application time: 5.0019286 seconds
2021-12-27T09:34:36.156+0800: 982.648: Application time: 4.0012679 seconds
2021-12-27T09:34:42.144+0800: 988.650: Application time: 6.0017460 seconds
2021-12-27T09:35:01.156+0800: 1007.663: Application time: 19.0120301 seconds
2021-12-27T09:35:02.160+0800: 1008.666: Application time: 1.0004323 seconds
2021-12-27T09:35:06.165+0800: 1012.671: Application time: 4.0014968 seconds
2021-12-27T09:35:07.142+0800: 1013.671: Application time: 1.0002846 seconds
2021-12-27T09:35:30.981+0800: 1037.511: Application time: 23.8394234 seconds
2021-12-27T09:35:31.985+0800: 1038.515: Application time: 1.0039903 seconds
2021-12-27T09:35:32.986+0800: 1039.516: Application time: 1.0002470 seconds
2021-12-27T09:35:33.990+0800: 1040.520: Application time: 1.0036487 seconds
2021-12-27T09:35:36.101+0800: 1042.630: Application time: 2.1089515 seconds
2021-12-27T09:35:36.108+0800: 1042.637: Application time: 0.0066806 seconds
2021-12-27T09:35:37.098+0800: 1043.651: Application time: 1.0088074 seconds
2021-12-27T09:36:01.142+0800: 1067.695: Application time: 24.0432750 seconds
2021-12-27T09:36:02.143+0800: 1068.696: Application time: 1.0005669 seconds
2021-12-27T09:36:07.121+0800: 1073.698: Application time: 5.0010673 seconds
2021-12-27T09:36:16.124+0800: 1082.700: Application time: 9.0022231 seconds
2021-12-27T09:36:25.126+0800: 1091.702: Application time: 9.0026150 seconds
2021-12-27T09:36:30.951+0800: 1097.527: Application time: 5.8237412 seconds
2021-12-27T09:36:31.951+0800: 1098.528: Application time: 1.0002610 seconds
2021-12-27T09:36:36.930+0800: 1103.530: Application time: 5.0020993 seconds
2021-12-27T09:36:39.655+0800: 1106.255: Application time: 2.7245745 seconds
{Heap before GC invocations=93 (full 3):
 par new generation   total 47936K, used 45581K [0x0000000724400000, 0x0000000727800000, 0x00000007390c0000)
  eden space 42624K, 100% used [0x0000000724400000, 0x0000000726da0000, 0x0000000726da0000)
  from space 5312K,  55% used [0x00000007272d0000, 0x00000007275b3668, 0x0000000727800000)
  to   space 5312K,   0% used [0x0000000726da0000, 0x0000000726da0000, 0x00000007272d0000)
 concurrent mark-sweep generation total 106496K, used 44818K [0x00000007390c0000, 0x000000073f8c0000, 0x00000007c0000000)
 Metaspace       used 95241K, capacity 100464K, committed 100724K, reserved 1136640K
  class space    used 12436K, capacity 13332K, committed 13432K, reserved 1048576K
2021-12-27T09:36:39.657+0800: 1106.257: [GC (Allocation Failure) 2021-12-27T09:36:39.658+0800: 1106.257: [ParNew: 45581K->3629K(47936K), 0.0086032 secs] 90400K->48447K(154432K), 0.0097760 secs] [Times: user=0.02 sys=0.00, real=0.01 secs] 
Heap after GC invocations=94 (full 3):
 par new generation   total 47936K, used 3629K [0x0000000724400000, 0x0000000727800000, 0x00000007390c0000)
  eden space 42624K,   0% used [0x0000000724400000, 0x0000000724400000, 0x0000000726da0000)
  from space 5312K,  68% used [0x0000000726da0000, 0x000000072712b450, 0x00000007272d0000)
  to   space 5312K,   0% used [0x00000007272d0000, 0x00000007272d0000, 0x0000000727800000)
 concurrent mark-sweep generation total 106496K, used 44818K [0x00000007390c0000, 0x000000073f8c0000, 0x00000007c0000000)
 Metaspace       used 95241K, capacity 100464K, committed 100724K, reserved 1136640K
  class space    used 12436K, capacity 13332K, committed 13432K, reserved 1048576K
}
2021-12-27T09:36:41.668+0800: 1108.268: Application time: 2.0005415 seconds
2021-12-27T09:36:52.675+0800: 1119.275: Application time: 11.0067377 seconds
2021-12-27T09:37:01.680+0800: 1128.280: Application time: 9.0047925 seconds
2021-12-27T09:37:04.689+0800: 1131.289: Application time: 3.0085866 seconds
2021-12-27T09:37:06.666+0800: 1133.290: Application time: 2.0012535 seconds
2021-12-27T09:37:11.669+0800: 1138.291: Application time: 5.0012897 seconds
2021-12-27T09:37:12.669+0800: 1139.292: Application time: 1.0003387 seconds
2021-12-27T09:37:15.672+0800: 1142.295: Application time: 3.0018639 seconds
2021-12-27T09:37:16.673+0800: 1143.296: Application time: 1.0012094 seconds
2021-12-27T09:37:17.674+0800: 1144.297: Application time: 1.0002571 seconds
2021-12-27T09:37:21.677+0800: 1148.300: Application time: 4.0034629 seconds
2021-12-27T09:37:31.680+0800: 1158.303: Application time: 10.0027342 seconds
2021-12-27T09:37:34.681+0800: 1161.304: Application time: 3.0008452 seconds
2021-12-27T09:37:41.052+0800: 1167.698: Application time: 6.3938686 seconds
2021-12-27T09:37:51.057+0800: 1177.703: Application time: 10.0052112 seconds
2021-12-27T09:38:00.903+0800: 1187.549: Application time: 9.8452379 seconds
2021-12-27T09:38:01.903+0800: 1188.549: Application time: 1.0001752 seconds
2021-12-27T09:38:04.905+0800: 1191.551: Application time: 3.0012832 seconds
2021-12-27T09:38:06.885+0800: 1193.554: Application time: 2.0005445 seconds
2021-12-27T09:38:24.890+0800: 1211.559: Application time: 18.0049953 seconds
2021-12-27T09:38:31.895+0800: 1218.564: Application time: 7.0050447 seconds
2021-12-27T09:38:36.876+0800: 1223.568: Application time: 5.0037638 seconds
2021-12-27T09:38:50.882+0800: 1237.574: Application time: 14.0055833 seconds
2021-12-27T09:38:52.885+0800: 1239.578: Application time: 2.0032043 seconds
2021-12-27T09:38:53.886+0800: 1240.578: Application time: 1.0001616 seconds
2021-12-27T09:39:06.866+0800: 1253.582: Application time: 13.0036184 seconds
2021-12-27T09:39:23.873+0800: 1270.589: Application time: 17.0070428 seconds
2021-12-27T09:39:30.876+0800: 1277.592: Application time: 7.0027007 seconds
2021-12-27T09:39:36.860+0800: 1283.598: Application time: 6.0059263 seconds
2021-12-27T09:39:52.866+0800: 1299.604: Application time: 16.0058776 seconds
2021-12-27T09:40:00.871+0800: 1307.609: Application time: 8.0046096 seconds
2021-12-27T09:40:06.848+0800: 1313.610: Application time: 6.0022907 seconds
2021-12-27T09:40:13.852+0800: 1320.613: Application time: 7.0020512 seconds
2021-12-27T09:40:33.859+0800: 1340.621: Application time: 20.0073713 seconds
2021-12-27T09:40:36.897+0800: 1343.622: Application time: 3.0006560 seconds
2021-12-27T09:41:00.913+0800: 1367.638: Application time: 24.0161249 seconds
2021-12-27T09:41:01.914+0800: 1368.639: Application time: 1.0004596 seconds
2021-12-27T09:41:06.896+0800: 1373.643: Application time: 5.0043268 seconds
2021-12-27T09:41:20.907+0800: 1387.655: Application time: 14.0110846 seconds
2021-12-27T09:41:28.916+0800: 1395.664: Application time: 8.0088745 seconds
2021-12-27T09:41:30.918+0800: 1397.665: Application time: 2.0011119 seconds
2021-12-27T09:41:36.897+0800: 1403.667: Application time: 6.0018599 seconds
2021-12-27T09:41:40.900+0800: 1407.669: Application time: 4.0021631 seconds
2021-12-27T09:41:52.908+0800: 1419.678: Application time: 12.0080000 seconds
2021-12-27T09:42:00.911+0800: 1427.681: Application time: 8.0032844 seconds
2021-12-27T09:42:01.913+0800: 1428.683: Application time: 1.0005445 seconds
2021-12-27T09:42:06.892+0800: 1433.685: Application time: 5.0014560 seconds
2021-12-27T09:42:08.452+0800: 1435.244: Application time: 1.5591378 seconds
{Heap before GC invocations=94 (full 3):
 par new generation   total 47936K, used 46253K [0x0000000724400000, 0x0000000727800000, 0x00000007390c0000)
  eden space 42624K, 100% used [0x0000000724400000, 0x0000000726da0000, 0x0000000726da0000)
  from space 5312K,  68% used [0x0000000726da0000, 0x000000072712b450, 0x00000007272d0000)
  to   space 5312K,   0% used [0x00000007272d0000, 0x00000007272d0000, 0x0000000727800000)
 concurrent mark-sweep generation total 106496K, used 44818K [0x00000007390c0000, 0x000000073f8c0000, 0x00000007c0000000)
 Metaspace       used 95391K, capacity 100656K, committed 100980K, reserved 1136640K
  class space    used 12437K, capacity 13332K, committed 13432K, reserved 1048576K
2021-12-27T09:42:08.452+0800: 1435.244: [GC (Allocation Failure) 2021-12-27T09:42:08.453+0800: 1435.246: [ParNew: 46253K->2638K(47936K), 0.0083917 secs] 91071K->47457K(154432K), 0.0100607 secs] [Times: user=0.02 sys=0.00, real=0.01 secs] 
Heap after GC invocations=95 (full 3):
 par new generation   total 47936K, used 2638K [0x0000000724400000, 0x0000000727800000, 0x00000007390c0000)
  eden space 42624K,   0% used [0x0000000724400000, 0x0000000724400000, 0x0000000726da0000)
  from space 5312K,  49% used [0x00000007272d0000, 0x0000000727563ac8, 0x0000000727800000)
  to   space 5312K,   0% used [0x0000000726da0000, 0x0000000726da0000, 0x00000007272d0000)
 concurrent mark-sweep generation total 106496K, used 44818K [0x00000007390c0000, 0x000000073f8c0000, 0x00000007c0000000)
 Metaspace       used 95391K, capacity 100656K, committed 100980K, reserved 1136640K
  class space    used 12437K, capacity 13332K, committed 13432K, reserved 1048576K
}
2021-12-27T09:42:10.463+0800: 1437.256: Application time: 2.0003944 seconds
2021-12-27T09:42:15.465+0800: 1442.257: Application time: 5.0013774 seconds
2021-12-27T09:42:21.467+0800: 1448.259: Application time: 6.0017832 seconds
2021-12-27T09:42:25.468+0800: 1452.260: Application time: 4.0009279 seconds
2021-12-27T09:42:29.471+0800: 1456.265: Application time: 4.0047689 seconds
2021-12-27T09:42:30.473+0800: 1457.266: Application time: 1.0004895 seconds
2021-12-27T09:42:31.474+0800: 1458.266: Application time: 1.0002755 seconds
2021-12-27T09:42:34.474+0800: 1461.267: Application time: 3.0003582 seconds
2021-12-27T09:42:35.475+0800: 1462.268: Application time: 1.0006720 seconds
2021-12-27T09:42:37.454+0800: 1464.269: Application time: 2.0011581 seconds
2021-12-27T09:42:39.455+0800: 1466.270: Application time: 2.0005953 seconds
2021-12-27T09:42:40.455+0800: 1467.270: Application time: 1.0002333 seconds
2021-12-27T09:42:40.937+0800: 1467.752: Application time: 0.4812594 seconds
2021-12-27T09:42:41.937+0800: 1468.752: Application time: 1.0003768 seconds
2021-12-27T09:43:00.946+0800: 1487.761: Application time: 19.0085848 seconds
2021-12-27T09:43:05.538+0800: 1492.352: Application time: 4.5912355 seconds
2021-12-27T09:43:05.538+0800: 1492.353: Application time: 0.0003913 seconds
2021-12-27T09:43:05.539+0800: 1492.354: Application time: 0.0002452 seconds
2021-12-27T09:43:05.541+0800: 1492.356: Application time: 0.0001830 seconds
2021-12-27T09:43:05.541+0800: 1492.356: Application time: 0.0000462 seconds
2021-12-27T09:43:05.541+0800: 1492.356: Application time: 0.0001233 seconds
2021-12-27T09:43:05.542+0800: 1492.357: Application time: 0.0001260 seconds
2021-12-27T09:43:05.542+0800: 1492.357: Application time: 0.0001569 seconds
2021-12-27T09:43:05.542+0800: 1492.357: Application time: 0.0001757 seconds
2021-12-27T09:43:06.520+0800: 1493.358: Application time: 1.0001647 seconds
2021-12-27T09:43:07.521+0800: 1494.358: Application time: 1.0002225 seconds
2021-12-27T09:43:08.522+0800: 1495.359: Application time: 1.0010715 seconds
2021-12-27T09:43:09.523+0800: 1496.360: Application time: 1.0003117 seconds
2021-12-27T09:43:12.523+0800: 1499.361: Application time: 3.0005802 seconds
2021-12-27T09:43:13.524+0800: 1500.361: Application time: 1.0002214 seconds
2021-12-27T09:43:16.525+0800: 1503.362: Application time: 3.0006620 seconds
2021-12-27T09:43:20.532+0800: 1507.369: Application time: 4.0081603 seconds
2021-12-27T09:43:28.538+0800: 1515.376: Application time: 8.0050742 seconds
2021-12-27T09:43:36.535+0800: 1523.384: Application time: 8.0086731 seconds
2021-12-27T09:43:56.546+0800: 1543.396: Application time: 20.0112725 seconds
2021-12-27T09:44:01.549+0800: 1548.398: Application time: 5.0025303 seconds
2021-12-27T09:44:02.549+0800: 1549.399: Application time: 1.0001423 seconds
2021-12-27T09:44:06.532+0800: 1553.403: Application time: 4.0037141 seconds
2021-12-27T09:44:29.549+0800: 1576.420: Application time: 23.0167625 seconds
2021-12-27T09:44:31.550+0800: 1578.421: Application time: 2.0006477 seconds
2021-12-27T09:44:35.552+0800: 1582.423: Application time: 4.0022241 seconds
2021-12-27T09:44:36.531+0800: 1583.424: Application time: 1.0012594 seconds
2021-12-27T09:44:37.531+0800: 1584.425: Application time: 1.0001370 seconds
2021-12-27T09:45:04.549+0800: 1611.442: Application time: 27.0170927 seconds
2021-12-27T09:45:31.539+0800: 1638.455: Application time: 27.0125238 seconds
