OpenJDK 64-Bit Server VM (25.212-b04) for linux-amd64 JRE (1.8.0_212-b04), built on May  4 2019 17:56:12 by "buildozer" with gcc 8.3.0
Memory: 4k page, physical 10203724k(8501400k free), swap 1048572k(1048572k free)
CommandLine flags: -XX:+CMSClassUnloadingEnabled -XX:CMSFullGCsBeforeCompaction=9 -XX:CMSInitiatingOccupancyFraction=60 -XX:+CMSParallelRemarkEnabled -XX:+DisableExplicitGC -XX:+ExplicitGCInvokesConcurrent -XX:GCLogFileSize=5242880 -XX:+HeapDumpOnOutOfMemoryError -XX:HeapDumpPath=/opt/logs/100003172/HeapDumpOnOutOfMemoryError/ -XX:InitialHeapSize=163259584 -XX:MaxHeapSize=2612153344 -XX:MaxNewSize=348966912 -XX:MaxTenuringThreshold=9 -XX:NumberOfGCLogFiles=5 -XX:OldPLABSize=16 -XX:-OmitStackTraceInFastThrow -XX:ParallelGCThreads=4 -XX:+PrintGC -XX:+PrintGCApplicationConcurrentTime -XX:+PrintGCDateStamps -XX:+PrintGCDetails -XX:+PrintGCTimeStamps -XX:+PrintHeapAtGC -XX:+ScavengeBeforeFullGC -XX:SoftRefLRUPolicyMSPerMB=0 -XX:+UseCMSCompactAtFullCollection -XX:+UseCMSInitiatingOccupancyOnly -XX:+UseCompressedClassPointers -XX:+UseCompressedOops -XX:+UseConcMarkSweepGC -XX:+UseGCLogFileRotation -XX:+UseParNewGC 
2021-12-27T09:18:15.708+0800: 2.262: Application time: 1.5952542 seconds
2021-12-27T09:18:16.714+0800: 3.267: Application time: 1.0002465 seconds
2021-12-27T09:18:17.719+0800: 4.272: Application time: 1.0020274 seconds
2021-12-27T09:18:18.146+0800: 4.700: Application time: 0.4211860 seconds
2021-12-27T09:18:19.153+0800: 5.707: Application time: 1.0003508 seconds
2021-12-27T09:18:20.157+0800: 6.710: Application time: 1.0001994 seconds
2021-12-27T09:18:21.178+0800: 7.732: Application time: 1.0002797 seconds
2021-12-27T09:18:21.919+0800: 8.472: Application time: 0.7399206 seconds
{Heap before GC invocations=0 (full 0):
 par new generation   total 47936K, used 42624K [0x0000000724400000, 0x0000000727800000, 0x00000007390c0000)
  eden space 42624K, 100% used [0x0000000724400000, 0x0000000726da0000, 0x0000000726da0000)
  from space 5312K,   0% used [0x0000000726da0000, 0x0000000726da0000, 0x00000007272d0000)
  to   space 5312K,   0% used [0x00000007272d0000, 0x00000007272d0000, 0x0000000727800000)
 concurrent mark-sweep generation total 106496K, used 0K [0x00000007390c0000, 0x000000073f8c0000, 0x00000007c0000000)
 Metaspace       used 6395K, capacity 6626K, committed 6912K, reserved 1056768K
  class space    used 601K, capacity 697K, committed 768K, reserved 1048576K
2021-12-27T09:18:21.919+0800: 8.473: [GC (Allocation Failure) 2021-12-27T09:18:21.920+0800: 8.473: [ParNew: 42624K->3464K(47936K), 0.0858025 secs] 42624K->3464K(154432K), 0.0871238 secs] [Times: user=0.01 sys=0.01, real=0.09 secs] 
Heap after GC invocations=1 (full 0):
 par new generation   total 47936K, used 3464K [0x0000000724400000, 0x0000000727800000, 0x00000007390c0000)
  eden space 42624K,   0% used [0x0000000724400000, 0x0000000724400000, 0x0000000726da0000)
  from space 5312K,  65% used [0x00000007272d0000, 0x00000007276320e0, 0x0000000727800000)
  to   space 5312K,   0% used [0x0000000726da0000, 0x0000000726da0000, 0x00000007272d0000)
 concurrent mark-sweep generation total 106496K, used 0K [0x00000007390c0000, 0x000000073f8c0000, 0x00000007c0000000)
 Metaspace       used 6395K, capacity 6626K, committed 6912K, reserved 1056768K
  class space    used 601K, capacity 697K, committed 768K, reserved 1048576K
}
2021-12-27T09:18:22.015+0800: 8.568: Application time: 0.0009275 seconds
2021-12-27T09:18:22.017+0800: 8.571: Application time: 0.0012075 seconds
2021-12-27T09:18:22.045+0800: 8.599: Application time: 0.0267840 seconds
2021-12-27T09:18:22.049+0800: 8.602: Application time: 0.0019186 seconds
2021-12-27T09:18:22.051+0800: 8.605: Application time: 0.0022711 seconds
2021-12-27T09:18:22.052+0800: 8.606: Application time: 0.0007723 seconds
2021-12-27T09:18:22.053+0800: 8.607: Application time: 0.0007315 seconds
2021-12-27T09:18:22.055+0800: 8.609: Application time: 0.0016276 seconds
2021-12-27T09:18:22.056+0800: 8.609: Application time: 0.0002051 seconds
2021-12-27T09:18:22.057+0800: 8.610: Application time: 0.0014548 seconds
2021-12-27T09:18:22.058+0800: 8.611: Application time: 0.0003798 seconds
2021-12-27T09:18:22.058+0800: 8.611: Application time: 0.0005026 seconds
2021-12-27T09:18:22.064+0800: 8.617: Application time: 0.0005849 seconds
2021-12-27T09:18:22.073+0800: 8.626: Application time: 0.0002096 seconds
2021-12-27T09:18:22.073+0800: 8.627: Application time: 0.0004830 seconds
2021-12-27T09:18:22.075+0800: 8.629: Application time: 0.0002253 seconds
2021-12-27T09:18:22.076+0800: 8.629: Application time: 0.0002094 seconds
2021-12-27T09:18:22.079+0800: 8.632: Application time: 0.0026136 seconds
2021-12-27T09:18:22.082+0800: 8.636: Application time: 0.0013530 seconds
2021-12-27T09:18:22.097+0800: 8.650: Application time: 0.0028138 seconds
2021-12-27T09:18:22.099+0800: 8.652: Application time: 0.0005120 seconds
2021-12-27T09:18:22.108+0800: 8.662: Application time: 0.0091002 seconds
2021-12-27T09:18:22.125+0800: 8.679: Application time: 0.0009809 seconds
2021-12-27T09:18:22.129+0800: 8.682: Application time: 0.0004758 seconds
2021-12-27T09:18:22.131+0800: 8.684: Application time: 0.0007927 seconds
2021-12-27T09:18:22.745+0800: 9.298: Application time: 0.6117647 seconds
2021-12-27T09:18:23.745+0800: 10.299: Application time: 1.0001995 seconds
2021-12-27T09:18:24.645+0800: 11.198: Application time: 0.8951582 seconds
{Heap before GC invocations=1 (full 0):
 par new generation   total 47936K, used 46088K [0x0000000724400000, 0x0000000727800000, 0x00000007390c0000)
  eden space 42624K, 100% used [0x0000000724400000, 0x0000000726da0000, 0x0000000726da0000)
  from space 5312K,  65% used [0x00000007272d0000, 0x00000007276320e0, 0x0000000727800000)
  to   space 5312K,   0% used [0x0000000726da0000, 0x0000000726da0000, 0x00000007272d0000)
 concurrent mark-sweep generation total 106496K, used 0K [0x00000007390c0000, 0x000000073f8c0000, 0x00000007c0000000)
 Metaspace       used 8121K, capacity 8394K, committed 8704K, reserved 1056768K
  class space    used 816K, capacity 921K, committed 1024K, reserved 1048576K
2021-12-27T09:18:24.646+0800: 11.199: [GC (Allocation Failure) 2021-12-27T09:18:24.646+0800: 11.200: [ParNew: 46088K->2723K(47936K), 0.0825722 secs] 46088K->4838K(154432K), 0.0854938 secs] [Times: user=0.02 sys=0.00, real=0.09 secs] 
Heap after GC invocations=2 (full 0):
 par new generation   total 47936K, used 2723K [0x0000000724400000, 0x0000000727800000, 0x00000007390c0000)
  eden space 42624K,   0% used [0x0000000724400000, 0x0000000724400000, 0x0000000726da0000)
  from space 5312K,  51% used [0x0000000726da0000, 0x0000000727048f50, 0x00000007272d0000)
  to   space 5312K,   0% used [0x00000007272d0000, 0x00000007272d0000, 0x0000000727800000)
 concurrent mark-sweep generation total 106496K, used 2114K [0x00000007390c0000, 0x000000073f8c0000, 0x00000007c0000000)
 Metaspace       used 8121K, capacity 8394K, committed 8704K, reserved 1056768K
  class space    used 816K, capacity 921K, committed 1024K, reserved 1048576K
}
2021-12-27T09:18:24.736+0800: 11.289: Application time: 0.0032071 seconds
2021-12-27T09:18:24.738+0800: 11.291: Application time: 0.0021022 seconds
2021-12-27T09:18:24.739+0800: 11.293: Application time: 0.0012647 seconds
2021-12-27T09:18:24.748+0800: 11.301: Application time: 0.0037633 seconds
2021-12-27T09:18:24.769+0800: 11.322: Application time: 0.0128669 seconds
2021-12-27T09:18:24.780+0800: 11.333: Application time: 0.0106946 seconds
2021-12-27T09:18:24.790+0800: 11.343: Application time: 0.0077791 seconds
2021-12-27T09:18:24.802+0800: 11.355: Application time: 0.0093340 seconds
2021-12-27T09:18:24.811+0800: 11.365: Application time: 0.0070540 seconds
2021-12-27T09:18:24.824+0800: 11.377: Application time: 0.0022544 seconds
2021-12-27T09:18:24.832+0800: 11.386: Application time: 0.0007904 seconds
2021-12-27T09:18:24.836+0800: 11.389: Application time: 0.0036745 seconds
2021-12-27T09:18:24.857+0800: 11.411: Application time: 0.0103484 seconds
2021-12-27T09:18:24.858+0800: 11.412: Application time: 0.0004837 seconds
2021-12-27T09:18:24.859+0800: 11.412: Application time: 0.0003720 seconds
2021-12-27T09:18:24.863+0800: 11.416: Application time: 0.0039403 seconds
2021-12-27T09:18:24.876+0800: 11.429: Application time: 0.0120908 seconds
2021-12-27T09:18:24.877+0800: 11.430: Application time: 0.0014252 seconds
2021-12-27T09:18:24.882+0800: 11.436: Application time: 0.0022426 seconds
2021-12-27T09:18:24.893+0800: 11.447: Application time: 0.0016356 seconds
2021-12-27T09:18:25.179+0800: 11.733: Application time: 0.2850731 seconds
2021-12-27T09:18:25.547+0800: 12.101: Application time: 0.3676815 seconds
2021-12-27T09:18:26.280+0800: 12.833: Application time: 0.7327561 seconds
{Heap before GC invocations=2 (full 0):
 par new generation   total 47936K, used 45347K [0x0000000724400000, 0x0000000727800000, 0x00000007390c0000)
  eden space 42624K, 100% used [0x0000000724400000, 0x0000000726da0000, 0x0000000726da0000)
  from space 5312K,  51% used [0x0000000726da0000, 0x0000000727048f50, 0x00000007272d0000)
  to   space 5312K,   0% used [0x00000007272d0000, 0x00000007272d0000, 0x0000000727800000)
 concurrent mark-sweep generation total 106496K, used 2114K [0x00000007390c0000, 0x000000073f8c0000, 0x00000007c0000000)
 Metaspace       used 9800K, capacity 10090K, committed 10112K, reserved 1058816K
  class space    used 1039K, capacity 1145K, committed 1152K, reserved 1048576K
2021-12-27T09:18:26.281+0800: 12.834: [GC (Allocation Failure) 2021-12-27T09:18:26.281+0800: 12.835: [ParNew: 45347K->2071K(47936K), 0.0354384 secs] 47462K->4185K(154432K), 0.0365516 secs] [Times: user=0.01 sys=0.00, real=0.04 secs] 
Heap after GC invocations=3 (full 0):
 par new generation   total 47936K, used 2071K [0x0000000724400000, 0x0000000727800000, 0x00000007390c0000)
  eden space 42624K,   0% used [0x0000000724400000, 0x0000000724400000, 0x0000000726da0000)
  from space 5312K,  38% used [0x00000007272d0000, 0x00000007274d5c20, 0x0000000727800000)
  to   space 5312K,   0% used [0x0000000726da0000, 0x0000000726da0000, 0x00000007272d0000)
 concurrent mark-sweep generation total 106496K, used 2114K [0x00000007390c0000, 0x000000073f8c0000, 0x00000007c0000000)
 Metaspace       used 9800K, capacity 10090K, committed 10112K, reserved 1058816K
  class space    used 1039K, capacity 1145K, committed 1152K, reserved 1048576K
}
2021-12-27T09:18:26.327+0800: 12.880: Application time: 0.0083211 seconds
2021-12-27T09:18:26.335+0800: 12.888: Application time: 0.0077160 seconds
2021-12-27T09:18:27.337+0800: 13.891: Application time: 1.0002220 seconds
2021-12-27T09:18:27.989+0800: 14.542: Application time: 0.6492125 seconds
{Heap before GC invocations=3 (full 0):
 par new generation   total 47936K, used 44695K [0x0000000724400000, 0x0000000727800000, 0x00000007390c0000)
  eden space 42624K, 100% used [0x0000000724400000, 0x0000000726da0000, 0x0000000726da0000)
  from space 5312K,  38% used [0x00000007272d0000, 0x00000007274d5c20, 0x0000000727800000)
  to   space 5312K,   0% used [0x0000000726da0000, 0x0000000726da0000, 0x00000007272d0000)
 concurrent mark-sweep generation total 106496K, used 2114K [0x00000007390c0000, 0x000000073f8c0000, 0x00000007c0000000)
 Metaspace       used 11552K, capacity 11828K, committed 11904K, reserved 1060864K
  class space    used 1254K, capacity 1341K, committed 1408K, reserved 1048576K
2021-12-27T09:18:27.989+0800: 14.543: [GC (Allocation Failure) 2021-12-27T09:18:27.990+0800: 14.543: [ParNew: 44695K->2524K(47936K), 0.0421216 secs] 46809K->4639K(154432K), 0.0440628 secs] [Times: user=0.01 sys=0.01, real=0.04 secs] 
Heap after GC invocations=4 (full 0):
 par new generation   total 47936K, used 2524K [0x0000000724400000, 0x0000000727800000, 0x00000007390c0000)
  eden space 42624K,   0% used [0x0000000724400000, 0x0000000724400000, 0x0000000726da0000)
  from space 5312K,  47% used [0x0000000726da0000, 0x0000000727017300, 0x00000007272d0000)
  to   space 5312K,   0% used [0x00000007272d0000, 0x00000007272d0000, 0x0000000727800000)
 concurrent mark-sweep generation total 106496K, used 2114K [0x00000007390c0000, 0x000000073f8c0000, 0x00000007c0000000)
 Metaspace       used 11552K, capacity 11828K, committed 11904K, reserved 1060864K
  class space    used 1254K, capacity 1341K, committed 1408K, reserved 1048576K
}
2021-12-27T09:18:29.035+0800: 15.589: Application time: 1.0010213 seconds
2021-12-27T09:18:29.939+0800: 16.493: Application time: 0.9033447 seconds
{Heap before GC invocations=4 (full 0):
 par new generation   total 47936K, used 45148K [0x0000000724400000, 0x0000000727800000, 0x00000007390c0000)
  eden space 42624K, 100% used [0x0000000724400000, 0x0000000726da0000, 0x0000000726da0000)
  from space 5312K,  47% used [0x0000000726da0000, 0x0000000727017300, 0x00000007272d0000)
  to   space 5312K,   0% used [0x00000007272d0000, 0x00000007272d0000, 0x0000000727800000)
 concurrent mark-sweep generation total 106496K, used 2114K [0x00000007390c0000, 0x000000073f8c0000, 0x00000007c0000000)
 Metaspace       used 12769K, capacity 13062K, committed 13312K, reserved 1060864K
  class space    used 1410K, capacity 1520K, committed 1536K, reserved 1048576K
2021-12-27T09:18:29.940+0800: 16.494: [GC (Allocation Failure) 2021-12-27T09:18:29.941+0800: 16.494: [ParNew: 45148K->3817K(47936K), 0.0478235 secs] 47263K->5932K(154432K), 0.0495120 secs] [Times: user=0.01 sys=0.00, real=0.05 secs] 
Heap after GC invocations=5 (full 0):
 par new generation   total 47936K, used 3817K [0x0000000724400000, 0x0000000727800000, 0x00000007390c0000)
  eden space 42624K,   0% used [0x0000000724400000, 0x0000000724400000, 0x0000000726da0000)
  from space 5312K,  71% used [0x00000007272d0000, 0x000000072768a658, 0x0000000727800000)
  to   space 5312K,   0% used [0x0000000726da0000, 0x0000000726da0000, 0x00000007272d0000)
 concurrent mark-sweep generation total 106496K, used 2114K [0x00000007390c0000, 0x000000073f8c0000, 0x00000007c0000000)
 Metaspace       used 12769K, capacity 13062K, committed 13312K, reserved 1060864K
  class space    used 1410K, capacity 1520K, committed 1536K, reserved 1048576K
}
2021-12-27T09:18:30.991+0800: 17.544: Application time: 1.0001596 seconds
2021-12-27T09:18:31.140+0800: 17.693: Application time: 0.1482631 seconds
{Heap before GC invocations=5 (full 0):
 par new generation   total 47936K, used 46441K [0x0000000724400000, 0x0000000727800000, 0x00000007390c0000)
  eden space 42624K, 100% used [0x0000000724400000, 0x0000000726da0000, 0x0000000726da0000)
  from space 5312K,  71% used [0x00000007272d0000, 0x000000072768a658, 0x0000000727800000)
  to   space 5312K,   0% used [0x0000000726da0000, 0x0000000726da0000, 0x00000007272d0000)
 concurrent mark-sweep generation total 106496K, used 2114K [0x00000007390c0000, 0x000000073f8c0000, 0x00000007c0000000)
 Metaspace       used 13491K, capacity 13798K, committed 13952K, reserved 1060864K
  class space    used 1516K, capacity 1634K, committed 1664K, reserved 1048576K
2021-12-27T09:18:31.146+0800: 17.699: [GC (Allocation Failure) 2021-12-27T09:18:31.157+0800: 17.710: [ParNew: 46441K->3532K(47936K), 0.0763880 secs] 48556K->5969K(154432K), 0.1138764 secs] [Times: user=0.02 sys=0.00, real=0.11 secs] 
Heap after GC invocations=6 (full 0):
 par new generation   total 47936K, used 3532K [0x0000000724400000, 0x0000000727800000, 0x00000007390c0000)
  eden space 42624K,   0% used [0x0000000724400000, 0x0000000724400000, 0x0000000726da0000)
  from space 5312K,  66% used [0x0000000726da0000, 0x0000000727113188, 0x00000007272d0000)
  to   space 5312K,   0% used [0x00000007272d0000, 0x00000007272d0000, 0x0000000727800000)
 concurrent mark-sweep generation total 106496K, used 2437K [0x00000007390c0000, 0x000000073f8c0000, 0x00000007c0000000)
 Metaspace       used 13491K, capacity 13798K, committed 13952K, reserved 1060864K
  class space    used 1516K, capacity 1634K, committed 1664K, reserved 1048576K
}
2021-12-27T09:18:31.265+0800: 17.818: Application time: 0.0017921 seconds
2021-12-27T09:18:32.234+0800: 18.788: Application time: 0.9689409 seconds
{Heap before GC invocations=6 (full 0):
 par new generation   total 47936K, used 46156K [0x0000000724400000, 0x0000000727800000, 0x00000007390c0000)
  eden space 42624K, 100% used [0x0000000724400000, 0x0000000726da0000, 0x0000000726da0000)
  from space 5312K,  66% used [0x0000000726da0000, 0x0000000727113188, 0x00000007272d0000)
  to   space 5312K,   0% used [0x00000007272d0000, 0x00000007272d0000, 0x0000000727800000)
 concurrent mark-sweep generation total 106496K, used 2437K [0x00000007390c0000, 0x000000073f8c0000, 0x00000007c0000000)
 Metaspace       used 14564K, capacity 14900K, committed 15104K, reserved 1062912K
  class space    used 1639K, capacity 1767K, committed 1792K, reserved 1048576K
2021-12-27T09:18:32.237+0800: 18.791: [GC (Allocation Failure) 2021-12-27T09:18:32.238+0800: 18.792: [ParNew: 46156K->2341K(47936K), 0.0968800 secs] 48593K->5174K(154432K), 0.0989256 secs] [Times: user=0.02 sys=0.00, real=0.10 secs] 
Heap after GC invocations=7 (full 0):
 par new generation   total 47936K, used 2341K [0x0000000724400000, 0x0000000727800000, 0x00000007390c0000)
  eden space 42624K,   0% used [0x0000000724400000, 0x0000000724400000, 0x0000000726da0000)
  from space 5312K,  44% used [0x00000007272d0000, 0x0000000727519708, 0x0000000727800000)
  to   space 5312K,   0% used [0x0000000726da0000, 0x0000000726da0000, 0x00000007272d0000)
 concurrent mark-sweep generation total 106496K, used 2832K [0x00000007390c0000, 0x000000073f8c0000, 0x00000007c0000000)
 Metaspace       used 14564K, capacity 14900K, committed 15104K, reserved 1062912K
  class space    used 1639K, capacity 1767K, committed 1792K, reserved 1048576K
}
2021-12-27T09:18:32.340+0800: 18.893: Application time: 0.0010845 seconds
2021-12-27T09:18:33.341+0800: 19.895: Application time: 1.0010781 seconds
2021-12-27T09:18:34.346+0800: 20.899: Application time: 1.0009264 seconds
2021-12-27T09:18:34.603+0800: 21.156: Application time: 0.2555638 seconds
2021-12-27T09:18:34.650+0800: 21.204: Application time: 0.0474522 seconds
{Heap before GC invocations=7 (full 0):
 par new generation   total 47936K, used 44965K [0x0000000724400000, 0x0000000727800000, 0x00000007390c0000)
  eden space 42624K, 100% used [0x0000000724400000, 0x0000000726da0000, 0x0000000726da0000)
  from space 5312K,  44% used [0x00000007272d0000, 0x0000000727519708, 0x0000000727800000)
  to   space 5312K,   0% used [0x0000000726da0000, 0x0000000726da0000, 0x00000007272d0000)
 concurrent mark-sweep generation total 106496K, used 2832K [0x00000007390c0000, 0x000000073f8c0000, 0x00000007c0000000)
 Metaspace       used 16006K, capacity 16488K, committed 16640K, reserved 1064960K
  class space    used 1842K, capacity 1975K, committed 2048K, reserved 1048576K
2021-12-27T09:18:34.660+0800: 21.213: [GC (Allocation Failure) 2021-12-27T09:18:34.660+0800: 21.214: [ParNew: 44965K->2712K(47936K), 0.0503544 secs] 47798K->5544K(154432K), 0.0525685 secs] [Times: user=0.01 sys=0.00, real=0.05 secs] 
Heap after GC invocations=8 (full 0):
 par new generation   total 47936K, used 2712K [0x0000000724400000, 0x0000000727800000, 0x00000007390c0000)
  eden space 42624K,   0% used [0x0000000724400000, 0x0000000724400000, 0x0000000726da0000)
  from space 5312K,  51% used [0x0000000726da0000, 0x0000000727046088, 0x00000007272d0000)
  to   space 5312K,   0% used [0x00000007272d0000, 0x00000007272d0000, 0x0000000727800000)
 concurrent mark-sweep generation total 106496K, used 2832K [0x00000007390c0000, 0x000000073f8c0000, 0x00000007c0000000)
 Metaspace       used 16006K, capacity 16488K, committed 16640K, reserved 1064960K
  class space    used 1842K, capacity 1975K, committed 2048K, reserved 1048576K
}
2021-12-27T09:18:34.720+0800: 21.273: Application time: 0.0066209 seconds
2021-12-27T09:18:34.726+0800: 21.280: Application time: 0.0009401 seconds
2021-12-27T09:18:35.543+0800: 22.096: Application time: 0.8092754 seconds
2021-12-27T09:18:35.549+0800: 22.103: Application time: 0.0065399 seconds
2021-12-27T09:18:35.838+0800: 22.392: Application time: 0.2888972 seconds
2021-12-27T09:18:35.841+0800: 22.394: Application time: 0.0019645 seconds
2021-12-27T09:18:36.375+0800: 22.928: Application time: 0.5331329 seconds
{Heap before GC invocations=8 (full 0):
 par new generation   total 47936K, used 45336K [0x0000000724400000, 0x0000000727800000, 0x00000007390c0000)
  eden space 42624K, 100% used [0x0000000724400000, 0x0000000726da0000, 0x0000000726da0000)
  from space 5312K,  51% used [0x0000000726da0000, 0x0000000727046088, 0x00000007272d0000)
  to   space 5312K,   0% used [0x00000007272d0000, 0x00000007272d0000, 0x0000000727800000)
 concurrent mark-sweep generation total 106496K, used 2832K [0x00000007390c0000, 0x000000073f8c0000, 0x00000007c0000000)
 Metaspace       used 16955K, capacity 17656K, committed 17792K, reserved 1064960K
  class space    used 1982K, capacity 2145K, committed 2176K, reserved 1048576K
2021-12-27T09:18:36.375+0800: 22.928: [GC (Allocation Failure) 2021-12-27T09:18:36.380+0800: 22.933: [ParNew: 45336K->3247K(47936K), 0.0526731 secs] 48168K->6079K(154432K), 0.0582524 secs] [Times: user=0.02 sys=0.00, real=0.06 secs] 
Heap after GC invocations=9 (full 0):
 par new generation   total 47936K, used 3247K [0x0000000724400000, 0x0000000727800000, 0x00000007390c0000)
  eden space 42624K,   0% used [0x0000000724400000, 0x0000000724400000, 0x0000000726da0000)
  from space 5312K,  61% used [0x00000007272d0000, 0x00000007275fbc00, 0x0000000727800000)
  to   space 5312K,   0% used [0x0000000726da0000, 0x0000000726da0000, 0x00000007272d0000)
 concurrent mark-sweep generation total 106496K, used 2832K [0x00000007390c0000, 0x000000073f8c0000, 0x00000007c0000000)
 Metaspace       used 16955K, capacity 17656K, committed 17792K, reserved 1064960K
  class space    used 1982K, capacity 2145K, committed 2176K, reserved 1048576K
}
2021-12-27T09:18:37.295+0800: 23.870: Application time: 0.8828765 seconds
2021-12-27T09:18:37.299+0800: 23.874: Application time: 0.0021051 seconds
2021-12-27T09:18:38.300+0800: 24.875: Application time: 1.0006684 seconds
2021-12-27T09:18:38.548+0800: 25.123: Application time: 0.2319354 seconds
2021-12-27T09:18:38.566+0800: 25.148: Application time: 0.0233158 seconds
2021-12-27T09:18:39.157+0800: 25.732: Application time: 0.5834669 seconds
2021-12-27T09:18:39.168+0800: 25.743: Application time: 0.0015204 seconds
2021-12-27T09:18:39.173+0800: 25.748: Application time: 0.0038007 seconds
2021-12-27T09:18:39.181+0800: 25.756: Application time: 0.0016834 seconds
2021-12-27T09:18:39.188+0800: 25.763: Application time: 0.0066935 seconds
2021-12-27T09:18:39.199+0800: 25.774: Application time: 0.0090840 seconds
2021-12-27T09:18:39.221+0800: 25.796: Application time: 0.0031295 seconds
2021-12-27T09:18:39.223+0800: 25.798: Application time: 0.0017905 seconds
2021-12-27T09:18:39.226+0800: 25.801: Application time: 0.0020064 seconds
2021-12-27T09:18:39.229+0800: 25.804: Application time: 0.0011530 seconds
2021-12-27T09:18:39.231+0800: 25.806: Application time: 0.0013208 seconds
2021-12-27T09:18:39.259+0800: 25.834: Application time: 0.0266428 seconds
2021-12-27T09:18:39.302+0800: 25.877: Application time: 0.0414352 seconds
2021-12-27T09:18:39.347+0800: 25.923: Application time: 0.0006628 seconds
2021-12-27T09:18:39.348+0800: 25.923: Application time: 0.0003880 seconds
2021-12-27T09:18:39.349+0800: 25.924: Application time: 0.0005620 seconds
2021-12-27T09:18:39.352+0800: 25.927: Application time: 0.0031422 seconds
2021-12-27T09:18:39.353+0800: 25.928: Application time: 0.0001697 seconds
2021-12-27T09:18:39.354+0800: 25.929: Application time: 0.0004429 seconds
{Heap before GC invocations=9 (full 0):
 par new generation   total 47936K, used 45871K [0x0000000724400000, 0x0000000727800000, 0x00000007390c0000)
  eden space 42624K, 100% used [0x0000000724400000, 0x0000000726da0000, 0x0000000726da0000)
  from space 5312K,  61% used [0x00000007272d0000, 0x00000007275fbc00, 0x0000000727800000)
  to   space 5312K,   0% used [0x0000000726da0000, 0x0000000726da0000, 0x00000007272d0000)
 concurrent mark-sweep generation total 106496K, used 2832K [0x00000007390c0000, 0x000000073f8c0000, 0x00000007c0000000)
 Metaspace       used 18029K, capacity 18824K, committed 19072K, reserved 1067008K
  class space    used 2125K, capacity 2316K, committed 2432K, reserved 1048576K
2021-12-27T09:18:39.354+0800: 25.929: [GC (Allocation Failure) 2021-12-27T09:18:39.355+0800: 25.930: [ParNew: 45871K->4117K(47936K), 0.0877145 secs] 48703K->6950K(154432K), 0.0888033 secs] [Times: user=0.01 sys=0.00, real=0.08 secs] 
Heap after GC invocations=10 (full 0):
 par new generation   total 47936K, used 4117K [0x0000000724400000, 0x0000000727800000, 0x00000007390c0000)
  eden space 42624K,   0% used [0x0000000724400000, 0x0000000724400000, 0x0000000726da0000)
  from space 5312K,  77% used [0x0000000726da0000, 0x00000007271a5708, 0x00000007272d0000)
  to   space 5312K,   0% used [0x00000007272d0000, 0x00000007272d0000, 0x0000000727800000)
 concurrent mark-sweep generation total 106496K, used 2832K [0x00000007390c0000, 0x000000073f8c0000, 0x00000007c0000000)
 Metaspace       used 18029K, capacity 18824K, committed 19072K, reserved 1067008K
  class space    used 2125K, capacity 2316K, committed 2432K, reserved 1048576K
}
2021-12-27T09:18:39.448+0800: 26.023: Application time: 0.0031859 seconds
2021-12-27T09:18:39.452+0800: 26.027: Application time: 0.0028724 seconds
2021-12-27T09:18:39.453+0800: 26.028: Application time: 0.0007767 seconds
2021-12-27T09:18:39.453+0800: 26.028: Application time: 0.0004339 seconds
2021-12-27T09:18:39.460+0800: 26.036: Application time: 0.0051694 seconds
2021-12-27T09:18:39.461+0800: 26.037: Application time: 0.0004690 seconds
2021-12-27T09:18:39.462+0800: 26.038: Application time: 0.0007766 seconds
2021-12-27T09:18:39.490+0800: 26.065: Application time: 0.0271052 seconds
2021-12-27T09:18:39.492+0800: 26.068: Application time: 0.0024744 seconds
2021-12-27T09:18:39.496+0800: 26.071: Application time: 0.0031098 seconds
2021-12-27T09:18:39.502+0800: 26.077: Application time: 0.0065795 seconds
2021-12-27T09:18:39.504+0800: 26.080: Application time: 0.0017506 seconds
2021-12-27T09:18:39.514+0800: 26.089: Application time: 0.0097436 seconds
2021-12-27T09:18:39.736+0800: 26.311: Application time: 0.2159195 seconds
2021-12-27T09:18:40.661+0800: 27.236: Application time: 0.9251899 seconds
2021-12-27T09:18:40.693+0800: 27.268: Application time: 0.0070826 seconds
2021-12-27T09:18:40.880+0800: 27.456: Application time: 0.1831808 seconds
2021-12-27T09:18:41.203+0800: 27.778: Application time: 0.3223410 seconds
{Heap before GC invocations=10 (full 0):
 par new generation   total 47936K, used 46741K [0x0000000724400000, 0x0000000727800000, 0x00000007390c0000)
  eden space 42624K, 100% used [0x0000000724400000, 0x0000000726da0000, 0x0000000726da0000)
  from space 5312K,  77% used [0x0000000726da0000, 0x00000007271a5708, 0x00000007272d0000)
  to   space 5312K,   0% used [0x00000007272d0000, 0x00000007272d0000, 0x0000000727800000)
 concurrent mark-sweep generation total 106496K, used 2832K [0x00000007390c0000, 0x000000073f8c0000, 0x00000007c0000000)
 Metaspace       used 19651K, capacity 20430K, committed 20736K, reserved 1067008K
  class space    used 2333K, capacity 2511K, committed 2560K, reserved 1048576K
2021-12-27T09:18:41.210+0800: 27.785: [GC (Allocation Failure) 2021-12-27T09:18:41.210+0800: 27.785: [ParNew: 46741K->3008K(47936K), 0.0820584 secs] 49574K->6375K(154432K), 0.0855779 secs] [Times: user=0.01 sys=0.00, real=0.09 secs] 
Heap after GC invocations=11 (full 0):
 par new generation   total 47936K, used 3008K [0x0000000724400000, 0x0000000727800000, 0x00000007390c0000)
  eden space 42624K,   0% used [0x0000000724400000, 0x0000000724400000, 0x0000000726da0000)
  from space 5312K,  56% used [0x00000007272d0000, 0x00000007275c00e0, 0x0000000727800000)
  to   space 5312K,   0% used [0x0000000726da0000, 0x0000000726da0000, 0x00000007272d0000)
 concurrent mark-sweep generation total 106496K, used 3367K [0x00000007390c0000, 0x000000073f8c0000, 0x00000007c0000000)
 Metaspace       used 19651K, capacity 20430K, committed 20736K, reserved 1067008K
  class space    used 2333K, capacity 2511K, committed 2560K, reserved 1048576K
}
2021-12-27T09:18:41.345+0800: 27.920: Application time: 0.0482102 seconds
2021-12-27T09:18:41.354+0800: 27.929: Application time: 0.0063568 seconds
2021-12-27T09:18:41.355+0800: 27.930: Application time: 0.0009374 seconds
2021-12-27T09:18:41.432+0800: 28.008: Application time: 0.0769057 seconds
2021-12-27T09:18:41.445+0800: 28.021: Application time: 0.0005446 seconds
2021-12-27T09:18:41.466+0800: 28.041: Application time: 0.0036755 seconds
2021-12-27T09:18:41.505+0800: 28.080: Application time: 0.0263634 seconds
2021-12-27T09:18:41.571+0800: 28.146: Application time: 0.0655452 seconds
2021-12-27T09:18:41.825+0800: 28.400: Application time: 0.2503248 seconds
2021-12-27T09:18:41.904+0800: 28.479: Application time: 0.0782238 seconds
2021-12-27T09:18:42.055+0800: 28.631: Application time: 0.1471344 seconds
2021-12-27T09:18:42.086+0800: 28.661: Application time: 0.0304466 seconds
2021-12-27T09:18:42.124+0800: 28.699: Application time: 0.0265324 seconds
2021-12-27T09:18:42.165+0800: 28.741: Application time: 0.0401773 seconds
2021-12-27T09:18:42.166+0800: 28.741: Application time: 0.0001729 seconds
2021-12-27T09:18:42.191+0800: 28.766: Application time: 0.0241225 seconds
2021-12-27T09:18:42.194+0800: 28.769: Application time: 0.0004048 seconds
2021-12-27T09:18:42.194+0800: 28.770: Application time: 0.0000327 seconds
2021-12-27T09:18:42.195+0800: 28.776: Application time: 0.0068899 seconds
2021-12-27T09:18:42.227+0800: 28.802: Application time: 0.0004713 seconds
2021-12-27T09:18:42.230+0800: 28.805: Application time: 0.0024082 seconds
2021-12-27T09:18:42.230+0800: 28.805: Application time: 0.0000290 seconds
2021-12-27T09:18:42.233+0800: 28.808: Application time: 0.0034488 seconds
2021-12-27T09:18:42.233+0800: 28.809: Application time: 0.0000212 seconds
2021-12-27T09:18:42.233+0800: 28.809: Application time: 0.0000189 seconds
2021-12-27T09:18:42.399+0800: 28.974: Application time: 0.1658588 seconds
2021-12-27T09:18:42.430+0800: 29.006: Application time: 0.0002378 seconds
2021-12-27T09:18:42.462+0800: 29.037: Application time: 0.0311881 seconds
2021-12-27T09:18:42.470+0800: 29.045: Application time: 0.0028356 seconds
2021-12-27T09:18:42.502+0800: 29.077: Application time: 0.0315959 seconds
2021-12-27T09:18:43.065+0800: 29.640: Application time: 0.5518895 seconds
{Heap before GC invocations=11 (full 0):
 par new generation   total 47936K, used 45632K [0x0000000724400000, 0x0000000727800000, 0x00000007390c0000)
  eden space 42624K, 100% used [0x0000000724400000, 0x0000000726da0000, 0x0000000726da0000)
  from space 5312K,  56% used [0x00000007272d0000, 0x00000007275c00e0, 0x0000000727800000)
  to   space 5312K,   0% used [0x0000000726da0000, 0x0000000726da0000, 0x00000007272d0000)
 concurrent mark-sweep generation total 106496K, used 3367K [0x00000007390c0000, 0x000000073f8c0000, 0x00000007c0000000)
 Metaspace       used 20654K, capacity 21464K, committed 21628K, reserved 1069056K
  class space    used 2480K, capacity 2694K, committed 2764K, reserved 1048576K
2021-12-27T09:18:43.069+0800: 29.644: [GC (Allocation Failure) 2021-12-27T09:18:43.070+0800: 29.645: [ParNew: 45632K->4321K(47936K), 0.0451784 secs] 48999K->7688K(154432K), 0.0637129 secs] [Times: user=0.02 sys=0.00, real=0.06 secs] 
Heap after GC invocations=12 (full 0):
 par new generation   total 47936K, used 4321K [0x0000000724400000, 0x0000000727800000, 0x00000007390c0000)
  eden space 42624K,   0% used [0x0000000724400000, 0x0000000724400000, 0x0000000726da0000)
  from space 5312K,  81% used [0x0000000726da0000, 0x00000007271d8670, 0x00000007272d0000)
  to   space 5312K,   0% used [0x00000007272d0000, 0x00000007272d0000, 0x0000000727800000)
 concurrent mark-sweep generation total 106496K, used 3367K [0x00000007390c0000, 0x000000073f8c0000, 0x00000007c0000000)
 Metaspace       used 20654K, capacity 21464K, committed 21628K, reserved 1069056K
  class space    used 2480K, capacity 2694K, committed 2764K, reserved 1048576K
}
2021-12-27T09:18:43.160+0800: 29.735: Application time: 0.0259172 seconds
2021-12-27T09:18:43.164+0800: 29.739: Application time: 0.0004473 seconds
2021-12-27T09:18:43.165+0800: 29.740: Application time: 0.0000367 seconds
2021-12-27T09:18:43.165+0800: 29.740: Application time: 0.0003051 seconds
2021-12-27T09:18:43.166+0800: 29.750: Application time: 0.0096278 seconds
2021-12-27T09:18:43.175+0800: 29.750: [GC (CMS Initial Mark) [1 CMS-initial-mark: 3367K(106496K)] 8329K(154432K), 0.0239934 secs] [Times: user=0.01 sys=0.01, real=0.02 secs] 
2021-12-27T09:18:43.201+0800: 29.776: [CMS-concurrent-mark-start]
2021-12-27T09:18:43.454+0800: 30.029: [CMS-concurrent-mark: 0.253/0.253 secs] [Times: user=0.03 sys=0.00, real=0.25 secs] 
2021-12-27T09:18:43.477+0800: 30.052: Application time: 0.2764519 seconds
2021-12-27T09:18:43.546+0800: 30.121: [CMS-concurrent-preclean-start]
2021-12-27T09:18:43.547+0800: 30.122: [CMS-concurrent-preclean: 0.001/0.001 secs] [Times: user=0.00 sys=0.00, real=0.00 secs] 
2021-12-27T09:18:43.575+0800: 30.150: [CMS-concurrent-abortable-preclean-start]
2021-12-27T09:18:44.081+0800: 30.656: Application time: 0.5670890 seconds
2021-12-27T09:18:44.083+0800: 30.659: Application time: 0.0019332 seconds
2021-12-27T09:18:44.620+0800: 31.195: Application time: 0.5261818 seconds
2021-12-27T09:18:44.620+0800: 31.195: Application time: 0.0001090 seconds
2021-12-27T09:18:44.635+0800: 31.210: Application time: 0.0000793 seconds
2021-12-27T09:18:45.109+0800: 31.684: Application time: 0.4744055 seconds
2021-12-27T09:18:45.110+0800: 31.685: Application time: 0.0007489 seconds
2021-12-27T09:18:45.502+0800: 32.077: Application time: 0.3600097 seconds
2021-12-27T09:18:45.748+0800: 32.324: Application time: 0.2060151 seconds
{Heap before GC invocations=12 (full 1):
 par new generation   total 47936K, used 46945K [0x0000000724400000, 0x0000000727800000, 0x00000007390c0000)
  eden space 42624K, 100% used [0x0000000724400000, 0x0000000726da0000, 0x0000000726da0000)
  from space 5312K,  81% used [0x0000000726da0000, 0x00000007271d8670, 0x00000007272d0000)
  to   space 5312K,   0% used [0x00000007272d0000, 0x00000007272d0000, 0x0000000727800000)
 concurrent mark-sweep generation total 106496K, used 3367K [0x00000007390c0000, 0x000000073f8c0000, 0x00000007c0000000)
 Metaspace       used 21761K, capacity 22682K, committed 22880K, reserved 1069056K
  class space    used 2684K, capacity 2883K, committed 2916K, reserved 1048576K
2021-12-27T09:18:45.800+0800: 32.375: [GC (Allocation Failure) 2021-12-27T09:18:45.801+0800: 32.376: [ParNew: 46945K->2874K(47936K), 0.0639998 secs] 50312K->7004K(154432K), 0.0876656 secs] [Times: user=0.02 sys=0.00, real=0.09 secs] 
Heap after GC invocations=13 (full 1):
 par new generation   total 47936K, used 2874K [0x0000000724400000, 0x0000000727800000, 0x00000007390c0000)
  eden space 42624K,   0% used [0x0000000724400000, 0x0000000724400000, 0x0000000726da0000)
  from space 5312K,  54% used [0x00000007272d0000, 0x000000072759e810, 0x0000000727800000)
  to   space 5312K,   0% used [0x0000000726da0000, 0x0000000726da0000, 0x00000007272d0000)
 concurrent mark-sweep generation total 106496K, used 4130K [0x00000007390c0000, 0x000000073f8c0000, 0x00000007c0000000)
 Metaspace       used 21761K, capacity 22682K, committed 22880K, reserved 1069056K
  class space    used 2684K, capacity 2883K, committed 2916K, reserved 1048576K
}
2021-12-27T09:18:46.337+0800: 32.912: Application time: 0.4472973 seconds
2021-12-27T09:18:46.804+0800: 33.379: Application time: 0.4658993 seconds
2021-12-27T09:18:47.096+0800: 33.671: [CMS-concurrent-abortable-preclean: 2.976/3.521 secs] [Times: user=0.58 sys=0.06, real=3.52 secs] 
2021-12-27T09:18:47.142+0800: 33.717: Application time: 0.3365891 seconds
2021-12-27T09:18:47.155+0800: 33.730: [GC (CMS Final Remark) [YG occupancy: 32455 K (47936 K)]2021-12-27T09:18:47.156+0800: 33.731: [Rescan (parallel) , 0.0602138 secs]2021-12-27T09:18:47.217+0800: 33.792: [weak refs processing, 0.0036044 secs]2021-12-27T09:18:47.221+0800: 33.796: [class unloading, 0.0669663 secs]2021-12-27T09:18:47.290+0800: 33.865: [scrub symbol table, 0.0329050 secs]2021-12-27T09:18:47.328+0800: 33.903: [scrub string table, 0.0007037 secs][1 CMS-remark: 4130K(106496K)] 36585K(154432K), 0.1761605 secs] [Times: user=0.03 sys=0.00, real=0.18 secs] 
2021-12-27T09:18:47.381+0800: 33.957: Application time: 0.0452397 seconds
2021-12-27T09:18:47.400+0800: 33.975: [CMS-concurrent-sweep-start]
2021-12-27T09:18:47.402+0800: 33.977: [CMS-concurrent-sweep: 0.002/0.002 secs] [Times: user=0.01 sys=0.00, real=0.00 secs] 
2021-12-27T09:18:47.414+0800: 33.989: [CMS-concurrent-reset-start]
2021-12-27T09:18:47.603+0800: 34.178: Application time: 0.2048362 seconds
2021-12-27T09:18:47.906+0800: 34.481: Application time: 0.3024444 seconds
{Heap before GC invocations=13 (full 1):
 par new generation   total 47936K, used 45498K [0x0000000724400000, 0x0000000727800000, 0x00000007390c0000)
  eden space 42624K, 100% used [0x0000000724400000, 0x0000000726da0000, 0x0000000726da0000)
  from space 5312K,  54% used [0x00000007272d0000, 0x000000072759e810, 0x0000000727800000)
  to   space 5312K,   0% used [0x0000000726da0000, 0x0000000726da0000, 0x00000007272d0000)
 concurrent mark-sweep generation total 106496K, used 3847K [0x00000007390c0000, 0x000000073f8c0000, 0x00000007c0000000)
 Metaspace       used 22822K, capacity 23708K, committed 23876K, reserved 1071104K
  class space    used 2870K, capacity 3073K, committed 3140K, reserved 1048576K
2021-12-27T09:18:47.907+0800: 34.482: [GC (Allocation Failure) 2021-12-27T09:18:47.915+0800: 34.490: [ParNew: 45498K->3234K(47936K), 0.0461498 secs] 49345K->7082K(154432K), 0.0553943 secs] [Times: user=0.02 sys=0.00, real=0.05 secs] 
Heap after GC invocations=14 (full 1):
 par new generation   total 47936K, used 3234K [0x0000000724400000, 0x0000000727800000, 0x00000007390c0000)
  eden space 42624K,   0% used [0x0000000724400000, 0x0000000724400000, 0x0000000726da0000)
  from space 5312K,  60% used [0x0000000726da0000, 0x00000007270c8a30, 0x00000007272d0000)
  to   space 5312K,   0% used [0x00000007272d0000, 0x00000007272d0000, 0x0000000727800000)
 concurrent mark-sweep generation total 106496K, used 3847K [0x00000007390c0000, 0x000000073f8c0000, 0x00000007c0000000)
 Metaspace       used 22822K, capacity 23708K, committed 23876K, reserved 1071104K
  class space    used 2870K, capacity 3073K, committed 3140K, reserved 1048576K
}
2021-12-27T09:18:47.965+0800: 34.540: [CMS-concurrent-reset: 0.495/0.551 secs] [Times: user=0.08 sys=0.03, real=0.56 secs] 
2021-12-27T09:18:48.618+0800: 35.193: Application time: 0.6549959 seconds
{Heap before GC invocations=14 (full 1):
 par new generation   total 47936K, used 45811K [0x0000000724400000, 0x0000000727800000, 0x00000007390c0000)
  eden space 42624K,  99% used [0x0000000724400000, 0x0000000726d944c8, 0x0000000726da0000)
  from space 5312K,  60% used [0x0000000726da0000, 0x00000007270c8a30, 0x00000007272d0000)
  to   space 5312K,   0% used [0x00000007272d0000, 0x00000007272d0000, 0x0000000727800000)
 concurrent mark-sweep generation total 106496K, used 3847K [0x00000007390c0000, 0x000000073f8c0000, 0x00000007c0000000)
 Metaspace       used 23212K, capacity 24120K, committed 24388K, reserved 1071104K
  class space    used 2915K, capacity 3119K, committed 3140K, reserved 1048576K
2021-12-27T09:18:48.630+0800: 35.205: [GC (Allocation Failure) 2021-12-27T09:18:48.632+0800: 35.207: [ParNew: 45811K->3673K(47936K), 0.0495330 secs] 49659K->7520K(154432K), 0.0522192 secs] [Times: user=0.02 sys=0.00, real=0.06 secs] 
Heap after GC invocations=15 (full 1):
 par new generation   total 47936K, used 3673K [0x0000000724400000, 0x0000000727800000, 0x00000007390c0000)
  eden space 42624K,   0% used [0x0000000724400000, 0x0000000724400000, 0x0000000726da0000)
  from space 5312K,  69% used [0x00000007272d0000, 0x0000000727666458, 0x0000000727800000)
  to   space 5312K,   0% used [0x0000000726da0000, 0x0000000726da0000, 0x00000007272d0000)
 concurrent mark-sweep generation total 106496K, used 3847K [0x00000007390c0000, 0x000000073f8c0000, 0x00000007c0000000)
 Metaspace       used 23212K, capacity 24120K, committed 24388K, reserved 1071104K
  class space    used 2915K, capacity 3119K, committed 3140K, reserved 1048576K
}
2021-12-27T09:18:49.020+0800: 35.595: Application time: 0.3308841 seconds
2021-12-27T09:18:49.081+0800: 35.656: Application time: 0.0018636 seconds
2021-12-27T09:18:49.104+0800: 35.679: Application time: 0.0051242 seconds
2021-12-27T09:18:49.106+0800: 35.681: Application time: 0.0019673 seconds
2021-12-27T09:18:49.133+0800: 35.709: Application time: 0.0160853 seconds
2021-12-27T09:18:49.194+0800: 35.769: Application time: 0.0488848 seconds
2021-12-27T09:18:49.484+0800: 36.059: Application time: 0.2445343 seconds
2021-12-27T09:18:49.528+0800: 36.104: Application time: 0.0445819 seconds
2021-12-27T09:18:49.584+0800: 36.160: Application time: 0.0018263 seconds
2021-12-27T09:18:49.627+0800: 36.202: Application time: 0.0008363 seconds
2021-12-27T09:18:49.627+0800: 36.202: Application time: 0.0002819 seconds
2021-12-27T09:18:49.627+0800: 36.203: Application time: 0.0001617 seconds
2021-12-27T09:18:49.929+0800: 36.504: Application time: 0.3011715 seconds
2021-12-27T09:18:50.500+0800: 37.075: Application time: 0.5607752 seconds
{Heap before GC invocations=15 (full 1):
 par new generation   total 47936K, used 46297K [0x0000000724400000, 0x0000000727800000, 0x00000007390c0000)
  eden space 42624K, 100% used [0x0000000724400000, 0x0000000726da0000, 0x0000000726da0000)
  from space 5312K,  69% used [0x00000007272d0000, 0x0000000727666458, 0x0000000727800000)
  to   space 5312K,   0% used [0x0000000726da0000, 0x0000000726da0000, 0x00000007272d0000)
 concurrent mark-sweep generation total 106496K, used 3847K [0x00000007390c0000, 0x000000073f8c0000, 0x00000007c0000000)
 Metaspace       used 24383K, capacity 25440K, committed 25668K, reserved 1071104K
  class space    used 3062K, capacity 3315K, committed 3396K, reserved 1048576K
2021-12-27T09:18:50.504+0800: 37.079: [GC (Allocation Failure) 2021-12-27T09:18:50.505+0800: 37.080: [ParNew: 46297K->5299K(47936K), 0.0537416 secs] 50144K->9146K(154432K), 0.0671181 secs] [Times: user=0.02 sys=0.00, real=0.08 secs] 
Heap after GC invocations=16 (full 1):
 par new generation   total 47936K, used 5299K [0x0000000724400000, 0x0000000727800000, 0x00000007390c0000)
  eden space 42624K,   0% used [0x0000000724400000, 0x0000000724400000, 0x0000000726da0000)
  from space 5312K,  99% used [0x0000000726da0000, 0x00000007272ccc98, 0x00000007272d0000)
  to   space 5312K,   0% used [0x00000007272d0000, 0x00000007272d0000, 0x0000000727800000)
 concurrent mark-sweep generation total 106496K, used 3847K [0x00000007390c0000, 0x000000073f8c0000, 0x00000007c0000000)
 Metaspace       used 24383K, capacity 25440K, committed 25668K, reserved 1071104K
  class space    used 3062K, capacity 3315K, committed 3396K, reserved 1048576K
}
2021-12-27T09:18:51.554+0800: 38.129: Application time: 0.9769085 seconds
2021-12-27T09:18:51.771+0800: 38.346: Application time: 0.2172154 seconds
2021-12-27T09:18:51.821+0800: 38.396: Application time: 0.0005394 seconds
2021-12-27T09:18:51.823+0800: 38.398: Application time: 0.0020153 seconds
2021-12-27T09:18:51.824+0800: 38.404: Application time: 0.0062002 seconds
2021-12-27T09:18:52.479+0800: 39.054: Application time: 0.6487214 seconds
{Heap before GC invocations=16 (full 1):
 par new generation   total 47936K, used 47923K [0x0000000724400000, 0x0000000727800000, 0x00000007390c0000)
  eden space 42624K, 100% used [0x0000000724400000, 0x0000000726da0000, 0x0000000726da0000)
  from space 5312K,  99% used [0x0000000726da0000, 0x00000007272ccc98, 0x00000007272d0000)
  to   space 5312K,   0% used [0x00000007272d0000, 0x00000007272d0000, 0x0000000727800000)
 concurrent mark-sweep generation total 106496K, used 3847K [0x00000007390c0000, 0x000000073f8c0000, 0x00000007c0000000)
 Metaspace       used 25916K, capacity 26896K, committed 27076K, reserved 1073152K
  class space    used 3188K, capacity 3413K, committed 3524K, reserved 1048576K
2021-12-27T09:18:52.518+0800: 39.093: [GC (Allocation Failure) 2021-12-27T09:18:52.519+0800: 39.094: [ParNew: 47923K->4305K(47936K), 0.0791576 secs] 51770K->10216K(154432K), 0.0846258 secs] [Times: user=0.02 sys=0.00, real=0.08 secs] 
Heap after GC invocations=17 (full 1):
 par new generation   total 47936K, used 4305K [0x0000000724400000, 0x0000000727800000, 0x00000007390c0000)
  eden space 42624K,   0% used [0x0000000724400000, 0x0000000724400000, 0x0000000726da0000)
  from space 5312K,  81% used [0x00000007272d0000, 0x00000007277045c0, 0x0000000727800000)
  to   space 5312K,   0% used [0x0000000726da0000, 0x0000000726da0000, 0x00000007272d0000)
 concurrent mark-sweep generation total 106496K, used 5910K [0x00000007390c0000, 0x000000073f8c0000, 0x00000007c0000000)
 Metaspace       used 25916K, capacity 26896K, committed 27076K, reserved 1073152K
  class space    used 3188K, capacity 3413K, committed 3524K, reserved 1048576K
}
2021-12-27T09:18:53.637+0800: 40.212: Application time: 1.0332780 seconds
2021-12-27T09:18:53.864+0800: 40.441: Application time: 0.2282740 seconds
{Heap before GC invocations=17 (full 1):
 par new generation   total 47936K, used 46929K [0x0000000724400000, 0x0000000727800000, 0x00000007390c0000)
  eden space 42624K, 100% used [0x0000000724400000, 0x0000000726da0000, 0x0000000726da0000)
  from space 5312K,  81% used [0x00000007272d0000, 0x00000007277045c0, 0x0000000727800000)
  to   space 5312K,   0% used [0x0000000726da0000, 0x0000000726da0000, 0x00000007272d0000)
 concurrent mark-sweep generation total 106496K, used 5910K [0x00000007390c0000, 0x000000073f8c0000, 0x00000007c0000000)
 Metaspace       used 27011K, capacity 28094K, committed 28228K, reserved 1073152K
  class space    used 3313K, capacity 3550K, committed 3652K, reserved 1048576K
2021-12-27T09:18:53.915+0800: 40.490: [GC (Allocation Failure) 2021-12-27T09:18:53.915+0800: 40.490: [ParNew: 46929K->3873K(47936K), 0.0886082 secs] 52840K->9784K(154432K), 0.0998659 secs] [Times: user=0.01 sys=0.00, real=0.10 secs] 
Heap after GC invocations=18 (full 1):
 par new generation   total 47936K, used 3873K [0x0000000724400000, 0x0000000727800000, 0x00000007390c0000)
  eden space 42624K,   0% used [0x0000000724400000, 0x0000000724400000, 0x0000000726da0000)
  from space 5312K,  72% used [0x0000000726da0000, 0x0000000727168720, 0x00000007272d0000)
  to   space 5312K,   0% used [0x00000007272d0000, 0x00000007272d0000, 0x0000000727800000)
 concurrent mark-sweep generation total 106496K, used 5910K [0x00000007390c0000, 0x000000073f8c0000, 0x00000007c0000000)
 Metaspace       used 27011K, capacity 28094K, committed 28228K, reserved 1073152K
  class space    used 3313K, capacity 3550K, committed 3652K, reserved 1048576K
}
2021-12-27T09:18:54.195+0800: 40.770: Application time: 0.1796865 seconds
2021-12-27T09:18:54.410+0800: 40.985: Application time: 0.2029254 seconds
2021-12-27T09:18:54.534+0800: 41.110: Application time: 0.0887436 seconds
2021-12-27T09:18:54.563+0800: 41.138: Application time: 0.0026681 seconds
2021-12-27T09:18:54.565+0800: 41.147: Application time: 0.0086149 seconds
2021-12-27T09:18:54.875+0800: 41.450: Application time: 0.3026945 seconds
2021-12-27T09:18:54.897+0800: 41.472: Application time: 0.0129853 seconds
2021-12-27T09:18:54.956+0800: 41.531: Application time: 0.0001032 seconds
2021-12-27T09:18:55.025+0800: 41.600: Application time: 0.0692690 seconds
2021-12-27T09:18:55.182+0800: 41.757: Application time: 0.1369573 seconds
{Heap before GC invocations=18 (full 1):
 par new generation   total 47936K, used 46497K [0x0000000724400000, 0x0000000727800000, 0x00000007390c0000)
  eden space 42624K, 100% used [0x0000000724400000, 0x0000000726da0000, 0x0000000726da0000)
  from space 5312K,  72% used [0x0000000726da0000, 0x0000000727168720, 0x00000007272d0000)
  to   space 5312K,   0% used [0x00000007272d0000, 0x00000007272d0000, 0x0000000727800000)
 concurrent mark-sweep generation total 106496K, used 5910K [0x00000007390c0000, 0x000000073f8c0000, 0x00000007c0000000)
 Metaspace       used 27814K, capacity 28840K, committed 28996K, reserved 1075200K
  class space    used 3408K, capacity 3647K, committed 3652K, reserved 1048576K
2021-12-27T09:18:55.211+0800: 41.786: [GC (Allocation Failure) 2021-12-27T09:18:55.211+0800: 41.786: [ParNew: 46497K->5312K(47936K), 0.1654233 secs] 52408K->12647K(154432K), 0.1672708 secs] [Times: user=0.02 sys=0.01, real=0.17 secs] 
Heap after GC invocations=19 (full 1):
 par new generation   total 47936K, used 5312K [0x0000000724400000, 0x0000000727800000, 0x00000007390c0000)
  eden space 42624K,   0% used [0x0000000724400000, 0x0000000724400000, 0x0000000726da0000)
  from space 5312K, 100% used [0x00000007272d0000, 0x0000000727800000, 0x0000000727800000)
  to   space 5312K,   0% used [0x0000000726da0000, 0x0000000726da0000, 0x00000007272d0000)
 concurrent mark-sweep generation total 106496K, used 7335K [0x00000007390c0000, 0x000000073f8c0000, 0x00000007c0000000)
 Metaspace       used 27814K, capacity 28840K, committed 28996K, reserved 1075200K
  class space    used 3408K, capacity 3647K, committed 3652K, reserved 1048576K
}
2021-12-27T09:18:55.643+0800: 42.219: Application time: 0.2634104 seconds
2021-12-27T09:18:55.680+0800: 42.256: Application time: 0.0001301 seconds
2021-12-27T09:18:55.688+0800: 42.264: Application time: 0.0002382 seconds
2021-12-27T09:18:55.690+0800: 42.265: Application time: 0.0011572 seconds
2021-12-27T09:18:55.698+0800: 42.275: Application time: 0.0048013 seconds
2021-12-27T09:18:55.736+0800: 42.311: Application time: 0.0002313 seconds
2021-12-27T09:18:55.749+0800: 42.324: Application time: 0.0126811 seconds
2021-12-27T09:18:55.764+0800: 42.339: Application time: 0.0140382 seconds
2021-12-27T09:18:55.867+0800: 42.442: Application time: 0.0364295 seconds
2021-12-27T09:18:55.901+0800: 42.476: Application time: 0.0306569 seconds
2021-12-27T09:18:55.962+0800: 42.538: Application time: 0.0260447 seconds
2021-12-27T09:18:55.969+0800: 42.544: Application time: 0.0024501 seconds
{Heap before GC invocations=19 (full 1):
 par new generation   total 47936K, used 47893K [0x0000000724400000, 0x0000000727800000, 0x00000007390c0000)
  eden space 42624K,  99% used [0x0000000724400000, 0x0000000726d95400, 0x0000000726da0000)
  from space 5312K, 100% used [0x00000007272d0000, 0x0000000727800000, 0x0000000727800000)
  to   space 5312K,   0% used [0x0000000726da0000, 0x0000000726da0000, 0x00000007272d0000)
 concurrent mark-sweep generation total 106496K, used 7335K [0x00000007390c0000, 0x000000073f8c0000, 0x00000007c0000000)
 Metaspace       used 28152K, capacity 29156K, committed 29380K, reserved 1075200K
  class space    used 3461K, capacity 3691K, committed 3780K, reserved 1048576K
2021-12-27T09:18:55.970+0800: 42.545: [GC (Allocation Failure) 2021-12-27T09:18:55.971+0800: 42.546: [ParNew: 47893K->4615K(47936K), 0.1937060 secs] 55228K->14147K(154432K), 0.1960350 secs] [Times: user=0.02 sys=0.00, real=0.20 secs] 
Heap after GC invocations=20 (full 1):
 par new generation   total 47936K, used 4615K [0x0000000724400000, 0x0000000727800000, 0x00000007390c0000)
  eden space 42624K,   0% used [0x0000000724400000, 0x0000000724400000, 0x0000000726da0000)
  from space 5312K,  86% used [0x0000000726da0000, 0x0000000727221e08, 0x00000007272d0000)
  to   space 5312K,   0% used [0x00000007272d0000, 0x00000007272d0000, 0x0000000727800000)
 concurrent mark-sweep generation total 106496K, used 9532K [0x00000007390c0000, 0x000000073f8c0000, 0x00000007c0000000)
 Metaspace       used 28152K, capacity 29156K, committed 29380K, reserved 1075200K
  class space    used 3461K, capacity 3691K, committed 3780K, reserved 1048576K
}
2021-12-27T09:18:56.177+0800: 42.752: Application time: 0.0102406 seconds
2021-12-27T09:18:56.424+0800: 42.999: Application time: 0.2251085 seconds
2021-12-27T09:18:56.445+0800: 43.021: Application time: 0.0038327 seconds
2021-12-27T09:18:56.448+0800: 43.023: Application time: 0.0014832 seconds
2021-12-27T09:18:56.546+0800: 43.122: Application time: 0.0945285 seconds
2021-12-27T09:18:56.554+0800: 43.129: Application time: 0.0027140 seconds
2021-12-27T09:18:56.813+0800: 43.388: Application time: 0.2566558 seconds
2021-12-27T09:18:56.826+0800: 43.402: Application time: 0.0062711 seconds
2021-12-27T09:18:56.848+0800: 43.423: Application time: 0.0043498 seconds
{Heap before GC invocations=20 (full 1):
 par new generation   total 47936K, used 47239K [0x0000000724400000, 0x0000000727800000, 0x00000007390c0000)
  eden space 42624K, 100% used [0x0000000724400000, 0x0000000726da0000, 0x0000000726da0000)
  from space 5312K,  86% used [0x0000000726da0000, 0x0000000727221e08, 0x00000007272d0000)
  to   space 5312K,   0% used [0x00000007272d0000, 0x00000007272d0000, 0x0000000727800000)
 concurrent mark-sweep generation total 106496K, used 9532K [0x00000007390c0000, 0x000000073f8c0000, 0x00000007c0000000)
 Metaspace       used 28501K, capacity 29648K, committed 29892K, reserved 1075200K
  class space    used 3506K, capacity 3771K, committed 3780K, reserved 1048576K
2021-12-27T09:18:56.852+0800: 43.427: [GC (Allocation Failure) 2021-12-27T09:18:56.853+0800: 43.428: [ParNew: 47239K->3096K(47936K), 0.0540025 secs] 56771K->12628K(154432K), 0.0581640 secs] [Times: user=0.01 sys=0.00, real=0.06 secs] 
Heap after GC invocations=21 (full 1):
 par new generation   total 47936K, used 3096K [0x0000000724400000, 0x0000000727800000, 0x00000007390c0000)
  eden space 42624K,   0% used [0x0000000724400000, 0x0000000724400000, 0x0000000726da0000)
  from space 5312K,  58% used [0x00000007272d0000, 0x00000007275d6340, 0x0000000727800000)
  to   space 5312K,   0% used [0x0000000726da0000, 0x0000000726da0000, 0x00000007272d0000)
 concurrent mark-sweep generation total 106496K, used 9532K [0x00000007390c0000, 0x000000073f8c0000, 0x00000007c0000000)
 Metaspace       used 28501K, capacity 29648K, committed 29892K, reserved 1075200K
  class space    used 3506K, capacity 3771K, committed 3780K, reserved 1048576K
}
2021-12-27T09:18:56.915+0800: 43.490: Application time: 0.0032868 seconds
2021-12-27T09:18:57.224+0800: 43.799: Application time: 0.3085575 seconds
2021-12-27T09:18:57.819+0800: 44.394: Application time: 0.5948538 seconds
2021-12-27T09:18:57.913+0800: 44.488: Application time: 0.0936113 seconds
{Heap before GC invocations=21 (full 1):
 par new generation   total 47936K, used 45720K [0x0000000724400000, 0x0000000727800000, 0x00000007390c0000)
  eden space 42624K, 100% used [0x0000000724400000, 0x0000000726da0000, 0x0000000726da0000)
  from space 5312K,  58% used [0x00000007272d0000, 0x00000007275d6340, 0x0000000727800000)
  to   space 5312K,   0% used [0x0000000726da0000, 0x0000000726da0000, 0x00000007272d0000)
 concurrent mark-sweep generation total 106496K, used 9532K [0x00000007390c0000, 0x000000073f8c0000, 0x00000007c0000000)
 Metaspace       used 28926K, capacity 30000K, committed 30276K, reserved 1075200K
  class space    used 3552K, capacity 3803K, committed 3908K, reserved 1048576K
2021-12-27T09:18:57.929+0800: 44.504: [GC (Allocation Failure) 2021-12-27T09:18:57.931+0800: 44.506: [ParNew: 45720K->5311K(47936K), 0.1529683 secs] 55252K->15091K(154432K), 0.1555599 secs] [Times: user=0.02 sys=0.00, real=0.16 secs] 
Heap after GC invocations=22 (full 1):
 par new generation   total 47936K, used 5311K [0x0000000724400000, 0x0000000727800000, 0x00000007390c0000)
  eden space 42624K,   0% used [0x0000000724400000, 0x0000000724400000, 0x0000000726da0000)
  from space 5312K,  99% used [0x0000000726da0000, 0x00000007272cfff8, 0x00000007272d0000)
  to   space 5312K,   0% used [0x00000007272d0000, 0x00000007272d0000, 0x0000000727800000)
 concurrent mark-sweep generation total 106496K, used 9779K [0x00000007390c0000, 0x000000073f8c0000, 0x00000007c0000000)
 Metaspace       used 28926K, capacity 30000K, committed 30276K, reserved 1075200K
  class space    used 3552K, capacity 3803K, committed 3908K, reserved 1048576K
}
2021-12-27T09:18:58.431+0800: 45.006: Application time: 0.3439957 seconds
2021-12-27T09:18:58.552+0800: 45.127: Application time: 0.1026755 seconds
{Heap before GC invocations=22 (full 1):
 par new generation   total 47936K, used 47935K [0x0000000724400000, 0x0000000727800000, 0x00000007390c0000)
  eden space 42624K, 100% used [0x0000000724400000, 0x0000000726da0000, 0x0000000726da0000)
  from space 5312K,  99% used [0x0000000726da0000, 0x00000007272cfff8, 0x00000007272d0000)
  to   space 5312K,   0% used [0x00000007272d0000, 0x00000007272d0000, 0x0000000727800000)
 concurrent mark-sweep generation total 106496K, used 9779K [0x00000007390c0000, 0x000000073f8c0000, 0x00000007c0000000)
 Metaspace       used 28932K, capacity 30000K, committed 30276K, reserved 1075200K
  class space    used 3552K, capacity 3803K, committed 3908K, reserved 1048576K
2021-12-27T09:18:58.554+0800: 45.129: [GC (Allocation Failure) 2021-12-27T09:18:58.556+0800: 45.131: [ParNew: 47935K->5312K(47936K), 0.2290331 secs] 57715K->16951K(154432K), 0.2324607 secs] [Times: user=0.04 sys=0.01, real=0.24 secs] 
Heap after GC invocations=23 (full 1):
 par new generation   total 47936K, used 5312K [0x0000000724400000, 0x0000000727800000, 0x00000007390c0000)
  eden space 42624K,   0% used [0x0000000724400000, 0x0000000724400000, 0x0000000726da0000)
  from space 5312K, 100% used [0x00000007272d0000, 0x0000000727800000, 0x0000000727800000)
  to   space 5312K,   0% used [0x0000000726da0000, 0x0000000726da0000, 0x00000007272d0000)
 concurrent mark-sweep generation total 106496K, used 11639K [0x00000007390c0000, 0x000000073f8c0000, 0x00000007c0000000)
 Metaspace       used 28932K, capacity 30000K, committed 30276K, reserved 1075200K
  class space    used 3552K, capacity 3803K, committed 3908K, reserved 1048576K
}
2021-12-27T09:18:59.097+0800: 45.672: Application time: 0.3099994 seconds
2021-12-27T09:18:59.476+0800: 46.051: Application time: 0.3782863 seconds
{Heap before GC invocations=23 (full 1):
 par new generation   total 47936K, used 47936K [0x0000000724400000, 0x0000000727800000, 0x00000007390c0000)
  eden space 42624K, 100% used [0x0000000724400000, 0x0000000726da0000, 0x0000000726da0000)
  from space 5312K, 100% used [0x00000007272d0000, 0x0000000727800000, 0x0000000727800000)
  to   space 5312K,   0% used [0x0000000726da0000, 0x0000000726da0000, 0x00000007272d0000)
 concurrent mark-sweep generation total 106496K, used 11639K [0x00000007390c0000, 0x000000073f8c0000, 0x00000007c0000000)
 Metaspace       used 28945K, capacity 30064K, committed 30276K, reserved 1075200K
  class space    used 3552K, capacity 3803K, committed 3908K, reserved 1048576K
2021-12-27T09:18:59.476+0800: 46.051: [GC (Allocation Failure) 2021-12-27T09:18:59.477+0800: 46.052: [ParNew: 47936K->5282K(47936K), 0.1597091 secs] 59575K->16948K(154432K), 0.1611288 secs] [Times: user=0.01 sys=0.00, real=0.16 secs] 
Heap after GC invocations=24 (full 1):
 par new generation   total 47936K, used 5282K [0x0000000724400000, 0x0000000727800000, 0x00000007390c0000)
  eden space 42624K,   0% used [0x0000000724400000, 0x0000000724400000, 0x0000000726da0000)
  from space 5312K,  99% used [0x0000000726da0000, 0x00000007272c8950, 0x00000007272d0000)
  to   space 5312K,   0% used [0x00000007272d0000, 0x00000007272d0000, 0x0000000727800000)
 concurrent mark-sweep generation total 106496K, used 11666K [0x00000007390c0000, 0x000000073f8c0000, 0x00000007c0000000)
 Metaspace       used 28945K, capacity 30064K, committed 30276K, reserved 1075200K
  class space    used 3552K, capacity 3803K, committed 3908K, reserved 1048576K
}
2021-12-27T09:18:59.813+0800: 46.388: Application time: 0.1737028 seconds
2021-12-27T09:19:00.377+0800: 46.953: Application time: 0.5639329 seconds
{Heap before GC invocations=24 (full 1):
 par new generation   total 47936K, used 47906K [0x0000000724400000, 0x0000000727800000, 0x00000007390c0000)
  eden space 42624K, 100% used [0x0000000724400000, 0x0000000726da0000, 0x0000000726da0000)
  from space 5312K,  99% used [0x0000000726da0000, 0x00000007272c8950, 0x00000007272d0000)
  to   space 5312K,   0% used [0x00000007272d0000, 0x00000007272d0000, 0x0000000727800000)
 concurrent mark-sweep generation total 106496K, used 11666K [0x00000007390c0000, 0x000000073f8c0000, 0x00000007c0000000)
 Metaspace       used 29048K, capacity 30078K, committed 30276K, reserved 1075200K
  class space    used 3569K, capacity 3808K, committed 3908K, reserved 1048576K
2021-12-27T09:19:00.380+0800: 46.955: [GC (Allocation Failure) 2021-12-27T09:19:00.380+0800: 46.956: [ParNew: 47906K->5155K(47936K), 0.1261799 secs] 59572K->16847K(154432K), 0.1278036 secs] [Times: user=0.02 sys=0.00, real=0.13 secs] 
Heap after GC invocations=25 (full 1):
 par new generation   total 47936K, used 5155K [0x0000000724400000, 0x0000000727800000, 0x00000007390c0000)
  eden space 42624K,   0% used [0x0000000724400000, 0x0000000724400000, 0x0000000726da0000)
  from space 5312K,  97% used [0x00000007272d0000, 0x00000007277d8f58, 0x0000000727800000)
  to   space 5312K,   0% used [0x0000000726da0000, 0x0000000726da0000, 0x00000007272d0000)
 concurrent mark-sweep generation total 106496K, used 11691K [0x00000007390c0000, 0x000000073f8c0000, 0x00000007c0000000)
 Metaspace       used 29048K, capacity 30078K, committed 30276K, reserved 1075200K
  class space    used 3569K, capacity 3808K, committed 3908K, reserved 1048576K
}
2021-12-27T09:19:01.516+0800: 48.091: Application time: 1.0011002 seconds
2021-12-27T09:19:01.704+0800: 48.279: Application time: 0.1735414 seconds
{Heap before GC invocations=25 (full 1):
 par new generation   total 47936K, used 47779K [0x0000000724400000, 0x0000000727800000, 0x00000007390c0000)
  eden space 42624K, 100% used [0x0000000724400000, 0x0000000726da0000, 0x0000000726da0000)
  from space 5312K,  97% used [0x00000007272d0000, 0x00000007277d8f58, 0x0000000727800000)
  to   space 5312K,   0% used [0x0000000726da0000, 0x0000000726da0000, 0x00000007272d0000)
 concurrent mark-sweep generation total 106496K, used 11691K [0x00000007390c0000, 0x000000073f8c0000, 0x00000007c0000000)
 Metaspace       used 29575K, capacity 30648K, committed 30788K, reserved 1077248K
  class space    used 3627K, capacity 3879K, committed 3908K, reserved 1048576K
2021-12-27T09:19:01.709+0800: 48.285: [GC (Allocation Failure) 2021-12-27T09:19:01.712+0800: 48.287: [ParNew: 47779K->2470K(47936K), 0.0532607 secs] 59471K->14898K(154432K), 0.0585555 secs] [Times: user=0.01 sys=0.00, real=0.06 secs] 
Heap after GC invocations=26 (full 1):
 par new generation   total 47936K, used 2470K [0x0000000724400000, 0x0000000727800000, 0x00000007390c0000)
  eden space 42624K,   0% used [0x0000000724400000, 0x0000000724400000, 0x0000000726da0000)
  from space 5312K,  46% used [0x0000000726da0000, 0x0000000727009858, 0x00000007272d0000)
  to   space 5312K,   0% used [0x00000007272d0000, 0x00000007272d0000, 0x0000000727800000)
 concurrent mark-sweep generation total 106496K, used 12428K [0x00000007390c0000, 0x000000073f8c0000, 0x00000007c0000000)
 Metaspace       used 29575K, capacity 30648K, committed 30788K, reserved 1077248K
  class space    used 3627K, capacity 3879K, committed 3908K, reserved 1048576K
}
2021-12-27T09:19:02.770+0800: 49.345: Application time: 1.0004066 seconds
2021-12-27T09:19:02.864+0800: 49.440: Application time: 0.0646416 seconds
{Heap before GC invocations=26 (full 1):
 par new generation   total 47936K, used 45094K [0x0000000724400000, 0x0000000727800000, 0x00000007390c0000)
  eden space 42624K, 100% used [0x0000000724400000, 0x0000000726da0000, 0x0000000726da0000)
  from space 5312K,  46% used [0x0000000726da0000, 0x0000000727009858, 0x00000007272d0000)
  to   space 5312K,   0% used [0x00000007272d0000, 0x00000007272d0000, 0x0000000727800000)
 concurrent mark-sweep generation total 106496K, used 12428K [0x00000007390c0000, 0x000000073f8c0000, 0x00000007c0000000)
 Metaspace       used 29885K, capacity 31062K, committed 31172K, reserved 1077248K
  class space    used 3667K, capacity 3928K, committed 4036K, reserved 1048576K
2021-12-27T09:19:02.865+0800: 49.440: [GC (Allocation Failure) 2021-12-27T09:19:02.866+0800: 49.441: [ParNew: 45094K->2733K(47936K), 0.0275924 secs] 57522K->15161K(154432K), 0.0330920 secs] [Times: user=0.01 sys=0.00, real=0.03 secs] 
Heap after GC invocations=27 (full 1):
 par new generation   total 47936K, used 2733K [0x0000000724400000, 0x0000000727800000, 0x00000007390c0000)
  eden space 42624K,   0% used [0x0000000724400000, 0x0000000724400000, 0x0000000726da0000)
  from space 5312K,  51% used [0x00000007272d0000, 0x000000072757b730, 0x0000000727800000)
  to   space 5312K,   0% used [0x0000000726da0000, 0x0000000726da0000, 0x00000007272d0000)
 concurrent mark-sweep generation total 106496K, used 12428K [0x00000007390c0000, 0x000000073f8c0000, 0x00000007c0000000)
 Metaspace       used 29885K, capacity 31062K, committed 31172K, reserved 1077248K
  class space    used 3667K, capacity 3928K, committed 4036K, reserved 1048576K
}
2021-12-27T09:19:03.819+0800: 50.394: Application time: 0.9190761 seconds
2021-12-27T09:19:03.826+0800: 50.402: Application time: 0.0077791 seconds
2021-12-27T09:19:03.828+0800: 50.403: Application time: 0.0001508 seconds
2021-12-27T09:19:04.039+0800: 50.614: Application time: 0.2091005 seconds
{Heap before GC invocations=27 (full 1):
 par new generation   total 47936K, used 45357K [0x0000000724400000, 0x0000000727800000, 0x00000007390c0000)
  eden space 42624K, 100% used [0x0000000724400000, 0x0000000726da0000, 0x0000000726da0000)
  from space 5312K,  51% used [0x00000007272d0000, 0x000000072757b730, 0x0000000727800000)
  to   space 5312K,   0% used [0x0000000726da0000, 0x0000000726da0000, 0x00000007272d0000)
 concurrent mark-sweep generation total 106496K, used 12428K [0x00000007390c0000, 0x000000073f8c0000, 0x00000007c0000000)
 Metaspace       used 30150K, capacity 31342K, committed 31428K, reserved 1077248K
  class space    used 3701K, capacity 3968K, committed 4036K, reserved 1048576K
2021-12-27T09:19:04.041+0800: 50.616: [GC (Allocation Failure) 2021-12-27T09:19:04.041+0800: 50.616: [ParNew: 45357K->3129K(47936K), 0.0471164 secs] 57785K->15557K(154432K), 0.0502264 secs] [Times: user=0.02 sys=0.00, real=0.06 secs] 
Heap after GC invocations=28 (full 1):
 par new generation   total 47936K, used 3129K [0x0000000724400000, 0x0000000727800000, 0x00000007390c0000)
  eden space 42624K,   0% used [0x0000000724400000, 0x0000000724400000, 0x0000000726da0000)
  from space 5312K,  58% used [0x0000000726da0000, 0x00000007270ae5b8, 0x00000007272d0000)
  to   space 5312K,   0% used [0x00000007272d0000, 0x00000007272d0000, 0x0000000727800000)
 concurrent mark-sweep generation total 106496K, used 12428K [0x00000007390c0000, 0x000000073f8c0000, 0x00000007c0000000)
 Metaspace       used 30150K, capacity 31342K, committed 31428K, reserved 1077248K
  class space    used 3701K, capacity 3968K, committed 4036K, reserved 1048576K
}
2021-12-27T09:19:04.308+0800: 50.884: Application time: 0.2089381 seconds
2021-12-27T09:19:05.060+0800: 51.635: Application time: 0.7493696 seconds
{Heap before GC invocations=28 (full 1):
 par new generation   total 47936K, used 45753K [0x0000000724400000, 0x0000000727800000, 0x00000007390c0000)
  eden space 42624K, 100% used [0x0000000724400000, 0x0000000726da0000, 0x0000000726da0000)
  from space 5312K,  58% used [0x0000000726da0000, 0x00000007270ae5b8, 0x00000007272d0000)
  to   space 5312K,   0% used [0x00000007272d0000, 0x00000007272d0000, 0x0000000727800000)
 concurrent mark-sweep generation total 106496K, used 12428K [0x00000007390c0000, 0x000000073f8c0000, 0x00000007c0000000)
 Metaspace       used 30345K, capacity 31516K, committed 31684K, reserved 1077248K
  class space    used 3723K, capacity 3977K, committed 4036K, reserved 1048576K
2021-12-27T09:19:05.061+0800: 51.636: [GC (Allocation Failure) 2021-12-27T09:19:05.062+0800: 51.637: [ParNew: 45753K->3621K(47936K), 0.0588145 secs] 58181K->16350K(154432K), 0.0627865 secs] [Times: user=0.01 sys=0.00, real=0.06 secs] 
Heap after GC invocations=29 (full 1):
 par new generation   total 47936K, used 3621K [0x0000000724400000, 0x0000000727800000, 0x00000007390c0000)
  eden space 42624K,   0% used [0x0000000724400000, 0x0000000724400000, 0x0000000726da0000)
  from space 5312K,  68% used [0x00000007272d0000, 0x0000000727659598, 0x0000000727800000)
  to   space 5312K,   0% used [0x0000000726da0000, 0x0000000726da0000, 0x00000007272d0000)
 concurrent mark-sweep generation total 106496K, used 12729K [0x00000007390c0000, 0x000000073f8c0000, 0x00000007c0000000)
 Metaspace       used 30345K, capacity 31516K, committed 31684K, reserved 1077248K
  class space    used 3723K, capacity 3977K, committed 4036K, reserved 1048576K
}
2021-12-27T09:19:05.726+0800: 52.301: Application time: 0.6012415 seconds
2021-12-27T09:19:05.799+0800: 52.375: Application time: 0.0712561 seconds
2021-12-27T09:19:06.201+0800: 52.776: Application time: 0.3979563 seconds
{Heap before GC invocations=29 (full 1):
 par new generation   total 47936K, used 46245K [0x0000000724400000, 0x0000000727800000, 0x00000007390c0000)
  eden space 42624K, 100% used [0x0000000724400000, 0x0000000726da0000, 0x0000000726da0000)
  from space 5312K,  68% used [0x00000007272d0000, 0x0000000727659598, 0x0000000727800000)
  to   space 5312K,   0% used [0x0000000726da0000, 0x0000000726da0000, 0x00000007272d0000)
 concurrent mark-sweep generation total 106496K, used 12729K [0x00000007390c0000, 0x000000073f8c0000, 0x00000007c0000000)
 Metaspace       used 30497K, capacity 31724K, committed 31940K, reserved 1077248K
  class space    used 3745K, capacity 4015K, committed 4036K, reserved 1048576K
2021-12-27T09:19:06.202+0800: 52.777: [GC (Allocation Failure) 2021-12-27T09:19:06.203+0800: 52.778: [ParNew: 46245K->3706K(47936K), 0.0779943 secs] 58974K->16707K(154432K), 0.0948479 secs] [Times: user=0.02 sys=0.00, real=0.10 secs] 
Heap after GC invocations=30 (full 1):
 par new generation   total 47936K, used 3706K [0x0000000724400000, 0x0000000727800000, 0x00000007390c0000)
  eden space 42624K,   0% used [0x0000000724400000, 0x0000000724400000, 0x0000000726da0000)
  from space 5312K,  69% used [0x0000000726da0000, 0x000000072713e988, 0x00000007272d0000)
  to   space 5312K,   0% used [0x00000007272d0000, 0x00000007272d0000, 0x0000000727800000)
 concurrent mark-sweep generation total 106496K, used 13001K [0x00000007390c0000, 0x000000073f8c0000, 0x00000007c0000000)
 Metaspace       used 30497K, capacity 31724K, committed 31940K, reserved 1077248K
  class space    used 3745K, capacity 4015K, committed 4036K, reserved 1048576K
}
2021-12-27T09:19:06.539+0800: 53.114: Application time: 0.2409385 seconds
2021-12-27T09:19:07.531+0800: 54.129: Application time: 1.0123103 seconds
2021-12-27T09:19:07.742+0800: 54.340: Application time: 0.2098539 seconds
{Heap before GC invocations=30 (full 1):
 par new generation   total 47936K, used 46330K [0x0000000724400000, 0x0000000727800000, 0x00000007390c0000)
  eden space 42624K, 100% used [0x0000000724400000, 0x0000000726da0000, 0x0000000726da0000)
  from space 5312K,  69% used [0x0000000726da0000, 0x000000072713e988, 0x00000007272d0000)
  to   space 5312K,   0% used [0x00000007272d0000, 0x00000007272d0000, 0x0000000727800000)
 concurrent mark-sweep generation total 106496K, used 13001K [0x00000007390c0000, 0x000000073f8c0000, 0x00000007c0000000)
 Metaspace       used 31284K, capacity 32592K, committed 32836K, reserved 1077248K
  class space    used 3856K, capacity 4139K, committed 4164K, reserved 1048576K
2021-12-27T09:19:07.744+0800: 54.342: [GC (Allocation Failure) 2021-12-27T09:19:07.746+0800: 54.344: [ParNew: 46330K->3461K(47936K), 0.0552437 secs] 59331K->17213K(154432K), 0.0577248 secs] [Times: user=0.02 sys=0.00, real=0.06 secs] 
Heap after GC invocations=31 (full 1):
 par new generation   total 47936K, used 3461K [0x0000000724400000, 0x0000000727800000, 0x00000007390c0000)
  eden space 42624K,   0% used [0x0000000724400000, 0x0000000724400000, 0x0000000726da0000)
  from space 5312K,  65% used [0x00000007272d0000, 0x00000007276317b8, 0x0000000727800000)
  to   space 5312K,   0% used [0x0000000726da0000, 0x0000000726da0000, 0x00000007272d0000)
 concurrent mark-sweep generation total 106496K, used 13751K [0x00000007390c0000, 0x000000073f8c0000, 0x00000007c0000000)
 Metaspace       used 31284K, capacity 32592K, committed 32836K, reserved 1077248K
  class space    used 3856K, capacity 4139K, committed 4164K, reserved 1048576K
}
2021-12-27T09:19:08.803+0800: 55.401: Application time: 1.0003789 seconds
2021-12-27T09:19:09.801+0800: 56.400: Application time: 0.9980004 seconds
{Heap before GC invocations=31 (full 1):
 par new generation   total 47936K, used 46085K [0x0000000724400000, 0x0000000727800000, 0x00000007390c0000)
  eden space 42624K, 100% used [0x0000000724400000, 0x0000000726da0000, 0x0000000726da0000)
  from space 5312K,  65% used [0x00000007272d0000, 0x00000007276317b8, 0x0000000727800000)
  to   space 5312K,   0% used [0x0000000726da0000, 0x0000000726da0000, 0x00000007272d0000)
 concurrent mark-sweep generation total 106496K, used 13751K [0x00000007390c0000, 0x000000073f8c0000, 0x00000007c0000000)
 Metaspace       used 32027K, capacity 33412K, committed 33476K, reserved 1079296K
  class space    used 3964K, capacity 4249K, committed 4292K, reserved 1048576K
2021-12-27T09:19:09.806+0800: 56.404: [GC (Allocation Failure) 2021-12-27T09:19:09.806+0800: 56.404: [ParNew: 46085K->3398K(47936K), 0.0884965 secs] 59837K->17149K(154432K), 0.0976703 secs] [Times: user=0.02 sys=0.01, real=0.10 secs] 
Heap after GC invocations=32 (full 1):
 par new generation   total 47936K, used 3398K [0x0000000724400000, 0x0000000727800000, 0x00000007390c0000)
  eden space 42624K,   0% used [0x0000000724400000, 0x0000000724400000, 0x0000000726da0000)
  from space 5312K,  63% used [0x0000000726da0000, 0x00000007270f1940, 0x00000007272d0000)
  to   space 5312K,   0% used [0x00000007272d0000, 0x00000007272d0000, 0x0000000727800000)
 concurrent mark-sweep generation total 106496K, used 13751K [0x00000007390c0000, 0x000000073f8c0000, 0x00000007c0000000)
 Metaspace       used 32027K, capacity 33412K, committed 33476K, reserved 1079296K
  class space    used 3964K, capacity 4249K, committed 4292K, reserved 1048576K
}
2021-12-27T09:19:10.907+0800: 57.505: Application time: 1.0002614 seconds
2021-12-27T09:19:11.913+0800: 58.511: Application time: 1.0010371 seconds
2021-12-27T09:19:12.672+0800: 59.270: Application time: 0.7456204 seconds
2021-12-27T09:19:12.895+0800: 59.493: Application time: 0.2182452 seconds
{Heap before GC invocations=32 (full 1):
 par new generation   total 47936K, used 46022K [0x0000000724400000, 0x0000000727800000, 0x00000007390c0000)
  eden space 42624K, 100% used [0x0000000724400000, 0x0000000726da0000, 0x0000000726da0000)
  from space 5312K,  63% used [0x0000000726da0000, 0x00000007270f1940, 0x00000007272d0000)
  to   space 5312K,   0% used [0x00000007272d0000, 0x00000007272d0000, 0x0000000727800000)
 concurrent mark-sweep generation total 106496K, used 13751K [0x00000007390c0000, 0x000000073f8c0000, 0x00000007c0000000)
 Metaspace       used 32789K, capacity 34196K, committed 34372K, reserved 1079296K
  class space    used 4079K, capacity 4367K, committed 4420K, reserved 1048576K
2021-12-27T09:19:12.896+0800: 59.494: [GC (Allocation Failure) 2021-12-27T09:19:12.898+0800: 59.496: [ParNew: 46022K->3558K(47936K), 0.0727318 secs] 59773K->17685K(154432K), 0.0809436 secs] [Times: user=0.01 sys=0.00, real=0.08 secs] 
Heap after GC invocations=33 (full 1):
 par new generation   total 47936K, used 3558K [0x0000000724400000, 0x0000000727800000, 0x00000007390c0000)
  eden space 42624K,   0% used [0x0000000724400000, 0x0000000724400000, 0x0000000726da0000)
  from space 5312K,  66% used [0x00000007272d0000, 0x0000000727649a08, 0x0000000727800000)
  to   space 5312K,   0% used [0x0000000726da0000, 0x0000000726da0000, 0x00000007272d0000)
 concurrent mark-sweep generation total 106496K, used 14126K [0x00000007390c0000, 0x000000073f8c0000, 0x00000007c0000000)
 Metaspace       used 32789K, capacity 34196K, committed 34372K, reserved 1079296K
  class space    used 4079K, capacity 4367K, committed 4420K, reserved 1048576K
}
2021-12-27T09:19:13.267+0800: 59.865: Application time: 0.2858468 seconds
2021-12-27T09:19:13.614+0800: 60.212: Application time: 0.3441272 seconds
2021-12-27T09:19:13.626+0800: 60.225: Application time: 0.0121597 seconds
2021-12-27T09:19:13.629+0800: 60.227: Application time: 0.0012064 seconds
2021-12-27T09:19:14.052+0800: 60.650: Application time: 0.4229516 seconds
2021-12-27T09:19:14.054+0800: 60.652: Application time: 0.0020071 seconds
2021-12-27T09:19:14.724+0800: 61.323: Application time: 0.6680952 seconds
{Heap before GC invocations=33 (full 1):
 par new generation   total 47936K, used 46182K [0x0000000724400000, 0x0000000727800000, 0x00000007390c0000)
  eden space 42624K, 100% used [0x0000000724400000, 0x0000000726da0000, 0x0000000726da0000)
  from space 5312K,  66% used [0x00000007272d0000, 0x0000000727649a08, 0x0000000727800000)
  to   space 5312K,   0% used [0x0000000726da0000, 0x0000000726da0000, 0x00000007272d0000)
 concurrent mark-sweep generation total 106496K, used 14126K [0x00000007390c0000, 0x000000073f8c0000, 0x00000007c0000000)
 Metaspace       used 33534K, capacity 35054K, committed 35268K, reserved 1079296K
  class space    used 4222K, capacity 4518K, committed 4548K, reserved 1048576K
2021-12-27T09:19:14.725+0800: 61.323: [GC (Allocation Failure) 2021-12-27T09:19:14.727+0800: 61.325: [ParNew: 46182K->3743K(47936K), 0.0729810 secs] 60309K->17870K(154432K), 0.0755512 secs] [Times: user=0.02 sys=0.00, real=0.07 secs] 
Heap after GC invocations=34 (full 1):
 par new generation   total 47936K, used 3743K [0x0000000724400000, 0x0000000727800000, 0x00000007390c0000)
  eden space 42624K,   0% used [0x0000000724400000, 0x0000000724400000, 0x0000000726da0000)
  from space 5312K,  70% used [0x0000000726da0000, 0x0000000727147fb0, 0x00000007272d0000)
  to   space 5312K,   0% used [0x00000007272d0000, 0x00000007272d0000, 0x0000000727800000)
 concurrent mark-sweep generation total 106496K, used 14126K [0x00000007390c0000, 0x000000073f8c0000, 0x00000007c0000000)
 Metaspace       used 33534K, capacity 35054K, committed 35268K, reserved 1079296K
  class space    used 4222K, capacity 4518K, committed 4548K, reserved 1048576K
}
2021-12-27T09:19:16.458+0800: 63.056: Application time: 1.6575709 seconds
{Heap before GC invocations=34 (full 1):
 par new generation   total 47936K, used 46367K [0x0000000724400000, 0x0000000727800000, 0x00000007390c0000)
  eden space 42624K, 100% used [0x0000000724400000, 0x0000000726da0000, 0x0000000726da0000)
  from space 5312K,  70% used [0x0000000726da0000, 0x0000000727147fb0, 0x00000007272d0000)
  to   space 5312K,   0% used [0x00000007272d0000, 0x00000007272d0000, 0x0000000727800000)
 concurrent mark-sweep generation total 106496K, used 14126K [0x00000007390c0000, 0x000000073f8c0000, 0x00000007c0000000)
 Metaspace       used 34099K, capacity 35614K, committed 35908K, reserved 1081344K
  class space    used 4343K, capacity 4658K, committed 4676K, reserved 1048576K
2021-12-27T09:19:16.461+0800: 63.059: [GC (Allocation Failure) 2021-12-27T09:19:16.462+0800: 63.060: [ParNew: 46367K->3686K(47936K), 0.0967334 secs] 60494K->18780K(154432K), 0.1044277 secs] [Times: user=0.02 sys=0.00, real=0.10 secs] 
Heap after GC invocations=35 (full 1):
 par new generation   total 47936K, used 3686K [0x0000000724400000, 0x0000000727800000, 0x00000007390c0000)
  eden space 42624K,   0% used [0x0000000724400000, 0x0000000724400000, 0x0000000726da0000)
  from space 5312K,  69% used [0x00000007272d0000, 0x0000000727669b18, 0x0000000727800000)
  to   space 5312K,   0% used [0x0000000726da0000, 0x0000000726da0000, 0x00000007272d0000)
 concurrent mark-sweep generation total 106496K, used 15093K [0x00000007390c0000, 0x000000073f8c0000, 0x00000007c0000000)
 Metaspace       used 34099K, capacity 35614K, committed 35908K, reserved 1081344K
  class space    used 4343K, capacity 4658K, committed 4676K, reserved 1048576K
}
2021-12-27T09:19:17.161+0800: 63.759: Application time: 0.5929558 seconds
2021-12-27T09:19:18.123+0800: 64.721: Application time: 0.9617484 seconds
{Heap before GC invocations=35 (full 1):
 par new generation   total 47936K, used 46310K [0x0000000724400000, 0x0000000727800000, 0x00000007390c0000)
  eden space 42624K, 100% used [0x0000000724400000, 0x0000000726da0000, 0x0000000726da0000)
  from space 5312K,  69% used [0x00000007272d0000, 0x0000000727669b18, 0x0000000727800000)
  to   space 5312K,   0% used [0x0000000726da0000, 0x0000000726da0000, 0x00000007272d0000)
 concurrent mark-sweep generation total 106496K, used 15093K [0x00000007390c0000, 0x000000073f8c0000, 0x00000007c0000000)
 Metaspace       used 34501K, capacity 36084K, committed 36292K, reserved 1081344K
  class space    used 4406K, capacity 4713K, committed 4804K, reserved 1048576K
2021-12-27T09:19:18.124+0800: 64.722: [GC (Allocation Failure) 2021-12-27T09:19:18.124+0800: 64.722: [ParNew: 46310K->3461K(47936K), 0.0786660 secs] 61404K->19199K(154432K), 0.0950867 secs] [Times: user=0.02 sys=0.00, real=0.09 secs] 
Heap after GC invocations=36 (full 1):
 par new generation   total 47936K, used 3461K [0x0000000724400000, 0x0000000727800000, 0x00000007390c0000)
  eden space 42624K,   0% used [0x0000000724400000, 0x0000000724400000, 0x0000000726da0000)
  from space 5312K,  65% used [0x0000000726da0000, 0x0000000727101530, 0x00000007272d0000)
  to   space 5312K,   0% used [0x00000007272d0000, 0x00000007272d0000, 0x0000000727800000)
 concurrent mark-sweep generation total 106496K, used 15737K [0x00000007390c0000, 0x000000073f8c0000, 0x00000007c0000000)
 Metaspace       used 34501K, capacity 36084K, committed 36292K, reserved 1081344K
  class space    used 4406K, capacity 4713K, committed 4804K, reserved 1048576K
}
2021-12-27T09:19:19.225+0800: 65.823: Application time: 1.0053587 seconds
2021-12-27T09:19:19.759+0800: 66.357: Application time: 0.5191820 seconds
{Heap before GC invocations=36 (full 1):
 par new generation   total 47936K, used 46085K [0x0000000724400000, 0x0000000727800000, 0x00000007390c0000)
  eden space 42624K, 100% used [0x0000000724400000, 0x0000000726da0000, 0x0000000726da0000)
  from space 5312K,  65% used [0x0000000726da0000, 0x0000000727101530, 0x00000007272d0000)
  to   space 5312K,   0% used [0x00000007272d0000, 0x00000007272d0000, 0x0000000727800000)
 concurrent mark-sweep generation total 106496K, used 15737K [0x00000007390c0000, 0x000000073f8c0000, 0x00000007c0000000)
 Metaspace       used 34865K, capacity 36416K, committed 36548K, reserved 1081344K
  class space    used 4466K, capacity 4779K, committed 4804K, reserved 1048576K
2021-12-27T09:19:19.761+0800: 66.359: [GC (Allocation Failure) 2021-12-27T09:19:19.764+0800: 66.362: [ParNew: 46085K->2278K(47936K), 0.0871564 secs] 61823K->18869K(154432K), 0.0945893 secs] [Times: user=0.02 sys=0.01, real=0.10 secs] 
Heap after GC invocations=37 (full 1):
 par new generation   total 47936K, used 2278K [0x0000000724400000, 0x0000000727800000, 0x00000007390c0000)
  eden space 42624K,   0% used [0x0000000724400000, 0x0000000724400000, 0x0000000726da0000)
  from space 5312K,  42% used [0x00000007272d0000, 0x00000007275099d8, 0x0000000727800000)
  to   space 5312K,   0% used [0x0000000726da0000, 0x0000000726da0000, 0x00000007272d0000)
 concurrent mark-sweep generation total 106496K, used 16591K [0x00000007390c0000, 0x000000073f8c0000, 0x00000007c0000000)
 Metaspace       used 34865K, capacity 36416K, committed 36548K, reserved 1081344K
  class space    used 4466K, capacity 4779K, committed 4804K, reserved 1048576K
}
2021-12-27T09:19:20.858+0800: 67.456: Application time: 1.0016652 seconds
2021-12-27T09:19:21.256+0800: 67.854: Application time: 0.3973003 seconds
2021-12-27T09:19:21.271+0800: 67.869: Application time: 0.0149118 seconds
{Heap before GC invocations=37 (full 1):
 par new generation   total 47936K, used 44902K [0x0000000724400000, 0x0000000727800000, 0x00000007390c0000)
  eden space 42624K, 100% used [0x0000000724400000, 0x0000000726da0000, 0x0000000726da0000)
  from space 5312K,  42% used [0x00000007272d0000, 0x00000007275099d8, 0x0000000727800000)
  to   space 5312K,   0% used [0x0000000726da0000, 0x0000000726da0000, 0x00000007272d0000)
 concurrent mark-sweep generation total 106496K, used 16591K [0x00000007390c0000, 0x000000073f8c0000, 0x00000007c0000000)
 Metaspace       used 35408K, capacity 37004K, committed 37188K, reserved 1081344K
  class space    used 4553K, capacity 4909K, committed 4932K, reserved 1048576K
2021-12-27T09:19:21.272+0800: 67.870: [GC (Allocation Failure) 2021-12-27T09:19:21.272+0800: 67.870: [ParNew: 44902K->1914K(47936K), 0.0429598 secs] 61493K->18505K(154432K), 0.0459824 secs] [Times: user=0.02 sys=0.00, real=0.04 secs] 
Heap after GC invocations=38 (full 1):
 par new generation   total 47936K, used 1914K [0x0000000724400000, 0x0000000727800000, 0x00000007390c0000)
  eden space 42624K,   0% used [0x0000000724400000, 0x0000000724400000, 0x0000000726da0000)
  from space 5312K,  36% used [0x0000000726da0000, 0x0000000726f7e988, 0x00000007272d0000)
  to   space 5312K,   0% used [0x00000007272d0000, 0x00000007272d0000, 0x0000000727800000)
 concurrent mark-sweep generation total 106496K, used 16591K [0x00000007390c0000, 0x000000073f8c0000, 0x00000007c0000000)
 Metaspace       used 35408K, capacity 37004K, committed 37188K, reserved 1081344K
  class space    used 4553K, capacity 4909K, committed 4932K, reserved 1048576K
}
2021-12-27T09:19:22.294+0800: 68.892: Application time: 0.9756079 seconds
2021-12-27T09:19:22.420+0800: 69.018: Application time: 0.1250390 seconds
2021-12-27T09:19:22.445+0800: 69.043: Application time: 0.0249025 seconds
2021-12-27T09:19:23.257+0800: 69.855: Application time: 0.8115133 seconds
2021-12-27T09:19:23.261+0800: 69.860: Application time: 0.0042961 seconds
2021-12-27T09:19:23.457+0800: 70.056: Application time: 0.1951818 seconds
{Heap before GC invocations=38 (full 1):
 par new generation   total 47936K, used 44538K [0x0000000724400000, 0x0000000727800000, 0x00000007390c0000)
  eden space 42624K, 100% used [0x0000000724400000, 0x0000000726da0000, 0x0000000726da0000)
  from space 5312K,  36% used [0x0000000726da0000, 0x0000000726f7e988, 0x00000007272d0000)
  to   space 5312K,   0% used [0x00000007272d0000, 0x00000007272d0000, 0x0000000727800000)
 concurrent mark-sweep generation total 106496K, used 16591K [0x00000007390c0000, 0x000000073f8c0000, 0x00000007c0000000)
 Metaspace       used 36616K, capacity 38342K, committed 38596K, reserved 1083392K
  class space    used 4709K, capacity 5058K, committed 5060K, reserved 1048576K
2021-12-27T09:19:23.458+0800: 70.056: [GC (Allocation Failure) 2021-12-27T09:19:23.462+0800: 70.060: [ParNew: 44538K->2437K(47936K), 0.0588306 secs] 61129K->19028K(154432K), 0.0633227 secs] [Times: user=0.02 sys=0.00, real=0.07 secs] 
Heap after GC invocations=39 (full 1):
 par new generation   total 47936K, used 2437K [0x0000000724400000, 0x0000000727800000, 0x00000007390c0000)
  eden space 42624K,   0% used [0x0000000724400000, 0x0000000724400000, 0x0000000726da0000)
  from space 5312K,  45% used [0x00000007272d0000, 0x0000000727531528, 0x0000000727800000)
  to   space 5312K,   0% used [0x0000000726da0000, 0x0000000726da0000, 0x00000007272d0000)
 concurrent mark-sweep generation total 106496K, used 16591K [0x00000007390c0000, 0x000000073f8c0000, 0x00000007c0000000)
 Metaspace       used 36616K, capacity 38342K, committed 38596K, reserved 1083392K
  class space    used 4709K, capacity 5058K, committed 5060K, reserved 1048576K
}
2021-12-27T09:19:24.363+0800: 70.961: Application time: 0.8412845 seconds
2021-12-27T09:19:24.495+0800: 71.094: Application time: 0.1323778 seconds
2021-12-27T09:19:24.511+0800: 71.109: Application time: 0.0151617 seconds
2021-12-27T09:19:24.511+0800: 71.110: Application time: 0.0005851 seconds
2021-12-27T09:19:24.513+0800: 71.112: Application time: 0.0018958 seconds
2021-12-27T09:19:24.515+0800: 71.113: Application time: 0.0010452 seconds
2021-12-27T09:19:24.516+0800: 71.114: Application time: 0.0006523 seconds
2021-12-27T09:19:24.519+0800: 71.117: Application time: 0.0033488 seconds
2021-12-27T09:19:24.521+0800: 71.119: Application time: 0.0018980 seconds
2021-12-27T09:19:24.522+0800: 71.120: Application time: 0.0003789 seconds
2021-12-27T09:19:24.532+0800: 71.130: Application time: 0.0099390 seconds
2021-12-27T09:19:24.532+0800: 71.130: Application time: 0.0003407 seconds
2021-12-27T09:19:25.004+0800: 71.602: Application time: 0.4711857 seconds
2021-12-27T09:19:25.527+0800: 72.125: Application time: 0.5231836 seconds
2021-12-27T09:19:25.527+0800: 72.125: [GC (CMS Initial Mark) [1 CMS-initial-mark: 16591K(106496K)] 54817K(154432K), 0.0781056 secs] [Times: user=0.03 sys=0.00, real=0.08 secs] 
2021-12-27T09:19:25.608+0800: 72.206: [CMS-concurrent-mark-start]
2021-12-27T09:19:25.616+0800: 72.214: Application time: 0.0080645 seconds
2021-12-27T09:19:25.977+0800: 72.575: [CMS-concurrent-mark: 0.365/0.370 secs] [Times: user=0.08 sys=0.01, real=0.37 secs] 
2021-12-27T09:19:25.978+0800: 72.576: [CMS-concurrent-preclean-start]
2021-12-27T09:19:26.013+0800: 72.611: [CMS-concurrent-preclean: 0.035/0.035 secs] [Times: user=0.01 sys=0.00, real=0.04 secs] 
2021-12-27T09:19:26.013+0800: 72.612: [CMS-concurrent-abortable-preclean-start]
2021-12-27T09:19:26.043+0800: 72.641: Application time: 0.4269684 seconds
2021-12-27T09:19:26.239+0800: 72.837: Application time: 0.1964648 seconds
{Heap before GC invocations=39 (full 2):
 par new generation   total 47936K, used 45053K [0x0000000724400000, 0x0000000727800000, 0x00000007390c0000)
  eden space 42624K,  99% used [0x0000000724400000, 0x0000000726d9df00, 0x0000000726da0000)
  from space 5312K,  45% used [0x00000007272d0000, 0x0000000727531528, 0x0000000727800000)
  to   space 5312K,   0% used [0x0000000726da0000, 0x0000000726da0000, 0x00000007272d0000)
 concurrent mark-sweep generation total 106496K, used 16591K [0x00000007390c0000, 0x000000073f8c0000, 0x00000007c0000000)
 Metaspace       used 38375K, capacity 40268K, committed 40364K, reserved 1085440K
  class space    used 4933K, capacity 5300K, committed 5316K, reserved 1048576K
2021-12-27T09:19:26.241+0800: 72.839: [GC (Allocation Failure) 2021-12-27T09:19:26.242+0800: 72.840: [ParNew: 45053K->3635K(47936K), 0.0536394 secs] 61644K->20227K(154432K), 0.0618865 secs] [Times: user=0.01 sys=0.01, real=0.07 secs] 
Heap after GC invocations=40 (full 2):
 par new generation   total 47936K, used 3635K [0x0000000724400000, 0x0000000727800000, 0x00000007390c0000)
  eden space 42624K,   0% used [0x0000000724400000, 0x0000000724400000, 0x0000000726da0000)
  from space 5312K,  68% used [0x0000000726da0000, 0x000000072712cfc8, 0x00000007272d0000)
  to   space 5312K,   0% used [0x00000007272d0000, 0x00000007272d0000, 0x0000000727800000)
 concurrent mark-sweep generation total 106496K, used 16591K [0x00000007390c0000, 0x000000073f8c0000, 0x00000007c0000000)
 Metaspace       used 38375K, capacity 40268K, committed 40364K, reserved 1085440K
  class space    used 4933K, capacity 5300K, committed 5316K, reserved 1048576K
}
2021-12-27T09:19:26.333+0800: 72.932: Application time: 0.0281879 seconds
2021-12-27T09:19:26.476+0800: 73.074: Application time: 0.1424969 seconds
2021-12-27T09:19:26.494+0800: 73.092: Application time: 0.0176384 seconds
2021-12-27T09:19:26.531+0800: 73.129: Application time: 0.0326531 seconds
2021-12-27T09:19:26.598+0800: 73.197: Application time: 0.0640452 seconds
2021-12-27T09:19:26.658+0800: 73.256: Application time: 0.0590370 seconds
2021-12-27T09:19:27.028+0800: 73.626: Application time: 0.3691029 seconds
2021-12-27T09:19:27.381+0800: 73.979: Application time: 0.3530066 seconds
2021-12-27T09:19:28.217+0800: 74.815: [CMS-concurrent-abortable-preclean: 1.821/2.203 secs] [Times: user=0.50 sys=0.05, real=2.20 secs] 
2021-12-27T09:19:28.232+0800: 74.830: Application time: 0.8503515 seconds
2021-12-27T09:19:28.234+0800: 74.832: [GC (CMS Final Remark) [YG occupancy: 27506 K (47936 K)]2021-12-27T09:19:28.235+0800: 74.833: [Rescan (parallel) , 0.1055120 secs]2021-12-27T09:19:28.341+0800: 74.939: [weak refs processing, 0.0006809 secs]2021-12-27T09:19:28.342+0800: 74.940: [class unloading, 0.0344707 secs]2021-12-27T09:19:28.388+0800: 74.986: [scrub symbol table, 0.0610457 secs]2021-12-27T09:19:28.466+0800: 75.064: [scrub string table, 0.0009246 secs][1 CMS-remark: 16591K(106496K)] 44097K(154432K), 0.2443227 secs] [Times: user=0.03 sys=0.00, real=0.26 secs] 
2021-12-27T09:19:28.497+0800: 75.095: [CMS-concurrent-sweep-start]
2021-12-27T09:19:28.527+0800: 75.125: [CMS-concurrent-sweep: 0.030/0.030 secs] [Times: user=0.02 sys=0.00, real=0.03 secs] 
2021-12-27T09:19:28.528+0800: 75.126: [CMS-concurrent-reset-start]
2021-12-27T09:19:28.549+0800: 75.147: [CMS-concurrent-reset: 0.020/0.020 secs] [Times: user=0.00 sys=0.00, real=0.02 secs] 
2021-12-27T09:19:29.312+0800: 75.910: Application time: 0.8152889 seconds
{Heap before GC invocations=40 (full 2):
 par new generation   total 47936K, used 46259K [0x0000000724400000, 0x0000000727800000, 0x00000007390c0000)
  eden space 42624K, 100% used [0x0000000724400000, 0x0000000726da0000, 0x0000000726da0000)
  from space 5312K,  68% used [0x0000000726da0000, 0x000000072712cfc8, 0x00000007272d0000)
  to   space 5312K,   0% used [0x00000007272d0000, 0x00000007272d0000, 0x0000000727800000)
 concurrent mark-sweep generation total 106496K, used 11394K [0x00000007390c0000, 0x000000073f8c0000, 0x00000007c0000000)
 Metaspace       used 39832K, capacity 41618K, committed 41948K, reserved 1085440K
  class space    used 5117K, capacity 5442K, committed 5468K, reserved 1048576K
2021-12-27T09:19:29.315+0800: 75.913: [GC (Allocation Failure) 2021-12-27T09:19:29.315+0800: 75.914: [ParNew: 46259K->4031K(47936K), 0.0995962 secs] 57654K->16054K(154432K), 0.1064227 secs] [Times: user=0.02 sys=0.00, real=0.11 secs] 
Heap after GC invocations=41 (full 2):
 par new generation   total 47936K, used 4031K [0x0000000724400000, 0x0000000727800000, 0x00000007390c0000)
  eden space 42624K,   0% used [0x0000000724400000, 0x0000000724400000, 0x0000000726da0000)
  from space 5312K,  75% used [0x00000007272d0000, 0x00000007276bff10, 0x0000000727800000)
  to   space 5312K,   0% used [0x0000000726da0000, 0x0000000726da0000, 0x00000007272d0000)
 concurrent mark-sweep generation total 106496K, used 12023K [0x00000007390c0000, 0x000000073f8c0000, 0x00000007c0000000)
 Metaspace       used 39832K, capacity 41618K, committed 41948K, reserved 1085440K
  class space    used 5117K, capacity 5442K, committed 5468K, reserved 1048576K
}
2021-12-27T09:19:29.549+0800: 76.147: Application time: 0.1269919 seconds
2021-12-27T09:19:30.558+0800: 77.156: Application time: 1.0036971 seconds
2021-12-27T09:19:31.584+0800: 78.182: Application time: 1.0002115 seconds
2021-12-27T09:19:31.839+0800: 78.437: Application time: 0.2547581 seconds
{Heap before GC invocations=41 (full 2):
 par new generation   total 47936K, used 46655K [0x0000000724400000, 0x0000000727800000, 0x00000007390c0000)
  eden space 42624K, 100% used [0x0000000724400000, 0x0000000726da0000, 0x0000000726da0000)
  from space 5312K,  75% used [0x00000007272d0000, 0x00000007276bff10, 0x0000000727800000)
  to   space 5312K,   0% used [0x0000000726da0000, 0x0000000726da0000, 0x00000007272d0000)
 concurrent mark-sweep generation total 106496K, used 12023K [0x00000007390c0000, 0x000000073f8c0000, 0x00000007c0000000)
 Metaspace       used 41220K, capacity 43384K, committed 43612K, reserved 1087488K
  class space    used 5317K, capacity 5713K, committed 5724K, reserved 1048576K
2021-12-27T09:19:31.843+0800: 78.441: [GC (Allocation Failure) 2021-12-27T09:19:31.843+0800: 78.441: [ParNew: 46655K->4675K(47936K), 0.1269252 secs] 58678K->17436K(154432K), 0.1371658 secs] [Times: user=0.03 sys=0.00, real=0.14 secs] 
Heap after GC invocations=42 (full 2):
 par new generation   total 47936K, used 4675K [0x0000000724400000, 0x0000000727800000, 0x00000007390c0000)
  eden space 42624K,   0% used [0x0000000724400000, 0x0000000724400000, 0x0000000726da0000)
  from space 5312K,  88% used [0x0000000726da0000, 0x0000000727230d28, 0x00000007272d0000)
  to   space 5312K,   0% used [0x00000007272d0000, 0x00000007272d0000, 0x0000000727800000)
 concurrent mark-sweep generation total 106496K, used 12761K [0x00000007390c0000, 0x000000073f8c0000, 0x00000007c0000000)
 Metaspace       used 41220K, capacity 43384K, committed 43612K, reserved 1087488K
  class space    used 5317K, capacity 5713K, committed 5724K, reserved 1048576K
}
2021-12-27T09:19:32.983+0800: 79.581: Application time: 1.0006329 seconds
2021-12-27T09:19:33.021+0800: 79.619: Application time: 0.0167786 seconds
2021-12-27T09:19:33.529+0800: 80.127: Application time: 0.5045650 seconds
2021-12-27T09:19:33.831+0800: 80.429: Application time: 0.3019518 seconds
2021-12-27T09:19:34.018+0800: 80.616: Application time: 0.1862897 seconds
2021-12-27T09:19:34.022+0800: 80.620: Application time: 0.0035443 seconds
2021-12-27T09:19:34.252+0800: 80.850: Application time: 0.2295189 seconds
{Heap before GC invocations=42 (full 2):
 par new generation   total 47936K, used 47299K [0x0000000724400000, 0x0000000727800000, 0x00000007390c0000)
  eden space 42624K, 100% used [0x0000000724400000, 0x0000000726da0000, 0x0000000726da0000)
  from space 5312K,  88% used [0x0000000726da0000, 0x0000000727230d28, 0x00000007272d0000)
  to   space 5312K,   0% used [0x00000007272d0000, 0x00000007272d0000, 0x0000000727800000)
 concurrent mark-sweep generation total 106496K, used 12761K [0x00000007390c0000, 0x000000073f8c0000, 0x00000007c0000000)
 Metaspace       used 43432K, capacity 45638K, committed 46044K, reserved 1089536K
  class space    used 5555K, capacity 5982K, committed 6108K, reserved 1048576K
2021-12-27T09:19:34.252+0800: 80.850: [GC (Allocation Failure) 2021-12-27T09:19:34.253+0800: 80.852: [ParNew: 47299K->5261K(47936K), 0.1169020 secs] 60060K->18888K(154432K), 0.1291386 secs] [Times: user=0.03 sys=0.00, real=0.13 secs] 
Heap after GC invocations=43 (full 2):
 par new generation   total 47936K, used 5261K [0x0000000724400000, 0x0000000727800000, 0x00000007390c0000)
  eden space 42624K,   0% used [0x0000000724400000, 0x0000000724400000, 0x0000000726da0000)
  from space 5312K,  99% used [0x00000007272d0000, 0x00000007277f34d8, 0x0000000727800000)
  to   space 5312K,   0% used [0x0000000726da0000, 0x0000000726da0000, 0x00000007272d0000)
 concurrent mark-sweep generation total 106496K, used 13627K [0x00000007390c0000, 0x000000073f8c0000, 0x00000007c0000000)
 Metaspace       used 43432K, capacity 45638K, committed 46044K, reserved 1089536K
  class space    used 5555K, capacity 5982K, committed 6108K, reserved 1048576K
}
2021-12-27T09:19:35.385+0800: 81.983: Application time: 1.0027031 seconds
2021-12-27T09:19:35.469+0800: 82.067: Application time: 0.0425347 seconds
2021-12-27T09:19:35.480+0800: 82.079: Application time: 0.0106254 seconds
2021-12-27T09:19:36.105+0800: 82.703: Application time: 0.6237368 seconds
{Heap before GC invocations=43 (full 2):
 par new generation   total 47936K, used 47885K [0x0000000724400000, 0x0000000727800000, 0x00000007390c0000)
  eden space 42624K, 100% used [0x0000000724400000, 0x0000000726da0000, 0x0000000726da0000)
  from space 5312K,  99% used [0x00000007272d0000, 0x00000007277f34d8, 0x0000000727800000)
  to   space 5312K,   0% used [0x0000000726da0000, 0x0000000726da0000, 0x00000007272d0000)
 concurrent mark-sweep generation total 106496K, used 13627K [0x00000007390c0000, 0x000000073f8c0000, 0x00000007c0000000)
 Metaspace       used 44003K, capacity 46266K, committed 46556K, reserved 1089536K
  class space    used 5635K, capacity 6036K, committed 6108K, reserved 1048576K
2021-12-27T09:19:36.111+0800: 82.709: [GC (Allocation Failure) 2021-12-27T09:19:36.112+0800: 82.710: [ParNew: 47885K->5312K(47936K), 0.1322279 secs] 61512K->21844K(154432K), 0.1397509 secs] [Times: user=0.03 sys=0.01, real=0.14 secs] 
Heap after GC invocations=44 (full 2):
 par new generation   total 47936K, used 5312K [0x0000000724400000, 0x0000000727800000, 0x00000007390c0000)
  eden space 42624K,   0% used [0x0000000724400000, 0x0000000724400000, 0x0000000726da0000)
  from space 5312K, 100% used [0x0000000726da0000, 0x00000007272d0000, 0x00000007272d0000)
  to   space 5312K,   0% used [0x00000007272d0000, 0x00000007272d0000, 0x0000000727800000)
 concurrent mark-sweep generation total 106496K, used 16532K [0x00000007390c0000, 0x000000073f8c0000, 0x00000007c0000000)
 Metaspace       used 44003K, capacity 46266K, committed 46556K, reserved 1089536K
  class space    used 5635K, capacity 6036K, committed 6108K, reserved 1048576K
}
2021-12-27T09:19:36.796+0800: 83.394: Application time: 0.5447076 seconds
2021-12-27T09:19:37.189+0800: 83.810: Application time: 0.4155847 seconds
{Heap before GC invocations=44 (full 2):
 par new generation   total 47936K, used 47901K [0x0000000724400000, 0x0000000727800000, 0x00000007390c0000)
  eden space 42624K,  99% used [0x0000000724400000, 0x0000000726d974e8, 0x0000000726da0000)
  from space 5312K, 100% used [0x0000000726da0000, 0x00000007272d0000, 0x00000007272d0000)
  to   space 5312K,   0% used [0x00000007272d0000, 0x00000007272d0000, 0x0000000727800000)
 concurrent mark-sweep generation total 106496K, used 16532K [0x00000007390c0000, 0x000000073f8c0000, 0x00000007c0000000)
 Metaspace       used 44157K, capacity 46454K, committed 46556K, reserved 1089536K
  class space    used 5654K, capacity 6078K, committed 6108K, reserved 1048576K
2021-12-27T09:19:37.190+0800: 83.811: [GC (Allocation Failure) 2021-12-27T09:19:37.190+0800: 83.811: [ParNew: 47901K->3806K(47936K), 0.1098486 secs] 64433K->21818K(154432K), 0.1115654 secs] [Times: user=0.03 sys=0.01, real=0.11 secs] 
Heap after GC invocations=45 (full 2):
 par new generation   total 47936K, used 3806K [0x0000000724400000, 0x0000000727800000, 0x00000007390c0000)
  eden space 42624K,   0% used [0x0000000724400000, 0x0000000724400000, 0x0000000726da0000)
  from space 5312K,  71% used [0x00000007272d0000, 0x0000000727687a60, 0x0000000727800000)
  to   space 5312K,   0% used [0x0000000726da0000, 0x0000000726da0000, 0x00000007272d0000)
 concurrent mark-sweep generation total 106496K, used 18012K [0x00000007390c0000, 0x000000073f8c0000, 0x00000007c0000000)
 Metaspace       used 44157K, capacity 46454K, committed 46556K, reserved 1089536K
  class space    used 5654K, capacity 6078K, committed 6108K, reserved 1048576K
}
2021-12-27T09:19:38.307+0800: 84.928: Application time: 1.0001504 seconds
2021-12-27T09:19:38.732+0800: 85.354: Application time: 0.4255760 seconds
{Heap before GC invocations=45 (full 2):
 par new generation   total 47936K, used 46430K [0x0000000724400000, 0x0000000727800000, 0x00000007390c0000)
  eden space 42624K, 100% used [0x0000000724400000, 0x0000000726da0000, 0x0000000726da0000)
  from space 5312K,  71% used [0x00000007272d0000, 0x0000000727687a60, 0x0000000727800000)
  to   space 5312K,   0% used [0x0000000726da0000, 0x0000000726da0000, 0x00000007272d0000)
 concurrent mark-sweep generation total 106496K, used 18012K [0x00000007390c0000, 0x000000073f8c0000, 0x00000007c0000000)
 Metaspace       used 45616K, capacity 47986K, committed 48348K, reserved 1091584K
  class space    used 5813K, capacity 6256K, committed 6364K, reserved 1048576K
2021-12-27T09:19:38.736+0800: 85.357: [GC (Allocation Failure) 2021-12-27T09:19:38.739+0800: 85.360: [ParNew: 46430K->3257K(47936K), 0.0477942 secs] 64442K->21269K(154432K), 0.0512691 secs] [Times: user=0.01 sys=0.00, real=0.05 secs] 
Heap after GC invocations=46 (full 2):
 par new generation   total 47936K, used 3257K [0x0000000724400000, 0x0000000727800000, 0x00000007390c0000)
  eden space 42624K,   0% used [0x0000000724400000, 0x0000000724400000, 0x0000000726da0000)
  from space 5312K,  61% used [0x0000000726da0000, 0x00000007270ce588, 0x00000007272d0000)
  to   space 5312K,   0% used [0x00000007272d0000, 0x00000007272d0000, 0x0000000727800000)
 concurrent mark-sweep generation total 106496K, used 18012K [0x00000007390c0000, 0x000000073f8c0000, 0x00000007c0000000)
 Metaspace       used 45616K, capacity 47986K, committed 48348K, reserved 1091584K
  class space    used 5813K, capacity 6256K, committed 6364K, reserved 1048576K
}
2021-12-27T09:19:39.371+0800: 85.992: Application time: 0.5847387 seconds
2021-12-27T09:19:39.671+0800: 86.292: Application time: 0.2980648 seconds
2021-12-27T09:19:39.757+0800: 86.378: Application time: 0.0858861 seconds
2021-12-27T09:19:39.836+0800: 86.457: Application time: 0.0778167 seconds
2021-12-27T09:19:39.919+0800: 86.543: Application time: 0.0859608 seconds
2021-12-27T09:19:40.339+0800: 86.960: Application time: 0.4166601 seconds
2021-12-27T09:19:40.344+0800: 86.966: Application time: 0.0052537 seconds
2021-12-27T09:19:40.651+0800: 87.272: Application time: 0.3061726 seconds
2021-12-27T09:19:40.764+0800: 87.385: Application time: 0.1127550 seconds
2021-12-27T09:19:40.779+0800: 87.401: Application time: 0.0150794 seconds
2021-12-27T09:19:41.084+0800: 87.706: Application time: 0.3047222 seconds
2021-12-27T09:19:41.487+0800: 88.108: Application time: 0.4018030 seconds
2021-12-27T09:19:41.500+0800: 88.121: Application time: 0.0026398 seconds
2021-12-27T09:19:41.510+0800: 88.131: Application time: 0.0025351 seconds
2021-12-27T09:19:41.529+0800: 88.150: Application time: 0.0002447 seconds
2021-12-27T09:19:41.529+0800: 88.150: Application time: 0.0000903 seconds
2021-12-27T09:19:41.529+0800: 88.150: Application time: 0.0000240 seconds
2021-12-27T09:19:41.529+0800: 88.151: Application time: 0.0000194 seconds
2021-12-27T09:19:41.529+0800: 88.151: Application time: 0.0004268 seconds
2021-12-27T09:19:41.530+0800: 88.151: Application time: 0.0001995 seconds
2021-12-27T09:19:41.530+0800: 88.152: Application time: 0.0002851 seconds
2021-12-27T09:19:41.531+0800: 88.152: Application time: 0.0000487 seconds
2021-12-27T09:19:41.532+0800: 88.154: Application time: 0.0016463 seconds
2021-12-27T09:19:41.533+0800: 88.154: Application time: 0.0000963 seconds
2021-12-27T09:19:41.533+0800: 88.154: Application time: 0.0000954 seconds
2021-12-27T09:19:41.533+0800: 88.154: Application time: 0.0000200 seconds
2021-12-27T09:19:41.533+0800: 88.154: Application time: 0.0000235 seconds
2021-12-27T09:19:41.550+0800: 88.171: Application time: 0.0165148 seconds
2021-12-27T09:19:41.550+0800: 88.172: Application time: 0.0006733 seconds
2021-12-27T09:19:41.551+0800: 88.172: Application time: 0.0003308 seconds
2021-12-27T09:19:41.954+0800: 88.575: Application time: 0.3971321 seconds
{Heap before GC invocations=46 (full 2):
 par new generation   total 47936K, used 45881K [0x0000000724400000, 0x0000000727800000, 0x00000007390c0000)
  eden space 42624K, 100% used [0x0000000724400000, 0x0000000726da0000, 0x0000000726da0000)
  from space 5312K,  61% used [0x0000000726da0000, 0x00000007270ce588, 0x00000007272d0000)
  to   space 5312K,   0% used [0x00000007272d0000, 0x00000007272d0000, 0x0000000727800000)
 concurrent mark-sweep generation total 106496K, used 18012K [0x00000007390c0000, 0x000000073f8c0000, 0x00000007c0000000)
 Metaspace       used 49851K, capacity 52294K, committed 52572K, reserved 1095680K
  class space    used 6244K, capacity 6698K, committed 6748K, reserved 1048576K
2021-12-27T09:19:41.965+0800: 88.586: [GC (Allocation Failure) 2021-12-27T09:19:41.969+0800: 88.590: [ParNew: 45881K->5312K(47936K), 0.0829479 secs] 63893K->25202K(154432K), 0.0938046 secs] [Times: user=0.03 sys=0.00, real=0.10 secs] 
Heap after GC invocations=47 (full 2):
 par new generation   total 47936K, used 5312K [0x0000000724400000, 0x0000000727800000, 0x00000007390c0000)
  eden space 42624K,   0% used [0x0000000724400000, 0x0000000724400000, 0x0000000726da0000)
  from space 5312K, 100% used [0x00000007272d0000, 0x0000000727800000, 0x0000000727800000)
  to   space 5312K,   0% used [0x0000000726da0000, 0x0000000726da0000, 0x00000007272d0000)
 concurrent mark-sweep generation total 106496K, used 19890K [0x00000007390c0000, 0x000000073f8c0000, 0x00000007c0000000)
 Metaspace       used 49851K, capacity 52294K, committed 52572K, reserved 1095680K
  class space    used 6244K, capacity 6698K, committed 6748K, reserved 1048576K
}
2021-12-27T09:19:42.071+0800: 88.692: Application time: 0.0073811 seconds
2021-12-27T09:19:42.086+0800: 88.707: Application time: 0.0021156 seconds
2021-12-27T09:19:42.087+0800: 88.708: Application time: 0.0007050 seconds
2021-12-27T09:19:43.088+0800: 89.709: Application time: 1.0001443 seconds
2021-12-27T09:19:43.296+0800: 89.918: Application time: 0.2085494 seconds
{Heap before GC invocations=47 (full 2):
 par new generation   total 47936K, used 47936K [0x0000000724400000, 0x0000000727800000, 0x00000007390c0000)
  eden space 42624K, 100% used [0x0000000724400000, 0x0000000726da0000, 0x0000000726da0000)
  from space 5312K, 100% used [0x00000007272d0000, 0x0000000727800000, 0x0000000727800000)
  to   space 5312K,   0% used [0x0000000726da0000, 0x0000000726da0000, 0x00000007272d0000)
 concurrent mark-sweep generation total 106496K, used 19890K [0x00000007390c0000, 0x000000073f8c0000, 0x00000007c0000000)
 Metaspace       used 51021K, capacity 53516K, committed 53724K, reserved 1095680K
  class space    used 6359K, capacity 6801K, committed 6876K, reserved 1048576K
2021-12-27T09:19:43.297+0800: 89.918: [GC (Allocation Failure) 2021-12-27T09:19:43.297+0800: 89.918: [ParNew: 47936K->4947K(47936K), 0.1069508 secs] 67826K->29596K(154432K), 0.1287556 secs] [Times: user=0.03 sys=0.00, real=0.13 secs] 
Heap after GC invocations=48 (full 2):
 par new generation   total 47936K, used 4947K [0x0000000724400000, 0x0000000727800000, 0x00000007390c0000)
  eden space 42624K,   0% used [0x0000000724400000, 0x0000000724400000, 0x0000000726da0000)
  from space 5312K,  93% used [0x0000000726da0000, 0x0000000727274c80, 0x00000007272d0000)
  to   space 5312K,   0% used [0x00000007272d0000, 0x00000007272d0000, 0x0000000727800000)
 concurrent mark-sweep generation total 106496K, used 24648K [0x00000007390c0000, 0x000000073f8c0000, 0x00000007c0000000)
 Metaspace       used 51021K, capacity 53516K, committed 53724K, reserved 1095680K
  class space    used 6359K, capacity 6801K, committed 6876K, reserved 1048576K
}
2021-12-27T09:19:44.163+0800: 90.784: Application time: 0.7368247 seconds
{Heap before GC invocations=48 (full 2):
 par new generation   total 47936K, used 47571K [0x0000000724400000, 0x0000000727800000, 0x00000007390c0000)
  eden space 42624K, 100% used [0x0000000724400000, 0x0000000726da0000, 0x0000000726da0000)
  from space 5312K,  93% used [0x0000000726da0000, 0x0000000727274c80, 0x00000007272d0000)
  to   space 5312K,   0% used [0x00000007272d0000, 0x00000007272d0000, 0x0000000727800000)
 concurrent mark-sweep generation total 106496K, used 24648K [0x00000007390c0000, 0x000000073f8c0000, 0x00000007c0000000)
 Metaspace       used 51638K, capacity 54124K, committed 54364K, reserved 1097728K
  class space    used 6459K, capacity 6897K, committed 7004K, reserved 1048576K
2021-12-27T09:19:44.164+0800: 90.786: [GC (Allocation Failure) 2021-12-27T09:19:44.165+0800: 90.786: [ParNew: 47571K->2418K(47936K), 0.0324913 secs] 72220K->27067K(154432K), 0.0334072 secs] [Times: user=0.02 sys=0.00, real=0.04 secs] 
Heap after GC invocations=49 (full 2):
 par new generation   total 47936K, used 2418K [0x0000000724400000, 0x0000000727800000, 0x00000007390c0000)
  eden space 42624K,   0% used [0x0000000724400000, 0x0000000724400000, 0x0000000726da0000)
  from space 5312K,  45% used [0x00000007272d0000, 0x000000072752caa8, 0x0000000727800000)
  to   space 5312K,   0% used [0x0000000726da0000, 0x0000000726da0000, 0x00000007272d0000)
 concurrent mark-sweep generation total 106496K, used 24648K [0x00000007390c0000, 0x000000073f8c0000, 0x00000007c0000000)
 Metaspace       used 51638K, capacity 54124K, committed 54364K, reserved 1097728K
  class space    used 6459K, capacity 6897K, committed 7004K, reserved 1048576K
}
2021-12-27T09:19:44.801+0800: 91.422: Application time: 0.6021359 seconds
{Heap before GC invocations=49 (full 2):
 par new generation   total 47936K, used 45042K [0x0000000724400000, 0x0000000727800000, 0x00000007390c0000)
  eden space 42624K, 100% used [0x0000000724400000, 0x0000000726da0000, 0x0000000726da0000)
  from space 5312K,  45% used [0x00000007272d0000, 0x000000072752caa8, 0x0000000727800000)
  to   space 5312K,   0% used [0x0000000726da0000, 0x0000000726da0000, 0x00000007272d0000)
 concurrent mark-sweep generation total 106496K, used 24648K [0x00000007390c0000, 0x000000073f8c0000, 0x00000007c0000000)
 Metaspace       used 52235K, capacity 54702K, committed 55004K, reserved 1097728K
  class space    used 6577K, capacity 7026K, committed 7132K, reserved 1048576K
2021-12-27T09:19:44.802+0800: 91.423: [GC (Allocation Failure) 2021-12-27T09:19:44.802+0800: 91.423: [ParNew: 45042K->1921K(47936K), 0.0371511 secs] 69691K->26570K(154432K), 0.0381829 secs] [Times: user=0.02 sys=0.01, real=0.04 secs] 
Heap after GC invocations=50 (full 2):
 par new generation   total 47936K, used 1921K [0x0000000724400000, 0x0000000727800000, 0x00000007390c0000)
  eden space 42624K,   0% used [0x0000000724400000, 0x0000000724400000, 0x0000000726da0000)
  from space 5312K,  36% used [0x0000000726da0000, 0x0000000726f80628, 0x00000007272d0000)
  to   space 5312K,   0% used [0x00000007272d0000, 0x00000007272d0000, 0x0000000727800000)
 concurrent mark-sweep generation total 106496K, used 24648K [0x00000007390c0000, 0x000000073f8c0000, 0x00000007c0000000)
 Metaspace       used 52235K, capacity 54702K, committed 55004K, reserved 1097728K
  class space    used 6577K, capacity 7026K, committed 7132K, reserved 1048576K
}
2021-12-27T09:19:45.760+0800: 92.382: Application time: 0.9198720 seconds
{Heap before GC invocations=50 (full 2):
 par new generation   total 47936K, used 44545K [0x0000000724400000, 0x0000000727800000, 0x00000007390c0000)
  eden space 42624K, 100% used [0x0000000724400000, 0x0000000726da0000, 0x0000000726da0000)
  from space 5312K,  36% used [0x0000000726da0000, 0x0000000726f80628, 0x00000007272d0000)
  to   space 5312K,   0% used [0x00000007272d0000, 0x00000007272d0000, 0x0000000727800000)
 concurrent mark-sweep generation total 106496K, used 24648K [0x00000007390c0000, 0x000000073f8c0000, 0x00000007c0000000)
 Metaspace       used 53381K, capacity 55932K, committed 56284K, reserved 1097728K
  class space    used 6811K, capacity 7295K, committed 7388K, reserved 1048576K
2021-12-27T09:19:45.762+0800: 92.383: [GC (Allocation Failure) 2021-12-27T09:19:45.763+0800: 92.384: [ParNew: 44545K->2802K(47936K), 0.0413078 secs] 69194K->27451K(154432K), 0.0425532 secs] [Times: user=0.01 sys=0.00, real=0.04 secs] 
Heap after GC invocations=51 (full 2):
 par new generation   total 47936K, used 2802K [0x0000000724400000, 0x0000000727800000, 0x00000007390c0000)
  eden space 42624K,   0% used [0x0000000724400000, 0x0000000724400000, 0x0000000726da0000)
  from space 5312K,  52% used [0x00000007272d0000, 0x000000072758cbe0, 0x0000000727800000)
  to   space 5312K,   0% used [0x0000000726da0000, 0x0000000726da0000, 0x00000007272d0000)
 concurrent mark-sweep generation total 106496K, used 24648K [0x00000007390c0000, 0x000000073f8c0000, 0x00000007c0000000)
 Metaspace       used 53381K, capacity 55932K, committed 56284K, reserved 1097728K
  class space    used 6811K, capacity 7295K, committed 7388K, reserved 1048576K
}
2021-12-27T09:19:46.805+0800: 93.426: Application time: 1.0001578 seconds
2021-12-27T09:19:46.816+0800: 93.437: Application time: 0.0007526 seconds
{Heap before GC invocations=51 (full 2):
 par new generation   total 47936K, used 45426K [0x0000000724400000, 0x0000000727800000, 0x00000007390c0000)
  eden space 42624K, 100% used [0x0000000724400000, 0x0000000726da0000, 0x0000000726da0000)
  from space 5312K,  52% used [0x00000007272d0000, 0x000000072758cbe0, 0x0000000727800000)
  to   space 5312K,   0% used [0x0000000726da0000, 0x0000000726da0000, 0x00000007272d0000)
 concurrent mark-sweep generation total 106496K, used 24648K [0x00000007390c0000, 0x000000073f8c0000, 0x00000007c0000000)
 Metaspace       used 55053K, capacity 57604K, committed 57820K, reserved 1099776K
  class space    used 7135K, capacity 7597K, committed 7644K, reserved 1048576K
2021-12-27T09:19:46.817+0800: 93.438: [GC (Allocation Failure) 2021-12-27T09:19:46.817+0800: 93.438: [ParNew: 45426K->2940K(47936K), 0.0447586 secs] 70075K->27589K(154432K), 0.0459092 secs] [Times: user=0.01 sys=0.00, real=0.05 secs] 
Heap after GC invocations=52 (full 2):
 par new generation   total 47936K, used 2940K [0x0000000724400000, 0x0000000727800000, 0x00000007390c0000)
  eden space 42624K,   0% used [0x0000000724400000, 0x0000000724400000, 0x0000000726da0000)
  from space 5312K,  55% used [0x0000000726da0000, 0x000000072707f248, 0x00000007272d0000)
  to   space 5312K,   0% used [0x00000007272d0000, 0x00000007272d0000, 0x0000000727800000)
 concurrent mark-sweep generation total 106496K, used 24648K [0x00000007390c0000, 0x000000073f8c0000, 0x00000007c0000000)
 Metaspace       used 55053K, capacity 57604K, committed 57820K, reserved 1099776K
  class space    used 7135K, capacity 7597K, committed 7644K, reserved 1048576K
}
2021-12-27T09:19:47.869+0800: 94.490: Application time: 1.0060660 seconds
2021-12-27T09:19:48.011+0800: 94.632: Application time: 0.1414355 seconds
2021-12-27T09:19:48.437+0800: 95.059: Application time: 0.4260295 seconds
{Heap before GC invocations=52 (full 2):
 par new generation   total 47936K, used 45564K [0x0000000724400000, 0x0000000727800000, 0x00000007390c0000)
  eden space 42624K, 100% used [0x0000000724400000, 0x0000000726da0000, 0x0000000726da0000)
  from space 5312K,  55% used [0x0000000726da0000, 0x000000072707f248, 0x00000007272d0000)
  to   space 5312K,   0% used [0x00000007272d0000, 0x00000007272d0000, 0x0000000727800000)
 concurrent mark-sweep generation total 106496K, used 24648K [0x00000007390c0000, 0x000000073f8c0000, 0x00000007c0000000)
 Metaspace       used 56823K, capacity 59380K, committed 59612K, reserved 1101824K
  class space    used 7372K, capacity 7861K, committed 7900K, reserved 1048576K
2021-12-27T09:19:48.438+0800: 95.059: [GC (Allocation Failure) 2021-12-27T09:19:48.439+0800: 95.060: [ParNew: 45564K->3414K(47936K), 0.0696027 secs] 70213K->28063K(154432K), 0.0717076 secs] [Times: user=0.01 sys=0.00, real=0.07 secs] 
Heap after GC invocations=53 (full 2):
 par new generation   total 47936K, used 3414K [0x0000000724400000, 0x0000000727800000, 0x00000007390c0000)
  eden space 42624K,   0% used [0x0000000724400000, 0x0000000724400000, 0x0000000726da0000)
  from space 5312K,  64% used [0x00000007272d0000, 0x00000007276258a8, 0x0000000727800000)
  to   space 5312K,   0% used [0x0000000726da0000, 0x0000000726da0000, 0x00000007272d0000)
 concurrent mark-sweep generation total 106496K, used 24648K [0x00000007390c0000, 0x000000073f8c0000, 0x00000007c0000000)
 Metaspace       used 56823K, capacity 59380K, committed 59612K, reserved 1101824K
  class space    used 7372K, capacity 7861K, committed 7900K, reserved 1048576K
}
2021-12-27T09:19:49.467+0800: 96.088: Application time: 0.9546649 seconds
{Heap before GC invocations=53 (full 2):
 par new generation   total 47936K, used 46038K [0x0000000724400000, 0x0000000727800000, 0x00000007390c0000)
  eden space 42624K, 100% used [0x0000000724400000, 0x0000000726da0000, 0x0000000726da0000)
  from space 5312K,  64% used [0x00000007272d0000, 0x00000007276258a8, 0x0000000727800000)
  to   space 5312K,   0% used [0x0000000726da0000, 0x0000000726da0000, 0x00000007272d0000)
 concurrent mark-sweep generation total 106496K, used 24648K [0x00000007390c0000, 0x000000073f8c0000, 0x00000007c0000000)
 Metaspace       used 58378K, capacity 60970K, committed 61276K, reserved 1101824K
  class space    used 7561K, capacity 8026K, committed 8028K, reserved 1048576K
2021-12-27T09:19:49.478+0800: 96.099: [GC (Allocation Failure) 2021-12-27T09:19:49.479+0800: 96.100: [ParNew: 46038K->3577K(47936K), 0.0321831 secs] 70687K->28226K(154432K), 0.0335041 secs] [Times: user=0.01 sys=0.01, real=0.03 secs] 
Heap after GC invocations=54 (full 2):
 par new generation   total 47936K, used 3577K [0x0000000724400000, 0x0000000727800000, 0x00000007390c0000)
  eden space 42624K,   0% used [0x0000000724400000, 0x0000000724400000, 0x0000000726da0000)
  from space 5312K,  67% used [0x0000000726da0000, 0x000000072711e7d8, 0x00000007272d0000)
  to   space 5312K,   0% used [0x00000007272d0000, 0x00000007272d0000, 0x0000000727800000)
 concurrent mark-sweep generation total 106496K, used 24648K [0x00000007390c0000, 0x000000073f8c0000, 0x00000007c0000000)
 Metaspace       used 58378K, capacity 60970K, committed 61276K, reserved 1101824K
  class space    used 7561K, capacity 8026K, committed 8028K, reserved 1048576K
}
2021-12-27T09:19:49.515+0800: 96.136: Application time: 0.0022488 seconds
2021-12-27T09:19:49.516+0800: 96.138: Application time: 0.0006280 seconds
2021-12-27T09:19:49.606+0800: 96.227: Application time: 0.0880221 seconds
2021-12-27T09:19:49.706+0800: 96.328: Application time: 0.1001907 seconds
2021-12-27T09:19:49.707+0800: 96.329: Application time: 0.0010822 seconds
2021-12-27T09:19:49.775+0800: 96.396: Application time: 0.0673289 seconds
2021-12-27T09:19:49.775+0800: 96.397: Application time: 0.0000601 seconds
2021-12-27T09:19:50.175+0800: 96.796: Application time: 0.3990904 seconds
2021-12-27T09:19:50.209+0800: 96.831: Application time: 0.0347075 seconds
2021-12-27T09:19:50.236+0800: 96.857: Application time: 0.0263931 seconds
2021-12-27T09:19:50.807+0800: 97.428: Application time: 0.5712291 seconds
{Heap before GC invocations=54 (full 2):
 par new generation   total 47936K, used 46201K [0x0000000724400000, 0x0000000727800000, 0x00000007390c0000)
  eden space 42624K, 100% used [0x0000000724400000, 0x0000000726da0000, 0x0000000726da0000)
  from space 5312K,  67% used [0x0000000726da0000, 0x000000072711e7d8, 0x00000007272d0000)
  to   space 5312K,   0% used [0x00000007272d0000, 0x00000007272d0000, 0x0000000727800000)
 concurrent mark-sweep generation total 106496K, used 24648K [0x00000007390c0000, 0x000000073f8c0000, 0x00000007c0000000)
 Metaspace       used 60000K, capacity 62692K, committed 62812K, reserved 1103872K
  class space    used 7764K, capacity 8243K, committed 8284K, reserved 1048576K
2021-12-27T09:19:50.808+0800: 97.429: [GC (Allocation Failure) 2021-12-27T09:19:50.809+0800: 97.430: [ParNew: 46201K->4071K(47936K), 0.0581220 secs] 70850K->29497K(154432K), 0.0591983 secs] [Times: user=0.02 sys=0.00, real=0.05 secs] 
Heap after GC invocations=55 (full 2):
 par new generation   total 47936K, used 4071K [0x0000000724400000, 0x0000000727800000, 0x00000007390c0000)
  eden space 42624K,   0% used [0x0000000724400000, 0x0000000724400000, 0x0000000726da0000)
  from space 5312K,  76% used [0x00000007272d0000, 0x00000007276c9e50, 0x0000000727800000)
  to   space 5312K,   0% used [0x0000000726da0000, 0x0000000726da0000, 0x00000007272d0000)
 concurrent mark-sweep generation total 106496K, used 25426K [0x00000007390c0000, 0x000000073f8c0000, 0x00000007c0000000)
 Metaspace       used 60000K, capacity 62692K, committed 62812K, reserved 1103872K
  class space    used 7764K, capacity 8243K, committed 8284K, reserved 1048576K
}
2021-12-27T09:19:51.476+0800: 98.097: Application time: 0.6079652 seconds
{Heap before GC invocations=55 (full 2):
 par new generation   total 47936K, used 46695K [0x0000000724400000, 0x0000000727800000, 0x00000007390c0000)
  eden space 42624K, 100% used [0x0000000724400000, 0x0000000726da0000, 0x0000000726da0000)
  from space 5312K,  76% used [0x00000007272d0000, 0x00000007276c9e50, 0x0000000727800000)
  to   space 5312K,   0% used [0x0000000726da0000, 0x0000000726da0000, 0x00000007272d0000)
 concurrent mark-sweep generation total 106496K, used 25426K [0x00000007390c0000, 0x000000073f8c0000, 0x00000007c0000000)
 Metaspace       used 60615K, capacity 63274K, committed 63452K, reserved 1103872K
  class space    used 7909K, capacity 8372K, committed 8412K, reserved 1048576K
2021-12-27T09:19:51.479+0800: 98.101: [GC (Allocation Failure) 2021-12-27T09:19:51.480+0800: 98.101: [ParNew: 46695K->3350K(47936K), 0.0305105 secs] 72121K->28776K(154432K), 0.0315595 secs] [Times: user=0.02 sys=0.00, real=0.03 secs] 
Heap after GC invocations=56 (full 2):
 par new generation   total 47936K, used 3350K [0x0000000724400000, 0x0000000727800000, 0x00000007390c0000)
  eden space 42624K,   0% used [0x0000000724400000, 0x0000000724400000, 0x0000000726da0000)
  from space 5312K,  63% used [0x0000000726da0000, 0x00000007270e5888, 0x00000007272d0000)
  to   space 5312K,   0% used [0x00000007272d0000, 0x00000007272d0000, 0x0000000727800000)
 concurrent mark-sweep generation total 106496K, used 25426K [0x00000007390c0000, 0x000000073f8c0000, 0x00000007c0000000)
 Metaspace       used 60615K, capacity 63274K, committed 63452K, reserved 1103872K
  class space    used 7909K, capacity 8372K, committed 8412K, reserved 1048576K
}
2021-12-27T09:19:51.973+0800: 98.594: Application time: 0.4612936 seconds
{Heap before GC invocations=56 (full 2):
 par new generation   total 47936K, used 45974K [0x0000000724400000, 0x0000000727800000, 0x00000007390c0000)
  eden space 42624K, 100% used [0x0000000724400000, 0x0000000726da0000, 0x0000000726da0000)
  from space 5312K,  63% used [0x0000000726da0000, 0x00000007270e5888, 0x00000007272d0000)
  to   space 5312K,   0% used [0x00000007272d0000, 0x00000007272d0000, 0x0000000727800000)
 concurrent mark-sweep generation total 106496K, used 25426K [0x00000007390c0000, 0x000000073f8c0000, 0x00000007c0000000)
 Metaspace       used 61236K, capacity 63914K, committed 64092K, reserved 1105920K
  class space    used 8016K, capacity 8500K, committed 8540K, reserved 1048576K
2021-12-27T09:19:51.974+0800: 98.595: [GC (Allocation Failure) 2021-12-27T09:19:51.974+0800: 98.595: [ParNew: 45974K->3456K(47936K), 0.0378548 secs] 71400K->28882K(154432K), 0.0387525 secs] [Times: user=0.01 sys=0.00, real=0.04 secs] 
Heap after GC invocations=57 (full 2):
 par new generation   total 47936K, used 3456K [0x0000000724400000, 0x0000000727800000, 0x00000007390c0000)
  eden space 42624K,   0% used [0x0000000724400000, 0x0000000724400000, 0x0000000726da0000)
  from space 5312K,  65% used [0x00000007272d0000, 0x0000000727630238, 0x0000000727800000)
  to   space 5312K,   0% used [0x0000000726da0000, 0x0000000726da0000, 0x00000007272d0000)
 concurrent mark-sweep generation total 106496K, used 25426K [0x00000007390c0000, 0x000000073f8c0000, 0x00000007c0000000)
 Metaspace       used 61236K, capacity 63914K, committed 64092K, reserved 1105920K
  class space    used 8016K, capacity 8500K, committed 8540K, reserved 1048576K
}
2021-12-27T09:19:52.718+0800: 99.339: Application time: 0.7045709 seconds
2021-12-27T09:19:52.800+0800: 99.421: Application time: 0.0822422 seconds
{Heap before GC invocations=57 (full 2):
 par new generation   total 47936K, used 46080K [0x0000000724400000, 0x0000000727800000, 0x00000007390c0000)
  eden space 42624K, 100% used [0x0000000724400000, 0x0000000726da0000, 0x0000000726da0000)
  from space 5312K,  65% used [0x00000007272d0000, 0x0000000727630238, 0x0000000727800000)
  to   space 5312K,   0% used [0x0000000726da0000, 0x0000000726da0000, 0x00000007272d0000)
 concurrent mark-sweep generation total 106496K, used 25426K [0x00000007390c0000, 0x000000073f8c0000, 0x00000007c0000000)
 Metaspace       used 61963K, capacity 64642K, committed 64988K, reserved 1105920K
  class space    used 8138K, capacity 8632K, committed 8668K, reserved 1048576K
2021-12-27T09:19:52.801+0800: 99.423: [GC (Allocation Failure) 2021-12-27T09:19:52.803+0800: 99.424: [ParNew: 46080K->3909K(47936K), 0.0606134 secs] 71506K->29454K(154432K), 0.0628084 secs] [Times: user=0.01 sys=0.00, real=0.06 secs] 
Heap after GC invocations=58 (full 2):
 par new generation   total 47936K, used 3909K [0x0000000724400000, 0x0000000727800000, 0x00000007390c0000)
  eden space 42624K,   0% used [0x0000000724400000, 0x0000000724400000, 0x0000000726da0000)
  from space 5312K,  73% used [0x0000000726da0000, 0x00000007271716e0, 0x00000007272d0000)
  to   space 5312K,   0% used [0x00000007272d0000, 0x00000007272d0000, 0x0000000727800000)
 concurrent mark-sweep generation total 106496K, used 25544K [0x00000007390c0000, 0x000000073f8c0000, 0x00000007c0000000)
 Metaspace       used 61963K, capacity 64642K, committed 64988K, reserved 1105920K
  class space    used 8138K, capacity 8632K, committed 8668K, reserved 1048576K
}
2021-12-27T09:19:53.395+0800: 100.016: Application time: 0.5302656 seconds
2021-12-27T09:19:53.818+0800: 100.439: Application time: 0.4190630 seconds
2021-12-27T09:19:54.388+0800: 101.009: Application time: 0.5698315 seconds
{Heap before GC invocations=58 (full 2):
 par new generation   total 47936K, used 46533K [0x0000000724400000, 0x0000000727800000, 0x00000007390c0000)
  eden space 42624K, 100% used [0x0000000724400000, 0x0000000726da0000, 0x0000000726da0000)
  from space 5312K,  73% used [0x0000000726da0000, 0x00000007271716e0, 0x00000007272d0000)
  to   space 5312K,   0% used [0x00000007272d0000, 0x00000007272d0000, 0x0000000727800000)
 concurrent mark-sweep generation total 106496K, used 25544K [0x00000007390c0000, 0x000000073f8c0000, 0x00000007c0000000)
 Metaspace       used 62909K, capacity 65616K, committed 65884K, reserved 1105920K
  class space    used 8244K, capacity 8739K, committed 8796K, reserved 1048576K
2021-12-27T09:19:54.389+0800: 101.010: [GC (Allocation Failure) 2021-12-27T09:19:54.389+0800: 101.010: [ParNew: 46533K->3485K(47936K), 0.0636052 secs] 72078K->29121K(154432K), 0.0645959 secs] [Times: user=0.02 sys=0.00, real=0.06 secs] 
Heap after GC invocations=59 (full 2):
 par new generation   total 47936K, used 3485K [0x0000000724400000, 0x0000000727800000, 0x00000007390c0000)
  eden space 42624K,   0% used [0x0000000724400000, 0x0000000724400000, 0x0000000726da0000)
  from space 5312K,  65% used [0x00000007272d0000, 0x0000000727637688, 0x0000000727800000)
  to   space 5312K,   0% used [0x0000000726da0000, 0x0000000726da0000, 0x00000007272d0000)
 concurrent mark-sweep generation total 106496K, used 25636K [0x00000007390c0000, 0x000000073f8c0000, 0x00000007c0000000)
 Metaspace       used 62909K, capacity 65616K, committed 65884K, reserved 1105920K
  class space    used 8244K, capacity 8739K, committed 8796K, reserved 1048576K
}
2021-12-27T09:19:55.289+0800: 101.910: Application time: 0.8347007 seconds
{Heap before GC invocations=59 (full 2):
 par new generation   total 47936K, used 46109K [0x0000000724400000, 0x0000000727800000, 0x00000007390c0000)
  eden space 42624K, 100% used [0x0000000724400000, 0x0000000726da0000, 0x0000000726da0000)
  from space 5312K,  65% used [0x00000007272d0000, 0x0000000727637688, 0x0000000727800000)
  to   space 5312K,   0% used [0x0000000726da0000, 0x0000000726da0000, 0x00000007272d0000)
 concurrent mark-sweep generation total 106496K, used 25636K [0x00000007390c0000, 0x000000073f8c0000, 0x00000007c0000000)
 Metaspace       used 63797K, capacity 66532K, committed 66780K, reserved 1107968K
  class space    used 8354K, capacity 8871K, committed 8924K, reserved 1048576K
2021-12-27T09:19:55.290+0800: 101.912: [GC (Allocation Failure) 2021-12-27T09:19:55.291+0800: 101.912: [ParNew: 46109K->4412K(47936K), 0.0483182 secs] 71745K->30251K(154432K), 0.0493773 secs] [Times: user=0.03 sys=0.00, real=0.05 secs] 
Heap after GC invocations=60 (full 2):
 par new generation   total 47936K, used 4412K [0x0000000724400000, 0x0000000727800000, 0x00000007390c0000)
  eden space 42624K,   0% used [0x0000000724400000, 0x0000000724400000, 0x0000000726da0000)
  from space 5312K,  83% used [0x0000000726da0000, 0x00000007271ef030, 0x00000007272d0000)
  to   space 5312K,   0% used [0x00000007272d0000, 0x00000007272d0000, 0x0000000727800000)
 concurrent mark-sweep generation total 106496K, used 25839K [0x00000007390c0000, 0x000000073f8c0000, 0x00000007c0000000)
 Metaspace       used 63797K, capacity 66532K, committed 66780K, reserved 1107968K
  class space    used 8354K, capacity 8871K, committed 8924K, reserved 1048576K
}
2021-12-27T09:19:56.341+0800: 102.962: Application time: 1.0002964 seconds
2021-12-27T09:19:56.778+0800: 103.399: Application time: 0.4245280 seconds
{Heap before GC invocations=60 (full 2):
 par new generation   total 47936K, used 47036K [0x0000000724400000, 0x0000000727800000, 0x00000007390c0000)
  eden space 42624K, 100% used [0x0000000724400000, 0x0000000726da0000, 0x0000000726da0000)
  from space 5312K,  83% used [0x0000000726da0000, 0x00000007271ef030, 0x00000007272d0000)
  to   space 5312K,   0% used [0x00000007272d0000, 0x00000007272d0000, 0x0000000727800000)
 concurrent mark-sweep generation total 106496K, used 25839K [0x00000007390c0000, 0x000000073f8c0000, 0x00000007c0000000)
 Metaspace       used 65637K, capacity 68658K, committed 68828K, reserved 1110016K
  class space    used 8603K, capacity 9150K, committed 9180K, reserved 1048576K
2021-12-27T09:19:56.779+0800: 103.400: [GC (Allocation Failure) 2021-12-27T09:19:56.780+0800: 103.401: [ParNew: 47036K->5311K(47936K), 0.0731890 secs] 72875K->32502K(154432K), 0.0798078 secs] [Times: user=0.03 sys=0.00, real=0.08 secs] 
Heap after GC invocations=61 (full 2):
 par new generation   total 47936K, used 5311K [0x0000000724400000, 0x0000000727800000, 0x00000007390c0000)
  eden space 42624K,   0% used [0x0000000724400000, 0x0000000724400000, 0x0000000726da0000)
  from space 5312K,  99% used [0x00000007272d0000, 0x00000007277ffff8, 0x0000000727800000)
  to   space 5312K,   0% used [0x0000000726da0000, 0x0000000726da0000, 0x00000007272d0000)
 concurrent mark-sweep generation total 106496K, used 27190K [0x00000007390c0000, 0x000000073f8c0000, 0x00000007c0000000)
 Metaspace       used 65637K, capacity 68658K, committed 68828K, reserved 1110016K
  class space    used 8603K, capacity 9150K, committed 9180K, reserved 1048576K
}
2021-12-27T09:19:56.912+0800: 103.534: Application time: 0.0527508 seconds
2021-12-27T09:19:57.382+0800: 104.003: Application time: 0.4688848 seconds
2021-12-27T09:19:57.532+0800: 104.153: Application time: 0.1498473 seconds
2021-12-27T09:19:57.854+0800: 104.475: Application time: 0.3218480 seconds
2021-12-27T09:19:58.025+0800: 104.646: Application time: 0.1708228 seconds
2021-12-27T09:19:58.331+0800: 104.952: Application time: 0.3055574 seconds
2021-12-27T09:19:58.415+0800: 105.036: Application time: 0.0835297 seconds
{Heap before GC invocations=61 (full 2):
 par new generation   total 47936K, used 47935K [0x0000000724400000, 0x0000000727800000, 0x00000007390c0000)
  eden space 42624K, 100% used [0x0000000724400000, 0x0000000726da0000, 0x0000000726da0000)
  from space 5312K,  99% used [0x00000007272d0000, 0x00000007277ffff8, 0x0000000727800000)
  to   space 5312K,   0% used [0x0000000726da0000, 0x0000000726da0000, 0x00000007272d0000)
 concurrent mark-sweep generation total 106496K, used 27190K [0x00000007390c0000, 0x000000073f8c0000, 0x00000007c0000000)
 Metaspace       used 67490K, capacity 70744K, committed 70952K, reserved 1110016K
  class space    used 8883K, capacity 9437K, committed 9512K, reserved 1048576K
2021-12-27T09:19:58.415+0800: 105.036: [GC (Allocation Failure) 2021-12-27T09:19:58.416+0800: 105.037: [ParNew: 47935K->5254K(47936K), 0.0940658 secs] 75126K->33107K(154432K), 0.0999624 secs] [Times: user=0.03 sys=0.00, real=0.10 secs] 
Heap after GC invocations=62 (full 2):
 par new generation   total 47936K, used 5254K [0x0000000724400000, 0x0000000727800000, 0x00000007390c0000)
  eden space 42624K,   0% used [0x0000000724400000, 0x0000000724400000, 0x0000000726da0000)
  from space 5312K,  98% used [0x0000000726da0000, 0x00000007272c18e8, 0x00000007272d0000)
  to   space 5312K,   0% used [0x00000007272d0000, 0x00000007272d0000, 0x0000000727800000)
 concurrent mark-sweep generation total 106496K, used 27853K [0x00000007390c0000, 0x000000073f8c0000, 0x00000007c0000000)
 Metaspace       used 67490K, capacity 70744K, committed 70952K, reserved 1110016K
  class space    used 8883K, capacity 9437K, committed 9512K, reserved 1048576K
}
2021-12-27T09:19:58.523+0800: 105.144: Application time: 0.0063463 seconds
2021-12-27T09:19:58.532+0800: 105.153: [GC (CMS Initial Mark) [1 CMS-initial-mark: 27853K(106496K)] 33959K(154432K), 0.0282138 secs] [Times: user=0.01 sys=0.00, real=0.03 secs] 
2021-12-27T09:19:58.564+0800: 105.185: [CMS-concurrent-mark-start]
2021-12-27T09:19:59.030+0800: 105.651: [CMS-concurrent-mark: 0.466/0.466 secs] [Times: user=0.13 sys=0.00, real=0.47 secs] 
2021-12-27T09:19:59.044+0800: 105.665: [CMS-concurrent-preclean-start]
2021-12-27T09:19:59.052+0800: 105.673: [CMS-concurrent-preclean: 0.008/0.008 secs] [Times: user=0.00 sys=0.00, real=0.01 secs] 
2021-12-27T09:19:59.061+0800: 105.682: [CMS-concurrent-abortable-preclean-start]
2021-12-27T09:19:59.079+0800: 105.700: Application time: 0.5169487 seconds
2021-12-27T09:19:59.381+0800: 106.002: Application time: 0.3024584 seconds
2021-12-27T09:19:59.411+0800: 106.032: Application time: 0.0299827 seconds
2021-12-27T09:19:59.794+0800: 106.415: Application time: 0.3818096 seconds
2021-12-27T09:20:00.031+0800: 106.652: Application time: 0.2370049 seconds
2021-12-27T09:20:00.090+0800: 106.711: Application time: 0.0565372 seconds
2021-12-27T09:20:00.538+0800: 107.159: Application time: 0.4475567 seconds
2021-12-27T09:20:00.889+0800: 107.511: Application time: 0.3507532 seconds
2021-12-27T09:20:01.020+0800: 107.641: Application time: 0.1308257 seconds
{Heap before GC invocations=62 (full 3):
 par new generation   total 47936K, used 47878K [0x0000000724400000, 0x0000000727800000, 0x00000007390c0000)
  eden space 42624K, 100% used [0x0000000724400000, 0x0000000726da0000, 0x0000000726da0000)
  from space 5312K,  98% used [0x0000000726da0000, 0x00000007272c18e8, 0x00000007272d0000)
  to   space 5312K,   0% used [0x00000007272d0000, 0x00000007272d0000, 0x0000000727800000)
 concurrent mark-sweep generation total 106496K, used 27853K [0x00000007390c0000, 0x000000073f8c0000, 0x00000007c0000000)
 Metaspace       used 69541K, capacity 72804K, committed 73064K, reserved 1112064K
  class space    used 9123K, capacity 9685K, committed 9740K, reserved 1048576K
2021-12-27T09:20:01.021+0800: 107.642: [GC (Allocation Failure) 2021-12-27T09:20:01.022+0800: 107.643: [ParNew: 47878K->3736K(47936K), 0.1493754 secs] 75731K->33212K(154432K), 0.1509239 secs] [Times: user=0.03 sys=0.01, real=0.15 secs] 
Heap after GC invocations=63 (full 3):
 par new generation   total 47936K, used 3736K [0x0000000724400000, 0x0000000727800000, 0x00000007390c0000)
  eden space 42624K,   0% used [0x0000000724400000, 0x0000000724400000, 0x0000000726da0000)
  from space 5312K,  70% used [0x00000007272d0000, 0x00000007276763e0, 0x0000000727800000)
  to   space 5312K,   0% used [0x0000000726da0000, 0x0000000726da0000, 0x00000007272d0000)
 concurrent mark-sweep generation total 106496K, used 29475K [0x00000007390c0000, 0x000000073f8c0000, 0x00000007c0000000)
 Metaspace       used 69541K, capacity 72804K, committed 73064K, reserved 1112064K
  class space    used 9123K, capacity 9685K, committed 9740K, reserved 1048576K
}
2021-12-27T09:20:01.513+0800: 108.134: Application time: 0.3400323 seconds
2021-12-27T09:20:01.851+0800: 108.472: Application time: 0.3379864 seconds
2021-12-27T09:20:01.977+0800: 108.599: Application time: 0.1259187 seconds
2021-12-27T09:20:02.308+0800: 108.930: Application time: 0.3309248 seconds
2021-12-27T09:20:02.872+0800: 109.500: [CMS-concurrent-abortable-preclean: 3.271/3.811 secs] [Times: user=1.04 sys=0.08, real=3.82 secs] 
2021-12-27T09:20:02.893+0800: 109.514: Application time: 0.5803699 seconds
2021-12-27T09:20:02.896+0800: 109.518: [GC (CMS Final Remark) [YG occupancy: 28496 K (47936 K)]2021-12-27T09:20:02.897+0800: 109.518: [Rescan (parallel) , 0.1853981 secs]2021-12-27T09:20:03.083+0800: 109.704: [weak refs processing, 0.0014573 secs]2021-12-27T09:20:03.085+0800: 109.706: [class unloading, 0.1140481 secs]2021-12-27T09:20:03.200+0800: 109.821: [scrub symbol table, 0.1069535 secs]2021-12-27T09:20:03.307+0800: 109.928: [scrub string table, 0.0053604 secs][1 CMS-remark: 29475K(106496K)] 57972K(154432K), 0.4183266 secs] [Times: user=0.07 sys=0.01, real=0.42 secs] 
2021-12-27T09:20:03.316+0800: 109.938: [CMS-concurrent-sweep-start]
2021-12-27T09:20:03.491+0800: 110.113: [CMS-concurrent-sweep: 0.175/0.175 secs] [Times: user=0.04 sys=0.00, real=0.18 secs] 
2021-12-27T09:20:03.498+0800: 110.119: [CMS-concurrent-reset-start]
2021-12-27T09:20:03.521+0800: 110.142: [CMS-concurrent-reset: 0.023/0.023 secs] [Times: user=0.00 sys=0.00, real=0.03 secs] 
2021-12-27T09:20:04.316+0800: 110.937: Application time: 1.0002480 seconds
2021-12-27T09:20:05.317+0800: 111.938: Application time: 1.0001621 seconds
2021-12-27T09:20:05.556+0800: 112.178: Application time: 0.2386164 seconds
{Heap before GC invocations=63 (full 3):
 par new generation   total 47936K, used 46360K [0x0000000724400000, 0x0000000727800000, 0x00000007390c0000)
  eden space 42624K, 100% used [0x0000000724400000, 0x0000000726da0000, 0x0000000726da0000)
  from space 5312K,  70% used [0x00000007272d0000, 0x00000007276763e0, 0x0000000727800000)
  to   space 5312K,   0% used [0x0000000726da0000, 0x0000000726da0000, 0x00000007272d0000)
 concurrent mark-sweep generation total 106496K, used 25419K [0x00000007390c0000, 0x000000073f8c0000, 0x00000007c0000000)
 Metaspace       used 70325K, capacity 73840K, committed 74240K, reserved 1114112K
  class space    used 9288K, capacity 9922K, committed 10072K, reserved 1048576K
2021-12-27T09:20:05.556+0800: 112.178: [GC (Allocation Failure) 2021-12-27T09:20:05.557+0800: 112.178: [ParNew: 46360K->5312K(47936K), 0.0697828 secs] 71780K->31009K(154432K), 0.0709821 secs] [Times: user=0.02 sys=0.01, real=0.07 secs] 
Heap after GC invocations=64 (full 3):
 par new generation   total 47936K, used 5312K [0x0000000724400000, 0x0000000727800000, 0x00000007390c0000)
  eden space 42624K,   0% used [0x0000000724400000, 0x0000000724400000, 0x0000000726da0000)
  from space 5312K, 100% used [0x0000000726da0000, 0x00000007272d0000, 0x00000007272d0000)
  to   space 5312K,   0% used [0x00000007272d0000, 0x00000007272d0000, 0x0000000727800000)
 concurrent mark-sweep generation total 106496K, used 25697K [0x00000007390c0000, 0x000000073f8c0000, 0x00000007c0000000)
 Metaspace       used 70325K, capacity 73840K, committed 74240K, reserved 1114112K
  class space    used 9288K, capacity 9922K, committed 10072K, reserved 1048576K
}
2021-12-27T09:20:05.633+0800: 112.254: Application time: 0.0043221 seconds
2021-12-27T09:20:05.648+0800: 112.269: Application time: 0.0069151 seconds
2021-12-27T09:20:05.669+0800: 112.291: Application time: 0.0010702 seconds
2021-12-27T09:20:05.673+0800: 112.294: Application time: 0.0029406 seconds
2021-12-27T09:20:05.767+0800: 112.389: Application time: 0.0904658 seconds
2021-12-27T09:20:05.857+0800: 112.478: Application time: 0.0852507 seconds
2021-12-27T09:20:06.174+0800: 112.795: Application time: 0.3149828 seconds
2021-12-27T09:20:07.067+0800: 113.711: Application time: 0.9100818 seconds
{Heap before GC invocations=64 (full 3):
 par new generation   total 47936K, used 47936K [0x0000000724400000, 0x0000000727800000, 0x00000007390c0000)
  eden space 42624K, 100% used [0x0000000724400000, 0x0000000726da0000, 0x0000000726da0000)
  from space 5312K, 100% used [0x0000000726da0000, 0x00000007272d0000, 0x00000007272d0000)
  to   space 5312K,   0% used [0x00000007272d0000, 0x00000007272d0000, 0x0000000727800000)
 concurrent mark-sweep generation total 106496K, used 25697K [0x00000007390c0000, 0x000000073f8c0000, 0x00000007c0000000)
 Metaspace       used 71223K, capacity 74772K, committed 75008K, reserved 1114112K
  class space    used 9419K, capacity 10048K, committed 10072K, reserved 1048576K
2021-12-27T09:20:07.067+0800: 113.711: [GC (Allocation Failure) 2021-12-27T09:20:07.068+0800: 113.712: [ParNew: 47936K->5312K(47936K), 0.1157277 secs] 73633K->33362K(154432K), 0.1180851 secs] [Times: user=0.04 sys=0.00, real=0.12 secs] 
Heap after GC invocations=65 (full 3):
 par new generation   total 47936K, used 5312K [0x0000000724400000, 0x0000000727800000, 0x00000007390c0000)
  eden space 42624K,   0% used [0x0000000724400000, 0x0000000724400000, 0x0000000726da0000)
  from space 5312K, 100% used [0x00000007272d0000, 0x0000000727800000, 0x0000000727800000)
  to   space 5312K,   0% used [0x0000000726da0000, 0x0000000726da0000, 0x00000007272d0000)
 concurrent mark-sweep generation total 106496K, used 28050K [0x00000007390c0000, 0x000000073f8c0000, 0x00000007c0000000)
 Metaspace       used 71223K, capacity 74772K, committed 75008K, reserved 1114112K
  class space    used 9419K, capacity 10048K, committed 10072K, reserved 1048576K
}
2021-12-27T09:20:07.207+0800: 113.852: Application time: 0.0193341 seconds
2021-12-27T09:20:07.209+0800: 113.853: Application time: 0.0001496 seconds
2021-12-27T09:20:07.747+0800: 114.391: Application time: 0.5378933 seconds
2021-12-27T09:20:08.751+0800: 115.396: Application time: 1.0017976 seconds
2021-12-27T09:20:09.311+0800: 115.956: Application time: 0.5216815 seconds
{Heap before GC invocations=65 (full 3):
 par new generation   total 47936K, used 47936K [0x0000000724400000, 0x0000000727800000, 0x00000007390c0000)
  eden space 42624K, 100% used [0x0000000724400000, 0x0000000726da0000, 0x0000000726da0000)
  from space 5312K, 100% used [0x00000007272d0000, 0x0000000727800000, 0x0000000727800000)
  to   space 5312K,   0% used [0x0000000726da0000, 0x0000000726da0000, 0x00000007272d0000)
 concurrent mark-sweep generation total 106496K, used 28050K [0x00000007390c0000, 0x000000073f8c0000, 0x00000007c0000000)
 Metaspace       used 71882K, capacity 75544K, committed 75648K, reserved 1114112K
  class space    used 9473K, capacity 10106K, committed 10200K, reserved 1048576K
2021-12-27T09:20:09.311+0800: 115.956: [GC (Allocation Failure) 2021-12-27T09:20:09.312+0800: 115.956: [ParNew: 47936K->4548K(47936K), 0.0776452 secs] 75986K->34181K(154432K), 0.0790012 secs] [Times: user=0.04 sys=0.00, real=0.08 secs] 
Heap after GC invocations=66 (full 3):
 par new generation   total 47936K, used 4548K [0x0000000724400000, 0x0000000727800000, 0x00000007390c0000)
  eden space 42624K,   0% used [0x0000000724400000, 0x0000000724400000, 0x0000000726da0000)
  from space 5312K,  85% used [0x0000000726da0000, 0x00000007272110e8, 0x00000007272d0000)
  to   space 5312K,   0% used [0x00000007272d0000, 0x00000007272d0000, 0x0000000727800000)
 concurrent mark-sweep generation total 106496K, used 29633K [0x00000007390c0000, 0x000000073f8c0000, 0x00000007c0000000)
 Metaspace       used 71882K, capacity 75544K, committed 75648K, reserved 1114112K
  class space    used 9473K, capacity 10106K, committed 10200K, reserved 1048576K
}
2021-12-27T09:20:10.401+0800: 117.045: Application time: 1.0099848 seconds
2021-12-27T09:20:11.044+0800: 117.688: Application time: 0.6205451 seconds
{Heap before GC invocations=66 (full 3):
 par new generation   total 47936K, used 47172K [0x0000000724400000, 0x0000000727800000, 0x00000007390c0000)
  eden space 42624K, 100% used [0x0000000724400000, 0x0000000726da0000, 0x0000000726da0000)
  from space 5312K,  85% used [0x0000000726da0000, 0x00000007272110e8, 0x00000007272d0000)
  to   space 5312K,   0% used [0x00000007272d0000, 0x00000007272d0000, 0x0000000727800000)
 concurrent mark-sweep generation total 106496K, used 29633K [0x00000007390c0000, 0x000000073f8c0000, 0x00000007c0000000)
 Metaspace       used 72362K, capacity 76118K, committed 76248K, reserved 1116160K
  class space    used 9502K, capacity 10153K, committed 10200K, reserved 1048576K
2021-12-27T09:20:11.049+0800: 117.694: [GC (Allocation Failure) 2021-12-27T09:20:11.050+0800: 117.694: [ParNew: 47172K->3157K(47936K), 0.1387303 secs] 76805K->34223K(154432K), 0.1398039 secs] [Times: user=0.03 sys=0.00, real=0.14 secs] 
Heap after GC invocations=67 (full 3):
 par new generation   total 47936K, used 3157K [0x0000000724400000, 0x0000000727800000, 0x00000007390c0000)
  eden space 42624K,   0% used [0x0000000724400000, 0x0000000724400000, 0x0000000726da0000)
  from space 5312K,  59% used [0x00000007272d0000, 0x00000007275e55c8, 0x0000000727800000)
  to   space 5312K,   0% used [0x0000000726da0000, 0x0000000726da0000, 0x00000007272d0000)
 concurrent mark-sweep generation total 106496K, used 31066K [0x00000007390c0000, 0x000000073f8c0000, 0x00000007c0000000)
 Metaspace       used 72362K, capacity 76118K, committed 76248K, reserved 1116160K
  class space    used 9502K, capacity 10153K, committed 10200K, reserved 1048576K
}
2021-12-27T09:20:12.194+0800: 118.839: Application time: 1.0043487 seconds
2021-12-27T09:20:12.717+0800: 119.361: Application time: 0.5144138 seconds
{Heap before GC invocations=67 (full 3):
 par new generation   total 47936K, used 45781K [0x0000000724400000, 0x0000000727800000, 0x00000007390c0000)
  eden space 42624K, 100% used [0x0000000724400000, 0x0000000726da0000, 0x0000000726da0000)
  from space 5312K,  59% used [0x00000007272d0000, 0x00000007275e55c8, 0x0000000727800000)
  to   space 5312K,   0% used [0x0000000726da0000, 0x0000000726da0000, 0x00000007272d0000)
 concurrent mark-sweep generation total 106496K, used 31066K [0x00000007390c0000, 0x000000073f8c0000, 0x00000007c0000000)
 Metaspace       used 72821K, capacity 76598K, committed 76888K, reserved 1116160K
  class space    used 9535K, capacity 10205K, committed 10328K, reserved 1048576K
2021-12-27T09:20:12.720+0800: 119.364: [GC (Allocation Failure) 2021-12-27T09:20:12.720+0800: 119.365: [ParNew: 45781K->4257K(47936K), 0.0805261 secs] 76847K->36539K(154432K), 0.0857553 secs] [Times: user=0.03 sys=0.00, real=0.09 secs] 
Heap after GC invocations=68 (full 3):
 par new generation   total 47936K, used 4257K [0x0000000724400000, 0x0000000727800000, 0x00000007390c0000)
  eden space 42624K,   0% used [0x0000000724400000, 0x0000000724400000, 0x0000000726da0000)
  from space 5312K,  80% used [0x0000000726da0000, 0x00000007271c84f8, 0x00000007272d0000)
  to   space 5312K,   0% used [0x00000007272d0000, 0x00000007272d0000, 0x0000000727800000)
 concurrent mark-sweep generation total 106496K, used 32282K [0x00000007390c0000, 0x000000073f8c0000, 0x00000007c0000000)
 Metaspace       used 72821K, capacity 76598K, committed 76888K, reserved 1116160K
  class space    used 9535K, capacity 10205K, committed 10328K, reserved 1048576K
}
2021-12-27T09:20:13.784+0800: 120.429: Application time: 0.9768710 seconds
{Heap before GC invocations=68 (full 3):
 par new generation   total 47936K, used 46881K [0x0000000724400000, 0x0000000727800000, 0x00000007390c0000)
  eden space 42624K, 100% used [0x0000000724400000, 0x0000000726da0000, 0x0000000726da0000)
  from space 5312K,  80% used [0x0000000726da0000, 0x00000007271c84f8, 0x00000007272d0000)
  to   space 5312K,   0% used [0x00000007272d0000, 0x00000007272d0000, 0x0000000727800000)
 concurrent mark-sweep generation total 106496K, used 32282K [0x00000007390c0000, 0x000000073f8c0000, 0x00000007c0000000)
 Metaspace       used 73021K, capacity 76768K, committed 76888K, reserved 1116160K
  class space    used 9562K, capacity 10212K, committed 10328K, reserved 1048576K
2021-12-27T09:20:13.785+0800: 120.429: [GC (Allocation Failure) 2021-12-27T09:20:13.786+0800: 120.430: [ParNew: 46881K->4449K(47936K), 0.1006575 secs] 79163K->38058K(154432K), 0.1022016 secs] [Times: user=0.03 sys=0.00, real=0.10 secs] 
Heap after GC invocations=69 (full 3):
 par new generation   total 47936K, used 4449K [0x0000000724400000, 0x0000000727800000, 0x00000007390c0000)
  eden space 42624K,   0% used [0x0000000724400000, 0x0000000724400000, 0x0000000726da0000)
  from space 5312K,  83% used [0x00000007272d0000, 0x00000007277284a8, 0x0000000727800000)
  to   space 5312K,   0% used [0x0000000726da0000, 0x0000000726da0000, 0x00000007272d0000)
 concurrent mark-sweep generation total 106496K, used 33608K [0x00000007390c0000, 0x000000073f8c0000, 0x00000007c0000000)
 Metaspace       used 73021K, capacity 76768K, committed 76888K, reserved 1116160K
  class space    used 9562K, capacity 10212K, committed 10328K, reserved 1048576K
}
2021-12-27T09:20:14.894+0800: 121.538: Application time: 1.0058342 seconds
2021-12-27T09:20:15.000+0800: 121.645: Application time: 0.0760348 seconds
{Heap before GC invocations=69 (full 3):
 par new generation   total 47936K, used 47073K [0x0000000724400000, 0x0000000727800000, 0x00000007390c0000)
  eden space 42624K, 100% used [0x0000000724400000, 0x0000000726da0000, 0x0000000726da0000)
  from space 5312K,  83% used [0x00000007272d0000, 0x00000007277284a8, 0x0000000727800000)
  to   space 5312K,   0% used [0x0000000726da0000, 0x0000000726da0000, 0x00000007272d0000)
 concurrent mark-sweep generation total 106496K, used 33608K [0x00000007390c0000, 0x000000073f8c0000, 0x00000007c0000000)
 Metaspace       used 73387K, capacity 77206K, committed 77400K, reserved 1116160K
  class space    used 9615K, capacity 10285K, committed 10328K, reserved 1048576K
2021-12-27T09:20:15.001+0800: 121.646: [GC (Allocation Failure) 2021-12-27T09:20:15.002+0800: 121.646: [ParNew: 47073K->3842K(47936K), 0.0883790 secs] 80682K->38971K(154432K), 0.0896206 secs] [Times: user=0.03 sys=0.00, real=0.09 secs] 
Heap after GC invocations=70 (full 3):
 par new generation   total 47936K, used 3842K [0x0000000724400000, 0x0000000727800000, 0x00000007390c0000)
  eden space 42624K,   0% used [0x0000000724400000, 0x0000000724400000, 0x0000000726da0000)
  from space 5312K,  72% used [0x0000000726da0000, 0x0000000727160910, 0x00000007272d0000)
  to   space 5312K,   0% used [0x00000007272d0000, 0x00000007272d0000, 0x0000000727800000)
 concurrent mark-sweep generation total 106496K, used 35129K [0x00000007390c0000, 0x000000073f8c0000, 0x00000007c0000000)
 Metaspace       used 73387K, capacity 77206K, committed 77400K, reserved 1116160K
  class space    used 9615K, capacity 10285K, committed 10328K, reserved 1048576K
}
2021-12-27T09:20:16.093+0800: 122.738: Application time: 1.0016429 seconds
2021-12-27T09:20:16.182+0800: 122.827: Application time: 0.0886991 seconds
2021-12-27T09:20:16.183+0800: 122.827: Application time: 0.0000613 seconds
2021-12-27T09:20:16.183+0800: 122.827: Application time: 0.0000301 seconds
2021-12-27T09:20:16.245+0800: 122.890: Application time: 0.0630190 seconds
2021-12-27T09:20:16.246+0800: 122.891: Application time: 0.0003280 seconds
2021-12-27T09:20:16.249+0800: 122.893: Application time: 0.0021971 seconds
2021-12-27T09:20:16.262+0800: 122.907: Application time: 0.0098457 seconds
2021-12-27T09:20:16.527+0800: 123.172: Application time: 0.2533889 seconds
2021-12-27T09:20:16.580+0800: 123.225: Application time: 0.0522689 seconds
{Heap before GC invocations=70 (full 3):
 par new generation   total 47936K, used 46466K [0x0000000724400000, 0x0000000727800000, 0x00000007390c0000)
  eden space 42624K, 100% used [0x0000000724400000, 0x0000000726da0000, 0x0000000726da0000)
  from space 5312K,  72% used [0x0000000726da0000, 0x0000000727160910, 0x00000007272d0000)
  to   space 5312K,   0% used [0x00000007272d0000, 0x00000007272d0000, 0x0000000727800000)
 concurrent mark-sweep generation total 106496K, used 35129K [0x00000007390c0000, 0x000000073f8c0000, 0x00000007c0000000)
 Metaspace       used 74312K, capacity 78202K, committed 78552K, reserved 1118208K
  class space    used 9710K, capacity 10377K, committed 10456K, reserved 1048576K
2021-12-27T09:20:16.584+0800: 123.228: [GC (Allocation Failure) 2021-12-27T09:20:16.584+0800: 123.229: [ParNew: 46466K->4002K(47936K), 0.0787940 secs] 81595K->39841K(154432K), 0.0911854 secs] [Times: user=0.03 sys=0.00, real=0.10 secs] 
Heap after GC invocations=71 (full 3):
 par new generation   total 47936K, used 4002K [0x0000000724400000, 0x0000000727800000, 0x00000007390c0000)
  eden space 42624K,   0% used [0x0000000724400000, 0x0000000724400000, 0x0000000726da0000)
  from space 5312K,  75% used [0x00000007272d0000, 0x00000007276b89b8, 0x0000000727800000)
  to   space 5312K,   0% used [0x0000000726da0000, 0x0000000726da0000, 0x00000007272d0000)
 concurrent mark-sweep generation total 106496K, used 35838K [0x00000007390c0000, 0x000000073f8c0000, 0x00000007c0000000)
 Metaspace       used 74312K, capacity 78202K, committed 78552K, reserved 1118208K
  class space    used 9710K, capacity 10377K, committed 10456K, reserved 1048576K
}
2021-12-27T09:20:17.677+0800: 124.321: Application time: 1.0004980 seconds
2021-12-27T09:20:18.086+0800: 124.730: Application time: 0.3949133 seconds
{Heap before GC invocations=71 (full 3):
 par new generation   total 47936K, used 46626K [0x0000000724400000, 0x0000000727800000, 0x00000007390c0000)
  eden space 42624K, 100% used [0x0000000724400000, 0x0000000726da0000, 0x0000000726da0000)
  from space 5312K,  75% used [0x00000007272d0000, 0x00000007276b89b8, 0x0000000727800000)
  to   space 5312K,   0% used [0x0000000726da0000, 0x0000000726da0000, 0x00000007272d0000)
 concurrent mark-sweep generation total 106496K, used 35838K [0x00000007390c0000, 0x000000073f8c0000, 0x00000007c0000000)
 Metaspace       used 75286K, capacity 79246K, committed 79448K, reserved 1118208K
  class space    used 9866K, capacity 10563K, committed 10584K, reserved 1048576K
2021-12-27T09:20:18.092+0800: 124.736: [GC (Allocation Failure) 2021-12-27T09:20:18.093+0800: 124.737: [ParNew: 46626K->5155K(47936K), 0.0822894 secs] 82465K->41802K(154432K), 0.0861607 secs] [Times: user=0.03 sys=0.00, real=0.09 secs] 
Heap after GC invocations=72 (full 3):
 par new generation   total 47936K, used 5155K [0x0000000724400000, 0x0000000727800000, 0x00000007390c0000)
  eden space 42624K,   0% used [0x0000000724400000, 0x0000000724400000, 0x0000000726da0000)
  from space 5312K,  97% used [0x0000000726da0000, 0x00000007272a8e68, 0x00000007272d0000)
  to   space 5312K,   0% used [0x00000007272d0000, 0x00000007272d0000, 0x0000000727800000)
 concurrent mark-sweep generation total 106496K, used 36647K [0x00000007390c0000, 0x000000073f8c0000, 0x00000007c0000000)
 Metaspace       used 75286K, capacity 79246K, committed 79448K, reserved 1118208K
  class space    used 9866K, capacity 10563K, committed 10584K, reserved 1048576K
}
2021-12-27T09:20:19.060+0800: 125.704: Application time: 0.8808282 seconds
2021-12-27T09:20:19.181+0800: 125.825: Application time: 0.1200866 seconds
2021-12-27T09:20:19.488+0800: 126.132: Application time: 0.3063174 seconds
2021-12-27T09:20:19.579+0800: 126.224: Application time: 0.0852037 seconds
2021-12-27T09:20:19.590+0800: 126.235: Application time: 0.0058038 seconds
2021-12-27T09:20:19.593+0800: 126.237: Application time: 0.0011018 seconds
2021-12-27T09:20:19.635+0800: 126.279: Application time: 0.0409637 seconds
2021-12-27T09:20:19.951+0800: 126.595: Application time: 0.3074978 seconds
{Heap before GC invocations=72 (full 3):
 par new generation   total 47936K, used 47779K [0x0000000724400000, 0x0000000727800000, 0x00000007390c0000)
  eden space 42624K, 100% used [0x0000000724400000, 0x0000000726da0000, 0x0000000726da0000)
  from space 5312K,  97% used [0x0000000726da0000, 0x00000007272a8e68, 0x00000007272d0000)
  to   space 5312K,   0% used [0x00000007272d0000, 0x00000007272d0000, 0x0000000727800000)
 concurrent mark-sweep generation total 106496K, used 36647K [0x00000007390c0000, 0x000000073f8c0000, 0x00000007c0000000)
 Metaspace       used 76464K, capacity 80524K, committed 80728K, reserved 1120256K
  class space    used 10025K, capacity 10736K, committed 10840K, reserved 1048576K
2021-12-27T09:20:19.951+0800: 126.595: [GC (Allocation Failure) 2021-12-27T09:20:19.956+0800: 126.600: [ParNew: 47779K->5190K(47936K), 0.1475099 secs] 84426K->43174K(154432K), 0.1691281 secs] [Times: user=0.04 sys=0.00, real=0.17 secs] 
Heap after GC invocations=73 (full 3):
 par new generation   total 47936K, used 5190K [0x0000000724400000, 0x0000000727800000, 0x00000007390c0000)
  eden space 42624K,   0% used [0x0000000724400000, 0x0000000724400000, 0x0000000726da0000)
  from space 5312K,  97% used [0x00000007272d0000, 0x00000007277e1af8, 0x0000000727800000)
  to   space 5312K,   0% used [0x0000000726da0000, 0x0000000726da0000, 0x00000007272d0000)
 concurrent mark-sweep generation total 106496K, used 37983K [0x00000007390c0000, 0x000000073f8c0000, 0x00000007c0000000)
 Metaspace       used 76464K, capacity 80524K, committed 80728K, reserved 1120256K
  class space    used 10025K, capacity 10736K, committed 10840K, reserved 1048576K
}
2021-12-27T09:20:20.871+0800: 127.515: Application time: 0.7470304 seconds
2021-12-27T09:20:21.651+0800: 128.296: Application time: 0.7788522 seconds
{Heap before GC invocations=73 (full 3):
 par new generation   total 47936K, used 47814K [0x0000000724400000, 0x0000000727800000, 0x00000007390c0000)
  eden space 42624K, 100% used [0x0000000724400000, 0x0000000726da0000, 0x0000000726da0000)
  from space 5312K,  97% used [0x00000007272d0000, 0x00000007277e1af8, 0x0000000727800000)
  to   space 5312K,   0% used [0x0000000726da0000, 0x0000000726da0000, 0x00000007272d0000)
 concurrent mark-sweep generation total 106496K, used 37983K [0x00000007390c0000, 0x000000073f8c0000, 0x00000007c0000000)
 Metaspace       used 76930K, capacity 81144K, committed 81240K, reserved 1120256K
  class space    used 10087K, capacity 10816K, committed 10840K, reserved 1048576K
2021-12-27T09:20:21.654+0800: 128.299: [GC (Allocation Failure) 2021-12-27T09:20:21.655+0800: 128.299: [ParNew: 47814K->5311K(47936K), 0.1218917 secs] 85798K->44997K(154432K), 0.1259236 secs] [Times: user=0.04 sys=0.00, real=0.13 secs] 
Heap after GC invocations=74 (full 3):
 par new generation   total 47936K, used 5311K [0x0000000724400000, 0x0000000727800000, 0x00000007390c0000)
  eden space 42624K,   0% used [0x0000000724400000, 0x0000000724400000, 0x0000000726da0000)
  from space 5312K,  99% used [0x0000000726da0000, 0x00000007272cfff8, 0x00000007272d0000)
  to   space 5312K,   0% used [0x00000007272d0000, 0x00000007272d0000, 0x0000000727800000)
 concurrent mark-sweep generation total 106496K, used 39685K [0x00000007390c0000, 0x000000073f8c0000, 0x00000007c0000000)
 Metaspace       used 76930K, capacity 81144K, committed 81240K, reserved 1120256K
  class space    used 10087K, capacity 10816K, committed 10840K, reserved 1048576K
}
2021-12-27T09:20:21.949+0800: 128.593: Application time: 0.1680092 seconds
2021-12-27T09:20:22.962+0800: 129.606: Application time: 1.0032122 seconds
2021-12-27T09:20:23.636+0800: 130.280: Application time: 0.6470257 seconds
{Heap before GC invocations=74 (full 3):
 par new generation   total 47936K, used 47935K [0x0000000724400000, 0x0000000727800000, 0x00000007390c0000)
  eden space 42624K, 100% used [0x0000000724400000, 0x0000000726da0000, 0x0000000726da0000)
  from space 5312K,  99% used [0x0000000726da0000, 0x00000007272cfff8, 0x00000007272d0000)
  to   space 5312K,   0% used [0x00000007272d0000, 0x00000007272d0000, 0x0000000727800000)
 concurrent mark-sweep generation total 106496K, used 39685K [0x00000007390c0000, 0x000000073f8c0000, 0x00000007c0000000)
 Metaspace       used 77543K, capacity 81910K, committed 82136K, reserved 1120256K
  class space    used 10172K, capacity 10921K, committed 10968K, reserved 1048576K
2021-12-27T09:20:23.640+0800: 130.284: [GC (Allocation Failure) 2021-12-27T09:20:23.646+0800: 130.290: [ParNew: 47935K->3337K(47936K), 0.1413250 secs] 87621K->45846K(154432K), 0.1485586 secs] [Times: user=0.05 sys=0.01, real=0.15 secs] 
Heap after GC invocations=75 (full 3):
 par new generation   total 47936K, used 3337K [0x0000000724400000, 0x0000000727800000, 0x00000007390c0000)
  eden space 42624K,   0% used [0x0000000724400000, 0x0000000724400000, 0x0000000726da0000)
  from space 5312K,  62% used [0x00000007272d0000, 0x0000000727612400, 0x0000000727800000)
  to   space 5312K,   0% used [0x0000000726da0000, 0x0000000726da0000, 0x00000007272d0000)
 concurrent mark-sweep generation total 106496K, used 42509K [0x00000007390c0000, 0x000000073f8c0000, 0x00000007c0000000)
 Metaspace       used 77543K, capacity 81910K, committed 82136K, reserved 1120256K
  class space    used 10172K, capacity 10921K, committed 10968K, reserved 1048576K
}
2021-12-27T09:20:24.560+0800: 131.204: Application time: 0.7698780 seconds
2021-12-27T09:20:25.061+0800: 131.705: Application time: 0.5009408 seconds
{Heap before GC invocations=75 (full 3):
 par new generation   total 47936K, used 45961K [0x0000000724400000, 0x0000000727800000, 0x00000007390c0000)
  eden space 42624K, 100% used [0x0000000724400000, 0x0000000726da0000, 0x0000000726da0000)
  from space 5312K,  62% used [0x00000007272d0000, 0x0000000727612400, 0x0000000727800000)
  to   space 5312K,   0% used [0x0000000726da0000, 0x0000000726da0000, 0x00000007272d0000)
 concurrent mark-sweep generation total 106496K, used 42509K [0x00000007390c0000, 0x000000073f8c0000, 0x00000007c0000000)
 Metaspace       used 77948K, capacity 82470K, committed 82776K, reserved 1120256K
  class space    used 10239K, capacity 11029K, committed 11096K, reserved 1048576K
2021-12-27T09:20:25.063+0800: 131.708: [GC (Allocation Failure) 2021-12-27T09:20:25.064+0800: 131.708: [ParNew: 45961K->4693K(47936K), 0.0827550 secs] 88470K->47202K(154432K), 0.0839828 secs] [Times: user=0.03 sys=0.00, real=0.09 secs] 
Heap after GC invocations=76 (full 3):
 par new generation   total 47936K, used 4693K [0x0000000724400000, 0x0000000727800000, 0x00000007390c0000)
  eden space 42624K,   0% used [0x0000000724400000, 0x0000000724400000, 0x0000000726da0000)
  from space 5312K,  88% used [0x0000000726da0000, 0x0000000727235690, 0x00000007272d0000)
  to   space 5312K,   0% used [0x00000007272d0000, 0x00000007272d0000, 0x0000000727800000)
 concurrent mark-sweep generation total 106496K, used 42509K [0x00000007390c0000, 0x000000073f8c0000, 0x00000007c0000000)
 Metaspace       used 77948K, capacity 82470K, committed 82776K, reserved 1120256K
  class space    used 10239K, capacity 11029K, committed 11096K, reserved 1048576K
}
2021-12-27T09:20:26.159+0800: 132.803: Application time: 1.0028555 seconds
2021-12-27T09:20:26.263+0800: 132.908: Application time: 0.1039427 seconds
{Heap before GC invocations=76 (full 3):
 par new generation   total 47936K, used 47317K [0x0000000724400000, 0x0000000727800000, 0x00000007390c0000)
  eden space 42624K, 100% used [0x0000000724400000, 0x0000000726da0000, 0x0000000726da0000)
  from space 5312K,  88% used [0x0000000726da0000, 0x0000000727235690, 0x00000007272d0000)
  to   space 5312K,   0% used [0x00000007272d0000, 0x00000007272d0000, 0x0000000727800000)
 concurrent mark-sweep generation total 106496K, used 42509K [0x00000007390c0000, 0x000000073f8c0000, 0x00000007c0000000)
 Metaspace       used 78283K, capacity 82816K, committed 83032K, reserved 1122304K
  class space    used 10283K, capacity 11072K, committed 11096K, reserved 1048576K
2021-12-27T09:20:26.264+0800: 132.908: [GC (Allocation Failure) 2021-12-27T09:20:26.264+0800: 132.909: [ParNew: 47317K->5261K(47936K), 0.0758213 secs] 89826K->49174K(154432K), 0.0766777 secs] [Times: user=0.04 sys=0.00, real=0.08 secs] 
Heap after GC invocations=77 (full 3):
 par new generation   total 47936K, used 5261K [0x0000000724400000, 0x0000000727800000, 0x00000007390c0000)
  eden space 42624K,   0% used [0x0000000724400000, 0x0000000724400000, 0x0000000726da0000)
  from space 5312K,  99% used [0x00000007272d0000, 0x00000007277f3778, 0x0000000727800000)
  to   space 5312K,   0% used [0x0000000726da0000, 0x0000000726da0000, 0x00000007272d0000)
 concurrent mark-sweep generation total 106496K, used 43912K [0x00000007390c0000, 0x000000073f8c0000, 0x00000007c0000000)
 Metaspace       used 78283K, capacity 82816K, committed 83032K, reserved 1122304K
  class space    used 10283K, capacity 11072K, committed 11096K, reserved 1048576K
}
2021-12-27T09:20:26.741+0800: 133.385: Application time: 0.3996511 seconds
{Heap before GC invocations=77 (full 3):
 par new generation   total 47936K, used 47885K [0x0000000724400000, 0x0000000727800000, 0x00000007390c0000)
  eden space 42624K, 100% used [0x0000000724400000, 0x0000000726da0000, 0x0000000726da0000)
  from space 5312K,  99% used [0x00000007272d0000, 0x00000007277f3778, 0x0000000727800000)
  to   space 5312K,   0% used [0x0000000726da0000, 0x0000000726da0000, 0x00000007272d0000)
 concurrent mark-sweep generation total 106496K, used 43912K [0x00000007390c0000, 0x000000073f8c0000, 0x00000007c0000000)
 Metaspace       used 78297K, capacity 82834K, committed 83032K, reserved 1122304K
  class space    used 10286K, capacity 11075K, committed 11096K, reserved 1048576K
2021-12-27T09:20:26.742+0800: 133.387: [GC (Allocation Failure) 2021-12-27T09:20:26.743+0800: 133.387: [ParNew: 47885K->5311K(47936K), 0.1107034 secs] 91798K->52407K(154432K), 0.1118178 secs] [Times: user=0.04 sys=0.00, real=0.11 secs] 
Heap after GC invocations=78 (full 3):
 par new generation   total 47936K, used 5311K [0x0000000724400000, 0x0000000727800000, 0x00000007390c0000)
  eden space 42624K,   0% used [0x0000000724400000, 0x0000000724400000, 0x0000000726da0000)
  from space 5312K,  99% used [0x0000000726da0000, 0x00000007272cfff8, 0x00000007272d0000)
  to   space 5312K,   0% used [0x00000007272d0000, 0x00000007272d0000, 0x0000000727800000)
 concurrent mark-sweep generation total 106496K, used 47095K [0x00000007390c0000, 0x000000073f8c0000, 0x00000007c0000000)
 Metaspace       used 78297K, capacity 82834K, committed 83032K, reserved 1122304K
  class space    used 10286K, capacity 11075K, committed 11096K, reserved 1048576K
}
2021-12-27T09:20:27.894+0800: 134.539: Application time: 1.0394110 seconds
2021-12-27T09:20:27.993+0800: 134.637: Application time: 0.0982765 seconds
{Heap before GC invocations=78 (full 3):
 par new generation   total 47936K, used 47935K [0x0000000724400000, 0x0000000727800000, 0x00000007390c0000)
  eden space 42624K, 100% used [0x0000000724400000, 0x0000000726da0000, 0x0000000726da0000)
  from space 5312K,  99% used [0x0000000726da0000, 0x00000007272cfff8, 0x00000007272d0000)
  to   space 5312K,   0% used [0x00000007272d0000, 0x00000007272d0000, 0x0000000727800000)
 concurrent mark-sweep generation total 106496K, used 47095K [0x00000007390c0000, 0x000000073f8c0000, 0x00000007c0000000)
 Metaspace       used 78715K, capacity 83376K, committed 83672K, reserved 1122304K
  class space    used 10356K, capacity 11164K, committed 11224K, reserved 1048576K
2021-12-27T09:20:27.994+0800: 134.638: [GC (Allocation Failure) 2021-12-27T09:20:27.994+0800: 134.638: [ParNew: 47935K->4440K(47936K), 0.0891177 secs] 95031K->53314K(154432K), 0.0906755 secs] [Times: user=0.03 sys=0.00, real=0.09 secs] 
Heap after GC invocations=79 (full 3):
 par new generation   total 47936K, used 4440K [0x0000000724400000, 0x0000000727800000, 0x00000007390c0000)
  eden space 42624K,   0% used [0x0000000724400000, 0x0000000724400000, 0x0000000726da0000)
  from space 5312K,  83% used [0x00000007272d0000, 0x00000007277262f8, 0x0000000727800000)
  to   space 5312K,   0% used [0x0000000726da0000, 0x0000000726da0000, 0x00000007272d0000)
 concurrent mark-sweep generation total 106496K, used 48874K [0x00000007390c0000, 0x000000073f8c0000, 0x00000007c0000000)
 Metaspace       used 78715K, capacity 83376K, committed 83672K, reserved 1122304K
  class space    used 10356K, capacity 11164K, committed 11224K, reserved 1048576K
}
2021-12-27T09:20:28.693+0800: 135.338: Application time: 0.6081525 seconds
2021-12-27T09:20:29.225+0800: 135.869: Application time: 0.5309333 seconds
2021-12-27T09:20:29.427+0800: 136.072: Application time: 0.2011949 seconds
2021-12-27T09:20:29.462+0800: 136.107: Application time: 0.0344253 seconds
{Heap before GC invocations=79 (full 3):
 par new generation   total 47936K, used 47064K [0x0000000724400000, 0x0000000727800000, 0x00000007390c0000)
  eden space 42624K, 100% used [0x0000000724400000, 0x0000000726da0000, 0x0000000726da0000)
  from space 5312K,  83% used [0x00000007272d0000, 0x00000007277262f8, 0x0000000727800000)
  to   space 5312K,   0% used [0x0000000726da0000, 0x0000000726da0000, 0x00000007272d0000)
 concurrent mark-sweep generation total 106496K, used 48874K [0x00000007390c0000, 0x000000073f8c0000, 0x00000007c0000000)
 Metaspace       used 80543K, capacity 85190K, committed 85464K, reserved 1124352K
  class space    used 10600K, capacity 11399K, committed 11480K, reserved 1048576K
2021-12-27T09:20:29.465+0800: 136.110: [GC (Allocation Failure) 2021-12-27T09:20:29.466+0800: 136.110: [ParNew: 47064K->3067K(47936K), 0.0747517 secs] 95938K->53785K(154432K), 0.0761992 secs] [Times: user=0.03 sys=0.00, real=0.07 secs] 
Heap after GC invocations=80 (full 3):
 par new generation   total 47936K, used 3067K [0x0000000724400000, 0x0000000727800000, 0x00000007390c0000)
  eden space 42624K,   0% used [0x0000000724400000, 0x0000000724400000, 0x0000000726da0000)
  from space 5312K,  57% used [0x0000000726da0000, 0x000000072709ee38, 0x00000007272d0000)
  to   space 5312K,   0% used [0x00000007272d0000, 0x00000007272d0000, 0x0000000727800000)
 concurrent mark-sweep generation total 106496K, used 50717K [0x00000007390c0000, 0x000000073f8c0000, 0x00000007c0000000)
 Metaspace       used 80543K, capacity 85190K, committed 85464K, reserved 1124352K
  class space    used 10600K, capacity 11399K, committed 11480K, reserved 1048576K
}
2021-12-27T09:20:30.353+0800: 136.997: Application time: 0.8100731 seconds
2021-12-27T09:20:30.780+0800: 137.424: Application time: 0.4258777 seconds
2021-12-27T09:20:30.780+0800: 137.425: Application time: 0.0000805 seconds
2021-12-27T09:20:30.781+0800: 137.425: Application time: 0.0003000 seconds
2021-12-27T09:20:30.781+0800: 137.426: Application time: 0.0006465 seconds
2021-12-27T09:20:30.782+0800: 137.426: Application time: 0.0001282 seconds
2021-12-27T09:20:30.782+0800: 137.426: Application time: 0.0001293 seconds
2021-12-27T09:20:30.799+0800: 137.443: Application time: 0.0165886 seconds
2021-12-27T09:20:30.800+0800: 137.445: Application time: 0.0003837 seconds
2021-12-27T09:20:30.801+0800: 137.446: Application time: 0.0000614 seconds
2021-12-27T09:20:30.802+0800: 137.447: Application time: 0.0005119 seconds
2021-12-27T09:20:30.804+0800: 137.448: Application time: 0.0005836 seconds
2021-12-27T09:20:30.805+0800: 137.449: Application time: 0.0005152 seconds
2021-12-27T09:20:30.806+0800: 137.451: Application time: 0.0005470 seconds
2021-12-27T09:20:30.808+0800: 137.452: Application time: 0.0008590 seconds
2021-12-27T09:20:30.810+0800: 137.454: Application time: 0.0009025 seconds
2021-12-27T09:20:31.002+0800: 137.646: Application time: 0.1921732 seconds
2021-12-27T09:20:31.018+0800: 137.662: Application time: 0.0066067 seconds
2021-12-27T09:20:31.023+0800: 137.668: Application time: 0.0012659 seconds
2021-12-27T09:20:31.026+0800: 137.670: Application time: 0.0001577 seconds
2021-12-27T09:20:31.027+0800: 137.671: Application time: 0.0002052 seconds
2021-12-27T09:20:31.048+0800: 137.692: Application time: 0.0115407 seconds
2021-12-27T09:20:31.050+0800: 137.694: Application time: 0.0010013 seconds
2021-12-27T09:20:31.054+0800: 137.698: Application time: 0.0013622 seconds
2021-12-27T09:20:31.066+0800: 137.710: Application time: 0.0074254 seconds
2021-12-27T09:20:31.066+0800: 137.711: Application time: 0.0000813 seconds
2021-12-27T09:20:31.076+0800: 137.720: Application time: 0.0097734 seconds
2021-12-27T09:20:31.079+0800: 137.723: Application time: 0.0001387 seconds
2021-12-27T09:20:31.081+0800: 137.725: Application time: 0.0002189 seconds
2021-12-27T09:20:31.082+0800: 137.726: Application time: 0.0001671 seconds
2021-12-27T09:20:31.088+0800: 137.733: Application time: 0.0003196 seconds
2021-12-27T09:20:31.089+0800: 137.733: Application time: 0.0001473 seconds
2021-12-27T09:20:31.089+0800: 137.734: Application time: 0.0008493 seconds
2021-12-27T09:20:31.091+0800: 137.735: Application time: 0.0001350 seconds
2021-12-27T09:20:31.094+0800: 137.738: Application time: 0.0025165 seconds
2021-12-27T09:20:31.196+0800: 137.841: Application time: 0.0839323 seconds
{Heap before GC invocations=80 (full 3):
 par new generation   total 47936K, used 45691K [0x0000000724400000, 0x0000000727800000, 0x00000007390c0000)
  eden space 42624K, 100% used [0x0000000724400000, 0x0000000726da0000, 0x0000000726da0000)
  from space 5312K,  57% used [0x0000000726da0000, 0x000000072709ee38, 0x00000007272d0000)
  to   space 5312K,   0% used [0x00000007272d0000, 0x00000007272d0000, 0x0000000727800000)
 concurrent mark-sweep generation total 106496K, used 50717K [0x00000007390c0000, 0x000000073f8c0000, 0x00000007c0000000)
 Metaspace       used 81830K, capacity 86544K, committed 86616K, reserved 1124352K
  class space    used 10776K, capacity 11586K, committed 11608K, reserved 1048576K
2021-12-27T09:20:31.214+0800: 137.858: [GC (Allocation Failure) 2021-12-27T09:20:31.214+0800: 137.858: [ParNew: 45691K->2979K(47936K), 0.0908335 secs] 96409K->53696K(154432K), 0.0958180 secs] [Times: user=0.03 sys=0.01, real=0.10 secs] 
Heap after GC invocations=81 (full 3):
 par new generation   total 47936K, used 2979K [0x0000000724400000, 0x0000000727800000, 0x00000007390c0000)
  eden space 42624K,   0% used [0x0000000724400000, 0x0000000724400000, 0x0000000726da0000)
  from space 5312K,  56% used [0x00000007272d0000, 0x00000007275b8cf0, 0x0000000727800000)
  to   space 5312K,   0% used [0x0000000726da0000, 0x0000000726da0000, 0x00000007272d0000)
 concurrent mark-sweep generation total 106496K, used 50717K [0x00000007390c0000, 0x000000073f8c0000, 0x00000007c0000000)
 Metaspace       used 81830K, capacity 86544K, committed 86616K, reserved 1124352K
  class space    used 10776K, capacity 11586K, committed 11608K, reserved 1048576K
}
2021-12-27T09:20:31.323+0800: 137.967: Application time: 0.0123539 seconds
2021-12-27T09:20:31.384+0800: 138.028: Application time: 0.0266038 seconds
2021-12-27T09:20:31.433+0800: 138.077: Application time: 0.0357799 seconds
2021-12-27T09:20:31.449+0800: 138.093: Application time: 0.0013405 seconds
2021-12-27T09:20:31.454+0800: 138.099: Application time: 0.0005696 seconds
2021-12-27T09:20:31.455+0800: 138.099: Application time: 0.0000717 seconds
2021-12-27T09:20:31.455+0800: 138.100: Application time: 0.0003450 seconds
2021-12-27T09:20:31.456+0800: 138.100: Application time: 0.0000545 seconds
2021-12-27T09:20:31.456+0800: 138.100: Application time: 0.0000468 seconds
2021-12-27T09:20:31.456+0800: 138.100: Application time: 0.0000697 seconds
2021-12-27T09:20:31.456+0800: 138.100: Application time: 0.0000516 seconds
2021-12-27T09:20:31.456+0800: 138.101: Application time: 0.0000489 seconds
2021-12-27T09:20:31.475+0800: 138.120: Application time: 0.0186213 seconds
2021-12-27T09:20:31.487+0800: 138.132: Application time: 0.0003710 seconds
2021-12-27T09:20:31.488+0800: 138.132: Application time: 0.0000452 seconds
2021-12-27T09:20:31.798+0800: 138.442: Application time: 0.3100580 seconds
2021-12-27T09:20:31.798+0800: 138.442: Application time: 0.0001769 seconds
2021-12-27T09:20:31.848+0800: 138.492: Application time: 0.0496684 seconds
2021-12-27T09:20:31.848+0800: 138.498: Application time: 0.0058654 seconds
2021-12-27T09:20:31.855+0800: 138.499: Application time: 0.0010521 seconds
2021-12-27T09:20:31.870+0800: 138.515: Application time: 0.0147018 seconds
2021-12-27T09:20:32.871+0800: 139.515: Application time: 1.0002519 seconds
2021-12-27T09:20:36.871+0800: 143.516: Application time: 4.0006110 seconds
2021-12-27T09:20:49.856+0800: 156.523: Application time: 13.0074304 seconds
2021-12-27T09:21:00.634+0800: 167.302: Application time: 10.7781975 seconds
2021-12-27T09:21:00.640+0800: 167.307: Application time: 0.0050778 seconds
2021-12-27T09:21:00.644+0800: 167.311: Application time: 0.0004582 seconds
2021-12-27T09:21:00.644+0800: 167.312: Application time: 0.0001668 seconds
2021-12-27T09:21:00.645+0800: 167.313: Application time: 0.0007940 seconds
2021-12-27T09:21:00.645+0800: 167.313: Application time: 0.0001462 seconds
2021-12-27T09:21:00.646+0800: 167.314: Application time: 0.0008135 seconds
2021-12-27T09:21:00.647+0800: 167.314: Application time: 0.0001646 seconds
2021-12-27T09:21:00.647+0800: 167.315: Application time: 0.0009352 seconds
2021-12-27T09:21:00.648+0800: 167.316: Application time: 0.0001374 seconds
2021-12-27T09:21:00.648+0800: 167.316: Application time: 0.0001381 seconds
2021-12-27T09:21:00.649+0800: 167.316: Application time: 0.0001405 seconds
2021-12-27T09:21:00.649+0800: 167.317: Application time: 0.0001462 seconds
2021-12-27T09:21:00.649+0800: 167.317: Application time: 0.0001336 seconds
2021-12-27T09:21:00.650+0800: 167.317: Application time: 0.0001287 seconds
2021-12-27T09:21:00.650+0800: 167.317: Application time: 0.0001222 seconds
2021-12-27T09:21:00.650+0800: 167.318: Application time: 0.0001208 seconds
2021-12-27T09:21:00.651+0800: 167.318: Application time: 0.0001307 seconds
2021-12-27T09:21:00.652+0800: 167.319: Application time: 0.0006203 seconds
2021-12-27T09:21:00.652+0800: 167.319: Application time: 0.0001833 seconds
2021-12-27T09:21:00.652+0800: 167.320: Application time: 0.0001348 seconds
2021-12-27T09:21:00.653+0800: 167.320: Application time: 0.0001293 seconds
2021-12-27T09:21:00.653+0800: 167.321: Application time: 0.0005402 seconds
2021-12-27T09:21:00.654+0800: 167.321: Application time: 0.0001454 seconds
2021-12-27T09:21:00.657+0800: 167.324: Application time: 0.0030584 seconds
2021-12-27T09:21:00.658+0800: 167.326: Application time: 0.0011115 seconds
2021-12-27T09:21:00.659+0800: 167.327: Application time: 0.0002839 seconds
2021-12-27T09:21:00.660+0800: 167.327: Application time: 0.0002670 seconds
2021-12-27T09:21:00.660+0800: 167.328: Application time: 0.0001858 seconds
2021-12-27T09:21:00.661+0800: 167.328: Application time: 0.0001794 seconds
2021-12-27T09:21:00.662+0800: 167.329: Application time: 0.0005242 seconds
2021-12-27T09:21:00.663+0800: 167.330: Application time: 0.0008357 seconds
2021-12-27T09:21:00.663+0800: 167.331: Application time: 0.0005665 seconds
2021-12-27T09:21:00.664+0800: 167.332: Application time: 0.0004678 seconds
2021-12-27T09:21:00.665+0800: 167.333: Application time: 0.0008371 seconds
2021-12-27T09:21:00.667+0800: 167.334: Application time: 0.0011782 seconds
2021-12-27T09:21:00.667+0800: 167.335: Application time: 0.0007399 seconds
2021-12-27T09:21:00.670+0800: 167.337: Application time: 0.0008265 seconds
2021-12-27T09:21:00.670+0800: 167.338: Application time: 0.0001227 seconds
2021-12-27T09:21:00.671+0800: 167.338: Application time: 0.0001534 seconds
2021-12-27T09:21:00.671+0800: 167.338: Application time: 0.0001610 seconds
2021-12-27T09:21:00.671+0800: 167.339: Application time: 0.0001349 seconds
2021-12-27T09:21:00.672+0800: 167.339: Application time: 0.0004051 seconds
2021-12-27T09:21:00.672+0800: 167.340: Application time: 0.0001656 seconds
2021-12-27T09:21:00.673+0800: 167.340: Application time: 0.0001652 seconds
2021-12-27T09:21:00.673+0800: 167.340: Application time: 0.0001253 seconds
2021-12-27T09:21:00.673+0800: 167.341: Application time: 0.0001568 seconds
2021-12-27T09:21:00.675+0800: 167.343: Application time: 0.0016299 seconds
2021-12-27T09:21:00.676+0800: 167.343: Application time: 0.0000730 seconds
2021-12-27T09:21:00.701+0800: 167.369: Application time: 0.0257227 seconds
2021-12-27T09:21:00.710+0800: 167.378: Application time: 0.0084044 seconds
2021-12-27T09:21:00.711+0800: 167.379: Application time: 0.0000737 seconds
2021-12-27T09:21:00.716+0800: 167.384: Application time: 0.0047290 seconds
2021-12-27T09:21:00.725+0800: 167.394: Application time: 0.0095374 seconds
2021-12-27T09:21:00.732+0800: 167.399: Application time: 0.0038418 seconds
2021-12-27T09:21:01.732+0800: 168.400: Application time: 1.0001518 seconds
2021-12-27T09:21:02.732+0800: 169.400: Application time: 1.0001960 seconds
2021-12-27T09:21:06.734+0800: 173.401: Application time: 4.0013698 seconds
2021-12-27T09:21:07.712+0800: 174.402: Application time: 1.0008593 seconds
2021-12-27T09:21:28.844+0800: 195.535: Application time: 21.1321875 seconds
2021-12-27T09:21:30.710+0800: 197.400: Application time: 1.8656596 seconds
2021-12-27T09:21:31.711+0800: 198.401: Application time: 1.0003928 seconds
2021-12-27T09:21:32.713+0800: 199.404: Application time: 1.0025874 seconds
2021-12-27T09:21:35.714+0800: 202.405: Application time: 3.0006142 seconds
2021-12-27T09:21:37.691+0800: 204.406: Application time: 2.0012283 seconds
2021-12-27T09:21:39.693+0800: 206.407: Application time: 2.0002809 seconds
2021-12-27T09:21:46.697+0800: 213.411: Application time: 7.0040260 seconds
2021-12-27T09:21:47.722+0800: 214.436: Application time: 1.0248973 seconds
2021-12-27T09:21:47.722+0800: 214.436: Application time: 0.0001350 seconds
2021-12-27T09:21:47.726+0800: 214.440: Application time: 0.0038140 seconds
2021-12-27T09:21:47.726+0800: 214.440: Application time: 0.0001968 seconds
2021-12-27T09:21:47.727+0800: 214.440: Application time: 0.0001767 seconds
2021-12-27T09:21:47.732+0800: 214.446: Application time: 0.0054422 seconds
2021-12-27T09:21:47.733+0800: 214.447: Application time: 0.0006649 seconds
2021-12-27T09:21:47.748+0800: 214.462: Application time: 0.0151077 seconds
2021-12-27T09:21:47.748+0800: 214.462: Application time: 0.0001673 seconds
2021-12-27T09:21:47.757+0800: 214.471: Application time: 0.0083907 seconds
2021-12-27T09:21:47.764+0800: 214.477: Application time: 0.0066221 seconds
2021-12-27T09:21:47.773+0800: 214.487: Application time: 0.0088772 seconds
{Heap before GC invocations=81 (full 3):
 par new generation   total 47936K, used 45603K [0x0000000724400000, 0x0000000727800000, 0x00000007390c0000)
  eden space 42624K, 100% used [0x0000000724400000, 0x0000000726da0000, 0x0000000726da0000)
  from space 5312K,  56% used [0x00000007272d0000, 0x00000007275b8cf0, 0x0000000727800000)
  to   space 5312K,   0% used [0x0000000726da0000, 0x0000000726da0000, 0x00000007272d0000)
 concurrent mark-sweep generation total 106496K, used 50717K [0x00000007390c0000, 0x000000073f8c0000, 0x00000007c0000000)
 Metaspace       used 83486K, capacity 88302K, committed 88664K, reserved 1126400K
  class space    used 10971K, capacity 11789K, committed 11864K, reserved 1048576K
2021-12-27T09:21:47.774+0800: 214.487: [GC (Allocation Failure) 2021-12-27T09:21:47.774+0800: 214.488: [ParNew: 45603K->4882K(47936K), 0.0129401 secs] 96320K->55599K(154432K), 0.0141445 secs] [Times: user=0.02 sys=0.00, real=0.02 secs] 
Heap after GC invocations=82 (full 3):
 par new generation   total 47936K, used 4882K [0x0000000724400000, 0x0000000727800000, 0x00000007390c0000)
  eden space 42624K,   0% used [0x0000000724400000, 0x0000000724400000, 0x0000000726da0000)
  from space 5312K,  91% used [0x0000000726da0000, 0x0000000727264878, 0x00000007272d0000)
  to   space 5312K,   0% used [0x00000007272d0000, 0x00000007272d0000, 0x0000000727800000)
 concurrent mark-sweep generation total 106496K, used 50717K [0x00000007390c0000, 0x000000073f8c0000, 0x00000007c0000000)
 Metaspace       used 83486K, capacity 88302K, committed 88664K, reserved 1126400K
  class space    used 10971K, capacity 11789K, committed 11864K, reserved 1048576K
}
2021-12-27T09:21:47.801+0800: 214.515: Application time: 0.0121248 seconds
2021-12-27T09:21:47.802+0800: 214.516: Application time: 0.0006328 seconds
2021-12-27T09:21:47.802+0800: 214.516: Application time: 0.0000681 seconds
2021-12-27T09:21:47.814+0800: 214.528: Application time: 0.0120843 seconds
2021-12-27T09:21:47.815+0800: 214.529: Application time: 0.0006078 seconds
2021-12-27T09:21:47.815+0800: 214.529: Application time: 0.0001026 seconds
2021-12-27T09:21:47.816+0800: 214.529: Application time: 0.0001156 seconds
2021-12-27T09:21:47.854+0800: 214.568: Application time: 0.0382138 seconds
2021-12-27T09:21:47.855+0800: 214.568: Application time: 0.0000907 seconds
2021-12-27T09:21:47.863+0800: 214.577: Application time: 0.0080908 seconds
2021-12-27T09:21:47.878+0800: 214.591: Application time: 0.0146658 seconds
2021-12-27T09:21:47.883+0800: 214.597: Application time: 0.0048186 seconds
2021-12-27T09:21:58.270+0800: 224.984: Application time: 10.3867548 seconds
2021-12-27T09:21:58.270+0800: 224.984: Application time: 0.0001631 seconds
2021-12-27T09:21:58.278+0800: 224.991: Application time: 0.0076197 seconds
2021-12-27T09:21:58.279+0800: 224.993: Application time: 0.0011840 seconds
2021-12-27T09:21:58.281+0800: 224.995: Application time: 0.0013787 seconds
2021-12-27T09:21:59.281+0800: 225.995: Application time: 1.0003027 seconds
2021-12-27T09:22:00.696+0800: 227.411: Application time: 1.4159842 seconds
2021-12-27T09:22:00.698+0800: 227.411: Application time: 0.0001793 seconds
2021-12-27T09:22:00.698+0800: 227.412: Application time: 0.0001534 seconds
2021-12-27T09:22:00.698+0800: 227.412: Application time: 0.0001135 seconds
2021-12-27T09:22:00.699+0800: 227.412: Application time: 0.0001810 seconds
2021-12-27T09:22:00.699+0800: 227.413: Application time: 0.0002497 seconds
2021-12-27T09:22:00.701+0800: 227.415: Application time: 0.0021664 seconds
2021-12-27T09:22:00.702+0800: 227.415: Application time: 0.0002069 seconds
2021-12-27T09:22:00.702+0800: 227.416: Application time: 0.0001591 seconds
2021-12-27T09:22:00.702+0800: 227.416: Application time: 0.0000966 seconds
2021-12-27T09:22:00.702+0800: 227.416: Application time: 0.0001257 seconds
2021-12-27T09:22:00.703+0800: 227.417: Application time: 0.0002176 seconds
2021-12-27T09:22:01.704+0800: 228.418: Application time: 1.0002206 seconds
2021-12-27T09:22:02.704+0800: 229.418: Application time: 1.0002875 seconds
2021-12-27T09:22:08.683+0800: 235.421: Application time: 6.0030819 seconds
2021-12-27T09:22:18.385+0800: 245.122: Application time: 9.7002261 seconds
2021-12-27T09:22:19.385+0800: 246.123: Application time: 1.0006465 seconds
2021-12-27T09:22:26.389+0800: 253.126: Application time: 7.0030839 seconds
2021-12-27T09:22:28.450+0800: 255.187: Application time: 2.0610305 seconds
2021-12-27T09:22:28.454+0800: 255.191: Application time: 0.0035906 seconds
2021-12-27T09:22:29.454+0800: 256.191: Application time: 1.0003532 seconds
2021-12-27T09:22:32.457+0800: 259.194: Application time: 3.0030991 seconds
2021-12-27T09:22:39.441+0800: 266.201: Application time: 7.0064683 seconds
2021-12-27T09:22:49.450+0800: 276.210: Application time: 10.0093729 seconds
2021-12-27T09:22:59.454+0800: 286.214: Application time: 10.0037943 seconds
2021-12-27T09:23:01.458+0800: 288.218: Application time: 2.0038657 seconds
2021-12-27T09:23:02.458+0800: 289.219: Application time: 1.0001657 seconds
2021-12-27T09:23:09.443+0800: 296.226: Application time: 7.0070239 seconds
2021-12-27T09:23:15.452+0800: 302.236: Application time: 6.0102987 seconds
2021-12-27T09:23:16.454+0800: 303.237: Application time: 1.0005256 seconds
2021-12-27T09:23:18.455+0800: 305.238: Application time: 2.0013090 seconds
2021-12-27T09:23:19.456+0800: 306.240: Application time: 1.0011385 seconds
2021-12-27T09:23:21.457+0800: 308.241: Application time: 2.0007467 seconds
2021-12-27T09:23:26.462+0800: 313.245: Application time: 5.0042376 seconds
2021-12-27T09:23:29.463+0800: 316.247: Application time: 3.0014215 seconds
2021-12-27T09:23:31.464+0800: 318.248: Application time: 2.0008660 seconds
2021-12-27T09:23:32.465+0800: 319.248: Application time: 1.0002967 seconds
2021-12-27T09:23:39.450+0800: 326.255: Application time: 7.0064541 seconds
2021-12-27T09:23:48.954+0800: 335.758: Application time: 9.5031185 seconds
2021-12-27T09:23:49.955+0800: 336.760: Application time: 1.0015731 seconds
2021-12-27T09:23:50.956+0800: 337.760: Application time: 1.0003476 seconds
2021-12-27T09:23:59.010+0800: 345.814: Application time: 8.0538837 seconds
2021-12-27T09:24:00.010+0800: 346.816: Application time: 1.0016894 seconds
2021-12-27T09:24:01.013+0800: 347.817: Application time: 1.0005932 seconds
2021-12-27T09:24:02.013+0800: 348.817: Application time: 1.0001868 seconds
2021-12-27T09:24:09.995+0800: 356.825: Application time: 8.0076635 seconds
2021-12-27T09:24:17.003+0800: 363.832: Application time: 7.0073050 seconds
2021-12-27T09:24:19.004+0800: 365.833: Application time: 2.0008389 seconds
2021-12-27T09:24:20.006+0800: 366.836: Application time: 1.0024537 seconds
2021-12-27T09:24:21.007+0800: 367.837: Application time: 1.0005389 seconds
2021-12-27T09:24:27.015+0800: 373.845: Application time: 6.0075649 seconds
2021-12-27T09:24:30.016+0800: 376.846: Application time: 3.0010818 seconds
2021-12-27T09:24:31.017+0800: 377.847: Application time: 1.0011860 seconds
2021-12-27T09:24:40.006+0800: 386.858: Application time: 9.0111314 seconds
2021-12-27T09:24:50.019+0800: 396.872: Application time: 10.0131541 seconds
2021-12-27T09:24:51.020+0800: 397.873: Application time: 1.0015125 seconds
2021-12-27T09:25:00.029+0800: 406.884: Application time: 9.0106709 seconds
2021-12-27T09:25:01.032+0800: 407.885: Application time: 1.0005131 seconds
2021-12-27T09:25:02.032+0800: 408.885: Application time: 1.0001842 seconds
2021-12-27T09:25:10.023+0800: 416.899: Application time: 8.0133185 seconds
2021-12-27T09:25:20.043+0800: 426.919: Application time: 10.0201943 seconds
2021-12-27T09:25:30.082+0800: 436.958: Application time: 10.0390139 seconds
2021-12-27T09:25:31.085+0800: 437.961: Application time: 1.0023789 seconds
2021-12-27T09:25:31.955+0800: 438.831: Application time: 0.8691859 seconds
2021-12-27T09:25:32.955+0800: 439.831: Application time: 1.0003564 seconds
2021-12-27T09:25:39.945+0800: 446.844: Application time: 7.0128851 seconds
2021-12-27T09:25:49.957+0800: 456.856: Application time: 10.0114652 seconds
2021-12-27T09:25:59.971+0800: 466.871: Application time: 10.0141811 seconds
2021-12-27T09:26:00.972+0800: 467.871: Application time: 1.0004113 seconds
2021-12-27T09:26:01.972+0800: 468.871: Application time: 1.0001857 seconds
2021-12-27T09:26:09.961+0800: 476.884: Application time: 8.0115374 seconds
2021-12-27T09:26:19.996+0800: 486.919: Application time: 10.0350930 seconds
2021-12-27T09:26:29.018+0800: 495.940: Application time: 9.0214559 seconds
2021-12-27T09:26:30.019+0800: 496.941: Application time: 1.0003333 seconds
2021-12-27T09:26:31.020+0800: 497.942: Application time: 1.0009211 seconds
2021-12-27T09:26:32.020+0800: 498.943: Application time: 1.0002141 seconds
2021-12-27T09:26:40.002+0800: 506.947: Application time: 8.0046859 seconds
2021-12-27T09:26:50.019+0800: 516.964: Application time: 10.0166957 seconds
2021-12-27T09:27:00.892+0800: 527.837: Application time: 10.8727079 seconds
2021-12-27T09:27:01.892+0800: 528.838: Application time: 1.0001743 seconds
2021-12-27T09:27:02.892+0800: 529.838: Application time: 1.0000889 seconds
2021-12-27T09:27:09.879+0800: 536.848: Application time: 7.0097089 seconds
2021-12-27T09:27:20.896+0800: 547.865: Application time: 11.0169336 seconds
2021-12-27T09:27:30.907+0800: 557.876: Application time: 10.0111870 seconds
2021-12-27T09:27:36.889+0800: 563.881: Application time: 6.0032906 seconds
2021-12-27T09:27:40.897+0800: 567.889: Application time: 4.0078273 seconds
2021-12-27T09:27:50.910+0800: 577.902: Application time: 10.0125911 seconds
2021-12-27T09:28:00.923+0800: 587.914: Application time: 10.0127428 seconds
2021-12-27T09:28:01.924+0800: 588.915: Application time: 1.0008231 seconds
2021-12-27T09:28:10.906+0800: 597.921: Application time: 9.0056999 seconds
2021-12-27T09:28:20.913+0800: 607.928: Application time: 10.0064919 seconds
2021-12-27T09:28:28.916+0800: 615.931: Application time: 8.0026925 seconds
2021-12-27T09:28:30.916+0800: 617.931: Application time: 2.0005559 seconds
2021-12-27T09:28:31.861+0800: 618.876: Application time: 0.9443247 seconds
2021-12-27T09:28:40.847+0800: 627.885: Application time: 9.0086546 seconds
2021-12-27T09:28:50.853+0800: 637.892: Application time: 10.0065250 seconds
2021-12-27T09:29:00.860+0800: 647.899: Application time: 10.0068939 seconds
2021-12-27T09:29:01.862+0800: 648.900: Application time: 1.0012132 seconds
2021-12-27T09:29:10.845+0800: 657.907: Application time: 9.0046314 seconds
2021-12-27T09:29:20.848+0800: 667.910: Application time: 10.0030412 seconds
2021-12-27T09:29:28.853+0800: 675.914: Application time: 8.0043449 seconds
2021-12-27T09:29:30.854+0800: 677.916: Application time: 2.0011323 seconds
2021-12-27T09:29:31.855+0800: 678.916: Application time: 1.0005677 seconds
2021-12-27T09:29:40.835+0800: 687.919: Application time: 9.0027742 seconds
2021-12-27T09:29:50.841+0800: 697.925: Application time: 10.0060769 seconds
2021-12-27T09:30:00.773+0800: 707.858: Application time: 9.9323315 seconds
2021-12-27T09:30:02.774+0800: 709.859: Application time: 2.0003171 seconds
2021-12-27T09:30:10.755+0800: 717.862: Application time: 8.0036099 seconds
2021-12-27T09:30:20.761+0800: 727.868: Application time: 10.0059149 seconds
2021-12-27T09:30:28.768+0800: 735.876: Application time: 8.0070596 seconds
2021-12-27T09:30:30.769+0800: 737.877: Application time: 2.0010965 seconds
2021-12-27T09:30:40.753+0800: 747.884: Application time: 10.0068065 seconds
2021-12-27T09:30:46.757+0800: 753.888: Application time: 6.0022448 seconds
2021-12-27T09:30:51.760+0800: 758.890: Application time: 5.0025875 seconds
2021-12-27T09:30:56.763+0800: 763.894: Application time: 5.0029763 seconds
2021-12-27T09:31:00.764+0800: 767.895: Application time: 4.0015920 seconds
2021-12-27T09:31:01.765+0800: 768.896: Application time: 1.0002600 seconds
2021-12-27T09:31:02.766+0800: 769.897: Application time: 1.0012039 seconds
2021-12-27T09:31:21.754+0800: 788.908: Application time: 19.0104339 seconds
2021-12-27T09:31:31.762+0800: 798.916: Application time: 10.0079882 seconds
2021-12-27T09:31:31.763+0800: 798.917: Application time: 0.0007041 seconds
2021-12-27T09:31:32.764+0800: 799.918: Application time: 1.0010446 seconds
2021-12-27T09:31:41.750+0800: 808.927: Application time: 9.0092020 seconds
2021-12-27T09:31:46.754+0800: 813.931: Application time: 5.0037137 seconds
2021-12-27T09:31:51.756+0800: 818.933: Application time: 5.0013842 seconds
2021-12-27T09:32:00.759+0800: 827.936: Application time: 9.0035456 seconds
2021-12-27T09:32:01.764+0800: 828.941: Application time: 1.0003256 seconds
2021-12-27T09:32:21.752+0800: 848.952: Application time: 20.0114885 seconds
2021-12-27T09:32:28.757+0800: 855.957: Application time: 7.0044734 seconds
2021-12-27T09:32:30.759+0800: 857.959: Application time: 2.0018546 seconds
2021-12-27T09:32:31.760+0800: 858.960: Application time: 1.0011662 seconds
2021-12-27T09:32:35.339+0800: 862.539: Application time: 3.5784223 seconds
2021-12-27T09:32:41.320+0800: 868.543: Application time: 6.0041228 seconds
2021-12-27T09:32:51.328+0800: 878.551: Application time: 10.0078366 seconds
2021-12-27T09:33:00.374+0800: 887.598: Application time: 9.0462743 seconds
2021-12-27T09:33:00.375+0800: 887.598: Application time: 0.0000741 seconds
2021-12-27T09:33:00.375+0800: 887.599: Application time: 0.0000729 seconds
2021-12-27T09:33:00.375+0800: 887.599: Application time: 0.0000947 seconds
2021-12-27T09:33:00.376+0800: 887.599: Application time: 0.0000588 seconds
2021-12-27T09:33:00.376+0800: 887.599: Application time: 0.0000697 seconds
2021-12-27T09:33:00.378+0800: 887.601: Application time: 0.0002212 seconds
2021-12-27T09:33:01.353+0800: 888.577: Application time: 0.9752436 seconds
2021-12-27T09:33:02.354+0800: 889.577: Application time: 1.0003212 seconds
2021-12-27T09:33:12.403+0800: 899.583: Application time: 10.0053915 seconds
2021-12-27T09:33:28.423+0800: 915.603: Application time: 16.0203317 seconds
2021-12-27T09:33:30.392+0800: 917.572: Application time: 1.9682092 seconds
2021-12-27T09:33:30.432+0800: 917.612: Application time: 0.0360358 seconds
2021-12-27T09:33:31.432+0800: 918.612: Application time: 1.0002361 seconds
2021-12-27T09:33:32.433+0800: 919.613: Application time: 1.0002531 seconds
2021-12-27T09:33:42.418+0800: 929.622: Application time: 10.0090739 seconds
2021-12-27T09:33:52.433+0800: 939.636: Application time: 10.0129914 seconds
2021-12-27T09:34:00.392+0800: 947.596: Application time: 7.9594915 seconds
2021-12-27T09:34:00.415+0800: 947.619: Application time: 0.0227386 seconds
2021-12-27T09:34:01.416+0800: 948.620: Application time: 1.0002211 seconds
2021-12-27T09:34:02.418+0800: 949.621: Application time: 1.0006523 seconds
2021-12-27T09:34:12.467+0800: 959.701: Application time: 10.0800487 seconds
2021-12-27T09:34:23.474+0800: 970.709: Application time: 11.0067355 seconds
2021-12-27T09:34:30.479+0800: 977.714: Application time: 7.0047346 seconds
2021-12-27T09:34:32.479+0800: 979.714: Application time: 2.0003107 seconds
2021-12-27T09:34:32.742+0800: 979.976: Application time: 0.2620726 seconds
2021-12-27T09:34:43.737+0800: 990.987: Application time: 11.0096644 seconds
2021-12-27T09:34:53.748+0800: 1000.997: Application time: 10.0104801 seconds
2021-12-27T09:35:00.372+0800: 1007.622: Application time: 6.6241623 seconds
2021-12-27T09:35:00.392+0800: 1007.641: Application time: 0.0189035 seconds
2021-12-27T09:35:01.398+0800: 1008.647: Application time: 1.0053681 seconds
2021-12-27T09:35:03.402+0800: 1010.651: Application time: 2.0035505 seconds
2021-12-27T09:35:05.383+0800: 1012.632: Application time: 1.9812375 seconds
2021-12-27T09:35:13.367+0800: 1020.640: Application time: 8.0083990 seconds
2021-12-27T09:35:17.371+0800: 1024.644: Application time: 4.0022858 seconds
2021-12-27T09:35:30.443+0800: 1037.716: Application time: 13.0719779 seconds
2021-12-27T09:35:33.466+0800: 1040.738: Application time: 3.0224983 seconds
2021-12-27T09:35:44.467+0800: 1051.763: Application time: 11.0177465 seconds
2021-12-27T09:36:00.410+0800: 1067.707: Application time: 15.9429071 seconds
2021-12-27T09:36:00.411+0800: 1067.707: Application time: 0.0002642 seconds
2021-12-27T09:36:00.412+0800: 1067.708: Application time: 0.0001938 seconds
2021-12-27T09:36:00.412+0800: 1067.708: Application time: 0.0000554 seconds
2021-12-27T09:36:00.413+0800: 1067.709: Application time: 0.0004679 seconds
2021-12-27T09:36:00.416+0800: 1067.712: Application time: 0.0028064 seconds
2021-12-27T09:36:00.426+0800: 1067.722: Application time: 0.0092189 seconds
2021-12-27T09:36:00.427+0800: 1067.723: Application time: 0.0009853 seconds
2021-12-27T09:36:00.427+0800: 1067.723: Application time: 0.0001368 seconds
2021-12-27T09:36:00.428+0800: 1067.724: Application time: 0.0001670 seconds
2021-12-27T09:36:00.428+0800: 1067.725: Application time: 0.0001402 seconds
2021-12-27T09:36:00.429+0800: 1067.725: Application time: 0.0002168 seconds
2021-12-27T09:36:01.834+0800: 1069.130: Application time: 1.4050016 seconds
2021-12-27T09:36:04.835+0800: 1072.131: Application time: 3.0007585 seconds
2021-12-27T09:36:14.816+0800: 1082.135: Application time: 10.0034023 seconds
2021-12-27T09:36:15.816+0800: 1083.135: Application time: 1.0003794 seconds
2021-12-27T09:36:24.819+0800: 1092.139: Application time: 9.0032425 seconds
2021-12-27T09:36:28.821+0800: 1096.141: Application time: 4.0017359 seconds
2021-12-27T09:36:31.823+0800: 1099.142: Application time: 3.0010246 seconds
2021-12-27T09:36:34.823+0800: 1102.143: Application time: 3.0008719 seconds
2021-12-27T09:36:44.803+0800: 1112.146: Application time: 10.0027778 seconds
2021-12-27T09:37:14.995+0800: 1142.361: Application time: 30.2150646 seconds
{Heap before GC invocations=82 (full 3):
 par new generation   total 47936K, used 47506K [0x0000000724400000, 0x0000000727800000, 0x00000007390c0000)
  eden space 42624K, 100% used [0x0000000724400000, 0x0000000726da0000, 0x0000000726da0000)
  from space 5312K,  91% used [0x0000000726da0000, 0x0000000727264878, 0x00000007272d0000)
  to   space 5312K,   0% used [0x00000007272d0000, 0x00000007272d0000, 0x0000000727800000)
 concurrent mark-sweep generation total 106496K, used 50717K [0x00000007390c0000, 0x000000073f8c0000, 0x00000007c0000000)
 Metaspace       used 85474K, capacity 90500K, committed 90584K, reserved 1128448K
  class space    used 11096K, capacity 11932K, committed 11992K, reserved 1048576K
2021-12-27T09:37:14.997+0800: 1142.362: [GC (Allocation Failure) 2021-12-27T09:37:14.997+0800: 1142.363: [ParNew: 47506K->3791K(47936K), 0.0162287 secs] 98223K->56146K(154432K), 0.0175197 secs] [Times: user=0.03 sys=0.00, real=0.02 secs] 
Heap after GC invocations=83 (full 3):
 par new generation   total 47936K, used 3791K [0x0000000724400000, 0x0000000727800000, 0x00000007390c0000)
  eden space 42624K,   0% used [0x0000000724400000, 0x0000000724400000, 0x0000000726da0000)
  from space 5312K,  71% used [0x00000007272d0000, 0x0000000727683f78, 0x0000000727800000)
  to   space 5312K,   0% used [0x0000000726da0000, 0x0000000726da0000, 0x00000007272d0000)
 concurrent mark-sweep generation total 106496K, used 52354K [0x00000007390c0000, 0x000000073f8c0000, 0x00000007c0000000)
 Metaspace       used 85474K, capacity 90500K, committed 90584K, reserved 1128448K
  class space    used 11096K, capacity 11932K, committed 11992K, reserved 1048576K
}
2021-12-27T09:37:16.016+0800: 1143.382: Application time: 1.0006599 seconds
2021-12-27T09:37:22.020+0800: 1149.386: Application time: 6.0042413 seconds
2021-12-27T09:37:26.022+0800: 1153.388: Application time: 4.0020300 seconds
2021-12-27T09:37:29.024+0800: 1156.389: Application time: 3.0010638 seconds
2021-12-27T09:37:32.024+0800: 1159.392: Application time: 3.0022781 seconds
2021-12-27T09:37:35.117+0800: 1162.482: Application time: 3.0905322 seconds
2021-12-27T09:37:36.118+0800: 1163.483: Application time: 1.0002272 seconds
2021-12-27T09:37:46.097+0800: 1173.486: Application time: 10.0027365 seconds
2021-12-27T09:37:56.101+0800: 1183.490: Application time: 10.0032516 seconds
2021-12-27T09:38:06.104+0800: 1193.493: Application time: 10.0026815 seconds
2021-12-27T09:38:16.083+0800: 1203.495: Application time: 10.0025960 seconds
2021-12-27T09:38:22.086+0800: 1209.498: Application time: 6.0022435 seconds
2021-12-27T09:38:25.314+0800: 1212.726: Application time: 3.2283987 seconds
2021-12-27T09:38:25.315+0800: 1212.727: Application time: 0.0007707 seconds
2021-12-27T09:38:26.316+0800: 1213.728: Application time: 1.0002198 seconds
2021-12-27T09:38:30.338+0800: 1217.750: Application time: 4.0224321 seconds
2021-12-27T09:38:30.339+0800: 1217.751: Application time: 0.0004009 seconds
2021-12-27T09:38:30.339+0800: 1217.751: Application time: 0.0004783 seconds
2021-12-27T09:38:30.341+0800: 1217.753: Application time: 0.0002040 seconds
2021-12-27T09:38:30.341+0800: 1217.753: Application time: 0.0001774 seconds
2021-12-27T09:38:30.342+0800: 1217.754: Application time: 0.0003856 seconds
2021-12-27T09:38:36.346+0800: 1223.758: Application time: 6.0039566 seconds
2021-12-27T09:38:45.368+0800: 1232.803: Application time: 9.0454433 seconds
2021-12-27T09:38:56.373+0800: 1243.808: Application time: 11.0048378 seconds
2021-12-27T09:39:01.733+0800: 1249.168: Application time: 5.3594215 seconds
2021-12-27T09:39:05.735+0800: 1253.170: Application time: 4.0017808 seconds
2021-12-27T09:39:15.718+0800: 1263.177: Application time: 10.0061653 seconds
2021-12-27T09:39:30.306+0800: 1277.764: Application time: 14.5872119 seconds
2021-12-27T09:39:30.306+0800: 1277.764: Application time: 0.0002209 seconds
2021-12-27T09:39:30.306+0800: 1277.765: Application time: 0.0002104 seconds
2021-12-27T09:39:30.307+0800: 1277.765: Application time: 0.0002224 seconds
2021-12-27T09:39:30.307+0800: 1277.765: Application time: 0.0013736 seconds
2021-12-27T09:39:30.308+0800: 1277.767: Application time: 0.0002670 seconds
2021-12-27T09:39:36.311+0800: 1283.770: Application time: 6.0027825 seconds
2021-12-27T09:39:46.293+0800: 1293.774: Application time: 10.0042445 seconds
2021-12-27T09:40:00.298+0800: 1307.779: Application time: 14.0046143 seconds
2021-12-27T09:40:01.299+0800: 1308.779: Application time: 1.0002411 seconds
2021-12-27T09:40:06.300+0800: 1313.781: Application time: 5.0009046 seconds
2021-12-27T09:40:16.288+0800: 1323.793: Application time: 10.0119359 seconds
2021-12-27T09:40:28.296+0800: 1335.801: Application time: 12.0079803 seconds
2021-12-27T09:40:36.106+0800: 1343.610: Application time: 7.8092022 seconds
2021-12-27T09:41:01.160+0800: 1368.627: Application time: 25.0166246 seconds
2021-12-27T09:41:07.139+0800: 1374.630: Application time: 6.0021966 seconds
2021-12-27T09:41:17.146+0800: 1384.636: Application time: 10.0060820 seconds
2021-12-27T09:41:37.140+0800: 1404.652: Application time: 20.0164003 seconds
2021-12-27T09:41:46.147+0800: 1413.659: Application time: 9.0050803 seconds
2021-12-27T09:42:01.152+0800: 1428.664: Application time: 15.0049252 seconds
2021-12-27T09:42:02.152+0800: 1429.665: Application time: 1.0001514 seconds
2021-12-27T09:42:06.472+0800: 1434.007: Application time: 4.3425966 seconds
2021-12-27T09:42:16.476+0800: 1444.012: Application time: 10.0036042 seconds
2021-12-27T09:42:27.480+0800: 1455.015: Application time: 11.0035469 seconds
2021-12-27T09:42:47.467+0800: 1475.025: Application time: 20.0093092 seconds
2021-12-27T09:42:57.471+0800: 1485.029: Application time: 10.0042792 seconds
2021-12-27T09:43:00.273+0800: 1487.831: Application time: 2.8020117 seconds
2021-12-27T09:43:00.274+0800: 1487.832: Application time: 0.0003359 seconds
2021-12-27T09:43:00.274+0800: 1487.832: Application time: 0.0003576 seconds
2021-12-27T09:43:00.275+0800: 1487.833: Application time: 0.0002595 seconds
2021-12-27T09:43:00.275+0800: 1487.833: Application time: 0.0002326 seconds
2021-12-27T09:43:00.275+0800: 1487.833: Application time: 0.0022425 seconds
2021-12-27T09:43:02.278+0800: 1489.836: Application time: 2.0003942 seconds
2021-12-27T09:43:07.257+0800: 1494.837: Application time: 5.0009103 seconds
2021-12-27T09:43:17.264+0800: 1504.844: Application time: 10.0070069 seconds
2021-12-27T09:43:27.270+0800: 1514.851: Application time: 10.0065114 seconds
2021-12-27T09:43:28.271+0800: 1515.851: Application time: 1.0005910 seconds
2021-12-27T09:43:36.834+0800: 1524.426: Application time: 8.5748739 seconds
2021-12-27T09:43:57.846+0800: 1545.439: Application time: 21.0118952 seconds
2021-12-27T09:44:00.847+0800: 1548.439: Application time: 3.0006884 seconds
2021-12-27T09:44:01.847+0800: 1549.440: Application time: 1.0004807 seconds
2021-12-27T09:44:07.828+0800: 1555.442: Application time: 6.0018775 seconds
2021-12-27T09:44:17.833+0800: 1565.447: Application time: 10.0046289 seconds
2021-12-27T09:44:27.837+0800: 1575.451: Application time: 10.0041198 seconds
2021-12-27T09:44:47.827+0800: 1595.463: Application time: 20.0116701 seconds
2021-12-27T09:45:00.833+0800: 1608.469: Application time: 13.0039669 seconds
2021-12-27T09:45:07.812+0800: 1615.471: Application time: 7.0018987 seconds
2021-12-27T09:45:17.272+0800: 1624.931: Application time: 9.4596074 seconds
2021-12-27T09:45:18.274+0800: 1625.933: Application time: 1.0016563 seconds
2021-12-27T09:45:28.284+0800: 1635.942: Application time: 10.0094523 seconds
2021-12-27T09:45:32.286+0800: 1639.944: Application time: 4.0017189 seconds
2021-12-27T09:46:08.266+0800: 1675.970: Application time: 36.0253687 seconds
2021-12-27T09:46:18.269+0800: 1685.973: Application time: 10.0030379 seconds
2021-12-27T09:46:28.273+0800: 1695.976: Application time: 10.0033021 seconds
2021-12-27T09:46:31.275+0800: 1698.979: Application time: 3.0022385 seconds
2021-12-27T09:46:48.269+0800: 1715.996: Application time: 17.0168627 seconds
2021-12-27T09:46:57.623+0800: 1725.349: Application time: 9.3533246 seconds
2021-12-27T09:46:58.624+0800: 1726.350: Application time: 1.0004253 seconds
2021-12-27T09:47:00.625+0800: 1728.352