OpenJDK 64-Bit Server VM (25.212-b04) for linux-amd64 JRE (1.8.0_212-b04), built on May  4 2019 17:56:12 by "buildozer" with gcc 8.3.0
Memory: 4k page, physical 10203724k(8470396k free), swap 1048572k(1048572k free)
CommandLine flags: -XX:+CMSClassUnloadingEnabled -XX:CMSFullGCsBeforeCompaction=9 -XX:CMSInitiatingOccupancyFraction=60 -XX:+CMSParallelRemarkEnabled -XX:+DisableExplicitGC -XX:+ExplicitGCInvokesConcurrent -XX:GCLogFileSize=5242880 -XX:+HeapDumpOnOutOfMemoryError -XX:HeapDumpPath=/opt/logs/100003173/HeapDumpOnOutOfMemoryError/ -XX:InitialHeapSize=163259584 -XX:MaxHeapSize=2612153344 -XX:MaxNewSize=348966912 -XX:MaxTenuringThreshold=9 -XX:NumberOfGCLogFiles=5 -XX:OldPLABSize=16 -XX:-OmitStackTraceInFastThrow -XX:ParallelGCThreads=4 -XX:+PrintGC -XX:+PrintGCApplicationConcurrentTime -XX:+PrintGCDateStamps -XX:+PrintGCDetails -XX:+PrintGCTimeStamps -XX:+PrintHeapAtGC -XX:+ScavengeBeforeFullGC -XX:SoftRefLRUPolicyMSPerMB=0 -XX:+UseCMSCompactAtFullCollection -XX:+UseCMSInitiatingOccupancyOnly -XX:+UseCompressedClassPointers -XX:+UseCompressedOops -XX:+UseConcMarkSweepGC -XX:+UseGCLogFileRotation -XX:+UseParNewGC 
2021-12-27T09:18:16.743+0800: 2.385: Application time: 1.0494689 seconds
2021-12-27T09:18:17.812+0800: 3.453: Application time: 1.0002854 seconds
2021-12-27T09:18:18.865+0800: 4.507: Application time: 1.0079876 seconds
2021-12-27T09:18:19.725+0800: 5.367: Application time: 0.8177176 seconds
2021-12-27T09:18:20.733+0800: 6.374: Application time: 1.0002635 seconds
2021-12-27T09:18:21.733+0800: 7.375: Application time: 1.0002825 seconds
2021-12-27T09:18:22.733+0800: 8.375: Application time: 1.0001662 seconds
2021-12-27T09:18:23.615+0800: 9.257: Application time: 0.8747389 seconds
2021-12-27T09:18:24.557+0800: 10.199: Application time: 0.9418068 seconds
{Heap before GC invocations=0 (full 0):
 par new generation   total 47936K, used 42624K [0x0000000724400000, 0x0000000727800000, 0x00000007390c0000)
  eden space 42624K, 100% used [0x0000000724400000, 0x0000000726da0000, 0x0000000726da0000)
  from space 5312K,   0% used [0x0000000726da0000, 0x0000000726da0000, 0x00000007272d0000)
  to   space 5312K,   0% used [0x00000007272d0000, 0x00000007272d0000, 0x0000000727800000)
 concurrent mark-sweep generation total 106496K, used 0K [0x00000007390c0000, 0x000000073f8c0000, 0x00000007c0000000)
 Metaspace       used 7636K, capacity 7942K, committed 8064K, reserved 1056768K
  class space    used 755K, capacity 857K, committed 896K, reserved 1048576K
2021-12-27T09:18:24.558+0800: 10.199: [GC (Allocation Failure) 2021-12-27T09:18:24.558+0800: 10.200: [ParNew: 42624K->3538K(47936K), 0.0551621 secs] 42624K->3538K(154432K), 0.0598121 secs] [Times: user=0.01 sys=0.00, real=0.06 secs] 
Heap after GC invocations=1 (full 0):
 par new generation   total 47936K, used 3538K [0x0000000724400000, 0x0000000727800000, 0x00000007390c0000)
  eden space 42624K,   0% used [0x0000000724400000, 0x0000000724400000, 0x0000000726da0000)
  from space 5312K,  66% used [0x00000007272d0000, 0x00000007276448a8, 0x0000000727800000)
  to   space 5312K,   0% used [0x0000000726da0000, 0x0000000726da0000, 0x00000007272d0000)
 concurrent mark-sweep generation total 106496K, used 0K [0x00000007390c0000, 0x000000073f8c0000, 0x00000007c0000000)
 Metaspace       used 7636K, capacity 7942K, committed 8064K, reserved 1056768K
  class space    used 755K, capacity 857K, committed 896K, reserved 1048576K
}
2021-12-27T09:18:24.631+0800: 10.273: Application time: 0.0120817 seconds
2021-12-27T09:18:24.643+0800: 10.285: Application time: 0.0000688 seconds
2021-12-27T09:18:24.643+0800: 10.285: Application time: 0.0000302 seconds
2021-12-27T09:18:24.643+0800: 10.285: Application time: 0.0000249 seconds
2021-12-27T09:18:24.644+0800: 10.285: Application time: 0.0007135 seconds
2021-12-27T09:18:24.644+0800: 10.286: Application time: 0.0002385 seconds
2021-12-27T09:18:24.645+0800: 10.286: Application time: 0.0000320 seconds
2021-12-27T09:18:24.645+0800: 10.287: Application time: 0.0000528 seconds
2021-12-27T09:18:24.645+0800: 10.287: Application time: 0.0002197 seconds
2021-12-27T09:18:24.649+0800: 10.291: Application time: 0.0026475 seconds
2021-12-27T09:18:24.651+0800: 10.293: Application time: 0.0004708 seconds
2021-12-27T09:18:24.652+0800: 10.294: Application time: 0.0006584 seconds
2021-12-27T09:18:24.652+0800: 10.294: Application time: 0.0000289 seconds
2021-12-27T09:18:24.656+0800: 10.297: Application time: 0.0014831 seconds
2021-12-27T09:18:24.656+0800: 10.298: Application time: 0.0003314 seconds
2021-12-27T09:18:24.656+0800: 10.298: Application time: 0.0000284 seconds
2021-12-27T09:18:24.656+0800: 10.298: Application time: 0.0000247 seconds
2021-12-27T09:18:24.656+0800: 10.298: Application time: 0.0000248 seconds
2021-12-27T09:18:24.656+0800: 10.301: Application time: 0.0024614 seconds
2021-12-27T09:18:24.659+0800: 10.301: Application time: 0.0003827 seconds
2021-12-27T09:18:24.670+0800: 10.312: Application time: 0.0105727 seconds
2021-12-27T09:18:24.671+0800: 10.312: Application time: 0.0004168 seconds
2021-12-27T09:18:24.671+0800: 10.313: Application time: 0.0000322 seconds
2021-12-27T09:18:24.671+0800: 10.313: Application time: 0.0000232 seconds
2021-12-27T09:18:24.671+0800: 10.313: Application time: 0.0000233 seconds
2021-12-27T09:18:25.672+0800: 11.314: Application time: 1.0011896 seconds
2021-12-27T09:18:25.798+0800: 11.440: Application time: 0.1119108 seconds
2021-12-27T09:18:26.190+0800: 11.832: Application time: 0.3915715 seconds
2021-12-27T09:18:26.486+0800: 12.128: Application time: 0.2960226 seconds
{Heap before GC invocations=1 (full 0):
 par new generation   total 47936K, used 46162K [0x0000000724400000, 0x0000000727800000, 0x00000007390c0000)
  eden space 42624K, 100% used [0x0000000724400000, 0x0000000726da0000, 0x0000000726da0000)
  from space 5312K,  66% used [0x00000007272d0000, 0x00000007276448a8, 0x0000000727800000)
  to   space 5312K,   0% used [0x0000000726da0000, 0x0000000726da0000, 0x00000007272d0000)
 concurrent mark-sweep generation total 106496K, used 0K [0x00000007390c0000, 0x000000073f8c0000, 0x00000007c0000000)
 Metaspace       used 9202K, capacity 9486K, committed 9600K, reserved 1058816K
  class space    used 964K, capacity 1049K, committed 1152K, reserved 1048576K
2021-12-27T09:18:26.487+0800: 12.129: [GC (Allocation Failure) 2021-12-27T09:18:26.487+0800: 12.129: [ParNew: 46162K->2803K(47936K), 0.1231780 secs] 46162K->5056K(154432K), 0.1245809 secs] [Times: user=0.03 sys=0.00, real=0.12 secs] 
Heap after GC invocations=2 (full 0):
 par new generation   total 47936K, used 2803K [0x0000000724400000, 0x0000000727800000, 0x00000007390c0000)
  eden space 42624K,   0% used [0x0000000724400000, 0x0000000724400000, 0x0000000726da0000)
  from space 5312K,  52% used [0x0000000726da0000, 0x000000072705ce00, 0x00000007272d0000)
  to   space 5312K,   0% used [0x00000007272d0000, 0x00000007272d0000, 0x0000000727800000)
 concurrent mark-sweep generation total 106496K, used 2252K [0x00000007390c0000, 0x000000073f8c0000, 0x00000007c0000000)
 Metaspace       used 9202K, capacity 9486K, committed 9600K, reserved 1058816K
  class space    used 964K, capacity 1049K, committed 1152K, reserved 1048576K
}
2021-12-27T09:18:26.620+0800: 12.261: Application time: 0.0069117 seconds
2021-12-27T09:18:26.624+0800: 12.266: Application time: 0.0045481 seconds
2021-12-27T09:18:26.638+0800: 12.280: Application time: 0.0021561 seconds
2021-12-27T09:18:26.639+0800: 12.280: Application time: 0.0002584 seconds
2021-12-27T09:18:26.639+0800: 12.281: Application time: 0.0006686 seconds
2021-12-27T09:18:26.640+0800: 12.282: Application time: 0.0001831 seconds
2021-12-27T09:18:26.640+0800: 12.282: Application time: 0.0003343 seconds
2021-12-27T09:18:26.641+0800: 12.282: Application time: 0.0003638 seconds
2021-12-27T09:18:26.641+0800: 12.283: Application time: 0.0002903 seconds
2021-12-27T09:18:26.641+0800: 12.283: Application time: 0.0002259 seconds
2021-12-27T09:18:26.642+0800: 12.284: Application time: 0.0004284 seconds
2021-12-27T09:18:26.642+0800: 12.284: Application time: 0.0004587 seconds
2021-12-27T09:18:26.643+0800: 12.285: Application time: 0.0003600 seconds
2021-12-27T09:18:26.643+0800: 12.285: Application time: 0.0001025 seconds
2021-12-27T09:18:26.644+0800: 12.285: Application time: 0.0003866 seconds
2021-12-27T09:18:26.644+0800: 12.286: Application time: 0.0003660 seconds
2021-12-27T09:18:26.645+0800: 12.287: Application time: 0.0000277 seconds
2021-12-27T09:18:26.645+0800: 12.287: Application time: 0.0004605 seconds
2021-12-27T09:18:26.646+0800: 12.290: Application time: 0.0024133 seconds
2021-12-27T09:18:26.649+0800: 12.290: Application time: 0.0005590 seconds
2021-12-27T09:18:26.651+0800: 12.293: Application time: 0.0021775 seconds
2021-12-27T09:18:27.663+0800: 13.305: Application time: 1.0110275 seconds
2021-12-27T09:18:28.667+0800: 14.309: Application time: 1.0041490 seconds
2021-12-27T09:18:28.764+0800: 14.405: Application time: 0.0957639 seconds
{Heap before GC invocations=2 (full 0):
 par new generation   total 47936K, used 45427K [0x0000000724400000, 0x0000000727800000, 0x00000007390c0000)
  eden space 42624K, 100% used [0x0000000724400000, 0x0000000726da0000, 0x0000000726da0000)
  from space 5312K,  52% used [0x0000000726da0000, 0x000000072705ce00, 0x00000007272d0000)
  to   space 5312K,   0% used [0x00000007272d0000, 0x00000007272d0000, 0x0000000727800000)
 concurrent mark-sweep generation total 106496K, used 2252K [0x00000007390c0000, 0x000000073f8c0000, 0x00000007c0000000)
 Metaspace       used 11241K, capacity 11502K, committed 11648K, reserved 1058816K
  class space    used 1223K, capacity 1337K, committed 1408K, reserved 1048576K
2021-12-27T09:18:28.765+0800: 14.407: [GC (Allocation Failure) 2021-12-27T09:18:28.765+0800: 14.407: [ParNew: 45427K->1860K(47936K), 0.0402206 secs] 47680K->4112K(154432K), 0.0418179 secs] [Times: user=0.01 sys=0.00, real=0.05 secs] 
Heap after GC invocations=3 (full 0):
 par new generation   total 47936K, used 1860K [0x0000000724400000, 0x0000000727800000, 0x00000007390c0000)
  eden space 42624K,   0% used [0x0000000724400000, 0x0000000724400000, 0x0000000726da0000)
  from space 5312K,  35% used [0x00000007272d0000, 0x00000007274a1028, 0x0000000727800000)
  to   space 5312K,   0% used [0x0000000726da0000, 0x0000000726da0000, 0x00000007272d0000)
 concurrent mark-sweep generation total 106496K, used 2252K [0x00000007390c0000, 0x000000073f8c0000, 0x00000007c0000000)
 Metaspace       used 11241K, capacity 11502K, committed 11648K, reserved 1058816K
  class space    used 1223K, capacity 1337K, committed 1408K, reserved 1048576K
}
2021-12-27T09:18:28.821+0800: 14.463: Application time: 0.0132894 seconds
2021-12-27T09:18:29.863+0800: 15.505: Application time: 1.0076627 seconds
2021-12-27T09:18:30.864+0800: 16.505: Application time: 1.0002234 seconds
2021-12-27T09:18:31.887+0800: 17.529: Application time: 1.0001526 seconds
2021-12-27T09:18:32.226+0800: 17.869: Application time: 0.3400171 seconds
{Heap before GC invocations=3 (full 0):
 par new generation   total 47936K, used 44484K [0x0000000724400000, 0x0000000727800000, 0x00000007390c0000)
  eden space 42624K, 100% used [0x0000000724400000, 0x0000000726da0000, 0x0000000726da0000)
  from space 5312K,  35% used [0x00000007272d0000, 0x00000007274a1028, 0x0000000727800000)
  to   space 5312K,   0% used [0x0000000726da0000, 0x0000000726da0000, 0x00000007272d0000)
 concurrent mark-sweep generation total 106496K, used 2252K [0x00000007390c0000, 0x000000073f8c0000, 0x00000007c0000000)
 Metaspace       used 14193K, capacity 14550K, committed 14848K, reserved 1062912K
  class space    used 1609K, capacity 1732K, committed 1792K, reserved 1048576K
2021-12-27T09:18:32.227+0800: 17.869: [GC (Allocation Failure) 2021-12-27T09:18:32.228+0800: 17.869: [ParNew: 44484K->3955K(47936K), 0.1377411 secs] 46736K->6207K(154432K), 0.1389275 secs] [Times: user=0.03 sys=0.01, real=0.14 secs] 
Heap after GC invocations=4 (full 0):
 par new generation   total 47936K, used 3955K [0x0000000724400000, 0x0000000727800000, 0x00000007390c0000)
  eden space 42624K,   0% used [0x0000000724400000, 0x0000000724400000, 0x0000000726da0000)
  from space 5312K,  74% used [0x0000000726da0000, 0x000000072717cc90, 0x00000007272d0000)
  to   space 5312K,   0% used [0x00000007272d0000, 0x00000007272d0000, 0x0000000727800000)
 concurrent mark-sweep generation total 106496K, used 2252K [0x00000007390c0000, 0x000000073f8c0000, 0x00000007c0000000)
 Metaspace       used 14193K, capacity 14550K, committed 14848K, reserved 1062912K
  class space    used 1609K, capacity 1732K, committed 1792K, reserved 1048576K
}
2021-12-27T09:18:32.377+0800: 18.018: Application time: 0.0100235 seconds
2021-12-27T09:18:33.387+0800: 19.029: Application time: 1.0022812 seconds
2021-12-27T09:18:33.970+0800: 19.612: Application time: 0.5759833 seconds
2021-12-27T09:18:33.971+0800: 19.613: Application time: 0.0012517 seconds
2021-12-27T09:18:34.434+0800: 20.089: Application time: 0.4749223 seconds
2021-12-27T09:18:34.494+0800: 20.136: Application time: 0.0472286 seconds
2021-12-27T09:18:34.933+0800: 20.575: Application time: 0.4368904 seconds
{Heap before GC invocations=4 (full 0):
 par new generation   total 47936K, used 46579K [0x0000000724400000, 0x0000000727800000, 0x00000007390c0000)
  eden space 42624K, 100% used [0x0000000724400000, 0x0000000726da0000, 0x0000000726da0000)
  from space 5312K,  74% used [0x0000000726da0000, 0x000000072717cc90, 0x00000007272d0000)
  to   space 5312K,   0% used [0x00000007272d0000, 0x00000007272d0000, 0x0000000727800000)
 concurrent mark-sweep generation total 106496K, used 2252K [0x00000007390c0000, 0x000000073f8c0000, 0x00000007c0000000)
 Metaspace       used 15798K, capacity 16374K, committed 16640K, reserved 1064960K
  class space    used 1846K, capacity 1974K, committed 2048K, reserved 1048576K
2021-12-27T09:18:34.989+0800: 20.631: [GC (Allocation Failure) 2021-12-27T09:18:34.990+0800: 20.632: [ParNew: 46579K->2688K(47936K), 0.0291156 secs] 48831K->5710K(154432K), 0.0302315 secs] [Times: user=0.01 sys=0.00, real=0.03 secs] 
Heap after GC invocations=5 (full 0):
 par new generation   total 47936K, used 2688K [0x0000000724400000, 0x0000000727800000, 0x00000007390c0000)
  eden space 42624K,   0% used [0x0000000724400000, 0x0000000724400000, 0x0000000726da0000)
  from space 5312K,  50% used [0x00000007272d0000, 0x0000000727570378, 0x0000000727800000)
  to   space 5312K,   0% used [0x0000000726da0000, 0x0000000726da0000, 0x00000007272d0000)
 concurrent mark-sweep generation total 106496K, used 3021K [0x00000007390c0000, 0x000000073f8c0000, 0x00000007c0000000)
 Metaspace       used 15798K, capacity 16374K, committed 16640K, reserved 1064960K
  class space    used 1846K, capacity 1974K, committed 2048K, reserved 1048576K
}
2021-12-27T09:18:35.034+0800: 20.676: Application time: 0.0132919 seconds
2021-12-27T09:18:35.772+0800: 21.413: Application time: 0.7369948 seconds
2021-12-27T09:18:35.779+0800: 21.420: Application time: 0.0068743 seconds
2021-12-27T09:18:36.781+0800: 22.423: Application time: 1.0012129 seconds
2021-12-27T09:18:37.778+0800: 23.442: Application time: 1.0008076 seconds
2021-12-27T09:18:37.999+0800: 23.663: Application time: 0.2116955 seconds
2021-12-27T09:18:38.025+0800: 23.688: Application time: 0.0013467 seconds
2021-12-27T09:18:38.050+0800: 23.714: Application time: 0.0236808 seconds
2021-12-27T09:18:38.076+0800: 23.739: Application time: 0.0154769 seconds
2021-12-27T09:18:38.085+0800: 23.749: Application time: 0.0022054 seconds
2021-12-27T09:18:38.097+0800: 23.760: Application time: 0.0022029 seconds
2021-12-27T09:18:38.101+0800: 23.765: Application time: 0.0005483 seconds
2021-12-27T09:18:38.102+0800: 23.766: Application time: 0.0009894 seconds
2021-12-27T09:18:38.103+0800: 23.766: Application time: 0.0002020 seconds
2021-12-27T09:18:38.103+0800: 23.767: Application time: 0.0003623 seconds
2021-12-27T09:18:38.105+0800: 23.768: Application time: 0.0015854 seconds
2021-12-27T09:18:38.120+0800: 23.784: Application time: 0.0150715 seconds
2021-12-27T09:18:38.126+0800: 23.790: Application time: 0.0003381 seconds
2021-12-27T09:18:38.147+0800: 23.811: Application time: 0.0211873 seconds
2021-12-27T09:18:38.205+0800: 23.869: Application time: 0.0541226 seconds
2021-12-27T09:18:38.207+0800: 23.871: Application time: 0.0015187 seconds
2021-12-27T09:18:38.215+0800: 23.879: Application time: 0.0076998 seconds
2021-12-27T09:18:38.228+0800: 23.892: Application time: 0.0125808 seconds
2021-12-27T09:18:38.230+0800: 23.894: Application time: 0.0015993 seconds
2021-12-27T09:18:38.243+0800: 23.907: Application time: 0.0021409 seconds
2021-12-27T09:18:38.254+0800: 23.918: Application time: 0.0064263 seconds
2021-12-27T09:18:38.266+0800: 23.929: Application time: 0.0039804 seconds
2021-12-27T09:18:38.267+0800: 23.930: Application time: 0.0004858 seconds
2021-12-27T09:18:38.269+0800: 23.933: Application time: 0.0022902 seconds
2021-12-27T09:18:38.279+0800: 23.943: Application time: 0.0017361 seconds
2021-12-27T09:18:38.284+0800: 23.948: Application time: 0.0002447 seconds
2021-12-27T09:18:38.286+0800: 23.950: Application time: 0.0011331 seconds
2021-12-27T09:18:38.294+0800: 23.958: Application time: 0.0013828 seconds
2021-12-27T09:18:38.297+0800: 23.960: Application time: 0.0002233 seconds
2021-12-27T09:18:38.305+0800: 23.969: Application time: 0.0072481 seconds
2021-12-27T09:18:38.452+0800: 24.116: Application time: 0.1452041 seconds
2021-12-27T09:18:38.762+0800: 24.426: Application time: 0.3050686 seconds
{Heap before GC invocations=5 (full 0):
 par new generation   total 47936K, used 45312K [0x0000000724400000, 0x0000000727800000, 0x00000007390c0000)
  eden space 42624K, 100% used [0x0000000724400000, 0x0000000726da0000, 0x0000000726da0000)
  from space 5312K,  50% used [0x00000007272d0000, 0x0000000727570378, 0x0000000727800000)
  to   space 5312K,   0% used [0x0000000726da0000, 0x0000000726da0000, 0x00000007272d0000)
 concurrent mark-sweep generation total 106496K, used 3021K [0x00000007390c0000, 0x000000073f8c0000, 0x00000007c0000000)
 Metaspace       used 17790K, capacity 18520K, committed 18688K, reserved 1064960K
  class space    used 2090K, capacity 2280K, committed 2304K, reserved 1048576K
2021-12-27T09:18:38.763+0800: 24.427: [GC (Allocation Failure) 2021-12-27T09:18:38.764+0800: 24.427: [ParNew: 45312K->4528K(47936K), 0.0856827 secs] 48334K->7550K(154432K), 0.0865351 secs] [Times: user=0.01 sys=0.00, real=0.09 secs] 
Heap after GC invocations=6 (full 0):
 par new generation   total 47936K, used 4528K [0x0000000724400000, 0x0000000727800000, 0x00000007390c0000)
  eden space 42624K,   0% used [0x0000000724400000, 0x0000000724400000, 0x0000000726da0000)
  from space 5312K,  85% used [0x0000000726da0000, 0x000000072720c3c8, 0x00000007272d0000)
  to   space 5312K,   0% used [0x00000007272d0000, 0x00000007272d0000, 0x0000000727800000)
 concurrent mark-sweep generation total 106496K, used 3021K [0x00000007390c0000, 0x000000073f8c0000, 0x00000007c0000000)
 Metaspace       used 17790K, capacity 18520K, committed 18688K, reserved 1064960K
  class space    used 2090K, capacity 2280K, committed 2304K, reserved 1048576K
}
2021-12-27T09:18:38.856+0800: 24.520: Application time: 0.0057988 seconds
2021-12-27T09:18:38.874+0800: 24.538: Application time: 0.0156715 seconds
2021-12-27T09:18:39.165+0800: 24.828: Application time: 0.2858626 seconds
2021-12-27T09:18:39.168+0800: 24.832: Application time: 0.0024439 seconds
2021-12-27T09:18:39.489+0800: 25.166: Application time: 0.3341406 seconds
2021-12-27T09:18:39.704+0800: 25.367: Application time: 0.1553486 seconds
2021-12-27T09:18:39.835+0800: 25.498: Application time: 0.1309755 seconds
2021-12-27T09:18:39.836+0800: 25.500: Application time: 0.0008100 seconds
2021-12-27T09:18:39.873+0800: 25.536: Application time: 0.0000806 seconds
2021-12-27T09:18:39.875+0800: 25.539: Application time: 0.0028550 seconds
2021-12-27T09:18:39.876+0800: 25.539: Application time: 0.0000811 seconds
2021-12-27T09:18:39.898+0800: 25.562: Application time: 0.0222838 seconds
2021-12-27T09:18:39.948+0800: 25.612: Application time: 0.0500560 seconds
2021-12-27T09:18:40.001+0800: 25.665: Application time: 0.0173796 seconds
2021-12-27T09:18:40.096+0800: 25.760: Application time: 0.0949458 seconds
2021-12-27T09:18:40.204+0800: 25.868: Application time: 0.1077631 seconds
2021-12-27T09:18:40.224+0800: 25.887: Application time: 0.0009323 seconds
2021-12-27T09:18:40.224+0800: 25.888: Application time: 0.0001485 seconds
2021-12-27T09:18:40.250+0800: 25.915: Application time: 0.0202997 seconds
2021-12-27T09:18:40.293+0800: 25.957: Application time: 0.0038058 seconds
2021-12-27T09:18:40.293+0800: 25.957: Application time: 0.0000538 seconds
2021-12-27T09:18:40.359+0800: 26.023: Application time: 0.0658799 seconds
2021-12-27T09:18:40.404+0800: 26.068: Application time: 0.0037321 seconds
2021-12-27T09:18:40.428+0800: 26.092: Application time: 0.0228148 seconds
2021-12-27T09:18:40.484+0800: 26.148: Application time: 0.0517646 seconds
2021-12-27T09:18:40.538+0800: 26.201: Application time: 0.0372626 seconds
2021-12-27T09:18:40.667+0800: 26.330: Application time: 0.1287594 seconds
2021-12-27T09:18:40.730+0800: 26.393: Application time: 0.0600845 seconds
2021-12-27T09:18:40.813+0800: 26.477: Application time: 0.0817149 seconds
2021-12-27T09:18:40.956+0800: 26.620: Application time: 0.1429574 seconds
{Heap before GC invocations=6 (full 0):
 par new generation   total 47936K, used 47152K [0x0000000724400000, 0x0000000727800000, 0x00000007390c0000)
  eden space 42624K, 100% used [0x0000000724400000, 0x0000000726da0000, 0x0000000726da0000)
  from space 5312K,  85% used [0x0000000726da0000, 0x000000072720c3c8, 0x00000007272d0000)
  to   space 5312K,   0% used [0x00000007272d0000, 0x00000007272d0000, 0x0000000727800000)
 concurrent mark-sweep generation total 106496K, used 3021K [0x00000007390c0000, 0x000000073f8c0000, 0x00000007c0000000)
 Metaspace       used 19723K, capacity 20424K, committed 20480K, reserved 1067008K
  class space    used 2359K, capacity 2522K, committed 2560K, reserved 1048576K
2021-12-27T09:18:40.959+0800: 26.622: [GC (Allocation Failure) 2021-12-27T09:18:40.959+0800: 26.623: [ParNew: 47152K->3289K(47936K), 0.0968133 secs] 50174K->7364K(154432K), 0.0978989 secs] [Times: user=0.02 sys=0.01, real=0.10 secs] 
Heap after GC invocations=7 (full 0):
 par new generation   total 47936K, used 3289K [0x0000000724400000, 0x0000000727800000, 0x00000007390c0000)
  eden space 42624K,   0% used [0x0000000724400000, 0x0000000724400000, 0x0000000726da0000)
  from space 5312K,  61% used [0x00000007272d0000, 0x0000000727606548, 0x0000000727800000)
  to   space 5312K,   0% used [0x0000000726da0000, 0x0000000726da0000, 0x00000007272d0000)
 concurrent mark-sweep generation total 106496K, used 4075K [0x00000007390c0000, 0x000000073f8c0000, 0x00000007c0000000)
 Metaspace       used 19723K, capacity 20424K, committed 20480K, reserved 1067008K
  class space    used 2359K, capacity 2522K, committed 2560K, reserved 1048576K
}
2021-12-27T09:18:41.075+0800: 26.739: Application time: 0.0154451 seconds
2021-12-27T09:18:41.081+0800: 26.744: Application time: 0.0005541 seconds
2021-12-27T09:18:41.086+0800: 26.750: Application time: 0.0003831 seconds
2021-12-27T09:18:41.092+0800: 26.756: Application time: 0.0058998 seconds
2021-12-27T09:18:41.104+0800: 26.773: Application time: 0.0056457 seconds
2021-12-27T09:18:41.112+0800: 26.776: Application time: 0.0000754 seconds
2021-12-27T09:18:41.209+0800: 26.873: Application time: 0.0966141 seconds
2021-12-27T09:18:41.350+0800: 27.014: Application time: 0.1406374 seconds
2021-12-27T09:18:41.384+0800: 27.047: Application time: 0.0335204 seconds
2021-12-27T09:18:41.426+0800: 27.090: Application time: 0.0424257 seconds
2021-12-27T09:18:41.434+0800: 27.097: Application time: 0.0071704 seconds
2021-12-27T09:18:41.976+0800: 27.640: Application time: 0.5425492 seconds
2021-12-27T09:18:42.373+0800: 28.036: Application time: 0.3960417 seconds
2021-12-27T09:18:42.391+0800: 28.055: Application time: 0.0133372 seconds
2021-12-27T09:18:42.392+0800: 28.055: Application time: 0.0001628 seconds
2021-12-27T09:18:42.447+0800: 28.111: Application time: 0.0021973 seconds
2021-12-27T09:18:42.817+0800: 28.480: Application time: 0.3449149 seconds
2021-12-27T09:18:43.066+0800: 28.730: Application time: 0.2495941 seconds
2021-12-27T09:18:43.072+0800: 28.739: [GC (CMS Initial Mark) [1 CMS-initial-mark: 4075K(106496K)] 43989K(154432K), 0.1119636 secs] [Times: user=0.02 sys=0.00, real=0.12 secs] 
2021-12-27T09:18:43.185+0800: 28.849: [CMS-concurrent-mark-start]
2021-12-27T09:18:43.500+0800: 29.164: [CMS-concurrent-mark: 0.315/0.315 secs] [Times: user=0.04 sys=0.01, real=0.31 secs] 
2021-12-27T09:18:43.505+0800: 29.168: Application time: 0.3194791 seconds
2021-12-27T09:18:43.505+0800: 29.169: [CMS-concurrent-preclean-start]
2021-12-27T09:18:43.528+0800: 29.192: [CMS-concurrent-preclean: 0.023/0.023 secs] [Times: user=0.01 sys=0.00, real=0.02 secs] 
2021-12-27T09:18:43.530+0800: 29.193: Application time: 0.0250004 seconds
2021-12-27T09:18:43.594+0800: 29.257: [CMS-concurrent-abortable-preclean-start]
2021-12-27T09:18:43.596+0800: 29.259: Application time: 0.0019646 seconds
{Heap before GC invocations=7 (full 1):
 par new generation   total 47936K, used 45913K [0x0000000724400000, 0x0000000727800000, 0x00000007390c0000)
  eden space 42624K, 100% used [0x0000000724400000, 0x0000000726da0000, 0x0000000726da0000)
  from space 5312K,  61% used [0x00000007272d0000, 0x0000000727606548, 0x0000000727800000)
  to   space 5312K,   0% used [0x0000000726da0000, 0x0000000726da0000, 0x00000007272d0000)
 concurrent mark-sweep generation total 106496K, used 4075K [0x00000007390c0000, 0x000000073f8c0000, 0x00000007c0000000)
 Metaspace       used 21394K, capacity 22232K, committed 22420K, reserved 1069056K
  class space    used 2623K, capacity 2842K, committed 2968K, reserved 1048576K
2021-12-27T09:18:43.596+0800: 29.259: [GC (Allocation Failure) 2021-12-27T09:18:43.596+0800: 29.260: [ParNew: 45913K->2977K(47936K), 0.0429926 secs] 49988K->7053K(154432K), 0.0503577 secs] [Times: user=0.01 sys=0.00, real=0.05 secs] 
Heap after GC invocations=8 (full 1):
 par new generation   total 47936K, used 2977K [0x0000000724400000, 0x0000000727800000, 0x00000007390c0000)
  eden space 42624K,   0% used [0x0000000724400000, 0x0000000724400000, 0x0000000726da0000)
  from space 5312K,  56% used [0x0000000726da0000, 0x00000007270886d0, 0x00000007272d0000)
  to   space 5312K,   0% used [0x00000007272d0000, 0x00000007272d0000, 0x0000000727800000)
 concurrent mark-sweep generation total 106496K, used 4075K [0x00000007390c0000, 0x000000073f8c0000, 0x00000007c0000000)
 Metaspace       used 21394K, capacity 22232K, committed 22420K, reserved 1069056K
  class space    used 2623K, capacity 2842K, committed 2968K, reserved 1048576K
}
2021-12-27T09:18:43.971+0800: 29.634: Application time: 0.3199048 seconds
2021-12-27T09:18:44.021+0800: 29.685: Application time: 0.0475183 seconds
2021-12-27T09:18:44.703+0800: 30.367: Application time: 0.6698629 seconds
2021-12-27T09:18:45.142+0800: 30.806: Application time: 0.3131840 seconds
2021-12-27T09:18:45.231+0800: 30.897: Application time: 0.0874548 seconds
2021-12-27T09:18:45.234+0800: 30.897: [CMS-concurrent-abortable-preclean: 1.374/1.640 secs] [Times: user=0.28 sys=0.04, real=1.64 secs] 
2021-12-27T09:18:45.240+0800: 30.904: Application time: 0.0067213 seconds
2021-12-27T09:18:45.256+0800: 30.919: [GC (CMS Final Remark) [YG occupancy: 29097 K (47936 K)]2021-12-27T09:18:45.258+0800: 30.922: [Rescan (parallel) , 0.0863626 secs]2021-12-27T09:18:45.345+0800: 31.009: [weak refs processing, 0.0008418 secs]2021-12-27T09:18:45.347+0800: 31.010: [class unloading, 0.0226646 secs]2021-12-27T09:18:45.390+0800: 31.053: [scrub symbol table, 0.0477768 secs]2021-12-27T09:18:45.444+0800: 31.107: [scrub string table, 0.0039628 secs][1 CMS-remark: 4075K(106496K)] 33172K(154432K), 0.1978033 secs] [Times: user=0.03 sys=0.00, real=0.19 secs] 
2021-12-27T09:18:45.455+0800: 31.118: [CMS-concurrent-sweep-start]
2021-12-27T09:18:45.455+0800: 31.118: Application time: 0.0005237 seconds
2021-12-27T09:18:45.458+0800: 31.122: [CMS-concurrent-sweep: 0.003/0.004 secs] [Times: user=0.00 sys=0.00, real=0.00 secs] 
2021-12-27T09:18:45.461+0800: 31.125: [CMS-concurrent-reset-start]
2021-12-27T09:18:45.956+0800: 31.620: Application time: 0.5011108 seconds
{Heap before GC invocations=8 (full 1):
 par new generation   total 47936K, used 45600K [0x0000000724400000, 0x0000000727800000, 0x00000007390c0000)
  eden space 42624K,  99% used [0x0000000724400000, 0x0000000726d9fa20, 0x0000000726da0000)
  from space 5312K,  56% used [0x0000000726da0000, 0x00000007270886d0, 0x00000007272d0000)
  to   space 5312K,   0% used [0x00000007272d0000, 0x00000007272d0000, 0x0000000727800000)
 concurrent mark-sweep generation total 106496K, used 3854K [0x00000007390c0000, 0x000000073f8c0000, 0x00000007c0000000)
 Metaspace       used 22318K, capacity 23190K, committed 23288K, reserved 1069056K
  class space    used 2794K, capacity 3019K, committed 3044K, reserved 1048576K
2021-12-27T09:18:45.985+0800: 31.649: [GC (Allocation Failure) 2021-12-27T09:18:45.986+0800: 31.650: [ParNew: 45600K->3683K(47936K), 0.0401905 secs] 49454K->7537K(154432K), 0.0419345 secs] [Times: user=0.01 sys=0.00, real=0.04 secs] 
Heap after GC invocations=9 (full 1):
 par new generation   total 47936K, used 3683K [0x0000000724400000, 0x0000000727800000, 0x00000007390c0000)
  eden space 42624K,   0% used [0x0000000724400000, 0x0000000724400000, 0x0000000726da0000)
  from space 5312K,  69% used [0x00000007272d0000, 0x0000000727668cd8, 0x0000000727800000)
  to   space 5312K,   0% used [0x0000000726da0000, 0x0000000726da0000, 0x00000007272d0000)
 concurrent mark-sweep generation total 106496K, used 3854K [0x00000007390c0000, 0x000000073f8c0000, 0x00000007c0000000)
 Metaspace       used 22318K, capacity 23190K, committed 23288K, reserved 1069056K
  class space    used 2794K, capacity 3019K, committed 3044K, reserved 1048576K
}
2021-12-27T09:18:46.037+0800: 31.701: Application time: 0.0090492 seconds
2021-12-27T09:18:46.066+0800: 31.730: [CMS-concurrent-reset: 0.503/0.604 secs] [Times: user=0.09 sys=0.04, real=0.61 secs] 
2021-12-27T09:18:47.065+0800: 32.728: Application time: 1.0004480 seconds
2021-12-27T09:18:47.285+0800: 32.948: Application time: 0.2120335 seconds
{Heap before GC invocations=9 (full 1):
 par new generation   total 47936K, used 46307K [0x0000000724400000, 0x0000000727800000, 0x00000007390c0000)
  eden space 42624K, 100% used [0x0000000724400000, 0x0000000726da0000, 0x0000000726da0000)
  from space 5312K,  69% used [0x00000007272d0000, 0x0000000727668cd8, 0x0000000727800000)
  to   space 5312K,   0% used [0x0000000726da0000, 0x0000000726da0000, 0x00000007272d0000)
 concurrent mark-sweep generation total 106496K, used 3854K [0x00000007390c0000, 0x000000073f8c0000, 0x00000007c0000000)
 Metaspace       used 22817K, capacity 23710K, committed 23908K, reserved 1071104K
  class space    used 2851K, capacity 3059K, committed 3172K, reserved 1048576K
2021-12-27T09:18:47.294+0800: 32.958: [GC (Allocation Failure) 2021-12-27T09:18:47.295+0800: 32.958: [ParNew: 46307K->2850K(47936K), 0.0460921 secs] 50161K->7181K(154432K), 0.0607227 secs] [Times: user=0.02 sys=0.00, real=0.06 secs] 
Heap after GC invocations=10 (full 1):
 par new generation   total 47936K, used 2850K [0x0000000724400000, 0x0000000727800000, 0x00000007390c0000)
  eden space 42624K,   0% used [0x0000000724400000, 0x0000000724400000, 0x0000000726da0000)
  from space 5312K,  53% used [0x0000000726da0000, 0x00000007270688e8, 0x00000007272d0000)
  to   space 5312K,   0% used [0x00000007272d0000, 0x00000007272d0000, 0x0000000727800000)
 concurrent mark-sweep generation total 106496K, used 4331K [0x00000007390c0000, 0x000000073f8c0000, 0x00000007c0000000)
 Metaspace       used 22817K, capacity 23710K, committed 23908K, reserved 1071104K
  class space    used 2851K, capacity 3059K, committed 3172K, reserved 1048576K
}
2021-12-27T09:18:47.705+0800: 33.369: Application time: 0.3438399 seconds
2021-12-27T09:18:47.753+0800: 33.417: Application time: 0.0464816 seconds
2021-12-27T09:18:48.071+0800: 33.734: Application time: 0.3157743 seconds
2021-12-27T09:18:48.073+0800: 33.736: Application time: 0.0014674 seconds
2021-12-27T09:18:48.102+0800: 33.766: Application time: 0.0270581 seconds
2021-12-27T09:18:48.123+0800: 33.786: Application time: 0.0196747 seconds
2021-12-27T09:18:48.127+0800: 33.790: Application time: 0.0015353 seconds
2021-12-27T09:18:48.179+0800: 33.843: Application time: 0.0006913 seconds
2021-12-27T09:18:48.493+0800: 34.157: Application time: 0.3132701 seconds
2021-12-27T09:18:49.495+0800: 35.158: Application time: 1.0015671 seconds
2021-12-27T09:18:49.924+0800: 35.588: Application time: 0.4139245 seconds
2021-12-27T09:18:50.234+0800: 35.897: Application time: 0.3024057 seconds
2021-12-27T09:18:50.268+0800: 35.932: Application time: 0.0343049 seconds
2021-12-27T09:18:50.283+0800: 35.947: Application time: 0.0143379 seconds
2021-12-27T09:18:50.353+0800: 36.017: Application time: 0.0701117 seconds
{Heap before GC invocations=10 (full 1):
 par new generation   total 47936K, used 45474K [0x0000000724400000, 0x0000000727800000, 0x00000007390c0000)
  eden space 42624K, 100% used [0x0000000724400000, 0x0000000726da0000, 0x0000000726da0000)
  from space 5312K,  53% used [0x0000000726da0000, 0x00000007270688e8, 0x00000007272d0000)
  to   space 5312K,   0% used [0x00000007272d0000, 0x00000007272d0000, 0x0000000727800000)
 concurrent mark-sweep generation total 106496K, used 4331K [0x00000007390c0000, 0x000000073f8c0000, 0x00000007c0000000)
 Metaspace       used 24835K, capacity 25742K, committed 25828K, reserved 1071104K
  class space    used 3048K, capacity 3239K, committed 3300K, reserved 1048576K
2021-12-27T09:18:50.361+0800: 36.024: [GC (Allocation Failure) 2021-12-27T09:18:50.369+0800: 36.033: [ParNew: 45474K->5312K(47936K), 0.0891752 secs] 49805K->10490K(154432K), 0.1065535 secs] [Times: user=0.01 sys=0.00, real=0.11 secs] 
Heap after GC invocations=11 (full 1):
 par new generation   total 47936K, used 5312K [0x0000000724400000, 0x0000000727800000, 0x00000007390c0000)
  eden space 42624K,   0% used [0x0000000724400000, 0x0000000724400000, 0x0000000726da0000)
  from space 5312K, 100% used [0x00000007272d0000, 0x0000000727800000, 0x0000000727800000)
  to   space 5312K,   0% used [0x0000000726da0000, 0x0000000726da0000, 0x00000007272d0000)
 concurrent mark-sweep generation total 106496K, used 5178K [0x00000007390c0000, 0x000000073f8c0000, 0x00000007c0000000)
 Metaspace       used 24835K, capacity 25742K, committed 25828K, reserved 1071104K
  class space    used 3048K, capacity 3239K, committed 3300K, reserved 1048576K
}
2021-12-27T09:18:51.495+0800: 37.159: Application time: 1.0265653 seconds
2021-12-27T09:18:52.511+0800: 38.175: Application time: 1.0002806 seconds
2021-12-27T09:18:52.578+0800: 38.241: Application time: 0.0407798 seconds
{Heap before GC invocations=11 (full 1):
 par new generation   total 47936K, used 47936K [0x0000000724400000, 0x0000000727800000, 0x00000007390c0000)
  eden space 42624K, 100% used [0x0000000724400000, 0x0000000726da0000, 0x0000000726da0000)
  from space 5312K, 100% used [0x00000007272d0000, 0x0000000727800000, 0x0000000727800000)
  to   space 5312K,   0% used [0x0000000726da0000, 0x0000000726da0000, 0x00000007272d0000)
 concurrent mark-sweep generation total 106496K, used 5178K [0x00000007390c0000, 0x000000073f8c0000, 0x00000007c0000000)
 Metaspace       used 26676K, capacity 27638K, committed 27876K, reserved 1073152K
  class space    used 3245K, capacity 3435K, committed 3556K, reserved 1048576K
2021-12-27T09:18:52.586+0800: 38.250: [GC (Allocation Failure) 2021-12-27T09:18:52.586+0800: 38.250: [ParNew: 47936K->5098K(47936K), 0.0960720 secs] 53114K->11697K(154432K), 0.0969591 secs] [Times: user=0.02 sys=0.00, real=0.09 secs] 
Heap after GC invocations=12 (full 1):
 par new generation   total 47936K, used 5098K [0x0000000724400000, 0x0000000727800000, 0x00000007390c0000)
  eden space 42624K,   0% used [0x0000000724400000, 0x0000000724400000, 0x0000000726da0000)
  from space 5312K,  95% used [0x0000000726da0000, 0x000000072729a840, 0x00000007272d0000)
  to   space 5312K,   0% used [0x00000007272d0000, 0x00000007272d0000, 0x0000000727800000)
 concurrent mark-sweep generation total 106496K, used 6599K [0x00000007390c0000, 0x000000073f8c0000, 0x00000007c0000000)
 Metaspace       used 26676K, capacity 27638K, committed 27876K, reserved 1073152K
  class space    used 3245K, capacity 3435K, committed 3556K, reserved 1048576K
}
2021-12-27T09:18:53.231+0800: 38.894: Application time: 0.5468337 seconds
2021-12-27T09:18:53.251+0800: 38.915: Application time: 0.0008480 seconds
2021-12-27T09:18:53.276+0800: 38.940: Application time: 0.0137098 seconds
2021-12-27T09:18:53.294+0800: 38.957: Application time: 0.0165727 seconds
2021-12-27T09:18:53.330+0800: 38.995: Application time: 0.0359487 seconds
2021-12-27T09:18:53.363+0800: 39.027: Application time: 0.0055256 seconds
2021-12-27T09:18:53.366+0800: 39.030: Application time: 0.0024059 seconds
2021-12-27T09:18:53.445+0800: 39.109: Application time: 0.0731043 seconds
2021-12-27T09:18:53.652+0800: 39.317: Application time: 0.1859953 seconds
2021-12-27T09:18:53.721+0800: 39.385: Application time: 0.0093529 seconds
2021-12-27T09:18:53.722+0800: 39.386: Application time: 0.0009683 seconds
2021-12-27T09:18:53.727+0800: 39.391: Application time: 0.0047075 seconds
2021-12-27T09:18:53.751+0800: 39.415: Application time: 0.0230444 seconds
2021-12-27T09:18:53.810+0800: 39.474: Application time: 0.0511564 seconds
2021-12-27T09:18:53.816+0800: 39.480: Application time: 0.0007928 seconds
2021-12-27T09:18:53.818+0800: 39.482: Application time: 0.0017371 seconds
2021-12-27T09:18:53.821+0800: 39.484: Application time: 0.0025529 seconds
2021-12-27T09:18:53.822+0800: 39.486: Application time: 0.0012758 seconds
2021-12-27T09:18:53.826+0800: 39.490: Application time: 0.0043304 seconds
2021-12-27T09:18:53.832+0800: 39.496: Application time: 0.0052507 seconds
2021-12-27T09:18:53.852+0800: 39.516: Application time: 0.0199594 seconds
2021-12-27T09:18:53.863+0800: 39.527: Application time: 0.0109504 seconds
2021-12-27T09:18:53.864+0800: 39.527: Application time: 0.0002401 seconds
2021-12-27T09:18:53.891+0800: 39.555: Application time: 0.0274439 seconds
2021-12-27T09:18:53.894+0800: 39.557: Application time: 0.0022103 seconds
2021-12-27T09:18:53.896+0800: 39.559: Application time: 0.0017624 seconds
2021-12-27T09:18:53.904+0800: 39.568: Application time: 0.0083505 seconds
{Heap before GC invocations=12 (full 1):
 par new generation   total 47936K, used 47722K [0x0000000724400000, 0x0000000727800000, 0x00000007390c0000)
  eden space 42624K, 100% used [0x0000000724400000, 0x0000000726da0000, 0x0000000726da0000)
  from space 5312K,  95% used [0x0000000726da0000, 0x000000072729a840, 0x00000007272d0000)
  to   space 5312K,   0% used [0x00000007272d0000, 0x00000007272d0000, 0x0000000727800000)
 concurrent mark-sweep generation total 106496K, used 6599K [0x00000007390c0000, 0x000000073f8c0000, 0x00000007c0000000)
 Metaspace       used 27535K, capacity 28558K, committed 28772K, reserved 1075200K
  class space    used 3375K, capacity 3631K, committed 3684K, reserved 1048576K
2021-12-27T09:18:53.907+0800: 39.571: [GC (Allocation Failure) 2021-12-27T09:18:53.908+0800: 39.571: [ParNew: 47722K->5311K(47936K), 0.2040097 secs] 54321K->14835K(154432K), 0.2079083 secs] [Times: user=0.03 sys=0.01, real=0.21 secs] 
Heap after GC invocations=13 (full 1):
 par new generation   total 47936K, used 5311K [0x0000000724400000, 0x0000000727800000, 0x00000007390c0000)
  eden space 42624K,   0% used [0x0000000724400000, 0x0000000724400000, 0x0000000726da0000)
  from space 5312K,  99% used [0x00000007272d0000, 0x00000007277ffff8, 0x0000000727800000)
  to   space 5312K,   0% used [0x0000000726da0000, 0x0000000726da0000, 0x00000007272d0000)
 concurrent mark-sweep generation total 106496K, used 9523K [0x00000007390c0000, 0x000000073f8c0000, 0x00000007c0000000)
 Metaspace       used 27535K, capacity 28558K, committed 28772K, reserved 1075200K
  class space    used 3375K, capacity 3631K, committed 3684K, reserved 1048576K
}
2021-12-27T09:18:54.120+0800: 39.783: Application time: 0.0035422 seconds
2021-12-27T09:18:54.122+0800: 39.786: Application time: 0.0017196 seconds
2021-12-27T09:18:54.124+0800: 39.787: Application time: 0.0005851 seconds
2021-12-27T09:18:54.231+0800: 39.894: Application time: 0.1062039 seconds
2021-12-27T09:18:54.231+0800: 39.895: Application time: 0.0008371 seconds
2021-12-27T09:18:54.301+0800: 39.965: Application time: 0.0692640 seconds
2021-12-27T09:18:54.355+0800: 40.018: Application time: 0.0535272 seconds
{Heap before GC invocations=13 (full 1):
 par new generation   total 47936K, used 47928K [0x0000000724400000, 0x0000000727800000, 0x00000007390c0000)
  eden space 42624K,  99% used [0x0000000724400000, 0x0000000726d9e098, 0x0000000726da0000)
  from space 5312K,  99% used [0x00000007272d0000, 0x00000007277ffff8, 0x0000000727800000)
  to   space 5312K,   0% used [0x0000000726da0000, 0x0000000726da0000, 0x00000007272d0000)
 concurrent mark-sweep generation total 106496K, used 9523K [0x00000007390c0000, 0x000000073f8c0000, 0x00000007c0000000)
 Metaspace       used 27597K, capacity 28622K, committed 28772K, reserved 1075200K
  class space    used 3381K, capacity 3631K, committed 3684K, reserved 1048576K
2021-12-27T09:18:54.366+0800: 40.030: [GC (Allocation Failure) 2021-12-27T09:18:54.367+0800: 40.031: [ParNew: 47928K->2635K(47936K), 0.1167843 secs] 57451K->14316K(154432K), 0.1213070 secs] [Times: user=0.02 sys=0.00, real=0.12 secs] 
Heap after GC invocations=14 (full 1):
 par new generation   total 47936K, used 2635K [0x0000000724400000, 0x0000000727800000, 0x00000007390c0000)
  eden space 42624K,   0% used [0x0000000724400000, 0x0000000724400000, 0x0000000726da0000)
  from space 5312K,  49% used [0x0000000726da0000, 0x0000000727032ef8, 0x00000007272d0000)
  to   space 5312K,   0% used [0x00000007272d0000, 0x00000007272d0000, 0x0000000727800000)
 concurrent mark-sweep generation total 106496K, used 11681K [0x00000007390c0000, 0x000000073f8c0000, 0x00000007c0000000)
 Metaspace       used 27597K, capacity 28622K, committed 28772K, reserved 1075200K
  class space    used 3381K, capacity 3631K, committed 3684K, reserved 1048576K
}
2021-12-27T09:18:54.520+0800: 40.183: Application time: 0.0310785 seconds
2021-12-27T09:18:54.539+0800: 40.203: Application time: 0.0193764 seconds
2021-12-27T09:18:54.540+0800: 40.204: Application time: 0.0004062 seconds
2021-12-27T09:18:54.646+0800: 40.310: Application time: 0.1055747 seconds
2021-12-27T09:18:54.675+0800: 40.339: Application time: 0.0287681 seconds
2021-12-27T09:18:54.678+0800: 40.342: Application time: 0.0031306 seconds
2021-12-27T09:18:54.679+0800: 40.343: Application time: 0.0005358 seconds
2021-12-27T09:18:54.684+0800: 40.347: Application time: 0.0033338 seconds
2021-12-27T09:18:54.720+0800: 40.383: Application time: 0.0358744 seconds
2021-12-27T09:18:54.723+0800: 40.387: Application time: 0.0020365 seconds
2021-12-27T09:18:54.724+0800: 40.387: Application time: 0.0004635 seconds
2021-12-27T09:18:54.726+0800: 40.389: Application time: 0.0022037 seconds
2021-12-27T09:18:54.755+0800: 40.419: Application time: 0.0293694 seconds
2021-12-27T09:18:54.906+0800: 40.569: Application time: 0.1497158 seconds
2021-12-27T09:18:54.998+0800: 40.662: Application time: 0.0920947 seconds
2021-12-27T09:18:55.015+0800: 40.678: Application time: 0.0165359 seconds
2021-12-27T09:18:55.064+0800: 40.728: Application time: 0.0485074 seconds
2021-12-27T09:18:55.089+0800: 40.753: Application time: 0.0250984 seconds
2021-12-27T09:18:55.090+0800: 40.754: Application time: 0.0011181 seconds
2021-12-27T09:18:55.593+0800: 41.256: Application time: 0.5022761 seconds
2021-12-27T09:18:55.607+0800: 41.270: Application time: 0.0138161 seconds
2021-12-27T09:18:55.607+0800: 41.271: Application time: 0.0001408 seconds
2021-12-27T09:18:55.731+0800: 41.394: Application time: 0.1233557 seconds
2021-12-27T09:18:55.856+0800: 41.519: Application time: 0.1134180 seconds
{Heap before GC invocations=14 (full 1):
 par new generation   total 47936K, used 45259K [0x0000000724400000, 0x0000000727800000, 0x00000007390c0000)
  eden space 42624K, 100% used [0x0000000724400000, 0x0000000726da0000, 0x0000000726da0000)
  from space 5312K,  49% used [0x0000000726da0000, 0x0000000727032ef8, 0x00000007272d0000)
  to   space 5312K,   0% used [0x00000007272d0000, 0x00000007272d0000, 0x0000000727800000)
 concurrent mark-sweep generation total 106496K, used 11681K [0x00000007390c0000, 0x000000073f8c0000, 0x00000007c0000000)
 Metaspace       used 28143K, capacity 29262K, committed 29412K, reserved 1075200K
  class space    used 3438K, capacity 3695K, committed 3812K, reserved 1048576K
2021-12-27T09:18:55.856+0800: 41.520: [GC (Allocation Failure) 2021-12-27T09:18:55.857+0800: 41.521: [ParNew: 45259K->5311K(47936K), 0.1672962 secs] 56940K->17112K(154432K), 0.1714228 secs] [Times: user=0.02 sys=0.01, real=0.17 secs] 
Heap after GC invocations=15 (full 1):
 par new generation   total 47936K, used 5311K [0x0000000724400000, 0x0000000727800000, 0x00000007390c0000)
  eden space 42624K,   0% used [0x0000000724400000, 0x0000000724400000, 0x0000000726da0000)
  from space 5312K,  99% used [0x00000007272d0000, 0x00000007277ffff8, 0x0000000727800000)
  to   space 5312K,   0% used [0x0000000726da0000, 0x0000000726da0000, 0x00000007272d0000)
 concurrent mark-sweep generation total 106496K, used 11800K [0x00000007390c0000, 0x000000073f8c0000, 0x00000007c0000000)
 Metaspace       used 28143K, capacity 29262K, committed 29412K, reserved 1075200K
  class space    used 3438K, capacity 3695K, committed 3812K, reserved 1048576K
}
2021-12-27T09:18:56.569+0800: 42.232: Application time: 0.5384684 seconds
2021-12-27T09:18:56.818+0800: 42.482: Application time: 0.2493845 seconds
2021-12-27T09:18:56.901+0800: 42.564: Application time: 0.0820270 seconds
{Heap before GC invocations=15 (full 1):
 par new generation   total 47936K, used 47935K [0x0000000724400000, 0x0000000727800000, 0x00000007390c0000)
  eden space 42624K, 100% used [0x0000000724400000, 0x0000000726da0000, 0x0000000726da0000)
  from space 5312K,  99% used [0x00000007272d0000, 0x00000007277ffff8, 0x0000000727800000)
  to   space 5312K,   0% used [0x0000000726da0000, 0x0000000726da0000, 0x00000007272d0000)
 concurrent mark-sweep generation total 106496K, used 11800K [0x00000007390c0000, 0x000000073f8c0000, 0x00000007c0000000)
 Metaspace       used 28159K, capacity 29262K, committed 29412K, reserved 1075200K
  class space    used 3438K, capacity 3695K, committed 3812K, reserved 1048576K
2021-12-27T09:18:56.905+0800: 42.568: [GC (Allocation Failure) 2021-12-27T09:18:56.905+0800: 42.569: [ParNew: 47935K->5311K(47936K), 0.1453143 secs] 59736K->19342K(154432K), 0.1611364 secs] [Times: user=0.02 sys=0.01, real=0.16 secs] 
Heap after GC invocations=16 (full 1):
 par new generation   total 47936K, used 5311K [0x0000000724400000, 0x0000000727800000, 0x00000007390c0000)
  eden space 42624K,   0% used [0x0000000724400000, 0x0000000724400000, 0x0000000726da0000)
  from space 5312K,  99% used [0x0000000726da0000, 0x00000007272cfff8, 0x00000007272d0000)
  to   space 5312K,   0% used [0x00000007272d0000, 0x00000007272d0000, 0x0000000727800000)
 concurrent mark-sweep generation total 106496K, used 14030K [0x00000007390c0000, 0x000000073f8c0000, 0x00000007c0000000)
 Metaspace       used 28159K, capacity 29262K, committed 29412K, reserved 1075200K
  class space    used 3438K, capacity 3695K, committed 3812K, reserved 1048576K
}
2021-12-27T09:18:57.717+0800: 43.381: Application time: 0.6503273 seconds
2021-12-27T09:18:58.050+0800: 43.714: Application time: 0.3329563 seconds
{Heap before GC invocations=16 (full 1):
 par new generation   total 47936K, used 47935K [0x0000000724400000, 0x0000000727800000, 0x00000007390c0000)
  eden space 42624K, 100% used [0x0000000724400000, 0x0000000726da0000, 0x0000000726da0000)
  from space 5312K,  99% used [0x0000000726da0000, 0x00000007272cfff8, 0x00000007272d0000)
  to   space 5312K,   0% used [0x00000007272d0000, 0x00000007272d0000, 0x0000000727800000)
 concurrent mark-sweep generation total 106496K, used 14030K [0x00000007390c0000, 0x000000073f8c0000, 0x00000007c0000000)
 Metaspace       used 28226K, capacity 29272K, committed 29412K, reserved 1075200K
  class space    used 3447K, capacity 3700K, committed 3812K, reserved 1048576K
2021-12-27T09:18:58.052+0800: 43.716: [GC (Allocation Failure) 2021-12-27T09:18:58.053+0800: 43.716: [ParNew: 47935K->5312K(47936K), 0.1901066 secs] 61966K->20059K(154432K), 0.1925740 secs] [Times: user=0.03 sys=0.01, real=0.20 secs] 
Heap after GC invocations=17 (full 1):
 par new generation   total 47936K, used 5312K [0x0000000724400000, 0x0000000727800000, 0x00000007390c0000)
  eden space 42624K,   0% used [0x0000000724400000, 0x0000000724400000, 0x0000000726da0000)
  from space 5312K, 100% used [0x00000007272d0000, 0x0000000727800000, 0x0000000727800000)
  to   space 5312K,   0% used [0x0000000726da0000, 0x0000000726da0000, 0x00000007272d0000)
 concurrent mark-sweep generation total 106496K, used 14747K [0x00000007390c0000, 0x000000073f8c0000, 0x00000007c0000000)
 Metaspace       used 28226K, capacity 29272K, committed 29412K, reserved 1075200K
  class space    used 3447K, capacity 3700K, committed 3812K, reserved 1048576K
}
2021-12-27T09:18:59.246+0800: 44.910: Application time: 1.0002120 seconds
2021-12-27T09:19:00.253+0800: 45.917: Application time: 1.0000912 seconds
2021-12-27T09:19:00.350+0800: 46.014: Application time: 0.0859616 seconds
{Heap before GC invocations=17 (full 1):
 par new generation   total 47936K, used 47936K [0x0000000724400000, 0x0000000727800000, 0x00000007390c0000)
  eden space 42624K, 100% used [0x0000000724400000, 0x0000000726da0000, 0x0000000726da0000)
  from space 5312K, 100% used [0x00000007272d0000, 0x0000000727800000, 0x0000000727800000)
  to   space 5312K,   0% used [0x0000000726da0000, 0x0000000726da0000, 0x00000007272d0000)
 concurrent mark-sweep generation total 106496K, used 14747K [0x00000007390c0000, 0x000000073f8c0000, 0x00000007c0000000)
 Metaspace       used 29225K, capacity 30378K, committed 30564K, reserved 1075200K
  class space    used 3582K, capacity 3843K, committed 3940K, reserved 1048576K
2021-12-27T09:19:00.351+0800: 46.015: [GC (Allocation Failure) 2021-12-27T09:19:00.352+0800: 46.015: [ParNew: 47936K->2871K(47936K), 0.0759871 secs] 62683K->18167K(154432K), 0.0782388 secs] [Times: user=0.02 sys=0.00, real=0.08 secs] 
Heap after GC invocations=18 (full 1):
 par new generation   total 47936K, used 2871K [0x0000000724400000, 0x0000000727800000, 0x00000007390c0000)
  eden space 42624K,   0% used [0x0000000724400000, 0x0000000724400000, 0x0000000726da0000)
  from space 5312K,  54% used [0x0000000726da0000, 0x000000072706df48, 0x00000007272d0000)
  to   space 5312K,   0% used [0x00000007272d0000, 0x00000007272d0000, 0x0000000727800000)
 concurrent mark-sweep generation total 106496K, used 15295K [0x00000007390c0000, 0x000000073f8c0000, 0x00000007c0000000)
 Metaspace       used 29225K, capacity 30378K, committed 30564K, reserved 1075200K
  class space    used 3582K, capacity 3843K, committed 3940K, reserved 1048576K
}
2021-12-27T09:19:01.432+0800: 47.096: Application time: 1.0009928 seconds
2021-12-27T09:19:01.788+0800: 47.451: Application time: 0.3550139 seconds
2021-12-27T09:19:01.795+0800: 47.458: Application time: 0.0069455 seconds
2021-12-27T09:19:01.795+0800: 47.459: Application time: 0.0002650 seconds
2021-12-27T09:19:01.814+0800: 47.478: Application time: 0.0197732 seconds
{Heap before GC invocations=18 (full 1):
 par new generation   total 47936K, used 45495K [0x0000000724400000, 0x0000000727800000, 0x00000007390c0000)
  eden space 42624K, 100% used [0x0000000724400000, 0x0000000726da0000, 0x0000000726da0000)
  from space 5312K,  54% used [0x0000000726da0000, 0x000000072706df48, 0x00000007272d0000)
  to   space 5312K,   0% used [0x00000007272d0000, 0x00000007272d0000, 0x0000000727800000)
 concurrent mark-sweep generation total 106496K, used 15295K [0x00000007390c0000, 0x000000073f8c0000, 0x00000007c0000000)
 Metaspace       used 29879K, capacity 31028K, committed 31076K, reserved 1077248K
  class space    used 3657K, capacity 3922K, committed 3940K, reserved 1048576K
2021-12-27T09:19:01.815+0800: 47.479: [GC (Allocation Failure) 2021-12-27T09:19:01.815+0800: 47.479: [ParNew: 45495K->3624K(47936K), 0.0973378 secs] 60791K->18920K(154432K), 0.0983715 secs] [Times: user=0.01 sys=0.00, real=0.09 secs] 
Heap after GC invocations=19 (full 1):
 par new generation   total 47936K, used 3624K [0x0000000724400000, 0x0000000727800000, 0x00000007390c0000)
  eden space 42624K,   0% used [0x0000000724400000, 0x0000000724400000, 0x0000000726da0000)
  from space 5312K,  68% used [0x00000007272d0000, 0x000000072765a180, 0x0000000727800000)
  to   space 5312K,   0% used [0x0000000726da0000, 0x0000000726da0000, 0x00000007272d0000)
 concurrent mark-sweep generation total 106496K, used 15295K [0x00000007390c0000, 0x000000073f8c0000, 0x00000007c0000000)
 Metaspace       used 29879K, capacity 31028K, committed 31076K, reserved 1077248K
  class space    used 3657K, capacity 3922K, committed 3940K, reserved 1048576K
}
2021-12-27T09:19:02.916+0800: 48.579: Application time: 1.0013897 seconds
2021-12-27T09:19:02.929+0800: 48.592: Application time: 0.0081872 seconds
2021-12-27T09:19:03.307+0800: 48.970: Application time: 0.3768408 seconds
{Heap before GC invocations=19 (full 1):
 par new generation   total 47936K, used 46248K [0x0000000724400000, 0x0000000727800000, 0x00000007390c0000)
  eden space 42624K, 100% used [0x0000000724400000, 0x0000000726da0000, 0x0000000726da0000)
  from space 5312K,  68% used [0x00000007272d0000, 0x000000072765a180, 0x0000000727800000)
  to   space 5312K,   0% used [0x0000000726da0000, 0x0000000726da0000, 0x00000007272d0000)
 concurrent mark-sweep generation total 106496K, used 15295K [0x00000007390c0000, 0x000000073f8c0000, 0x00000007c0000000)
 Metaspace       used 30371K, capacity 31568K, committed 31716K, reserved 1077248K
  class space    used 3726K, capacity 4004K, committed 4068K, reserved 1048576K
2021-12-27T09:19:03.309+0800: 48.973: [GC (Allocation Failure) 2021-12-27T09:19:03.310+0800: 48.974: [ParNew: 46248K->3697K(47936K), 0.0943323 secs] 61544K->19641K(154432K), 0.1047645 secs] [Times: user=0.02 sys=0.00, real=0.11 secs] 
Heap after GC invocations=20 (full 1):
 par new generation   total 47936K, used 3697K [0x0000000724400000, 0x0000000727800000, 0x00000007390c0000)
  eden space 42624K,   0% used [0x0000000724400000, 0x0000000724400000, 0x0000000726da0000)
  from space 5312K,  69% used [0x0000000726da0000, 0x000000072713c578, 0x00000007272d0000)
  to   space 5312K,   0% used [0x00000007272d0000, 0x00000007272d0000, 0x0000000727800000)
 concurrent mark-sweep generation total 106496K, used 15943K [0x00000007390c0000, 0x000000073f8c0000, 0x00000007c0000000)
 Metaspace       used 30371K, capacity 31568K, committed 31716K, reserved 1077248K
  class space    used 3726K, capacity 4004K, committed 4068K, reserved 1048576K
}
2021-12-27T09:19:04.226+0800: 49.890: Application time: 0.8020892 seconds
2021-12-27T09:19:05.146+0800: 50.810: Application time: 0.9195366 seconds
{Heap before GC invocations=20 (full 1):
 par new generation   total 47936K, used 46321K [0x0000000724400000, 0x0000000727800000, 0x00000007390c0000)
  eden space 42624K, 100% used [0x0000000724400000, 0x0000000726da0000, 0x0000000726da0000)
  from space 5312K,  69% used [0x0000000726da0000, 0x000000072713c578, 0x00000007272d0000)
  to   space 5312K,   0% used [0x00000007272d0000, 0x00000007272d0000, 0x0000000727800000)
 concurrent mark-sweep generation total 106496K, used 15943K [0x00000007390c0000, 0x000000073f8c0000, 0x00000007c0000000)
 Metaspace       used 31186K, capacity 32454K, committed 32612K, reserved 1077248K
  class space    used 3850K, capacity 4133K, committed 4196K, reserved 1048576K
2021-12-27T09:19:05.147+0800: 50.811: [GC (Allocation Failure) 2021-12-27T09:19:05.148+0800: 50.812: [ParNew: 46321K->3426K(47936K), 0.0741205 secs] 62265K->19819K(154432K), 0.0799505 secs] [Times: user=0.02 sys=0.00, real=0.08 secs] 
Heap after GC invocations=21 (full 1):
 par new generation   total 47936K, used 3426K [0x0000000724400000, 0x0000000727800000, 0x00000007390c0000)
  eden space 42624K,   0% used [0x0000000724400000, 0x0000000724400000, 0x0000000726da0000)
  from space 5312K,  64% used [0x00000007272d0000, 0x0000000727628810, 0x0000000727800000)
  to   space 5312K,   0% used [0x0000000726da0000, 0x0000000726da0000, 0x00000007272d0000)
 concurrent mark-sweep generation total 106496K, used 16393K [0x00000007390c0000, 0x000000073f8c0000, 0x00000007c0000000)
 Metaspace       used 31186K, capacity 32454K, committed 32612K, reserved 1077248K
  class space    used 3850K, capacity 4133K, committed 4196K, reserved 1048576K
}
2021-12-27T09:19:06.252+0800: 51.916: Application time: 1.0237186 seconds
2021-12-27T09:19:07.243+0800: 52.930: Application time: 1.0137008 seconds
2021-12-27T09:19:07.495+0800: 53.181: Application time: 0.2506579 seconds
2021-12-27T09:19:07.495+0800: 53.182: Application time: 0.0005199 seconds
2021-12-27T09:19:08.063+0800: 53.753: Application time: 0.5711396 seconds
{Heap before GC invocations=21 (full 1):
 par new generation   total 47936K, used 46050K [0x0000000724400000, 0x0000000727800000, 0x00000007390c0000)
  eden space 42624K, 100% used [0x0000000724400000, 0x0000000726da0000, 0x0000000726da0000)
  from space 5312K,  64% used [0x00000007272d0000, 0x0000000727628810, 0x0000000727800000)
  to   space 5312K,   0% used [0x0000000726da0000, 0x0000000726da0000, 0x00000007272d0000)
 concurrent mark-sweep generation total 106496K, used 16393K [0x00000007390c0000, 0x000000073f8c0000, 0x00000007c0000000)
 Metaspace       used 32326K, capacity 33734K, committed 34020K, reserved 1079296K
  class space    used 4007K, capacity 4309K, committed 4324K, reserved 1048576K
2021-12-27T09:19:08.069+0800: 53.756: [GC (Allocation Failure) 2021-12-27T09:19:08.073+0800: 53.760: [ParNew: 46050K->3658K(47936K), 0.0651788 secs] 62443K->20523K(154432K), 0.0827509 secs] [Times: user=0.03 sys=0.00, real=0.09 secs] 
Heap after GC invocations=22 (full 1):
 par new generation   total 47936K, used 3658K [0x0000000724400000, 0x0000000727800000, 0x00000007390c0000)
  eden space 42624K,   0% used [0x0000000724400000, 0x0000000724400000, 0x0000000726da0000)
  from space 5312K,  68% used [0x0000000726da0000, 0x0000000727132868, 0x00000007272d0000)
  to   space 5312K,   0% used [0x00000007272d0000, 0x00000007272d0000, 0x0000000727800000)
 concurrent mark-sweep generation total 106496K, used 16865K [0x00000007390c0000, 0x000000073f8c0000, 0x00000007c0000000)
 Metaspace       used 32326K, capacity 33734K, committed 34020K, reserved 1079296K
  class space    used 4007K, capacity 4309K, committed 4324K, reserved 1048576K
}
2021-12-27T09:19:09.165+0800: 54.852: Application time: 1.0086284 seconds
2021-12-27T09:19:10.151+0800: 55.837: Application time: 0.9528317 seconds
2021-12-27T09:19:10.402+0800: 56.088: Application time: 0.2507233 seconds
{Heap before GC invocations=22 (full 1):
 par new generation   total 47936K, used 46282K [0x0000000724400000, 0x0000000727800000, 0x00000007390c0000)
  eden space 42624K, 100% used [0x0000000724400000, 0x0000000726da0000, 0x0000000726da0000)
  from space 5312K,  68% used [0x0000000726da0000, 0x0000000727132868, 0x00000007272d0000)
  to   space 5312K,   0% used [0x00000007272d0000, 0x00000007272d0000, 0x0000000727800000)
 concurrent mark-sweep generation total 106496K, used 16865K [0x00000007390c0000, 0x000000073f8c0000, 0x00000007c0000000)
 Metaspace       used 33058K, capacity 34516K, committed 34660K, reserved 1079296K
  class space    used 4122K, capacity 4428K, committed 4452K, reserved 1048576K
2021-12-27T09:19:10.406+0800: 56.092: [GC (Allocation Failure) 2021-12-27T09:19:10.407+0800: 56.093: [ParNew: 46282K->3346K(47936K), 0.0729635 secs] 63147K->20867K(154432K), 0.0793552 secs] [Times: user=0.02 sys=0.00, real=0.08 secs] 
Heap after GC invocations=23 (full 1):
 par new generation   total 47936K, used 3346K [0x0000000724400000, 0x0000000727800000, 0x00000007390c0000)
  eden space 42624K,   0% used [0x0000000724400000, 0x0000000724400000, 0x0000000726da0000)
  from space 5312K,  63% used [0x00000007272d0000, 0x0000000727614bf8, 0x0000000727800000)
  to   space 5312K,   0% used [0x0000000726da0000, 0x0000000726da0000, 0x00000007272d0000)
 concurrent mark-sweep generation total 106496K, used 17520K [0x00000007390c0000, 0x000000073f8c0000, 0x00000007c0000000)
 Metaspace       used 33058K, capacity 34516K, committed 34660K, reserved 1079296K
  class space    used 4122K, capacity 4428K, committed 4452K, reserved 1048576K
}
2021-12-27T09:19:10.633+0800: 56.320: Application time: 0.1473248 seconds
2021-12-27T09:19:11.652+0800: 57.339: Application time: 1.0184069 seconds
2021-12-27T09:19:12.001+0800: 57.688: Application time: 0.2984938 seconds
2021-12-27T09:19:12.297+0800: 57.984: Application time: 0.2954324 seconds
{Heap before GC invocations=23 (full 1):
 par new generation   total 47936K, used 45970K [0x0000000724400000, 0x0000000727800000, 0x00000007390c0000)
  eden space 42624K, 100% used [0x0000000724400000, 0x0000000726da0000, 0x0000000726da0000)
  from space 5312K,  63% used [0x00000007272d0000, 0x0000000727614bf8, 0x0000000727800000)
  to   space 5312K,   0% used [0x0000000726da0000, 0x0000000726da0000, 0x00000007272d0000)
 concurrent mark-sweep generation total 106496K, used 17520K [0x00000007390c0000, 0x000000073f8c0000, 0x00000007c0000000)
 Metaspace       used 33571K, capacity 35172K, committed 35300K, reserved 1079296K
  class space    used 4209K, capacity 4536K, committed 4580K, reserved 1048576K
2021-12-27T09:19:12.300+0800: 57.987: [GC (Allocation Failure) 2021-12-27T09:19:12.301+0800: 57.987: [ParNew: 45970K->5312K(47936K), 0.1775469 secs] 63491K->23575K(154432K), 0.1793138 secs] [Times: user=0.04 sys=0.00, real=0.18 secs] 
Heap after GC invocations=24 (full 1):
 par new generation   total 47936K, used 5312K [0x0000000724400000, 0x0000000727800000, 0x00000007390c0000)
  eden space 42624K,   0% used [0x0000000724400000, 0x0000000724400000, 0x0000000726da0000)
  from space 5312K, 100% used [0x0000000726da0000, 0x00000007272d0000, 0x00000007272d0000)
  to   space 5312K,   0% used [0x00000007272d0000, 0x00000007272d0000, 0x0000000727800000)
 concurrent mark-sweep generation total 106496K, used 18263K [0x00000007390c0000, 0x000000073f8c0000, 0x00000007c0000000)
 Metaspace       used 33571K, capacity 35172K, committed 35300K, reserved 1079296K
  class space    used 4209K, capacity 4536K, committed 4580K, reserved 1048576K
}
2021-12-27T09:19:13.533+0800: 59.220: Application time: 1.0521908 seconds
2021-12-27T09:19:13.931+0800: 59.617: Application time: 0.3946560 seconds
2021-12-27T09:19:14.932+0800: 60.619: Application time: 1.0013002 seconds
2021-12-27T09:19:15.012+0800: 60.699: Application time: 0.0300958 seconds
2021-12-27T09:19:15.363+0800: 61.056: Application time: 0.3569898 seconds
2021-12-27T09:19:15.385+0800: 61.072: Application time: 0.0153345 seconds
2021-12-27T09:19:15.909+0800: 61.595: Application time: 0.5203894 seconds
2021-12-27T09:19:15.928+0800: 61.614: Application time: 0.0187205 seconds
2021-12-27T09:19:16.102+0800: 61.789: Application time: 0.1684437 seconds
{Heap before GC invocations=24 (full 1):
 par new generation   total 47936K, used 47936K [0x0000000724400000, 0x0000000727800000, 0x00000007390c0000)
  eden space 42624K, 100% used [0x0000000724400000, 0x0000000726da0000, 0x0000000726da0000)
  from space 5312K, 100% used [0x0000000726da0000, 0x00000007272d0000, 0x00000007272d0000)
  to   space 5312K,   0% used [0x00000007272d0000, 0x00000007272d0000, 0x0000000727800000)
 concurrent mark-sweep generation total 106496K, used 18263K [0x00000007390c0000, 0x000000073f8c0000, 0x00000007c0000000)
 Metaspace       used 35440K, capacity 37070K, committed 37348K, reserved 1081344K
  class space    used 4462K, capacity 4783K, committed 4836K, reserved 1048576K
2021-12-27T09:19:16.104+0800: 61.790: [GC (Allocation Failure) 2021-12-27T09:19:16.109+0800: 61.795: [ParNew: 47936K->3254K(47936K), 0.0875819 secs] 66199K->23217K(154432K), 0.1089100 secs] [Times: user=0.03 sys=0.00, real=0.11 secs] 
Heap after GC invocations=25 (full 1):
 par new generation   total 47936K, used 3254K [0x0000000724400000, 0x0000000727800000, 0x00000007390c0000)
  eden space 42624K,   0% used [0x0000000724400000, 0x0000000724400000, 0x0000000726da0000)
  from space 5312K,  61% used [0x00000007272d0000, 0x00000007275fd950, 0x0000000727800000)
  to   space 5312K,   0% used [0x0000000726da0000, 0x0000000726da0000, 0x00000007272d0000)
 concurrent mark-sweep generation total 106496K, used 19962K [0x00000007390c0000, 0x000000073f8c0000, 0x00000007c0000000)
 Metaspace       used 35440K, capacity 37070K, committed 37348K, reserved 1081344K
  class space    used 4462K, capacity 4783K, committed 4836K, reserved 1048576K
}
2021-12-27T09:19:17.193+0800: 62.879: Application time: 0.9766561 seconds
2021-12-27T09:19:17.259+0800: 62.946: Application time: 0.0661983 seconds
2021-12-27T09:19:17.270+0800: 62.956: Application time: 0.0104449 seconds
2021-12-27T09:19:17.272+0800: 62.958: Application time: 0.0019443 seconds
2021-12-27T09:19:17.272+0800: 62.959: Application time: 0.0008216 seconds
2021-12-27T09:19:17.273+0800: 62.960: Application time: 0.0003084 seconds
2021-12-27T09:19:17.273+0800: 62.960: Application time: 0.0002126 seconds
2021-12-27T09:19:17.275+0800: 62.962: Application time: 0.0018311 seconds
2021-12-27T09:19:17.276+0800: 62.962: Application time: 0.0004819 seconds
2021-12-27T09:19:17.276+0800: 62.963: Application time: 0.0002021 seconds
2021-12-27T09:19:17.278+0800: 62.964: Application time: 0.0018257 seconds
2021-12-27T09:19:17.279+0800: 62.965: Application time: 0.0008700 seconds
2021-12-27T09:19:18.279+0800: 63.966: Application time: 1.0001549 seconds
2021-12-27T09:19:18.561+0800: 64.248: Application time: 0.2810839 seconds
2021-12-27T09:19:18.789+0800: 64.476: Application time: 0.2278881 seconds
2021-12-27T09:19:18.840+0800: 64.526: Application time: 0.0507576 seconds
2021-12-27T09:19:18.843+0800: 64.530: Application time: 0.0026542 seconds
2021-12-27T09:19:18.848+0800: 64.535: Application time: 0.0049524 seconds
2021-12-27T09:19:18.957+0800: 64.644: Application time: 0.1066295 seconds
2021-12-27T09:19:19.126+0800: 64.812: Application time: 0.1682255 seconds
2021-12-27T09:19:19.455+0800: 65.141: Application time: 0.3287569 seconds
{Heap before GC invocations=25 (full 1):
 par new generation   total 47936K, used 45878K [0x0000000724400000, 0x0000000727800000, 0x00000007390c0000)
  eden space 42624K, 100% used [0x0000000724400000, 0x0000000726da0000, 0x0000000726da0000)
  from space 5312K,  61% used [0x00000007272d0000, 0x00000007275fd950, 0x0000000727800000)
  to   space 5312K,   0% used [0x0000000726da0000, 0x0000000726da0000, 0x00000007272d0000)
 concurrent mark-sweep generation total 106496K, used 19962K [0x00000007390c0000, 0x000000073f8c0000, 0x00000007c0000000)
 Metaspace       used 37859K, capacity 39696K, committed 39736K, reserved 1083392K
  class space    used 4769K, capacity 5116K, committed 5152K, reserved 1048576K
2021-12-27T09:19:19.455+0800: 65.142: [GC (Allocation Failure) 2021-12-27T09:19:19.455+0800: 65.142: [ParNew: 45878K->3442K(47936K), 0.0828351 secs] 65841K->23404K(154432K), 0.0840535 secs] [Times: user=0.02 sys=0.00, real=0.08 secs] 
Heap after GC invocations=26 (full 1):
 par new generation   total 47936K, used 3442K [0x0000000724400000, 0x0000000727800000, 0x00000007390c0000)
  eden space 42624K,   0% used [0x0000000724400000, 0x0000000724400000, 0x0000000726da0000)
  from space 5312K,  64% used [0x0000000726da0000, 0x00000007270fc868, 0x00000007272d0000)
  to   space 5312K,   0% used [0x00000007272d0000, 0x00000007272d0000, 0x0000000727800000)
 concurrent mark-sweep generation total 106496K, used 19962K [0x00000007390c0000, 0x000000073f8c0000, 0x00000007c0000000)
 Metaspace       used 37859K, capacity 39696K, committed 39736K, reserved 1083392K
  class space    used 4769K, capacity 5116K, committed 5152K, reserved 1048576K
}
2021-12-27T09:19:19.540+0800: 65.227: Application time: 0.0004728 seconds
2021-12-27T09:19:19.541+0800: 65.228: [GC (CMS Initial Mark) [1 CMS-initial-mark: 19962K(106496K)] 24249K(154432K), 0.0183577 secs] [Times: user=0.01 sys=0.00, real=0.01 secs] 
2021-12-27T09:19:19.561+0800: 65.247: [CMS-concurrent-mark-start]
2021-12-27T09:19:19.778+0800: 65.464: Application time: 0.2172701 seconds
2021-12-27T09:19:19.911+0800: 65.598: [CMS-concurrent-mark: 0.350/0.350 secs] [Times: user=0.07 sys=0.00, real=0.36 secs] 
2021-12-27T09:19:19.930+0800: 65.616: [CMS-concurrent-preclean-start]
2021-12-27T09:19:19.938+0800: 65.625: [CMS-concurrent-preclean: 0.008/0.009 secs] [Times: user=0.01 sys=0.00, real=0.01 secs] 
2021-12-27T09:19:19.948+0800: 65.634: [CMS-concurrent-abortable-preclean-start]
2021-12-27T09:19:20.470+0800: 66.157: Application time: 0.6914232 seconds
2021-12-27T09:19:20.509+0800: 66.196: Application time: 0.0333089 seconds
2021-12-27T09:19:20.924+0800: 66.611: Application time: 0.4146666 seconds
2021-12-27T09:19:21.567+0800: 67.254: Application time: 0.6427489 seconds
2021-12-27T09:19:22.293+0800: 67.980: Application time: 0.7258293 seconds
2021-12-27T09:19:23.217+0800: 68.903: Application time: 0.9196387 seconds
2021-12-27T09:19:23.547+0800: 69.234: Application time: 0.3300676 seconds
2021-12-27T09:19:24.439+0800: 70.126: Application time: 0.8921663 seconds
2021-12-27T09:19:24.601+0800: 70.287: Application time: 0.1613906 seconds
{Heap before GC invocations=26 (full 2):
 par new generation   total 47936K, used 46066K [0x0000000724400000, 0x0000000727800000, 0x00000007390c0000)
  eden space 42624K, 100% used [0x0000000724400000, 0x0000000726da0000, 0x0000000726da0000)
  from space 5312K,  64% used [0x0000000726da0000, 0x00000007270fc868, 0x00000007272d0000)
  to   space 5312K,   0% used [0x00000007272d0000, 0x00000007272d0000, 0x0000000727800000)
 concurrent mark-sweep generation total 106496K, used 19962K [0x00000007390c0000, 0x000000073f8c0000, 0x00000007c0000000)
 Metaspace       used 39607K, capacity 41817K, committed 42060K, reserved 1085440K
  class space    used 5028K, capacity 5429K, committed 5484K, reserved 1048576K
2021-12-27T09:19:24.602+0800: 70.288: [GC (Allocation Failure) 2021-12-27T09:19:24.602+0800: 70.289: [ParNew: 46066K->3791K(47936K), 0.1367991 secs] 66028K->24974K(154432K), 0.1375345 secs] [Times: user=0.03 sys=0.00, real=0.13 secs] 
Heap after GC invocations=27 (full 2):
 par new generation   total 47936K, used 3791K [0x0000000724400000, 0x0000000727800000, 0x00000007390c0000)
  eden space 42624K,   0% used [0x0000000724400000, 0x0000000724400000, 0x0000000726da0000)
  from space 5312K,  71% used [0x00000007272d0000, 0x0000000727683ca0, 0x0000000727800000)
  to   space 5312K,   0% used [0x0000000726da0000, 0x0000000726da0000, 0x00000007272d0000)
 concurrent mark-sweep generation total 106496K, used 21183K [0x00000007390c0000, 0x000000073f8c0000, 0x00000007c0000000)
 Metaspace       used 39607K, capacity 41817K, committed 42060K, reserved 1085440K
  class space    used 5028K, capacity 5429K, committed 5484K, reserved 1048576K
}
2021-12-27T09:19:25.111+0800: 70.798: Application time: 0.3709959 seconds
 CMS: abort preclean due to time 2021-12-27T09:19:25.142+0800: 70.829: [CMS-concurrent-abortable-preclean: 4.580/5.195 secs] [Times: user=1.11 sys=0.09, real=5.20 secs] 
2021-12-27T09:19:25.148+0800: 70.834: Application time: 0.0360168 seconds
2021-12-27T09:19:25.153+0800: 70.839: [GC (CMS Final Remark) [YG occupancy: 8044 K (47936 K)]2021-12-27T09:19:25.153+0800: 70.840: [Rescan (parallel) , 0.0400391 secs]2021-12-27T09:19:25.194+0800: 70.880: [weak refs processing, 0.0007770 secs]2021-12-27T09:19:25.195+0800: 70.881: [class unloading, 0.0814245 secs]2021-12-27T09:19:25.278+0800: 70.964: [scrub symbol table, 0.0597403 secs]2021-12-27T09:19:25.344+0800: 71.031: [scrub string table, 0.0007420 secs][1 CMS-remark: 21183K(106496K)] 29228K(154432K), 0.1957528 secs] [Times: user=0.03 sys=0.00, real=0.20 secs] 
2021-12-27T09:19:25.360+0800: 71.046: [CMS-concurrent-sweep-start]
2021-12-27T09:19:25.407+0800: 71.094: Application time: 0.0482260 seconds
2021-12-27T09:19:25.454+0800: 71.141: [CMS-concurrent-sweep: 0.094/0.094 secs] [Times: user=0.03 sys=0.01, real=0.10 secs] 
2021-12-27T09:19:25.455+0800: 71.141: [CMS-concurrent-reset-start]
2021-12-27T09:19:25.470+0800: 71.157: [CMS-concurrent-reset: 0.016/0.016 secs] [Times: user=0.00 sys=0.00, real=0.01 secs] 
2021-12-27T09:19:25.969+0800: 71.656: Application time: 0.5621107 seconds
2021-12-27T09:19:26.457+0800: 72.143: Application time: 0.4868336 seconds
2021-12-27T09:19:26.684+0800: 72.371: Application time: 0.2272051 seconds
2021-12-27T09:19:26.689+0800: 72.375: Application time: 0.0042159 seconds
2021-12-27T09:19:27.691+0800: 73.378: Application time: 1.0017819 seconds
2021-12-27T09:19:28.083+0800: 73.770: Application time: 0.3846638 seconds
{Heap before GC invocations=27 (full 2):
 par new generation   total 47936K, used 46415K [0x0000000724400000, 0x0000000727800000, 0x00000007390c0000)
  eden space 42624K, 100% used [0x0000000724400000, 0x0000000726da0000, 0x0000000726da0000)
  from space 5312K,  71% used [0x00000007272d0000, 0x0000000727683ca0, 0x0000000727800000)
  to   space 5312K,   0% used [0x0000000726da0000, 0x0000000726da0000, 0x00000007272d0000)
 concurrent mark-sweep generation total 106496K, used 12731K [0x00000007390c0000, 0x000000073f8c0000, 0x00000007c0000000)
 Metaspace       used 42021K, capacity 44209K, committed 44396K, reserved 1087488K
  class space    used 5303K, capacity 5701K, committed 5740K, reserved 1048576K
2021-12-27T09:19:28.084+0800: 73.771: [GC (Allocation Failure) 2021-12-27T09:19:28.085+0800: 73.771: [ParNew: 46415K->5243K(47936K), 0.0943785 secs] 59147K->18916K(154432K), 0.0985683 secs] [Times: user=0.03 sys=0.01, real=0.10 secs] 
Heap after GC invocations=28 (full 2):
 par new generation   total 47936K, used 5243K [0x0000000724400000, 0x0000000727800000, 0x00000007390c0000)
  eden space 42624K,   0% used [0x0000000724400000, 0x0000000724400000, 0x0000000726da0000)
  from space 5312K,  98% used [0x0000000726da0000, 0x00000007272befd0, 0x00000007272d0000)
  to   space 5312K,   0% used [0x00000007272d0000, 0x00000007272d0000, 0x0000000727800000)
 concurrent mark-sweep generation total 106496K, used 13672K [0x00000007390c0000, 0x000000073f8c0000, 0x00000007c0000000)
 Metaspace       used 42021K, capacity 44209K, committed 44396K, reserved 1087488K
  class space    used 5303K, capacity 5701K, committed 5740K, reserved 1048576K
}
2021-12-27T09:19:29.184+0800: 74.870: Application time: 1.0001637 seconds
2021-12-27T09:19:29.813+0800: 75.499: Application time: 0.6281687 seconds
2021-12-27T09:19:29.950+0800: 75.637: Application time: 0.1364810 seconds
2021-12-27T09:19:30.123+0800: 75.810: Application time: 0.1726053 seconds
{Heap before GC invocations=28 (full 2):
 par new generation   total 47936K, used 47860K [0x0000000724400000, 0x0000000727800000, 0x00000007390c0000)
  eden space 42624K,  99% used [0x0000000724400000, 0x0000000726d9e108, 0x0000000726da0000)
  from space 5312K,  98% used [0x0000000726da0000, 0x00000007272befd0, 0x00000007272d0000)
  to   space 5312K,   0% used [0x00000007272d0000, 0x00000007272d0000, 0x0000000727800000)
 concurrent mark-sweep generation total 106496K, used 13672K [0x00000007390c0000, 0x000000073f8c0000, 0x00000007c0000000)
 Metaspace       used 42619K, capacity 44787K, committed 45036K, reserved 1089536K
  class space    used 5384K, capacity 5762K, committed 5868K, reserved 1048576K
2021-12-27T09:19:30.124+0800: 75.810: [GC (Allocation Failure) 2021-12-27T09:19:30.124+0800: 75.811: [ParNew: 47860K->3769K(47936K), 0.0704430 secs] 61532K->20237K(154432K), 0.0763717 secs] [Times: user=0.02 sys=0.00, real=0.07 secs] 
Heap after GC invocations=29 (full 2):
 par new generation   total 47936K, used 3769K [0x0000000724400000, 0x0000000727800000, 0x00000007390c0000)
  eden space 42624K,   0% used [0x0000000724400000, 0x0000000724400000, 0x0000000726da0000)
  from space 5312K,  70% used [0x00000007272d0000, 0x000000072767e630, 0x0000000727800000)
  to   space 5312K,   0% used [0x0000000726da0000, 0x0000000726da0000, 0x00000007272d0000)
 concurrent mark-sweep generation total 106496K, used 16467K [0x00000007390c0000, 0x000000073f8c0000, 0x00000007c0000000)
 Metaspace       used 42619K, capacity 44787K, committed 45036K, reserved 1089536K
  class space    used 5384K, capacity 5762K, committed 5868K, reserved 1048576K
}
2021-12-27T09:19:31.036+0800: 76.723: Application time: 0.8349441 seconds
{Heap before GC invocations=29 (full 2):
 par new generation   total 47936K, used 46393K [0x0000000724400000, 0x0000000727800000, 0x00000007390c0000)
  eden space 42624K, 100% used [0x0000000724400000, 0x0000000726da0000, 0x0000000726da0000)
  from space 5312K,  70% used [0x00000007272d0000, 0x000000072767e630, 0x0000000727800000)
  to   space 5312K,   0% used [0x0000000726da0000, 0x0000000726da0000, 0x00000007272d0000)
 concurrent mark-sweep generation total 106496K, used 16467K [0x00000007390c0000, 0x000000073f8c0000, 0x00000007c0000000)
 Metaspace       used 43236K, capacity 45539K, committed 45932K, reserved 1089536K
  class space    used 5459K, capacity 5874K, committed 5996K, reserved 1048576K
2021-12-27T09:19:31.040+0800: 76.727: [GC (Allocation Failure) 2021-12-27T09:19:31.043+0800: 76.730: [ParNew: 46393K->2216K(47936K), 0.0479305 secs] 62861K->18683K(154432K), 0.0556274 secs] [Times: user=0.02 sys=0.01, real=0.06 secs] 
Heap after GC invocations=30 (full 2):
 par new generation   total 47936K, used 2216K [0x0000000724400000, 0x0000000727800000, 0x00000007390c0000)
  eden space 42624K,   0% used [0x0000000724400000, 0x0000000724400000, 0x0000000726da0000)
  from space 5312K,  41% used [0x0000000726da0000, 0x0000000726fca008, 0x00000007272d0000)
  to   space 5312K,   0% used [0x00000007272d0000, 0x00000007272d0000, 0x0000000727800000)
 concurrent mark-sweep generation total 106496K, used 16467K [0x00000007390c0000, 0x000000073f8c0000, 0x00000007c0000000)
 Metaspace       used 43236K, capacity 45539K, committed 45932K, reserved 1089536K
  class space    used 5459K, capacity 5874K, committed 5996K, reserved 1048576K
}
2021-12-27T09:19:32.032+0800: 77.718: Application time: 0.9349643 seconds
2021-12-27T09:19:32.469+0800: 78.155: Application time: 0.4349373 seconds
2021-12-27T09:19:32.606+0800: 78.293: Application time: 0.1370987 seconds
2021-12-27T09:19:33.348+0800: 79.034: Application time: 0.7408901 seconds
2021-12-27T09:19:33.359+0800: 79.046: Application time: 0.0112198 seconds
2021-12-27T09:19:33.822+0800: 79.509: Application time: 0.4613550 seconds
2021-12-27T09:19:33.948+0800: 79.635: Application time: 0.1257684 seconds
2021-12-27T09:19:33.961+0800: 79.648: Application time: 0.0076131 seconds
2021-12-27T09:19:34.300+0800: 79.987: Application time: 0.3392825 seconds
2021-12-27T09:19:34.788+0800: 80.475: Application time: 0.4875508 seconds
2021-12-27T09:19:34.800+0800: 80.487: Application time: 0.0093131 seconds
2021-12-27T09:19:34.837+0800: 80.523: Application time: 0.0000618 seconds
2021-12-27T09:19:34.837+0800: 80.524: Application time: 0.0001600 seconds
2021-12-27T09:19:34.850+0800: 80.536: Application time: 0.0016488 seconds
2021-12-27T09:19:34.850+0800: 80.536: Application time: 0.0000559 seconds
2021-12-27T09:19:34.850+0800: 80.537: Application time: 0.0000447 seconds
2021-12-27T09:19:34.850+0800: 80.537: Application time: 0.0000468 seconds
2021-12-27T09:19:34.850+0800: 80.537: Application time: 0.0000427 seconds
2021-12-27T09:19:34.850+0800: 80.538: Application time: 0.0005490 seconds
2021-12-27T09:19:34.851+0800: 80.538: Application time: 0.0000849 seconds
2021-12-27T09:19:34.851+0800: 80.538: Application time: 0.0000436 seconds
2021-12-27T09:19:34.852+0800: 80.538: Application time: 0.0002113 seconds
2021-12-27T09:19:34.852+0800: 80.538: Application time: 0.0000188 seconds
2021-12-27T09:19:34.870+0800: 80.556: Application time: 0.0178742 seconds
2021-12-27T09:19:34.871+0800: 80.557: Application time: 0.0006508 seconds
2021-12-27T09:19:34.878+0800: 80.564: Application time: 0.0071795 seconds
2021-12-27T09:19:34.879+0800: 80.566: Application time: 0.0001674 seconds
2021-12-27T09:19:34.880+0800: 80.566: Application time: 0.0000397 seconds
2021-12-27T09:19:34.903+0800: 80.590: Application time: 0.0237245 seconds
2021-12-27T09:19:34.907+0800: 80.594: Application time: 0.0017717 seconds
2021-12-27T09:19:34.915+0800: 80.602: Application time: 0.0023766 seconds
2021-12-27T09:19:34.967+0800: 80.653: Application time: 0.0497383 seconds
{Heap before GC invocations=30 (full 2):
 par new generation   total 47936K, used 44840K [0x0000000724400000, 0x0000000727800000, 0x00000007390c0000)
  eden space 42624K, 100% used [0x0000000724400000, 0x0000000726da0000, 0x0000000726da0000)
  from space 5312K,  41% used [0x0000000726da0000, 0x0000000726fca008, 0x00000007272d0000)
  to   space 5312K,   0% used [0x00000007272d0000, 0x00000007272d0000, 0x0000000727800000)
 concurrent mark-sweep generation total 106496K, used 16467K [0x00000007390c0000, 0x000000073f8c0000, 0x00000007c0000000)
 Metaspace       used 48091K, capacity 50513K, committed 50796K, reserved 1093632K
  class space    used 5943K, capacity 6411K, committed 6508K, reserved 1048576K
2021-12-27T09:19:34.969+0800: 80.655: [GC (Allocation Failure) 2021-12-27T09:19:34.971+0800: 80.657: [ParNew: 44840K->5312K(47936K), 0.0877619 secs] 61307K->22678K(154432K), 0.0900022 secs] [Times: user=0.02 sys=0.00, real=0.09 secs] 
Heap after GC invocations=31 (full 2):
 par new generation   total 47936K, used 5312K [0x0000000724400000, 0x0000000727800000, 0x00000007390c0000)
  eden space 42624K,   0% used [0x0000000724400000, 0x0000000724400000, 0x0000000726da0000)
  from space 5312K, 100% used [0x00000007272d0000, 0x0000000727800000, 0x0000000727800000)
  to   space 5312K,   0% used [0x0000000726da0000, 0x0000000726da0000, 0x00000007272d0000)
 concurrent mark-sweep generation total 106496K, used 17366K [0x00000007390c0000, 0x000000073f8c0000, 0x00000007c0000000)
 Metaspace       used 48091K, capacity 50513K, committed 50796K, reserved 1093632K
  class space    used 5943K, capacity 6411K, committed 6508K, reserved 1048576K
}
2021-12-27T09:19:35.069+0800: 80.756: Application time: 0.0096662 seconds
2021-12-27T09:19:35.086+0800: 80.773: Application time: 0.0007345 seconds
2021-12-27T09:19:35.087+0800: 80.774: Application time: 0.0001421 seconds
2021-12-27T09:19:36.018+0800: 81.704: Application time: 0.9219165 seconds
2021-12-27T09:19:36.041+0800: 81.728: Application time: 0.0235056 seconds
2021-12-27T09:19:36.071+0800: 81.758: Application time: 0.0005317 seconds
2021-12-27T09:19:36.947+0800: 82.634: Application time: 0.8738887 seconds
{Heap before GC invocations=31 (full 2):
 par new generation   total 47936K, used 47936K [0x0000000724400000, 0x0000000727800000, 0x00000007390c0000)
  eden space 42624K, 100% used [0x0000000724400000, 0x0000000726da0000, 0x0000000726da0000)
  from space 5312K, 100% used [0x00000007272d0000, 0x0000000727800000, 0x0000000727800000)
  to   space 5312K,   0% used [0x0000000726da0000, 0x0000000726da0000, 0x00000007272d0000)
 concurrent mark-sweep generation total 106496K, used 17366K [0x00000007390c0000, 0x000000073f8c0000, 0x00000007c0000000)
 Metaspace       used 49221K, capacity 51645K, committed 51820K, reserved 1095680K
  class space    used 6040K, capacity 6483K, committed 6508K, reserved 1048576K
2021-12-27T09:19:36.948+0800: 82.634: [GC (Allocation Failure) 2021-12-27T09:19:36.949+0800: 82.636: [ParNew: 47936K->4279K(47936K), 0.1022145 secs] 65302K->26146K(154432K), 0.1077003 secs] [Times: user=0.02 sys=0.01, real=0.11 secs] 
Heap after GC invocations=32 (full 2):
 par new generation   total 47936K, used 4279K [0x0000000724400000, 0x0000000727800000, 0x00000007390c0000)
  eden space 42624K,   0% used [0x0000000724400000, 0x0000000724400000, 0x0000000726da0000)
  from space 5312K,  80% used [0x0000000726da0000, 0x00000007271cdf98, 0x00000007272d0000)
  to   space 5312K,   0% used [0x00000007272d0000, 0x00000007272d0000, 0x0000000727800000)
 concurrent mark-sweep generation total 106496K, used 21866K [0x00000007390c0000, 0x000000073f8c0000, 0x00000007c0000000)
 Metaspace       used 49221K, capacity 51645K, committed 51820K, reserved 1095680K
  class space    used 6040K, capacity 6483K, committed 6508K, reserved 1048576K
}
2021-12-27T09:19:38.034+0800: 83.744: Application time: 1.0006444 seconds
2021-12-27T09:19:38.131+0800: 83.840: Application time: 0.0964835 seconds
{Heap before GC invocations=32 (full 2):
 par new generation   total 47936K, used 46903K [0x0000000724400000, 0x0000000727800000, 0x00000007390c0000)
  eden space 42624K, 100% used [0x0000000724400000, 0x0000000726da0000, 0x0000000726da0000)
  from space 5312K,  80% used [0x0000000726da0000, 0x00000007271cdf98, 0x00000007272d0000)
  to   space 5312K,   0% used [0x00000007272d0000, 0x00000007272d0000, 0x0000000727800000)
 concurrent mark-sweep generation total 106496K, used 21866K [0x00000007390c0000, 0x000000073f8c0000, 0x00000007c0000000)
 Metaspace       used 49852K, capacity 52285K, committed 52460K, reserved 1095680K
  class space    used 6150K, capacity 6611K, committed 6636K, reserved 1048576K
2021-12-27T09:19:38.131+0800: 83.841: [GC (Allocation Failure) 2021-12-27T09:19:38.132+0800: 83.842: [ParNew: 46903K->3383K(47936K), 0.0207247 secs] 68770K->25249K(154432K), 0.0216307 secs] [Times: user=0.01 sys=0.00, real=0.02 secs] 
Heap after GC invocations=33 (full 2):
 par new generation   total 47936K, used 3383K [0x0000000724400000, 0x0000000727800000, 0x00000007390c0000)
  eden space 42624K,   0% used [0x0000000724400000, 0x0000000724400000, 0x0000000726da0000)
  from space 5312K,  63% used [0x00000007272d0000, 0x000000072761dd48, 0x0000000727800000)
  to   space 5312K,   0% used [0x0000000726da0000, 0x0000000726da0000, 0x00000007272d0000)
 concurrent mark-sweep generation total 106496K, used 21866K [0x00000007390c0000, 0x000000073f8c0000, 0x00000007c0000000)
 Metaspace       used 49852K, capacity 52285K, committed 52460K, reserved 1095680K
  class space    used 6150K, capacity 6611K, committed 6636K, reserved 1048576K
}
2021-12-27T09:19:38.769+0800: 84.478: Application time: 0.6146339 seconds
{Heap before GC invocations=33 (full 2):
 par new generation   total 47936K, used 46007K [0x0000000724400000, 0x0000000727800000, 0x00000007390c0000)
  eden space 42624K, 100% used [0x0000000724400000, 0x0000000726da0000, 0x0000000726da0000)
  from space 5312K,  63% used [0x00000007272d0000, 0x000000072761dd48, 0x0000000727800000)
  to   space 5312K,   0% used [0x0000000726da0000, 0x0000000726da0000, 0x00000007272d0000)
 concurrent mark-sweep generation total 106496K, used 21866K [0x00000007390c0000, 0x000000073f8c0000, 0x00000007c0000000)
 Metaspace       used 50600K, capacity 53055K, committed 53356K, reserved 1095680K
  class space    used 6294K, capacity 6740K, committed 6764K, reserved 1048576K
2021-12-27T09:19:38.769+0800: 84.479: [GC (Allocation Failure) 2021-12-27T09:19:38.769+0800: 84.479: [ParNew: 46007K->1682K(47936K), 0.0227808 secs] 67873K->24543K(154432K), 0.0235994 secs] [Times: user=0.01 sys=0.00, real=0.02 secs] 
Heap after GC invocations=34 (full 2):
 par new generation   total 47936K, used 1682K [0x0000000724400000, 0x0000000727800000, 0x00000007390c0000)
  eden space 42624K,   0% used [0x0000000724400000, 0x0000000724400000, 0x0000000726da0000)
  from space 5312K,  31% used [0x0000000726da0000, 0x0000000726f44b00, 0x00000007272d0000)
  to   space 5312K,   0% used [0x00000007272d0000, 0x00000007272d0000, 0x0000000727800000)
 concurrent mark-sweep generation total 106496K, used 22860K [0x00000007390c0000, 0x000000073f8c0000, 0x00000007c0000000)
 Metaspace       used 50600K, capacity 53055K, committed 53356K, reserved 1095680K
  class space    used 6294K, capacity 6740K, committed 6764K, reserved 1048576K
}
2021-12-27T09:19:39.382+0800: 85.091: Application time: 0.5883638 seconds
2021-12-27T09:19:39.389+0800: 85.099: Application time: 0.0074825 seconds
2021-12-27T09:19:39.817+0800: 85.527: Application time: 0.4275148 seconds
{Heap before GC invocations=34 (full 2):
 par new generation   total 47936K, used 44306K [0x0000000724400000, 0x0000000727800000, 0x00000007390c0000)
  eden space 42624K, 100% used [0x0000000724400000, 0x0000000726da0000, 0x0000000726da0000)
  from space 5312K,  31% used [0x0000000726da0000, 0x0000000726f44b00, 0x00000007272d0000)
  to   space 5312K,   0% used [0x00000007272d0000, 0x00000007272d0000, 0x0000000727800000)
 concurrent mark-sweep generation total 106496K, used 22860K [0x00000007390c0000, 0x000000073f8c0000, 0x00000007c0000000)
 Metaspace       used 51784K, capacity 54273K, committed 54636K, reserved 1097728K
  class space    used 6534K, capacity 6985K, committed 7020K, reserved 1048576K
2021-12-27T09:19:39.818+0800: 85.527: [GC (Allocation Failure) 2021-12-27T09:19:39.818+0800: 85.528: [ParNew: 44306K->1431K(47936K), 0.0317235 secs] 67167K->24292K(154432K), 0.0326943 secs] [Times: user=0.01 sys=0.00, real=0.04 secs] 
Heap after GC invocations=35 (full 2):
 par new generation   total 47936K, used 1431K [0x0000000724400000, 0x0000000727800000, 0x00000007390c0000)
  eden space 42624K,   0% used [0x0000000724400000, 0x0000000724400000, 0x0000000726da0000)
  from space 5312K,  26% used [0x00000007272d0000, 0x0000000727435f60, 0x0000000727800000)
  to   space 5312K,   0% used [0x0000000726da0000, 0x0000000726da0000, 0x00000007272d0000)
 concurrent mark-sweep generation total 106496K, used 22860K [0x00000007390c0000, 0x000000073f8c0000, 0x00000007c0000000)
 Metaspace       used 51784K, capacity 54273K, committed 54636K, reserved 1097728K
  class space    used 6534K, capacity 6985K, committed 7020K, reserved 1048576K
}
2021-12-27T09:19:40.583+0800: 86.293: Application time: 0.7322180 seconds
{Heap before GC invocations=35 (full 2):
 par new generation   total 47936K, used 44055K [0x0000000724400000, 0x0000000727800000, 0x00000007390c0000)
  eden space 42624K, 100% used [0x0000000724400000, 0x0000000726da0000, 0x0000000726da0000)
  from space 5312K,  26% used [0x00000007272d0000, 0x0000000727435f60, 0x0000000727800000)
  to   space 5312K,   0% used [0x0000000726da0000, 0x0000000726da0000, 0x00000007272d0000)
 concurrent mark-sweep generation total 106496K, used 22860K [0x00000007390c0000, 0x000000073f8c0000, 0x00000007c0000000)
 Metaspace       used 53400K, capacity 55957K, committed 56300K, reserved 1097728K
  class space    used 6844K, capacity 7311K, committed 7404K, reserved 1048576K
2021-12-27T09:19:40.585+0800: 86.295: [GC (Allocation Failure) 2021-12-27T09:19:40.586+0800: 86.296: [ParNew: 44055K->1948K(47936K), 0.0478901 secs] 66916K->24809K(154432K), 0.0488206 secs] [Times: user=0.01 sys=0.00, real=0.05 secs] 
Heap after GC invocations=36 (full 2):
 par new generation   total 47936K, used 1948K [0x0000000724400000, 0x0000000727800000, 0x00000007390c0000)
  eden space 42624K,   0% used [0x0000000724400000, 0x0000000724400000, 0x0000000726da0000)
  from space 5312K,  36% used [0x0000000726da0000, 0x0000000726f87330, 0x00000007272d0000)
  to   space 5312K,   0% used [0x00000007272d0000, 0x00000007272d0000, 0x0000000727800000)
 concurrent mark-sweep generation total 106496K, used 22860K [0x00000007390c0000, 0x000000073f8c0000, 0x00000007c0000000)
 Metaspace       used 53400K, capacity 55957K, committed 56300K, reserved 1097728K
  class space    used 6844K, capacity 7311K, committed 7404K, reserved 1048576K
}
2021-12-27T09:19:41.363+0800: 87.073: Application time: 0.7279560 seconds
2021-12-27T09:19:41.427+0800: 87.136: Application time: 0.0630623 seconds
2021-12-27T09:19:41.528+0800: 87.238: Application time: 0.1005618 seconds
{Heap before GC invocations=36 (full 2):
 par new generation   total 47936K, used 44572K [0x0000000724400000, 0x0000000727800000, 0x00000007390c0000)
  eden space 42624K, 100% used [0x0000000724400000, 0x0000000726da0000, 0x0000000726da0000)
  from space 5312K,  36% used [0x0000000726da0000, 0x0000000726f87330, 0x00000007272d0000)
  to   space 5312K,   0% used [0x00000007272d0000, 0x00000007272d0000, 0x0000000727800000)
 concurrent mark-sweep generation total 106496K, used 22860K [0x00000007390c0000, 0x000000073f8c0000, 0x00000007c0000000)
 Metaspace       used 55095K, capacity 57631K, committed 58092K, reserved 1099776K
  class space    used 7075K, capacity 7542K, committed 7660K, reserved 1048576K
2021-12-27T09:19:41.535+0800: 87.244: [GC (Allocation Failure) 2021-12-27T09:19:41.535+0800: 87.245: [ParNew: 44572K->1951K(47936K), 0.0406726 secs] 67433K->24811K(154432K), 0.0421058 secs] [Times: user=0.01 sys=0.01, real=0.04 secs] 
Heap after GC invocations=37 (full 2):
 par new generation   total 47936K, used 1951K [0x0000000724400000, 0x0000000727800000, 0x00000007390c0000)
  eden space 42624K,   0% used [0x0000000724400000, 0x0000000724400000, 0x0000000726da0000)
  from space 5312K,  36% used [0x00000007272d0000, 0x00000007274b7cc8, 0x0000000727800000)
  to   space 5312K,   0% used [0x0000000726da0000, 0x0000000726da0000, 0x00000007272d0000)
 concurrent mark-sweep generation total 106496K, used 22860K [0x00000007390c0000, 0x000000073f8c0000, 0x00000007c0000000)
 Metaspace       used 55095K, capacity 57631K, committed 58092K, reserved 1099776K
  class space    used 7075K, capacity 7542K, committed 7660K, reserved 1048576K
}
2021-12-27T09:19:41.782+0800: 87.492: Application time: 0.2049575 seconds
2021-12-27T09:19:42.797+0800: 88.507: Application time: 1.0001488 seconds
2021-12-27T09:19:42.889+0800: 88.599: Application time: 0.0816710 seconds
{Heap before GC invocations=37 (full 2):
 par new generation   total 47936K, used 44575K [0x0000000724400000, 0x0000000727800000, 0x00000007390c0000)
  eden space 42624K, 100% used [0x0000000724400000, 0x0000000726da0000, 0x0000000726da0000)
  from space 5312K,  36% used [0x00000007272d0000, 0x00000007274b7cc8, 0x0000000727800000)
  to   space 5312K,   0% used [0x0000000726da0000, 0x0000000726da0000, 0x00000007272d0000)
 concurrent mark-sweep generation total 106496K, used 22860K [0x00000007390c0000, 0x000000073f8c0000, 0x00000007c0000000)
 Metaspace       used 56625K, capacity 59087K, committed 59500K, reserved 1101824K
  class space    used 7263K, capacity 7706K, committed 7788K, reserved 1048576K
2021-12-27T09:19:42.890+0800: 88.600: [GC (Allocation Failure) 2021-12-27T09:19:42.891+0800: 88.600: [ParNew: 44575K->2656K(47936K), 0.0656702 secs] 67435K->25517K(154432K), 0.0665341 secs] [Times: user=0.02 sys=0.00, real=0.06 secs] 
Heap after GC invocations=38 (full 2):
 par new generation   total 47936K, used 2656K [0x0000000724400000, 0x0000000727800000, 0x00000007390c0000)
  eden space 42624K,   0% used [0x0000000724400000, 0x0000000724400000, 0x0000000726da0000)
  from space 5312K,  50% used [0x0000000726da0000, 0x00000007270383d8, 0x00000007272d0000)
  to   space 5312K,   0% used [0x00000007272d0000, 0x00000007272d0000, 0x0000000727800000)
 concurrent mark-sweep generation total 106496K, used 22860K [0x00000007390c0000, 0x000000073f8c0000, 0x00000007c0000000)
 Metaspace       used 56625K, capacity 59087K, committed 59500K, reserved 1101824K
  class space    used 7263K, capacity 7706K, committed 7788K, reserved 1048576K
}
2021-12-27T09:19:42.968+0800: 88.678: Application time: 0.0106555 seconds
2021-12-27T09:19:42.978+0800: 88.688: Application time: 0.0099099 seconds
2021-12-27T09:19:43.057+0800: 88.767: Application time: 0.0789699 seconds
2021-12-27T09:19:43.257+0800: 88.967: Application time: 0.1997526 seconds
2021-12-27T09:19:43.260+0800: 88.970: Application time: 0.0030467 seconds
2021-12-27T09:19:43.349+0800: 89.059: Application time: 0.0888272 seconds
2021-12-27T09:19:43.351+0800: 89.061: Application time: 0.0018819 seconds
2021-12-27T09:19:43.639+0800: 89.349: Application time: 0.2879043 seconds
2021-12-27T09:19:43.706+0800: 89.416: Application time: 0.0668817 seconds
2021-12-27T09:19:43.747+0800: 89.457: Application time: 0.0407405 seconds
2021-12-27T09:19:44.581+0800: 90.291: Application time: 0.8341004 seconds
{Heap before GC invocations=38 (full 2):
 par new generation   total 47936K, used 45280K [0x0000000724400000, 0x0000000727800000, 0x00000007390c0000)
  eden space 42624K, 100% used [0x0000000724400000, 0x0000000726da0000, 0x0000000726da0000)
  from space 5312K,  50% used [0x0000000726da0000, 0x00000007270383d8, 0x00000007272d0000)
  to   space 5312K,   0% used [0x00000007272d0000, 0x00000007272d0000, 0x0000000727800000)
 concurrent mark-sweep generation total 106496K, used 22860K [0x00000007390c0000, 0x000000073f8c0000, 0x00000007c0000000)
 Metaspace       used 58172K, capacity 60717K, committed 60908K, reserved 1101824K
  class space    used 7444K, capacity 7891K, committed 7916K, reserved 1048576K
2021-12-27T09:19:44.582+0800: 90.292: [GC (Allocation Failure) 2021-12-27T09:19:44.582+0800: 90.292: [ParNew: 45280K->3115K(47936K), 0.0501912 secs] 68141K->25975K(154432K), 0.0512633 secs] [Times: user=0.02 sys=0.00, real=0.05 secs] 
Heap after GC invocations=39 (full 2):
 par new generation   total 47936K, used 3115K [0x0000000724400000, 0x0000000727800000, 0x00000007390c0000)
  eden space 42624K,   0% used [0x0000000724400000, 0x0000000724400000, 0x0000000726da0000)
  from space 5312K,  58% used [0x00000007272d0000, 0x00000007275dac18, 0x0000000727800000)
  to   space 5312K,   0% used [0x0000000726da0000, 0x0000000726da0000, 0x00000007272d0000)
 concurrent mark-sweep generation total 106496K, used 22860K [0x00000007390c0000, 0x000000073f8c0000, 0x00000007c0000000)
 Metaspace       used 58172K, capacity 60717K, committed 60908K, reserved 1101824K
  class space    used 7444K, capacity 7891K, committed 7916K, reserved 1048576K
}
2021-12-27T09:19:45.183+0800: 90.892: Application time: 0.5483353 seconds
{Heap before GC invocations=39 (full 2):
 par new generation   total 47936K, used 45739K [0x0000000724400000, 0x0000000727800000, 0x00000007390c0000)
  eden space 42624K, 100% used [0x0000000724400000, 0x0000000726da0000, 0x0000000726da0000)
  from space 5312K,  58% used [0x00000007272d0000, 0x00000007275dac18, 0x0000000727800000)
  to   space 5312K,   0% used [0x0000000726da0000, 0x0000000726da0000, 0x00000007272d0000)
 concurrent mark-sweep generation total 106496K, used 22860K [0x00000007390c0000, 0x000000073f8c0000, 0x00000007c0000000)
 Metaspace       used 58870K, capacity 61491K, committed 61676K, reserved 1103872K
  class space    used 7618K, capacity 8084K, committed 8172K, reserved 1048576K
2021-12-27T09:19:45.183+0800: 90.893: [GC (Allocation Failure) 2021-12-27T09:19:45.184+0800: 90.893: [ParNew: 45739K->2925K(47936K), 0.0423645 secs] 68599K->25786K(154432K), 0.0432392 secs] [Times: user=0.01 sys=0.00, real=0.04 secs] 
Heap after GC invocations=40 (full 2):
 par new generation   total 47936K, used 2925K [0x0000000724400000, 0x0000000727800000, 0x00000007390c0000)
  eden space 42624K,   0% used [0x0000000724400000, 0x0000000724400000, 0x0000000726da0000)
  from space 5312K,  55% used [0x0000000726da0000, 0x000000072707b608, 0x00000007272d0000)
  to   space 5312K,   0% used [0x00000007272d0000, 0x00000007272d0000, 0x0000000727800000)
 concurrent mark-sweep generation total 106496K, used 22860K [0x00000007390c0000, 0x000000073f8c0000, 0x00000007c0000000)
 Metaspace       used 58870K, capacity 61491K, committed 61676K, reserved 1103872K
  class space    used 7618K, capacity 8084K, committed 8172K, reserved 1048576K
}
2021-12-27T09:19:45.666+0800: 91.375: Application time: 0.4382307 seconds
{Heap before GC invocations=40 (full 2):
 par new generation   total 47936K, used 45549K [0x0000000724400000, 0x0000000727800000, 0x00000007390c0000)
  eden space 42624K, 100% used [0x0000000724400000, 0x0000000726da0000, 0x0000000726da0000)
  from space 5312K,  55% used [0x0000000726da0000, 0x000000072707b608, 0x00000007272d0000)
  to   space 5312K,   0% used [0x00000007272d0000, 0x00000007272d0000, 0x0000000727800000)
 concurrent mark-sweep generation total 106496K, used 22860K [0x00000007390c0000, 0x000000073f8c0000, 0x00000007c0000000)
 Metaspace       used 59626K, capacity 62195K, committed 62572K, reserved 1103872K
  class space    used 7743K, capacity 8212K, committed 8300K, reserved 1048576K
2021-12-27T09:19:45.666+0800: 91.376: [GC (Allocation Failure) 2021-12-27T09:19:45.667+0800: 91.376: [ParNew: 45549K->3516K(47936K), 0.0340921 secs] 68410K->26376K(154432K), 0.0350904 secs] [Times: user=0.01 sys=0.00, real=0.04 secs] 
Heap after GC invocations=41 (full 2):
 par new generation   total 47936K, used 3516K [0x0000000724400000, 0x0000000727800000, 0x00000007390c0000)
  eden space 42624K,   0% used [0x0000000724400000, 0x0000000724400000, 0x0000000726da0000)
  from space 5312K,  66% used [0x00000007272d0000, 0x000000072763f0a0, 0x0000000727800000)
  to   space 5312K,   0% used [0x0000000726da0000, 0x0000000726da0000, 0x00000007272d0000)
 concurrent mark-sweep generation total 106496K, used 22860K [0x00000007390c0000, 0x000000073f8c0000, 0x00000007c0000000)
 Metaspace       used 59626K, capacity 62195K, committed 62572K, reserved 1103872K
  class space    used 7743K, capacity 8212K, committed 8300K, reserved 1048576K
}
2021-12-27T09:19:46.402+0800: 92.112: Application time: 0.7002689 seconds
2021-12-27T09:19:47.116+0800: 92.826: Application time: 0.7133883 seconds
2021-12-27T09:19:47.390+0800: 93.100: Application time: 0.2738243 seconds
{Heap before GC invocations=41 (full 2):
 par new generation   total 47936K, used 46140K [0x0000000724400000, 0x0000000727800000, 0x00000007390c0000)
  eden space 42624K, 100% used [0x0000000724400000, 0x0000000726da0000, 0x0000000726da0000)
  from space 5312K,  66% used [0x00000007272d0000, 0x000000072763f0a0, 0x0000000727800000)
  to   space 5312K,   0% used [0x0000000726da0000, 0x0000000726da0000, 0x00000007272d0000)
 concurrent mark-sweep generation total 106496K, used 22860K [0x00000007390c0000, 0x000000073f8c0000, 0x00000007c0000000)
 Metaspace       used 60522K, capacity 63125K, committed 63468K, reserved 1103872K
  class space    used 7850K, capacity 8347K, committed 8428K, reserved 1048576K
2021-12-27T09:19:47.391+0800: 93.100: [GC (Allocation Failure) 2021-12-27T09:19:47.391+0800: 93.101: [ParNew: 46140K->3249K(47936K), 0.0334998 secs] 69000K->26268K(154432K), 0.0351444 secs] [Times: user=0.02 sys=0.00, real=0.03 secs] 
Heap after GC invocations=42 (full 2):
 par new generation   total 47936K, used 3249K [0x0000000724400000, 0x0000000727800000, 0x00000007390c0000)
  eden space 42624K,   0% used [0x0000000724400000, 0x0000000724400000, 0x0000000726da0000)
  from space 5312K,  61% used [0x0000000726da0000, 0x00000007270cc540, 0x00000007272d0000)
  to   space 5312K,   0% used [0x00000007272d0000, 0x00000007272d0000, 0x0000000727800000)
 concurrent mark-sweep generation total 106496K, used 23018K [0x00000007390c0000, 0x000000073f8c0000, 0x00000007c0000000)
 Metaspace       used 60522K, capacity 63125K, committed 63468K, reserved 1103872K
  class space    used 7850K, capacity 8347K, committed 8428K, reserved 1048576K
}
2021-12-27T09:19:47.625+0800: 93.335: Application time: 0.1981791 seconds
2021-12-27T09:19:48.408+0800: 94.118: Application time: 0.7831888 seconds
{Heap before GC invocations=42 (full 2):
 par new generation   total 47936K, used 45873K [0x0000000724400000, 0x0000000727800000, 0x00000007390c0000)
  eden space 42624K, 100% used [0x0000000724400000, 0x0000000726da0000, 0x0000000726da0000)
  from space 5312K,  61% used [0x0000000726da0000, 0x00000007270cc540, 0x00000007272d0000)
  to   space 5312K,   0% used [0x00000007272d0000, 0x00000007272d0000, 0x0000000727800000)
 concurrent mark-sweep generation total 106496K, used 23018K [0x00000007390c0000, 0x000000073f8c0000, 0x00000007c0000000)
 Metaspace       used 61742K, capacity 64405K, committed 64620K, reserved 1105920K
  class space    used 8017K, capacity 8515K, committed 8556K, reserved 1048576K
2021-12-27T09:19:48.409+0800: 94.119: [GC (Allocation Failure) 2021-12-27T09:19:48.410+0800: 94.119: [ParNew: 45873K->3642K(47936K), 0.0706220 secs] 68892K->26769K(154432K), 0.0716278 secs] [Times: user=0.02 sys=0.00, real=0.07 secs] 
Heap after GC invocations=43 (full 2):
 par new generation   total 47936K, used 3642K [0x0000000724400000, 0x0000000727800000, 0x00000007390c0000)
  eden space 42624K,   0% used [0x0000000724400000, 0x0000000724400000, 0x0000000726da0000)
  from space 5312K,  68% used [0x00000007272d0000, 0x000000072765e9d8, 0x0000000727800000)
  to   space 5312K,   0% used [0x0000000726da0000, 0x0000000726da0000, 0x00000007272d0000)
 concurrent mark-sweep generation total 106496K, used 23126K [0x00000007390c0000, 0x000000073f8c0000, 0x00000007c0000000)
 Metaspace       used 61742K, capacity 64405K, committed 64620K, reserved 1105920K
  class space    used 8017K, capacity 8515K, committed 8556K, reserved 1048576K
}
2021-12-27T09:19:48.666+0800: 94.376: Application time: 0.1840894 seconds
2021-12-27T09:19:49.668+0800: 95.377: Application time: 1.0001626 seconds
2021-12-27T09:19:49.867+0800: 95.577: Application time: 0.1988948 seconds
2021-12-27T09:19:49.963+0800: 95.673: Application time: 0.0955579 seconds
{Heap before GC invocations=43 (full 2):
 par new generation   total 47936K, used 46266K [0x0000000724400000, 0x0000000727800000, 0x00000007390c0000)
  eden space 42624K, 100% used [0x0000000724400000, 0x0000000726da0000, 0x0000000726da0000)
  from space 5312K,  68% used [0x00000007272d0000, 0x000000072765e9d8, 0x0000000727800000)
  to   space 5312K,   0% used [0x0000000726da0000, 0x0000000726da0000, 0x00000007272d0000)
 concurrent mark-sweep generation total 106496K, used 23126K [0x00000007390c0000, 0x000000073f8c0000, 0x00000007c0000000)
 Metaspace       used 63762K, capacity 66803K, committed 66924K, reserved 1107968K
  class space    used 8292K, capacity 8810K, committed 8812K, reserved 1048576K
2021-12-27T09:19:49.977+0800: 95.687: [GC (Allocation Failure) 2021-12-27T09:19:49.978+0800: 95.688: [ParNew: 46266K->4873K(47936K), 0.0682021 secs] 69393K->28514K(154432K), 0.0696078 secs] [Times: user=0.03 sys=0.00, real=0.07 secs] 
Heap after GC invocations=44 (full 2):
 par new generation   total 47936K, used 4873K [0x0000000724400000, 0x0000000727800000, 0x00000007390c0000)
  eden space 42624K,   0% used [0x0000000724400000, 0x0000000724400000, 0x0000000726da0000)
  from space 5312K,  91% used [0x0000000726da0000, 0x00000007272626d0, 0x00000007272d0000)
  to   space 5312K,   0% used [0x00000007272d0000, 0x00000007272d0000, 0x0000000727800000)
 concurrent mark-sweep generation total 106496K, used 23640K [0x00000007390c0000, 0x000000073f8c0000, 0x00000007c0000000)
 Metaspace       used 63762K, capacity 66803K, committed 66924K, reserved 1107968K
  class space    used 8292K, capacity 8810K, committed 8812K, reserved 1048576K
}
2021-12-27T09:19:50.354+0800: 96.064: Application time: 0.3063112 seconds
2021-12-27T09:19:51.355+0800: 97.065: Application time: 1.0008082 seconds
2021-12-27T09:19:52.127+0800: 97.836: Application time: 0.7632611 seconds
{Heap before GC invocations=44 (full 2):
 par new generation   total 47936K, used 47497K [0x0000000724400000, 0x0000000727800000, 0x00000007390c0000)
  eden space 42624K, 100% used [0x0000000724400000, 0x0000000726da0000, 0x0000000726da0000)
  from space 5312K,  91% used [0x0000000726da0000, 0x00000007272626d0, 0x00000007272d0000)
  to   space 5312K,   0% used [0x00000007272d0000, 0x00000007272d0000, 0x0000000727800000)
 concurrent mark-sweep generation total 106496K, used 23640K [0x00000007390c0000, 0x000000073f8c0000, 0x00000007c0000000)
 Metaspace       used 65221K, capacity 68427K, committed 68716K, reserved 1110016K
  class space    used 8472K, capacity 9024K, committed 9068K, reserved 1048576K
2021-12-27T09:19:52.129+0800: 97.839: [GC (Allocation Failure) 2021-12-27T09:19:52.130+0800: 97.840: [ParNew: 47497K->4479K(47936K), 0.0849427 secs] 71138K->28992K(154432K), 0.0861225 secs] [Times: user=0.04 sys=0.00, real=0.08 secs] 
Heap after GC invocations=45 (full 2):
 par new generation   total 47936K, used 4479K [0x0000000724400000, 0x0000000727800000, 0x00000007390c0000)
  eden space 42624K,   0% used [0x0000000724400000, 0x0000000724400000, 0x0000000726da0000)
  from space 5312K,  84% used [0x00000007272d0000, 0x000000072772fe18, 0x0000000727800000)
  to   space 5312K,   0% used [0x0000000726da0000, 0x0000000726da0000, 0x00000007272d0000)
 concurrent mark-sweep generation total 106496K, used 24512K [0x00000007390c0000, 0x000000073f8c0000, 0x00000007c0000000)
 Metaspace       used 65221K, capacity 68427K, committed 68716K, reserved 1110016K
  class space    used 8472K, capacity 9024K, committed 9068K, reserved 1048576K
}
2021-12-27T09:19:52.739+0800: 98.448: Application time: 0.5221827 seconds
2021-12-27T09:19:53.740+0800: 99.449: Application time: 1.0002014 seconds
2021-12-27T09:19:54.111+0800: 99.821: Application time: 0.3677953 seconds
{Heap before GC invocations=45 (full 2):
 par new generation   total 47936K, used 47103K [0x0000000724400000, 0x0000000727800000, 0x00000007390c0000)
  eden space 42624K, 100% used [0x0000000724400000, 0x0000000726da0000, 0x0000000726da0000)
  from space 5312K,  84% used [0x00000007272d0000, 0x000000072772fe18, 0x0000000727800000)
  to   space 5312K,   0% used [0x0000000726da0000, 0x0000000726da0000, 0x00000007272d0000)
 concurrent mark-sweep generation total 106496K, used 24512K [0x00000007390c0000, 0x000000073f8c0000, 0x00000007c0000000)
 Metaspace       used 67194K, capacity 70495K, committed 70580K, reserved 1110016K
  class space    used 8723K, capacity 9296K, committed 9324K, reserved 1048576K
2021-12-27T09:19:54.112+0800: 99.822: [GC (Allocation Failure) 2021-12-27T09:19:54.113+0800: 99.822: [ParNew: 47103K->5185K(47936K), 0.0874639 secs] 71616K->30822K(154432K), 0.0885511 secs] [Times: user=0.02 sys=0.00, real=0.09 secs] 
Heap after GC invocations=46 (full 2):
 par new generation   total 47936K, used 5185K [0x0000000724400000, 0x0000000727800000, 0x00000007390c0000)
  eden space 42624K,   0% used [0x0000000724400000, 0x0000000724400000, 0x0000000726da0000)
  from space 5312K,  97% used [0x0000000726da0000, 0x00000007272b07f8, 0x00000007272d0000)
  to   space 5312K,   0% used [0x00000007272d0000, 0x00000007272d0000, 0x0000000727800000)
 concurrent mark-sweep generation total 106496K, used 25636K [0x00000007390c0000, 0x000000073f8c0000, 0x00000007c0000000)
 Metaspace       used 67194K, capacity 70495K, committed 70580K, reserved 1110016K
  class space    used 8723K, capacity 9296K, committed 9324K, reserved 1048576K
}
2021-12-27T09:19:54.331+0800: 100.041: Application time: 0.1295599 seconds
2021-12-27T09:19:54.549+0800: 100.259: Application time: 0.2176399 seconds
2021-12-27T09:19:54.609+0800: 100.319: Application time: 0.0591662 seconds
2021-12-27T09:19:54.838+0800: 100.548: Application time: 0.2291410 seconds
2021-12-27T09:19:55.190+0800: 100.910: Application time: 0.3623314 seconds
2021-12-27T09:19:56.024+0800: 101.734: Application time: 0.8235933 seconds
2021-12-27T09:19:56.213+0800: 101.923: Application time: 0.1887508 seconds
2021-12-27T09:19:56.226+0800: 101.935: [GC (CMS Initial Mark) [1 CMS-initial-mark: 25636K(106496K)] 73446K(154432K), 0.1156360 secs] [Times: user=0.03 sys=0.00, real=0.12 secs] 
2021-12-27T09:19:56.342+0800: 102.052: [CMS-concurrent-mark-start]
2021-12-27T09:19:56.440+0800: 102.150: Application time: 0.0979650 seconds
{Heap before GC invocations=46 (full 3):
 par new generation   total 47936K, used 47809K [0x0000000724400000, 0x0000000727800000, 0x00000007390c0000)
  eden space 42624K, 100% used [0x0000000724400000, 0x0000000726da0000, 0x0000000726da0000)
  from space 5312K,  97% used [0x0000000726da0000, 0x00000007272b07f8, 0x00000007272d0000)
  to   space 5312K,   0% used [0x00000007272d0000, 0x00000007272d0000, 0x0000000727800000)
 concurrent mark-sweep generation total 106496K, used 25636K [0x00000007390c0000, 0x000000073f8c0000, 0x00000007c0000000)
 Metaspace       used 68586K, capacity 72009K, committed 72164K, reserved 1112064K
  class space    used 8881K, capacity 9469K, committed 9528K, reserved 1048576K
2021-12-27T09:19:56.440+0800: 102.150: [GC (Allocation Failure) 2021-12-27T09:19:56.446+0800: 102.156: [ParNew: 47809K->4289K(47936K), 0.0870409 secs] 73446K->30637K(154432K), 0.0956893 secs] [Times: user=0.02 sys=0.00, real=0.09 secs] 
Heap after GC invocations=47 (full 3):
 par new generation   total 47936K, used 4289K [0x0000000724400000, 0x0000000727800000, 0x00000007390c0000)
  eden space 42624K,   0% used [0x0000000724400000, 0x0000000724400000, 0x0000000726da0000)
  from space 5312K,  80% used [0x00000007272d0000, 0x0000000727700748, 0x0000000727800000)
  to   space 5312K,   0% used [0x0000000726da0000, 0x0000000726da0000, 0x00000007272d0000)
 concurrent mark-sweep generation total 106496K, used 26347K [0x00000007390c0000, 0x000000073f8c0000, 0x00000007c0000000)
 Metaspace       used 68586K, capacity 72009K, committed 72164K, reserved 1112064K
  class space    used 8881K, capacity 9469K, committed 9528K, reserved 1048576K
}
2021-12-27T09:19:56.898+0800: 102.608: [CMS-concurrent-mark: 0.443/0.556 secs] [Times: user=0.18 sys=0.00, real=0.55 secs] 
2021-12-27T09:19:56.901+0800: 102.611: [CMS-concurrent-preclean-start]
2021-12-27T09:19:56.922+0800: 102.632: [CMS-concurrent-preclean: 0.021/0.021 secs] [Times: user=0.00 sys=0.00, real=0.02 secs] 
2021-12-27T09:19:56.931+0800: 102.641: [CMS-concurrent-abortable-preclean-start]
2021-12-27T09:19:56.996+0800: 102.706: Application time: 0.4592329 seconds
2021-12-27T09:19:57.487+0800: 103.196: Application time: 0.4903058 seconds
2021-12-27T09:19:57.826+0800: 103.536: Application time: 0.3395184 seconds
2021-12-27T09:19:58.065+0800: 103.774: Application time: 0.2382007 seconds
2021-12-27T09:19:59.081+0800: 104.791: Application time: 1.0168467 seconds
2021-12-27T09:19:59.176+0800: 104.885: Application time: 0.0924632 seconds
2021-12-27T09:19:59.859+0800: 105.569: Application time: 0.6835945 seconds
2021-12-27T09:20:00.066+0800: 105.776: Application time: 0.2065243 seconds
2021-12-27T09:20:00.074+0800: 105.784: Application time: 0.0082484 seconds
2021-12-27T09:20:00.086+0800: 105.796: Application time: 0.0116296 seconds
{Heap before GC invocations=47 (full 3):
 par new generation   total 47936K, used 46913K [0x0000000724400000, 0x0000000727800000, 0x00000007390c0000)
  eden space 42624K, 100% used [0x0000000724400000, 0x0000000726da0000, 0x0000000726da0000)
  from space 5312K,  80% used [0x00000007272d0000, 0x0000000727700748, 0x0000000727800000)
  to   space 5312K,   0% used [0x0000000726da0000, 0x0000000726da0000, 0x00000007272d0000)
 concurrent mark-sweep generation total 106496K, used 26347K [0x00000007390c0000, 0x000000073f8c0000, 0x00000007c0000000)
 Metaspace       used 70161K, capacity 73921K, committed 74156K, reserved 1114112K
  class space    used 9137K, capacity 9801K, committed 9808K, reserved 1048576K
2021-12-27T09:20:00.087+0800: 105.797: [GC (Allocation Failure) 2021-12-27T09:20:00.088+0800: 105.797: [ParNew: 46913K->5311K(47936K), 0.1023348 secs] 73261K->33341K(154432K), 0.1068605 secs] [Times: user=0.03 sys=0.00, real=0.11 secs] 
Heap after GC invocations=48 (full 3):
 par new generation   total 47936K, used 5311K [0x0000000724400000, 0x0000000727800000, 0x00000007390c0000)
  eden space 42624K,   0% used [0x0000000724400000, 0x0000000724400000, 0x0000000726da0000)
  from space 5312K,  99% used [0x0000000726da0000, 0x00000007272cfff8, 0x00000007272d0000)
  to   space 5312K,   0% used [0x00000007272d0000, 0x00000007272d0000, 0x0000000727800000)
 concurrent mark-sweep generation total 106496K, used 28029K [0x00000007390c0000, 0x000000073f8c0000, 0x00000007c0000000)
 Metaspace       used 70161K, capacity 73921K, committed 74156K, reserved 1114112K
  class space    used 9137K, capacity 9801K, committed 9808K, reserved 1048576K
}
2021-12-27T09:20:00.196+0800: 105.905: Application time: 0.0005232 seconds
2021-12-27T09:20:00.200+0800: 105.910: Application time: 0.0039101 seconds
2021-12-27T09:20:00.290+0800: 106.000: Application time: 0.0852881 seconds
2021-12-27T09:20:00.293+0800: 106.003: Application time: 0.0024770 seconds
2021-12-27T09:20:00.368+0800: 106.079: Application time: 0.0751673 seconds
2021-12-27T09:20:00.422+0800: 106.131: Application time: 0.0519749 seconds
2021-12-27T09:20:00.804+0800: 106.514: Application time: 0.3822698 seconds
2021-12-27T09:20:00.839+0800: 106.549: Application time: 0.0348169 seconds
2021-12-27T09:20:01.228+0800: 106.938: Application time: 0.3879248 seconds
2021-12-27T09:20:01.233+0800: 106.943: Application time: 0.0048718 seconds
2021-12-27T09:20:01.234+0800: 106.943: [CMS-concurrent-abortable-preclean: 4.016/4.303 secs] [Times: user=1.26 sys=0.06, real=4.30 secs] 
2021-12-27T09:20:01.243+0800: 106.953: Application time: 0.0104156 seconds
2021-12-27T09:20:01.252+0800: 106.962: Application time: 0.0088770 seconds
2021-12-27T09:20:01.277+0800: 106.987: [GC (CMS Final Remark) [YG occupancy: 26842 K (47936 K)]2021-12-27T09:20:01.278+0800: 106.987: [Rescan (parallel) , 0.0496389 secs]2021-12-27T09:20:01.328+0800: 107.038: [weak refs processing, 0.0007595 secs]2021-12-27T09:20:01.329+0800: 107.039: [class unloading, 0.0699303 secs]2021-12-27T09:20:01.423+0800: 107.133: [scrub symbol table, 0.1197188 secs]2021-12-27T09:20:01.552+0800: 107.262: [scrub string table, 0.0012473 secs][1 CMS-remark: 28029K(106496K)] 54871K(154432K), 0.2788462 secs] [Times: user=0.08 sys=0.00, real=0.29 secs] 
2021-12-27T09:20:01.567+0800: 107.277: [CMS-concurrent-sweep-start]
2021-12-27T09:20:01.637+0800: 107.346: [CMS-concurrent-sweep: 0.069/0.069 secs] [Times: user=0.03 sys=0.00, real=0.07 secs] 
2021-12-27T09:20:01.637+0800: 107.347: Application time: 0.0699653 seconds
2021-12-27T09:20:01.659+0800: 107.368: [CMS-concurrent-reset-start]
2021-12-27T09:20:01.663+0800: 107.373: [CMS-concurrent-reset: 0.005/0.005 secs] [Times: user=0.01 sys=0.00, real=0.00 secs] 
2021-12-27T09:20:01.946+0800: 107.656: Application time: 0.2898269 seconds
2021-12-27T09:20:02.234+0800: 107.944: Application time: 0.2880515 seconds
{Heap before GC invocations=48 (full 3):
 par new generation   total 47936K, used 47935K [0x0000000724400000, 0x0000000727800000, 0x00000007390c0000)
  eden space 42624K, 100% used [0x0000000724400000, 0x0000000726da0000, 0x0000000726da0000)
  from space 5312K,  99% used [0x0000000726da0000, 0x00000007272cfff8, 0x00000007272d0000)
  to   space 5312K,   0% used [0x00000007272d0000, 0x00000007272d0000, 0x0000000727800000)
 concurrent mark-sweep generation total 106496K, used 25037K [0x00000007390c0000, 0x000000073f8c0000, 0x00000007c0000000)
 Metaspace       used 71004K, capacity 74689K, committed 74896K, reserved 1114112K
  class space    used 9277K, capacity 9913K, committed 9960K, reserved 1048576K
2021-12-27T09:20:02.235+0800: 107.944: [GC (Allocation Failure) 2021-12-27T09:20:02.238+0800: 107.948: [ParNew: 47935K->5311K(47936K), 0.1318317 secs] 72973K->32694K(154432K), 0.1359337 secs] [Times: user=0.04 sys=0.00, real=0.14 secs] 
Heap after GC invocations=49 (full 3):
 par new generation   total 47936K, used 5311K [0x0000000724400000, 0x0000000727800000, 0x00000007390c0000)
  eden space 42624K,   0% used [0x0000000724400000, 0x0000000724400000, 0x0000000726da0000)
  from space 5312K,  99% used [0x00000007272d0000, 0x00000007277ffff8, 0x0000000727800000)
  to   space 5312K,   0% used [0x0000000726da0000, 0x0000000726da0000, 0x00000007272d0000)
 concurrent mark-sweep generation total 106496K, used 27382K [0x00000007390c0000, 0x000000073f8c0000, 0x00000007c0000000)
 Metaspace       used 71004K, capacity 74689K, committed 74896K, reserved 1114112K
  class space    used 9277K, capacity 9913K, committed 9960K, reserved 1048576K
}
2021-12-27T09:20:02.384+0800: 108.094: Application time: 0.0102025 seconds
2021-12-27T09:20:02.407+0800: 108.117: Application time: 0.0222994 seconds
2021-12-27T09:20:03.409+0800: 109.119: Application time: 1.0015382 seconds
2021-12-27T09:20:04.163+0800: 109.872: Application time: 0.7111293 seconds
2021-12-27T09:20:05.163+0800: 110.873: Application time: 1.0006520 seconds
2021-12-27T09:20:05.597+0800: 111.307: Application time: 0.4243578 seconds
{Heap before GC invocations=49 (full 3):
 par new generation   total 47936K, used 47935K [0x0000000724400000, 0x0000000727800000, 0x00000007390c0000)
  eden space 42624K, 100% used [0x0000000724400000, 0x0000000726da0000, 0x0000000726da0000)
  from space 5312K,  99% used [0x00000007272d0000, 0x00000007277ffff8, 0x0000000727800000)
  to   space 5312K,   0% used [0x0000000726da0000, 0x0000000726da0000, 0x00000007272d0000)
 concurrent mark-sweep generation total 106496K, used 27382K [0x00000007390c0000, 0x000000073f8c0000, 0x00000007c0000000)
 Metaspace       used 72032K, capacity 75783K, committed 75880K, reserved 1116160K
  class space    used 9414K, capacity 10062K, committed 10088K, reserved 1048576K
2021-12-27T09:20:05.597+0800: 111.307: [GC (Allocation Failure) 2021-12-27T09:20:05.598+0800: 111.307: [ParNew: 47935K->5249K(47936K), 0.0721907 secs] 75318K->33654K(154432K), 0.0799136 secs] [Times: user=0.02 sys=0.00, real=0.08 secs] 
Heap after GC invocations=50 (full 3):
 par new generation   total 47936K, used 5249K [0x0000000724400000, 0x0000000727800000, 0x00000007390c0000)
  eden space 42624K,   0% used [0x0000000724400000, 0x0000000724400000, 0x0000000726da0000)
  from space 5312K,  98% used [0x0000000726da0000, 0x00000007272c0500, 0x00000007272d0000)
  to   space 5312K,   0% used [0x00000007272d0000, 0x00000007272d0000, 0x0000000727800000)
 concurrent mark-sweep generation total 106496K, used 28405K [0x00000007390c0000, 0x000000073f8c0000, 0x00000007c0000000)
 Metaspace       used 72032K, capacity 75783K, committed 75880K, reserved 1116160K
  class space    used 9414K, capacity 10062K, committed 10088K, reserved 1048576K
}
2021-12-27T09:20:06.680+0800: 112.390: Application time: 1.0023566 seconds
2021-12-27T09:20:07.164+0800: 112.897: Application time: 0.4901881 seconds
2021-12-27T09:20:07.167+0800: 112.900: Application time: 0.0029314 seconds
2021-12-27T09:20:07.177+0800: 112.910: Application time: 0.0091702 seconds
2021-12-27T09:20:07.186+0800: 112.919: Application time: 0.0011320 seconds
2021-12-27T09:20:07.213+0800: 112.946: Application time: 0.0265127 seconds
2021-12-27T09:20:07.214+0800: 112.947: Application time: 0.0005381 seconds
2021-12-27T09:20:07.215+0800: 112.948: Application time: 0.0010997 seconds
2021-12-27T09:20:07.216+0800: 112.949: Application time: 0.0008897 seconds
2021-12-27T09:20:07.228+0800: 112.961: Application time: 0.0119493 seconds
2021-12-27T09:20:07.230+0800: 112.963: Application time: 0.0017567 seconds
2021-12-27T09:20:07.240+0800: 112.973: Application time: 0.0098730 seconds
2021-12-27T09:20:07.240+0800: 112.973: Application time: 0.0001370 seconds
2021-12-27T09:20:07.241+0800: 112.974: Application time: 0.0002520 seconds
2021-12-27T09:20:07.242+0800: 112.975: Application time: 0.0008070 seconds
2021-12-27T09:20:07.249+0800: 112.981: Application time: 0.0066103 seconds
2021-12-27T09:20:07.255+0800: 112.988: Application time: 0.0003035 seconds
2021-12-27T09:20:07.260+0800: 112.993: Application time: 0.0046393 seconds
2021-12-27T09:20:07.261+0800: 112.994: Application time: 0.0009894 seconds
2021-12-27T09:20:07.262+0800: 112.995: Application time: 0.0004004 seconds
2021-12-27T09:20:07.263+0800: 112.996: Application time: 0.0007223 seconds
2021-12-27T09:20:07.284+0800: 113.017: Application time: 0.0001242 seconds
2021-12-27T09:20:07.285+0800: 113.018: Application time: 0.0002927 seconds
2021-12-27T09:20:07.316+0800: 113.049: Application time: 0.0313061 seconds
2021-12-27T09:20:07.336+0800: 113.069: Application time: 0.0028125 seconds
2021-12-27T09:20:07.337+0800: 113.069: Application time: 0.0001410 seconds
2021-12-27T09:20:07.338+0800: 113.071: Application time: 0.0012008 seconds
2021-12-27T09:20:07.365+0800: 113.098: Application time: 0.0267805 seconds
2021-12-27T09:20:07.408+0800: 113.141: Application time: 0.0279587 seconds
2021-12-27T09:20:07.427+0800: 113.160: Application time: 0.0008959 seconds
2021-12-27T09:20:07.429+0800: 113.161: Application time: 0.0010274 seconds
2021-12-27T09:20:07.434+0800: 113.166: Application time: 0.0045327 seconds
2021-12-27T09:20:07.436+0800: 113.170: Application time: 0.0030120 seconds
2021-12-27T09:20:07.438+0800: 113.171: Application time: 0.0003140 seconds
2021-12-27T09:20:07.595+0800: 113.328: Application time: 0.1567933 seconds
2021-12-27T09:20:07.840+0800: 113.573: Application time: 0.2272237 seconds
{Heap before GC invocations=50 (full 3):
 par new generation   total 47936K, used 47873K [0x0000000724400000, 0x0000000727800000, 0x00000007390c0000)
  eden space 42624K, 100% used [0x0000000724400000, 0x0000000726da0000, 0x0000000726da0000)
  from space 5312K,  98% used [0x0000000726da0000, 0x00000007272c0500, 0x00000007272d0000)
  to   space 5312K,   0% used [0x00000007272d0000, 0x00000007272d0000, 0x0000000727800000)
 concurrent mark-sweep generation total 106496K, used 28405K [0x00000007390c0000, 0x000000073f8c0000, 0x00000007c0000000)
 Metaspace       used 73609K, capacity 77457K, committed 77672K, reserved 1116160K
  class space    used 9584K, capacity 10237K, committed 10344K, reserved 1048576K
2021-12-27T09:20:07.840+0800: 113.573: [GC (Allocation Failure) 2021-12-27T09:20:07.841+0800: 113.574: [ParNew: 47873K->3756K(47936K), 0.1272965 secs] 76278K->33594K(154432K), 0.1287451 secs] [Times: user=0.04 sys=0.00, real=0.13 secs] 
Heap after GC invocations=51 (full 3):
 par new generation   total 47936K, used 3756K [0x0000000724400000, 0x0000000727800000, 0x00000007390c0000)
  eden space 42624K,   0% used [0x0000000724400000, 0x0000000724400000, 0x0000000726da0000)
  from space 5312K,  70% used [0x00000007272d0000, 0x000000072767b3d0, 0x0000000727800000)
  to   space 5312K,   0% used [0x0000000726da0000, 0x0000000726da0000, 0x00000007272d0000)
 concurrent mark-sweep generation total 106496K, used 29837K [0x00000007390c0000, 0x000000073f8c0000, 0x00000007c0000000)
 Metaspace       used 73609K, capacity 77457K, committed 77672K, reserved 1116160K
  class space    used 9584K, capacity 10237K, committed 10344K, reserved 1048576K
}
2021-12-27T09:20:08.164+0800: 113.897: Application time: 0.1919918 seconds
2021-12-27T09:20:08.173+0800: 113.906: Application time: 0.0028502 seconds
2021-12-27T09:20:09.173+0800: 114.906: Application time: 1.0001427 seconds
2021-12-27T09:20:09.740+0800: 115.472: Application time: 0.5622349 seconds
{Heap before GC invocations=51 (full 3):
 par new generation   total 47936K, used 46380K [0x0000000724400000, 0x0000000727800000, 0x00000007390c0000)
  eden space 42624K, 100% used [0x0000000724400000, 0x0000000726da0000, 0x0000000726da0000)
  from space 5312K,  70% used [0x00000007272d0000, 0x000000072767b3d0, 0x0000000727800000)
  to   space 5312K,   0% used [0x0000000726da0000, 0x0000000726da0000, 0x00000007272d0000)
 concurrent mark-sweep generation total 106496K, used 29837K [0x00000007390c0000, 0x000000073f8c0000, 0x00000007c0000000)
 Metaspace       used 74374K, capacity 78343K, committed 78440K, reserved 1118208K
  class space    used 9662K, capacity 10320K, committed 10344K, reserved 1048576K
2021-12-27T09:20:09.741+0800: 115.474: [GC (Allocation Failure) 2021-12-27T09:20:09.741+0800: 115.474: [ParNew: 46380K->3853K(47936K), 0.0612368 secs] 76218K->34751K(154432K), 0.0625056 secs] [Times: user=0.02 sys=0.00, real=0.06 secs] 
Heap after GC invocations=52 (full 3):
 par new generation   total 47936K, used 3853K [0x0000000724400000, 0x0000000727800000, 0x00000007390c0000)
  eden space 42624K,   0% used [0x0000000724400000, 0x0000000724400000, 0x0000000726da0000)
  from space 5312K,  72% used [0x0000000726da0000, 0x0000000727163428, 0x00000007272d0000)
  to   space 5312K,   0% used [0x00000007272d0000, 0x00000007272d0000, 0x0000000727800000)
 concurrent mark-sweep generation total 106496K, used 30898K [0x00000007390c0000, 0x000000073f8c0000, 0x00000007c0000000)
 Metaspace       used 74374K, capacity 78343K, committed 78440K, reserved 1118208K
  class space    used 9662K, capacity 10320K, committed 10344K, reserved 1048576K
}
2021-12-27T09:20:10.804+0800: 116.537: Application time: 1.0002211 seconds
2021-12-27T09:20:10.955+0800: 116.687: Application time: 0.1381324 seconds
2021-12-27T09:20:10.969+0800: 116.702: Application time: 0.0023712 seconds
2021-12-27T09:20:10.979+0800: 116.712: Application time: 0.0032758 seconds
2021-12-27T09:20:10.995+0800: 116.728: Application time: 0.0033018 seconds
2021-12-27T09:20:11.158+0800: 116.891: Application time: 0.1625339 seconds
{Heap before GC invocations=52 (full 3):
 par new generation   total 47936K, used 46477K [0x0000000724400000, 0x0000000727800000, 0x00000007390c0000)
  eden space 42624K, 100% used [0x0000000724400000, 0x0000000726da0000, 0x0000000726da0000)
  from space 5312K,  72% used [0x0000000726da0000, 0x0000000727163428, 0x00000007272d0000)
  to   space 5312K,   0% used [0x00000007272d0000, 0x00000007272d0000, 0x0000000727800000)
 concurrent mark-sweep generation total 106496K, used 30898K [0x00000007390c0000, 0x000000073f8c0000, 0x00000007c0000000)
 Metaspace       used 75469K, capacity 79537K, committed 79720K, reserved 1118208K
  class space    used 9821K, capacity 10511K, committed 10600K, reserved 1048576K
2021-12-27T09:20:11.159+0800: 116.891: [GC (Allocation Failure) 2021-12-27T09:20:11.159+0800: 116.892: [ParNew: 46477K->3144K(47936K), 0.0618408 secs] 77375K->35324K(154432K), 0.0633215 secs] [Times: user=0.02 sys=0.00, real=0.06 secs] 
Heap after GC invocations=53 (full 3):
 par new generation   total 47936K, used 3144K [0x0000000724400000, 0x0000000727800000, 0x00000007390c0000)
  eden space 42624K,   0% used [0x0000000724400000, 0x0000000724400000, 0x0000000726da0000)
  from space 5312K,  59% used [0x00000007272d0000, 0x00000007275e2368, 0x0000000727800000)
  to   space 5312K,   0% used [0x0000000726da0000, 0x0000000726da0000, 0x00000007272d0000)
 concurrent mark-sweep generation total 106496K, used 32179K [0x00000007390c0000, 0x000000073f8c0000, 0x00000007c0000000)
 Metaspace       used 75469K, capacity 79537K, committed 79720K, reserved 1118208K
  class space    used 9821K, capacity 10511K, committed 10600K, reserved 1048576K
}
2021-12-27T09:20:12.077+0800: 117.810: Application time: 0.8541881 seconds
2021-12-27T09:20:12.143+0800: 117.876: Application time: 0.0586190 seconds
2021-12-27T09:20:12.273+0800: 118.005: Application time: 0.1288524 seconds
2021-12-27T09:20:12.440+0800: 118.173: Application time: 0.1661683 seconds
2021-12-27T09:20:12.488+0800: 118.222: Application time: 0.0483576 seconds
2021-12-27T09:20:12.494+0800: 118.227: Application time: 0.0035317 seconds
2021-12-27T09:20:12.501+0800: 118.234: Application time: 0.0058497 seconds
2021-12-27T09:20:13.037+0800: 118.770: Application time: 0.5352042 seconds
2021-12-27T09:20:13.041+0800: 118.774: Application time: 0.0023471 seconds
{Heap before GC invocations=53 (full 3):
 par new generation   total 47936K, used 45768K [0x0000000724400000, 0x0000000727800000, 0x00000007390c0000)
  eden space 42624K, 100% used [0x0000000724400000, 0x0000000726da0000, 0x0000000726da0000)
  from space 5312K,  59% used [0x00000007272d0000, 0x00000007275e2368, 0x0000000727800000)
  to   space 5312K,   0% used [0x0000000726da0000, 0x0000000726da0000, 0x00000007272d0000)
 concurrent mark-sweep generation total 106496K, used 32179K [0x00000007390c0000, 0x000000073f8c0000, 0x00000007c0000000)
 Metaspace       used 76751K, capacity 81037K, committed 81256K, reserved 1120256K
  class space    used 10003K, capacity 10747K, committed 10856K, reserved 1048576K
2021-12-27T09:20:13.042+0800: 118.774: [GC (Allocation Failure) 2021-12-27T09:20:13.042+0800: 118.775: [ParNew: 45768K->5118K(47936K), 0.0682715 secs] 77948K->38321K(154432K), 0.0732164 secs] [Times: user=0.02 sys=0.01, real=0.08 secs] 
Heap after GC invocations=54 (full 3):
 par new generation   total 47936K, used 5118K [0x0000000724400000, 0x0000000727800000, 0x00000007390c0000)
  eden space 42624K,   0% used [0x0000000724400000, 0x0000000724400000, 0x0000000726da0000)
  from space 5312K,  96% used [0x0000000726da0000, 0x000000072729f8f8, 0x00000007272d0000)
  to   space 5312K,   0% used [0x00000007272d0000, 0x00000007272d0000, 0x0000000727800000)
 concurrent mark-sweep generation total 106496K, used 33203K [0x00000007390c0000, 0x000000073f8c0000, 0x00000007c0000000)
 Metaspace       used 76751K, capacity 81037K, committed 81256K, reserved 1120256K
  class space    used 10003K, capacity 10747K, committed 10856K, reserved 1048576K
}
2021-12-27T09:20:13.953+0800: 119.686: Application time: 0.8373771 seconds
2021-12-27T09:20:14.969+0800: 120.702: Application time: 1.0146458 seconds
2021-12-27T09:20:15.177+0800: 120.910: Application time: 0.1940715 seconds
{Heap before GC invocations=54 (full 3):
 par new generation   total 47936K, used 47742K [0x0000000724400000, 0x0000000727800000, 0x00000007390c0000)
  eden space 42624K, 100% used [0x0000000724400000, 0x0000000726da0000, 0x0000000726da0000)
  from space 5312K,  96% used [0x0000000726da0000, 0x000000072729f8f8, 0x00000007272d0000)
  to   space 5312K,   0% used [0x00000007272d0000, 0x00000007272d0000, 0x0000000727800000)
 concurrent mark-sweep generation total 106496K, used 33203K [0x00000007390c0000, 0x000000073f8c0000, 0x00000007c0000000)
 Metaspace       used 77795K, capacity 82435K, committed 82664K, reserved 1120256K
  class space    used 10172K, capacity 10950K, committed 10984K, reserved 1048576K
2021-12-27T09:20:15.178+0800: 120.911: [GC (Allocation Failure) 2021-12-27T09:20:15.178+0800: 120.911: [ParNew: 47742K->4505K(47936K), 0.1069533 secs] 80945K->40244K(154432K), 0.1080301 secs] [Times: user=0.03 sys=0.00, real=0.11 secs] 
Heap after GC invocations=55 (full 3):
 par new generation   total 47936K, used 4505K [0x0000000724400000, 0x0000000727800000, 0x00000007390c0000)
  eden space 42624K,   0% used [0x0000000724400000, 0x0000000724400000, 0x0000000726da0000)
  from space 5312K,  84% used [0x00000007272d0000, 0x0000000727736728, 0x0000000727800000)
  to   space 5312K,   0% used [0x0000000726da0000, 0x0000000726da0000, 0x00000007272d0000)
 concurrent mark-sweep generation total 106496K, used 35738K [0x00000007390c0000, 0x000000073f8c0000, 0x00000007c0000000)
 Metaspace       used 77795K, capacity 82435K, committed 82664K, reserved 1120256K
  class space    used 10172K, capacity 10950K, committed 10984K, reserved 1048576K
}
2021-12-27T09:20:16.108+0800: 121.841: Application time: 0.8211225 seconds
2021-12-27T09:20:16.116+0800: 121.849: Application time: 0.0079275 seconds
2021-12-27T09:20:16.116+0800: 121.849: Application time: 0.0002532 seconds
2021-12-27T09:20:16.120+0800: 121.853: Application time: 0.0035792 seconds
2021-12-27T09:20:17.120+0800: 122.854: Application time: 1.0013167 seconds
2021-12-27T09:20:17.437+0800: 123.170: Application time: 0.3155587 seconds
2021-12-27T09:20:19.438+0800: 125.171: Application time: 2.0008963 seconds
2021-12-27T09:20:20.443+0800: 126.176: Application time: 1.0002749 seconds
2021-12-27T09:20:21.443+0800: 127.176: Application time: 1.0001303 seconds
2021-12-27T09:20:22.444+0800: 128.177: Application time: 1.0002364 seconds
2021-12-27T09:20:23.444+0800: 129.177: Application time: 1.0003096 seconds
2021-12-27T09:20:24.444+0800: 130.177: Application time: 1.0001854 seconds
2021-12-27T09:20:30.446+0800: 136.178: Application time: 6.0009996 seconds
2021-12-27T09:20:31.446+0800: 137.179: Application time: 1.0002522 seconds
2021-12-27T09:20:38.424+0800: 144.180: Application time: 7.0012004 seconds
2021-12-27T09:20:40.745+0800: 146.501: Application time: 2.3204607 seconds
2021-12-27T09:20:40.752+0800: 146.508: Application time: 0.0062645 seconds
{Heap before GC invocations=55 (full 3):
 par new generation   total 47936K, used 47129K [0x0000000724400000, 0x0000000727800000, 0x00000007390c0000)
  eden space 42624K, 100% used [0x0000000724400000, 0x0000000726da0000, 0x0000000726da0000)
  from space 5312K,  84% used [0x00000007272d0000, 0x0000000727736728, 0x0000000727800000)
  to   space 5312K,   0% used [0x0000000726da0000, 0x0000000726da0000, 0x00000007272d0000)
 concurrent mark-sweep generation total 106496K, used 35738K [0x00000007390c0000, 0x000000073f8c0000, 0x00000007c0000000)
 Metaspace       used 79354K, capacity 84089K, committed 84200K, reserved 1122304K
  class space    used 10358K, capacity 11161K, committed 11240K, reserved 1048576K
2021-12-27T09:20:40.753+0800: 146.509: [GC (Allocation Failure) 2021-12-27T09:20:40.753+0800: 146.509: [ParNew: 47129K->4839K(47936K), 0.0090266 secs] 82868K->40578K(154432K), 0.0104954 secs] [Times: user=0.02 sys=0.00, real=0.01 secs] 
Heap after GC invocations=56 (full 3):
 par new generation   total 47936K, used 4839K [0x0000000724400000, 0x0000000727800000, 0x00000007390c0000)
  eden space 42624K,   0% used [0x0000000724400000, 0x0000000724400000, 0x0000000726da0000)
  from space 5312K,  91% used [0x0000000726da0000, 0x0000000727259fa0, 0x00000007272d0000)
  to   space 5312K,   0% used [0x00000007272d0000, 0x00000007272d0000, 0x0000000727800000)
 concurrent mark-sweep generation total 106496K, used 35738K [0x00000007390c0000, 0x000000073f8c0000, 0x00000007c0000000)
 Metaspace       used 79354K, capacity 84089K, committed 84200K, reserved 1122304K
  class space    used 10358K, capacity 11161K, committed 11240K, reserved 1048576K
}
2021-12-27T09:20:41.767+0800: 147.523: Application time: 1.0003228 seconds
2021-12-27T09:20:47.774+0800: 153.530: Application time: 6.0063859 seconds
2021-12-27T09:20:51.779+0800: 157.535: Application time: 4.0050817 seconds
2021-12-27T09:20:54.996+0800: 160.752: Application time: 3.2164921 seconds
2021-12-27T09:20:54.996+0800: 160.753: Application time: 0.0013473 seconds
2021-12-27T09:20:54.997+0800: 160.753: Application time: 0.0002560 seconds
2021-12-27T09:20:54.998+0800: 160.754: Application time: 0.0001665 seconds
2021-12-27T09:20:54.998+0800: 160.754: Application time: 0.0003317 seconds
2021-12-27T09:20:54.998+0800: 160.754: Application time: 0.0001786 seconds
2021-12-27T09:20:54.999+0800: 160.755: Application time: 0.0002555 seconds
2021-12-27T09:20:54.999+0800: 160.755: Application time: 0.0001329 seconds
2021-12-27T09:20:54.999+0800: 160.755: Application time: 0.0001879 seconds
2021-12-27T09:20:55.000+0800: 160.755: Application time: 0.0004583 seconds
2021-12-27T09:20:56.001+0800: 161.757: Application time: 1.0014541 seconds
2021-12-27T09:20:58.002+0800: 163.758: Application time: 2.0011175 seconds
2021-12-27T09:21:00.003+0800: 165.759: Application time: 2.0005779 seconds
2021-12-27T09:21:01.003+0800: 166.759: Application time: 1.0003032 seconds
2021-12-27T09:21:02.004+0800: 167.760: Application time: 1.0004248 seconds
2021-12-27T09:21:07.988+0800: 173.769: Application time: 6.0083506 seconds
2021-12-27T09:21:12.000+0800: 177.779: Application time: 4.0101871 seconds
2021-12-27T09:21:18.005+0800: 183.784: Application time: 6.0048923 seconds
2021-12-27T09:21:22.007+0800: 187.786: Application time: 4.0019975 seconds
2021-12-27T09:21:28.010+0800: 193.789: Application time: 6.0027955 seconds
2021-12-27T09:21:32.015+0800: 197.794: Application time: 4.0044865 seconds
2021-12-27T09:21:35.017+0800: 200.797: Application time: 3.0026377 seconds
2021-12-27T09:21:37.996+0800: 203.798: Application time: 3.0013826 seconds
2021-12-27T09:21:42.000+0800: 207.802: Application time: 4.0041310 seconds
2021-12-27T09:21:47.003+0800: 212.805: Application time: 5.0024019 seconds
2021-12-27T09:21:48.003+0800: 213.805: Application time: 1.0001340 seconds
2021-12-27T09:21:49.003+0800: 214.806: Application time: 1.0003711 seconds
2021-12-27T09:21:53.011+0800: 218.813: Application time: 4.0075969 seconds
2021-12-27T09:21:55.012+0800: 220.815: Application time: 2.0011410 seconds
2021-12-27T09:21:59.016+0800: 224.819: Application time: 4.0042658 seconds
2021-12-27T09:22:00.018+0800: 225.820: Application time: 1.0009874 seconds
2021-12-27T09:22:09.001+0800: 234.826: Application time: 9.0060818 seconds
2021-12-27T09:22:19.009+0800: 244.834: Application time: 10.0077464 seconds
2021-12-27T09:22:25.015+0800: 250.841: Application time: 6.0060943 seconds
2021-12-27T09:22:29.019+0800: 254.844: Application time: 4.0033339 seconds
2021-12-27T09:22:39.000+0800: 264.849: Application time: 10.0044773 seconds
2021-12-27T09:22:46.004+0800: 271.852: Application time: 7.0035928 seconds
2021-12-27T09:22:55.020+0800: 280.869: Application time: 9.0164211 seconds
2021-12-27T09:22:59.024+0800: 284.873: Application time: 4.0036695 seconds
2021-12-27T09:23:00.026+0800: 285.874: Application time: 1.0015048 seconds
2021-12-27T09:23:03.027+0800: 288.876: Application time: 3.0013394 seconds
2021-12-27T09:23:05.030+0800: 290.879: Application time: 2.0028143 seconds
2021-12-27T09:23:09.013+0800: 294.885: Application time: 4.0057202 seconds
2021-12-27T09:23:19.017+0800: 304.890: Application time: 10.0046560 seconds
2021-12-27T09:23:25.037+0800: 310.908: Application time: 6.0187794 seconds
2021-12-27T09:23:28.040+0800: 313.912: Application time: 3.0029774 seconds
2021-12-27T09:23:29.042+0800: 314.914: Application time: 1.0018579 seconds
2021-12-27T09:23:39.032+0800: 324.925: Application time: 10.0113037 seconds
2021-12-27T09:23:49.046+0800: 334.938: Application time: 10.0131250 seconds
2021-12-27T09:23:55.050+0800: 340.943: Application time: 6.0041899 seconds
2021-12-27T09:23:59.059+0800: 344.952: Application time: 4.0093002 seconds
2021-12-27T09:24:00.060+0800: 345.952: Application time: 1.0001316 seconds
2021-12-27T09:24:10.040+0800: 355.959: Application time: 10.0063032 seconds
2021-12-27T09:24:20.057+0800: 365.976: Application time: 10.0168867 seconds
2021-12-27T09:24:21.060+0800: 366.978: Application time: 1.0021621 seconds
2021-12-27T09:24:40.062+0800: 386.003: Application time: 19.0248429 seconds
2021-12-27T09:24:50.082+0800: 396.023: Application time: 10.0202319 seconds
2021-12-27T09:24:55.091+0800: 401.032: Application time: 5.0066677 seconds
2021-12-27T09:25:00.100+0800: 406.041: Application time: 5.0091161 seconds
2021-12-27T09:25:01.100+0800: 407.042: Application time: 1.0002877 seconds
2021-12-27T09:25:20.094+0800: 426.059: Application time: 19.0169359 seconds
2021-12-27T09:25:30.129+0800: 436.093: Application time: 10.0341682 seconds
2021-12-27T09:25:40.123+0800: 446.110: Application time: 10.0169847 seconds
2021-12-27T09:25:50.138+0800: 456.126: Application time: 10.0151913 seconds
2021-12-27T09:25:55.145+0800: 461.132: Application time: 5.0064195 seconds
2021-12-27T09:26:00.147+0800: 466.135: Application time: 5.0021090 seconds
2021-12-27T09:26:05.164+0800: 471.152: Application time: 5.0169802 seconds
2021-12-27T09:26:10.153+0800: 476.164: Application time: 5.0115052 seconds
2021-12-27T09:26:40.181+0800: 506.215: Application time: 30.0516258 seconds
2021-12-27T09:26:41.182+0800: 507.216: Application time: 1.0002486 seconds
2021-12-27T09:27:00.203+0800: 526.237: Application time: 19.0210002 seconds
2021-12-27T09:27:10.195+0800: 536.253: Application time: 10.0143090 seconds
2021-12-27T09:27:20.206+0800: 546.264: Application time: 10.0109059 seconds
2021-12-27T09:27:40.202+0800: 566.283: Application time: 20.0186389 seconds
2021-12-27T09:27:55.218+0800: 581.298: Application time: 15.0149532 seconds
2021-12-27T09:28:00.222+0800: 586.303: Application time: 5.0046235 seconds
2021-12-27T09:28:20.210+0800: 606.314: Application time: 20.0108717 seconds
2021-12-27T09:28:41.198+0800: 627.325: Application time: 21.0112333 seconds
2021-12-27T09:28:51.204+0800: 637.331: Application time: 10.0053645 seconds
2021-12-27T09:29:00.210+0800: 646.337: Application time: 9.0059404 seconds
2021-12-27T09:29:01.211+0800: 647.338: Application time: 1.0008524 seconds
2021-12-27T09:29:11.195+0800: 657.345: Application time: 10.0069773 seconds
2021-12-27T09:29:21.211+0800: 667.361: Application time: 10.0163104 seconds
2021-12-27T09:29:31.230+0800: 677.380: Application time: 10.0185840 seconds
2021-12-27T09:29:41.220+0800: 687.393: Application time: 10.0123239 seconds
2021-12-27T09:29:55.229+0800: 701.402: Application time: 14.0085247 seconds
2021-12-27T09:30:00.235+0800: 706.408: Application time: 5.0056877 seconds
2021-12-27T09:30:01.235+0800: 707.408: Application time: 1.0001051 seconds
2021-12-27T09:30:11.220+0800: 717.416: Application time: 10.0078719 seconds
2021-12-27T09:30:21.232+0800: 727.428: Application time: 10.0112149 seconds
2021-12-27T09:30:41.227+0800: 747.446: Application time: 20.0180325 seconds
2021-12-27T09:30:51.234+0800: 757.453: Application time: 10.0069948 seconds
2021-12-27T09:30:55.242+0800: 761.461: Application time: 4.0078859 seconds
2021-12-27T09:31:00.246+0800: 766.466: Application time: 5.0042963 seconds
2021-12-27T09:31:11.245+0800: 777.487: Application time: 11.0213726 seconds
2021-12-27T09:31:21.251+0800: 787.493: Application time: 10.0059654 seconds
2021-12-27T09:31:31.255+0800: 797.497: Application time: 10.0041552 seconds
2021-12-27T09:31:41.241+0800: 807.507: Application time: 10.0093393 seconds
2021-12-27T09:31:51.248+0800: 817.513: Application time: 10.0064121 seconds
2021-12-27T09:32:11.242+0800: 837.531: Application time: 20.0152051 seconds
2021-12-27T09:33:02.237+0800: 888.549: Application time: 51.0182506 seconds
2021-12-27T09:33:41.298+0800: 927.590: Application time: 39.0403581 seconds
2021-12-27T09:33:55.309+0800: 941.601: Application time: 14.0114678 seconds
2021-12-27T09:34:13.330+0800: 959.653: Application time: 18.0517296 seconds
2021-12-27T09:34:33.364+0800: 979.687: Application time: 20.0336440 seconds
2021-12-27T09:34:43.374+0800: 989.712: Application time: 10.0243257 seconds
2021-12-27T09:34:53.386+0800: 999.724: Application time: 10.0122041 seconds
2021-12-27T09:34:55.388+0800: 1001.726: Application time: 2.0017231 seconds
2021-12-27T09:35:00.395+0800: 1006.733: Application time: 5.0053506 seconds
2021-12-27T09:35:03.401+0800: 1009.739: Application time: 3.0058449 seconds
2021-12-27T09:35:55.392+0800: 1061.777: Application time: 52.0376927 seconds
2021-12-27T09:36:04.407+0800: 1070.792: Application time: 9.0147206 seconds
2021-12-27T09:36:14.386+0800: 1080.794: Application time: 10.0033226 seconds
2021-12-27T09:36:35.393+0800: 1101.801: Application time: 21.0053102 seconds
2021-12-27T09:36:41.372+0800: 1107.803: Application time: 6.0023281 seconds
2021-12-27T09:36:45.373+0800: 1111.804: Application time: 4.0008464 seconds
2021-12-27T09:36:55.378+0800: 1121.809: Application time: 10.0044962 seconds
2021-12-27T09:37:05.381+0800: 1131.812: Application time: 10.0032400 seconds
2021-12-27T09:37:15.365+0800: 1141.819: Application time: 10.0063996 seconds
2021-12-27T09:37:25.372+0800: 1151.826: Application time: 10.0069308 seconds
2021-12-27T09:37:31.375+0800: 1157.829: Application time: 6.0028073 seconds
2021-12-27T09:37:35.376+0800: 1161.830: Application time: 4.0009876 seconds
2021-12-27T09:37:45.356+0800: 1171.833: Application time: 10.0030000 seconds
2021-12-27T09:37:54.469+0800: 1180.946: Application time: 9.1129565 seconds
2021-12-27T09:38:15.461+0800: 1201.962: Application time: 21.0154458 seconds
2021-12-27T09:38:25.465+0800: 1211.965: Application time: 10.0032923 seconds
2021-12-27T09:38:39.450+0800: 1225.974: Application time: 14.0063961 seconds
2021-12-27T09:38:41.451+0800: 1227.975: Application time: 2.0005979 seconds
2021-12-27T09:38:45.457+0800: 1231.980: Application time: 4.0054737 seconds
2021-12-27T09:38:55.462+0800: 1241.986: Application time: 10.0053695 seconds
2021-12-27T09:39:06.445+0800: 1252.992: Application time: 11.0060564 seconds
2021-12-27T09:39:46.445+0800: 1293.014: Application time: 40.0220897 seconds
2021-12-27T09:39:54.450+0800: 1301.019: Application time: 8.0044267 seconds
2021-12-27T09:39:56.450+0800: 1303.020: Application time: 2.0007704 seconds
2021-12-27T09:40:00.452+0800: 1307.022: Application time: 4.0013779 seconds
2021-12-27T09:40:26.437+0800: 1333.030: Application time: 26.0083334 seconds
2021-12-27T09:40:36.478+0800: 1343.034: Application time: 10.0042310 seconds
2021-12-27T09:40:54.492+0800: 1361.048: Application time: 18.0135657 seconds
2021-12-27T09:40:56.492+0800: 1363.048: Application time: 2.0002312 seconds
2021-12-27T09:41:00.493+0800: 1367.050: Application time: 4.0019677 seconds
2021-12-27T09:41:18.481+0800: 1385.060: Application time: 18.0095090 seconds
2021-12-27T09:41:30.488+0800: 1397.066: Application time: 12.0059756 seconds
2021-12-27T09:41:36.468+0800: 1403.069: Application time: 6.0024277 seconds
2021-12-27T09:41:41.469+0800: 1408.070: Application time: 5.0011766 seconds
2021-12-27T09:41:54.475+0800: 1421.076: Application time: 13.0057449 seconds
2021-12-27T09:41:56.476+0800: 1423.077: Application time: 2.0007886 seconds
2021-12-27T09:41:57.477+0800: 1424.078: Application time: 1.0009656 seconds
2021-12-27T09:42:00.478+0800: 1427.080: Application time: 3.0013034 seconds
2021-12-27T09:42:03.480+0800: 1430.081: Application time: 3.0015775 seconds
2021-12-27T09:42:07.460+0800: 1434.084: Application time: 4.0017639 seconds
2021-12-27T09:42:37.450+0800: 1464.097: Application time: 30.0128154 seconds
2021-12-27T09:42:54.456+0800: 1481.103: Application time: 17.0056914 seconds
2021-12-27T09:42:57.458+0800: 1484.104: Application time: 3.0013976 seconds
2021-12-27T09:43:27.471+0800: 1514.140: Application time: 30.0335683 seconds
2021-12-27T09:43:54.475+0800: 1541.157: Application time: 27.0155865 seconds
2021-12-27T09:44:00.478+0800: 1547.159: Application time: 6.0026327 seconds
2021-12-27T09:44:17.463+0800: 1564.165: Application time: 17.0054906 seconds
2021-12-27T09:44:47.155+0800: 1593.880: Application time: 29.7143819 seconds
{Heap before GC invocations=56 (full 3):
 par new generation   total 47936K, used 47463K [0x0000000724400000, 0x0000000727800000, 0x00000007390c0000)
  eden space 42624K, 100% used [0x0000000724400000, 0x0000000726da0000, 0x0000000726da0000)
  from space 5312K,  91% used [0x0000000726da0000, 0x0000000727259fa0, 0x00000007272d0000)
  to   space 5312K,   0% used [0x00000007272d0000, 0x00000007272d0000, 0x0000000727800000)
 concurrent mark-sweep generation total 106496K, used 35738K [0x00000007390c0000, 0x000000073f8c0000, 0x00000007c0000000)
 Metaspace       used 80450K, capacity 85239K, committed 85480K, reserved 1124352K
  class space    used 10390K, capacity 11208K, committed 11240K, reserved 1048576K
2021-12-27T09:44:47.157+0800: 1593.882: [GC (Allocation Failure) 2021-12-27T09:44:47.158+0800: 1593.883: [ParNew: 47463K->3875K(47936K), 0.0307126 secs] 83202K->41361K(154432K), 0.0317564 secs] [Times: user=0.08 sys=0.01, real=0.03 secs] 
Heap after GC invocations=57 (full 3):
 par new generation   total 47936K, used 3875K [0x0000000724400000, 0x0000000727800000, 0x00000007390c0000)
  eden space 42624K,   0% used [0x0000000724400000, 0x0000000724400000, 0x0000000726da0000)
  from space 5312K,  72% used [0x00000007272d0000, 0x0000000727698f70, 0x0000000727800000)
  to   space 5312K,   0% used [0x0000000726da0000, 0x0000000726da0000, 0x00000007272d0000)
 concurrent mark-sweep generation total 106496K, used 37485K [0x00000007390c0000, 0x000000073f8c0000, 0x00000007c0000000)
 Metaspace       used 80450K, capacity 85239K, committed 85480K, reserved 1124352K
  class space    used 10390K, capacity 11208K, committed 11240K, reserved 1048576K
}
2021-12-27T09:44:48.191+0800: 1594.916: Application time: 1.0009854 seconds
2021-12-27T09:44:55.193+0800: 1601.918: Application time: 7.0014863 seconds
2021-12-27T09:44:58.193+0800: 1604.918: Application time: 3.0005148 seconds
2021-12-27T09:45:00.194+0800: 1606.919: Application time: 2.0008467 seconds
2021-12-27T09:45:18.185+0800