OpenJDK 64-Bit Server VM (25.212-b04) for linux-amd64 JRE (1.8.0_212-b04), built on May  4 2019 17:56:12 by "buildozer" with gcc 8.3.0
Memory: 4k page, physical 10203724k(8499384k free), swap 1048572k(1048572k free)
CommandLine flags: -XX:+CMSClassUnloadingEnabled -XX:CMSFullGCsBeforeCompaction=9 -XX:CMSInitiatingOccupancyFraction=60 -XX:+CMSParallelRemarkEnabled -XX:+DisableExplicitGC -XX:+ExplicitGCInvokesConcurrent -XX:GCLogFileSize=5242880 -XX:+HeapDumpOnOutOfMemoryError -XX:HeapDumpPath=/opt/logs/100003171/HeapDumpOnOutOfMemoryError/ -XX:InitialHeapSize=163259584 -XX:MaxHeapSize=2612153344 -XX:MaxNewSize=348966912 -XX:MaxTenuringThreshold=9 -XX:NumberOfGCLogFiles=5 -XX:OldPLABSize=16 -XX:-OmitStackTraceInFastThrow -XX:ParallelGCThreads=4 -XX:+PrintGC -XX:+PrintGCApplicationConcurrentTime -XX:+PrintGCDateStamps -XX:+PrintGCDetails -XX:+PrintGCTimeStamps -XX:+PrintHeapAtGC -XX:+ScavengeBeforeFullGC -XX:SoftRefLRUPolicyMSPerMB=0 -XX:+UseCMSCompactAtFullCollection -XX:+UseCMSInitiatingOccupancyOnly -XX:+UseCompressedClassPointers -XX:+UseCompressedOops -XX:+UseConcMarkSweepGC -XX:+UseGCLogFileRotation -XX:+UseParNewGC 
2021-12-27T09:18:14.664+0800: 1.191: Application time: 0.6389418 seconds
2021-12-27T09:18:15.664+0800: 2.191: Application time: 1.0003683 seconds
2021-12-27T09:18:16.664+0800: 3.191: Application time: 1.0001696 seconds
2021-12-27T09:18:17.683+0800: 4.210: Application time: 1.0038079 seconds
2021-12-27T09:18:18.088+0800: 4.615: Application time: 0.4051081 seconds
2021-12-27T09:18:19.090+0800: 5.617: Application time: 1.0017289 seconds
2021-12-27T09:18:20.098+0800: 6.625: Application time: 1.0009200 seconds
2021-12-27T09:18:21.104+0800: 7.631: Application time: 1.0042088 seconds
2021-12-27T09:18:22.180+0800: 8.707: Application time: 1.0102715 seconds
2021-12-27T09:18:22.246+0800: 8.773: Application time: 0.0411315 seconds
{Heap before GC invocations=0 (full 0):
 par new generation   total 47936K, used 42624K [0x0000000724400000, 0x0000000727800000, 0x00000007390c0000)
  eden space 42624K, 100% used [0x0000000724400000, 0x0000000726da0000, 0x0000000726da0000)
  from space 5312K,   0% used [0x0000000726da0000, 0x0000000726da0000, 0x00000007272d0000)
  to   space 5312K,   0% used [0x00000007272d0000, 0x00000007272d0000, 0x0000000727800000)
 concurrent mark-sweep generation total 106496K, used 0K [0x00000007390c0000, 0x000000073f8c0000, 0x00000007c0000000)
 Metaspace       used 6406K, capacity 6626K, committed 6912K, reserved 1056768K
  class space    used 597K, capacity 697K, committed 768K, reserved 1048576K
2021-12-27T09:18:22.247+0800: 8.774: [GC (Allocation Failure) 2021-12-27T09:18:22.248+0800: 8.775: [ParNew: 42624K->3435K(47936K), 0.0907584 secs] 42624K->3435K(154432K), 0.0924350 secs] [Times: user=0.01 sys=0.00, real=0.09 secs] 
Heap after GC invocations=1 (full 0):
 par new generation   total 47936K, used 3435K [0x0000000724400000, 0x0000000727800000, 0x00000007390c0000)
  eden space 42624K,   0% used [0x0000000724400000, 0x0000000724400000, 0x0000000726da0000)
  from space 5312K,  64% used [0x00000007272d0000, 0x000000072762ada0, 0x0000000727800000)
  to   space 5312K,   0% used [0x0000000726da0000, 0x0000000726da0000, 0x00000007272d0000)
 concurrent mark-sweep generation total 106496K, used 0K [0x00000007390c0000, 0x000000073f8c0000, 0x00000007c0000000)
 Metaspace       used 6406K, capacity 6626K, committed 6912K, reserved 1056768K
  class space    used 597K, capacity 697K, committed 768K, reserved 1048576K
}
2021-12-27T09:18:22.343+0800: 8.870: Application time: 0.0019889 seconds
2021-12-27T09:18:22.345+0800: 8.872: Application time: 0.0003827 seconds
2021-12-27T09:18:22.346+0800: 8.873: Application time: 0.0009234 seconds
2021-12-27T09:18:22.351+0800: 8.878: Application time: 0.0034338 seconds
2021-12-27T09:18:22.353+0800: 8.880: Application time: 0.0010417 seconds
2021-12-27T09:18:22.358+0800: 8.885: Application time: 0.0008251 seconds
2021-12-27T09:18:22.364+0800: 8.891: Application time: 0.0021661 seconds
2021-12-27T09:18:22.372+0800: 8.899: Application time: 0.0025005 seconds
2021-12-27T09:18:22.375+0800: 8.902: Application time: 0.0032159 seconds
2021-12-27T09:18:22.378+0800: 8.905: Application time: 0.0004497 seconds
2021-12-27T09:18:22.382+0800: 8.909: Application time: 0.0002596 seconds
2021-12-27T09:18:22.383+0800: 8.910: Application time: 0.0008488 seconds
2021-12-27T09:18:22.387+0800: 8.914: Application time: 0.0008110 seconds
2021-12-27T09:18:22.388+0800: 8.915: Application time: 0.0009911 seconds
2021-12-27T09:18:22.391+0800: 8.918: Application time: 0.0016145 seconds
2021-12-27T09:18:22.401+0800: 8.928: Application time: 0.0068765 seconds
2021-12-27T09:18:22.404+0800: 8.931: Application time: 0.0004666 seconds
2021-12-27T09:18:22.405+0800: 8.932: Application time: 0.0001919 seconds
2021-12-27T09:18:22.409+0800: 8.936: Application time: 0.0035028 seconds
2021-12-27T09:18:22.412+0800: 8.939: Application time: 0.0010300 seconds
2021-12-27T09:18:22.414+0800: 8.941: Application time: 0.0004834 seconds
2021-12-27T09:18:22.420+0800: 8.947: Application time: 0.0034257 seconds
2021-12-27T09:18:22.424+0800: 8.951: Application time: 0.0002712 seconds
2021-12-27T09:18:22.427+0800: 8.954: Application time: 0.0005292 seconds
2021-12-27T09:18:22.429+0800: 8.956: Application time: 0.0017017 seconds
2021-12-27T09:18:23.113+0800: 9.640: Application time: 0.6827450 seconds
2021-12-27T09:18:24.117+0800: 10.644: Application time: 1.0039383 seconds
2021-12-27T09:18:24.853+0800: 11.380: Application time: 0.6612415 seconds
{Heap before GC invocations=1 (full 0):
 par new generation   total 47936K, used 46059K [0x0000000724400000, 0x0000000727800000, 0x00000007390c0000)
  eden space 42624K, 100% used [0x0000000724400000, 0x0000000726da0000, 0x0000000726da0000)
  from space 5312K,  64% used [0x00000007272d0000, 0x000000072762ada0, 0x0000000727800000)
  to   space 5312K,   0% used [0x0000000726da0000, 0x0000000726da0000, 0x00000007272d0000)
 concurrent mark-sweep generation total 106496K, used 0K [0x00000007390c0000, 0x000000073f8c0000, 0x00000007c0000000)
 Metaspace       used 8165K, capacity 8394K, committed 8704K, reserved 1056768K
  class space    used 822K, capacity 921K, committed 1024K, reserved 1048576K
2021-12-27T09:18:24.858+0800: 11.385: [GC (Allocation Failure) 2021-12-27T09:18:24.858+0800: 11.385: [ParNew: 46059K->2797K(47936K), 0.1430807 secs] 46059K->4978K(154432K), 0.1439943 secs] [Times: user=0.02 sys=0.00, real=0.14 secs] 
Heap after GC invocations=2 (full 0):
 par new generation   total 47936K, used 2797K [0x0000000724400000, 0x0000000727800000, 0x00000007390c0000)
  eden space 42624K,   0% used [0x0000000724400000, 0x0000000724400000, 0x0000000726da0000)
  from space 5312K,  52% used [0x0000000726da0000, 0x000000072705b528, 0x00000007272d0000)
  to   space 5312K,   0% used [0x00000007272d0000, 0x00000007272d0000, 0x0000000727800000)
 concurrent mark-sweep generation total 106496K, used 2180K [0x00000007390c0000, 0x000000073f8c0000, 0x00000007c0000000)
 Metaspace       used 8165K, capacity 8394K, committed 8704K, reserved 1056768K
  class space    used 822K, capacity 921K, committed 1024K, reserved 1048576K
}
2021-12-27T09:18:25.008+0800: 11.535: Application time: 0.0052837 seconds
2021-12-27T09:18:25.021+0800: 11.548: Application time: 0.0015848 seconds
2021-12-27T09:18:25.023+0800: 11.550: Application time: 0.0001440 seconds
2021-12-27T09:18:25.023+0800: 11.550: Application time: 0.0000887 seconds
2021-12-27T09:18:25.027+0800: 11.554: Application time: 0.0008249 seconds
2021-12-27T09:18:25.028+0800: 11.555: Application time: 0.0001388 seconds
2021-12-27T09:18:25.029+0800: 11.556: Application time: 0.0001167 seconds
2021-12-27T09:18:25.061+0800: 11.588: Application time: 0.0001094 seconds
2021-12-27T09:18:25.063+0800: 11.590: Application time: 0.0003492 seconds
2021-12-27T09:18:25.065+0800: 11.592: Application time: 0.0001029 seconds
2021-12-27T09:18:25.067+0800: 11.594: Application time: 0.0017716 seconds
2021-12-27T09:18:25.071+0800: 11.598: Application time: 0.0019676 seconds
2021-12-27T09:18:25.083+0800: 11.610: Application time: 0.0093183 seconds
2021-12-27T09:18:25.108+0800: 11.635: Application time: 0.0001147 seconds
2021-12-27T09:18:25.112+0800: 11.639: Application time: 0.0006821 seconds
2021-12-27T09:18:25.113+0800: 11.640: Application time: 0.0012375 seconds
2021-12-27T09:18:25.139+0800: 11.666: Application time: 0.0254536 seconds
2021-12-27T09:18:25.140+0800: 11.667: Application time: 0.0004562 seconds
2021-12-27T09:18:25.141+0800: 11.669: Application time: 0.0016933 seconds
2021-12-27T09:18:25.146+0800: 11.673: Application time: 0.0002063 seconds
2021-12-27T09:18:25.441+0800: 11.968: Application time: 0.2945019 seconds
2021-12-27T09:18:25.926+0800: 12.453: Application time: 0.4836511 seconds
2021-12-27T09:18:26.770+0800: 13.297: Application time: 0.8424509 seconds
{Heap before GC invocations=2 (full 0):
 par new generation   total 47936K, used 45421K [0x0000000724400000, 0x0000000727800000, 0x00000007390c0000)
  eden space 42624K, 100% used [0x0000000724400000, 0x0000000726da0000, 0x0000000726da0000)
  from space 5312K,  52% used [0x0000000726da0000, 0x000000072705b528, 0x00000007272d0000)
  to   space 5312K,   0% used [0x00000007272d0000, 0x00000007272d0000, 0x0000000727800000)
 concurrent mark-sweep generation total 106496K, used 2180K [0x00000007390c0000, 0x000000073f8c0000, 0x00000007c0000000)
 Metaspace       used 9896K, capacity 10186K, committed 10496K, reserved 1058816K
  class space    used 1062K, capacity 1177K, committed 1280K, reserved 1048576K
2021-12-27T09:18:26.770+0800: 13.297: [GC (Allocation Failure) 2021-12-27T09:18:26.771+0800: 13.298: [ParNew: 45421K->1843K(47936K), 0.0217380 secs] 47602K->4024K(154432K), 0.0227691 secs] [Times: user=0.01 sys=0.00, real=0.02 secs] 
Heap after GC invocations=3 (full 0):
 par new generation   total 47936K, used 1843K [0x0000000724400000, 0x0000000727800000, 0x00000007390c0000)
  eden space 42624K,   0% used [0x0000000724400000, 0x0000000724400000, 0x0000000726da0000)
  from space 5312K,  34% used [0x00000007272d0000, 0x000000072749cfa0, 0x0000000727800000)
  to   space 5312K,   0% used [0x0000000726da0000, 0x0000000726da0000, 0x00000007272d0000)
 concurrent mark-sweep generation total 106496K, used 2180K [0x00000007390c0000, 0x000000073f8c0000, 0x00000007c0000000)
 Metaspace       used 9896K, capacity 10186K, committed 10496K, reserved 1058816K
  class space    used 1062K, capacity 1177K, committed 1280K, reserved 1048576K
}
2021-12-27T09:18:26.795+0800: 13.322: Application time: 0.0009231 seconds
2021-12-27T09:18:26.798+0800: 13.325: Application time: 0.0004705 seconds
2021-12-27T09:18:27.798+0800: 14.325: Application time: 1.0003861 seconds
2021-12-27T09:18:28.800+0800: 15.327: Application time: 1.0009859 seconds
2021-12-27T09:18:28.905+0800: 15.433: Application time: 0.1039912 seconds
{Heap before GC invocations=3 (full 0):
 par new generation   total 47936K, used 44467K [0x0000000724400000, 0x0000000727800000, 0x00000007390c0000)
  eden space 42624K, 100% used [0x0000000724400000, 0x0000000726da0000, 0x0000000726da0000)
  from space 5312K,  34% used [0x00000007272d0000, 0x000000072749cfa0, 0x0000000727800000)
  to   space 5312K,   0% used [0x0000000726da0000, 0x0000000726da0000, 0x00000007272d0000)
 concurrent mark-sweep generation total 106496K, used 2180K [0x00000007390c0000, 0x000000073f8c0000, 0x00000007c0000000)
 Metaspace       used 11712K, capacity 11988K, committed 12160K, reserved 1060864K
  class space    used 1267K, capacity 1373K, committed 1408K, reserved 1048576K
2021-12-27T09:18:28.907+0800: 15.434: [GC (Allocation Failure) 2021-12-27T09:18:28.907+0800: 15.434: [ParNew: 44467K->2882K(47936K), 0.0332386 secs] 46648K->5063K(154432K), 0.0342641 secs] [Times: user=0.00 sys=0.00, real=0.03 secs] 
Heap after GC invocations=4 (full 0):
 par new generation   total 47936K, used 2882K [0x0000000724400000, 0x0000000727800000, 0x00000007390c0000)
  eden space 42624K,   0% used [0x0000000724400000, 0x0000000724400000, 0x0000000726da0000)
  from space 5312K,  54% used [0x0000000726da0000, 0x0000000727070b88, 0x00000007272d0000)
  to   space 5312K,   0% used [0x00000007272d0000, 0x00000007272d0000, 0x0000000727800000)
 concurrent mark-sweep generation total 106496K, used 2180K [0x00000007390c0000, 0x000000073f8c0000, 0x00000007c0000000)
 Metaspace       used 11712K, capacity 11988K, committed 12160K, reserved 1060864K
  class space    used 1267K, capacity 1373K, committed 1408K, reserved 1048576K
}
2021-12-27T09:18:30.764+0800: 17.291: Application time: 1.8215578 seconds
{Heap before GC invocations=4 (full 0):
 par new generation   total 47936K, used 45506K [0x0000000724400000, 0x0000000727800000, 0x00000007390c0000)
  eden space 42624K, 100% used [0x0000000724400000, 0x0000000726da0000, 0x0000000726da0000)
  from space 5312K,  54% used [0x0000000726da0000, 0x0000000727070b88, 0x00000007272d0000)
  to   space 5312K,   0% used [0x00000007272d0000, 0x00000007272d0000, 0x0000000727800000)
 concurrent mark-sweep generation total 106496K, used 2180K [0x00000007390c0000, 0x000000073f8c0000, 0x00000007c0000000)
 Metaspace       used 12804K, capacity 13062K, committed 13312K, reserved 1060864K
  class space    used 1414K, capacity 1520K, committed 1536K, reserved 1048576K
2021-12-27T09:18:30.765+0800: 17.292: [GC (Allocation Failure) 2021-12-27T09:18:30.765+0800: 17.292: [ParNew: 45506K->3114K(47936K), 0.0393980 secs] 47687K->5294K(154432K), 0.0408735 secs] [Times: user=0.01 sys=0.00, real=0.05 secs] 
Heap after GC invocations=5 (full 0):
 par new generation   total 47936K, used 3114K [0x0000000724400000, 0x0000000727800000, 0x00000007390c0000)
  eden space 42624K,   0% used [0x0000000724400000, 0x0000000724400000, 0x0000000726da0000)
  from space 5312K,  58% used [0x00000007272d0000, 0x00000007275da868, 0x0000000727800000)
  to   space 5312K,   0% used [0x0000000726da0000, 0x0000000726da0000, 0x00000007272d0000)
 concurrent mark-sweep generation total 106496K, used 2180K [0x00000007390c0000, 0x000000073f8c0000, 0x00000007c0000000)
 Metaspace       used 12804K, capacity 13062K, committed 13312K, reserved 1060864K
  class space    used 1414K, capacity 1520K, committed 1536K, reserved 1048576K
}
2021-12-27T09:18:31.808+0800: 18.335: Application time: 1.0012994 seconds
2021-12-27T09:18:32.128+0800: 18.655: Application time: 0.3153120 seconds
{Heap before GC invocations=5 (full 0):
 par new generation   total 47936K, used 45738K [0x0000000724400000, 0x0000000727800000, 0x00000007390c0000)
  eden space 42624K, 100% used [0x0000000724400000, 0x0000000726da0000, 0x0000000726da0000)
  from space 5312K,  58% used [0x00000007272d0000, 0x00000007275da868, 0x0000000727800000)
  to   space 5312K,   0% used [0x0000000726da0000, 0x0000000726da0000, 0x00000007272d0000)
 concurrent mark-sweep generation total 106496K, used 2180K [0x00000007390c0000, 0x000000073f8c0000, 0x00000007c0000000)
 Metaspace       used 13503K, capacity 13862K, committed 13952K, reserved 1060864K
  class space    used 1516K, capacity 1634K, committed 1664K, reserved 1048576K
2021-12-27T09:18:32.128+0800: 18.655: [GC (Allocation Failure) 2021-12-27T09:18:32.129+0800: 18.656: [ParNew: 45738K->3159K(47936K), 0.0406393 secs] 47918K->5667K(154432K), 0.0419471 secs] [Times: user=0.01 sys=0.00, real=0.04 secs] 
Heap after GC invocations=6 (full 0):
 par new generation   total 47936K, used 3159K [0x0000000724400000, 0x0000000727800000, 0x00000007390c0000)
  eden space 42624K,   0% used [0x0000000724400000, 0x0000000724400000, 0x0000000726da0000)
  from space 5312K,  59% used [0x0000000726da0000, 0x00000007270b5d38, 0x00000007272d0000)
  to   space 5312K,   0% used [0x00000007272d0000, 0x00000007272d0000, 0x0000000727800000)
 concurrent mark-sweep generation total 106496K, used 2507K [0x00000007390c0000, 0x000000073f8c0000, 0x00000007c0000000)
 Metaspace       used 13503K, capacity 13862K, committed 13952K, reserved 1060864K
  class space    used 1516K, capacity 1634K, committed 1664K, reserved 1048576K
}
2021-12-27T09:18:32.172+0800: 18.699: Application time: 0.0010466 seconds
2021-12-27T09:18:32.175+0800: 18.702: Application time: 0.0019375 seconds
2021-12-27T09:18:33.181+0800: 19.708: Application time: 1.0011262 seconds
2021-12-27T09:18:33.238+0800: 19.765: Application time: 0.0507973 seconds
{Heap before GC invocations=6 (full 0):
 par new generation   total 47936K, used 45783K [0x0000000724400000, 0x0000000727800000, 0x00000007390c0000)
  eden space 42624K, 100% used [0x0000000724400000, 0x0000000726da0000, 0x0000000726da0000)
  from space 5312K,  59% used [0x0000000726da0000, 0x00000007270b5d38, 0x00000007272d0000)
  to   space 5312K,   0% used [0x00000007272d0000, 0x00000007272d0000, 0x0000000727800000)
 concurrent mark-sweep generation total 106496K, used 2507K [0x00000007390c0000, 0x000000073f8c0000, 0x00000007c0000000)
 Metaspace       used 14520K, capacity 14900K, committed 15104K, reserved 1062912K
  class space    used 1632K, capacity 1767K, committed 1792K, reserved 1048576K
2021-12-27T09:18:33.239+0800: 19.766: [GC (Allocation Failure) 2021-12-27T09:18:33.240+0800: 19.767: [ParNew: 45783K->1988K(47936K), 0.0678515 secs] 48291K->4901K(154432K), 0.0703919 secs] [Times: user=0.02 sys=0.00, real=0.07 secs] 
Heap after GC invocations=7 (full 0):
 par new generation   total 47936K, used 1988K [0x0000000724400000, 0x0000000727800000, 0x00000007390c0000)
  eden space 42624K,   0% used [0x0000000724400000, 0x0000000724400000, 0x0000000726da0000)
  from space 5312K,  37% used [0x00000007272d0000, 0x00000007274c10c8, 0x0000000727800000)
  to   space 5312K,   0% used [0x0000000726da0000, 0x0000000726da0000, 0x00000007272d0000)
 concurrent mark-sweep generation total 106496K, used 2913K [0x00000007390c0000, 0x000000073f8c0000, 0x00000007c0000000)
 Metaspace       used 14520K, capacity 14900K, committed 15104K, reserved 1062912K
  class space    used 1632K, capacity 1767K, committed 1792K, reserved 1048576K
}
2021-12-27T09:18:33.320+0800: 19.847: Application time: 0.0081833 seconds
2021-12-27T09:18:34.322+0800: 20.849: Application time: 1.0016148 seconds
2021-12-27T09:18:34.712+0800: 21.239: Application time: 0.3885872 seconds
{Heap before GC invocations=7 (full 0):
 par new generation   total 47936K, used 44612K [0x0000000724400000, 0x0000000727800000, 0x00000007390c0000)
  eden space 42624K, 100% used [0x0000000724400000, 0x0000000726da0000, 0x0000000726da0000)
  from space 5312K,  37% used [0x00000007272d0000, 0x00000007274c10c8, 0x0000000727800000)
  to   space 5312K,   0% used [0x0000000726da0000, 0x0000000726da0000, 0x00000007272d0000)
 concurrent mark-sweep generation total 106496K, used 2913K [0x00000007390c0000, 0x000000073f8c0000, 0x00000007c0000000)
 Metaspace       used 15464K, capacity 15940K, committed 16000K, reserved 1062912K
  class space    used 1768K, capacity 1903K, committed 1920K, reserved 1048576K
2021-12-27T09:18:34.712+0800: 21.239: [GC (Allocation Failure) 2021-12-27T09:18:34.713+0800: 21.240: [ParNew: 44612K->2701K(47936K), 0.0787032 secs] 47525K->5615K(154432K), 0.0933098 secs] [Times: user=0.02 sys=0.00, real=0.10 secs] 
Heap after GC invocations=8 (full 0):
 par new generation   total 47936K, used 2701K [0x0000000724400000, 0x0000000727800000, 0x00000007390c0000)
  eden space 42624K,   0% used [0x0000000724400000, 0x0000000724400000, 0x0000000726da0000)
  from space 5312K,  50% used [0x0000000726da0000, 0x00000007270436e0, 0x00000007272d0000)
  to   space 5312K,   0% used [0x00000007272d0000, 0x00000007272d0000, 0x0000000727800000)
 concurrent mark-sweep generation total 106496K, used 2913K [0x00000007390c0000, 0x000000073f8c0000, 0x00000007c0000000)
 Metaspace       used 15464K, capacity 15940K, committed 16000K, reserved 1062912K
  class space    used 1768K, capacity 1903K, committed 1920K, reserved 1048576K
}
2021-12-27T09:18:34.812+0800: 21.339: Application time: 0.0051351 seconds
2021-12-27T09:18:35.315+0800: 21.842: Application time: 0.5015615 seconds
2021-12-27T09:18:35.318+0800: 21.845: Application time: 0.0015705 seconds
2021-12-27T09:18:36.050+0800: 22.577: Application time: 0.7321095 seconds
2021-12-27T09:18:36.056+0800: 22.585: Application time: 0.0075632 seconds
2021-12-27T09:18:36.275+0800: 22.802: Application time: 0.2162091 seconds
2021-12-27T09:18:36.292+0800: 22.819: Application time: 0.0164280 seconds
2021-12-27T09:18:36.371+0800: 22.898: Application time: 0.0788871 seconds
{Heap before GC invocations=8 (full 0):
 par new generation   total 47936K, used 45325K [0x0000000724400000, 0x0000000727800000, 0x00000007390c0000)
  eden space 42624K, 100% used [0x0000000724400000, 0x0000000726da0000, 0x0000000726da0000)
  from space 5312K,  50% used [0x0000000726da0000, 0x00000007270436e0, 0x00000007272d0000)
  to   space 5312K,   0% used [0x00000007272d0000, 0x00000007272d0000, 0x0000000727800000)
 concurrent mark-sweep generation total 106496K, used 2913K [0x00000007390c0000, 0x000000073f8c0000, 0x00000007c0000000)
 Metaspace       used 16836K, capacity 17524K, committed 17792K, reserved 1064960K
  class space    used 1961K, capacity 2145K, committed 2176K, reserved 1048576K
2021-12-27T09:18:36.371+0800: 22.898: [GC (Allocation Failure) 2021-12-27T09:18:36.375+0800: 22.902: [ParNew: 45325K->2865K(47936K), 0.0565767 secs] 48239K->5779K(154432K), 0.0672711 secs] [Times: user=0.01 sys=0.00, real=0.07 secs] 
Heap after GC invocations=9 (full 0):
 par new generation   total 47936K, used 2865K [0x0000000724400000, 0x0000000727800000, 0x00000007390c0000)
  eden space 42624K,   0% used [0x0000000724400000, 0x0000000724400000, 0x0000000726da0000)
  from space 5312K,  53% used [0x00000007272d0000, 0x000000072759c640, 0x0000000727800000)
  to   space 5312K,   0% used [0x0000000726da0000, 0x0000000726da0000, 0x00000007272d0000)
 concurrent mark-sweep generation total 106496K, used 2913K [0x00000007390c0000, 0x000000073f8c0000, 0x00000007c0000000)
 Metaspace       used 16836K, capacity 17524K, committed 17792K, reserved 1064960K
  class space    used 1961K, capacity 2145K, committed 2176K, reserved 1048576K
}
2021-12-27T09:18:37.430+0800: 23.978: Application time: 1.0118814 seconds
2021-12-27T09:18:37.690+0800: 24.238: Application time: 0.2522473 seconds
2021-12-27T09:18:37.705+0800: 24.253: Application time: 0.0127249 seconds
2021-12-27T09:18:38.714+0800: 25.263: Application time: 1.0079864 seconds
2021-12-27T09:18:39.109+0800: 25.658: Application time: 0.3945917 seconds
2021-12-27T09:18:39.114+0800: 25.663: Application time: 0.0050019 seconds
2021-12-27T09:18:39.435+0800: 25.983: Application time: 0.3198599 seconds
{Heap before GC invocations=9 (full 0):
 par new generation   total 47936K, used 45489K [0x0000000724400000, 0x0000000727800000, 0x00000007390c0000)
  eden space 42624K, 100% used [0x0000000724400000, 0x0000000726da0000, 0x0000000726da0000)
  from space 5312K,  53% used [0x00000007272d0000, 0x000000072759c640, 0x0000000727800000)
  to   space 5312K,   0% used [0x0000000726da0000, 0x0000000726da0000, 0x00000007272d0000)
 concurrent mark-sweep generation total 106496K, used 2913K [0x00000007390c0000, 0x000000073f8c0000, 0x00000007c0000000)
 Metaspace       used 17929K, capacity 18672K, committed 18816K, reserved 1064960K
  class space    used 2113K, capacity 2309K, committed 2432K, reserved 1048576K
2021-12-27T09:18:39.437+0800: 25.986: [GC (Allocation Failure) 2021-12-27T09:18:39.437+0800: 25.986: [ParNew: 45489K->3709K(47936K), 0.0754590 secs] 48403K->6623K(154432K), 0.0813419 secs] [Times: user=0.01 sys=0.00, real=0.08 secs] 
Heap after GC invocations=10 (full 0):
 par new generation   total 47936K, used 3709K [0x0000000724400000, 0x0000000727800000, 0x00000007390c0000)
  eden space 42624K,   0% used [0x0000000724400000, 0x0000000724400000, 0x0000000726da0000)
  from space 5312K,  69% used [0x0000000726da0000, 0x000000072713f598, 0x00000007272d0000)
  to   space 5312K,   0% used [0x00000007272d0000, 0x00000007272d0000, 0x0000000727800000)
 concurrent mark-sweep generation total 106496K, used 2913K [0x00000007390c0000, 0x000000073f8c0000, 0x00000007c0000000)
 Metaspace       used 17929K, capacity 18672K, committed 18816K, reserved 1064960K
  class space    used 2113K, capacity 2309K, committed 2432K, reserved 1048576K
}
2021-12-27T09:18:39.526+0800: 26.074: Application time: 0.0058849 seconds
2021-12-27T09:18:39.940+0800: 26.489: Application time: 0.4147688 seconds
2021-12-27T09:18:40.001+0800: 26.550: Application time: 0.0011496 seconds
2021-12-27T09:18:40.001+0800: 26.550: Application time: 0.0001513 seconds
2021-12-27T09:18:40.002+0800: 26.553: Application time: 0.0023925 seconds
2021-12-27T09:18:40.031+0800: 26.580: Application time: 0.0008108 seconds
2021-12-27T09:18:40.033+0800: 26.581: Application time: 0.0010254 seconds
2021-12-27T09:18:40.050+0800: 26.599: Application time: 0.0103401 seconds
2021-12-27T09:18:40.082+0800: 26.631: Application time: 0.0002854 seconds
2021-12-27T09:18:40.082+0800: 26.631: Application time: 0.0002035 seconds
2021-12-27T09:18:40.084+0800: 26.632: Application time: 0.0013059 seconds
2021-12-27T09:18:40.136+0800: 26.685: Application time: 0.0519535 seconds
2021-12-27T09:18:40.221+0800: 26.770: Application time: 0.0282288 seconds
2021-12-27T09:18:40.239+0800: 26.788: Application time: 0.0122730 seconds
2021-12-27T09:18:40.241+0800: 26.790: Application time: 0.0020327 seconds
2021-12-27T09:18:40.243+0800: 26.792: Application time: 0.0013633 seconds
2021-12-27T09:18:40.246+0800: 26.795: Application time: 0.0027825 seconds
2021-12-27T09:18:40.254+0800: 26.803: Application time: 0.0080332 seconds
2021-12-27T09:18:40.268+0800: 26.818: Application time: 0.0147324 seconds
2021-12-27T09:18:40.275+0800: 26.824: Application time: 0.0037428 seconds
2021-12-27T09:18:40.296+0800: 26.845: Application time: 0.0011786 seconds
2021-12-27T09:18:40.302+0800: 26.851: Application time: 0.0054331 seconds
2021-12-27T09:18:40.314+0800: 26.863: Application time: 0.0023286 seconds
2021-12-27T09:18:40.317+0800: 26.866: Application time: 0.0028099 seconds
2021-12-27T09:18:40.334+0800: 26.883: Application time: 0.0002869 seconds
2021-12-27T09:18:40.335+0800: 26.884: Application time: 0.0009538 seconds
2021-12-27T09:18:40.335+0800: 26.884: Application time: 0.0001485 seconds
2021-12-27T09:18:40.374+0800: 26.923: Application time: 0.0013413 seconds
2021-12-27T09:18:40.393+0800: 26.942: Application time: 0.0179095 seconds
2021-12-27T09:18:40.434+0800: 26.983: Application time: 0.0007240 seconds
2021-12-27T09:18:40.509+0800: 27.058: Application time: 0.0750998 seconds
2021-12-27T09:18:41.163+0800: 27.712: Application time: 0.6529475 seconds
2021-12-27T09:18:41.175+0800: 27.724: Application time: 0.0009410 seconds
2021-12-27T09:18:41.467+0800: 28.016: Application time: 0.2917784 seconds
2021-12-27T09:18:41.547+0800: 28.096: Application time: 0.0798848 seconds
{Heap before GC invocations=10 (full 0):
 par new generation   total 47936K, used 46333K [0x0000000724400000, 0x0000000727800000, 0x00000007390c0000)
  eden space 42624K, 100% used [0x0000000724400000, 0x0000000726da0000, 0x0000000726da0000)
  from space 5312K,  69% used [0x0000000726da0000, 0x000000072713f598, 0x00000007272d0000)
  to   space 5312K,   0% used [0x00000007272d0000, 0x00000007272d0000, 0x0000000727800000)
 concurrent mark-sweep generation total 106496K, used 2913K [0x00000007390c0000, 0x000000073f8c0000, 0x00000007c0000000)
 Metaspace       used 19521K, capacity 20278K, committed 20480K, reserved 1067008K
  class space    used 2302K, capacity 2479K, committed 2560K, reserved 1048576K
2021-12-27T09:18:41.549+0800: 28.098: [GC (Allocation Failure) 2021-12-27T09:18:41.553+0800: 28.102: [ParNew: 46333K->4223K(47936K), 0.1492469 secs] 49247K->7440K(154432K), 0.1551591 secs] [Times: user=0.02 sys=0.00, real=0.16 secs] 
Heap after GC invocations=11 (full 0):
 par new generation   total 47936K, used 4223K [0x0000000724400000, 0x0000000727800000, 0x00000007390c0000)
  eden space 42624K,   0% used [0x0000000724400000, 0x0000000724400000, 0x0000000726da0000)
  from space 5312K,  79% used [0x00000007272d0000, 0x00000007276efc58, 0x0000000727800000)
  to   space 5312K,   0% used [0x0000000726da0000, 0x0000000726da0000, 0x00000007272d0000)
 concurrent mark-sweep generation total 106496K, used 3217K [0x00000007390c0000, 0x000000073f8c0000, 0x00000007c0000000)
 Metaspace       used 19521K, capacity 20278K, committed 20480K, reserved 1067008K
  class space    used 2302K, capacity 2479K, committed 2560K, reserved 1048576K
}
2021-12-27T09:18:42.025+0800: 28.574: Application time: 0.3199364 seconds
2021-12-27T09:18:42.030+0800: 28.578: Application time: 0.0020518 seconds
2021-12-27T09:18:42.031+0800: 28.580: Application time: 0.0001302 seconds
2021-12-27T09:18:42.044+0800: 28.593: Application time: 0.0102103 seconds
2021-12-27T09:18:42.061+0800: 28.611: Application time: 0.0018275 seconds
2021-12-27T09:18:42.066+0800: 28.615: Application time: 0.0019041 seconds
2021-12-27T09:18:42.115+0800: 28.664: Application time: 0.0485195 seconds
2021-12-27T09:18:42.155+0800: 28.704: Application time: 0.0343333 seconds
2021-12-27T09:18:42.292+0800: 28.840: Application time: 0.1291010 seconds
2021-12-27T09:18:42.315+0800: 28.863: Application time: 0.0032734 seconds
2021-12-27T09:18:42.418+0800: 28.967: Application time: 0.0939766 seconds
2021-12-27T09:18:42.480+0800: 29.029: Application time: 0.0498622 seconds
2021-12-27T09:18:42.531+0800: 29.080: Application time: 0.0421732 seconds
2021-12-27T09:18:42.553+0800: 29.102: Application time: 0.0059984 seconds
2021-12-27T09:18:42.574+0800: 29.123: Application time: 0.0204876 seconds
2021-12-27T09:18:42.596+0800: 29.145: Application time: 0.0154208 seconds
2021-12-27T09:18:42.611+0800: 29.160: Application time: 0.0057912 seconds
2021-12-27T09:18:42.621+0800: 29.170: Application time: 0.0088924 seconds
2021-12-27T09:18:42.626+0800: 29.177: Application time: 0.0043635 seconds
2021-12-27T09:18:42.646+0800: 29.195: Application time: 0.0003835 seconds
2021-12-27T09:18:42.647+0800: 29.196: Application time: 0.0015111 seconds
2021-12-27T09:18:42.649+0800: 29.198: Application time: 0.0014883 seconds
2021-12-27T09:18:42.652+0800: 29.201: Application time: 0.0011966 seconds
2021-12-27T09:18:42.654+0800: 29.203: Application time: 0.0015639 seconds
2021-12-27T09:18:42.659+0800: 29.207: Application time: 0.0009850 seconds
2021-12-27T09:18:42.964+0800: 29.513: Application time: 0.3034713 seconds
2021-12-27T09:18:43.007+0800: 29.555: Application time: 0.0255437 seconds
2021-12-27T09:18:43.009+0800: 29.557: Application time: 0.0007134 seconds
2021-12-27T09:18:43.010+0800: 29.559: Application time: 0.0012896 seconds
2021-12-27T09:18:43.086+0800: 29.635: Application time: 0.0762102 seconds
{Heap before GC invocations=11 (full 0):
 par new generation   total 47936K, used 46847K [0x0000000724400000, 0x0000000727800000, 0x00000007390c0000)
  eden space 42624K, 100% used [0x0000000724400000, 0x0000000726da0000, 0x0000000726da0000)
  from space 5312K,  79% used [0x00000007272d0000, 0x00000007276efc58, 0x0000000727800000)
  to   space 5312K,   0% used [0x0000000726da0000, 0x0000000726da0000, 0x00000007272d0000)
 concurrent mark-sweep generation total 106496K, used 3217K [0x00000007390c0000, 0x000000073f8c0000, 0x00000007c0000000)
 Metaspace       used 20494K, capacity 21264K, committed 21552K, reserved 1069056K
  class space    used 2452K, capacity 2628K, committed 2688K, reserved 1048576K
2021-12-27T09:18:43.100+0800: 29.649: [GC (Allocation Failure) 2021-12-27T09:18:43.102+0800: 29.650: [ParNew: 46847K->3342K(47936K), 0.1222519 secs] 50064K->7192K(154432K), 0.1243393 secs] [Times: user=0.02 sys=0.01, real=0.13 secs] 
Heap after GC invocations=12 (full 0):
 par new generation   total 47936K, used 3342K [0x0000000724400000, 0x0000000727800000, 0x00000007390c0000)
  eden space 42624K,   0% used [0x0000000724400000, 0x0000000724400000, 0x0000000726da0000)
  from space 5312K,  62% used [0x0000000726da0000, 0x00000007270e3a10, 0x00000007272d0000)
  to   space 5312K,   0% used [0x00000007272d0000, 0x00000007272d0000, 0x0000000727800000)
 concurrent mark-sweep generation total 106496K, used 3850K [0x00000007390c0000, 0x000000073f8c0000, 0x00000007c0000000)
 Metaspace       used 20494K, capacity 21264K, committed 21552K, reserved 1069056K
  class space    used 2452K, capacity 2628K, committed 2688K, reserved 1048576K
}
2021-12-27T09:18:43.230+0800: 29.778: Application time: 0.0009958 seconds
2021-12-27T09:18:43.231+0800: 29.780: [GC (CMS Initial Mark) [1 CMS-initial-mark: 3850K(106496K)] 8022K(154432K), 0.0053219 secs] [Times: user=0.00 sys=0.00, real=0.01 secs] 
2021-12-27T09:18:43.238+0800: 29.787: [CMS-concurrent-mark-start]
2021-12-27T09:18:43.753+0800: 30.302: [CMS-concurrent-mark: 0.515/0.515 secs] [Times: user=0.07 sys=0.03, real=0.52 secs] 
2021-12-27T09:18:43.758+0800: 30.307: Application time: 0.5205152 seconds
2021-12-27T09:18:43.784+0800: 30.333: [CMS-concurrent-preclean-start]
2021-12-27T09:18:43.790+0800: 30.339: Application time: 0.0055155 seconds
2021-12-27T09:18:43.820+0800: 30.368: [CMS-concurrent-preclean: 0.017/0.035 secs] [Times: user=0.01 sys=0.00, real=0.03 secs] 
2021-12-27T09:18:43.821+0800: 30.369: [CMS-concurrent-abortable-preclean-start]
2021-12-27T09:18:44.705+0800: 31.253: Application time: 0.8868853 seconds
2021-12-27T09:18:45.154+0800: 31.703: Application time: 0.4192053 seconds
2021-12-27T09:18:45.156+0800: 31.705: Application time: 0.0004938 seconds
2021-12-27T09:18:45.156+0800: 31.705: Application time: 0.0000625 seconds
2021-12-27T09:18:45.740+0800: 32.289: Application time: 0.5837696 seconds
2021-12-27T09:18:46.275+0800: 32.823: Application time: 0.5344061 seconds
{Heap before GC invocations=12 (full 1):
 par new generation   total 47936K, used 45966K [0x0000000724400000, 0x0000000727800000, 0x00000007390c0000)
  eden space 42624K, 100% used [0x0000000724400000, 0x0000000726da0000, 0x0000000726da0000)
  from space 5312K,  62% used [0x0000000726da0000, 0x00000007270e3a10, 0x00000007272d0000)
  to   space 5312K,   0% used [0x00000007272d0000, 0x00000007272d0000, 0x0000000727800000)
 concurrent mark-sweep generation total 106496K, used 3850K [0x00000007390c0000, 0x000000073f8c0000, 0x00000007c0000000)
 Metaspace       used 21674K, capacity 22490K, committed 22624K, reserved 1069056K
  class space    used 2662K, capacity 2843K, committed 2916K, reserved 1048576K
2021-12-27T09:18:46.278+0800: 32.827: [GC (Allocation Failure) 2021-12-27T09:18:46.279+0800: 32.828: [ParNew: 45966K->3820K(47936K), 0.1669495 secs] 49816K->7671K(154432K), 0.1688441 secs] [Times: user=0.02 sys=0.00, real=0.17 secs] 
Heap after GC invocations=13 (full 1):
 par new generation   total 47936K, used 3820K [0x0000000724400000, 0x0000000727800000, 0x00000007390c0000)
  eden space 42624K,   0% used [0x0000000724400000, 0x0000000724400000, 0x0000000726da0000)
  from space 5312K,  71% used [0x00000007272d0000, 0x000000072768b318, 0x0000000727800000)
  to   space 5312K,   0% used [0x0000000726da0000, 0x0000000726da0000, 0x00000007272d0000)
 concurrent mark-sweep generation total 106496K, used 3850K [0x00000007390c0000, 0x000000073f8c0000, 0x00000007c0000000)
 Metaspace       used 21674K, capacity 22490K, committed 22624K, reserved 1069056K
  class space    used 2662K, capacity 2843K, committed 2916K, reserved 1048576K
}
2021-12-27T09:18:46.453+0800: 33.002: Application time: 0.0032937 seconds
2021-12-27T09:18:46.460+0800: 33.009: Application time: 0.0003366 seconds
2021-12-27T09:18:46.526+0800: 33.075: Application time: 0.0661128 seconds
2021-12-27T09:18:46.529+0800: 33.078: Application time: 0.0030173 seconds
2021-12-27T09:18:47.019+0800: 33.569: Application time: 0.4679951 seconds
2021-12-27T09:18:47.057+0800: 33.606: Application time: 0.0340954 seconds
2021-12-27T09:18:47.435+0800: 33.984: Application time: 0.3324722 seconds
2021-12-27T09:18:47.579+0800: 34.128: [CMS-concurrent-abortable-preclean: 2.979/3.758 secs] [Times: user=0.59 sys=0.07, real=3.76 secs] 
2021-12-27T09:18:47.580+0800: 34.129: Application time: 0.1378203 seconds
2021-12-27T09:18:47.586+0800: 34.134: [GC (CMS Final Remark) [YG occupancy: 28633 K (47936 K)]2021-12-27T09:18:47.586+0800: 34.135: [Rescan (parallel) , 0.1098405 secs]2021-12-27T09:18:47.696+0800: 34.245: [weak refs processing, 0.0005127 secs]2021-12-27T09:18:47.697+0800: 34.246: [class unloading, 0.0518682 secs]2021-12-27T09:18:47.763+0800: 34.311: [scrub symbol table, 0.0537117 secs]2021-12-27T09:18:47.817+0800: 34.365: [scrub string table, 0.0006373 secs][1 CMS-remark: 3850K(106496K)] 32484K(154432K), 0.2339370 secs] [Times: user=0.02 sys=0.00, real=0.24 secs] 
2021-12-27T09:18:47.826+0800: 34.375: [CMS-concurrent-sweep-start]
2021-12-27T09:18:47.827+0800: 34.376: [CMS-concurrent-sweep: 0.001/0.001 secs] [Times: user=0.00 sys=0.00, real=0.00 secs] 
2021-12-27T09:18:47.841+0800: 34.389: [CMS-concurrent-reset-start]
2021-12-27T09:18:47.993+0800: 34.541: Application time: 0.1667464 seconds
2021-12-27T09:18:48.455+0800: 35.004: [CMS-concurrent-reset: 0.589/0.614 secs] [Times: user=0.08 sys=0.04, real=0.62 secs] 
2021-12-27T09:18:48.480+0800: 35.029: Application time: 0.4620492 seconds
{Heap before GC invocations=13 (full 1):
 par new generation   total 47936K, used 46444K [0x0000000724400000, 0x0000000727800000, 0x00000007390c0000)
  eden space 42624K, 100% used [0x0000000724400000, 0x0000000726da0000, 0x0000000726da0000)
  from space 5312K,  71% used [0x00000007272d0000, 0x000000072768b318, 0x0000000727800000)
  to   space 5312K,   0% used [0x0000000726da0000, 0x0000000726da0000, 0x00000007272d0000)
 concurrent mark-sweep generation total 106496K, used 3568K [0x00000007390c0000, 0x000000073f8c0000, 0x00000007c0000000)
 Metaspace       used 22785K, capacity 23644K, committed 23856K, reserved 1071104K
  class space    used 2866K, capacity 3071K, committed 3120K, reserved 1048576K
2021-12-27T09:18:48.555+0800: 35.104: [GC (Allocation Failure) 2021-12-27T09:18:48.555+0800: 35.104: [ParNew: 46444K->2989K(47936K), 0.0495700 secs] 50012K->7069K(154432K), 0.0644465 secs] [Times: user=0.01 sys=0.01, real=0.06 secs] 
Heap after GC invocations=14 (full 1):
 par new generation   total 47936K, used 2989K [0x0000000724400000, 0x0000000727800000, 0x00000007390c0000)
  eden space 42624K,   0% used [0x0000000724400000, 0x0000000724400000, 0x0000000726da0000)
  from space 5312K,  56% used [0x0000000726da0000, 0x000000072708b650, 0x00000007272d0000)
  to   space 5312K,   0% used [0x00000007272d0000, 0x00000007272d0000, 0x0000000727800000)
 concurrent mark-sweep generation total 106496K, used 4079K [0x00000007390c0000, 0x000000073f8c0000, 0x00000007c0000000)
 Metaspace       used 22785K, capacity 23644K, committed 23856K, reserved 1071104K
  class space    used 2866K, capacity 3071K, committed 3120K, reserved 1048576K
}
2021-12-27T09:18:48.885+0800: 35.434: Application time: 0.2648910 seconds
2021-12-27T09:18:49.093+0800: 35.641: Application time: 0.1669413 seconds
2021-12-27T09:18:49.098+0800: 35.647: Application time: 0.0041596 seconds
2021-12-27T09:18:49.102+0800: 35.651: Application time: 0.0037698 seconds
2021-12-27T09:18:49.102+0800: 35.656: Application time: 0.0051441 seconds
2021-12-27T09:18:49.192+0800: 35.740: Application time: 0.0843288 seconds
2021-12-27T09:18:49.264+0800: 35.812: Application time: 0.0703168 seconds
2021-12-27T09:18:49.699+0800: 36.247: Application time: 0.3871220 seconds
2021-12-27T09:18:49.727+0800: 36.276: Application time: 0.0000653 seconds
2021-12-27T09:18:49.752+0800: 36.301: Application time: 0.0251898 seconds
2021-12-27T09:18:49.754+0800: 36.303: Application time: 0.0012137 seconds
2021-12-27T09:18:49.754+0800: 36.303: Application time: 0.0003885 seconds
2021-12-27T09:18:49.754+0800: 36.303: Application time: 0.0002201 seconds
2021-12-27T09:18:49.851+0800: 36.400: Application time: 0.0962930 seconds
{Heap before GC invocations=14 (full 1):
 par new generation   total 47936K, used 45607K [0x0000000724400000, 0x0000000727800000, 0x00000007390c0000)
  eden space 42624K,  99% used [0x0000000724400000, 0x0000000726d9e600, 0x0000000726da0000)
  from space 5312K,  56% used [0x0000000726da0000, 0x000000072708b650, 0x00000007272d0000)
  to   space 5312K,   0% used [0x00000007272d0000, 0x00000007272d0000, 0x0000000727800000)
 concurrent mark-sweep generation total 106496K, used 4079K [0x00000007390c0000, 0x000000073f8c0000, 0x00000007c0000000)
 Metaspace       used 23669K, capacity 24656K, committed 24752K, reserved 1071104K
  class space    used 2965K, capacity 3191K, committed 3248K, reserved 1048576K
2021-12-27T09:18:49.853+0800: 36.401: [GC (Allocation Failure) 2021-12-27T09:18:49.853+0800: 36.402: [ParNew: 45607K->4130K(47936K), 0.0753926 secs] 49686K->8210K(154432K), 0.0926406 secs] [Times: user=0.02 sys=0.00, real=0.10 secs] 
Heap after GC invocations=15 (full 1):
 par new generation   total 47936K, used 4130K [0x0000000724400000, 0x0000000727800000, 0x00000007390c0000)
  eden space 42624K,   0% used [0x0000000724400000, 0x0000000724400000, 0x0000000726da0000)
  from space 5312K,  77% used [0x00000007272d0000, 0x00000007276d8b20, 0x0000000727800000)
  to   space 5312K,   0% used [0x0000000726da0000, 0x0000000726da0000, 0x00000007272d0000)
 concurrent mark-sweep generation total 106496K, used 4079K [0x00000007390c0000, 0x000000073f8c0000, 0x00000007c0000000)
 Metaspace       used 23669K, capacity 24656K, committed 24752K, reserved 1071104K
  class space    used 2965K, capacity 3191K, committed 3248K, reserved 1048576K
}
2021-12-27T09:18:50.167+0800: 36.716: Application time: 0.2204262 seconds
2021-12-27T09:18:50.607+0800: 37.156: Application time: 0.4398819 seconds
{Heap before GC invocations=15 (full 1):
 par new generation   total 47936K, used 46754K [0x0000000724400000, 0x0000000727800000, 0x00000007390c0000)
  eden space 42624K, 100% used [0x0000000724400000, 0x0000000726da0000, 0x0000000726da0000)
  from space 5312K,  77% used [0x00000007272d0000, 0x00000007276d8b20, 0x0000000727800000)
  to   space 5312K,   0% used [0x0000000726da0000, 0x0000000726da0000, 0x00000007272d0000)
 concurrent mark-sweep generation total 106496K, used 4079K [0x00000007390c0000, 0x000000073f8c0000, 0x00000007c0000000)
 Metaspace       used 24093K, capacity 25094K, committed 25392K, reserved 1071104K
  class space    used 3021K, capacity 3272K, committed 3376K, reserved 1048576K
2021-12-27T09:18:50.627+0800: 37.176: [GC (Allocation Failure) 2021-12-27T09:18:50.627+0800: 37.176: [ParNew: 46754K->3867K(47936K), 0.0586529 secs] 50834K->8188K(154432K), 0.0596880 secs] [Times: user=0.02 sys=0.00, real=0.06 secs] 
Heap after GC invocations=16 (full 1):
 par new generation   total 47936K, used 3867K [0x0000000724400000, 0x0000000727800000, 0x00000007390c0000)
  eden space 42624K,   0% used [0x0000000724400000, 0x0000000724400000, 0x0000000726da0000)
  from space 5312K,  72% used [0x0000000726da0000, 0x0000000727166d18, 0x00000007272d0000)
  to   space 5312K,   0% used [0x00000007272d0000, 0x00000007272d0000, 0x0000000727800000)
 concurrent mark-sweep generation total 106496K, used 4321K [0x00000007390c0000, 0x000000073f8c0000, 0x00000007c0000000)
 Metaspace       used 24093K, capacity 25094K, committed 25392K, reserved 1071104K
  class space    used 3021K, capacity 3272K, committed 3376K, reserved 1048576K
}
2021-12-27T09:18:51.688+0800: 38.237: Application time: 1.0008547 seconds
2021-12-27T09:18:51.986+0800: 38.535: Application time: 0.2761984 seconds
{Heap before GC invocations=16 (full 1):
 par new generation   total 47936K, used 46491K [0x0000000724400000, 0x0000000727800000, 0x00000007390c0000)
  eden space 42624K, 100% used [0x0000000724400000, 0x0000000726da0000, 0x0000000726da0000)
  from space 5312K,  72% used [0x0000000726da0000, 0x0000000727166d18, 0x00000007272d0000)
  to   space 5312K,   0% used [0x00000007272d0000, 0x00000007272d0000, 0x0000000727800000)
 concurrent mark-sweep generation total 106496K, used 4321K [0x00000007390c0000, 0x000000073f8c0000, 0x00000007c0000000)
 Metaspace       used 25067K, capacity 26044K, committed 26160K, reserved 1073152K
  class space    used 3115K, capacity 3345K, committed 3376K, reserved 1048576K
2021-12-27T09:18:51.992+0800: 38.541: [GC (Allocation Failure) 2021-12-27T09:18:51.992+0800: 38.541: [ParNew: 46491K->3674K(47936K), 0.1662458 secs] 50812K->8566K(154432K), 0.1673957 secs] [Times: user=0.02 sys=0.01, real=0.17 secs] 
Heap after GC invocations=17 (full 1):
 par new generation   total 47936K, used 3674K [0x0000000724400000, 0x0000000727800000, 0x00000007390c0000)
  eden space 42624K,   0% used [0x0000000724400000, 0x0000000724400000, 0x0000000726da0000)
  from space 5312K,  69% used [0x00000007272d0000, 0x0000000727666b38, 0x0000000727800000)
  to   space 5312K,   0% used [0x0000000726da0000, 0x0000000726da0000, 0x00000007272d0000)
 concurrent mark-sweep generation total 106496K, used 4891K [0x00000007390c0000, 0x000000073f8c0000, 0x00000007c0000000)
 Metaspace       used 25067K, capacity 26044K, committed 26160K, reserved 1073152K
  class space    used 3115K, capacity 3345K, committed 3376K, reserved 1048576K
}
2021-12-27T09:18:52.376+0800: 38.924: Application time: 0.2131482 seconds
2021-12-27T09:18:52.376+0800: 38.924: Application time: 0.0001106 seconds
2021-12-27T09:18:52.376+0800: 38.925: Application time: 0.0000541 seconds
2021-12-27T09:18:53.378+0800: 39.927: Application time: 1.0019772 seconds
2021-12-27T09:18:53.411+0800: 39.969: Application time: 0.0241327 seconds
{Heap before GC invocations=17 (full 1):
 par new generation   total 47936K, used 46298K [0x0000000724400000, 0x0000000727800000, 0x00000007390c0000)
  eden space 42624K, 100% used [0x0000000724400000, 0x0000000726da0000, 0x0000000726da0000)
  from space 5312K,  69% used [0x00000007272d0000, 0x0000000727666b38, 0x0000000727800000)
  to   space 5312K,   0% used [0x0000000726da0000, 0x0000000726da0000, 0x00000007272d0000)
 concurrent mark-sweep generation total 106496K, used 4891K [0x00000007390c0000, 0x000000073f8c0000, 0x00000007c0000000)
 Metaspace       used 26187K, capacity 27232K, committed 27312K, reserved 1073152K
  class space    used 3211K, capacity 3441K, committed 3504K, reserved 1048576K
2021-12-27T09:18:53.425+0800: 39.974: [GC (Allocation Failure) 2021-12-27T09:18:53.435+0800: 39.984: [ParNew: 46298K->3098K(47936K), 0.0962994 secs] 51190K->8423K(154432K), 0.1066284 secs] [Times: user=0.02 sys=0.01, real=0.10 secs] 
Heap after GC invocations=18 (full 1):
 par new generation   total 47936K, used 3098K [0x0000000724400000, 0x0000000727800000, 0x00000007390c0000)
  eden space 42624K,   0% used [0x0000000724400000, 0x0000000724400000, 0x0000000726da0000)
  from space 5312K,  58% used [0x0000000726da0000, 0x00000007270a69b0, 0x00000007272d0000)
  to   space 5312K,   0% used [0x00000007272d0000, 0x00000007272d0000, 0x0000000727800000)
 concurrent mark-sweep generation total 106496K, used 5324K [0x00000007390c0000, 0x000000073f8c0000, 0x00000007c0000000)
 Metaspace       used 26187K, capacity 27232K, committed 27312K, reserved 1073152K
  class space    used 3211K, capacity 3441K, committed 3504K, reserved 1048576K
}
2021-12-27T09:18:53.551+0800: 40.100: Application time: 0.0180473 seconds
2021-12-27T09:18:53.819+0800: 40.367: Application time: 0.2538233 seconds
2021-12-27T09:18:54.819+0800: 41.368: Application time: 1.0004612 seconds
2021-12-27T09:18:54.920+0800: 41.469: Application time: 0.0785362 seconds
{Heap before GC invocations=18 (full 1):
 par new generation   total 47936K, used 45722K [0x0000000724400000, 0x0000000727800000, 0x00000007390c0000)
  eden space 42624K, 100% used [0x0000000724400000, 0x0000000726da0000, 0x0000000726da0000)
  from space 5312K,  58% used [0x0000000726da0000, 0x00000007270a69b0, 0x00000007272d0000)
  to   space 5312K,   0% used [0x00000007272d0000, 0x00000007272d0000, 0x0000000727800000)
 concurrent mark-sweep generation total 106496K, used 5324K [0x00000007390c0000, 0x000000073f8c0000, 0x00000007c0000000)
 Metaspace       used 26956K, capacity 27992K, committed 28208K, reserved 1073152K
  class space    used 3311K, capacity 3541K, committed 3632K, reserved 1048576K
2021-12-27T09:18:54.975+0800: 41.524: [GC (Allocation Failure) 2021-12-27T09:18:54.975+0800: 41.524: [ParNew: 45722K->4231K(47936K), 0.0944611 secs] 51047K->9556K(154432K), 0.0953610 secs] [Times: user=0.01 sys=0.00, real=0.09 secs] 
Heap after GC invocations=19 (full 1):
 par new generation   total 47936K, used 4231K [0x0000000724400000, 0x0000000727800000, 0x00000007390c0000)
  eden space 42624K,   0% used [0x0000000724400000, 0x0000000724400000, 0x0000000726da0000)
  from space 5312K,  79% used [0x00000007272d0000, 0x00000007276f1d28, 0x0000000727800000)
  to   space 5312K,   0% used [0x0000000726da0000, 0x0000000726da0000, 0x00000007272d0000)
 concurrent mark-sweep generation total 106496K, used 5324K [0x00000007390c0000, 0x000000073f8c0000, 0x00000007c0000000)
 Metaspace       used 26956K, capacity 27992K, committed 28208K, reserved 1073152K
  class space    used 3311K, capacity 3541K, committed 3632K, reserved 1048576K
}
2021-12-27T09:18:56.078+0800: 42.627: Application time: 1.0065444 seconds
2021-12-27T09:18:56.760+0800: 43.309: Application time: 0.6631277 seconds
{Heap before GC invocations=19 (full 1):
 par new generation   total 47936K, used 46855K [0x0000000724400000, 0x0000000727800000, 0x00000007390c0000)
  eden space 42624K, 100% used [0x0000000724400000, 0x0000000726da0000, 0x0000000726da0000)
  from space 5312K,  79% used [0x00000007272d0000, 0x00000007276f1d28, 0x0000000727800000)
  to   space 5312K,   0% used [0x0000000726da0000, 0x0000000726da0000, 0x00000007272d0000)
 concurrent mark-sweep generation total 106496K, used 5324K [0x00000007390c0000, 0x000000073f8c0000, 0x00000007c0000000)
 Metaspace       used 27926K, capacity 29008K, committed 29104K, reserved 1075200K
  class space    used 3459K, capacity 3707K, committed 3760K, reserved 1048576K
2021-12-27T09:18:56.762+0800: 43.310: [GC (Allocation Failure) 2021-12-27T09:18:56.762+0800: 43.311: [ParNew: 46855K->4681K(47936K), 0.0975524 secs] 52180K->10454K(154432K), 0.1049498 secs] [Times: user=0.02 sys=0.00, real=0.11 secs] 
Heap after GC invocations=20 (full 1):
 par new generation   total 47936K, used 4681K [0x0000000724400000, 0x0000000727800000, 0x00000007390c0000)
  eden space 42624K,   0% used [0x0000000724400000, 0x0000000724400000, 0x0000000726da0000)
  from space 5312K,  88% used [0x0000000726da0000, 0x00000007272327e0, 0x00000007272d0000)
  to   space 5312K,   0% used [0x00000007272d0000, 0x00000007272d0000, 0x0000000727800000)
 concurrent mark-sweep generation total 106496K, used 5772K [0x00000007390c0000, 0x000000073f8c0000, 0x00000007c0000000)
 Metaspace       used 27926K, capacity 29008K, committed 29104K, reserved 1075200K
  class space    used 3459K, capacity 3707K, committed 3760K, reserved 1048576K
}
2021-12-27T09:18:56.901+0800: 43.450: Application time: 0.0057413 seconds
2021-12-27T09:18:57.134+0800: 43.683: Application time: 0.1938840 seconds
2021-12-27T09:18:57.173+0800: 43.722: Application time: 0.0127470 seconds
2021-12-27T09:18:57.548+0800: 44.097: Application time: 0.3751483 seconds
2021-12-27T09:18:57.593+0800: 44.142: Application time: 0.0006400 seconds
2021-12-27T09:18:57.594+0800: 44.143: Application time: 0.0009248 seconds
2021-12-27T09:18:57.812+0800: 44.360: Application time: 0.2172157 seconds
{Heap before GC invocations=20 (full 1):
 par new generation   total 47936K, used 47305K [0x0000000724400000, 0x0000000727800000, 0x00000007390c0000)
  eden space 42624K, 100% used [0x0000000724400000, 0x0000000726da0000, 0x0000000726da0000)
  from space 5312K,  88% used [0x0000000726da0000, 0x00000007272327e0, 0x00000007272d0000)
  to   space 5312K,   0% used [0x00000007272d0000, 0x00000007272d0000, 0x0000000727800000)
 concurrent mark-sweep generation total 106496K, used 5772K [0x00000007390c0000, 0x000000073f8c0000, 0x00000007c0000000)
 Metaspace       used 28656K, capacity 29724K, committed 30000K, reserved 1075200K
  class space    used 3523K, capacity 3775K, committed 3888K, reserved 1048576K
2021-12-27T09:18:57.830+0800: 44.379: [GC (Allocation Failure) 2021-12-27T09:18:57.831+0800: 44.380: [ParNew: 47305K->5311K(47936K), 0.2842561 secs] 53078K->14419K(154432K), 0.2870946 secs] [Times: user=0.02 sys=0.00, real=0.29 secs] 
Heap after GC invocations=21 (full 1):
 par new generation   total 47936K, used 5311K [0x0000000724400000, 0x0000000727800000, 0x00000007390c0000)
  eden space 42624K,   0% used [0x0000000724400000, 0x0000000724400000, 0x0000000726da0000)
  from space 5312K,  99% used [0x00000007272d0000, 0x00000007277ffff8, 0x0000000727800000)
  to   space 5312K,   0% used [0x0000000726da0000, 0x0000000726da0000, 0x00000007272d0000)
 concurrent mark-sweep generation total 106496K, used 9107K [0x00000007390c0000, 0x000000073f8c0000, 0x00000007c0000000)
 Metaspace       used 28656K, capacity 29724K, committed 30000K, reserved 1075200K
  class space    used 3523K, capacity 3775K, committed 3888K, reserved 1048576K
}
2021-12-27T09:18:58.248+0800: 44.797: Application time: 0.1298042 seconds
2021-12-27T09:18:58.281+0800: 44.829: Application time: 0.0002139 seconds
2021-12-27T09:18:58.281+0800: 44.830: Application time: 0.0001169 seconds
2021-12-27T09:18:58.282+0800: 44.831: Application time: 0.0012378 seconds
2021-12-27T09:18:58.283+0800: 44.832: Application time: 0.0011502 seconds
2021-12-27T09:18:58.288+0800: 44.837: Application time: 0.0044150 seconds
2021-12-27T09:18:58.419+0800: 44.968: Application time: 0.0483760 seconds
2021-12-27T09:18:58.456+0800: 45.004: Application time: 0.0360108 seconds
{Heap before GC invocations=21 (full 1):
 par new generation   total 47936K, used 47935K [0x0000000724400000, 0x0000000727800000, 0x00000007390c0000)
  eden space 42624K, 100% used [0x0000000724400000, 0x0000000726da0000, 0x0000000726da0000)
  from space 5312K,  99% used [0x00000007272d0000, 0x00000007277ffff8, 0x0000000727800000)
  to   space 5312K,   0% used [0x0000000726da0000, 0x0000000726da0000, 0x00000007272d0000)
 concurrent mark-sweep generation total 106496K, used 13322K [0x00000007390c0000, 0x000000073f8c0000, 0x00000007c0000000)
 Metaspace       used 29005K, capacity 30140K, committed 30256K, reserved 1075200K
  class space    used 3547K, capacity 3807K, committed 3888K, reserved 1048576K
2021-12-27T09:18:58.456+0800: 45.005: [GC (GCLocker Initiated GC) 2021-12-27T09:18:58.457+0800: 45.005: [ParNew: 47935K->4008K(47936K), 0.0904573 secs] 61258K->19096K(154432K), 0.0918173 secs] [Times: user=0.01 sys=0.01, real=0.09 secs] 
Heap after GC invocations=22 (full 1):
 par new generation   total 47936K, used 4008K [0x0000000724400000, 0x0000000727800000, 0x00000007390c0000)
  eden space 42624K,   0% used [0x0000000724400000, 0x0000000724400000, 0x0000000726da0000)
  from space 5312K,  75% used [0x0000000726da0000, 0x000000072718a260, 0x00000007272d0000)
  to   space 5312K,   0% used [0x00000007272d0000, 0x00000007272d0000, 0x0000000727800000)
 concurrent mark-sweep generation total 106496K, used 15087K [0x00000007390c0000, 0x000000073f8c0000, 0x00000007c0000000)
 Metaspace       used 29005K, capacity 30140K, committed 30256K, reserved 1075200K
  class space    used 3547K, capacity 3807K, committed 3888K, reserved 1048576K
}
2021-12-27T09:18:58.579+0800: 45.128: Application time: 0.0294013 seconds
2021-12-27T09:18:58.614+0800: 45.163: Application time: 0.0108800 seconds
2021-12-27T09:18:58.636+0800: 45.185: Application time: 0.0001955 seconds
2021-12-27T09:18:58.656+0800: 45.205: Application time: 0.0197959 seconds
2021-12-27T09:18:58.682+0800: 45.231: Application time: 0.0027735 seconds
2021-12-27T09:18:58.691+0800: 45.240: Application time: 0.0008428 seconds
2021-12-27T09:18:58.801+0800: 45.350: Application time: 0.1024881 seconds
2021-12-27T09:18:58.809+0800: 45.358: Application time: 0.0073394 seconds
2021-12-27T09:18:58.843+0800: 45.391: Application time: 0.0118224 seconds
2021-12-27T09:18:58.845+0800: 45.393: Application time: 0.0003204 seconds
2021-12-27T09:18:58.845+0800: 45.394: Application time: 0.0000564 seconds
2021-12-27T09:18:59.305+0800: 45.854: Application time: 0.4604745 seconds
2021-12-27T09:18:59.397+0800: 45.946: Application time: 0.0870276 seconds
{Heap before GC invocations=22 (full 1):
 par new generation   total 47936K, used 46632K [0x0000000724400000, 0x0000000727800000, 0x00000007390c0000)
  eden space 42624K, 100% used [0x0000000724400000, 0x0000000726da0000, 0x0000000726da0000)
  from space 5312K,  75% used [0x0000000726da0000, 0x000000072718a260, 0x00000007272d0000)
  to   space 5312K,   0% used [0x00000007272d0000, 0x00000007272d0000, 0x0000000727800000)
 concurrent mark-sweep generation total 106496K, used 15087K [0x00000007390c0000, 0x000000073f8c0000, 0x00000007c0000000)
 Metaspace       used 29441K, capacity 30556K, committed 30768K, reserved 1077248K
  class space    used 3585K, capacity 3839K, committed 3888K, reserved 1048576K
2021-12-27T09:18:59.399+0800: 45.947: [GC (Allocation Failure) 2021-12-27T09:18:59.399+0800: 45.948: [ParNew: 46632K->4262K(47936K), 0.2055347 secs] 61720K->19350K(154432K), 0.2070262 secs] [Times: user=0.03 sys=0.01, real=0.21 secs] 
Heap after GC invocations=23 (full 1):
 par new generation   total 47936K, used 4262K [0x0000000724400000, 0x0000000727800000, 0x00000007390c0000)
  eden space 42624K,   0% used [0x0000000724400000, 0x0000000724400000, 0x0000000726da0000)
  from space 5312K,  80% used [0x00000007272d0000, 0x00000007276f99a0, 0x0000000727800000)
  to   space 5312K,   0% used [0x0000000726da0000, 0x0000000726da0000, 0x00000007272d0000)
 concurrent mark-sweep generation total 106496K, used 15087K [0x00000007390c0000, 0x000000073f8c0000, 0x00000007c0000000)
 Metaspace       used 29441K, capacity 30556K, committed 30768K, reserved 1077248K
  class space    used 3585K, capacity 3839K, committed 3888K, reserved 1048576K
}
2021-12-27T09:19:00.374+0800: 46.922: Application time: 0.7662216 seconds
2021-12-27T09:19:00.541+0800: 47.090: Application time: 0.1673600 seconds
{Heap before GC invocations=23 (full 1):
 par new generation   total 47936K, used 46886K [0x0000000724400000, 0x0000000727800000, 0x00000007390c0000)
  eden space 42624K, 100% used [0x0000000724400000, 0x0000000726da0000, 0x0000000726da0000)
  from space 5312K,  80% used [0x00000007272d0000, 0x00000007276f99a0, 0x0000000727800000)
  to   space 5312K,   0% used [0x0000000726da0000, 0x0000000726da0000, 0x00000007272d0000)
 concurrent mark-sweep generation total 106496K, used 15087K [0x00000007390c0000, 0x000000073f8c0000, 0x00000007c0000000)
 Metaspace       used 29664K, capacity 30780K, committed 31024K, reserved 1077248K
  class space    used 3616K, capacity 3871K, committed 3888K, reserved 1048576K
2021-12-27T09:19:00.543+0800: 47.091: [GC (Allocation Failure) 2021-12-27T09:19:00.543+0800: 47.092: [ParNew: 46886K->5076K(47936K), 0.1538945 secs] 61974K->20754K(154432K), 0.1560458 secs] [Times: user=0.02 sys=0.00, real=0.16 secs] 
Heap after GC invocations=24 (full 1):
 par new generation   total 47936K, used 5076K [0x0000000724400000, 0x0000000727800000, 0x00000007390c0000)
  eden space 42624K,   0% used [0x0000000724400000, 0x0000000724400000, 0x0000000726da0000)
  from space 5312K,  95% used [0x0000000726da0000, 0x00000007272953f8, 0x00000007272d0000)
  to   space 5312K,   0% used [0x00000007272d0000, 0x00000007272d0000, 0x0000000727800000)
 concurrent mark-sweep generation total 106496K, used 15677K [0x00000007390c0000, 0x000000073f8c0000, 0x00000007c0000000)
 Metaspace       used 29664K, capacity 30780K, committed 31024K, reserved 1077248K
  class space    used 3616K, capacity 3871K, committed 3888K, reserved 1048576K
}
2021-12-27T09:19:01.168+0800: 47.717: Application time: 0.4684761 seconds
2021-12-27T09:19:01.375+0800: 47.923: Application time: 0.1786527 seconds
{Heap before GC invocations=24 (full 1):
 par new generation   total 47936K, used 47700K [0x0000000724400000, 0x0000000727800000, 0x00000007390c0000)
  eden space 42624K, 100% used [0x0000000724400000, 0x0000000726da0000, 0x0000000726da0000)
  from space 5312K,  95% used [0x0000000726da0000, 0x00000007272953f8, 0x00000007272d0000)
  to   space 5312K,   0% used [0x00000007272d0000, 0x00000007272d0000, 0x0000000727800000)
 concurrent mark-sweep generation total 106496K, used 15677K [0x00000007390c0000, 0x000000073f8c0000, 0x00000007c0000000)
 Metaspace       used 29672K, capacity 30780K, committed 31024K, reserved 1077248K
  class space    used 3616K, capacity 3871K, committed 3888K, reserved 1048576K
2021-12-27T09:19:01.375+0800: 47.924: [GC (Allocation Failure) 2021-12-27T09:19:01.376+0800: 47.925: [ParNew: 47700K->5312K(47936K), 0.2171342 secs] 63378K->22638K(154432K), 0.2271940 secs] [Times: user=0.03 sys=0.01, real=0.22 secs] 
Heap after GC invocations=25 (full 1):
 par new generation   total 47936K, used 5312K [0x0000000724400000, 0x0000000727800000, 0x00000007390c0000)
  eden space 42624K,   0% used [0x0000000724400000, 0x0000000724400000, 0x0000000726da0000)
  from space 5312K, 100% used [0x00000007272d0000, 0x0000000727800000, 0x0000000727800000)
  to   space 5312K,   0% used [0x0000000726da0000, 0x0000000726da0000, 0x00000007272d0000)
 concurrent mark-sweep generation total 106496K, used 17326K [0x00000007390c0000, 0x000000073f8c0000, 0x00000007c0000000)
 Metaspace       used 29672K, capacity 30780K, committed 31024K, reserved 1077248K
  class space    used 3616K, capacity 3871K, committed 3888K, reserved 1048576K
}
2021-12-27T09:19:02.134+0800: 48.683: Application time: 0.5299013 seconds
2021-12-27T09:19:02.528+0800: 49.076: Application time: 0.3915152 seconds
{Heap before GC invocations=25 (full 1):
 par new generation   total 47936K, used 47936K [0x0000000724400000, 0x0000000727800000, 0x00000007390c0000)
  eden space 42624K, 100% used [0x0000000724400000, 0x0000000726da0000, 0x0000000726da0000)
  from space 5312K, 100% used [0x00000007272d0000, 0x0000000727800000, 0x0000000727800000)
  to   space 5312K,   0% used [0x0000000726da0000, 0x0000000726da0000, 0x00000007272d0000)
 concurrent mark-sweep generation total 106496K, used 17326K [0x00000007390c0000, 0x000000073f8c0000, 0x00000007c0000000)
 Metaspace       used 29678K, capacity 30780K, committed 31024K, reserved 1077248K
  class space    used 3616K, capacity 3871K, committed 3888K, reserved 1048576K
2021-12-27T09:19:02.530+0800: 49.079: [GC (Allocation Failure) 2021-12-27T09:19:02.530+0800: 49.079: [ParNew: 47936K->5311K(47936K), 0.1828987 secs] 65262K->22966K(154432K), 0.1901141 secs] [Times: user=0.03 sys=0.01, real=0.19 secs] 
Heap after GC invocations=26 (full 1):
 par new generation   total 47936K, used 5311K [0x0000000724400000, 0x0000000727800000, 0x00000007390c0000)
  eden space 42624K,   0% used [0x0000000724400000, 0x0000000724400000, 0x0000000726da0000)
  from space 5312K,  99% used [0x0000000726da0000, 0x00000007272cfff8, 0x00000007272d0000)
  to   space 5312K,   0% used [0x00000007272d0000, 0x00000007272d0000, 0x0000000727800000)
 concurrent mark-sweep generation total 106496K, used 17654K [0x00000007390c0000, 0x000000073f8c0000, 0x00000007c0000000)
 Metaspace       used 29678K, capacity 30780K, committed 31024K, reserved 1077248K
  class space    used 3616K, capacity 3871K, committed 3888K, reserved 1048576K
}
2021-12-27T09:19:03.037+0800: 49.585: Application time: 0.3154593 seconds
2021-12-27T09:19:03.545+0800: 50.093: Application time: 0.5052317 seconds
{Heap before GC invocations=26 (full 1):
 par new generation   total 47936K, used 47935K [0x0000000724400000, 0x0000000727800000, 0x00000007390c0000)
  eden space 42624K, 100% used [0x0000000724400000, 0x0000000726da0000, 0x0000000726da0000)
  from space 5312K,  99% used [0x0000000726da0000, 0x00000007272cfff8, 0x00000007272d0000)
  to   space 5312K,   0% used [0x00000007272d0000, 0x00000007272d0000, 0x0000000727800000)
 concurrent mark-sweep generation total 106496K, used 17654K [0x00000007390c0000, 0x000000073f8c0000, 0x00000007c0000000)
 Metaspace       used 29684K, capacity 30780K, committed 31024K, reserved 1077248K
  class space    used 3616K, capacity 3871K, committed 3888K, reserved 1048576K
2021-12-27T09:19:03.545+0800: 50.094: [GC (Allocation Failure) 2021-12-27T09:19:03.546+0800: 50.094: [ParNew: 47935K->5312K(47936K), 0.1692631 secs] 65590K->23857K(154432K), 0.1836653 secs] [Times: user=0.04 sys=0.00, real=0.18 secs] 
Heap after GC invocations=27 (full 1):
 par new generation   total 47936K, used 5312K [0x0000000724400000, 0x0000000727800000, 0x00000007390c0000)
  eden space 42624K,   0% used [0x0000000724400000, 0x0000000724400000, 0x0000000726da0000)
  from space 5312K, 100% used [0x00000007272d0000, 0x0000000727800000, 0x0000000727800000)
  to   space 5312K,   0% used [0x0000000726da0000, 0x0000000726da0000, 0x00000007272d0000)
 concurrent mark-sweep generation total 106496K, used 18545K [0x00000007390c0000, 0x000000073f8c0000, 0x00000007c0000000)
 Metaspace       used 29684K, capacity 30780K, committed 31024K, reserved 1077248K
  class space    used 3616K, capacity 3871K, committed 3888K, reserved 1048576K
}
2021-12-27T09:19:03.798+0800: 50.347: Application time: 0.0675205 seconds
2021-12-27T09:19:04.387+0800: 50.936: Application time: 0.5809524 seconds
{Heap before GC invocations=27 (full 1):
 par new generation   total 47936K, used 47936K [0x0000000724400000, 0x0000000727800000, 0x00000007390c0000)
  eden space 42624K, 100% used [0x0000000724400000, 0x0000000726da0000, 0x0000000726da0000)
  from space 5312K, 100% used [0x00000007272d0000, 0x0000000727800000, 0x0000000727800000)
  to   space 5312K,   0% used [0x0000000726da0000, 0x0000000726da0000, 0x00000007272d0000)
 concurrent mark-sweep generation total 106496K, used 18545K [0x00000007390c0000, 0x000000073f8c0000, 0x00000007c0000000)
 Metaspace       used 29685K, capacity 30784K, committed 31024K, reserved 1077248K
  class space    used 3616K, capacity 3871K, committed 3888K, reserved 1048576K
2021-12-27T09:19:04.387+0800: 50.936: [GC (Allocation Failure) 2021-12-27T09:19:04.388+0800: 50.937: [ParNew: 47936K->5282K(47936K), 0.1848272 secs] 66481K->23829K(154432K), 0.1866475 secs] [Times: user=0.03 sys=0.00, real=0.19 secs] 
Heap after GC invocations=28 (full 1):
 par new generation   total 47936K, used 5282K [0x0000000724400000, 0x0000000727800000, 0x00000007390c0000)
  eden space 42624K,   0% used [0x0000000724400000, 0x0000000724400000, 0x0000000726da0000)
  from space 5312K,  99% used [0x0000000726da0000, 0x00000007272c8b68, 0x00000007272d0000)
  to   space 5312K,   0% used [0x00000007272d0000, 0x00000007272d0000, 0x0000000727800000)
 concurrent mark-sweep generation total 106496K, used 18546K [0x00000007390c0000, 0x000000073f8c0000, 0x00000007c0000000)
 Metaspace       used 29685K, capacity 30784K, committed 31024K, reserved 1077248K
  class space    used 3616K, capacity 3871K, committed 3888K, reserved 1048576K
}
2021-12-27T09:19:04.607+0800: 51.156: Application time: 0.0319482 seconds
2021-12-27T09:19:05.370+0800: 51.919: Application time: 0.7616881 seconds
{Heap before GC invocations=28 (full 1):
 par new generation   total 47936K, used 47906K [0x0000000724400000, 0x0000000727800000, 0x00000007390c0000)
  eden space 42624K, 100% used [0x0000000724400000, 0x0000000726da0000, 0x0000000726da0000)
  from space 5312K,  99% used [0x0000000726da0000, 0x00000007272c8b68, 0x00000007272d0000)
  to   space 5312K,   0% used [0x00000007272d0000, 0x00000007272d0000, 0x0000000727800000)
 concurrent mark-sweep generation total 106496K, used 18546K [0x00000007390c0000, 0x000000073f8c0000, 0x00000007c0000000)
 Metaspace       used 29810K, capacity 30874K, committed 31024K, reserved 1077248K
  class space    used 3638K, capacity 3878K, committed 3888K, reserved 1048576K
2021-12-27T09:19:05.371+0800: 51.920: [GC (Allocation Failure) 2021-12-27T09:19:05.372+0800: 51.920: [ParNew: 47906K->4320K(47936K), 0.1178534 secs] 66453K->22883K(154432K), 0.1189113 secs] [Times: user=0.02 sys=0.01, real=0.13 secs] 
Heap after GC invocations=29 (full 1):
 par new generation   total 47936K, used 4320K [0x0000000724400000, 0x0000000727800000, 0x00000007390c0000)
  eden space 42624K,   0% used [0x0000000724400000, 0x0000000724400000, 0x0000000726da0000)
  from space 5312K,  81% used [0x00000007272d0000, 0x00000007277082d0, 0x0000000727800000)
  to   space 5312K,   0% used [0x0000000726da0000, 0x0000000726da0000, 0x00000007272d0000)
 concurrent mark-sweep generation total 106496K, used 18562K [0x00000007390c0000, 0x000000073f8c0000, 0x00000007c0000000)
 Metaspace       used 29810K, capacity 30874K, committed 31024K, reserved 1077248K
  class space    used 3638K, capacity 3878K, committed 3888K, reserved 1048576K
}
2021-12-27T09:19:06.501+0800: 53.050: Application time: 1.0034282 seconds
2021-12-27T09:19:06.747+0800: 53.295: Application time: 0.2240549 seconds
{Heap before GC invocations=29 (full 1):
 par new generation   total 47936K, used 46944K [0x0000000724400000, 0x0000000727800000, 0x00000007390c0000)
  eden space 42624K, 100% used [0x0000000724400000, 0x0000000726da0000, 0x0000000726da0000)
  from space 5312K,  81% used [0x00000007272d0000, 0x00000007277082d0, 0x0000000727800000)
  to   space 5312K,   0% used [0x0000000726da0000, 0x0000000726da0000, 0x00000007272d0000)
 concurrent mark-sweep generation total 106496K, used 18562K [0x00000007390c0000, 0x000000073f8c0000, 0x00000007c0000000)
 Metaspace       used 30349K, capacity 31516K, committed 31664K, reserved 1077248K
  class space    used 3694K, capacity 3951K, committed 4016K, reserved 1048576K
2021-12-27T09:19:06.748+0800: 53.297: [GC (Allocation Failure) 2021-12-27T09:19:06.749+0800: 53.298: [ParNew: 46944K->2744K(47936K), 0.0670080 secs] 65507K->22136K(154432K), 0.0695918 secs] [Times: user=0.02 sys=0.00, real=0.07 secs] 
Heap after GC invocations=30 (full 1):
 par new generation   total 47936K, used 2744K [0x0000000724400000, 0x0000000727800000, 0x00000007390c0000)
  eden space 42624K,   0% used [0x0000000724400000, 0x0000000724400000, 0x0000000726da0000)
  from space 5312K,  51% used [0x0000000726da0000, 0x000000072704e2e8, 0x00000007272d0000)
  to   space 5312K,   0% used [0x00000007272d0000, 0x00000007272d0000, 0x0000000727800000)
 concurrent mark-sweep generation total 106496K, used 19391K [0x00000007390c0000, 0x000000073f8c0000, 0x00000007c0000000)
 Metaspace       used 30349K, capacity 31516K, committed 31664K, reserved 1077248K
  class space    used 3694K, capacity 3951K, committed 4016K, reserved 1048576K
}
2021-12-27T09:19:07.801+0800: 54.373: Application time: 1.0002352 seconds
2021-12-27T09:19:08.036+0800: 54.607: Application time: 0.2292873 seconds
{Heap before GC invocations=30 (full 1):
 par new generation   total 47936K, used 45368K [0x0000000724400000, 0x0000000727800000, 0x00000007390c0000)
  eden space 42624K, 100% used [0x0000000724400000, 0x0000000726da0000, 0x0000000726da0000)
  from space 5312K,  51% used [0x0000000726da0000, 0x000000072704e2e8, 0x00000007272d0000)
  to   space 5312K,   0% used [0x00000007272d0000, 0x00000007272d0000, 0x0000000727800000)
 concurrent mark-sweep generation total 106496K, used 19391K [0x00000007390c0000, 0x000000073f8c0000, 0x00000007c0000000)
 Metaspace       used 30665K, capacity 31816K, committed 31920K, reserved 1077248K
  class space    used 3735K, capacity 4001K, committed 4016K, reserved 1048576K
2021-12-27T09:19:08.036+0800: 54.608: [GC (Allocation Failure) 2021-12-27T09:19:08.037+0800: 54.609: [ParNew: 45368K->2359K(47936K), 0.0703912 secs] 64760K->21751K(154432K), 0.0721886 secs] [Times: user=0.02 sys=0.00, real=0.07 secs] 
Heap after GC invocations=31 (full 1):
 par new generation   total 47936K, used 2359K [0x0000000724400000, 0x0000000727800000, 0x00000007390c0000)
  eden space 42624K,   0% used [0x0000000724400000, 0x0000000724400000, 0x0000000726da0000)
  from space 5312K,  44% used [0x00000007272d0000, 0x000000072751dd20, 0x0000000727800000)
  to   space 5312K,   0% used [0x0000000726da0000, 0x0000000726da0000, 0x00000007272d0000)
 concurrent mark-sweep generation total 106496K, used 19391K [0x00000007390c0000, 0x000000073f8c0000, 0x00000007c0000000)
 Metaspace       used 30665K, capacity 31816K, committed 31920K, reserved 1077248K
  class space    used 3735K, capacity 4001K, committed 4016K, reserved 1048576K
}
2021-12-27T09:19:09.115+0800: 55.686: Application time: 1.0035830 seconds
2021-12-27T09:19:09.556+0800: 56.128: Application time: 0.4367003 seconds
{Heap before GC invocations=31 (full 1):
 par new generation   total 47936K, used 44983K [0x0000000724400000, 0x0000000727800000, 0x00000007390c0000)
  eden space 42624K, 100% used [0x0000000724400000, 0x0000000726da0000, 0x0000000726da0000)
  from space 5312K,  44% used [0x00000007272d0000, 0x000000072751dd20, 0x0000000727800000)
  to   space 5312K,   0% used [0x0000000726da0000, 0x0000000726da0000, 0x00000007272d0000)
 concurrent mark-sweep generation total 106496K, used 19391K [0x00000007390c0000, 0x000000073f8c0000, 0x00000007c0000000)
 Metaspace       used 30914K, capacity 32074K, committed 32304K, reserved 1077248K
  class space    used 3767K, capacity 4038K, committed 4144K, reserved 1048576K
2021-12-27T09:19:09.557+0800: 56.129: [GC (Allocation Failure) 2021-12-27T09:19:09.558+0800: 56.129: [ParNew: 44983K->3095K(47936K), 0.0834839 secs] 64375K->22487K(154432K), 0.0865608 secs] [Times: user=0.01 sys=0.00, real=0.09 secs] 
Heap after GC invocations=32 (full 1):
 par new generation   total 47936K, used 3095K [0x0000000724400000, 0x0000000727800000, 0x00000007390c0000)
  eden space 42624K,   0% used [0x0000000724400000, 0x0000000724400000, 0x0000000726da0000)
  from space 5312K,  58% used [0x0000000726da0000, 0x00000007270a5ee8, 0x00000007272d0000)
  to   space 5312K,   0% used [0x00000007272d0000, 0x00000007272d0000, 0x0000000727800000)
 concurrent mark-sweep generation total 106496K, used 19391K [0x00000007390c0000, 0x000000073f8c0000, 0x00000007c0000000)
 Metaspace       used 30914K, capacity 32074K, committed 32304K, reserved 1077248K
  class space    used 3767K, capacity 4038K, committed 4144K, reserved 1048576K
}
2021-12-27T09:19:09.794+0800: 56.366: Application time: 0.1491170 seconds
2021-12-27T09:19:10.822+0800: 57.394: Application time: 1.0045244 seconds
2021-12-27T09:19:11.064+0800: 57.636: Application time: 0.2332892 seconds
{Heap before GC invocations=32 (full 1):
 par new generation   total 47936K, used 45719K [0x0000000724400000, 0x0000000727800000, 0x00000007390c0000)
  eden space 42624K, 100% used [0x0000000724400000, 0x0000000726da0000, 0x0000000726da0000)
  from space 5312K,  58% used [0x0000000726da0000, 0x00000007270a5ee8, 0x00000007272d0000)
  to   space 5312K,   0% used [0x00000007272d0000, 0x00000007272d0000, 0x0000000727800000)
 concurrent mark-sweep generation total 106496K, used 19391K [0x00000007390c0000, 0x000000073f8c0000, 0x00000007c0000000)
 Metaspace       used 31098K, capacity 32256K, committed 32560K, reserved 1077248K
  class space    used 3790K, capacity 4047K, committed 4144K, reserved 1048576K
2021-12-27T09:19:11.065+0800: 57.637: [GC (Allocation Failure) 2021-12-27T09:19:11.065+0800: 57.637: [ParNew: 45719K->3428K(47936K), 0.0422744 secs] 65111K->23117K(154432K), 0.0561155 secs] [Times: user=0.02 sys=0.00, real=0.06 secs] 
Heap after GC invocations=33 (full 1):
 par new generation   total 47936K, used 3428K [0x0000000724400000, 0x0000000727800000, 0x00000007390c0000)
  eden space 42624K,   0% used [0x0000000724400000, 0x0000000724400000, 0x0000000726da0000)
  from space 5312K,  64% used [0x00000007272d0000, 0x00000007276291e0, 0x0000000727800000)
  to   space 5312K,   0% used [0x0000000726da0000, 0x0000000726da0000, 0x00000007272d0000)
 concurrent mark-sweep generation total 106496K, used 19688K [0x00000007390c0000, 0x000000073f8c0000, 0x00000007c0000000)
 Metaspace       used 31098K, capacity 32256K, committed 32560K, reserved 1077248K
  class space    used 3790K, capacity 4047K, committed 4144K, reserved 1048576K
}
2021-12-27T09:19:11.886+0800: 58.457: Application time: 0.7566235 seconds
2021-12-27T09:19:12.384+0800: 58.956: Application time: 0.4971472 seconds
{Heap before GC invocations=33 (full 1):
 par new generation   total 47936K, used 46052K [0x0000000724400000, 0x0000000727800000, 0x00000007390c0000)
  eden space 42624K, 100% used [0x0000000724400000, 0x0000000726da0000, 0x0000000726da0000)
  from space 5312K,  64% used [0x00000007272d0000, 0x00000007276291e0, 0x0000000727800000)
  to   space 5312K,   0% used [0x0000000726da0000, 0x0000000726da0000, 0x00000007272d0000)
 concurrent mark-sweep generation total 106496K, used 19688K [0x00000007390c0000, 0x000000073f8c0000, 0x00000007c0000000)
 Metaspace       used 31251K, capacity 32450K, committed 32560K, reserved 1077248K
  class space    used 3812K, capacity 4084K, committed 4144K, reserved 1048576K
2021-12-27T09:19:12.391+0800: 58.963: [GC (Allocation Failure) 2021-12-27T09:19:12.392+0800: 58.963: [ParNew: 46052K->3925K(47936K), 0.0924923 secs] 65741K->23886K(154432K), 0.1053568 secs] [Times: user=0.02 sys=0.00, real=0.11 secs] 
Heap after GC invocations=34 (full 1):
 par new generation   total 47936K, used 3925K [0x0000000724400000, 0x0000000727800000, 0x00000007390c0000)
  eden space 42624K,   0% used [0x0000000724400000, 0x0000000724400000, 0x0000000726da0000)
  from space 5312K,  73% used [0x0000000726da0000, 0x0000000727175468, 0x00000007272d0000)
  to   space 5312K,   0% used [0x00000007272d0000, 0x00000007272d0000, 0x0000000727800000)
 concurrent mark-sweep generation total 106496K, used 19961K [0x00000007390c0000, 0x000000073f8c0000, 0x00000007c0000000)
 Metaspace       used 31251K, capacity 32450K, committed 32560K, reserved 1077248K
  class space    used 3812K, capacity 4084K, committed 4144K, reserved 1048576K
}
2021-12-27T09:19:12.908+0800: 59.479: Application time: 0.4096837 seconds
2021-12-27T09:19:13.922+0800: 60.493: Application time: 1.0123126 seconds
2021-12-27T09:19:14.269+0800: 60.841: Application time: 0.3468753 seconds
{Heap before GC invocations=34 (full 1):
 par new generation   total 47936K, used 46549K [0x0000000724400000, 0x0000000727800000, 0x00000007390c0000)
  eden space 42624K, 100% used [0x0000000724400000, 0x0000000726da0000, 0x0000000726da0000)
  from space 5312K,  73% used [0x0000000726da0000, 0x0000000727175468, 0x00000007272d0000)
  to   space 5312K,   0% used [0x00000007272d0000, 0x00000007272d0000, 0x0000000727800000)
 concurrent mark-sweep generation total 106496K, used 19961K [0x00000007390c0000, 0x000000073f8c0000, 0x00000007c0000000)
 Metaspace       used 32056K, capacity 33386K, committed 33456K, reserved 1079296K
  class space    used 3925K, capacity 4208K, committed 4272K, reserved 1048576K
2021-12-27T09:19:14.270+0800: 60.842: [GC (Allocation Failure) 2021-12-27T09:19:14.270+0800: 60.842: [ParNew: 46549K->2646K(47936K), 0.0560649 secs] 66510K->23913K(154432K), 0.0636087 secs] [Times: user=0.02 sys=0.00, real=0.07 secs] 
Heap after GC invocations=35 (full 1):
 par new generation   total 47936K, used 2646K [0x0000000724400000, 0x0000000727800000, 0x00000007390c0000)
  eden space 42624K,   0% used [0x0000000724400000, 0x0000000724400000, 0x0000000726da0000)
  from space 5312K,  49% used [0x00000007272d0000, 0x0000000727565918, 0x0000000727800000)
  to   space 5312K,   0% used [0x0000000726da0000, 0x0000000726da0000, 0x00000007272d0000)
 concurrent mark-sweep generation total 106496K, used 21267K [0x00000007390c0000, 0x000000073f8c0000, 0x00000007c0000000)
 Metaspace       used 32056K, capacity 33386K, committed 33456K, reserved 1079296K
  class space    used 3925K, capacity 4208K, committed 4272K, reserved 1048576K
}
2021-12-27T09:19:15.336+0800: 61.908: Application time: 1.0019728 seconds
2021-12-27T09:19:15.865+0800: 62.436: Application time: 0.5279904 seconds
{Heap before GC invocations=35 (full 1):
 par new generation   total 47936K, used 45270K [0x0000000724400000, 0x0000000727800000, 0x00000007390c0000)
  eden space 42624K, 100% used [0x0000000724400000, 0x0000000726da0000, 0x0000000726da0000)
  from space 5312K,  49% used [0x00000007272d0000, 0x0000000727565918, 0x0000000727800000)
  to   space 5312K,   0% used [0x0000000726da0000, 0x0000000726da0000, 0x00000007272d0000)
 concurrent mark-sweep generation total 106496K, used 21267K [0x00000007390c0000, 0x000000073f8c0000, 0x00000007c0000000)
 Metaspace       used 32793K, capacity 34210K, committed 34352K, reserved 1079296K
  class space    used 4032K, capacity 4318K, committed 4400K, reserved 1048576K
2021-12-27T09:19:15.866+0800: 62.437: [GC (Allocation Failure) 2021-12-27T09:19:15.866+0800: 62.438: [ParNew: 45270K->3061K(47936K), 0.0818070 secs] 66537K->24329K(154432K), 0.0935127 secs] [Times: user=0.02 sys=0.01, real=0.09 secs] 
Heap after GC invocations=36 (full 1):
 par new generation   total 47936K, used 3061K [0x0000000724400000, 0x0000000727800000, 0x00000007390c0000)
  eden space 42624K,   0% used [0x0000000724400000, 0x0000000724400000, 0x0000000726da0000)
  from space 5312K,  57% used [0x0000000726da0000, 0x000000072709d6e8, 0x00000007272d0000)
  to   space 5312K,   0% used [0x00000007272d0000, 0x00000007272d0000, 0x0000000727800000)
 concurrent mark-sweep generation total 106496K, used 21267K [0x00000007390c0000, 0x000000073f8c0000, 0x00000007c0000000)
 Metaspace       used 32793K, capacity 34210K, committed 34352K, reserved 1079296K
  class space    used 4032K, capacity 4318K, committed 4400K, reserved 1048576K
}
2021-12-27T09:19:16.963+0800: 63.535: Application time: 1.0023680 seconds
2021-12-27T09:19:18.008+0800: 64.580: Application time: 1.0068930 seconds
2021-12-27T09:19:18.189+0800: 64.761: Application time: 0.1810663 seconds
2021-12-27T09:19:18.292+0800: 64.863: Application time: 0.1010679 seconds
{Heap before GC invocations=36 (full 1):
 par new generation   total 47936K, used 45685K [0x0000000724400000, 0x0000000727800000, 0x00000007390c0000)
  eden space 42624K, 100% used [0x0000000724400000, 0x0000000726da0000, 0x0000000726da0000)
  from space 5312K,  57% used [0x0000000726da0000, 0x000000072709d6e8, 0x00000007272d0000)
  to   space 5312K,   0% used [0x00000007272d0000, 0x00000007272d0000, 0x0000000727800000)
 concurrent mark-sweep generation total 106496K, used 21267K [0x00000007390c0000, 0x000000073f8c0000, 0x00000007c0000000)
 Metaspace       used 33576K, capacity 34988K, committed 35248K, reserved 1079296K
  class space    used 4149K, capacity 4435K, committed 4528K, reserved 1048576K
2021-12-27T09:19:18.292+0800: 64.864: [GC (Allocation Failure) 2021-12-27T09:19:18.293+0800: 64.865: [ParNew: 45685K->3240K(47936K), 0.0947408 secs] 66953K->24507K(154432K), 0.0963920 secs] [Times: user=0.02 sys=0.01, real=0.09 secs] 
Heap after GC invocations=37 (full 1):
 par new generation   total 47936K, used 3240K [0x0000000724400000, 0x0000000727800000, 0x00000007390c0000)
  eden space 42624K,   0% used [0x0000000724400000, 0x0000000724400000, 0x0000000726da0000)
  from space 5312K,  60% used [0x00000007272d0000, 0x00000007275fa140, 0x0000000727800000)
  to   space 5312K,   0% used [0x0000000726da0000, 0x0000000726da0000, 0x00000007272d0000)
 concurrent mark-sweep generation total 106496K, used 21267K [0x00000007390c0000, 0x000000073f8c0000, 0x00000007c0000000)
 Metaspace       used 33576K, capacity 34988K, committed 35248K, reserved 1079296K
  class space    used 4149K, capacity 4435K, committed 4528K, reserved 1048576K
}
2021-12-27T09:19:18.696+0800: 65.267: Application time: 0.3043335 seconds
2021-12-27T09:19:19.696+0800: 66.269: Application time: 1.0011458 seconds
2021-12-27T09:19:19.917+0800: 66.489: Application time: 0.2121067 seconds
{Heap before GC invocations=37 (full 1):
 par new generation   total 47936K, used 45864K [0x0000000724400000, 0x0000000727800000, 0x00000007390c0000)
  eden space 42624K, 100% used [0x0000000724400000, 0x0000000726da0000, 0x0000000726da0000)
  from space 5312K,  60% used [0x00000007272d0000, 0x00000007275fa140, 0x0000000727800000)
  to   space 5312K,   0% used [0x0000000726da0000, 0x0000000726da0000, 0x00000007272d0000)
 concurrent mark-sweep generation total 106496K, used 21267K [0x00000007390c0000, 0x000000073f8c0000, 0x00000007c0000000)
 Metaspace       used 34331K, capacity 35886K, committed 36144K, reserved 1081344K
  class space    used 4288K, capacity 4618K, committed 4656K, reserved 1048576K
2021-12-27T09:19:19.922+0800: 66.494: [GC (Allocation Failure) 2021-12-27T09:19:19.922+0800: 66.494: [ParNew: 45864K->3754K(47936K), 0.0701664 secs] 67131K->25021K(154432K), 0.0711800 secs] [Times: user=0.02 sys=0.01, real=0.07 secs] 
Heap after GC invocations=38 (full 1):
 par new generation   total 47936K, used 3754K [0x0000000724400000, 0x0000000727800000, 0x00000007390c0000)
  eden space 42624K,   0% used [0x0000000724400000, 0x0000000724400000, 0x0000000726da0000)
  from space 5312K,  70% used [0x0000000726da0000, 0x000000072714a870, 0x00000007272d0000)
  to   space 5312K,   0% used [0x00000007272d0000, 0x00000007272d0000, 0x0000000727800000)
 concurrent mark-sweep generation total 106496K, used 21267K [0x00000007390c0000, 0x000000073f8c0000, 0x00000007c0000000)
 Metaspace       used 34331K, capacity 35886K, committed 36144K, reserved 1081344K
  class space    used 4288K, capacity 4618K, committed 4656K, reserved 1048576K
}
2021-12-27T09:19:21.004+0800: 67.576: Application time: 1.0088373 seconds
2021-12-27T09:19:21.086+0800: 67.657: Application time: 0.0796936 seconds
{Heap before GC invocations=38 (full 1):
 par new generation   total 47936K, used 46378K [0x0000000724400000, 0x0000000727800000, 0x00000007390c0000)
  eden space 42624K, 100% used [0x0000000724400000, 0x0000000726da0000, 0x0000000726da0000)
  from space 5312K,  70% used [0x0000000726da0000, 0x000000072714a870, 0x00000007272d0000)
  to   space 5312K,   0% used [0x00000007272d0000, 0x00000007272d0000, 0x0000000727800000)
 concurrent mark-sweep generation total 106496K, used 21267K [0x00000007390c0000, 0x000000073f8c0000, 0x00000007c0000000)
 Metaspace       used 34896K, capacity 36398K, committed 36528K, reserved 1081344K
  class space    used 4412K, capacity 4726K, committed 4784K, reserved 1048576K
2021-12-27T09:19:21.089+0800: 67.660: [GC (Allocation Failure) 2021-12-27T09:19:21.090+0800: 67.661: [ParNew: 46378K->3658K(47936K), 0.0873582 secs] 67645K->25925K(154432K), 0.1016784 secs] [Times: user=0.02 sys=0.00, real=0.10 secs] 
Heap after GC invocations=39 (full 1):
 par new generation   total 47936K, used 3658K [0x0000000724400000, 0x0000000727800000, 0x00000007390c0000)
  eden space 42624K,   0% used [0x0000000724400000, 0x0000000724400000, 0x0000000726da0000)
  from space 5312K,  68% used [0x00000007272d0000, 0x0000000727662a98, 0x0000000727800000)
  to   space 5312K,   0% used [0x0000000726da0000, 0x0000000726da0000, 0x00000007272d0000)
 concurrent mark-sweep generation total 106496K, used 22266K [0x00000007390c0000, 0x000000073f8c0000, 0x00000007c0000000)
 Metaspace       used 34896K, capacity 36398K, committed 36528K, reserved 1081344K
  class space    used 4412K, capacity 4726K, committed 4784K, reserved 1048576K
}
2021-12-27T09:19:21.925+0800: 68.497: Application time: 0.7335341 seconds
2021-12-27T09:19:22.666+0800: 69.238: Application time: 0.7365635 seconds
{Heap before GC invocations=39 (full 1):
 par new generation   total 47936K, used 46282K [0x0000000724400000, 0x0000000727800000, 0x00000007390c0000)
  eden space 42624K, 100% used [0x0000000724400000, 0x0000000726da0000, 0x0000000726da0000)
  from space 5312K,  68% used [0x00000007272d0000, 0x0000000727662a98, 0x0000000727800000)
  to   space 5312K,   0% used [0x0000000726da0000, 0x0000000726da0000, 0x00000007272d0000)
 concurrent mark-sweep generation total 106496K, used 22266K [0x00000007390c0000, 0x000000073f8c0000, 0x00000007c0000000)
 Metaspace       used 35235K, capacity 36848K, committed 37168K, reserved 1081344K
  class space    used 4471K, capacity 4813K, committed 4912K, reserved 1048576K
2021-12-27T09:19:22.668+0800: 69.240: [GC (Allocation Failure) 2021-12-27T09:19:22.669+0800: 69.240: [ParNew: 46282K->4058K(47936K), 0.1075511 secs] 68549K->26994K(154432K), 0.1178629 secs] [Times: user=0.01 sys=0.00, real=0.12 secs] 
Heap after GC invocations=40 (full 1):
 par new generation   total 47936K, used 4058K [0x0000000724400000, 0x0000000727800000, 0x00000007390c0000)
  eden space 42624K,   0% used [0x0000000724400000, 0x0000000724400000, 0x0000000726da0000)
  from space 5312K,  76% used [0x0000000726da0000, 0x0000000727196a88, 0x00000007272d0000)
  to   space 5312K,   0% used [0x00000007272d0000, 0x00000007272d0000, 0x0000000727800000)
 concurrent mark-sweep generation total 106496K, used 22936K [0x00000007390c0000, 0x000000073f8c0000, 0x00000007c0000000)
 Metaspace       used 35235K, capacity 36848K, committed 37168K, reserved 1081344K
  class space    used 4471K, capacity 4813K, committed 4912K, reserved 1048576K
}
2021-12-27T09:19:23.792+0800: 70.364: Application time: 1.0047592 seconds
2021-12-27T09:19:24.316+0800: 70.888: Application time: 0.4840230 seconds
{Heap before GC invocations=40 (full 1):
 par new generation   total 47936K, used 46682K [0x0000000724400000, 0x0000000727800000, 0x00000007390c0000)
  eden space 42624K, 100% used [0x0000000724400000, 0x0000000726da0000, 0x0000000726da0000)
  from space 5312K,  76% used [0x0000000726da0000, 0x0000000727196a88, 0x00000007272d0000)
  to   space 5312K,   0% used [0x00000007272d0000, 0x00000007272d0000, 0x0000000727800000)
 concurrent mark-sweep generation total 106496K, used 22936K [0x00000007390c0000, 0x000000073f8c0000, 0x00000007c0000000)
 Metaspace       used 35646K, capacity 37244K, committed 37424K, reserved 1081344K
  class space    used 4539K, capacity 4879K, committed 4912K, reserved 1048576K
2021-12-27T09:19:24.325+0800: 70.897: [GC (Allocation Failure) 2021-12-27T09:19:24.326+0800: 70.898: [ParNew: 46682K->2222K(47936K), 0.0462966 secs] 69618K->25985K(154432K), 0.0628277 secs] [Times: user=0.02 sys=0.00, real=0.06 secs] 
Heap after GC invocations=41 (full 1):
 par new generation   total 47936K, used 2222K [0x0000000724400000, 0x0000000727800000, 0x00000007390c0000)
  eden space 42624K,   0% used [0x0000000724400000, 0x0000000724400000, 0x0000000726da0000)
  from space 5312K,  41% used [0x00000007272d0000, 0x00000007274fbad8, 0x0000000727800000)
  to   space 5312K,   0% used [0x0000000726da0000, 0x0000000726da0000, 0x00000007272d0000)
 concurrent mark-sweep generation total 106496K, used 23762K [0x00000007390c0000, 0x000000073f8c0000, 0x00000007c0000000)
 Metaspace       used 35646K, capacity 37244K, committed 37424K, reserved 1081344K
  class space    used 4539K, capacity 4879K, committed 4912K, reserved 1048576K
}
2021-12-27T09:19:25.396+0800: 71.968: Application time: 1.0050753 seconds
2021-12-27T09:19:25.609+0800: 72.181: Application time: 0.2035163 seconds
{Heap before GC invocations=41 (full 1):
 par new generation   total 47936K, used 44846K [0x0000000724400000, 0x0000000727800000, 0x00000007390c0000)
  eden space 42624K, 100% used [0x0000000724400000, 0x0000000726da0000, 0x0000000726da0000)
  from space 5312K,  41% used [0x00000007272d0000, 0x00000007274fbad8, 0x0000000727800000)
  to   space 5312K,   0% used [0x0000000726da0000, 0x0000000726da0000, 0x00000007272d0000)
 concurrent mark-sweep generation total 106496K, used 23762K [0x00000007390c0000, 0x000000073f8c0000, 0x00000007c0000000)
 Metaspace       used 36175K, capacity 37774K, committed 38064K, reserved 1083392K
  class space    used 4616K, capacity 4946K, committed 5040K, reserved 1048576K
2021-12-27T09:19:25.610+0800: 72.181: [GC (Allocation Failure) 2021-12-27T09:19:25.610+0800: 72.182: [ParNew: 44846K->2284K(47936K), 0.0651355 secs] 68609K->26046K(154432K), 0.0674484 secs] [Times: user=0.01 sys=0.01, real=0.07 secs] 
Heap after GC invocations=42 (full 1):
 par new generation   total 47936K, used 2284K [0x0000000724400000, 0x0000000727800000, 0x00000007390c0000)
  eden space 42624K,   0% used [0x0000000724400000, 0x0000000724400000, 0x0000000726da0000)
  from space 5312K,  42% used [0x0000000726da0000, 0x0000000726fdb018, 0x00000007272d0000)
  to   space 5312K,   0% used [0x00000007272d0000, 0x00000007272d0000, 0x0000000727800000)
 concurrent mark-sweep generation total 106496K, used 23762K [0x00000007390c0000, 0x000000073f8c0000, 0x00000007c0000000)
 Metaspace       used 36175K, capacity 37774K, committed 38064K, reserved 1083392K
  class space    used 4616K, capacity 4946K, committed 5040K, reserved 1048576K
}
2021-12-27T09:19:25.955+0800: 72.527: Application time: 0.2749606 seconds
2021-12-27T09:19:26.861+0800: 73.433: Application time: 0.9052894 seconds
{Heap before GC invocations=42 (full 1):
 par new generation   total 47936K, used 44908K [0x0000000724400000, 0x0000000727800000, 0x00000007390c0000)
  eden space 42624K, 100% used [0x0000000724400000, 0x0000000726da0000, 0x0000000726da0000)
  from space 5312K,  42% used [0x0000000726da0000, 0x0000000726fdb018, 0x00000007272d0000)
  to   space 5312K,   0% used [0x00000007272d0000, 0x00000007272d0000, 0x0000000727800000)
 concurrent mark-sweep generation total 106496K, used 23762K [0x00000007390c0000, 0x000000073f8c0000, 0x00000007c0000000)
 Metaspace       used 36917K, capacity 38586K, committed 38960K, reserved 1083392K
  class space    used 4708K, capacity 5044K, committed 5168K, reserved 1048576K
2021-12-27T09:19:26.861+0800: 73.433: [GC (Allocation Failure) 2021-12-27T09:19:26.862+0800: 73.434: [ParNew: 44908K->1933K(47936K), 0.0499694 secs] 68670K->25696K(154432K), 0.0510771 secs] [Times: user=0.02 sys=0.01, real=0.05 secs] 
Heap after GC invocations=43 (full 1):
 par new generation   total 47936K, used 1933K [0x0000000724400000, 0x0000000727800000, 0x00000007390c0000)
  eden space 42624K,   0% used [0x0000000724400000, 0x0000000724400000, 0x0000000726da0000)
  from space 5312K,  36% used [0x00000007272d0000, 0x00000007274b3608, 0x0000000727800000)
  to   space 5312K,   0% used [0x0000000726da0000, 0x0000000726da0000, 0x00000007272d0000)
 concurrent mark-sweep generation total 106496K, used 23762K [0x00000007390c0000, 0x000000073f8c0000, 0x00000007c0000000)
 Metaspace       used 36917K, capacity 38586K, committed 38960K, reserved 1083392K
  class space    used 4708K, capacity 5044K, committed 5168K, reserved 1048576K
}
2021-12-27T09:19:26.915+0800: 73.486: Application time: 0.0014516 seconds
2021-12-27T09:19:27.084+0800: 73.656: Application time: 0.1682656 seconds
2021-12-27T09:19:27.102+0800: 73.674: Application time: 0.0147840 seconds
2021-12-27T09:19:27.869+0800: 74.441: Application time: 0.7666218 seconds
2021-12-27T09:19:27.889+0800: 74.464: Application time: 0.0145080 seconds
2021-12-27T09:19:28.074+0800: 74.646: Application time: 0.1818606 seconds
2021-12-27T09:19:28.487+0800: 75.059: Application time: 0.4131132 seconds
2021-12-27T09:19:28.851+0800: 75.423: Application time: 0.3638063 seconds
2021-12-27T09:19:28.936+0800: 75.508: Application time: 0.0787513 seconds
2021-12-27T09:19:28.941+0800: 75.513: [GC (CMS Initial Mark) [1 CMS-initial-mark: 23762K(106496K)] 63263K(154432K), 0.0700745 secs] [Times: user=0.02 sys=0.01, real=0.07 secs] 
2021-12-27T09:19:29.025+0800: 75.597: [CMS-concurrent-mark-start]
2021-12-27T09:19:29.090+0800: 75.661: Application time: 0.0648182 seconds
2021-12-27T09:19:29.090+0800: 75.662: Application time: 0.0000860 seconds
2021-12-27T09:19:29.090+0800: 75.662: Application time: 0.0000376 seconds
2021-12-27T09:19:29.090+0800: 75.662: Application time: 0.0000350 seconds
2021-12-27T09:19:29.090+0800: 75.662: Application time: 0.0000347 seconds
2021-12-27T09:19:29.090+0800: 75.662: Application time: 0.0000340 seconds
2021-12-27T09:19:29.090+0800: 75.662: Application time: 0.0000421 seconds
2021-12-27T09:19:29.090+0800: 75.662: Application time: 0.0000346 seconds
2021-12-27T09:19:29.090+0800: 75.662: Application time: 0.0000339 seconds
2021-12-27T09:19:29.095+0800: 75.667: Application time: 0.0001067 seconds
2021-12-27T09:19:29.097+0800: 75.669: Application time: 0.0020610 seconds
2021-12-27T09:19:29.304+0800: 75.876: [CMS-concurrent-mark: 0.272/0.279 secs] [Times: user=0.07 sys=0.00, real=0.28 secs] 
2021-12-27T09:19:29.315+0800: 75.887: Application time: 0.2173325 seconds
2021-12-27T09:19:29.322+0800: 75.894: [CMS-concurrent-preclean-start]
2021-12-27T09:19:29.336+0800: 75.908: [CMS-concurrent-preclean: 0.014/0.014 secs] [Times: user=0.00 sys=0.00, real=0.01 secs] 
2021-12-27T09:19:29.337+0800: 75.908: [CMS-concurrent-abortable-preclean-start]
2021-12-27T09:19:29.821+0800: 76.393: Application time: 0.5004568 seconds
{Heap before GC invocations=43 (full 2):
 par new generation   total 47936K, used 44557K [0x0000000724400000, 0x0000000727800000, 0x00000007390c0000)
  eden space 42624K, 100% used [0x0000000724400000, 0x0000000726da0000, 0x0000000726da0000)
  from space 5312K,  36% used [0x00000007272d0000, 0x00000007274b3608, 0x0000000727800000)
  to   space 5312K,   0% used [0x0000000726da0000, 0x0000000726da0000, 0x00000007272d0000)
 concurrent mark-sweep generation total 106496K, used 23762K [0x00000007390c0000, 0x000000073f8c0000, 0x00000007c0000000)
 Metaspace       used 38347K, capacity 40132K, committed 40332K, reserved 1085440K
  class space    used 4918K, capacity 5261K, committed 5320K, reserved 1048576K
2021-12-27T09:19:29.822+0800: 76.394: [GC (Allocation Failure) 2021-12-27T09:19:29.823+0800: 76.395: [ParNew: 44557K->3672K(47936K), 0.0514573 secs] 68320K->27435K(154432K), 0.0631024 secs] [Times: user=0.02 sys=0.00, real=0.06 secs] 
Heap after GC invocations=44 (full 2):
 par new generation   total 47936K, used 3672K [0x0000000724400000, 0x0000000727800000, 0x00000007390c0000)
  eden space 42624K,   0% used [0x0000000724400000, 0x0000000724400000, 0x0000000726da0000)
  from space 5312K,  69% used [0x0000000726da0000, 0x0000000727136288, 0x00000007272d0000)
  to   space 5312K,   0% used [0x00000007272d0000, 0x00000007272d0000, 0x0000000727800000)
 concurrent mark-sweep generation total 106496K, used 23762K [0x00000007390c0000, 0x000000073f8c0000, 0x00000007c0000000)
 Metaspace       used 38347K, capacity 40132K, committed 40332K, reserved 1085440K
  class space    used 4918K, capacity 5261K, committed 5320K, reserved 1048576K
}
2021-12-27T09:19:30.224+0800: 76.795: Application time: 0.3372294 seconds
2021-12-27T09:19:30.544+0800: 77.116: Application time: 0.3203322 seconds
2021-12-27T09:19:30.843+0800: 77.415: Application time: 0.2987563 seconds
2021-12-27T09:19:31.141+0800: 77.713: Application time: 0.2978785 seconds
2021-12-27T09:19:31.168+0800: 77.740: Application time: 0.0250900 seconds
2021-12-27T09:19:31.221+0800: 77.793: Application time: 0.0505508 seconds
2021-12-27T09:19:31.222+0800: 77.794: Application time: 0.0000959 seconds
2021-12-27T09:19:31.318+0800: 77.889: Application time: 0.0951886 seconds
2021-12-27T09:19:31.472+0800: 78.043: [CMS-concurrent-abortable-preclean: 2.008/2.135 secs] [Times: user=0.49 sys=0.04, real=2.14 secs] 
2021-12-27T09:19:31.485+0800: 78.056: Application time: 0.1666677 seconds
2021-12-27T09:19:31.486+0800: 78.057: Application time: 0.0004719 seconds
2021-12-27T09:19:31.488+0800: 78.060: [GC (CMS Final Remark) [YG occupancy: 25975 K (47936 K)]2021-12-27T09:19:31.492+0800: 78.063: [Rescan (parallel) , 0.0569838 secs]2021-12-27T09:19:31.549+0800: 78.121: [weak refs processing, 0.0007724 secs]2021-12-27T09:19:31.550+0800: 78.122: [class unloading, 0.0542161 secs]2021-12-27T09:19:31.616+0800: 78.187: [scrub symbol table, 0.0655915 secs]2021-12-27T09:19:31.685+0800: 78.257: [scrub string table, 0.0054480 secs][1 CMS-remark: 23762K(106496K)] 49737K(154432K), 0.2136478 secs] [Times: user=0.03 sys=0.01, real=0.22 secs] 
2021-12-27T09:19:31.737+0800: 78.309: [CMS-concurrent-sweep-start]
2021-12-27T09:19:31.823+0800: 78.395: [CMS-concurrent-sweep: 0.086/0.086 secs] [Times: user=0.02 sys=0.00, real=0.09 secs] 
2021-12-27T09:19:31.836+0800: 78.408: [CMS-concurrent-reset-start]
2021-12-27T09:19:31.854+0800: 78.426: [CMS-concurrent-reset: 0.018/0.018 secs] [Times: user=0.01 sys=0.00, real=0.02 secs] 
2021-12-27T09:19:32.484+0800: 79.055: Application time: 0.7810083 seconds
{Heap before GC invocations=44 (full 2):
 par new generation   total 47936K, used 46296K [0x0000000724400000, 0x0000000727800000, 0x00000007390c0000)
  eden space 42624K, 100% used [0x0000000724400000, 0x0000000726da0000, 0x0000000726da0000)
  from space 5312K,  69% used [0x0000000726da0000, 0x0000000727136288, 0x00000007272d0000)
  to   space 5312K,   0% used [0x00000007272d0000, 0x00000007272d0000, 0x0000000727800000)
 concurrent mark-sweep generation total 106496K, used 11569K [0x00000007390c0000, 0x000000073f8c0000, 0x00000007c0000000)
 Metaspace       used 40121K, capacity 41946K, committed 42300K, reserved 1085440K
  class space    used 5133K, capacity 5469K, committed 5600K, reserved 1048576K
2021-12-27T09:19:32.484+0800: 79.056: [GC (Allocation Failure) 2021-12-27T09:19:32.485+0800: 79.056: [ParNew: 46296K->3647K(47936K), 0.0516976 secs] 57866K->15932K(154432K), 0.0525040 secs] [Times: user=0.02 sys=0.00, real=0.05 secs] 
Heap after GC invocations=45 (full 2):
 par new generation   total 47936K, used 3647K [0x0000000724400000, 0x0000000727800000, 0x00000007390c0000)
  eden space 42624K,   0% used [0x0000000724400000, 0x0000000724400000, 0x0000000726da0000)
  from space 5312K,  68% used [0x00000007272d0000, 0x000000072765fe58, 0x0000000727800000)
  to   space 5312K,   0% used [0x0000000726da0000, 0x0000000726da0000, 0x00000007272d0000)
 concurrent mark-sweep generation total 106496K, used 12284K [0x00000007390c0000, 0x000000073f8c0000, 0x00000007c0000000)
 Metaspace       used 40121K, capacity 41946K, committed 42300K, reserved 1085440K
  class space    used 5133K, capacity 5469K, committed 5600K, reserved 1048576K
}
2021-12-27T09:19:32.540+0800: 79.112: Application time: 0.0019134 seconds
2021-12-27T09:19:33.545+0800: 80.116: Application time: 1.0043193 seconds
2021-12-27T09:19:34.547+0800: 81.118: Application time: 1.0018645 seconds
2021-12-27T09:19:34.736+0800: 81.308: Application time: 0.1664779 seconds
{Heap before GC invocations=45 (full 2):
 par new generation   total 47936K, used 46271K [0x0000000724400000, 0x0000000727800000, 0x00000007390c0000)
  eden space 42624K, 100% used [0x0000000724400000, 0x0000000726da0000, 0x0000000726da0000)
  from space 5312K,  68% used [0x00000007272d0000, 0x000000072765fe58, 0x0000000727800000)
  to   space 5312K,   0% used [0x0000000726da0000, 0x0000000726da0000, 0x00000007272d0000)
 concurrent mark-sweep generation total 106496K, used 12284K [0x00000007390c0000, 0x000000073f8c0000, 0x00000007c0000000)
 Metaspace       used 41638K, capacity 43814K, committed 44000K, reserved 1087488K
  class space    used 5359K, capacity 5747K, committed 5856K, reserved 1048576K
2021-12-27T09:19:34.737+0800: 81.309: [GC (Allocation Failure) 2021-12-27T09:19:34.738+0800: 81.310: [ParNew: 46271K->3353K(47936K), 0.0750242 secs] 58556K->16962K(154432K), 0.0837228 secs] [Times: user=0.03 sys=0.00, real=0.09 secs] 
Heap after GC invocations=46 (full 2):
 par new generation   total 47936K, used 3353K [0x0000000724400000, 0x0000000727800000, 0x00000007390c0000)
  eden space 42624K,   0% used [0x0000000724400000, 0x0000000724400000, 0x0000000726da0000)
  from space 5312K,  63% used [0x0000000726da0000, 0x00000007270e64a0, 0x00000007272d0000)
  to   space 5312K,   0% used [0x00000007272d0000, 0x00000007272d0000, 0x0000000727800000)
 concurrent mark-sweep generation total 106496K, used 13609K [0x00000007390c0000, 0x000000073f8c0000, 0x00000007c0000000)
 Metaspace       used 41638K, capacity 43814K, committed 44000K, reserved 1087488K
  class space    used 5359K, capacity 5747K, committed 5856K, reserved 1048576K
}
2021-12-27T09:19:34.995+0800: 81.566: Application time: 0.1729603 seconds
2021-12-27T09:19:35.440+0800: 82.012: Application time: 0.4441389 seconds
2021-12-27T09:19:35.851+0800: 82.423: Application time: 0.4114377 seconds
2021-12-27T09:19:36.215+0800: 82.787: Application time: 0.3630323 seconds
2021-12-27T09:19:36.216+0800: 82.791: Application time: 0.0040844 seconds
2021-12-27T09:19:37.154+0800: 83.749: Application time: 0.9559444 seconds
{Heap before GC invocations=46 (full 2):
 par new generation   total 47936K, used 45977K [0x0000000724400000, 0x0000000727800000, 0x00000007390c0000)
  eden space 42624K, 100% used [0x0000000724400000, 0x0000000726da0000, 0x0000000726da0000)
  from space 5312K,  63% used [0x0000000726da0000, 0x00000007270e64a0, 0x00000007272d0000)
  to   space 5312K,   0% used [0x00000007272d0000, 0x00000007272d0000, 0x0000000727800000)
 concurrent mark-sweep generation total 106496K, used 13609K [0x00000007390c0000, 0x000000073f8c0000, 0x00000007c0000000)
 Metaspace       used 43956K, capacity 46236K, committed 46560K, reserved 1089536K
  class space    used 5601K, capacity 6012K, committed 6112K, reserved 1048576K
2021-12-27T09:19:37.154+0800: 83.749: [GC (Allocation Failure) 2021-12-27T09:19:37.159+0800: 83.754: [ParNew: 45977K->4205K(47936K), 0.0665068 secs] 59586K->18705K(154432K), 0.0751403 secs] [Times: user=0.02 sys=0.00, real=0.08 secs] 
Heap after GC invocations=47 (full 2):
 par new generation   total 47936K, used 4205K [0x0000000724400000, 0x0000000727800000, 0x00000007390c0000)
  eden space 42624K,   0% used [0x0000000724400000, 0x0000000724400000, 0x0000000726da0000)
  from space 5312K,  79% used [0x00000007272d0000, 0x00000007276eb738, 0x0000000727800000)
  to   space 5312K,   0% used [0x0000000726da0000, 0x0000000726da0000, 0x00000007272d0000)
 concurrent mark-sweep generation total 106496K, used 14499K [0x00000007390c0000, 0x000000073f8c0000, 0x00000007c0000000)
 Metaspace       used 43956K, capacity 46236K, committed 46560K, reserved 1089536K
  class space    used 5601K, capacity 6012K, committed 6112K, reserved 1048576K
}
2021-12-27T09:19:37.558+0800: 84.153: Application time: 0.3247889 seconds
2021-12-27T09:19:38.410+0800: 85.005: Application time: 0.8513725 seconds
2021-12-27T09:19:38.625+0800: 85.220: Application time: 0.2144759 seconds
{Heap before GC invocations=47 (full 2):
 par new generation   total 47936K, used 46829K [0x0000000724400000, 0x0000000727800000, 0x00000007390c0000)
  eden space 42624K, 100% used [0x0000000724400000, 0x0000000726da0000, 0x0000000726da0000)
  from space 5312K,  79% used [0x00000007272d0000, 0x00000007276eb738, 0x0000000727800000)
  to   space 5312K,   0% used [0x0000000726da0000, 0x0000000726da0000, 0x00000007272d0000)
 concurrent mark-sweep generation total 106496K, used 14499K [0x00000007390c0000, 0x000000073f8c0000, 0x00000007c0000000)
 Metaspace       used 44423K, capacity 46634K, committed 46816K, reserved 1089536K
  class space    used 5668K, capacity 6075K, committed 6112K, reserved 1048576K
2021-12-27T09:19:38.626+0800: 85.221: [GC (Allocation Failure) 2021-12-27T09:19:38.627+0800: 85.222: [ParNew: 46829K->3879K(47936K), 0.0662432 secs] 61329K->19361K(154432K), 0.0677204 secs] [Times: user=0.02 sys=0.00, real=0.07 secs] 
Heap after GC invocations=48 (full 2):
 par new generation   total 47936K, used 3879K [0x0000000724400000, 0x0000000727800000, 0x00000007390c0000)
  eden space 42624K,   0% used [0x0000000724400000, 0x0000000724400000, 0x0000000726da0000)
  from space 5312K,  73% used [0x0000000726da0000, 0x0000000727169ec0, 0x00000007272d0000)
  to   space 5312K,   0% used [0x00000007272d0000, 0x00000007272d0000, 0x0000000727800000)
 concurrent mark-sweep generation total 106496K, used 15481K [0x00000007390c0000, 0x000000073f8c0000, 0x00000007c0000000)
 Metaspace       used 44423K, capacity 46634K, committed 46816K, reserved 1089536K
  class space    used 5668K, capacity 6075K, committed 6112K, reserved 1048576K
}
2021-12-27T09:19:39.695+0800: 86.290: Application time: 1.0003178 seconds
2021-12-27T09:19:39.776+0800: 86.371: Application time: 0.0803975 seconds
{Heap before GC invocations=48 (full 2):
 par new generation   total 47936K, used 46503K [0x0000000724400000, 0x0000000727800000, 0x00000007390c0000)
  eden space 42624K, 100% used [0x0000000724400000, 0x0000000726da0000, 0x0000000726da0000)
  from space 5312K,  73% used [0x0000000726da0000, 0x0000000727169ec0, 0x00000007272d0000)
  to   space 5312K,   0% used [0x00000007272d0000, 0x00000007272d0000, 0x0000000727800000)
 concurrent mark-sweep generation total 106496K, used 15481K [0x00000007390c0000, 0x000000073f8c0000, 0x00000007c0000000)
 Metaspace       used 45569K, capacity 47878K, committed 47968K, reserved 1091584K
  class space    used 5803K, capacity 6221K, committed 6240K, reserved 1048576K
2021-12-27T09:19:39.777+0800: 86.371: [GC (Allocation Failure) 2021-12-27T09:19:39.777+0800: 86.372: [ParNew: 46503K->2352K(47936K), 0.0463134 secs] 61985K->18866K(154432K), 0.0471670 secs] [Times: user=0.02 sys=0.00, real=0.05 secs] 
Heap after GC invocations=49 (full 2):
 par new generation   total 47936K, used 2352K [0x0000000724400000, 0x0000000727800000, 0x00000007390c0000)
  eden space 42624K,   0% used [0x0000000724400000, 0x0000000724400000, 0x0000000726da0000)
  from space 5312K,  44% used [0x00000007272d0000, 0x000000072751c248, 0x0000000727800000)
  to   space 5312K,   0% used [0x0000000726da0000, 0x0000000726da0000, 0x00000007272d0000)
 concurrent mark-sweep generation total 106496K, used 16514K [0x00000007390c0000, 0x000000073f8c0000, 0x00000007c0000000)
 Metaspace       used 45569K, capacity 47878K, committed 47968K, reserved 1091584K
  class space    used 5803K, capacity 6221K, committed 6240K, reserved 1048576K
}
2021-12-27T09:19:40.225+0800: 86.819: Application time: 0.4000880 seconds
2021-12-27T09:19:40.518+0800: 87.113: Application time: 0.2931220 seconds
2021-12-27T09:19:40.594+0800: 87.189: Application time: 0.0751697 seconds
2021-12-27T09:19:40.658+0800: 87.253: Application time: 0.0544215 seconds
2021-12-27T09:19:40.739+0800: 87.339: Application time: 0.0852108 seconds
2021-12-27T09:19:41.125+0800: 87.719: Application time: 0.3805128 seconds
2021-12-27T09:19:41.136+0800: 87.730: Application time: 0.0105758 seconds
2021-12-27T09:19:41.365+0800: 87.960: Application time: 0.2291869 seconds
2021-12-27T09:19:41.641+0800: 88.236: Application time: 0.2755763 seconds
2021-12-27T09:19:41.993+0800: 88.588: Application time: 0.3515967 seconds
2021-12-27T09:19:42.007+0800: 88.602: Application time: 0.0139685 seconds
2021-12-27T09:19:42.024+0800: 88.619: Application time: 0.0028080 seconds
2021-12-27T09:19:42.036+0800: 88.631: Application time: 0.0000653 seconds
2021-12-27T09:19:42.037+0800: 88.631: Application time: 0.0000284 seconds
2021-12-27T09:19:42.037+0800: 88.632: Application time: 0.0000200 seconds
2021-12-27T09:19:42.037+0800: 88.632: Application time: 0.0000288 seconds
2021-12-27T09:19:42.037+0800: 88.632: Application time: 0.0000274 seconds
2021-12-27T09:19:42.037+0800: 88.632: Application time: 0.0000263 seconds
2021-12-27T09:19:42.037+0800: 88.633: Application time: 0.0012785 seconds
2021-12-27T09:19:42.039+0800: 88.633: Application time: 0.0000535 seconds
2021-12-27T09:19:42.045+0800: 88.640: Application time: 0.0063231 seconds
2021-12-27T09:19:42.061+0800: 88.656: Application time: 0.0001766 seconds
2021-12-27T09:19:42.069+0800: 88.664: Application time: 0.0003311 seconds
2021-12-27T09:19:42.069+0800: 88.664: Application time: 0.0000273 seconds
2021-12-27T09:19:42.069+0800: 88.664: Application time: 0.0000289 seconds
2021-12-27T09:19:42.093+0800: 88.688: Application time: 0.0242829 seconds
2021-12-27T09:19:42.111+0800: 88.706: Application time: 0.0005421 seconds
2021-12-27T09:19:42.113+0800: 88.708: Application time: 0.0018507 seconds
2021-12-27T09:19:42.114+0800: 88.709: Application time: 0.0002843 seconds
2021-12-27T09:19:42.114+0800: 88.709: Application time: 0.0000476 seconds
2021-12-27T09:19:42.379+0800: 88.974: Application time: 0.2571410 seconds
{Heap before GC invocations=49 (full 2):
 par new generation   total 47936K, used 44976K [0x0000000724400000, 0x0000000727800000, 0x00000007390c0000)
  eden space 42624K, 100% used [0x0000000724400000, 0x0000000726da0000, 0x0000000726da0000)
  from space 5312K,  44% used [0x00000007272d0000, 0x000000072751c248, 0x0000000727800000)
  to   space 5312K,   0% used [0x0000000726da0000, 0x0000000726da0000, 0x00000007272d0000)
 concurrent mark-sweep generation total 106496K, used 16514K [0x00000007390c0000, 0x000000073f8c0000, 0x00000007c0000000)
 Metaspace       used 50099K, capacity 52538K, committed 52832K, reserved 1095680K
  class space    used 6258K, capacity 6695K, committed 6752K, reserved 1048576K
2021-12-27T09:19:42.393+0800: 88.987: [GC (Allocation Failure) 2021-12-27T09:19:42.393+0800: 88.988: [ParNew: 44976K->5312K(47936K), 0.0581140 secs] 61490K->22810K(154432K), 0.0592500 secs] [Times: user=0.01 sys=0.00, real=0.06 secs] 
Heap after GC invocations=50 (full 2):
 par new generation   total 47936K, used 5312K [0x0000000724400000, 0x0000000727800000, 0x00000007390c0000)
  eden space 42624K,   0% used [0x0000000724400000, 0x0000000724400000, 0x0000000726da0000)
  from space 5312K, 100% used [0x0000000726da0000, 0x00000007272d0000, 0x00000007272d0000)
  to   space 5312K,   0% used [0x00000007272d0000, 0x00000007272d0000, 0x0000000727800000)
 concurrent mark-sweep generation total 106496K, used 17498K [0x00000007390c0000, 0x000000073f8c0000, 0x00000007c0000000)
 Metaspace       used 50099K, capacity 52538K, committed 52832K, reserved 1095680K
  class space    used 6258K, capacity 6695K, committed 6752K, reserved 1048576K
}
2021-12-27T09:19:42.454+0800: 89.048: Application time: 0.0009331 seconds
2021-12-27T09:19:42.454+0800: 89.049: Application time: 0.0002119 seconds
2021-12-27T09:19:42.455+0800: 89.049: Application time: 0.0001495 seconds
2021-12-27T09:19:43.456+0800: 90.051: Application time: 1.0008445 seconds
2021-12-27T09:19:43.596+0800: 90.192: Application time: 0.1338197 seconds
{Heap before GC invocations=50 (full 2):
 par new generation   total 47936K, used 47936K [0x0000000724400000, 0x0000000727800000, 0x00000007390c0000)
  eden space 42624K, 100% used [0x0000000724400000, 0x0000000726da0000, 0x0000000726da0000)
  from space 5312K, 100% used [0x0000000726da0000, 0x00000007272d0000, 0x00000007272d0000)
  to   space 5312K,   0% used [0x00000007272d0000, 0x00000007272d0000, 0x0000000727800000)
 concurrent mark-sweep generation total 106496K, used 17498K [0x00000007390c0000, 0x000000073f8c0000, 0x00000007c0000000)
 Metaspace       used 51313K, capacity 53792K, committed 53984K, reserved 1095680K
  class space    used 6377K, capacity 6830K, committed 6880K, reserved 1048576K
2021-12-27T09:19:43.597+0800: 90.192: [GC (Allocation Failure) 2021-12-27T09:19:43.598+0800: 90.193: [ParNew: 47936K->4439K(47936K), 0.0944124 secs] 65434K->26575K(154432K), 0.1047563 secs] [Times: user=0.03 sys=0.00, real=0.11 secs] 
Heap after GC invocations=51 (full 2):
 par new generation   total 47936K, used 4439K [0x0000000724400000, 0x0000000727800000, 0x00000007390c0000)
  eden space 42624K,   0% used [0x0000000724400000, 0x0000000724400000, 0x0000000726da0000)
  from space 5312K,  83% used [0x00000007272d0000, 0x0000000727725de8, 0x0000000727800000)
  to   space 5312K,   0% used [0x0000000726da0000, 0x0000000726da0000, 0x00000007272d0000)
 concurrent mark-sweep generation total 106496K, used 22136K [0x00000007390c0000, 0x000000073f8c0000, 0x00000007c0000000)
 Metaspace       used 51313K, capacity 53792K, committed 53984K, reserved 1095680K
  class space    used 6377K, capacity 6830K, committed 6880K, reserved 1048576K
}
2021-12-27T09:19:44.243+0800: 90.837: Application time: 0.5392087 seconds
{Heap before GC invocations=51 (full 2):
 par new generation   total 47936K, used 47063K [0x0000000724400000, 0x0000000727800000, 0x00000007390c0000)
  eden space 42624K, 100% used [0x0000000724400000, 0x0000000726da0000, 0x0000000726da0000)
  from space 5312K,  83% used [0x00000007272d0000, 0x0000000727725de8, 0x0000000727800000)
  to   space 5312K,   0% used [0x0000000726da0000, 0x0000000726da0000, 0x00000007272d0000)
 concurrent mark-sweep generation total 106496K, used 22136K [0x00000007390c0000, 0x000000073f8c0000, 0x00000007c0000000)
 Metaspace       used 51863K, capacity 54304K, committed 54624K, reserved 1097728K
  class space    used 6466K, capacity 6894K, committed 7008K, reserved 1048576K
2021-12-27T09:19:44.243+0800: 90.838: [GC (Allocation Failure) 2021-12-27T09:19:44.244+0800: 90.838: [ParNew: 47063K->2601K(47936K), 0.0581898 secs] 69199K->24737K(154432K), 0.0591727 secs] [Times: user=0.02 sys=0.00, real=0.06 secs] 
Heap after GC invocations=52 (full 2):
 par new generation   total 47936K, used 2601K [0x0000000724400000, 0x0000000727800000, 0x00000007390c0000)
  eden space 42624K,   0% used [0x0000000724400000, 0x0000000724400000, 0x0000000726da0000)
  from space 5312K,  48% used [0x0000000726da0000, 0x000000072702a730, 0x00000007272d0000)
  to   space 5312K,   0% used [0x00000007272d0000, 0x00000007272d0000, 0x0000000727800000)
 concurrent mark-sweep generation total 106496K, used 22136K [0x00000007390c0000, 0x000000073f8c0000, 0x00000007c0000000)
 Metaspace       used 51863K, capacity 54304K, committed 54624K, reserved 1097728K
  class space    used 6466K, capacity 6894K, committed 7008K, reserved 1048576K
}
2021-12-27T09:19:44.723+0800: 91.318: Application time: 0.4201724 seconds
{Heap before GC invocations=52 (full 2):
 par new generation   total 47936K, used 45225K [0x0000000724400000, 0x0000000727800000, 0x00000007390c0000)
  eden space 42624K, 100% used [0x0000000724400000, 0x0000000726da0000, 0x0000000726da0000)
  from space 5312K,  48% used [0x0000000726da0000, 0x000000072702a730, 0x00000007272d0000)
  to   space 5312K,   0% used [0x00000007272d0000, 0x00000007272d0000, 0x0000000727800000)
 concurrent mark-sweep generation total 106496K, used 22136K [0x00000007390c0000, 0x000000073f8c0000, 0x00000007c0000000)
 Metaspace       used 52414K, capacity 54882K, committed 55264K, reserved 1097728K
  class space    used 6573K, capacity 7023K, committed 7136K, reserved 1048576K
2021-12-27T09:19:44.724+0800: 91.319: [GC (Allocation Failure) 2021-12-27T09:19:44.725+0800: 91.319: [ParNew: 45225K->1919K(47936K), 0.0294034 secs] 67361K->24055K(154432K), 0.0305128 secs] [Times: user=0.01 sys=0.00, real=0.03 secs] 
Heap after GC invocations=53 (full 2):
 par new generation   total 47936K, used 1919K [0x0000000724400000, 0x0000000727800000, 0x00000007390c0000)
  eden space 42624K,   0% used [0x0000000724400000, 0x0000000724400000, 0x0000000726da0000)
  from space 5312K,  36% used [0x00000007272d0000, 0x00000007274afde0, 0x0000000727800000)
  to   space 5312K,   0% used [0x0000000726da0000, 0x0000000726da0000, 0x00000007272d0000)
 concurrent mark-sweep generation total 106496K, used 22136K [0x00000007390c0000, 0x000000073f8c0000, 0x00000007c0000000)
 Metaspace       used 52414K, capacity 54882K, committed 55264K, reserved 1097728K
  class space    used 6573K, capacity 7023K, committed 7136K, reserved 1048576K
}
2021-12-27T09:19:45.472+0800: 92.067: Application time: 0.7165766 seconds
{Heap before GC invocations=53 (full 2):
 par new generation   total 47936K, used 44543K [0x0000000724400000, 0x0000000727800000, 0x00000007390c0000)
  eden space 42624K, 100% used [0x0000000724400000, 0x0000000726da0000, 0x0000000726da0000)
  from space 5312K,  36% used [0x00000007272d0000, 0x00000007274afde0, 0x0000000727800000)
  to   space 5312K,   0% used [0x0000000726da0000, 0x0000000726da0000, 0x00000007272d0000)
 concurrent mark-sweep generation total 106496K, used 22136K [0x00000007390c0000, 0x000000073f8c0000, 0x00000007c0000000)
 Metaspace       used 53300K, capacity 55824K, committed 56160K, reserved 1097728K
  class space    used 6731K, capacity 7196K, committed 7264K, reserved 1048576K
2021-12-27T09:19:45.480+0800: 92.075: [GC (Allocation Failure) 2021-12-27T09:19:45.482+0800: 92.077: [ParNew: 44543K->2522K(47936K), 0.0185981 secs] 66679K->24658K(154432K), 0.0214803 secs] [Times: user=0.01 sys=0.00, real=0.02 secs] 
Heap after GC invocations=54 (full 2):
 par new generation   total 47936K, used 2522K [0x0000000724400000, 0x0000000727800000, 0x00000007390c0000)
  eden space 42624K,   0% used [0x0000000724400000, 0x0000000724400000, 0x0000000726da0000)
  from space 5312K,  47% used [0x0000000726da0000, 0x0000000727016968, 0x00000007272d0000)
  to   space 5312K,   0% used [0x00000007272d0000, 0x00000007272d0000, 0x0000000727800000)
 concurrent mark-sweep generation total 106496K, used 22136K [0x00000007390c0000, 0x000000073f8c0000, 0x00000007c0000000)
 Metaspace       used 53300K, capacity 55824K, committed 56160K, reserved 1097728K
  class space    used 6731K, capacity 7196K, committed 7264K, reserved 1048576K
}
2021-12-27T09:19:45.959+0800: 92.554: Application time: 0.4573168 seconds
2021-12-27T09:19:46.448+0800: 93.043: Application time: 0.4885910 seconds
{Heap before GC invocations=54 (full 2):
 par new generation   total 47936K, used 45146K [0x0000000724400000, 0x0000000727800000, 0x00000007390c0000)
  eden space 42624K, 100% used [0x0000000724400000, 0x0000000726da0000, 0x0000000726da0000)
  from space 5312K,  47% used [0x0000000726da0000, 0x0000000727016968, 0x00000007272d0000)
  to   space 5312K,   0% used [0x00000007272d0000, 0x00000007272d0000, 0x0000000727800000)
 concurrent mark-sweep generation total 106496K, used 22136K [0x00000007390c0000, 0x000000073f8c0000, 0x00000007c0000000)
 Metaspace       used 55203K, capacity 57752K, committed 58080K, reserved 1099776K
  class space    used 7137K, capacity 7626K, committed 7648K, reserved 1048576K
2021-12-27T09:19:46.456+0800: 93.051: [GC (Allocation Failure) 2021-12-27T09:19:46.457+0800: 93.052: [ParNew: 45146K->2913K(47936K), 0.0229467 secs] 67282K->25049K(154432K), 0.0239709 secs] [Times: user=0.01 sys=0.00, real=0.03 secs] 
Heap after GC invocations=55 (full 2):
 par new generation   total 47936K, used 2913K [0x0000000724400000, 0x0000000727800000, 0x00000007390c0000)
  eden space 42624K,   0% used [0x0000000724400000, 0x0000000724400000, 0x0000000726da0000)
  from space 5312K,  54% used [0x00000007272d0000, 0x00000007275a8650, 0x0000000727800000)
  to   space 5312K,   0% used [0x0000000726da0000, 0x0000000726da0000, 0x00000007272d0000)
 concurrent mark-sweep generation total 106496K, used 22136K [0x00000007390c0000, 0x000000073f8c0000, 0x00000007c0000000)
 Metaspace       used 55203K, capacity 57752K, committed 58080K, reserved 1099776K
  class space    used 7137K, capacity 7626K, committed 7648K, reserved 1048576K
}
2021-12-27T09:19:47.363+0800: 93.958: Application time: 0.8822570 seconds
2021-12-27T09:19:47.411+0800: 94.006: Application time: 0.0473582 seconds
2021-12-27T09:19:47.702+0800: 94.297: Application time: 0.2899068 seconds
{Heap before GC invocations=55 (full 2):
 par new generation   total 47936K, used 45537K [0x0000000724400000, 0x0000000727800000, 0x00000007390c0000)
  eden space 42624K, 100% used [0x0000000724400000, 0x0000000726da0000, 0x0000000726da0000)
  from space 5312K,  54% used [0x00000007272d0000, 0x00000007275a8650, 0x0000000727800000)
  to   space 5312K,   0% used [0x0000000726da0000, 0x0000000726da0000, 0x00000007272d0000)
 concurrent mark-sweep generation total 106496K, used 22136K [0x00000007390c0000, 0x000000073f8c0000, 0x00000007c0000000)
 Metaspace       used 57082K, capacity 59624K, committed 59872K, reserved 1101824K
  class space    used 7386K, capacity 7858K, committed 7904K, reserved 1048576K
2021-12-27T09:19:47.718+0800: 94.313: [GC (Allocation Failure) 2021-12-27T09:19:47.718+0800: 94.313: [ParNew: 45537K->3327K(47936K), 0.0416756 secs] 67673K->25463K(154432K), 0.0429454 secs] [Times: user=0.01 sys=0.00, real=0.05 secs] 
Heap after GC invocations=56 (full 2):
 par new generation   total 47936K, used 3327K [0x0000000724400000, 0x0000000727800000, 0x00000007390c0000)
  eden space 42624K,   0% used [0x0000000724400000, 0x0000000724400000, 0x0000000726da0000)
  from space 5312K,  62% used [0x0000000726da0000, 0x00000007270dfcc0, 0x00000007272d0000)
  to   space 5312K,   0% used [0x00000007272d0000, 0x00000007272d0000, 0x0000000727800000)
 concurrent mark-sweep generation total 106496K, used 22136K [0x00000007390c0000, 0x000000073f8c0000, 0x00000007c0000000)
 Metaspace       used 57082K, capacity 59624K, committed 59872K, reserved 1101824K
  class space    used 7386K, capacity 7858K, committed 7904K, reserved 1048576K
}
2021-12-27T09:19:48.564+0800: 95.159: Application time: 0.8028697 seconds
2021-12-27T09:19:48.764+0800: 95.359: Application time: 0.1986153 seconds
2021-12-27T09:19:48.782+0800: 95.377: Application time: 0.0184705 seconds
2021-12-27T09:19:48.819+0800: 95.414: Application time: 0.0366300 seconds
{Heap before GC invocations=56 (full 2):
 par new generation   total 47936K, used 45951K [0x0000000724400000, 0x0000000727800000, 0x00000007390c0000)
  eden space 42624K, 100% used [0x0000000724400000, 0x0000000726da0000, 0x0000000726da0000)
  from space 5312K,  62% used [0x0000000726da0000, 0x00000007270dfcc0, 0x00000007272d0000)
  to   space 5312K,   0% used [0x00000007272d0000, 0x00000007272d0000, 0x0000000727800000)
 concurrent mark-sweep generation total 106496K, used 22136K [0x00000007390c0000, 0x000000073f8c0000, 0x00000007c0000000)
 Metaspace       used 58623K, capacity 61176K, committed 61408K, reserved 1101824K
  class space    used 7575K, capacity 8054K, committed 8160K, reserved 1048576K
2021-12-27T09:19:48.822+0800: 95.417: [GC (Allocation Failure) 2021-12-27T09:19:48.823+0800: 95.418: [ParNew: 45951K->4109K(47936K), 0.0575177 secs] 68087K->26245K(154432K), 0.0586334 secs] [Times: user=0.02 sys=0.00, real=0.06 secs] 
Heap after GC invocations=57 (full 2):
 par new generation   total 47936K, used 4109K [0x0000000724400000, 0x0000000727800000, 0x00000007390c0000)
  eden space 42624K,   0% used [0x0000000724400000, 0x0000000724400000, 0x0000000726da0000)
  from space 5312K,  77% used [0x00000007272d0000, 0x00000007276d36b0, 0x0000000727800000)
  to   space 5312K,   0% used [0x0000000726da0000, 0x0000000726da0000, 0x00000007272d0000)
 concurrent mark-sweep generation total 106496K, used 22136K [0x00000007390c0000, 0x000000073f8c0000, 0x00000007c0000000)
 Metaspace       used 58623K, capacity 61176K, committed 61408K, reserved 1101824K
  class space    used 7575K, capacity 8054K, committed 8160K, reserved 1048576K
}
2021-12-27T09:19:48.893+0800: 95.488: Application time: 0.0115754 seconds
2021-12-27T09:19:49.011+0800: 95.606: Application time: 0.1178338 seconds
2021-12-27T09:19:49.016+0800: 95.611: Application time: 0.0049120 seconds
2021-12-27T09:19:49.107+0800: 95.702: Application time: 0.0909750 seconds
2021-12-27T09:19:49.120+0800: 95.716: Application time: 0.0135909 seconds
2021-12-27T09:19:49.508+0800: 96.103: Application time: 0.3871980 seconds
2021-12-27T09:19:49.591+0800: 96.186: Application time: 0.0828837 seconds
2021-12-27T09:19:49.616+0800: 96.211: Application time: 0.0246752 seconds
2021-12-27T09:19:50.315+0800: 96.910: Application time: 0.6991090 seconds
{Heap before GC invocations=57 (full 2):
 par new generation   total 47936K, used 46733K [0x0000000724400000, 0x0000000727800000, 0x00000007390c0000)
  eden space 42624K, 100% used [0x0000000724400000, 0x0000000726da0000, 0x0000000726da0000)
  from space 5312K,  77% used [0x00000007272d0000, 0x00000007276d36b0, 0x0000000727800000)
  to   space 5312K,   0% used [0x0000000726da0000, 0x0000000726da0000, 0x00000007272d0000)
 concurrent mark-sweep generation total 106496K, used 22136K [0x00000007390c0000, 0x000000073f8c0000, 0x00000007c0000000)
 Metaspace       used 60275K, capacity 62894K, committed 63072K, reserved 1103872K
  class space    used 7782K, capacity 8271K, committed 8288K, reserved 1048576K
2021-12-27T09:19:50.331+0800: 96.926: [GC (Allocation Failure) 2021-12-27T09:19:50.332+0800: 96.926: [ParNew: 46733K->3412K(47936K), 0.0664984 secs] 68869K->26381K(154432K), 0.0770346 secs] [Times: user=0.03 sys=0.01, real=0.08 secs] 
Heap after GC invocations=58 (full 2):
 par new generation   total 47936K, used 3412K [0x0000000724400000, 0x0000000727800000, 0x00000007390c0000)
  eden space 42624K,   0% used [0x0000000724400000, 0x0000000724400000, 0x0000000726da0000)
  from space 5312K,  64% used [0x0000000726da0000, 0x00000007270f52c0, 0x00000007272d0000)
  to   space 5312K,   0% used [0x00000007272d0000, 0x00000007272d0000, 0x0000000727800000)
 concurrent mark-sweep generation total 106496K, used 22968K [0x00000007390c0000, 0x000000073f8c0000, 0x00000007c0000000)
 Metaspace       used 60275K, capacity 62894K, committed 63072K, reserved 1103872K
  class space    used 7782K, capacity 8271K, committed 8288K, reserved 1048576K
}
2021-12-27T09:19:50.954+0800: 97.549: Application time: 0.5426040 seconds
{Heap before GC invocations=58 (full 2):
 par new generation   total 47936K, used 46036K [0x0000000724400000, 0x0000000727800000, 0x00000007390c0000)
  eden space 42624K, 100% used [0x0000000724400000, 0x0000000726da0000, 0x0000000726da0000)
  from space 5312K,  64% used [0x0000000726da0000, 0x00000007270f52c0, 0x00000007272d0000)
  to   space 5312K,   0% used [0x00000007272d0000, 0x00000007272d0000, 0x0000000727800000)
 concurrent mark-sweep generation total 106496K, used 22968K [0x00000007390c0000, 0x000000073f8c0000, 0x00000007c0000000)
 Metaspace       used 60829K, capacity 63476K, committed 63712K, reserved 1103872K
  class space    used 7923K, capacity 8400K, committed 8416K, reserved 1048576K
2021-12-27T09:19:50.957+0800: 97.551: [GC (Allocation Failure) 2021-12-27T09:19:50.958+0800: 97.553: [ParNew: 46036K->3499K(47936K), 0.0478536 secs] 69005K->26468K(154432K), 0.0497805 secs] [Times: user=0.01 sys=0.00, real=0.05 secs] 
Heap after GC invocations=59 (full 2):
 par new generation   total 47936K, used 3499K [0x0000000724400000, 0x0000000727800000, 0x00000007390c0000)
  eden space 42624K,   0% used [0x0000000724400000, 0x0000000724400000, 0x0000000726da0000)
  from space 5312K,  65% used [0x00000007272d0000, 0x000000072763ad58, 0x0000000727800000)
  to   space 5312K,   0% used [0x0000000726da0000, 0x0000000726da0000, 0x00000007272d0000)
 concurrent mark-sweep generation total 106496K, used 22968K [0x00000007390c0000, 0x000000073f8c0000, 0x00000007c0000000)
 Metaspace       used 60829K, capacity 63476K, committed 63712K, reserved 1103872K
  class space    used 7923K, capacity 8400K, committed 8416K, reserved 1048576K
}
2021-12-27T09:19:51.598+0800: 98.193: Application time: 0.5910402 seconds
{Heap before GC invocations=59 (full 2):
 par new generation   total 47936K, used 46123K [0x0000000724400000, 0x0000000727800000, 0x00000007390c0000)
  eden space 42624K, 100% used [0x0000000724400000, 0x0000000726da0000, 0x0000000726da0000)
  from space 5312K,  65% used [0x00000007272d0000, 0x000000072763ad58, 0x0000000727800000)
  to   space 5312K,   0% used [0x0000000726da0000, 0x0000000726da0000, 0x00000007272d0000)
 concurrent mark-sweep generation total 106496K, used 22968K [0x00000007390c0000, 0x000000073f8c0000, 0x00000007c0000000)
 Metaspace       used 61387K, capacity 64020K, committed 64352K, reserved 1105920K
  class space    used 8023K, capacity 8496K, committed 8544K, reserved 1048576K
2021-12-27T09:19:51.601+0800: 98.196: [GC (Allocation Failure) 2021-12-27T09:19:51.602+0800: 98.197: [ParNew: 46123K->2710K(47936K), 0.0532993 secs] 69092K->25678K(154432K), 0.0547501 secs] [Times: user=0.01 sys=0.00, real=0.05 secs] 
Heap after GC invocations=60 (full 2):
 par new generation   total 47936K, used 2710K [0x0000000724400000, 0x0000000727800000, 0x00000007390c0000)
  eden space 42624K,   0% used [0x0000000724400000, 0x0000000724400000, 0x0000000726da0000)
  from space 5312K,  51% used [0x0000000726da0000, 0x00000007270458d8, 0x00000007272d0000)
  to   space 5312K,   0% used [0x00000007272d0000, 0x00000007272d0000, 0x0000000727800000)
 concurrent mark-sweep generation total 106496K, used 22968K [0x00000007390c0000, 0x000000073f8c0000, 0x00000007c0000000)
 Metaspace       used 61387K, capacity 64020K, committed 64352K, reserved 1105920K
  class space    used 8023K, capacity 8496K, committed 8544K, reserved 1048576K
}
2021-12-27T09:19:52.429+0800: 99.024: Application time: 0.7723700 seconds
{Heap before GC invocations=60 (full 2):
 par new generation   total 47936K, used 45334K [0x0000000724400000, 0x0000000727800000, 0x00000007390c0000)
  eden space 42624K, 100% used [0x0000000724400000, 0x0000000726da0000, 0x0000000726da0000)
  from space 5312K,  51% used [0x0000000726da0000, 0x00000007270458d8, 0x00000007272d0000)
  to   space 5312K,   0% used [0x00000007272d0000, 0x00000007272d0000, 0x0000000727800000)
 concurrent mark-sweep generation total 106496K, used 22968K [0x00000007390c0000, 0x000000073f8c0000, 0x00000007c0000000)
 Metaspace       used 62017K, capacity 64672K, committed 64992K, reserved 1105920K
  class space    used 8133K, capacity 8626K, committed 8672K, reserved 1048576K
2021-12-27T09:19:52.430+0800: 99.025: [GC (Allocation Failure) 2021-12-27T09:19:52.430+0800: 99.025: [ParNew: 45334K->3471K(47936K), 0.0561160 secs] 68302K->26546K(154432K), 0.0602769 secs] [Times: user=0.02 sys=0.00, real=0.06 secs] 
Heap after GC invocations=61 (full 2):
 par new generation   total 47936K, used 3471K [0x0000000724400000, 0x0000000727800000, 0x00000007390c0000)
  eden space 42624K,   0% used [0x0000000724400000, 0x0000000724400000, 0x0000000726da0000)
  from space 5312K,  65% used [0x00000007272d0000, 0x0000000727633cf8, 0x0000000727800000)
  to   space 5312K,   0% used [0x0000000726da0000, 0x0000000726da0000, 0x00000007272d0000)
 concurrent mark-sweep generation total 106496K, used 23075K [0x00000007390c0000, 0x000000073f8c0000, 0x00000007c0000000)
 Metaspace       used 62017K, capacity 64672K, committed 64992K, reserved 1105920K
  class space    used 8133K, capacity 8626K, committed 8672K, reserved 1048576K
}
2021-12-27T09:19:53.203+0800: 99.797: Application time: 0.7087020 seconds
2021-12-27T09:19:54.208+0800: 100.803: Application time: 1.0053848 seconds
2021-12-27T09:19:54.228+0800: 100.823: Application time: 0.0059590 seconds
{Heap before GC invocations=61 (full 2):
 par new generation   total 47936K, used 46095K [0x0000000724400000, 0x0000000727800000, 0x00000007390c0000)
  eden space 42624K, 100% used [0x0000000724400000, 0x0000000726da0000, 0x0000000726da0000)
  from space 5312K,  65% used [0x00000007272d0000, 0x0000000727633cf8, 0x0000000727800000)
  to   space 5312K,   0% used [0x0000000726da0000, 0x0000000726da0000, 0x00000007272d0000)
 concurrent mark-sweep generation total 106496K, used 23075K [0x00000007390c0000, 0x000000073f8c0000, 0x00000007c0000000)
 Metaspace       used 62924K, capacity 65594K, committed 65888K, reserved 1105920K
  class space    used 8225K, capacity 8735K, committed 8800K, reserved 1048576K
2021-12-27T09:19:54.234+0800: 100.829: [GC (Allocation Failure) 2021-12-27T09:19:54.236+0800: 100.830: [ParNew: 46095K->3930K(47936K), 0.0707809 secs] 69170K->27089K(154432K), 0.0729930 secs] [Times: user=0.02 sys=0.00, real=0.07 secs] 
Heap after GC invocations=62 (full 2):
 par new generation   total 47936K, used 3930K [0x0000000724400000, 0x0000000727800000, 0x00000007390c0000)
  eden space 42624K,   0% used [0x0000000724400000, 0x0000000724400000, 0x0000000726da0000)
  from space 5312K,  73% used [0x0000000726da0000, 0x0000000727176a28, 0x00000007272d0000)
  to   space 5312K,   0% used [0x00000007272d0000, 0x00000007272d0000, 0x0000000727800000)
 concurrent mark-sweep generation total 106496K, used 23159K [0x00000007390c0000, 0x000000073f8c0000, 0x00000007c0000000)
 Metaspace       used 62924K, capacity 65594K, committed 65888K, reserved 1105920K
  class space    used 8225K, capacity 8735K, committed 8800K, reserved 1048576K
}
2021-12-27T09:19:54.451+0800: 101.046: Application time: 0.1427738 seconds
2021-12-27T09:19:55.248+0800: 101.843: Application time: 0.7969745 seconds
{Heap before GC invocations=62 (full 2):
 par new generation   total 47936K, used 46554K [0x0000000724400000, 0x0000000727800000, 0x00000007390c0000)
  eden space 42624K, 100% used [0x0000000724400000, 0x0000000726da0000, 0x0000000726da0000)
  from space 5312K,  73% used [0x0000000726da0000, 0x0000000727176a28, 0x00000007272d0000)
  to   space 5312K,   0% used [0x00000007272d0000, 0x00000007272d0000, 0x0000000727800000)
 concurrent mark-sweep generation total 106496K, used 23159K [0x00000007390c0000, 0x000000073f8c0000, 0x00000007c0000000)
 Metaspace       used 64249K, capacity 66952K, committed 67296K, reserved 1107968K
  class space    used 8396K, capacity 8906K, committed 8928K, reserved 1048576K
2021-12-27T09:19:55.264+0800: 101.859: [GC (Allocation Failure) 2021-12-27T09:19:55.265+0800: 101.859: [ParNew: 46554K->5056K(47936K), 0.0604891 secs] 69713K->28396K(154432K), 0.0616133 secs] [Times: user=0.02 sys=0.00, real=0.06 secs] 
Heap after GC invocations=63 (full 2):
 par new generation   total 47936K, used 5056K [0x0000000724400000, 0x0000000727800000, 0x00000007390c0000)
  eden space 42624K,   0% used [0x0000000724400000, 0x0000000724400000, 0x0000000726da0000)
  from space 5312K,  95% used [0x00000007272d0000, 0x00000007277c0120, 0x0000000727800000)
  to   space 5312K,   0% used [0x0000000726da0000, 0x0000000726da0000, 0x00000007272d0000)
 concurrent mark-sweep generation total 106496K, used 23340K [0x00000007390c0000, 0x000000073f8c0000, 0x00000007c0000000)
 Metaspace       used 64249K, capacity 66952K, committed 67296K, reserved 1107968K
  class space    used 8396K, capacity 8906K, committed 8928K, reserved 1048576K
}
2021-12-27T09:19:56.282+0800: 102.877: Application time: 0.9555625 seconds
2021-12-27T09:19:56.547+0800: 103.142: Application time: 0.2646118 seconds
{Heap before GC invocations=63 (full 2):
 par new generation   total 47936K, used 47680K [0x0000000724400000, 0x0000000727800000, 0x00000007390c0000)
  eden space 42624K, 100% used [0x0000000724400000, 0x0000000726da0000, 0x0000000726da0000)
  from space 5312K,  95% used [0x00000007272d0000, 0x00000007277c0120, 0x0000000727800000)
  to   space 5312K,   0% used [0x0000000726da0000, 0x0000000726da0000, 0x00000007272d0000)
 concurrent mark-sweep generation total 106496K, used 23340K [0x00000007390c0000, 0x000000073f8c0000, 0x00000007c0000000)
 Metaspace       used 66210K, capacity 69414K, committed 69728K, reserved 1110016K
  class space    used 8679K, capacity 9245K, committed 9312K, reserved 1048576K
2021-12-27T09:19:56.554+0800: 103.148: [GC (Allocation Failure) 2021-12-27T09:19:56.554+0800: 103.149: [ParNew: 47680K->4067K(47936K), 0.0729442 secs] 71020K->28264K(154432K), 0.0741117 secs] [Times: user=0.02 sys=0.00, real=0.07 secs] 
Heap after GC invocations=64 (full 2):
 par new generation   total 47936K, used 4067K [0x0000000724400000, 0x0000000727800000, 0x00000007390c0000)
  eden space 42624K,   0% used [0x0000000724400000, 0x0000000724400000, 0x0000000726da0000)
  from space 5312K,  76% used [0x0000000726da0000, 0x0000000727198ff0, 0x00000007272d0000)
  to   space 5312K,   0% used [0x00000007272d0000, 0x00000007272d0000, 0x0000000727800000)
 concurrent mark-sweep generation total 106496K, used 24196K [0x00000007390c0000, 0x000000073f8c0000, 0x00000007c0000000)
 Metaspace       used 66210K, capacity 69414K, committed 69728K, reserved 1110016K
  class space    used 8679K, capacity 9245K, committed 9312K, reserved 1048576K
}
2021-12-27T09:19:56.953+0800: 103.548: Application time: 0.3242596 seconds
2021-12-27T09:19:57.134+0800: 103.729: Application time: 0.1809849 seconds
2021-12-27T09:19:57.381+0800: 103.976: Application time: 0.2470123 seconds
2021-12-27T09:19:57.648+0800: 104.243: Application time: 0.2672465 seconds
2021-12-27T09:19:58.003+0800: 104.598: Application time: 0.3552006 seconds
2021-12-27T09:19:58.218+0800: 104.813: Application time: 0.2141262 seconds
2021-12-27T09:19:58.329+0800: 104.924: Application time: 0.1113019 seconds
{Heap before GC invocations=64 (full 2):
 par new generation   total 47936K, used 46691K [0x0000000724400000, 0x0000000727800000, 0x00000007390c0000)
  eden space 42624K, 100% used [0x0000000724400000, 0x0000000726da0000, 0x0000000726da0000)
  from space 5312K,  76% used [0x0000000726da0000, 0x0000000727198ff0, 0x00000007272d0000)
  to   space 5312K,   0% used [0x00000007272d0000, 0x00000007272d0000, 0x0000000727800000)
 concurrent mark-sweep generation total 106496K, used 24196K [0x00000007390c0000, 0x000000073f8c0000, 0x00000007c0000000)
 Metaspace       used 68249K, capacity 71483K, committed 71776K, reserved 1112064K
  class space    used 8966K, capacity 9534K, committed 9592K, reserved 1048576K
2021-12-27T09:19:58.329+0800: 104.924: [GC (Allocation Failure) 2021-12-27T09:19:58.330+0800: 104.925: [ParNew: 46691K->3834K(47936K), 0.1184364 secs] 70888K->28795K(154432K), 0.1197578 secs] [Times: user=0.03 sys=0.00, real=0.12 secs] 
Heap after GC invocations=65 (full 2):
 par new generation   total 47936K, used 3834K [0x0000000724400000, 0x0000000727800000, 0x00000007390c0000)
  eden space 42624K,   0% used [0x0000000724400000, 0x0000000724400000, 0x0000000726da0000)
  from space 5312K,  72% used [0x00000007272d0000, 0x000000072768ea80, 0x0000000727800000)
  to   space 5312K,   0% used [0x0000000726da0000, 0x0000000726da0000, 0x00000007272d0000)
 concurrent mark-sweep generation total 106496K, used 24961K [0x00000007390c0000, 0x000000073f8c0000, 0x00000007c0000000)
 Metaspace       used 68249K, capacity 71483K, committed 71776K, reserved 1112064K
  class space    used 8966K, capacity 9534K, committed 9592K, reserved 1048576K
}
2021-12-27T09:19:58.451+0800: 105.046: Application time: 0.0013629 seconds
2021-12-27T09:19:58.453+0800: 105.048: [GC (CMS Initial Mark) [1 CMS-initial-mark: 24961K(106496K)] 29647K(154432K), 0.0220718 secs] [Times: user=0.01 sys=0.00, real=0.02 secs] 
2021-12-27T09:19:58.476+0800: 105.071: [CMS-concurrent-mark-start]
2021-12-27T09:19:58.579+0800: 105.174: Application time: 0.1025867 seconds
2021-12-27T09:19:58.683+0800: 105.277: Application time: 0.1034961 seconds
2021-12-27T09:19:58.859+0800: 105.453: [CMS-concurrent-mark: 0.382/0.382 secs] [Times: user=0.10 sys=0.01, real=0.39 secs] 
2021-12-27T09:19:58.873+0800: 105.468: [CMS-concurrent-preclean-start]
2021-12-27T09:19:58.879+0800: 105.474: Application time: 0.1893718 seconds
2021-12-27T09:19:58.880+0800: 105.474: [CMS-concurrent-preclean: 0.006/0.006 secs] [Times: user=0.01 sys=0.00, real=0.01 secs] 
2021-12-27T09:19:58.890+0800: 105.485: [CMS-concurrent-abortable-preclean-start]
2021-12-27T09:19:59.327+0800: 105.922: Application time: 0.4482492 seconds
2021-12-27T09:19:59.403+0800: 105.998: Application time: 0.0757931 seconds
2021-12-27T09:19:59.675+0800: 106.270: Application time: 0.2715556 seconds
2021-12-27T09:19:59.890+0800: 106.485: Application time: 0.2149540 seconds
2021-12-27T09:20:00.743+0800: 107.338: Application time: 0.8526084 seconds
2021-12-27T09:20:01.003+0800: 107.598: Application time: 0.2549774 seconds
2021-12-27T09:20:01.024+0800: 107.619: Application time: 0.0205061 seconds
{Heap before GC invocations=65 (full 3):
 par new generation   total 47936K, used 46458K [0x0000000724400000, 0x0000000727800000, 0x00000007390c0000)
  eden space 42624K, 100% used [0x0000000724400000, 0x0000000726da0000, 0x0000000726da0000)
  from space 5312K,  72% used [0x00000007272d0000, 0x000000072768ea80, 0x0000000727800000)
  to   space 5312K,   0% used [0x0000000726da0000, 0x0000000726da0000, 0x00000007272d0000)
 concurrent mark-sweep generation total 106496K, used 24961K [0x00000007390c0000, 0x000000073f8c0000, 0x00000007c0000000)
 Metaspace       used 69973K, capacity 73351K, committed 73616K, reserved 1114112K
  class space    used 9169K, capacity 9754K, committed 9872K, reserved 1048576K
2021-12-27T09:20:01.036+0800: 107.630: [GC (Allocation Failure) 2021-12-27T09:20:01.041+0800: 107.635: [ParNew: 46458K->4207K(47936K), 0.0792694 secs] 71419K->30280K(154432K), 0.0847180 secs] [Times: user=0.02 sys=0.00, real=0.09 secs] 
Heap after GC invocations=66 (full 3):
 par new generation   total 47936K, used 4207K [0x0000000724400000, 0x0000000727800000, 0x00000007390c0000)
  eden space 42624K,   0% used [0x0000000724400000, 0x0000000724400000, 0x0000000726da0000)
  from space 5312K,  79% used [0x0000000726da0000, 0x00000007271bbcd0, 0x00000007272d0000)
  to   space 5312K,   0% used [0x00000007272d0000, 0x00000007272d0000, 0x0000000727800000)
 concurrent mark-sweep generation total 106496K, used 26073K [0x00000007390c0000, 0x000000073f8c0000, 0x00000007c0000000)
 Metaspace       used 69973K, capacity 73351K, committed 73616K, reserved 1114112K
  class space    used 9169K, capacity 9754K, committed 9872K, reserved 1048576K
}
2021-12-27T09:20:01.250+0800: 107.845: Application time: 0.1288864 seconds
2021-12-27T09:20:02.027+0800: 108.622: Application time: 0.7771437 seconds
2021-12-27T09:20:02.474+0800: 109.069: Application time: 0.4468411 seconds
2021-12-27T09:20:02.476+0800: 109.070: Application time: 0.0009892 seconds
2021-12-27T09:20:02.655+0800: 109.250: Application time: 0.1798827 seconds
2021-12-27T09:20:02.690+0800: 109.285: Application time: 0.0035773 seconds
2021-12-27T09:20:02.732+0800: 109.327: Application time: 0.0414996 seconds
2021-12-27T09:20:02.752+0800: 109.347: Application time: 0.0198304 seconds
2021-12-27T09:20:02.757+0800: 109.352: Application time: 0.0008116 seconds
2021-12-27T09:20:02.810+0800: 109.405: Application time: 0.0535436 seconds
2021-12-27T09:20:02.868+0800: 109.463: Application time: 0.0003634 seconds
2021-12-27T09:20:02.868+0800: 109.463: Application time: 0.0001965 seconds
2021-12-27T09:20:02.870+0800: 109.465: Application time: 0.0016442 seconds
2021-12-27T09:20:02.878+0800: 109.473: Application time: 0.0078243 seconds
2021-12-27T09:20:02.907+0800: 109.502: Application time: 0.0255867 seconds
2021-12-27T09:20:03.092+0800: 109.687: Application time: 0.1841649 seconds
2021-12-27T09:20:03.098+0800: 109.693: [CMS-concurrent-abortable-preclean: 3.477/4.208 secs] [Times: user=1.15 sys=0.07, real=4.20 secs] 
2021-12-27T09:20:03.118+0800: 109.712: Application time: 0.0232094 seconds
2021-12-27T09:20:03.118+0800: 109.713: [GC (CMS Final Remark) [YG occupancy: 25955 K (47936 K)]2021-12-27T09:20:03.119+0800: 109.714: [Rescan (parallel) , 0.0899675 secs]2021-12-27T09:20:03.210+0800: 109.805: [weak refs processing, 0.0005349 secs]2021-12-27T09:20:03.211+0800: 109.806: [class unloading, 0.0917360 secs]2021-12-27T09:20:03.303+0800: 109.898: [scrub symbol table, 0.1597877 secs]2021-12-27T09:20:03.463+0800: 110.058: [scrub string table, 0.0065163 secs][1 CMS-remark: 26073K(106496K)] 52028K(154432K), 0.3582755 secs] [Times: user=0.07 sys=0.00, real=0.36 secs] 
2021-12-27T09:20:03.478+0800: 110.073: [CMS-concurrent-sweep-start]
2021-12-27T09:20:03.597+0800: 110.192: [CMS-concurrent-sweep: 0.119/0.119 secs] [Times: user=0.02 sys=0.01, real=0.11 secs] 
2021-12-27T09:20:03.609+0800: 110.204: [CMS-concurrent-reset-start]
2021-12-27T09:20:03.632+0800: 110.227: [CMS-concurrent-reset: 0.023/0.023 secs] [Times: user=0.01 sys=0.00, real=0.02 secs] 
2021-12-27T09:20:04.489+0800: 111.084: Application time: 1.0111912 seconds
2021-12-27T09:20:04.775+0800: 111.370: Application time: 0.2841020 seconds
2021-12-27T09:20:04.950+0800: 111.545: Application time: 0.1681050 seconds
{Heap before GC invocations=66 (full 3):
 par new generation   total 47936K, used 46831K [0x0000000724400000, 0x0000000727800000, 0x00000007390c0000)
  eden space 42624K, 100% used [0x0000000724400000, 0x0000000726da0000, 0x0000000726da0000)
  from space 5312K,  79% used [0x0000000726da0000, 0x00000007271bbcd0, 0x00000007272d0000)
  to   space 5312K,   0% used [0x00000007272d0000, 0x00000007272d0000, 0x0000000727800000)
 concurrent mark-sweep generation total 106496K, used 23377K [0x00000007390c0000, 0x000000073f8c0000, 0x00000007c0000000)
 Metaspace       used 71311K, capacity 74827K, committed 75072K, reserved 1114112K
  class space    used 9407K, capacity 10032K, committed 10076K, reserved 1048576K
2021-12-27T09:20:04.970+0800: 111.565: [GC (Allocation Failure) 2021-12-27T09:20:04.971+0800: 111.565: [ParNew: 46831K->4162K(47936K), 0.0577635 secs] 70208K->27539K(154432K), 0.0615153 secs] [Times: user=0.02 sys=0.00, real=0.06 secs] 
Heap after GC invocations=67 (full 3):
 par new generation   total 47936K, used 4162K [0x0000000724400000, 0x0000000727800000, 0x00000007390c0000)
  eden space 42624K,   0% used [0x0000000724400000, 0x0000000724400000, 0x0000000726da0000)
  from space 5312K,  78% used [0x00000007272d0000, 0x00000007276e09b0, 0x0000000727800000)
  to   space 5312K,   0% used [0x0000000726da0000, 0x0000000726da0000, 0x00000007272d0000)
 concurrent mark-sweep generation total 106496K, used 23377K [0x00000007390c0000, 0x000000073f8c0000, 0x00000007c0000000)
 Metaspace       used 71311K, capacity 74827K, committed 75072K, reserved 1114112K
  class space    used 9407K, capacity 10032K, committed 10076K, reserved 1048576K
}
2021-12-27T09:20:05.035+0800: 111.630: Application time: 0.0020964 seconds
2021-12-27T09:20:05.051+0800: 111.646: Application time: 0.0012036 seconds
2021-12-27T09:20:05.283+0800: 111.878: Application time: 0.2099229 seconds
2021-12-27T09:20:06.287+0800: 112.882: Application time: 1.0037255 seconds
2021-12-27T09:20:06.441+0800: 113.043: Application time: 0.1604985 seconds
{Heap before GC invocations=67 (full 3):
 par new generation   total 47936K, used 46786K [0x0000000724400000, 0x0000000727800000, 0x00000007390c0000)
  eden space 42624K, 100% used [0x0000000724400000, 0x0000000726da0000, 0x0000000726da0000)
  from space 5312K,  78% used [0x00000007272d0000, 0x00000007276e09b0, 0x0000000727800000)
  to   space 5312K,   0% used [0x0000000726da0000, 0x0000000726da0000, 0x00000007272d0000)
 concurrent mark-sweep generation total 106496K, used 23377K [0x00000007390c0000, 0x000000073f8c0000, 0x00000007c0000000)
 Metaspace       used 71926K, capacity 75475K, committed 75712K, reserved 1114112K
  class space    used 9497K, capacity 10112K, committed 10204K, reserved 1048576K
2021-12-27T09:20:06.449+0800: 113.044: [GC (Allocation Failure) 2021-12-27T09:20:06.450+0800: 113.044: [ParNew: 46786K->3978K(47936K), 0.1188859 secs] 70163K->28537K(154432K), 0.1241070 secs] [Times: user=0.04 sys=0.01, real=0.12 secs] 
Heap after GC invocations=68 (full 3):
 par new generation   total 47936K, used 3978K [0x0000000724400000, 0x0000000727800000, 0x00000007390c0000)
  eden space 42624K,   0% used [0x0000000724400000, 0x0000000724400000, 0x0000000726da0000)
  from space 5312K,  74% used [0x0000000726da0000, 0x00000007271829b8, 0x00000007272d0000)
  to   space 5312K,   0% used [0x00000007272d0000, 0x00000007272d0000, 0x0000000727800000)
 concurrent mark-sweep generation total 106496K, used 24559K [0x00000007390c0000, 0x000000073f8c0000, 0x00000007c0000000)
 Metaspace       used 71926K, capacity 75475K, committed 75712K, reserved 1114112K
  class space    used 9497K, capacity 10112K, committed 10204K, reserved 1048576K
}
2021-12-27T09:20:07.029+0800: 113.647: Application time: 0.4779397 seconds
2021-12-27T09:20:07.030+0800: 113.648: Application time: 0.0004773 seconds
2021-12-27T09:20:07.099+0800: 113.717: Application time: 0.0442499 seconds
2021-12-27T09:20:07.342+0800: 113.960: Application time: 0.2420869 seconds
2021-12-27T09:20:07.490+0800: 114.109: Application time: 0.1482085 seconds
2021-12-27T09:20:07.748+0800: 114.366: Application time: 0.2561579 seconds
{Heap before GC invocations=68 (full 3):
 par new generation   total 47936K, used 46602K [0x0000000724400000, 0x0000000727800000, 0x00000007390c0000)
  eden space 42624K, 100% used [0x0000000724400000, 0x0000000726da0000, 0x0000000726da0000)
  from space 5312K,  74% used [0x0000000726da0000, 0x00000007271829b8, 0x00000007272d0000)
  to   space 5312K,   0% used [0x00000007272d0000, 0x00000007272d0000, 0x0000000727800000)
 concurrent mark-sweep generation total 106496K, used 24559K [0x00000007390c0000, 0x000000073f8c0000, 0x00000007c0000000)
 Metaspace       used 72714K, capacity 76329K, committed 76608K, reserved 1116160K
  class space    used 9602K, capacity 10257K, committed 10332K, reserved 1048576K
2021-12-27T09:20:07.748+0800: 114.366: [GC (Allocation Failure) 2021-12-27T09:20:07.755+0800: 114.373: [ParNew: 46602K->4471K(47936K), 0.0921150 secs] 71161K->30721K(154432K), 0.1124314 secs] [Times: user=0.03 sys=0.00, real=0.11 secs] 
Heap after GC invocations=69 (full 3):
 par new generation   total 47936K, used 4471K [0x0000000724400000, 0x0000000727800000, 0x00000007390c0000)
  eden space 42624K,   0% used [0x0000000724400000, 0x0000000724400000, 0x0000000726da0000)
  from space 5312K,  84% used [0x00000007272d0000, 0x000000072772dc50, 0x0000000727800000)
  to   space 5312K,   0% used [0x0000000726da0000, 0x0000000726da0000, 0x00000007272d0000)
 concurrent mark-sweep generation total 106496K, used 26250K [0x00000007390c0000, 0x000000073f8c0000, 0x00000007c0000000)
 Metaspace       used 72714K, capacity 76329K, committed 76608K, reserved 1116160K
  class space    used 9602K, capacity 10257K, committed 10332K, reserved 1048576K
}
2021-12-27T09:20:07.883+0800: 114.501: Application time: 0.0223942 seconds
2021-12-27T09:20:07.900+0800: 114.518: Application time: 0.0004129 seconds
2021-12-27T09:20:08.894+0800: 115.512: Application time: 0.9939636 seconds
{Heap before GC invocations=69 (full 3):
 par new generation   total 47936K, used 47095K [0x0000000724400000, 0x0000000727800000, 0x00000007390c0000)
  eden space 42624K, 100% used [0x0000000724400000, 0x0000000726da0000, 0x0000000726da0000)
  from space 5312K,  84% used [0x00000007272d0000, 0x000000072772dc50, 0x0000000727800000)
  to   space 5312K,   0% used [0x0000000726da0000, 0x0000000726da0000, 0x00000007272d0000)
 concurrent mark-sweep generation total 106496K, used 26250K [0x00000007390c0000, 0x000000073f8c0000, 0x00000007c0000000)
 Metaspace       used 73357K, capacity 77001K, committed 77248K, reserved 1116160K
  class space    used 9700K, capacity 10353K, committed 10460K, reserved 1048576K
2021-12-27T09:20:08.895+0800: 115.513: [GC (Allocation Failure) 2021-12-27T09:20:08.895+0800: 115.513: [ParNew: 47095K->2301K(47936K), 0.0572841 secs] 73345K->29300K(154432K), 0.0580723 secs] [Times: user=0.02 sys=0.00, real=0.05 secs] 
Heap after GC invocations=70 (full 3):
 par new generation   total 47936K, used 2301K [0x0000000724400000, 0x0000000727800000, 0x00000007390c0000)
  eden space 42624K,   0% used [0x0000000724400000, 0x0000000724400000, 0x0000000726da0000)
  from space 5312K,  43% used [0x0000000726da0000, 0x0000000726fdf458, 0x00000007272d0000)
  to   space 5312K,   0% used [0x00000007272d0000, 0x00000007272d0000, 0x0000000727800000)
 concurrent mark-sweep generation total 106496K, used 26998K [0x00000007390c0000, 0x000000073f8c0000, 0x00000007c0000000)
 Metaspace       used 73357K, capacity 77001K, committed 77248K, reserved 1116160K
  class space    used 9700K, capacity 10353K, committed 10460K, reserved 1048576K
}
2021-12-27T09:20:09.574+0800: 116.192: Application time: 0.6204806 seconds
2021-12-27T09:20:09.641+0800: 116.259: Application time: 0.0660194 seconds
2021-12-27T09:20:09.836+0800: 116.454: Application time: 0.1947302 seconds
2021-12-27T09:20:09.982+0800: 116.600: Application time: 0.1446927 seconds
2021-12-27T09:20:09.998+0800: 116.621: Application time: 0.0063588 seconds
2021-12-27T09:20:10.193+0800: 116.811: Application time: 0.1887622 seconds
{Heap before GC invocations=70 (full 3):
 par new generation   total 47936K, used 44925K [0x0000000724400000, 0x0000000727800000, 0x00000007390c0000)
  eden space 42624K, 100% used [0x0000000724400000, 0x0000000726da0000, 0x0000000726da0000)
  from space 5312K,  43% used [0x0000000726da0000, 0x0000000726fdf458, 0x00000007272d0000)
  to   space 5312K,   0% used [0x00000007272d0000, 0x00000007272d0000, 0x0000000727800000)
 concurrent mark-sweep generation total 106496K, used 26998K [0x00000007390c0000, 0x000000073f8c0000, 0x00000007c0000000)
 Metaspace       used 74667K, capacity 78319K, committed 78656K, reserved 1118208K
  class space    used 9873K, capacity 10514K, committed 10588K, reserved 1048576K
2021-12-27T09:20:10.193+0800: 116.811: [GC (Allocation Failure) 2021-12-27T09:20:10.196+0800: 116.814: [ParNew: 44925K->2705K(47936K), 0.0448359 secs] 71924K->29704K(154432K), 0.0530026 secs] [Times: user=0.02 sys=0.00, real=0.06 secs] 
Heap after GC invocations=71 (full 3):
 par new generation   total 47936K, used 2705K [0x0000000724400000, 0x0000000727800000, 0x00000007390c0000)
  eden space 42624K,   0% used [0x0000000724400000, 0x0000000724400000, 0x0000000726da0000)
  from space 5312K,  50% used [0x00000007272d0000, 0x0000000727574460, 0x0000000727800000)
  to   space 5312K,   0% used [0x0000000726da0000, 0x0000000726da0000, 0x00000007272d0000)
 concurrent mark-sweep generation total 106496K, used 26998K [0x00000007390c0000, 0x000000073f8c0000, 0x00000007c0000000)
 Metaspace       used 74667K, capacity 78319K, committed 78656K, reserved 1118208K
  class space    used 9873K, capacity 10514K, committed 10588K, reserved 1048576K
}
2021-12-27T09:20:11.266+0800: 117.884: Application time: 1.0190579 seconds
2021-12-27T09:20:11.409+0800: 118.027: Application time: 0.1431851 seconds
{Heap before GC invocations=71 (full 3):
 par new generation   total 47936K, used 45329K [0x0000000724400000, 0x0000000727800000, 0x00000007390c0000)
  eden space 42624K, 100% used [0x0000000724400000, 0x0000000726da0000, 0x0000000726da0000)
  from space 5312K,  50% used [0x00000007272d0000, 0x0000000727574460, 0x0000000727800000)
  to   space 5312K,   0% used [0x0000000726da0000, 0x0000000726da0000, 0x00000007272d0000)
 concurrent mark-sweep generation total 106496K, used 26998K [0x00000007390c0000, 0x000000073f8c0000, 0x00000007c0000000)
 Metaspace       used 75423K, capacity 79105K, committed 79296K, reserved 1118208K
  class space    used 9992K, capacity 10645K, committed 10716K, reserved 1048576K
2021-12-27T09:20:11.410+0800: 118.028: [GC (Allocation Failure) 2021-12-27T09:20:11.411+0800: 118.029: [ParNew: 45329K->2858K(47936K), 0.0409809 secs] 72328K->29857K(154432K), 0.0421997 secs] [Times: user=0.01 sys=0.00, real=0.04 secs] 
Heap after GC invocations=72 (full 3):
 par new generation   total 47936K, used 2858K [0x0000000724400000, 0x0000000727800000, 0x00000007390c0000)
  eden space 42624K,   0% used [0x0000000724400000, 0x0000000724400000, 0x0000000726da0000)
  from space 5312K,  53% used [0x0000000726da0000, 0x000000072706a998, 0x00000007272d0000)
  to   space 5312K,   0% used [0x00000007272d0000, 0x00000007272d0000, 0x0000000727800000)
 concurrent mark-sweep generation total 106496K, used 26998K [0x00000007390c0000, 0x000000073f8c0000, 0x00000007c0000000)
 Metaspace       used 75423K, capacity 79105K, committed 79296K, reserved 1118208K
  class space    used 9992K, capacity 10645K, committed 10716K, reserved 1048576K
}
2021-12-27T09:20:11.979+0800: 118.597: Application time: 0.5254756 seconds
2021-12-27T09:20:12.416+0800: 119.034: Application time: 0.4365571 seconds
{Heap before GC invocations=72 (full 3):
 par new generation   total 47936K, used 45482K [0x0000000724400000, 0x0000000727800000, 0x00000007390c0000)
  eden space 42624K, 100% used [0x0000000724400000, 0x0000000726da0000, 0x0000000726da0000)
  from space 5312K,  53% used [0x0000000726da0000, 0x000000072706a998, 0x00000007272d0000)
  to   space 5312K,   0% used [0x00000007272d0000, 0x00000007272d0000, 0x0000000727800000)
 concurrent mark-sweep generation total 106496K, used 26998K [0x00000007390c0000, 0x000000073f8c0000, 0x00000007c0000000)
 Metaspace       used 76058K, capacity 79705K, committed 80064K, reserved 1118208K
  class space    used 10073K, capacity 10713K, committed 10716K, reserved 1048576K
2021-12-27T09:20:12.417+0800: 119.035: [GC (Allocation Failure) 2021-12-27T09:20:12.417+0800: 119.035: [ParNew: 45482K->4143K(47936K), 0.0548230 secs] 72481K->31142K(154432K), 0.0559006 secs] [Times: user=0.02 sys=0.00, real=0.05 secs] 
Heap after GC invocations=73 (full 3):
 par new generation   total 47936K, used 4143K [0x0000000724400000, 0x0000000727800000, 0x00000007390c0000)
  eden space 42624K,   0% used [0x0000000724400000, 0x0000000724400000, 0x0000000726da0000)
  from space 5312K,  77% used [0x00000007272d0000, 0x00000007276dbd68, 0x0000000727800000)
  to   space 5312K,   0% used [0x0000000726da0000, 0x0000000726da0000, 0x00000007272d0000)
 concurrent mark-sweep generation total 106496K, used 26998K [0x00000007390c0000, 0x000000073f8c0000, 0x00000007c0000000)
 Metaspace       used 76058K, capacity 79705K, committed 80064K, reserved 1118208K
  class space    used 10073K, capacity 10713K, committed 10716K, reserved 1048576K
}
2021-12-27T09:20:12.613+0800: 119.231: Application time: 0.1385786 seconds
2021-12-27T09:20:13.225+0800: 119.843: Application time: 0.6123150 seconds
{Heap before GC invocations=73 (full 3):
 par new generation   total 47936K, used 46767K [0x0000000724400000, 0x0000000727800000, 0x00000007390c0000)
  eden space 42624K, 100% used [0x0000000724400000, 0x0000000726da0000, 0x0000000726da0000)
  from space 5312K,  77% used [0x00000007272d0000, 0x00000007276dbd68, 0x0000000727800000)
  to   space 5312K,   0% used [0x0000000726da0000, 0x0000000726da0000, 0x00000007272d0000)
 concurrent mark-sweep generation total 106496K, used 26998K [0x00000007390c0000, 0x000000073f8c0000, 0x00000007c0000000)
 Metaspace       used 76927K, capacity 80633K, committed 81088K, reserved 1120256K
  class space    used 10213K, capacity 10873K, committed 10972K, reserved 1048576K
2021-12-27T09:20:13.226+0800: 119.844: [GC (Allocation Failure) 2021-12-27T09:20:13.227+0800: 119.845: [ParNew: 46767K->2985K(47936K), 0.0766134 secs] 73766K->30535K(154432K), 0.0777330 secs] [Times: user=0.02 sys=0.00, real=0.07 secs] 
Heap after GC invocations=74 (full 3):
 par new generation   total 47936K, used 2985K [0x0000000724400000, 0x0000000727800000, 0x00000007390c0000)
  eden space 42624K,   0% used [0x0000000724400000, 0x0000000724400000, 0x0000000726da0000)
  from space 5312K,  56% used [0x0000000726da0000, 0x000000072708a418, 0x00000007272d0000)
  to   space 5312K,   0% used [0x00000007272d0000, 0x00000007272d0000, 0x0000000727800000)
 concurrent mark-sweep generation total 106496K, used 27550K [0x00000007390c0000, 0x000000073f8c0000, 0x00000007c0000000)
 Metaspace       used 76927K, capacity 80633K, committed 81088K, reserved 1120256K
  class space    used 10213K, capacity 10873K, committed 10972K, reserved 1048576K
}
2021-12-27T09:20:14.305+0800: 120.923: Application time: 1.0002037 seconds
2021-12-27T09:20:14.319+0800: 120.937: Application time: 0.0098367 seconds
{Heap before GC invocations=74 (full 3):
 par new generation   total 47936K, used 45609K [0x0000000724400000, 0x0000000727800000, 0x00000007390c0000)
  eden space 42624K, 100% used [0x0000000724400000, 0x0000000726da0000, 0x0000000726da0000)
  from space 5312K,  56% used [0x0000000726da0000, 0x000000072708a418, 0x00000007272d0000)
  to   space 5312K,   0% used [0x00000007272d0000, 0x00000007272d0000, 0x0000000727800000)
 concurrent mark-sweep generation total 106496K, used 27550K [0x00000007390c0000, 0x000000073f8c0000, 0x00000007c0000000)
 Metaspace       used 77616K, capacity 81301K, committed 81728K, reserved 1120256K
  class space    used 10326K, capacity 10979K, committed 11100K, reserved 1048576K
2021-12-27T09:20:14.320+0800: 120.938: [GC (Allocation Failure) 2021-12-27T09:20:14.320+0800: 120.938: [ParNew: 45609K->3129K(47936K), 0.0375710 secs] 73159K->30680K(154432K), 0.0385101 secs] [Times: user=0.02 sys=0.00, real=0.04 secs] 
Heap after GC invocations=75 (full 3):
 par new generation   total 47936K, used 3129K [0x0000000724400000, 0x0000000727800000, 0x00000007390c0000)
  eden space 42624K,   0% used [0x0000000724400000, 0x0000000724400000, 0x0000000726da0000)
  from space 5312K,  58% used [0x00000007272d0000, 0x00000007275de520, 0x0000000727800000)
  to   space 5312K,   0% used [0x0000000726da0000, 0x0000000726da0000, 0x00000007272d0000)
 concurrent mark-sweep generation total 106496K, used 27550K [0x00000007390c0000, 0x000000073f8c0000, 0x00000007c0000000)
 Metaspace       used 77616K, capacity 81301K, committed 81728K, reserved 1120256K
  class space    used 10326K, capacity 10979K, committed 11100K, reserved 1048576K
}
2021-12-27T09:20:15.062+0800: 121.680: Application time: 0.7026446 seconds
{Heap before GC invocations=75 (full 3):
 par new generation   total 47936K, used 45753K [0x0000000724400000, 0x0000000727800000, 0x00000007390c0000)
  eden space 42624K, 100% used [0x0000000724400000, 0x0000000726da0000, 0x0000000726da0000)
  from space 5312K,  58% used [0x00000007272d0000, 0x00000007275de520, 0x0000000727800000)
  to   space 5312K,   0% used [0x0000000726da0000, 0x0000000726da0000, 0x00000007272d0000)
 concurrent mark-sweep generation total 106496K, used 27550K [0x00000007390c0000, 0x000000073f8c0000, 0x00000007c0000000)
 Metaspace       used 78108K, capacity 81773K, committed 81984K, reserved 1120256K
  class space    used 10416K, capacity 11047K, committed 11100K, reserved 1048576K
2021-12-27T09:20:15.068+0800: 121.686: [GC (Allocation Failure) 2021-12-27T09:20:15.068+0800: 121.686: [ParNew: 45753K->3428K(47936K), 0.0675807 secs] 73304K->30978K(154432K), 0.0696405 secs] [Times: user=0.02 sys=0.00, real=0.07 secs] 
Heap after GC invocations=76 (full 3):
 par new generation   total 47936K, used 3428K [0x0000000724400000, 0x0000000727800000, 0x00000007390c0000)
  eden space 42624K,   0% used [0x0000000724400000, 0x0000000724400000, 0x0000000726da0000)
  from space 5312K,  64% used [0x0000000726da0000, 0x00000007270f9058, 0x00000007272d0000)
  to   space 5312K,   0% used [0x00000007272d0000, 0x00000007272d0000, 0x0000000727800000)
 concurrent mark-sweep generation total 106496K, used 27550K [0x00000007390c0000, 0x000000073f8c0000, 0x00000007c0000000)
 Metaspace       used 78108K, capacity 81773K, committed 81984K, reserved 1120256K
  class space    used 10416K, capacity 11047K, committed 11100K, reserved 1048576K
}
2021-12-27T09:20:16.139+0800: 122.757: Application time: 1.0003817 seconds
2021-12-27T09:20:16.652+0800: 123.270: Application time: 0.5129748 seconds
{Heap before GC invocations=76 (full 3):
 par new generation   total 47936K, used 46049K [0x0000000724400000, 0x0000000727800000, 0x00000007390c0000)
  eden space 42624K,  99% used [0x0000000724400000, 0x0000000726d9f418, 0x0000000726da0000)
  from space 5312K,  64% used [0x0000000726da0000, 0x00000007270f9058, 0x00000007272d0000)
  to   space 5312K,   0% used [0x00000007272d0000, 0x00000007272d0000, 0x0000000727800000)
 concurrent mark-sweep generation total 106496K, used 27550K [0x00000007390c0000, 0x000000073f8c0000, 0x00000007c0000000)
 Metaspace       used 78757K, capacity 82469K, committed 82624K, reserved 1120256K
  class space    used 10476K, capacity 11131K, committed 11228K, reserved 1048576K
2021-12-27T09:20:16.653+0800: 123.271: [GC (Allocation Failure) 2021-12-27T09:20:16.653+0800: 123.271: [ParNew: 46049K->5223K(47936K), 0.0769788 secs] 73599K->33008K(154432K), 0.0779274 secs] [Times: user=0.02 sys=0.00, real=0.08 secs] 
Heap after GC invocations=77 (full 3):
 par new generation   total 47936K, used 5223K [0x0000000724400000, 0x0000000727800000, 0x00000007390c0000)
  eden space 42624K,   0% used [0x0000000724400000, 0x0000000724400000, 0x0000000726da0000)
  from space 5312K,  98% used [0x00000007272d0000, 0x00000007277e9e98, 0x0000000727800000)
  to   space 5312K,   0% used [0x0000000726da0000, 0x0000000726da0000, 0x00000007272d0000)
 concurrent mark-sweep generation total 106496K, used 27784K [0x00000007390c0000, 0x000000073f8c0000, 0x00000007c0000000)
 Metaspace       used 78757K, capacity 82469K, committed 82624K, reserved 1120256K
  class space    used 10476K, capacity 11131K, committed 11228K, reserved 1048576K
}
2021-12-27T09:20:17.735+0800: 124.353: Application time: 1.0002096 seconds
2021-12-27T09:20:17.797+0800: 124.415: Application time: 0.0579157 seconds
{Heap before GC invocations=77 (full 3):
 par new generation   total 47936K, used 47847K [0x0000000724400000, 0x0000000727800000, 0x00000007390c0000)
  eden space 42624K, 100% used [0x0000000724400000, 0x0000000726da0000, 0x0000000726da0000)
  from space 5312K,  98% used [0x00000007272d0000, 0x00000007277e9e98, 0x0000000727800000)
  to   space 5312K,   0% used [0x0000000726da0000, 0x0000000726da0000, 0x00000007272d0000)
 concurrent mark-sweep generation total 106496K, used 27784K [0x00000007390c0000, 0x000000073f8c0000, 0x00000007c0000000)
 Metaspace       used 79154K, capacity 82945K, committed 83136K, reserved 1122304K
  class space    used 10507K, capacity 11183K, committed 11228K, reserved 1048576K
2021-12-27T09:20:17.798+0800: 124.416: [GC (Allocation Failure) 2021-12-27T09:20:17.798+0800: 124.416: [ParNew: 47847K->4000K(47936K), 0.0795507 secs] 75632K->33749K(154432K), 0.0807449 secs] [Times: user=0.03 sys=0.00, real=0.08 secs] 
Heap after GC invocations=78 (full 3):
 par new generation   total 47936K, used 4000K [0x0000000724400000, 0x0000000727800000, 0x00000007390c0000)
  eden space 42624K,   0% used [0x0000000724400000, 0x0000000724400000, 0x0000000726da0000)
  from space 5312K,  75% used [0x0000000726da0000, 0x0000000727188308, 0x00000007272d0000)
  to   space 5312K,   0% used [0x00000007272d0000, 0x00000007272d0000, 0x0000000727800000)
 concurrent mark-sweep generation total 106496K, used 29748K [0x00000007390c0000, 0x000000073f8c0000, 0x00000007c0000000)
 Metaspace       used 79154K, capacity 82945K, committed 83136K, reserved 1122304K
  class space    used 10507K, capacity 11183K, committed 11228K, reserved 1048576K
}
2021-12-27T09:20:18.880+0800: 125.498: Application time: 1.0003960 seconds
2021-12-27T09:20:19.895+0800: 126.513: Application time: 1.0116204 seconds
2021-12-27T09:20:19.941+0800: 126.559: Application time: 0.0074232 seconds
{Heap before GC invocations=78 (full 3):
 par new generation   total 47936K, used 46624K [0x0000000724400000, 0x0000000727800000, 0x00000007390c0000)
  eden space 42624K, 100% used [0x0000000724400000, 0x0000000726da0000, 0x0000000726da0000)
  from space 5312K,  75% used [0x0000000726da0000, 0x0000000727188308, 0x00000007272d0000)
  to   space 5312K,   0% used [0x00000007272d0000, 0x00000007272d0000, 0x0000000727800000)
 concurrent mark-sweep generation total 106496K, used 29748K [0x00000007390c0000, 0x000000073f8c0000, 0x00000007c0000000)
 Metaspace       used 79868K, capacity 83777K, committed 83904K, reserved 1122304K
  class space    used 10546K, capacity 11213K, committed 11228K, reserved 1048576K
2021-12-27T09:20:19.942+0800: 126.560: [GC (Allocation Failure) 2021-12-27T09:20:19.943+0800: 126.561: [ParNew: 46624K->4669K(47936K), 0.0714812 secs] 76373K->34418K(154432K), 0.0817404 secs] [Times: user=0.03 sys=0.01, real=0.09 secs] 
Heap after GC invocations=79 (full 3):
 par new generation   total 47936K, used 4669K [0x0000000724400000, 0x0000000727800000, 0x00000007390c0000)
  eden space 42624K,   0% used [0x0000000724400000, 0x0000000724400000, 0x0000000726da0000)
  from space 5312K,  87% used [0x00000007272d0000, 0x000000072775f778, 0x0000000727800000)
  to   space 5312K,   0% used [0x0000000726da0000, 0x0000000726da0000, 0x00000007272d0000)
 concurrent mark-sweep generation total 106496K, used 29748K [0x00000007390c0000, 0x000000073f8c0000, 0x00000007c0000000)
 Metaspace       used 79868K, capacity 83777K, committed 83904K, reserved 1122304K
  class space    used 10546K, capacity 11213K, committed 11228K, reserved 1048576K
}
2021-12-27T09:20:20.266+0800: 126.884: Application time: 0.2384954 seconds
2021-12-27T09:20:21.268+0800: 127.886: Application time: 1.0002956 seconds
2021-12-27T09:20:21.304+0800: 127.922: Application time: 0.0264292 seconds
{Heap before GC invocations=79 (full 3):
 par new generation   total 47936K, used 47293K [0x0000000724400000, 0x0000000727800000, 0x00000007390c0000)
  eden space 42624K, 100% used [0x0000000724400000, 0x0000000726da0000, 0x0000000726da0000)
  from space 5312K,  87% used [0x00000007272d0000, 0x000000072775f778, 0x0000000727800000)
  to   space 5312K,   0% used [0x0000000726da0000, 0x0000000726da0000, 0x00000007272d0000)
 concurrent mark-sweep generation total 106496K, used 29748K [0x00000007390c0000, 0x000000073f8c0000, 0x00000007c0000000)
 Metaspace       used 80406K, capacity 84315K, committed 84544K, reserved 1122304K
  class space    used 10619K, capacity 11292K, committed 11356K, reserved 1048576K
2021-12-27T09:20:21.304+0800: 127.922: [GC (Allocation Failure) 2021-12-27T09:20:21.305+0800: 127.923: [ParNew: 47293K->4886K(47936K), 0.1042392 secs] 77042K->36247K(154432K), 0.1066341 secs] [Times: user=0.04 sys=0.00, real=0.11 secs] 
Heap after GC invocations=80 (full 3):
 par new generation   total 47936K, used 4886K [0x0000000724400000, 0x0000000727800000, 0x00000007390c0000)
  eden space 42624K,   0% used [0x0000000724400000, 0x0000000724400000, 0x0000000726da0000)
  from space 5312K,  91% used [0x0000000726da0000, 0x0000000727265be8, 0x00000007272d0000)
  to   space 5312K,   0% used [0x00000007272d0000, 0x00000007272d0000, 0x0000000727800000)
 concurrent mark-sweep generation total 106496K, used 31360K [0x00000007390c0000, 0x000000073f8c0000, 0x00000007c0000000)
 Metaspace       used 80406K, capacity 84315K, committed 84544K, reserved 1122304K
  class space    used 10619K, capacity 11292K, committed 11356K, reserved 1048576K
}
2021-12-27T09:20:22.260+0800: 128.878: Application time: 0.8431496 seconds
2021-12-27T09:20:22.372+0800: 128.990: Application time: 0.1014574 seconds
2021-12-27T09:20:22.829+0800: 129.447: Application time: 0.4565302 seconds
2021-12-27T09:20:22.833+0800: 129.451: Application time: 0.0036987 seconds
2021-12-27T09:20:22.842+0800: 129.460: Application time: 0.0093364 seconds
2021-12-27T09:20:22.927+0800: 129.545: Application time: 0.0849079 seconds
{Heap before GC invocations=80 (full 3):
 par new generation   total 47936K, used 47510K [0x0000000724400000, 0x0000000727800000, 0x00000007390c0000)
  eden space 42624K, 100% used [0x0000000724400000, 0x0000000726da0000, 0x0000000726da0000)
  from space 5312K,  91% used [0x0000000726da0000, 0x0000000727265be8, 0x00000007272d0000)
  to   space 5312K,   0% used [0x00000007272d0000, 0x00000007272d0000, 0x0000000727800000)
 concurrent mark-sweep generation total 106496K, used 31360K [0x00000007390c0000, 0x000000073f8c0000, 0x00000007c0000000)
 Metaspace       used 81355K, capacity 85497K, committed 85696K, reserved 1124352K
  class space    used 10746K, capacity 11443K, committed 11484K, reserved 1048576K
2021-12-27T09:20:22.928+0800: 129.546: [GC (Allocation Failure) 2021-12-27T09:20:22.928+0800: 129.546: [ParNew: 47510K->4121K(47936K), 0.0765049 secs] 78871K->37407K(154432K), 0.0864101 secs] [Times: user=0.03 sys=0.00, real=0.08 secs] 
Heap after GC invocations=81 (full 3):
 par new generation   total 47936K, used 4121K [0x0000000724400000, 0x0000000727800000, 0x00000007390c0000)
  eden space 42624K,   0% used [0x0000000724400000, 0x0000000724400000, 0x0000000726da0000)
  from space 5312K,  77% used [0x00000007272d0000, 0x00000007276d66f0, 0x0000000727800000)
  to   space 5312K,   0% used [0x0000000726da0000, 0x0000000726da0000, 0x00000007272d0000)
 concurrent mark-sweep generation total 106496K, used 33285K [0x00000007390c0000, 0x000000073f8c0000, 0x00000007c0000000)
 Metaspace       used 81355K, capacity 85497K, committed 85696K, reserved 1124352K
  class space    used 10746K, capacity 11443K, committed 11484K, reserved 1048576K
}
2021-12-27T09:20:23.016+0800: 129.634: Application time: 0.0007093 seconds
2021-12-27T09:20:23.360+0800: 129.978: Application time: 0.3299209 seconds
2021-12-27T09:20:24.361+0800: 130.979: Application time: 1.0001402 seconds
2021-12-27T09:20:24.650+0800: 131.268: Application time: 0.2863919 seconds
{Heap before GC invocations=81 (full 3):
 par new generation   total 47936K, used 46745K [0x0000000724400000, 0x0000000727800000, 0x00000007390c0000)
  eden space 42624K, 100% used [0x0000000724400000, 0x0000000726da0000, 0x0000000726da0000)
  from space 5312K,  77% used [0x00000007272d0000, 0x00000007276d66f0, 0x0000000727800000)
  to   space 5312K,   0% used [0x0000000726da0000, 0x0000000726da0000, 0x00000007272d0000)
 concurrent mark-sweep generation total 106496K, used 33285K [0x00000007390c0000, 0x000000073f8c0000, 0x00000007c0000000)
 Metaspace       used 82769K, capacity 86961K, committed 87232K, reserved 1124352K
  class space    used 10948K, capacity 11663K, committed 11740K, reserved 1048576K
2021-12-27T09:20:24.651+0800: 131.269: [GC (Allocation Failure) 2021-12-27T09:20:24.652+0800: 131.270: [ParNew: 46745K->5086K(47936K), 0.0764796 secs] 80031K->38372K(154432K), 0.0778746 secs] [Times: user=0.03 sys=0.01, real=0.08 secs] 
Heap after GC invocations=82 (full 3):
 par new generation   total 47936K, used 5086K [0x0000000724400000, 0x0000000727800000, 0x00000007390c0000)
  eden space 42624K,   0% used [0x0000000724400000, 0x0000000724400000, 0x0000000726da0000)
  from space 5312K,  95% used [0x0000000726da0000, 0x0000000727297b20, 0x00000007272d0000)
  to   space 5312K,   0% used [0x00000007272d0000, 0x00000007272d0000, 0x0000000727800000)
 concurrent mark-sweep generation total 106496K, used 33285K [0x00000007390c0000, 0x000000073f8c0000, 0x00000007c0000000)
 Metaspace       used 82769K, capacity 86961K, committed 87232K, reserved 1124352K
  class space    used 10948K, capacity 11663K, committed 11740K, reserved 1048576K
}
2021-12-27T09:20:25.047+0800: 131.665: Application time: 0.3165691 seconds
2021-12-27T09:20:25.052+0800: 131.670: Application time: 0.0009751 seconds
2021-12-27T09:20:25.054+0800: 131.672: Application time: 0.0015993 seconds
2021-12-27T09:20:25.062+0800: 131.680: Application time: 0.0027256 seconds
2021-12-27T09:20:25.434+0800: 132.052: Application time: 0.3724323 seconds
2021-12-27T09:20:25.544+0800: 132.162: Application time: 0.1082095 seconds
2021-12-27T09:20:25.562+0800: 132.180: Application time: 0.0174368 seconds
2021-12-27T09:20:25.572+0800: 132.190: Application time: 0.0015590 seconds
2021-12-27T09:20:25.574+0800: 132.192: Application time: 0.0020793 seconds
2021-12-27T09:20:25.585+0800: 132.203: Application time: 0.0077153 seconds
2021-12-27T09:20:25.592+0800: 132.210: Application time: 0.0003484 seconds
2021-12-27T09:20:25.593+0800: 132.211: Application time: 0.0003663 seconds
2021-12-27T09:20:25.593+0800: 132.211: Application time: 0.0001366 seconds
2021-12-27T09:20:25.595+0800: 132.213: Application time: 0.0021734 seconds
2021-12-27T09:20:25.612+0800: 132.230: Application time: 0.0151197 seconds
2021-12-27T09:20:25.633+0800: 132.251: Application time: 0.0000850 seconds
2021-12-27T09:20:25.634+0800: 132.252: Application time: 0.0000483 seconds
2021-12-27T09:20:25.634+0800: 132.252: Application time: 0.0000470 seconds
2021-12-27T09:20:25.634+0800: 132.253: Application time: 0.0007442 seconds
2021-12-27T09:20:25.635+0800: 132.253: Application time: 0.0007733 seconds
2021-12-27T09:20:25.687+0800: 132.305: Application time: 0.0515206 seconds
2021-12-27T09:20:25.747+0800: 132.365: Application time: 0.0589585 seconds
2021-12-27T09:20:25.753+0800: 132.371: Application time: 0.0049466 seconds
2021-12-27T09:20:25.757+0800: 132.375: Application time: 0.0028544 seconds
2021-12-27T09:20:25.780+0800: 132.398: Application time: 0.0226807 seconds
2021-12-27T09:20:26.156+0800: 132.774: Application time: 0.3749308 seconds
2021-12-27T09:20:26.311+0800: 132.929: Application time: 0.1549852 seconds
2021-12-27T09:20:26.439+0800: 133.057: Application time: 0.1149634 seconds
2021-12-27T09:20:26.528+0800: 133.146: Application time: 0.0880237 seconds
{Heap before GC invocations=82 (full 3):
 par new generation   total 47936K, used 47710K [0x0000000724400000, 0x0000000727800000, 0x00000007390c0000)
  eden space 42624K, 100% used [0x0000000724400000, 0x0000000726da0000, 0x0000000726da0000)
  from space 5312K,  95% used [0x0000000726da0000, 0x0000000727297b20, 0x00000007272d0000)
  to   space 5312K,   0% used [0x00000007272d0000, 0x00000007272d0000, 0x0000000727800000)
 concurrent mark-sweep generation total 106496K, used 33285K [0x00000007390c0000, 0x000000073f8c0000, 0x00000007c0000000)
 Metaspace       used 84125K, capacity 88547K, committed 88768K, reserved 1126400K
  class space    used 11137K, capacity 11906K, committed 11996K, reserved 1048576K
2021-12-27T09:20:26.529+0800: 133.147: [GC (Allocation Failure) 2021-12-27T09:20:26.530+0800: 133.148: [ParNew: 47710K->4638K(47936K), 0.1030363 secs] 80996K->39749K(154432K), 0.1061716 secs] [Times: user=0.03 sys=0.00, real=0.11 secs] 
Heap after GC invocations=83 (full 3):
 par new generation   total 47936K, used 4638K [0x0000000724400000, 0x0000000727800000, 0x00000007390c0000)
  eden space 42624K,   0% used [0x0000000724400000, 0x0000000724400000, 0x0000000726da0000)
  from space 5312K,  87% used [0x00000007272d0000, 0x0000000727757940, 0x0000000727800000)
  to   space 5312K,   0% used [0x0000000726da0000, 0x0000000726da0000, 0x00000007272d0000)
 concurrent mark-sweep generation total 106496K, used 35110K [0x00000007390c0000, 0x000000073f8c0000, 0x00000007c0000000)
 Metaspace       used 84125K, capacity 88547K, committed 88768K, reserved 1126400K
  class space    used 11137K, capacity 11906K, committed 11996K, reserved 1048576K
}
2021-12-27T09:20:27.259+0800: 133.877: Application time: 0.6228371 seconds
2021-12-27T09:20:28.261+0800: 134.879: Application time: 1.0017031 seconds
2021-12-27T09:20:28.644+0800: 135.262: Application time: 0.3748725 seconds
{Heap before GC invocations=83 (full 3):
 par new generation   total 47936K, used 47262K [0x0000000724400000, 0x0000000727800000, 0x00000007390c0000)
  eden space 42624K, 100% used [0x0000000724400000, 0x0000000726da0000, 0x0000000726da0000)
  from space 5312K,  87% used [0x00000007272d0000, 0x0000000727757940, 0x0000000727800000)
  to   space 5312K,   0% used [0x0000000726da0000, 0x0000000726da0000, 0x00000007272d0000)
 concurrent mark-sweep generation total 106496K, used 35110K [0x00000007390c0000, 0x000000073f8c0000, 0x00000007c0000000)
 Metaspace       used 84960K, capacity 89557K, committed 89664K, reserved 1126400K
  class space    used 11279K, capacity 12065K, committed 12124K, reserved 1048576K
2021-12-27T09:20:28.649+0800: 135.267: [GC (Allocation Failure) 2021-12-27T09:20:28.650+0800: 135.268: [ParNew: 47262K->3844K(47936K), 0.0879552 secs] 82373K->41307K(154432K), 0.0890755 secs] [Times: user=0.03 sys=0.00, real=0.09 secs] 
Heap after GC invocations=84 (full 3):
 par new generation   total 47936K, used 3844K [0x0000000724400000, 0x0000000727800000, 0x00000007390c0000)
  eden space 42624K,   0% used [0x0000000724400000, 0x0000000724400000, 0x0000000726da0000)
  from space 5312K,  72% used [0x0000000726da0000, 0x0000000727161330, 0x00000007272d0000)
  to   space 5312K,   0% used [0x00000007272d0000, 0x00000007272d0000, 0x0000000727800000)
 concurrent mark-sweep generation total 106496K, used 37462K [0x00000007390c0000, 0x000000073f8c0000, 0x00000007c0000000)
 Metaspace       used 84960K, capacity 89557K, committed 89664K, reserved 1126400K
  class space    used 11279K, capacity 12065K, committed 12124K, reserved 1048576K
}
2021-12-27T09:20:28.943+0800: 135.561: Application time: 0.2040645 seconds
2021-12-27T09:20:28.945+0800: 135.563: Application time: 0.0018027 seconds
2021-12-27T09:20:29.668+0800: 136.286: Application time: 0.7231638 seconds
{Heap before GC invocations=84 (full 3):
 par new generation   total 47936K, used 46468K [0x0000000724400000, 0x0000000727800000, 0x00000007390c0000)
  eden space 42624K, 100% used [0x0000000724400000, 0x0000000726da0000, 0x0000000726da0000)
  from space 5312K,  72% used [0x0000000726da0000, 0x0000000727161330, 0x00000007272d0000)
  to   space 5312K,   0% used [0x00000007272d0000, 0x00000007272d0000, 0x0000000727800000)
 concurrent mark-sweep generation total 106496K, used 37462K [0x00000007390c0000, 0x000000073f8c0000, 0x00000007c0000000)
 Metaspace       used 85639K, capacity 90229K, committed 90560K, reserved 1128448K
  class space    used 11359K, capacity 12161K, committed 12252K, reserved 1048576K
2021-12-27T09:20:29.669+0800: 136.287: [GC (Allocation Failure) 2021-12-27T09:20:29.670+0800: 136.288: [ParNew: 46468K->3468K(47936K), 0.0664883 secs] 83931K->42927K(154432K), 0.0736816 secs] [Times: user=0.02 sys=0.00, real=0.07 secs] 
Heap after GC invocations=85 (full 3):
 par new generation   total 47936K, used 3468K [0x0000000724400000, 0x0000000727800000, 0x00000007390c0000)
  eden space 42624K,   0% used [0x0000000724400000, 0x0000000724400000, 0x0000000726da0000)
  from space 5312K,  65% used [0x00000007272d0000, 0x0000000727633230, 0x0000000727800000)
  to   space 5312K,   0% used [0x0000000726da0000, 0x0000000726da0000, 0x00000007272d0000)
 concurrent mark-sweep generation total 106496K, used 39459K [0x00000007390c0000, 0x000000073f8c0000, 0x00000007c0000000)
 Metaspace       used 85639K, capacity 90229K, committed 90560K, reserved 1128448K
  class space    used 11359K, capacity 12161K, committed 12252K, reserved 1048576K
}
2021-12-27T09:20:30.348+0800: 136.966: Application time: 0.6035919 seconds
2021-12-27T09:20:30.350+0800: 136.968: Application time: 0.0002015 seconds
2021-12-27T09:20:30.350+0800: 136.968: Application time: 0.0001239 seconds
2021-12-27T09:20:30.361+0800: 136.979: Application time: 0.0108078 seconds
2021-12-27T09:20:30.379+0800: 137.000: Application time: 0.0025812 seconds
2021-12-27T09:20:30.382+0800: 137.000: Application time: 0.0001920 seconds
2021-12-27T09:20:30.388+0800: 137.006: Application time: 0.0001470 seconds
2021-12-27T09:20:30.393+0800: 137.011: Application time: 0.0003294 seconds
2021-12-27T09:20:30.412+0800: 137.030: Application time: 0.0004057 seconds
2021-12-27T09:20:30.788+0800: 137.406: Application time: 0.3754399 seconds
2021-12-27T09:20:31.211+0800: 137.829: Application time: 0.4232032 seconds
{Heap before GC invocations=85 (full 3):
 par new generation   total 47936K, used 46092K [0x0000000724400000, 0x0000000727800000, 0x00000007390c0000)
  eden space 42624K, 100% used [0x0000000724400000, 0x0000000726da0000, 0x0000000726da0000)
  from space 5312K,  65% used [0x00000007272d0000, 0x0000000727633230, 0x0000000727800000)
  to   space 5312K,   0% used [0x0000000726da0000, 0x0000000726da0000, 0x00000007272d0000)
 concurrent mark-sweep generation total 106496K, used 39459K [0x00000007390c0000, 0x000000073f8c0000, 0x00000007c0000000)
 Metaspace       used 86270K, capacity 90927K, committed 91072K, reserved 1128448K
  class space    used 11445K, capacity 12236K, committed 12252K, reserved 1048576K
2021-12-27T09:20:31.214+0800: 137.832: [GC (Allocation Failure) 2021-12-27T09:20:31.214+0800: 137.832: [ParNew: 46092K->3391K(47936K), 0.0454970 secs] 85551K->42850K(154432K), 0.0546257 secs] [Times: user=0.02 sys=0.00, real=0.06 secs] 
Heap after GC invocations=86 (full 3):
 par new generation   total 47936K, used 3391K [0x0000000724400000, 0x0000000727800000, 0x00000007390c0000)
  eden space 42624K,   0% used [0x0000000724400000, 0x0000000724400000, 0x0000000726da0000)
  from space 5312K,  63% used [0x0000000726da0000, 0x00000007270efcd0, 0x00000007272d0000)
  to   space 5312K,   0% used [0x00000007272d0000, 0x00000007272d0000, 0x0000000727800000)
 concurrent mark-sweep generation total 106496K, used 39459K [0x00000007390c0000, 0x000000073f8c0000, 0x00000007c0000000)
 Metaspace       used 86270K, capacity 90927K, committed 91072K, reserved 1128448K
  class space    used 11445K, capacity 12236K, committed 12252K, reserved 1048576K
}
2021-12-27T09:20:32.262+0800: 138.880: Application time: 0.9900927 seconds
2021-12-27T09:20:32.526+0800: 139.144: Application time: 0.2628612 seconds
{Heap before GC invocations=86 (full 3):
 par new generation   total 47936K, used 46015K [0x0000000724400000, 0x0000000727800000, 0x00000007390c0000)
  eden space 42624K, 100% used [0x0000000724400000, 0x0000000726da0000, 0x0000000726da0000)
  from space 5312K,  63% used [0x0000000726da0000, 0x00000007270efcd0, 0x00000007272d0000)
  to   space 5312K,   0% used [0x00000007272d0000, 0x00000007272d0000, 0x0000000727800000)
 concurrent mark-sweep generation total 106496K, used 39459K [0x00000007390c0000, 0x000000073f8c0000, 0x00000007c0000000)
 Metaspace       used 87727K, capacity 92433K, committed 92608K, reserved 1130496K
  class space    used 11649K, capacity 12439K, committed 12508K, reserved 1048576K
2021-12-27T09:20:32.527+0800: 139.145: [GC (Allocation Failure) 2021-12-27T09:20:32.527+0800: 139.145: [ParNew: 46015K->3545K(47936K), 0.0451959 secs] 85474K->43550K(154432K), 0.0467105 secs] [Times: user=0.02 sys=0.00, real=0.04 secs] 
Heap after GC invocations=87 (full 3):
 par new generation   total 47936K, used 3545K [0x0000000724400000, 0x0000000727800000, 0x00000007390c0000)
  eden space 42624K,   0% used [0x0000000724400000, 0x0000000724400000, 0x0000000726da0000)
  from space 5312K,  66% used [0x00000007272d0000, 0x0000000727646598, 0x0000000727800000)
  to   space 5312K,   0% used [0x0000000726da0000, 0x0000000726da0000, 0x00000007272d0000)
 concurrent mark-sweep generation total 106496K, used 40005K [0x00000007390c0000, 0x000000073f8c0000, 0x00000007c0000000)
 Metaspace       used 87727K, capacity 92433K, committed 92608K, reserved 1130496K
  class space    used 11649K, capacity 12439K, committed 12508K, reserved 1048576K
}
2021-12-27T09:20:32.584+0800: 139.202: Application time: 0.0098689 seconds
2021-12-27T09:20:33.048+0800: 139.666: Application time: 0.4616485 seconds
2021-12-27T09:20:33.049+0800: 139.667: Application time: 0.0001114 seconds
2021-12-27T09:20:33.080+0800: 139.698: Application time: 0.0001442 seconds
2021-12-27T09:20:33.080+0800: 139.699: Application time: 0.0007433 seconds
2021-12-27T09:20:33.082+0800: 139.700: Application time: 0.0007924 seconds
2021-12-27T09:20:33.082+0800: 139.700: Application time: 0.0001312 seconds
2021-12-27T09:20:33.096+0800: 139.714: Application time: 0.0135553 seconds
2021-12-27T09:20:33.207+0800: 139.825: Application time: 0.1115932 seconds
2021-12-27T09:20:33.309+0800: 139.927: Application time: 0.0695088 seconds
2021-12-27T09:20:33.332+0800: 139.950: Application time: 0.0191502 seconds
2021-12-27T09:20:33.357+0800: 139.975: Application time: 0.0005294 seconds
2021-12-27T09:20:33.473+0800: 140.091: Application time: 0.1162231 seconds
2021-12-27T09:20:33.496+0800: 140.114: Application time: 0.0031317 seconds
2021-12-27T09:20:33.950+0800: 140.568: Application time: 0.4471044 seconds
{Heap before GC invocations=87 (full 3):
 par new generation   total 47936K, used 46169K [0x0000000724400000, 0x0000000727800000, 0x00000007390c0000)
  eden space 42624K, 100% used [0x0000000724400000, 0x0000000726da0000, 0x0000000726da0000)
  from space 5312K,  66% used [0x00000007272d0000, 0x0000000727646598, 0x0000000727800000)
  to   space 5312K,   0% used [0x0000000726da0000, 0x0000000726da0000, 0x00000007272d0000)
 concurrent mark-sweep generation total 106496K, used 40005K [0x00000007390c0000, 0x000000073f8c0000, 0x00000007c0000000)
 Metaspace       used 88796K, capacity 93631K, committed 93760K, reserved 1130496K
  class space    used 11794K, capacity 12620K, committed 12636K, reserved 1048576K
2021-12-27T09:20:33.951+0800: 140.569: [GC (Allocation Failure) 2021-12-27T09:20:33.952+0800: 140.570: [ParNew: 46169K->5312K(47936K), 0.0897321 secs] 86174K->46820K(154432K), 0.0910980 secs] [Times: user=0.04 sys=0.00, real=0.09 secs] 
Heap after GC invocations=88 (full 3):
 par new generation   total 47936K, used 5312K [0x0000000724400000, 0x0000000727800000, 0x00000007390c0000)
  eden space 42624K,   0% used [0x0000000724400000, 0x0000000724400000, 0x0000000726da0000)
  from space 5312K, 100% used [0x0000000726da0000, 0x00000007272d0000, 0x00000007272d0000)
  to   space 5312K,   0% used [0x00000007272d0000, 0x00000007272d0000, 0x0000000727800000)
 concurrent mark-sweep generation total 106496K, used 41508K [0x00000007390c0000, 0x000000073f8c0000, 0x00000007c0000000)
 Metaspace       used 88796K, capacity 93631K, committed 93760K, reserved 1130496K
  class space    used 11794K, capacity 12620K, committed 12636K, reserved 1048576K
}
2021-12-27T09:20:34.769+0800: 141.387: Application time: 0.7260819 seconds
{Heap before GC invocations=88 (full 3):
 par new generation   total 47936K, used 47936K [0x0000000724400000, 0x0000000727800000, 0x00000007390c0000)
  eden space 42624K, 100% used [0x0000000724400000, 0x0000000726da0000, 0x0000000726da0000)
  from space 5312K, 100% used [0x0000000726da0000, 0x00000007272d0000, 0x00000007272d0000)
  to   space 5312K,   0% used [0x00000007272d0000, 0x00000007272d0000, 0x0000000727800000)
 concurrent mark-sweep generation total 106496K, used 41508K [0x00000007390c0000, 0x000000073f8c0000, 0x00000007c0000000)
 Metaspace       used 89333K, capacity 94101K, committed 94400K, reserved 1130496K
  class space    used 11867K, capacity 12687K, committed 12764K, reserved 1048576K
2021-12-27T09:20:34.770+0800: 141.388: [GC (Allocation Failure) 2021-12-27T09:20:34.771+0800: 141.389: [ParNew: 47936K->3469K(47936K), 0.0807879 secs] 89444K->48230K(154432K), 0.0821660 secs] [Times: user=0.04 sys=0.00, real=0.08 secs] 
Heap after GC invocations=89 (full 3):
 par new generation   total 47936K, used 3469K [0x0000000724400000, 0x0000000727800000, 0x00000007390c0000)
  eden space 42624K,   0% used [0x0000000724400000, 0x0000000724400000, 0x0000000726da0000)
  from space 5312K,  65% used [0x00000007272d0000, 0x0000000727633510, 0x0000000727800000)
  to   space 5312K,   0% used [0x0000000726da0000, 0x0000000726da0000, 0x00000007272d0000)
 concurrent mark-sweep generation total 106496K, used 44761K [0x00000007390c0000, 0x000000073f8c0000, 0x00000007c0000000)
 Metaspace       used 89333K, capacity 94101K, committed 94400K, reserved 1130496K
  class space    used 11867K, capacity 12687K, committed 12764K, reserved 1048576K
}
2021-12-27T09:20:35.306+0800: 141.924: Application time: 0.4514701 seconds
2021-12-27T09:20:35.313+0800: 141.931: Application time: 0.0002095 seconds
2021-12-27T09:20:35.330+0800: 141.948: Application time: 0.0165481 seconds
2021-12-27T09:20:35.342+0800: 141.960: Application time: 0.0001236 seconds
2021-12-27T09:20:35.351+0800: 141.970: Application time: 0.0007684 seconds
2021-12-27T09:20:35.369+0800: 141.987: Application time: 0.0171069 seconds
2021-12-27T09:20:35.398+0800: 142.016: Application time: 0.0219188 seconds
{Heap before GC invocations=89 (full 3):
 par new generation   total 47936K, used 46093K [0x0000000724400000, 0x0000000727800000, 0x00000007390c0000)
  eden space 42624K, 100% used [0x0000000724400000, 0x0000000726da0000, 0x0000000726da0000)
  from space 5312K,  65% used [0x00000007272d0000, 0x0000000727633510, 0x0000000727800000)
  to   space 5312K,   0% used [0x0000000726da0000, 0x0000000726da0000, 0x00000007272d0000)
 concurrent mark-sweep generation total 106496K, used 44761K [0x00000007390c0000, 0x000000073f8c0000, 0x00000007c0000000)
 Metaspace       used 90219K, capacity 95031K, committed 95296K, reserved 1132544K
  class space    used 12006K, capacity 12848K, committed 12892K, reserved 1048576K
2021-12-27T09:20:35.398+0800: 142.016: [GC (Allocation Failure) 2021-12-27T09:20:35.399+0800: 142.017: [ParNew: 46093K->1699K(47936K), 0.0255513 secs] 90854K->46461K(154432K), 0.0306467 secs] [Times: user=0.01 sys=0.00, real=0.03 secs] 
Heap after GC invocations=90 (full 3):
 par new generation   total 47936K, used 1699K [0x0000000724400000, 0x0000000727800000, 0x00000007390c0000)
  eden space 42624K,   0% used [0x0000000724400000, 0x0000000724400000, 0x0000000726da0000)
  from space 5312K,  32% used [0x0000000726da0000, 0x0000000726f48ff0, 0x00000007272d0000)
  to   space 5312K,   0% used [0x00000007272d0000, 0x00000007272d0000, 0x0000000727800000)
 concurrent mark-sweep generation total 106496K, used 44761K [0x00000007390c0000, 0x000000073f8c0000, 0x00000007c0000000)
 Metaspace       used 90219K, capacity 95031K, committed 95296K, reserved 1132544K
  class space    used 12006K, capacity 12848K, committed 12892K, reserved 1048576K
}
2021-12-27T09:20:35.593+0800: 142.211: Application time: 0.1629463 seconds
2021-12-27T09:20:35.597+0800: 142.215: Application time: 0.0033241 seconds
2021-12-27T09:20:35.643+0800: 142.261: Application time: 0.0464518 seconds
2021-12-27T09:20:35.685+0800: 142.303: Application time: 0.0413723 seconds
2021-12-27T09:20:35.794+0800: 142.413: Application time: 0.1093254 seconds
2021-12-27T09:20:35.803+0800: 142.421: Application time: 0.0078273 seconds
2021-12-27T09:20:35.811+0800: 142.429: Application time: 0.0076496 seconds
2021-12-27T09:20:35.865+0800: 142.483: Application time: 0.0540603 seconds
2021-12-27T09:20:35.879+0800: 142.497: Application time: 0.0136810 seconds
2021-12-27T09:20:35.879+0800: 142.497: Application time: 0.0001667 seconds
2021-12-27T09:20:35.884+0800: 142.502: Application time: 0.0047818 seconds
2021-12-27T09:20:35.917+0800: 142.535: Application time: 0.0323433 seconds
2021-12-27T09:20:36.026+0800: 142.644: Application time: 0.1068161 seconds
2021-12-27T09:20:36.102+0800: 142.720: Application time: 0.0715340 seconds
2021-12-27T09:20:36.198+0800: 142.816: Application time: 0.0956304 seconds
2021-12-27T09:20:36.210+0800: 142.828: Application time: 0.0042018 seconds
2021-12-27T09:20:36.503+0800: 143.121: Application time: 0.2867867 seconds
2021-12-27T09:20:36.503+0800: 143.121: Application time: 0.0001179 seconds
2021-12-27T09:20:36.503+0800: 143.124: Application time: 0.0023779 seconds
2021-12-27T09:20:36.513+0800: 143.131: Application time: 0.0072601 seconds
{Heap before GC invocations=90 (full 3):
 par new generation   total 47936K, used 44323K [0x0000000724400000, 0x0000000727800000, 0x00000007390c0000)
  eden space 42624K, 100% used [0x0000000724400000, 0x0000000726da0000, 0x0000000726da0000)
  from space 5312K,  32% used [0x0000000726da0000, 0x0000000726f48ff0, 0x00000007272d0000)
  to   space 5312K,   0% used [0x00000007272d0000, 0x00000007272d0000, 0x0000000727800000)
 concurrent mark-sweep generation total 106496K, used 44761K [0x00000007390c0000, 0x000000073f8c0000, 0x00000007c0000000)
 Metaspace       used 91996K, capacity 96845K, committed 96960K, reserved 1132544K
  class space    used 12203K, capacity 13019K, committed 13020K, reserved 1048576K
2021-12-27T09:20:36.513+0800: 143.131: [GC (Allocation Failure) 2021-12-27T09:20:36.519+0800: 143.137: [ParNew: 44323K->2143K(47936K), 0.0247495 secs] 89085K->46904K(154432K), 0.0328886 secs] [Times: user=0.02 sys=0.00, real=0.04 secs] 
Heap after GC invocations=91 (full 3):
 par new generation   total 47936K, used 2143K [0x0000000724400000, 0x0000000727800000, 0x00000007390c0000)
  eden space 42624K,   0% used [0x0000000724400000, 0x0000000724400000, 0x0000000726da0000)
  from space 5312K,  40% used [0x00000007272d0000, 0x00000007274e7e60, 0x0000000727800000)
  to   space 5312K,   0% used [0x0000000726da0000, 0x0000000726da0000, 0x00000007272d0000)
 concurrent mark-sweep generation total 106496K, used 44761K [0x00000007390c0000, 0x000000073f8c0000, 0x00000007c0000000)
 Metaspace       used 91996K, capacity 96845K, committed 96960K, reserved 1132544K
  class space    used 12203K, capacity 13019K, committed 13020K, reserved 1048576K
}
2021-12-27T09:20:36.555+0800: 143.173: Application time: 0.0078464 seconds
2021-12-27T09:20:36.565+0800: 143.183: Application time: 0.0101212 seconds
2021-12-27T09:20:36.569+0800: 143.187: Application time: 0.0035664 seconds
2021-12-27T09:20:36.571+0800: 143.189: Application time: 0.0018791 seconds
2021-12-27T09:20:36.576+0800: 143.195: Application time: 0.0055940 seconds
2021-12-27T09:20:36.577+0800: 143.195: Application time: 0.0001090 seconds
2021-12-27T09:20:36.578+0800: 143.196: Application time: 0.0008911 seconds
2021-12-27T09:20:36.579+0800: 143.197: Application time: 0.0001054 seconds
2021-12-27T09:20:36.582+0800: 143.200: Application time: 0.0031575 seconds
2021-12-27T09:20:36.582+0800: 143.200: Application time: 0.0001106 seconds
2021-12-27T09:20:36.583+0800: 143.201: Application time: 0.0007767 seconds
2021-12-27T09:20:36.584+0800: 143.202: Application time: 0.0001022 seconds
2021-12-27T09:20:36.585+0800: 143.203: Application time: 0.0010440 seconds
2021-12-27T09:20:36.591+0800: 143.209: Application time: 0.0062917 seconds
2021-12-27T09:20:36.691+0800: 143.309: Application time: 0.0994147 seconds
2021-12-27T09:20:36.696+0800: 143.314: Application time: 0.0043012 seconds
2021-12-27T09:20:36.697+0800: 143.315: Application time: 0.0009006 seconds
2021-12-27T09:20:36.767+0800: 143.385: Application time: 0.0698194 seconds
2021-12-27T09:20:36.772+0800: 143.391: Application time: 0.0008212 seconds
2021-12-27T09:20:36.776+0800: 143.394: Application time: 0.0037974 seconds
2021-12-27T09:20:36.778+0800: 143.396: Application time: 0.0009499 seconds
2021-12-27T09:20:36.789+0800: 143.407: Application time: 0.0113005 seconds
2021-12-27T09:20:36.798+0800: 143.416: Application time: 0.0005796 seconds
2021-12-27T09:20:36.798+0800: 143.416: Application time: 0.0006711 seconds
2021-12-27T09:20:36.799+0800: 143.417: Application time: 0.0005195 seconds
2021-12-27T09:20:36.803+0800: 143.421: Application time: 0.0029866 seconds
2021-12-27T09:20:36.813+0800: 143.431: Application time: 0.0024309 seconds
2021-12-27T09:20:36.815+0800: 143.433: Application time: 0.0003013 seconds
2021-12-27T09:20:37.028+0800: 143.669: Application time: 0.2362288 seconds
2021-12-27T09:20:37.041+0800: 143.682: Application time: 0.0087976 seconds
2021-12-27T09:20:37.044+0800: 143.685: Application time: 0.0027798 seconds
2021-12-27T09:20:37.052+0800: 143.693: Application time: 0.0073675 seconds
2021-12-27T09:20:37.053+0800: 143.695: Application time: 0.0022168 seconds
2021-12-27T09:20:37.056+0800: 143.697: Application time: 0.0013215 seconds
2021-12-27T09:20:37.060+0800: 143.701: Application time: 0.0038857 seconds
2021-12-27T09:20:37.064+0800: 143.705: Application time: 0.0039244 seconds
2021-12-27T09:20:37.066+0800: 143.707: Application time: 0.0017704 seconds
2021-12-27T09:20:37.068+0800: 143.709: Application time: 0.0017566 seconds
2021-12-27T09:20:37.078+0800: 143.719: Application time: 0.0094131 seconds
2021-12-27T09:20:37.079+0800: 143.720: Application time: 0.0012227 seconds
2021-12-27T09:20:37.082+0800: 143.723: Application time: 0.0017794 seconds
2021-12-27T09:20:37.083+0800: 143.724: Application time: 0.0014621 seconds
2021-12-27T09:20:37.091+0800: 143.733: Application time: 0.0076610 seconds
{Heap before GC invocations=91 (full 3):
 par new generation   total 47936K, used 44767K [0x0000000724400000, 0x0000000727800000, 0x00000007390c0000)
  eden space 42624K, 100% used [0x0000000724400000, 0x0000000726da0000, 0x0000000726da0000)
  from space 5312K,  40% used [0x00000007272d0000, 0x00000007274e7e60, 0x0000000727800000)
  to   space 5312K,   0% used [0x0000000726da0000, 0x0000000726da0000, 0x00000007272d0000)
 concurrent mark-sweep generation total 106496K, used 44761K [0x00000007390c0000, 0x000000073f8c0000, 0x00000007c0000000)
 Metaspace       used 92882K, capacity 97761K, committed 97984K, reserved 1134592K
  class space    used 12333K, capacity 13169K, committed 13276K, reserved 1048576K
2021-12-27T09:20:37.093+0800: 143.734: [GC (Allocation Failure) 2021-12-27T09:20:37.093+0800: 143.734: [ParNew: 44767K->2301K(47936K), 0.0191523 secs] 89528K->47062K(154432K), 0.0202786 secs] [Times: user=0.01 sys=0.00, real=0.02 secs] 
Heap after GC invocations=92 (full 3):
 par new generation   total 47936K, used 2301K [0x0000000724400000, 0x0000000727800000, 0x00000007390c0000)
  eden space 42624K,   0% used [0x0000000724400000, 0x0000000724400000, 0x0000000726da0000)
  from space 5312K,  43% used [0x0000000726da0000, 0x0000000726fdf738, 0x00000007272d0000)
  to   space 5312K,   0% used [0x00000007272d0000, 0x00000007272d0000, 0x0000000727800000)
 concurrent mark-sweep generation total 106496K, used 44761K [0x00000007390c0000, 0x000000073f8c0000, 0x00000007c0000000)
 Metaspace       used 92882K, capacity 97761K, committed 97984K, reserved 1134592K
  class space    used 12333K, capacity 13169K, committed 13276K, reserved 1048576K
}
2021-12-27T09:20:37.137+0800: 143.778: Application time: 0.0230684 seconds
2021-12-27T09:20:37.138+0800: 143.779: Application time: 0.0006101 seconds
2021-12-27T09:20:38.139+0800: 144.780: Application time: 1.0009260 seconds
2021-12-27T09:20:39.139+0800: 145.781: Application time: 1.0002930 seconds
2021-12-27T09:20:40.140+0800: 146.782: Application time: 1.0014843 seconds
2021-12-27T09:20:40.734+0800: 147.375: Application time: 0.5925569 seconds
2021-12-27T09:20:40.775+0800: 147.416: Application time: 0.0412498 seconds
2021-12-27T09:20:41.776+0800: 148.417: Application time: 1.0002032 seconds
2021-12-27T09:20:42.777+0800: 149.418: Application time: 1.0008213 seconds
2021-12-27T09:20:43.778+0800: 150.419: Application time: 1.0007153 seconds
2021-12-27T09:20:44.778+0800: 151.419: Application time: 1.0003389 seconds
2021-12-27T09:20:45.778+0800: 152.420: Application time: 1.0003277 seconds
2021-12-27T09:20:46.779+0800: 153.420: Application time: 1.0003702 seconds
2021-12-27T09:20:47.780+0800: 154.421: Application time: 1.0011229 seconds
2021-12-27T09:20:49.781+0800: 156.422: Application time: 2.0005894 seconds
2021-12-27T09:20:50.781+0800: 157.423: Application time: 1.0003525 seconds
2021-12-27T09:20:51.782+0800: 158.423: Application time: 1.0004976 seconds
2021-12-27T09:20:52.783+0800: 159.424: Application time: 1.0007562 seconds
2021-12-27T09:20:54.784+0800: 161.427: Application time: 2.0025947 seconds
2021-12-27T09:20:56.787+0800: 163.428: Application time: 2.0009775 seconds
2021-12-27T09:20:57.788+0800: 164.429: Application time: 1.0002775 seconds
2021-12-27T09:20:58.789+0800: 165.430: Application time: 1.0013903 seconds
2021-12-27T09:20:59.790+0800: 166.431: Application time: 1.0003600 seconds
2021-12-27T09:21:00.004+0800: 166.645: Application time: 0.2141296 seconds
2021-12-27T09:21:00.004+0800: 166.645: Application time: 0.0000793 seconds
2021-12-27T09:21:00.005+0800: 166.646: Application time: 0.0001330 seconds
2021-12-27T09:21:00.012+0800: 166.653: Application time: 0.0000671 seconds
2021-12-27T09:21:00.013+0800: 166.654: Application time: 0.0000456 seconds
2021-12-27T09:21:00.013+0800: 166.654: Application time: 0.0000479 seconds
2021-12-27T09:21:00.013+0800: 166.654: Application time: 0.0000471 seconds
2021-12-27T09:21:00.013+0800: 166.654: Application time: 0.0000470 seconds
2021-12-27T09:21:00.013+0800: 166.654: Application time: 0.0000470 seconds
2021-12-27T09:21:00.013+0800: 166.654: Application time: 0.0003867 seconds
2021-12-27T09:21:00.014+0800: 166.655: Application time: 0.0000488 seconds
2021-12-27T09:21:00.014+0800: 166.655: Application time: 0.0000464 seconds
2021-12-27T09:21:00.014+0800: 166.655: Application time: 0.0000468 seconds
2021-12-27T09:21:00.014+0800: 166.655: Application time: 0.0000465 seconds
2021-12-27T09:21:00.014+0800: 166.655: Application time: 0.0000465 seconds
2021-12-27T09:21:00.014+0800: 166.655: Application time: 0.0000473 seconds
2021-12-27T09:21:00.014+0800: 166.655: Application time: 0.0000464 seconds
2021-12-27T09:21:00.015+0800: 166.656: Application time: 0.0009966 seconds
2021-12-27T09:21:00.015+0800: 166.657: Application time: 0.0000516 seconds
2021-12-27T09:21:00.016+0800: 166.657: Application time: 0.0000818 seconds
2021-12-27T09:21:00.688+0800: 167.329: Application time: 0.6716460 seconds
2021-12-27T09:21:00.688+0800: 167.329: Application time: 0.0000590 seconds
2021-12-27T09:21:00.688+0800: 167.330: Application time: 0.0000449 seconds
2021-12-27T09:21:00.688+0800: 167.330: Application time: 0.0006136 seconds
2021-12-27T09:21:00.721+0800: 167.363: Application time: 0.0322509 seconds
2021-12-27T09:21:01.722+0800: 168.363: Application time: 1.0003181 seconds
2021-12-27T09:21:02.722+0800: 169.363: Application time: 1.0001090 seconds
2021-12-27T09:21:03.723+0800: 170.364: Application time: 1.0003385 seconds
2021-12-27T09:21:05.723+0800: 172.364: Application time: 2.0001409 seconds
2021-12-27T09:21:06.725+0800: 173.366: Application time: 1.0018155 seconds
2021-12-27T09:21:07.703+0800: 174.368: Application time: 1.0006648 seconds
2021-12-27T09:21:08.705+0800: 175.370: Application time: 1.0019937 seconds
2021-12-27T09:21:09.706+0800: 176.370: Application time: 1.0002261 seconds
2021-12-27T09:21:10.707+0800: 177.371: Application time: 1.0005776 seconds
2021-12-27T09:21:11.707+0800: 178.371: Application time: 1.0002627 seconds
2021-12-27T09:21:13.708+0800: 180.373: Application time: 2.0009887 seconds
2021-12-27T09:21:15.709+0800: 182.373: Application time: 2.0004850 seconds
2021-12-27T09:21:16.709+0800: 183.375: Application time: 1.0011413 seconds
2021-12-27T09:21:17.712+0800: 184.376: Application time: 1.0014336 seconds
2021-12-27T09:21:18.712+0800: 185.377: Application time: 1.0003091 seconds
2021-12-27T09:21:19.714+0800: 186.378: Application time: 1.0012089 seconds
2021-12-27T09:21:21.714+0800: 188.379: Application time: 2.0005408 seconds
2021-12-27T09:21:21.878+0800: 188.542: Application time: 0.1628789 seconds
2021-12-27T09:21:21.879+0800: 188.543: Application time: 0.0009244 seconds
2021-12-27T09:21:22.480+0800: 189.144: Application time: 0.6007488 seconds
2021-12-27T09:21:25.481+0800: 192.145: Application time: 3.0009329 seconds
2021-12-27T09:21:30.714+0800: 197.378: Application time: 5.2323519 seconds
2021-12-27T09:21:30.714+0800: 197.378: Application time: 0.0002546 seconds
2021-12-27T09:21:30.714+0800: 197.379: Application time: 0.0000535 seconds
2021-12-27T09:21:30.717+0800: 197.381: Application time: 0.0021147 seconds
2021-12-27T09:21:30.717+0800: 197.382: Application time: 0.0003637 seconds
2021-12-27T09:21:31.169+0800: 197.835: Application time: 0.4525749 seconds
2021-12-27T09:21:31.171+0800: 197.835: Application time: 0.0002339 seconds
2021-12-27T09:21:32.172+0800: 198.836: Application time: 1.0006255 seconds
2021-12-27T09:21:32.239+0800: 198.903: Application time: 0.0673459 seconds
2021-12-27T09:21:32.239+0800: 198.904: Application time: 0.0000794 seconds
2021-12-27T09:21:33.240+0800: 199.904: Application time: 1.0002145 seconds
2021-12-27T09:21:35.240+0800: 201.905: Application time: 2.0005540 seconds
2021-12-27T09:21:37.218+0800: 203.905: Application time: 2.0002483 seconds
2021-12-27T09:21:38.218+0800: 204.905: Application time: 1.0002163 seconds
2021-12-27T09:21:39.219+0800: 205.907: Application time: 1.0011831 seconds
2021-12-27T09:21:41.220+0800: 207.908: Application time: 2.0007022 seconds
2021-12-27T09:21:43.222+0800: 209.909: Application time: 2.0017749 seconds
2021-12-27T09:21:46.224+0800: 212.911: Application time: 3.0010573 seconds
2021-12-27T09:21:47.224+0800: 213.911: Application time: 1.0001316 seconds
2021-12-27T09:21:48.224+0800: 214.912: Application time: 1.0007601 seconds
2021-12-27T09:21:50.227+0800: 216.914: Application time: 2.0019648 seconds
2021-12-27T09:21:51.228+0800: 217.915: Application time: 1.0005953 seconds
2021-12-27T09:21:52.228+0800: 218.916: Application time: 1.0002992 seconds
2021-12-27T09:21:53.229+0800: 219.917: Application time: 1.0006798 seconds
2021-12-27T09:21:54.230+0800: 220.917: Application time: 1.0002091 seconds
2021-12-27T09:21:58.231+0800: 224.919: Application time: 4.0012324 seconds
2021-12-27T09:22:00.233+0800: 226.920: Application time: 2.0015970 seconds
2021-12-27T09:22:01.233+0800: 227.921: Application time: 1.0002096 seconds
2021-12-27T09:22:02.234+0800: 228.921: Application time: 1.0002481 seconds
2021-12-27T09:22:04.234+0800: 230.922: Application time: 2.0004725 seconds
2021-12-27T09:22:07.212+0800: 233.923: Application time: 3.0005908 seconds
2021-12-27T09:22:09.213+0800: 235.923: Application time: 2.0004224 seconds
2021-12-27T09:22:10.213+0800: 236.924: Application time: 1.0004342 seconds
2021-12-27T09:22:11.216+0800: 237.927: Application time: 1.0031382 seconds
2021-12-27T09:22:13.217+0800: 239.928: Application time: 2.0005068 seconds
2021-12-27T09:22:15.218+0800: 241.929: Application time: 2.0006778 seconds
2021-12-27T09:22:16.219+0800: 242.929: Application time: 1.0001836 seconds
2021-12-27T09:22:17.219+0800: 243.930: Application time: 1.0002452 seconds
2021-12-27T09:22:19.220+0800: 245.931: Application time: 2.0007479 seconds
2021-12-27T09:22:21.223+0800: 247.934: Application time: 2.0027414 seconds
2021-12-27T09:22:22.223+0800: 248.934: Application time: 1.0002003 seconds
2021-12-27T09:22:23.224+0800: 249.935: Application time: 1.0002220 seconds
2021-12-27T09:22:24.226+0800: 250.937: Application time: 1.0018131 seconds
2021-12-27T09:22:25.227+0800: 251.937: Application time: 1.0002182 seconds
2021-12-27T09:22:26.227+0800: 252.938: Application time: 1.0001617 seconds
2021-12-27T09:22:27.227+0800: 253.938: Application time: 1.0001540 seconds
2021-12-27T09:22:29.228+0800: 255.939: Application time: 2.0009399 seconds
2021-12-27T09:22:31.229+0800: 257.941: Application time: 2.0017409 seconds
2021-12-27T09:22:32.231+0800: 258.942: Application time: 1.0001900 seconds
2021-12-27T09:22:33.231+0800: 259.942: Application time: 1.0001850 seconds
2021-12-27T09:22:34.232+0800: 260.942: Application time: 1.0001792 seconds
2021-12-27T09:22:36.317+0800: 263.028: Application time: 2.0852582 seconds
2021-12-27T09:22:37.296+0800: 264.029: Application time: 1.0014763 seconds
2021-12-27T09:22:38.296+0800: 265.030: Application time: 1.0002101 seconds
2021-12-27T09:22:39.296+0800: 266.030: Application time: 1.0001326 seconds
2021-12-27T09:22:40.299+0800: 267.033: Application time: 1.0025309 seconds
2021-12-27T09:22:41.301+0800: 268.035: Application time: 1.0018202 seconds
2021-12-27T09:22:41.309+0800: 268.043: Application time: 0.0080953 seconds
2021-12-27T09:22:41.310+0800: 268.044: Application time: 0.0002463 seconds
2021-12-27T09:22:42.311+0800: 269.044: Application time: 1.0007299 seconds
2021-12-27T09:22:43.311+0800: 270.045: Application time: 1.0001600 seconds
2021-12-27T09:22:44.316+0800: 271.052: Application time: 1.0065224 seconds
2021-12-27T09:22:45.319+0800: 272.052: Application time: 1.0002869 seconds
2021-12-27T09:22:50.326+0800: 277.060: Application time: 5.0072895 seconds
2021-12-27T09:22:51.326+0800: 278.060: Application time: 1.0001450 seconds
2021-12-27T09:22:54.327+0800: 281.061: Application time: 3.0006441 seconds
2021-12-27T09:22:55.327+0800: 282.061: Application time: 1.0001355 seconds
2021-12-27T09:22:56.329+0800: 283.062: Application time: 1.0010133 seconds
2021-12-27T09:22:57.329+0800: 284.063: Application time: 1.0001675 seconds
2021-12-27T09:22:58.329+0800: 285.063: Application time: 1.0002419 seconds
2021-12-27T09:23:00.330+0800: 287.064: Application time: 2.0007378 seconds
2021-12-27T09:23:01.331+0800: 288.064: Application time: 1.0001347 seconds
2021-12-27T09:23:02.332+0800: 289.066: Application time: 1.0016467 seconds
2021-12-27T09:23:04.338+0800: 291.072: Application time: 2.0054113 seconds
2021-12-27T09:23:05.341+0800: 292.075: Application time: 1.0024473 seconds
2021-12-27T09:23:06.341+0800: 293.078: Application time: 1.0030349 seconds
2021-12-27T09:23:07.323+0800: 294.080: Application time: 1.0001829 seconds
2021-12-27T09:23:09.325+0800: 296.082: Application time: 2.0014513 seconds
2021-12-27T09:23:10.325+0800: 297.082: Application time: 1.0001267 seconds
2021-12-27T09:23:11.326+0800: 298.083: Application time: 1.0003882 seconds
2021-12-27T09:23:13.328+0800: 300.085: Application time: 2.0019841 seconds
2021-12-27T09:23:17.334+0800: 304.091: Application time: 4.0061803 seconds
2021-12-27T09:23:20.336+0800: 307.093: Application time: 3.0018207 seconds
2021-12-27T09:23:22.337+0800: 309.094: Application time: 2.0005415 seconds
2021-12-27T09:23:23.339+0800: 310.095: Application time: 1.0015204 seconds
2021-12-27T09:23:25.339+0800: 312.096: Application time: 2.0005844 seconds
2021-12-27T09:23:26.340+0800: 313.097: Application time: 1.0002933 seconds
2021-12-27T09:23:29.341+0800: 316.098: Application time: 3.0014653 seconds
2021-12-27T09:23:30.343+0800: 317.100: Application time: 1.0014108 seconds
2021-12-27T09:23:30.659+0800: 317.419: Application time: 0.3184302 seconds
2021-12-27T09:23:31.670+0800: 318.427: Application time: 1.0082565 seconds
2021-12-27T09:23:32.674+0800: 319.431: Application time: 1.0034936 seconds
2021-12-27T09:23:33.675+0800: 320.432: Application time: 1.0002057 seconds
2021-12-27T09:23:34.675+0800: 321.432: Application time: 1.0006793 seconds
2021-12-27T09:23:36.287+0800: 323.044: Application time: 1.6117227 seconds
2021-12-27T09:23:36.290+0800: 323.047: Application time: 0.0029860 seconds
2021-12-27T09:23:37.270+0800: 324.048: Application time: 1.0002992 seconds
2021-12-27T09:23:43.275+0800: 330.053: Application time: 6.0044346 seconds
2021-12-27T09:23:46.281+0800: 333.059: Application time: 3.0058085 seconds
2021-12-27T09:23:53.289+0800: 340.066: Application time: 7.0077053 seconds
2021-12-27T09:23:55.290+0800: 342.068: Application time: 2.0016056 seconds
2021-12-27T09:23:58.295+0800: 345.073: Application time: 3.0042165 seconds
2021-12-27T09:23:59.299+0800: 346.077: Application time: 1.0040472 seconds
2021-12-27T09:24:00.300+0800: 347.079: Application time: 1.0025175 seconds
2021-12-27T09:24:01.302+0800: 348.080: Application time: 1.0002448 seconds
2021-12-27T09:24:02.303+0800: 349.080: Application time: 1.0002331 seconds
2021-12-27T09:24:05.309+0800: 352.086: Application time: 3.0058864 seconds
2021-12-27T09:24:06.310+0800: 353.088: Application time: 1.0014472 seconds
2021-12-27T09:24:07.285+0800: 354.089: Application time: 1.0002680 seconds
2021-12-27T09:24:14.681+0800: 361.485: Application time: 7.3960324 seconds
{Heap before GC invocations=92 (full 3):
 par new generation   total 47936K, used 44925K [0x0000000724400000, 0x0000000727800000, 0x00000007390c0000)
  eden space 42624K, 100% used [0x0000000724400000, 0x0000000726da0000, 0x0000000726da0000)
  from space 5312K,  43% used [0x0000000726da0000, 0x0000000726fdf738, 0x00000007272d0000)
  to   space 5312K,   0% used [0x00000007272d0000, 0x00000007272d0000, 0x0000000727800000)
 concurrent mark-sweep generation total 106496K, used 44761K [0x00000007390c0000, 0x000000073f8c0000, 0x00000007c0000000)
 Metaspace       used 94462K, capacity 99551K, committed 99904K, reserved 1136640K
  class space    used 12409K, capacity 13278K, committed 13404K, reserved 1048576K
2021-12-27T09:24:14.683+0800: 361.486: [GC (Allocation Failure) 2021-12-27T09:24:14.683+0800: 361.487: [ParNew: 44925K->2665K(47936K), 0.0069679 secs] 89686K->47426K(154432K), 0.0079028 secs] [Times: user=0.01 sys=0.00, real=0.01 secs] 
Heap after GC invocations=93 (full 3):
 par new generation   total 47936K, used 2665K [0x0000000724400000, 0x0000000727800000, 0x00000007390c0000)
  eden space 42624K,   0% used [0x0000000724400000, 0x0000000724400000, 0x0000000726da0000)
  from space 5312K,  50% used [0x00000007272d0000, 0x000000072756a610, 0x0000000727800000)
  to   space 5312K,   0% used [0x0000000726da0000, 0x0000000726da0000, 0x00000007272d0000)
 concurrent mark-sweep generation total 106496K, used 44761K [0x00000007390c0000, 0x000000073f8c0000, 0x00000007c0000000)
 Metaspace       used 94462K, capacity 99551K, committed 99904K, reserved 1136640K
  class space    used 12409K, capacity 13278K, committed 13404K, reserved 1048576K
}
2021-12-27T09:24:15.694+0800: 362.498: Application time: 1.0024871 seconds
2021-12-27T09:24:16.695+0800: 363.498: Application time: 1.0003073 seconds
2021-12-27T09:24:18.697+0800: 365.500: Application time: 2.0020846 seconds
2021-12-27T09:24:21.700+0800: 368.503: Application time: 3.0027246 seconds
2021-12-27T09:24:22.704+0800: 369.508: Application time: 1.0051128 seconds
2021-12-27T09:24:24.711+0800: 371.514: Application time: 2.0051405 seconds
2021-12-27T09:24:25.713+0800: 372.516: Application time: 1.0018495 seconds
2021-12-27T09:24:28.264+0800: 375.067: Application time: 2.5509031 seconds
2021-12-27T09:24:28.266+0800: 375.069: Application time: 0.0015405 seconds
2021-12-27T09:24:31.266+0800: 378.070: Application time: 3.0007871 seconds
2021-12-27T09:24:33.270+0800: 380.074: Application time: 2.0036077 seconds
2021-12-27T09:24:35.274+0800: 382.078: Application time: 2.0038475 seconds
2021-12-27T09:24:36.278+0800: 383.081: Application time: 1.0034252 seconds
2021-12-27T09:24:37.259+0800: 384.085: Application time: 1.0039070 seconds
2021-12-27T09:24:38.261+0800: 385.087: Application time: 1.0016802 seconds
2021-12-27T09:24:42.274+0800: 389.101: Application time: 4.0133797 seconds
2021-12-27T09:24:43.277+0800: 390.103: Application time: 1.0023332 seconds
2021-12-27T09:24:52.285+0800: 399.111: Application time: 9.0075541 seconds
2021-12-27T09:24:57.293+0800: 404.120: Application time: 5.0088945 seconds
2021-12-27T09:25:00.295+0800: 407.121: Application time: 3.0008197 seconds
2021-12-27T09:25:02.296+0800: 409.122: Application time: 2.0003771 seconds
2021-12-27T09:25:06.303+0800: 413.130: Application time: 4.0074771 seconds
2021-12-27T09:25:12.287+0800: 419.137: Application time: 6.0072419 seconds
2021-12-27T09:25:16.289+0800: 423.138: Application time: 4.0011419 seconds
2021-12-27T09:25:22.300+0800: 429.150: Application time: 6.0109782 seconds
2021-12-27T09:25:27.309+0800: 434.158: Application time: 5.0085994 seconds
2021-12-27T09:25:36.324+0800: 443.173: Application time: 9.0149791 seconds
2021-12-27T09:25:37.302+0800: 444.175: Application time: 1.0010712 seconds
2021-12-27T09:25:47.333+0800: 454.206: Application time: 10.0309597 seconds
2021-12-27T09:25:56.344+0800: 463.217: Application time: 9.0102703 seconds
2021-12-27T09:25:59.345+0800: 466.218: Application time: 3.0013580 seconds
2021-12-27T09:26:01.347+0800: 468.220: Application time: 2.0015503 seconds
2021-12-27T09:26:06.358+0800: 473.233: Application time: 5.0124478 seconds
2021-12-27T09:26:08.338+0800: 475.234: Application time: 2.0008375 seconds
2021-12-27T09:26:09.343+0800: 476.239: Application time: 1.0053791 seconds
2021-12-27T09:26:10.346+0800: 477.242: Application time: 1.0029658 seconds
2021-12-27T09:26:21.375+0800: 488.271: Application time: 11.0286819 seconds
2021-12-27T09:26:27.385+0800: 494.281: Application time: 6.0093380 seconds
2021-12-27T09:26:29.385+0800: 496.281: Application time: 2.0003447 seconds
2021-12-27T09:26:31.387+0800: 498.283: Application time: 2.0018438 seconds
2021-12-27T09:26:37.372+0800: 504.291: Application time: 6.0073764 seconds
2021-12-27T09:26:38.372+0800: 505.291: Application time: 1.0002662 seconds
2021-12-27T09:26:41.016+0800: 507.935: Application time: 2.6436806 seconds
2021-12-27T09:26:47.037+0800: 513.957: Application time: 6.0209518 seconds
2021-12-27T09:26:48.039+0800: 514.958: Application time: 1.0011079 seconds
2021-12-27T09:27:03.058+0800: 529.978: Application time: 15.0195239 seconds
2021-12-27T09:27:06.061+0800: 532.981: Application time: 3.0030009 seconds
2021-12-27T09:27:07.045+0800: 533.988: Application time: 1.0064373 seconds
2021-12-27T09:27:08.047+0800: 534.989: Application time: 1.0007161 seconds
2021-12-27T09:27:15.054+0800: 541.996: Application time: 7.0066616 seconds
2021-12-27T09:27:16.055+0800: 542.998: Application time: 1.0015167 seconds
2021-12-27T09:27:17.056+0800: 543.998: Application time: 1.0001774 seconds
2021-12-27T09:27:24.063+0800: 551.005: Application time: 7.0069409 seconds
2021-12-27T09:27:25.067+0800: 552.009: Application time: 1.0041248 seconds
2021-12-27T09:27:30.069+0800: 557.012: Application time: 5.0019116 seconds
2021-12-27T09:27:31.069+0800: 558.012: Application time: 1.0002448 seconds
2021-12-27T09:27:34.071+0800: 561.013: Application time: 3.0008470 seconds
2021-12-27T09:27:37.049+0800: 564.014: Application time: 3.0009923 seconds
2021-12-27T09:27:41.159+0800: 568.124: Application time: 4.1097400 seconds
2021-12-27T09:27:43.160+0800: 570.126: Application time: 2.0012798 seconds
2021-12-27T09:27:44.161+0800: 571.128: Application time: 1.0017164 seconds
2021-12-27T09:27:52.168+0800: 579.134: Application time: 8.0055638 seconds
2021-12-27T09:27:55.169+0800: 582.135: Application time: 3.0008735 seconds
2021-12-27T09:27:59.174+0800: 586.139: Application time: 4.0042336 seconds
2021-12-27T09:28:00.174+0800: 587.140: Application time: 1.0001779 seconds
2021-12-27T09:28:01.174+0800: 588.140: Application time: 1.0002723 seconds
2021-12-27T09:28:04.176+0800: 591.141: Application time: 3.0011847 seconds
2021-12-27T09:28:05.176+0800: 592.142: Application time: 1.0001631 seconds
2021-12-27T09:28:06.177+0800: 593.142: Application time: 1.0003806 seconds
2021-12-27T09:28:07.154+0800: 594.143: Application time: 1.0002965 seconds
2021-12-27T09:28:10.155+0800: 597.144: Application time: 3.0003855 seconds
2021-12-27T09:28:12.157+0800: 599.146: Application time: 2.0025283 seconds
2021-12-27T09:28:13.160+0800: 600.149: Application time: 1.0017175 seconds
2021-12-27T09:28:17.161+0800: 604.150: Application time: 4.0011453 seconds
2021-12-27T09:28:18.163+0800: 605.154: Application time: 1.0036947 seconds
2021-12-27T09:28:19.166+0800: 606.154: Application time: 1.0001883 seconds
2021-12-27T09:28:31.173+0800: 618.162: Application time: 12.0072323 seconds
2021-12-27T09:28:36.175+0800: 623.163: Application time: 5.0014356 seconds
2021-12-27T09:28:47.165+0800: 634.177: Application time: 11.0137494 seconds
2021-12-27T09:28:50.167+0800: 637.179: Application time: 3.0013035 seconds
2021-12-27T09:28:51.168+0800: 638.180: Application time: 1.0006313 seconds
2021-12-27T09:29:01.184+0800: 648.195: Application time: 10.0156325 seconds
2021-12-27T09:29:07.164+0800: 654.199: Application time: 6.0031596 seconds
2021-12-27T09:29:08.167+0800: 655.202: Application time: 1.0029133 seconds
2021-12-27T09:29:13.169+0800: 660.204: Application time: 5.0016977 seconds
2021-12-27T09:29:14.169+0800: 661.204: Application time: 1.0002192 seconds
2021-12-27T09:29:30.465+0800: 677.500: Application time: 16.2953577 seconds
{Heap before GC invocations=93 (full 3):
 par new generation   total 47936K, used 45289K [0x0000000724400000, 0x0000000727800000, 0x00000007390c0000)
  eden space 42624K, 100% used [0x0000000724400000, 0x0000000726da0000, 0x0000000726da0000)
  from space 5312K,  50% used [0x00000007272d0000, 0x000000072756a610, 0x0000000727800000)
  to   space 5312K,   0% used [0x0000000726da0000, 0x0000000726da0000, 0x00000007272d0000)
 concurrent mark-sweep generation total 106496K, used 44761K [0x00000007390c0000, 0x000000073f8c0000, 0x00000007c0000000)
 Metaspace       used 94781K, capacity 99875K, committed 100160K, reserved 1136640K
  class space    used 12415K, capacity 13288K, committed 13404K, reserved 1048576K
2021-12-27T09:29:30.467+0800: 677.503: [GC (Allocation Failure) 2021-12-27T09:29:30.468+0800: 677.503: [ParNew: 45289K->2952K(47936K), 0.0067505 secs] 90050K->47713K(154432K), 0.0081483 secs] [Times: user=0.01 sys=0.00, real=0.01 secs] 
Heap after GC invocations=94 (full 3):
 par new generation   total 47936K, used 2952K [0x0000000724400000, 0x0000000727800000, 0x00000007390c0000)
  eden space 42624K,   0% used [0x0000000724400000, 0x0000000724400000, 0x0000000726da0000)
  from space 5312K,  55% used [0x0000000726da0000, 0x0000000727082128, 0x00000007272d0000)
  to   space 5312K,   0% used [0x00000007272d0000, 0x00000007272d0000, 0x0000000727800000)
 concurrent mark-sweep generation total 106496K, used 44761K [0x00000007390c0000, 0x000000073f8c0000, 0x00000007c0000000)
 Metaspace       used 94781K, capacity 99875K, committed 100160K, reserved 1136640K
  class space    used 12415K, capacity 13288K, committed 13404K, reserved 1048576K
}
2021-12-27T09:29:31.478+0800: 678.513: Application time: 1.0007653 seconds
2021-12-27T09:29:32.479+0800: 679.514: Application time: 1.0001208 seconds
2021-12-27T09:29:35.480+0800: 682.516: Application time: 3.0016488 seconds
2021-12-27T09:29:36.482+0800: 683.517: Application time: 1.0009119 seconds
2021-12-27T09:29:37.459+0800: 684.518: Application time: 1.0012629 seconds
2021-12-27T09:29:41.462+0800: 688.520: Application time: 4.0013839 seconds
2021-12-27T09:29:42.464+0800: 689.522: Application time: 1.0017512 seconds
2021-12-27T09:29:43.464+0800: 690.522: Application time: 1.0001964 seconds
2021-12-27T09:29:44.466+0800: 691.524: Application time: 1.0016766 seconds
2021-12-27T09:29:47.471+0800: 694.529: Application time: 3.0051611 seconds
2021-12-27T09:30:00.481+0800: 707.539: Application time: 13.0097967 seconds
2021-12-27T09:30:01.482+0800: 708.540: Application time: 1.0006465 seconds
2021-12-27T09:30:05.483+0800: 712.541: Application time: 4.0005878 seconds
2021-12-27T09:30:06.483+0800: 713.541: Application time: 1.0003262 seconds
2021-12-27T09:30:07.462+0800: 714.543: Application time: 1.0012804 seconds
2021-12-27T09:30:17.472+0800: 724.553: Application time: 10.0095529 seconds
2021-12-27T09:30:30.483+0800: 737.564: Application time: 13.0109111 seconds
2021-12-27T09:30:33.484+0800: 740.565: Application time: 3.0006214 seconds
2021-12-27T09:30:41.471+0800: 748.575: Application time: 8.0082386 seconds
2021-12-27T09:30:48.473+0800: 755.577: Application time: 7.0019882 seconds
2021-12-27T09:31:00.479+0800: 767.583: Application time: 12.0058608 seconds
2021-12-27T09:31:05.481+0800: 772.586: Application time: 5.0024272 seconds
2021-12-27T09:31:06.484+0800: 773.588: Application time: 1.0018410 seconds
2021-12-27T09:31:13.473+0800: 780.601: Application time: 7.0125585 seconds
2021-12-27T09:31:24.484+0800: 791.611: Application time: 11.0103506 seconds
2021-12-27T09:31:25.485+0800: 792.612: Application time: 1.0004107 seconds
2021-12-27T09:31:34.493+0800: 801.620: Application time: 9.0080896 seconds
2021-12-27T09:31:36.494+0800: 803.622: Application time: 2.0012317 seconds
2021-12-27T09:31:37.473+0800: 804.624: Application time: 1.0015940 seconds
2021-12-27T09:31:38.477+0800: 805.628: Application time: 1.0044744 seconds
2021-12-27T09:31:39.482+0800: 806.633: Application time: 1.0042118 seconds
2021-12-27T09:31:41.485+0800: 808.636: Application time: 2.0030587 seconds
2021-12-27T09:32:00.509+0800: 827.659: Application time: 19.0211923 seconds
2021-12-27T09:32:16.496+0800: 843.670: Application time: 16.0100143 seconds
2021-12-27T09:32:17.497+0800: 844.671: Application time: 1.0002131 seconds
2021-12-27T09:32:30.503+0800: 857.677: Application time: 13.0058354 seconds
2021-12-27T09:32:32.504+0800: 859.678: Application time: 2.0011180 seconds
2021-12-27T09:32:36.505+0800: 863.679: Application time: 4.0010673 seconds
2021-12-27T09:32:45.493+0800: 872.690: Application time: 9.0108772 seconds
2021-12-27T09:32:58.503+0800: 885.700: Application time: 13.0099279 seconds
2021-12-27T09:33:00.380+0800: 887.578: Application time: 1.8770577 seconds
2021-12-27T09:33:01.381+0800: 888.578: Application time: 1.0002709 seconds
2021-12-27T09:33:02.381+0800: 889.579: Application time: 1.0002456 seconds
2021-12-27T09:33:06.384+0800: 893.581: Application time: 4.0020350 seconds
2021-12-27T09:33:07.428+0800: 894.581: Application time: 1.0002472 seconds
2021-12-27T09:33:30.453+0800: 917.607: Application time: 23.0255662 seconds
2021-12-27T09:33:32.460+0800: 919.614: Application time: 2.0003860 seconds
2021-12-27T09:33:36.462+0800: 923.616: Application time: 4.0016470 seconds
2021-12-27T09:33:41.441+0800: 928.618: Application time: 5.0019181 seconds
2021-12-27T09:33:44.450+0800: 931.627: Application time: 3.0073306 seconds
2021-12-27T09:34:00.464+0800: 947.641: Application time: 16.0136026 seconds
2021-12-27T09:34:06.472+0800: 953.650: Application time: 6.0083599 seconds
2021-12-27T09:34:15.450+0800: 962.658: Application time: 9.0082506 seconds
2021-12-27T09:34:30.459+0800: 977.667: Application time: 15.0088454 seconds
2021-12-27T09:34:32.460+0800: 979.669: Application time: 2.0009670 seconds
2021-12-27T09:34:36.470+0800: 983.679: Application time: 4.0100114 seconds
2021-12-27T09:34:37.457+0800: 984.680: Application time: 1.0002789 seconds
2021-12-27T09:34:39.458+0800: 986.681: Application time: 2.0008112 seconds
2021-12-27T09:34:42.460+0800: 989.683: Application time: 3.0012766 seconds
2021-12-27T09:34:53.755+0800: 1000.978: Application time: 11.2950454 seconds
{Heap before GC invocations=94 (full 3):
 par new generation   total 47936K, used 45576K [0x0000000724400000, 0x0000000727800000, 0x00000007390c0000)
  eden space 42624K, 100% used [0x0000000724400000, 0x0000000726da0000, 0x0000000726da0000)
  from space 5312K,  55% used [0x0000000726da0000, 0x0000000727082128, 0x00000007272d0000)
  to   space 5312K,   0% used [0x00000007272d0000, 0x00000007272d0000, 0x0000000727800000)
 concurrent mark-sweep generation total 106496K, used 44761K [0x00000007390c0000, 0x000000073f8c0000, 0x00000007c0000000)
 Metaspace       used 94956K, capacity 100077K, committed 100416K, reserved 1136640K
  class space    used 12416K, capacity 13289K, committed 13404K, reserved 1048576K
2021-12-27T09:34:53.757+0800: 1000.980: [GC (Allocation Failure) 2021-12-27T09:34:53.758+0800: 1000.981: [ParNew: 45576K->3107K(47936K), 0.0076919 secs] 90337K->47868K(154432K), 0.0092031 secs] [Times: user=0.02 sys=0.00, real=0.01 secs] 
Heap after GC invocations=95 (full 3):
 par new generation   total 47936K, used 3107K [0x0000000724400000, 0x0000000727800000, 0x00000007390c0000)
  eden space 42624K,   0% used [0x0000000724400000, 0x0000000724400000, 0x0000000726da0000)
  from space 5312K,  58% used [0x00000007272d0000, 0x00000007275d8ca0, 0x0000000727800000)
  to   space 5312K,   0% used [0x0000000726da0000, 0x0000000726da0000, 0x00000007272d0000)
 concurrent mark-sweep generation total 106496K, used 44761K [0x00000007390c0000, 0x000000073f8c0000, 0x00000007c0000000)
 Metaspace       used 94956K, capacity 100077K, committed 100416K, reserved 1136640K
  class space    used 12416K, capacity 13289K, committed 13404K, reserved 1048576K
}
2021-12-27T09:35:00.774+0800: 1007.996: Application time: 7.0054945 seconds
2021-12-27T09:35:06.758+0800: 1014.004: Application time: 6.0073099 seconds
2021-12-27T09:35:19.768+0800: 1027.014: Application time: 13.0100374 seconds
2021-12-27T09:35:21.771+0800: 1029.017: Application time: 2.0025167 seconds
2021-12-27T09:35:22.772+0800: 1030.024: Application time: 1.0067221 seconds
2021-12-27T09:35:25.784+0800: 1033.030: Application time: 3.0041761 seconds
2021-12-27T09:35:30.790+0800: 1038.037: Application time: 5.0065789 seconds
2021-12-27T09:35:32.794+0800: 1040.040: Application time: 2.0031710 seconds
2021-12-27T09:35:36.772+0800: 1044.042: Application time: 4.0014220 seconds
2021-12-27T09:36:00.420+0800: 1067.690: Application time: 23.6446756 seconds
2021-12-27T09:36:00.430+0800: 1067.699: Application time: 0.0089793 seconds
2021-12-27T09:36:01.430+0800: 1068.700: Application time: 1.0001539 seconds
2021-12-27T09:36:07.409+0800: 1074.702: Application time: 6.0022958 seconds
2021-12-27T09:36:13.412+0800: 1080.705: Application time: 6.0030296 seconds
2021-12-27T09:36:30.454+0800: 1097.747: Application time: 17.0413256 seconds
2021-12-27T09:36:35.456+0800: 1102.749: Application time: 5.0020868 seconds
2021-12-27T09:36:36.457+0800: 1103.750: Application time: 1.0003207 seconds
2021-12-27T09:36:41.435+0800: 1108.751: Application time: 5.0013030 seconds
2021-12-27T09:36:50.439+0800: 1117.755: Application time: 9.0027282 seconds
2021-12-27T09:36:55.441+0800: 1122.757: Application time: 5.0015757 seconds
2021-12-27T09:36:56.441+0800: 1123.757: Application time: 1.0002982 seconds
2021-12-27T09:37:00.443+0800: 1127.759: Application time: 4.0011521 seconds
2021-12-27T09:37:01.443+0800: 1128.759: Application time: 1.0001886 seconds
2021-12-27T09:37:02.443+0800: 1129.759: Application time: 1.0002095 seconds
2021-12-27T09:37:05.445+0800: 1132.761: Application time: 3.0013545 seconds
2021-12-27T09:37:06.445+0800: 1133.761: Application time: 1.0001248 seconds
2021-12-27T09:37:07.422+0800: 1134.761: Application time: 1.0000658 seconds
2021-12-27T09:37:31.433+0800: 1158.773: Application time: 24.0109919 seconds
2021-12-27T09:37:34.434+0800: 1161.774: Application time: 3.0009337 seconds
2021-12-27T09:37:36.412+0800: 1163.774: Application time: 2.0003120 seconds
2021-12-27T09:37:42.413+0800: 1169.776: Application time: 6.0015692 seconds
2021-12-27T09:38:00.422+0800: 1187.784: Application time: 18.0092387 seconds
2021-12-27T09:38:02.424+0800: 1189.786: Application time: 2.0005626 seconds
2021-12-27T09:38:07.402+0800: 1194.788: Application time: 5.0012762 seconds
2021-12-27T09:38:21.405+0800: 1208.791: Application time: 14.0029124 seconds
2021-12-27T09:38:30.342+0800: 1217.728: Application time: 8.9369087 seconds
2021-12-27T09:38:36.346+0800: 1223.731: Application time: 6.0033229 seconds
2021-12-27T09:38:43.326+0800: 1230.735: Application time: 7.0034197 seconds
2021-12-27T09:39:00.332+0800: 1247.741: Application time: 17.0054205 seconds
2021-12-27T09:39:01.333+0800: 1248.742: Application time: 1.0004354 seconds
2021-12-27T09:39:06.336+0800: 1253.745: Application time: 5.0026152 seconds
2021-12-27T09:39:07.316+0800: 1254.748: Application time: 1.0029093 seconds
2021-12-27T09:39:08.317+0800: 1255.749: Application time: 1.0010670 seconds
2021-12-27T09:39:15.321+0800: 1262.753: Application time: 7.0031587 seconds
2021-12-27T09:39:21.322+0800: 1268.754: Application time: 6.0016476 seconds
2021-12-27T09:39:25.330+0800: 1272.762: Application time: 4.0061079 seconds
2021-12-27T09:39:30.309+0800: 1277.741: Application time: 4.9785733 seconds
2021-12-27T09:39:31.311+0800: 1278.743: Application time: 1.0006070 seconds
2021-12-27T09:39:34.312+0800: 1281.744: Application time: 3.0008095 seconds
2021-12-27T09:39:35.312+0800: 1282.744: Application time: 1.0004287 seconds
2021-12-27T09:39:37.291+0800: 1284.745: Application time: 2.0008268 seconds
2021-12-27T09:39:52.296+0800: 1299.750: Application time: 15.0048096 seconds
2021-12-27T09:40:06.299+0800: 1313.754: Application time: 14.0031875 seconds
2021-12-27T09:40:07.276+0800: 1314.754: Application time: 1.0001615 seconds
2021-12-27T09:40:14.284+0800: 1321.763: Application time: 7.0086279 seconds
2021-12-27T09:40:16.310+0800: 1323.788: Application time: 2.0252960 seconds
{Heap before GC invocations=95 (full 3):
 par new generation   total 47936K, used 45731K [0x0000000724400000, 0x0000000727800000, 0x00000007390c0000)
  eden space 42624K, 100% used [0x0000000724400000, 0x0000000726da0000, 0x0000000726da0000)
  from space 5312K,  58% used [0x00000007272d0000, 0x00000007275d8ca0, 0x0000000727800000)
  to   space 5312K,   0% used [0x0000000726da0000, 0x0000000726da0000, 0x00000007272d0000)
 concurrent mark-sweep generation total 106496K, used 44761K [0x00000007390c0000, 0x000000073f8c0000, 0x00000007c0000000)
 Metaspace       used 95123K, capacity 100265K, committed 100416K, reserved 1136640K
  class space    used 12422K, capacity 13299K, committed 13404K, reserved 1048576K
2021-12-27T09:40:16.313+0800: 1323.791: [GC (Allocation Failure) 2021-12-27T09:40:16.313+0800: 1323.791: [ParNew: 45731K->3137K(47936K), 0.0080681 secs] 90492K->47898K(154432K), 0.0092107 secs] [Times: user=0.02 sys=0.00, real=0.01 secs] 
Heap after GC invocations=96 (full 3):
 par new generation   total 47936K, used 3137K [0x0000000724400000, 0x0000000727800000, 0x00000007390c0000)
  eden space 42624K,   0% used [0x0000000724400000, 0x0000000724400000, 0x0000000726da0000)
  from space 5312K,  59% used [0x0000000726da0000, 0x00000007270b0488, 0x00000007272d0000)
  to   space 5312K,   0% used [0x00000007272d0000, 0x00000007272d0000, 0x0000000727800000)
 concurrent mark-sweep generation total 106496K, used 44761K [0x00000007390c0000, 0x000000073f8c0000, 0x00000007c0000000)
 Metaspace       used 95123K, capacity 100265K, committed 100416K, reserved 1136640K
  class space    used 12422K, capacity 13299K, committed 13404K, reserved 1048576K
}
2021-12-27T09:40:24.325+0800: 1331.803: Application time: 8.0023641 seconds
2021-12-27T09:40:30.326+0800: 1337.804: Application time: 6.0013535 seconds
2021-12-27T09:40:32.328+0800: 1339.807: Application time: 2.0019350 seconds
2021-12-27T09:40:36.370+0800: 1343.811: Application time: 4.0041993 seconds
2021-12-27T09:40:37.370+0800: 1344.813: Application time: 1.0019987 seconds
2021-12-27T09:40:49.382+0800: 1356.824: Application time: 12.0103111 seconds
2021-12-27T09:41:01.390+0800: 1368.831: Application time: 12.0070280 seconds
2021-12-27T09:41:06.372+0800: 1373.836: Application time: 5.0051265 seconds
2021-12-27T09:41:07.373+0800: 1374.836: Application time: 1.0001601 seconds
2021-12-27T09:41:09.373+0800: 1376.837: Application time: 2.0005086 seconds
2021-12-27T09:41:13.375+0800: 1380.839: Application time: 4.0020327 seconds
2021-12-27T09:41:21.383+0800: 1388.847: Application time: 8.0073006 seconds
2021-12-27T09:41:26.388+0800: 1393.851: Application time: 5.0043471 seconds
2021-12-27T09:41:30.388+0800: 1397.852: Application time: 4.0007666 seconds
2021-12-27T09:41:31.390+0800: 1398.853: Application time: 1.0008964 seconds
2021-12-27T09:41:32.390+0800: 1399.854: Application time: 1.0004083 seconds
2021-12-27T09:41:36.369+0800: 1403.855: Application time: 4.0011077 seconds
2021-12-27T09:41:48.378+0800: 1415.864: Application time: 12.0088202 seconds
2021-12-27T09:41:59.387+0800: 1426.873: Application time: 11.0068252 seconds
2021-12-27T09:42:00.387+0800: 1427.874: Application time: 1.0001482 seconds
2021-12-27T09:42:02.388+0800: 1429.874: Application time: 2.0004431 seconds
2021-12-27T09:42:06.367+0800: 1433.876: Application time: 4.0012457 seconds
2021-12-27T09:42:07.367+0800: 1434.876: Application time: 1.0003502 seconds
2021-12-27T09:42:08.368+0800: 1435.877: Application time: 1.0007978 seconds
2021-12-27T09:42:09.369+0800: 1436.878: Application time: 1.0003382 seconds
2021-12-27T09:42:21.375+0800: 1448.884: Application time: 12.0061761 seconds
2021-12-27T09:42:23.378+0800: 1450.887: Application time: 2.0023222 seconds
2021-12-27T09:42:26.380+0800: 1453.889: Application time: 3.0019082 seconds
2021-12-27T09:42:28.381+0800: 1455.890: Application time: 2.0011140 seconds
2021-12-27T09:42:32.385+0800: 1459.894: Application time: 4.0035577 seconds
2021-12-27T09:42:34.386+0800: 1461.895: Application time: 2.0004784 seconds
2021-12-27T09:42:36.366+0800: 1463.898: Application time: 2.0058338 seconds
2021-12-27T09:42:37.370+0800: 1464.901: Application time: 1.0002864 seconds
2021-12-27T09:42:39.372+0800: 1466.904: Application time: 2.0023228 seconds
2021-12-27T09:43:00.277+0800: 1487.808: Application time: 20.9044150 seconds
2021-12-27T09:43:01.277+0800: 1488.809: Application time: 1.0002498 seconds
2021-12-27T09:43:03.229+0800: 1490.760: Application time: 1.9515973 seconds
2021-12-27T09:43:03.302+0800: 1490.834: Application time: 0.0732172 seconds
2021-12-27T09:43:03.561+0800: 1491.092: Application time: 0.2584012 seconds
2021-12-27T09:43:04.158+0800: 1491.690: Application time: 0.5970280 seconds
2021-12-27T09:43:06.159+0800: 1493.690: Application time: 2.0005195 seconds
2021-12-27T09:43:12.140+0800: 1499.694: Application time: 6.0031162 seconds
2021-12-27T09:43:15.141+0800: 1502.694: Application time: 3.0004757 seconds
2021-12-27T09:43:44.144+0800: 1531.710: Application time: 29.0154836 seconds
2021-12-27T09:43:45.145+0800: 1532.711: Application time: 1.0006733 seconds
2021-12-27T09:44:00.152+0800: 1547.719: Application time: 15.0054227 seconds
2021-12-27T09:44:01.153+0800: 1548.719: Application time: 1.0001657 seconds
2021-12-27T09:44:06.154+0800: 1553.720: Application time: 5.0010064 seconds
2021-12-27T09:44:07.134+0800: 1554.722: Application time: 1.0013472 seconds
2021-12-27T09:44:34.150+0800: 1581.738: Application time: 27.0156865 seconds
2021-12-27T09:44:36.151+0800: 1583.738: Application time: 2.0004186 seconds
2021-12-27T09:45:01.139+0800: 1608.749: Application time: 25.0109055 seconds
2021-12-27T09:45:05.141+0800: 1612.751: Application time: 4.0019897 seconds
2021-12-27T09:45:07.121+0800: 1614.754: Application time: 2.0021882 seconds
2021-12-27T09:45:21.126+0800: 1628.758: Application time: 14.0045658 seconds
2021-12-27T09:45:44.595+0800: 1652.250: Application time: 23.4913399 seconds
{Heap before GC invocations=96 (full 3):
 par new generation   total 47936K, used 45761K [0x0000000724400000, 0x0000000727800000, 0x00000007390c0000)
  eden space 42624K, 100% used [0x0000000724400000, 0x0000000726da0000, 0x0000000726da0000)
  from space 5312K,  59% used [0x0000000726da0000, 0x00000007270b0488, 0x00000007272d0000)
  to   space 5312K,   0% used [0x00000007272d0000, 0x00000007272d0000, 0x0000000727800000)
 concurrent mark-sweep generation total 106496K, used 44761K [0x00000007390c0000, 0x000000073f8c0000, 0x00000007c0000000)
 Metaspace       used 95289K, capacity 100465K, committed 100672K, reserved 1136640K
  class space    used 12423K, capacity 13299K, committed 13404K, reserved 1048576K
2021-12-27T09:45:44.597+0800: 1652.252: [GC (Allocation Failure) 2021-12-27T09:45:44.597+0800: 1652.252: [ParNew: 45761K->3724K(47936K), 0.0084854 secs] 90522K->48485K(154432K), 0.0095788 secs] [Times: user=0.02 sys=0.00, real=0.01 secs] 
Heap after GC invocations=97 (full 3):
 par new generation   total 47936K, used 3724K [0x0000000724400000, 0x0000000727800000, 0x00000007390c0000)
  eden space 42624K,   0% used [0x0000000724400000, 0x0000000724400000, 0x0000000726da0000)
  from space 5312K,  70% used [0x00000007272d0000, 0x0000000727673008, 0x0000000727800000)
  to   space 5312K,   0% used [0x0000000726da0000, 0x0000000726da0000, 0x00000007272d0000)
 concurrent mark-sweep generation total 106496K, used 44761K [0x00000007390c0000, 0x000000073f8c0000, 0x00000007c0000000)
 Metaspace       used 95289K, capacity 100465K, committed 100672K, reserved 1136640K
  class space    used 12423K, capacity 13299K, committed 13404K, reserved 1048576K
}
2021-12-27T09:46:00.614+0800: 1668.269: Application time: 16.0069087 seconds
2021-12-27T09:46:04.616+0800: 1672.271: Application time: 4.0018833 seconds
2021-12-27T09:46:06.595+0800: 1674.272: Application time: 2.0007939 seconds
2021-12-27T09:46:07.595+0800: 1675.273: Application time: 1.0002714 seconds
2021-12-27T09:46:36.582+0800: 1704.283: Application time: 29.0104807 seconds
2021-12-27T09:46:37.584+0800: 1705.284: Application time: 1.0002522 seconds
2021-12-27T09:46:39.705+0800: 1707.405: Application time: 2.1210692 seconds
{Heap before GC invocations=97 (full 3):
 par new generation   total 47936K, used 46348K [0x0000000724400000, 0x0000000727800000, 0x00000007390c0000)
  eden space 42624K, 100% used [0x0000000724400000, 0x0000000726da0000, 0x0000000726da0000)
  from space 5312K,  70% used [0x00000007272d0000, 0x0000000727673008, 0x0000000727800000)
  to   space 5312K,   0% used [0x0000000726da0000, 0x0000000726da0000, 0x00000007272d0000)
 concurrent mark-sweep generation total 106496K, used 44761K [0x00000007390c0000, 0x000000073f8c0000, 0x00000007c0000000)
 Metaspace       used 95322K, capacity 100465K, committed 100672K, reserved 1136640K
  class space    used 12423K, capacity 13299K, committed 13404K, reserved 1048576K
2021-12-27T09:46:39.705+0800: 1707.405: [GC (Allocation Failure) 2021-12-27T09:46:39.706+0800: 1707.406: [ParNew: 46348K->2352K(47936K), 0.0079671 secs] 91109K->47547K(154432K), 0.0094455 secs] [Times: user=0.02 sys=0.00, real=0.01 secs] 
