OpenJDK 64-Bit Server VM (25.212-b04) for linux-amd64 JRE (1.8.0_212-b04), built on May  4 2019 17:56:12 by "buildozer" with gcc 8.3.0
Memory: 4k page, physical 10203724k(8270424k free), swap 1048572k(1048572k free)
CommandLine flags: -XX:+CMSClassUnloadingEnabled -XX:CMSFullGCsBeforeCompaction=9 -XX:CMSInitiatingOccupancyFraction=60 -XX:+CMSParallelRemarkEnabled -XX:+DisableExplicitGC -XX:+ExplicitGCInvokesConcurrent -XX:GCLogFileSize=5242880 -XX:+HeapDumpOnOutOfMemoryError -XX:HeapDumpPath=/opt/logs/100003172/HeapDumpOnOutOfMemoryError/ -XX:InitialHeapSize=163259584 -XX:MaxHeapSize=2612153344 -XX:MaxNewSize=348966912 -XX:MaxTenuringThreshold=9 -XX:NumberOfGCLogFiles=5 -XX:OldPLABSize=16 -XX:-OmitStackTraceInFastThrow -XX:ParallelGCThreads=4 -XX:+PrintGC -XX:+PrintGCApplicationConcurrentTime -XX:+PrintGCDateStamps -XX:+PrintGCDetails -XX:+PrintGCTimeStamps -XX:+PrintHeapAtGC -XX:+ScavengeBeforeFullGC -XX:SoftRefLRUPolicyMSPerMB=0 -XX:+UseCMSCompactAtFullCollection -XX:+UseCMSInitiatingOccupancyOnly -XX:+UseCompressedClassPointers -XX:+UseCompressedOops -XX:+UseConcMarkSweepGC -XX:+UseGCLogFileRotation -XX:+UseParNewGC 
2021-12-27T09:18:13.973+0800: 1.154: Application time: 0.7847225 seconds
2021-12-27T09:18:14.988+0800: 2.169: Application time: 1.0079578 seconds
2021-12-27T09:18:16.152+0800: 3.333: Application time: 1.0089310 seconds
2021-12-27T09:18:17.166+0800: 4.347: Application time: 1.0001464 seconds
2021-12-27T09:18:17.251+0800: 4.432: Application time: 0.0817314 seconds
2021-12-27T09:18:18.260+0800: 5.441: Application time: 1.0071096 seconds
2021-12-27T09:18:19.260+0800: 6.441: Application time: 1.0001846 seconds
2021-12-27T09:18:20.271+0800: 7.452: Application time: 1.0076632 seconds
2021-12-27T09:18:21.383+0800: 8.564: Application time: 1.0027691 seconds
2021-12-27T09:18:21.943+0800: 9.124: Application time: 0.4911720 seconds
{Heap before GC invocations=0 (full 0):
 par new generation   total 47936K, used 42624K [0x0000000724400000, 0x0000000727800000, 0x00000007390c0000)
  eden space 42624K, 100% used [0x0000000724400000, 0x0000000726da0000, 0x0000000726da0000)
  from space 5312K,   0% used [0x0000000726da0000, 0x0000000726da0000, 0x00000007272d0000)
  to   space 5312K,   0% used [0x00000007272d0000, 0x00000007272d0000, 0x0000000727800000)
 concurrent mark-sweep generation total 106496K, used 0K [0x00000007390c0000, 0x000000073f8c0000, 0x00000007c0000000)
 Metaspace       used 6388K, capacity 6626K, committed 6912K, reserved 1056768K
  class space    used 597K, capacity 697K, committed 768K, reserved 1048576K
2021-12-27T09:18:21.946+0800: 9.127: [GC (Allocation Failure) 2021-12-27T09:18:21.946+0800: 9.127: [ParNew: 42624K->3426K(47936K), 0.0582000 secs] 42624K->3426K(154432K), 0.0870962 secs] [Times: user=0.01 sys=0.00, real=0.10 secs] 
Heap after GC invocations=1 (full 0):
 par new generation   total 47936K, used 3426K [0x0000000724400000, 0x0000000727800000, 0x00000007390c0000)
  eden space 42624K,   0% used [0x0000000724400000, 0x0000000724400000, 0x0000000726da0000)
  from space 5312K,  64% used [0x00000007272d0000, 0x00000007276289f8, 0x0000000727800000)
  to   space 5312K,   0% used [0x0000000726da0000, 0x0000000726da0000, 0x00000007272d0000)
 concurrent mark-sweep generation total 106496K, used 0K [0x00000007390c0000, 0x000000073f8c0000, 0x00000007c0000000)
 Metaspace       used 6388K, capacity 6626K, committed 6912K, reserved 1056768K
  class space    used 597K, capacity 697K, committed 768K, reserved 1048576K
}
2021-12-27T09:18:22.059+0800: 9.240: Application time: 0.0217585 seconds
2021-12-27T09:18:22.066+0800: 9.247: Application time: 0.0005063 seconds
2021-12-27T09:18:22.068+0800: 9.249: Application time: 0.0003896 seconds
2021-12-27T09:18:22.092+0800: 9.273: Application time: 0.0001969 seconds
2021-12-27T09:18:22.092+0800: 9.274: Application time: 0.0039545 seconds
2021-12-27T09:18:22.098+0800: 9.279: Application time: 0.0009208 seconds
2021-12-27T09:18:22.110+0800: 9.291: Application time: 0.0101723 seconds
2021-12-27T09:18:22.122+0800: 9.303: Application time: 0.0008035 seconds
2021-12-27T09:18:22.134+0800: 9.315: Application time: 0.0027172 seconds
2021-12-27T09:18:22.142+0800: 9.324: Application time: 0.0047588 seconds
2021-12-27T09:18:22.145+0800: 9.326: Application time: 0.0022634 seconds
2021-12-27T09:18:22.167+0800: 9.348: Application time: 0.0206543 seconds
2021-12-27T09:18:22.175+0800: 9.356: Application time: 0.0013999 seconds
2021-12-27T09:18:22.181+0800: 9.362: Application time: 0.0060844 seconds
2021-12-27T09:18:22.197+0800: 9.378: Application time: 0.0010981 seconds
2021-12-27T09:18:22.217+0800: 9.398: Application time: 0.0125565 seconds
2021-12-27T09:18:22.236+0800: 9.417: Application time: 0.0001643 seconds
2021-12-27T09:18:22.236+0800: 9.417: Application time: 0.0002575 seconds
2021-12-27T09:18:22.237+0800: 9.418: Application time: 0.0004862 seconds
2021-12-27T09:18:22.259+0800: 9.440: Application time: 0.0140777 seconds
2021-12-27T09:18:22.277+0800: 9.458: Application time: 0.0013018 seconds
2021-12-27T09:18:22.278+0800: 9.459: Application time: 0.0003858 seconds
2021-12-27T09:18:22.280+0800: 9.461: Application time: 0.0004755 seconds
2021-12-27T09:18:22.296+0800: 9.477: Application time: 0.0068283 seconds
2021-12-27T09:18:22.305+0800: 9.486: Application time: 0.0044574 seconds
2021-12-27T09:18:22.770+0800: 9.951: Application time: 0.4570733 seconds
2021-12-27T09:18:23.779+0800: 10.961: Application time: 1.0097683 seconds
2021-12-27T09:18:24.599+0800: 11.780: Application time: 0.8038776 seconds
{Heap before GC invocations=1 (full 0):
 par new generation   total 47936K, used 46050K [0x0000000724400000, 0x0000000727800000, 0x00000007390c0000)
  eden space 42624K, 100% used [0x0000000724400000, 0x0000000726da0000, 0x0000000726da0000)
  from space 5312K,  64% used [0x00000007272d0000, 0x00000007276289f8, 0x0000000727800000)
  to   space 5312K,   0% used [0x0000000726da0000, 0x0000000726da0000, 0x00000007272d0000)
 concurrent mark-sweep generation total 106496K, used 0K [0x00000007390c0000, 0x000000073f8c0000, 0x00000007c0000000)
 Metaspace       used 8171K, capacity 8458K, committed 8704K, reserved 1056768K
  class space    used 819K, capacity 921K, committed 1024K, reserved 1048576K
2021-12-27T09:18:24.600+0800: 11.781: [GC (Allocation Failure) 2021-12-27T09:18:24.600+0800: 11.781: [ParNew: 46050K->2764K(47936K), 0.1647948 secs] 46050K->4876K(154432K), 0.1657331 secs] [Times: user=0.03 sys=0.00, real=0.16 secs] 
Heap after GC invocations=2 (full 0):
 par new generation   total 47936K, used 2764K [0x0000000724400000, 0x0000000727800000, 0x00000007390c0000)
  eden space 42624K,   0% used [0x0000000724400000, 0x0000000724400000, 0x0000000726da0000)
  from space 5312K,  52% used [0x0000000726da0000, 0x00000007270532c0, 0x00000007272d0000)
  to   space 5312K,   0% used [0x00000007272d0000, 0x00000007272d0000, 0x0000000727800000)
 concurrent mark-sweep generation total 106496K, used 2112K [0x00000007390c0000, 0x000000073f8c0000, 0x00000007c0000000)
 Metaspace       used 8171K, capacity 8458K, committed 8704K, reserved 1056768K
  class space    used 819K, capacity 921K, committed 1024K, reserved 1048576K
}
2021-12-27T09:18:24.768+0800: 11.949: Application time: 0.0013981 seconds
2021-12-27T09:18:24.768+0800: 11.949: Application time: 0.0000733 seconds
2021-12-27T09:18:24.768+0800: 11.949: Application time: 0.0000872 seconds
2021-12-27T09:18:24.768+0800: 11.949: Application time: 0.0000716 seconds
2021-12-27T09:18:24.768+0800: 11.950: Application time: 0.0005662 seconds
2021-12-27T09:18:24.770+0800: 11.951: Application time: 0.0010135 seconds
2021-12-27T09:18:24.770+0800: 11.951: Application time: 0.0006187 seconds
2021-12-27T09:18:24.771+0800: 11.952: Application time: 0.0000914 seconds
2021-12-27T09:18:24.773+0800: 11.954: Application time: 0.0016197 seconds
2021-12-27T09:18:24.773+0800: 11.954: Application time: 0.0000538 seconds
2021-12-27T09:18:24.773+0800: 11.954: Application time: 0.0000234 seconds
2021-12-27T09:18:24.773+0800: 11.954: Application time: 0.0000267 seconds
2021-12-27T09:18:24.773+0800: 11.954: Application time: 0.0000317 seconds
2021-12-27T09:18:24.773+0800: 11.954: Application time: 0.0000219 seconds
2021-12-27T09:18:24.773+0800: 11.954: Application time: 0.0000215 seconds
2021-12-27T09:18:24.782+0800: 11.963: Application time: 0.0088379 seconds
2021-12-27T09:18:24.782+0800: 11.963: Application time: 0.0000579 seconds
2021-12-27T09:18:24.782+0800: 11.964: Application time: 0.0000339 seconds
2021-12-27T09:18:24.783+0800: 11.965: Application time: 0.0011593 seconds
2021-12-27T09:18:24.784+0800: 11.965: Application time: 0.0001065 seconds
2021-12-27T09:18:25.202+0800: 12.383: Application time: 0.4177006 seconds
2021-12-27T09:18:25.703+0800: 12.884: Application time: 0.5009568 seconds
2021-12-27T09:18:26.345+0800: 13.526: Application time: 0.6415176 seconds
{Heap before GC invocations=2 (full 0):
 par new generation   total 47936K, used 45388K [0x0000000724400000, 0x0000000727800000, 0x00000007390c0000)
  eden space 42624K, 100% used [0x0000000724400000, 0x0000000726da0000, 0x0000000726da0000)
  from space 5312K,  52% used [0x0000000726da0000, 0x00000007270532c0, 0x00000007272d0000)
  to   space 5312K,   0% used [0x00000007272d0000, 0x00000007272d0000, 0x0000000727800000)
 concurrent mark-sweep generation total 106496K, used 2112K [0x00000007390c0000, 0x000000073f8c0000, 0x00000007c0000000)
 Metaspace       used 9831K, capacity 10090K, committed 10112K, reserved 1058816K
  class space    used 1039K, capacity 1145K, committed 1152K, reserved 1048576K
2021-12-27T09:18:26.346+0800: 13.527: [GC (Allocation Failure) 2021-12-27T09:18:26.346+0800: 13.528: [ParNew: 45388K->1802K(47936K), 0.0370243 secs] 47500K->3914K(154432K), 0.0381295 secs] [Times: user=0.01 sys=0.00, real=0.04 secs] 
Heap after GC invocations=3 (full 0):
 par new generation   total 47936K, used 1802K [0x0000000724400000, 0x0000000727800000, 0x00000007390c0000)
  eden space 42624K,   0% used [0x0000000724400000, 0x0000000724400000, 0x0000000726da0000)
  from space 5312K,  33% used [0x00000007272d0000, 0x0000000727492ad0, 0x0000000727800000)
  to   space 5312K,   0% used [0x0000000726da0000, 0x0000000726da0000, 0x00000007272d0000)
 concurrent mark-sweep generation total 106496K, used 2112K [0x00000007390c0000, 0x000000073f8c0000, 0x00000007c0000000)
 Metaspace       used 9831K, capacity 10090K, committed 10112K, reserved 1058816K
  class space    used 1039K, capacity 1145K, committed 1152K, reserved 1048576K
}
2021-12-27T09:18:26.386+0800: 13.567: Application time: 0.0010891 seconds
2021-12-27T09:18:26.386+0800: 13.567: Application time: 0.0002323 seconds
2021-12-27T09:18:27.387+0800: 14.568: Application time: 1.0004669 seconds
2021-12-27T09:18:28.311+0800: 15.493: Application time: 0.8838435 seconds
{Heap before GC invocations=3 (full 0):
 par new generation   total 47936K, used 44426K [0x0000000724400000, 0x0000000727800000, 0x00000007390c0000)
  eden space 42624K, 100% used [0x0000000724400000, 0x0000000726da0000, 0x0000000726da0000)
  from space 5312K,  33% used [0x00000007272d0000, 0x0000000727492ad0, 0x0000000727800000)
  to   space 5312K,   0% used [0x0000000726da0000, 0x0000000726da0000, 0x00000007272d0000)
 concurrent mark-sweep generation total 106496K, used 2112K [0x00000007390c0000, 0x000000073f8c0000, 0x00000007c0000000)
 Metaspace       used 11520K, capacity 11764K, committed 11904K, reserved 1060864K
  class space    used 1242K, capacity 1341K, committed 1408K, reserved 1048576K
2021-12-27T09:18:28.314+0800: 15.495: [GC (Allocation Failure) 2021-12-27T09:18:28.315+0800: 15.496: [ParNew: 44426K->2381K(47936K), 0.0421578 secs] 46538K->4493K(154432K), 0.0436522 secs] [Times: user=0.01 sys=0.00, real=0.05 secs] 
Heap after GC invocations=4 (full 0):
 par new generation   total 47936K, used 2381K [0x0000000724400000, 0x0000000727800000, 0x00000007390c0000)
  eden space 42624K,   0% used [0x0000000724400000, 0x0000000724400000, 0x0000000726da0000)
  from space 5312K,  44% used [0x0000000726da0000, 0x0000000726ff36d8, 0x00000007272d0000)
  to   space 5312K,   0% used [0x00000007272d0000, 0x00000007272d0000, 0x0000000727800000)
 concurrent mark-sweep generation total 106496K, used 2112K [0x00000007390c0000, 0x000000073f8c0000, 0x00000007c0000000)
 Metaspace       used 11520K, capacity 11764K, committed 11904K, reserved 1060864K
  class space    used 1242K, capacity 1341K, committed 1408K, reserved 1048576K
}
2021-12-27T09:18:29.360+0800: 16.541: Application time: 1.0002170 seconds
2021-12-27T09:18:29.816+0800: 16.997: Application time: 0.4553377 seconds
{Heap before GC invocations=4 (full 0):
 par new generation   total 47936K, used 45005K [0x0000000724400000, 0x0000000727800000, 0x00000007390c0000)
  eden space 42624K, 100% used [0x0000000724400000, 0x0000000726da0000, 0x0000000726da0000)
  from space 5312K,  44% used [0x0000000726da0000, 0x0000000726ff36d8, 0x00000007272d0000)
  to   space 5312K,   0% used [0x00000007272d0000, 0x00000007272d0000, 0x0000000727800000)
 concurrent mark-sweep generation total 106496K, used 2112K [0x00000007390c0000, 0x000000073f8c0000, 0x00000007c0000000)
 Metaspace       used 12554K, capacity 12840K, committed 13056K, reserved 1060864K
  class space    used 1375K, capacity 1487K, committed 1536K, reserved 1048576K
2021-12-27T09:18:29.817+0800: 16.998: [GC (Allocation Failure) 2021-12-27T09:18:29.818+0800: 16.999: [ParNew: 45005K->3357K(47936K), 0.0733907 secs] 47117K->5469K(154432K), 0.0758189 secs] [Times: user=0.02 sys=0.00, real=0.07 secs] 
Heap after GC invocations=5 (full 0):
 par new generation   total 47936K, used 3357K [0x0000000724400000, 0x0000000727800000, 0x00000007390c0000)
  eden space 42624K,   0% used [0x0000000724400000, 0x0000000724400000, 0x0000000726da0000)
  from space 5312K,  63% used [0x00000007272d0000, 0x0000000727617660, 0x0000000727800000)
  to   space 5312K,   0% used [0x0000000726da0000, 0x0000000726da0000, 0x00000007272d0000)
 concurrent mark-sweep generation total 106496K, used 2112K [0x00000007390c0000, 0x000000073f8c0000, 0x00000007c0000000)
 Metaspace       used 12554K, capacity 12840K, committed 13056K, reserved 1060864K
  class space    used 1375K, capacity 1487K, committed 1536K, reserved 1048576K
}
2021-12-27T09:18:30.903+0800: 18.084: Application time: 1.0081353 seconds
2021-12-27T09:18:31.475+0800: 18.656: Application time: 0.5326205 seconds
{Heap before GC invocations=5 (full 0):
 par new generation   total 47936K, used 45981K [0x0000000724400000, 0x0000000727800000, 0x00000007390c0000)
  eden space 42624K, 100% used [0x0000000724400000, 0x0000000726da0000, 0x0000000726da0000)
  from space 5312K,  63% used [0x00000007272d0000, 0x0000000727617660, 0x0000000727800000)
  to   space 5312K,   0% used [0x0000000726da0000, 0x0000000726da0000, 0x00000007272d0000)
 concurrent mark-sweep generation total 106496K, used 2112K [0x00000007390c0000, 0x000000073f8c0000, 0x00000007c0000000)
 Metaspace       used 13162K, capacity 13476K, committed 13696K, reserved 1060864K
  class space    used 1460K, capacity 1569K, committed 1664K, reserved 1048576K
2021-12-27T09:18:31.475+0800: 18.657: [GC (Allocation Failure) 2021-12-27T09:18:31.476+0800: 18.657: [ParNew: 45981K->3035K(47936K), 0.1011984 secs] 48093K->5147K(154432K), 0.1029342 secs] [Times: user=0.01 sys=0.00, real=0.11 secs] 
Heap after GC invocations=6 (full 0):
 par new generation   total 47936K, used 3035K [0x0000000724400000, 0x0000000727800000, 0x00000007390c0000)
  eden space 42624K,   0% used [0x0000000724400000, 0x0000000724400000, 0x0000000726da0000)
  from space 5312K,  57% used [0x0000000726da0000, 0x0000000727096c90, 0x00000007272d0000)
  to   space 5312K,   0% used [0x00000007272d0000, 0x00000007272d0000, 0x0000000727800000)
 concurrent mark-sweep generation total 106496K, used 2112K [0x00000007390c0000, 0x000000073f8c0000, 0x00000007c0000000)
 Metaspace       used 13162K, capacity 13476K, committed 13696K, reserved 1060864K
  class space    used 1460K, capacity 1569K, committed 1664K, reserved 1048576K
}
2021-12-27T09:18:32.584+0800: 19.765: Application time: 1.0036021 seconds
2021-12-27T09:18:32.864+0800: 20.046: Application time: 0.2769610 seconds
{Heap before GC invocations=6 (full 0):
 par new generation   total 47936K, used 45659K [0x0000000724400000, 0x0000000727800000, 0x00000007390c0000)
  eden space 42624K, 100% used [0x0000000724400000, 0x0000000726da0000, 0x0000000726da0000)
  from space 5312K,  57% used [0x0000000726da0000, 0x0000000727096c90, 0x00000007272d0000)
  to   space 5312K,   0% used [0x00000007272d0000, 0x00000007272d0000, 0x0000000727800000)
 concurrent mark-sweep generation total 106496K, used 2112K [0x00000007390c0000, 0x000000073f8c0000, 0x00000007c0000000)
 Metaspace       used 13707K, capacity 14030K, committed 14336K, reserved 1062912K
  class space    used 1545K, capacity 1668K, committed 1792K, reserved 1048576K
2021-12-27T09:18:32.865+0800: 20.046: [GC (Allocation Failure) 2021-12-27T09:18:32.866+0800: 20.047: [ParNew: 45659K->3100K(47936K), 0.0607209 secs] 47771K->5212K(154432K), 0.0913655 secs] [Times: user=0.01 sys=0.00, real=0.11 secs] 
Heap after GC invocations=7 (full 0):
 par new generation   total 47936K, used 3100K [0x0000000724400000, 0x0000000727800000, 0x00000007390c0000)
  eden space 42624K,   0% used [0x0000000724400000, 0x0000000724400000, 0x0000000726da0000)
  from space 5312K,  58% used [0x00000007272d0000, 0x00000007275d7380, 0x0000000727800000)
  to   space 5312K,   0% used [0x0000000726da0000, 0x0000000726da0000, 0x00000007272d0000)
 concurrent mark-sweep generation total 106496K, used 2112K [0x00000007390c0000, 0x000000073f8c0000, 0x00000007c0000000)
 Metaspace       used 13707K, capacity 14030K, committed 14336K, reserved 1062912K
  class space    used 1545K, capacity 1668K, committed 1792K, reserved 1048576K
}
2021-12-27T09:18:32.974+0800: 20.155: Application time: 0.0013613 seconds
2021-12-27T09:18:33.974+0800: 21.156: Application time: 1.0003790 seconds
2021-12-27T09:18:34.710+0800: 21.891: Application time: 0.7170368 seconds
{Heap before GC invocations=7 (full 0):
 par new generation   total 47936K, used 45724K [0x0000000724400000, 0x0000000727800000, 0x00000007390c0000)
  eden space 42624K, 100% used [0x0000000724400000, 0x0000000726da0000, 0x0000000726da0000)
  from space 5312K,  58% used [0x00000007272d0000, 0x00000007275d7380, 0x0000000727800000)
  to   space 5312K,   0% used [0x0000000726da0000, 0x0000000726da0000, 0x00000007272d0000)
 concurrent mark-sweep generation total 106496K, used 2112K [0x00000007390c0000, 0x000000073f8c0000, 0x00000007c0000000)
 Metaspace       used 14778K, capacity 15136K, committed 15488K, reserved 1062912K
  class space    used 1664K, capacity 1801K, committed 1920K, reserved 1048576K
2021-12-27T09:18:34.710+0800: 21.892: [GC (Allocation Failure) 2021-12-27T09:18:34.711+0800: 21.892: [ParNew: 45724K->3435K(47936K), 0.0393364 secs] 47836K->5547K(154432K), 0.0419485 secs] [Times: user=0.01 sys=0.00, real=0.04 secs] 
Heap after GC invocations=8 (full 0):
 par new generation   total 47936K, used 3435K [0x0000000724400000, 0x0000000727800000, 0x00000007390c0000)
  eden space 42624K,   0% used [0x0000000724400000, 0x0000000724400000, 0x0000000726da0000)
  from space 5312K,  64% used [0x0000000726da0000, 0x00000007270fae70, 0x00000007272d0000)
  to   space 5312K,   0% used [0x00000007272d0000, 0x00000007272d0000, 0x0000000727800000)
 concurrent mark-sweep generation total 106496K, used 2112K [0x00000007390c0000, 0x000000073f8c0000, 0x00000007c0000000)
 Metaspace       used 14778K, capacity 15136K, committed 15488K, reserved 1062912K
  class space    used 1664K, capacity 1801K, committed 1920K, reserved 1048576K
}
2021-12-27T09:18:34.773+0800: 21.955: Application time: 0.0201738 seconds
2021-12-27T09:18:35.802+0800: 22.983: Application time: 1.0001865 seconds
2021-12-27T09:18:36.816+0800: 23.997: Application time: 1.0002724 seconds
2021-12-27T09:18:36.902+0800: 24.083: Application time: 0.0812015 seconds
2021-12-27T09:18:36.935+0800: 24.117: Application time: 0.0332194 seconds
2021-12-27T09:18:37.213+0800: 24.416: Application time: 0.2982256 seconds
{Heap before GC invocations=8 (full 0):
 par new generation   total 47936K, used 46059K [0x0000000724400000, 0x0000000727800000, 0x00000007390c0000)
  eden space 42624K, 100% used [0x0000000724400000, 0x0000000726da0000, 0x0000000726da0000)
  from space 5312K,  64% used [0x0000000726da0000, 0x00000007270fae70, 0x00000007272d0000)
  to   space 5312K,   0% used [0x00000007272d0000, 0x00000007272d0000, 0x0000000727800000)
 concurrent mark-sweep generation total 106496K, used 2112K [0x00000007390c0000, 0x000000073f8c0000, 0x00000007c0000000)
 Metaspace       used 16152K, capacity 16750K, committed 16896K, reserved 1064960K
  class space    used 1868K, capacity 2016K, committed 2048K, reserved 1048576K
2021-12-27T09:18:37.213+0800: 24.416: [GC (Allocation Failure) 2021-12-27T09:18:37.215+0800: 24.417: [ParNew: 46059K->4230K(47936K), 0.1160083 secs] 48171K->6342K(154432K), 0.1178608 secs] [Times: user=0.02 sys=0.00, real=0.12 secs] 
Heap after GC invocations=9 (full 0):
 par new generation   total 47936K, used 4230K [0x0000000724400000, 0x0000000727800000, 0x00000007390c0000)
  eden space 42624K,   0% used [0x0000000724400000, 0x0000000724400000, 0x0000000726da0000)
  from space 5312K,  79% used [0x00000007272d0000, 0x00000007276f1bc0, 0x0000000727800000)
  to   space 5312K,   0% used [0x0000000726da0000, 0x0000000726da0000, 0x00000007272d0000)
 concurrent mark-sweep generation total 106496K, used 2112K [0x00000007390c0000, 0x000000073f8c0000, 0x00000007c0000000)
 Metaspace       used 16152K, capacity 16750K, committed 16896K, reserved 1064960K
  class space    used 1868K, capacity 2016K, committed 2048K, reserved 1048576K
}
2021-12-27T09:18:38.207+0800: 25.410: Application time: 0.8741810 seconds
2021-12-27T09:18:38.217+0800: 25.420: Application time: 0.0095354 seconds
2021-12-27T09:18:38.731+0800: 25.934: Application time: 0.5104122 seconds
2021-12-27T09:18:38.833+0800: 26.036: Application time: 0.0998851 seconds
2021-12-27T09:18:39.808+0800: 27.022: Application time: 0.9854741 seconds
{Heap before GC invocations=9 (full 0):
 par new generation   total 47936K, used 46854K [0x0000000724400000, 0x0000000727800000, 0x00000007390c0000)
  eden space 42624K, 100% used [0x0000000724400000, 0x0000000726da0000, 0x0000000726da0000)
  from space 5312K,  79% used [0x00000007272d0000, 0x00000007276f1bc0, 0x0000000727800000)
  to   space 5312K,   0% used [0x0000000726da0000, 0x0000000726da0000, 0x00000007272d0000)
 concurrent mark-sweep generation total 106496K, used 2112K [0x00000007390c0000, 0x000000073f8c0000, 0x00000007c0000000)
 Metaspace       used 17147K, capacity 17824K, committed 18176K, reserved 1064960K
  class space    used 2010K, capacity 2177K, committed 2304K, reserved 1048576K
2021-12-27T09:18:39.819+0800: 27.022: [GC (Allocation Failure) 2021-12-27T09:18:39.821+0800: 27.024: [ParNew: 46854K->3930K(47936K), 0.0609669 secs] 48966K->6327K(154432K), 0.0818984 secs] [Times: user=0.03 sys=0.01, real=0.08 secs] 
Heap after GC invocations=10 (full 0):
 par new generation   total 47936K, used 3930K [0x0000000724400000, 0x0000000727800000, 0x00000007390c0000)
  eden space 42624K,   0% used [0x0000000724400000, 0x0000000724400000, 0x0000000726da0000)
  from space 5312K,  74% used [0x0000000726da0000, 0x0000000727176ba8, 0x00000007272d0000)
  to   space 5312K,   0% used [0x00000007272d0000, 0x00000007272d0000, 0x0000000727800000)
 concurrent mark-sweep generation total 106496K, used 2396K [0x00000007390c0000, 0x000000073f8c0000, 0x00000007c0000000)
 Metaspace       used 17147K, capacity 17824K, committed 18176K, reserved 1064960K
  class space    used 2010K, capacity 2177K, committed 2304K, reserved 1048576K
}
2021-12-27T09:18:40.186+0800: 27.389: Application time: 0.2783657 seconds
2021-12-27T09:18:40.203+0800: 27.406: Application time: 0.0160955 seconds
2021-12-27T09:18:41.215+0800: 28.418: Application time: 1.0084595 seconds
2021-12-27T09:18:41.291+0800: 28.494: Application time: 0.0280970 seconds
2021-12-27T09:18:41.295+0800: 28.498: Application time: 0.0012532 seconds
2021-12-27T09:18:41.808+0800: 29.011: Application time: 0.5127569 seconds
2021-12-27T09:18:41.845+0800: 29.048: Application time: 0.0003464 seconds
2021-12-27T09:18:41.846+0800: 29.049: Application time: 0.0011884 seconds
2021-12-27T09:18:41.862+0800: 29.064: Application time: 0.0007176 seconds
2021-12-27T09:18:41.879+0800: 29.082: Application time: 0.0097092 seconds
2021-12-27T09:18:41.881+0800: 29.084: Application time: 0.0018451 seconds
2021-12-27T09:18:41.886+0800: 29.089: Application time: 0.0030939 seconds
2021-12-27T09:18:41.887+0800: 29.090: Application time: 0.0011010 seconds
2021-12-27T09:18:41.888+0800: 29.091: Application time: 0.0007817 seconds
2021-12-27T09:18:41.890+0800: 29.093: Application time: 0.0010049 seconds
2021-12-27T09:18:41.911+0800: 29.114: Application time: 0.0002395 seconds
2021-12-27T09:18:41.972+0800: 29.175: Application time: 0.0601916 seconds
2021-12-27T09:18:42.030+0800: 29.233: Application time: 0.0089850 seconds
2021-12-27T09:18:42.071+0800: 29.275: Application time: 0.0016712 seconds
2021-12-27T09:18:42.096+0800: 29.299: Application time: 0.0079381 seconds
2021-12-27T09:18:42.137+0800: 29.340: Application time: 0.0018000 seconds
2021-12-27T09:18:42.138+0800: 29.341: Application time: 0.0001819 seconds
2021-12-27T09:18:42.138+0800: 29.341: Application time: 0.0001109 seconds
2021-12-27T09:18:42.139+0800: 29.342: Application time: 0.0008414 seconds
2021-12-27T09:18:42.139+0800: 29.342: Application time: 0.0001069 seconds
2021-12-27T09:18:42.160+0800: 29.363: Application time: 0.0002333 seconds
2021-12-27T09:18:42.161+0800: 29.364: Application time: 0.0012747 seconds
2021-12-27T09:18:42.179+0800: 29.381: Application time: 0.0002994 seconds
2021-12-27T09:18:42.179+0800: 29.382: Application time: 0.0002600 seconds
2021-12-27T09:18:42.181+0800: 29.384: Application time: 0.0014884 seconds
2021-12-27T09:18:42.214+0800: 29.417: Application time: 0.0025087 seconds
2021-12-27T09:18:42.237+0800: 29.440: Application time: 0.0002160 seconds
2021-12-27T09:18:42.264+0800: 29.468: Application time: 0.0021910 seconds
2021-12-27T09:18:42.268+0800: 29.471: Application time: 0.0001703 seconds
2021-12-27T09:18:42.295+0800: 29.498: Application time: 0.0004651 seconds
2021-12-27T09:18:42.390+0800: 29.593: Application time: 0.0903510 seconds
{Heap before GC invocations=10 (full 0):
 par new generation   total 47936K, used 46554K [0x0000000724400000, 0x0000000727800000, 0x00000007390c0000)
  eden space 42624K, 100% used [0x0000000724400000, 0x0000000726da0000, 0x0000000726da0000)
  from space 5312K,  74% used [0x0000000726da0000, 0x0000000727176ba8, 0x00000007272d0000)
  to   space 5312K,   0% used [0x00000007272d0000, 0x00000007272d0000, 0x0000000727800000)
 concurrent mark-sweep generation total 106496K, used 2396K [0x00000007390c0000, 0x000000073f8c0000, 0x00000007c0000000)
 Metaspace       used 18213K, capacity 18988K, committed 19072K, reserved 1067008K
  class space    used 2167K, capacity 2352K, committed 2432K, reserved 1048576K
2021-12-27T09:18:42.415+0800: 29.618: [GC (Allocation Failure) 2021-12-27T09:18:42.417+0800: 29.620: [ParNew: 46554K->4499K(47936K), 0.0620528 secs] 48951K->7252K(154432K), 0.0870404 secs] [Times: user=0.02 sys=0.00, real=0.08 secs] 
Heap after GC invocations=11 (full 0):
 par new generation   total 47936K, used 4499K [0x0000000724400000, 0x0000000727800000, 0x00000007390c0000)
  eden space 42624K,   0% used [0x0000000724400000, 0x0000000724400000, 0x0000000726da0000)
  from space 5312K,  84% used [0x00000007272d0000, 0x0000000727734e08, 0x0000000727800000)
  to   space 5312K,   0% used [0x0000000726da0000, 0x0000000726da0000, 0x00000007272d0000)
 concurrent mark-sweep generation total 106496K, used 2752K [0x00000007390c0000, 0x000000073f8c0000, 0x00000007c0000000)
 Metaspace       used 18213K, capacity 18988K, committed 19072K, reserved 1067008K
  class space    used 2167K, capacity 2352K, committed 2432K, reserved 1048576K
}
2021-12-27T09:18:42.516+0800: 29.719: Application time: 0.0119189 seconds
2021-12-27T09:18:42.649+0800: 29.852: Application time: 0.1327817 seconds
2021-12-27T09:18:43.056+0800: 30.259: Application time: 0.4064527 seconds
2021-12-27T09:18:43.070+0800: 30.273: Application time: 0.0054646 seconds
2021-12-27T09:18:43.756+0800: 30.960: Application time: 0.6240102 seconds
2021-12-27T09:18:44.112+0800: 31.315: Application time: 0.3432526 seconds
{Heap before GC invocations=11 (full 0):
 par new generation   total 47936K, used 47123K [0x0000000724400000, 0x0000000727800000, 0x00000007390c0000)
  eden space 42624K, 100% used [0x0000000724400000, 0x0000000726da0000, 0x0000000726da0000)
  from space 5312K,  84% used [0x00000007272d0000, 0x0000000727734e08, 0x0000000727800000)
  to   space 5312K,   0% used [0x0000000726da0000, 0x0000000726da0000, 0x00000007272d0000)
 concurrent mark-sweep generation total 106496K, used 2752K [0x00000007390c0000, 0x000000073f8c0000, 0x00000007c0000000)
 Metaspace       used 19773K, capacity 20616K, committed 20736K, reserved 1067008K
  class space    used 2346K, capacity 2550K, committed 2560K, reserved 1048576K
2021-12-27T09:18:44.115+0800: 31.318: [GC (Allocation Failure) 2021-12-27T09:18:44.126+0800: 31.329: [ParNew: 47123K->4404K(47936K), 0.1112469 secs] 49876K->7796K(154432K), 0.1253130 secs] [Times: user=0.01 sys=0.01, real=0.12 secs] 
Heap after GC invocations=12 (full 0):
 par new generation   total 47936K, used 4404K [0x0000000724400000, 0x0000000727800000, 0x00000007390c0000)
  eden space 42624K,   0% used [0x0000000724400000, 0x0000000724400000, 0x0000000726da0000)
  from space 5312K,  82% used [0x0000000726da0000, 0x00000007271ed050, 0x00000007272d0000)
  to   space 5312K,   0% used [0x00000007272d0000, 0x00000007272d0000, 0x0000000727800000)
 concurrent mark-sweep generation total 106496K, used 3392K [0x00000007390c0000, 0x000000073f8c0000, 0x00000007c0000000)
 Metaspace       used 19773K, capacity 20616K, committed 20736K, reserved 1067008K
  class space    used 2346K, capacity 2550K, committed 2560K, reserved 1048576K
}
2021-12-27T09:18:44.524+0800: 31.727: Application time: 0.2824357 seconds
2021-12-27T09:18:44.558+0800: 31.761: Application time: 0.0343406 seconds
2021-12-27T09:18:44.563+0800: 31.766: Application time: 0.0010641 seconds
2021-12-27T09:18:44.569+0800: 31.774: Application time: 0.0079377 seconds
2021-12-27T09:18:44.602+0800: 31.823: Application time: 0.0458735 seconds
2021-12-27T09:18:44.640+0800: 31.843: Application time: 0.0203677 seconds
2021-12-27T09:18:44.641+0800: 31.844: Application time: 0.0000636 seconds
2021-12-27T09:18:44.704+0800: 31.907: Application time: 0.0630673 seconds
2021-12-27T09:18:44.807+0800: 32.010: Application time: 0.0166322 seconds
2021-12-27T09:18:44.819+0800: 32.022: Application time: 0.0081577 seconds
2021-12-27T09:18:44.823+0800: 32.026: Application time: 0.0033994 seconds
2021-12-27T09:18:44.824+0800: 32.027: Application time: 0.0008755 seconds
2021-12-27T09:18:44.825+0800: 32.028: Application time: 0.0011673 seconds
2021-12-27T09:18:44.825+0800: 32.028: Application time: 0.0001931 seconds
2021-12-27T09:18:44.923+0800: 32.126: Application time: 0.0972475 seconds
2021-12-27T09:18:45.008+0800: 32.211: Application time: 0.0670861 seconds
2021-12-27T09:18:45.174+0800: 32.377: Application time: 0.1154865 seconds
2021-12-27T09:18:45.235+0800: 32.438: Application time: 0.0579214 seconds
2021-12-27T09:18:45.274+0800: 32.478: Application time: 0.0392949 seconds
2021-12-27T09:18:45.329+0800: 32.532: Application time: 0.0544601 seconds
2021-12-27T09:18:45.384+0800: 32.587: Application time: 0.0507901 seconds
2021-12-27T09:18:45.415+0800: 32.618: Application time: 0.0233252 seconds
2021-12-27T09:18:45.430+0800: 32.632: Application time: 0.0027051 seconds
2021-12-27T09:18:45.471+0800: 32.674: Application time: 0.0001607 seconds
2021-12-27T09:18:45.471+0800: 32.674: Application time: 0.0000612 seconds
2021-12-27T09:18:45.471+0800: 32.674: Application time: 0.0000414 seconds
2021-12-27T09:18:45.471+0800: 32.674: Application time: 0.0001208 seconds
2021-12-27T09:18:45.473+0800: 32.676: Application time: 0.0000538 seconds
2021-12-27T09:18:45.473+0800: 32.676: Application time: 0.0000182 seconds
2021-12-27T09:18:45.473+0800: 32.676: Application time: 0.0000424 seconds
2021-12-27T09:18:45.474+0800: 32.676: Application time: 0.0000539 seconds
2021-12-27T09:18:45.476+0800: 32.679: Application time: 0.0021956 seconds
2021-12-27T09:18:45.972+0800: 33.175: Application time: 0.4954648 seconds
2021-12-27T09:18:45.978+0800: 33.181: Application time: 0.0008381 seconds
2021-12-27T09:18:46.123+0800: 33.326: Application time: 0.1424617 seconds
{Heap before GC invocations=12 (full 0):
 par new generation   total 47936K, used 47028K [0x0000000724400000, 0x0000000727800000, 0x00000007390c0000)
  eden space 42624K, 100% used [0x0000000724400000, 0x0000000726da0000, 0x0000000726da0000)
  from space 5312K,  82% used [0x0000000726da0000, 0x00000007271ed050, 0x00000007272d0000)
  to   space 5312K,   0% used [0x00000007272d0000, 0x00000007272d0000, 0x0000000727800000)
 concurrent mark-sweep generation total 106496K, used 3392K [0x00000007390c0000, 0x000000073f8c0000, 0x00000007c0000000)
 Metaspace       used 20773K, capacity 21590K, committed 21884K, reserved 1069056K
  class space    used 2498K, capacity 2697K, committed 2764K, reserved 1048576K
2021-12-27T09:18:46.123+0800: 33.326: [GC (Allocation Failure) 2021-12-27T09:18:46.129+0800: 33.332: [ParNew: 47028K->3604K(47936K), 0.0694342 secs] 50420K->6997K(154432K), 0.0759267 secs] [Times: user=0.02 sys=0.00, real=0.08 secs] 
Heap after GC invocations=13 (full 0):
 par new generation   total 47936K, used 3604K [0x0000000724400000, 0x0000000727800000, 0x00000007390c0000)
  eden space 42624K,   0% used [0x0000000724400000, 0x0000000724400000, 0x0000000726da0000)
  from space 5312K,  67% used [0x00000007272d0000, 0x00000007276551a8, 0x0000000727800000)
  to   space 5312K,   0% used [0x0000000726da0000, 0x0000000726da0000, 0x00000007272d0000)
 concurrent mark-sweep generation total 106496K, used 3392K [0x00000007390c0000, 0x000000073f8c0000, 0x00000007c0000000)
 Metaspace       used 20773K, capacity 21590K, committed 21884K, reserved 1069056K
  class space    used 2498K, capacity 2697K, committed 2764K, reserved 1048576K
}
2021-12-27T09:18:46.228+0800: 33.431: Application time: 0.0284309 seconds
2021-12-27T09:18:46.244+0800: 33.447: [GC (CMS Initial Mark) [1 CMS-initial-mark: 3392K(106496K)] 7338K(154432K), 0.0035051 secs] [Times: user=0.00 sys=0.00, real=0.02 secs] 
2021-12-27T09:18:46.266+0800: 33.469: [CMS-concurrent-mark-start]
2021-12-27T09:18:46.267+0800: 33.470: Application time: 0.0017009 seconds
2021-12-27T09:18:46.280+0800: 33.483: Application time: 0.0002748 seconds
2021-12-27T09:18:46.281+0800: 33.483: Application time: 0.0002774 seconds
2021-12-27T09:18:46.587+0800: 33.790: [CMS-concurrent-mark: 0.306/0.321 secs] [Times: user=0.07 sys=0.01, real=0.32 secs] 
2021-12-27T09:18:46.607+0800: 33.810: [CMS-concurrent-preclean-start]
2021-12-27T09:18:46.622+0800: 33.825: [CMS-concurrent-preclean: 0.015/0.015 secs] [Times: user=0.00 sys=0.00, real=0.01 secs] 
2021-12-27T09:18:46.640+0800: 33.843: [CMS-concurrent-abortable-preclean-start]
2021-12-27T09:18:46.755+0800: 33.958: Application time: 0.4737171 seconds
2021-12-27T09:18:47.207+0800: 34.410: Application time: 0.3999910 seconds
2021-12-27T09:18:47.226+0800: 34.429: Application time: 0.0048816 seconds
2021-12-27T09:18:47.247+0800: 34.450: Application time: 0.0001088 seconds
2021-12-27T09:18:47.583+0800: 34.786: Application time: 0.3356985 seconds
2021-12-27T09:18:47.591+0800: 34.794: Application time: 0.0082657 seconds
2021-12-27T09:18:48.003+0800: 35.206: Application time: 0.3638587 seconds
2021-12-27T09:18:48.009+0800: 35.212: Application time: 0.0061355 seconds
2021-12-27T09:18:48.480+0800: 35.683: Application time: 0.4265232 seconds
{Heap before GC invocations=13 (full 1):
 par new generation   total 47936K, used 46228K [0x0000000724400000, 0x0000000727800000, 0x00000007390c0000)
  eden space 42624K, 100% used [0x0000000724400000, 0x0000000726da0000, 0x0000000726da0000)
  from space 5312K,  67% used [0x00000007272d0000, 0x00000007276551a8, 0x0000000727800000)
  to   space 5312K,   0% used [0x0000000726da0000, 0x0000000726da0000, 0x00000007272d0000)
 concurrent mark-sweep generation total 106496K, used 3392K [0x00000007390c0000, 0x000000073f8c0000, 0x00000007c0000000)
 Metaspace       used 21973K, capacity 22838K, committed 22956K, reserved 1069056K
  class space    used 2726K, capacity 2917K, committed 2992K, reserved 1048576K
2021-12-27T09:18:48.485+0800: 35.688: [GC (Allocation Failure) 2021-12-27T09:18:48.485+0800: 35.688: [ParNew: 46228K->3706K(47936K), 0.1169263 secs] 49621K->7456K(154432K), 0.1286999 secs] [Times: user=0.01 sys=0.00, real=0.12 secs] 
Heap after GC invocations=14 (full 1):
 par new generation   total 47936K, used 3706K [0x0000000724400000, 0x0000000727800000, 0x00000007390c0000)
  eden space 42624K,   0% used [0x0000000724400000, 0x0000000724400000, 0x0000000726da0000)
  from space 5312K,  69% used [0x0000000726da0000, 0x000000072713e868, 0x00000007272d0000)
  to   space 5312K,   0% used [0x00000007272d0000, 0x00000007272d0000, 0x0000000727800000)
 concurrent mark-sweep generation total 106496K, used 3750K [0x00000007390c0000, 0x000000073f8c0000, 0x00000007c0000000)
 Metaspace       used 21973K, capacity 22838K, committed 22956K, reserved 1069056K
  class space    used 2726K, capacity 2917K, committed 2992K, reserved 1048576K
}
2021-12-27T09:18:48.744+0800: 35.947: Application time: 0.1282665 seconds
2021-12-27T09:18:49.182+0800: 36.385: Application time: 0.4367553 seconds
2021-12-27T09:18:49.799+0800: 37.002: [CMS-concurrent-abortable-preclean: 2.435/3.159 secs] [Times: user=0.53 sys=0.08, real=3.16 secs] 
2021-12-27T09:18:49.811+0800: 37.014: Application time: 0.6051967 seconds
2021-12-27T09:18:49.849+0800: 37.051: [GC (CMS Final Remark) [YG occupancy: 29444 K (47936 K)]2021-12-27T09:18:49.850+0800: 37.053: [Rescan (parallel) , 0.0954957 secs]2021-12-27T09:18:49.946+0800: 37.149: [weak refs processing, 0.0012263 secs]2021-12-27T09:18:49.951+0800: 37.154: [class unloading, 0.0290599 secs]2021-12-27T09:18:49.995+0800: 37.198: [scrub symbol table, 0.0491013 secs]2021-12-27T09:18:50.068+0800: 37.271: [scrub string table, 0.0024829 secs][1 CMS-remark: 3750K(106496K)] 33194K(154432K), 0.2251970 secs] [Times: user=0.03 sys=0.00, real=0.23 secs] 
2021-12-27T09:18:50.077+0800: 37.280: [CMS-concurrent-sweep-start]
2021-12-27T09:18:50.078+0800: 37.281: Application time: 0.0004516 seconds
2021-12-27T09:18:50.081+0800: 37.283: [CMS-concurrent-sweep: 0.003/0.003 secs] [Times: user=0.01 sys=0.00, real=0.00 secs] 
2021-12-27T09:18:50.084+0800: 37.287: [CMS-concurrent-reset-start]
2021-12-27T09:18:50.360+0800: 37.563: Application time: 0.2816863 seconds
2021-12-27T09:18:50.549+0800: 37.752: [CMS-concurrent-reset: 0.452/0.465 secs] [Times: user=0.06 sys=0.04, real=0.46 secs] 
2021-12-27T09:18:50.828+0800: 38.031: Application time: 0.4663676 seconds
{Heap before GC invocations=14 (full 1):
 par new generation   total 47936K, used 46330K [0x0000000724400000, 0x0000000727800000, 0x00000007390c0000)
  eden space 42624K, 100% used [0x0000000724400000, 0x0000000726da0000, 0x0000000726da0000)
  from space 5312K,  69% used [0x0000000726da0000, 0x000000072713e868, 0x00000007272d0000)
  to   space 5312K,   0% used [0x00000007272d0000, 0x00000007272d0000, 0x0000000727800000)
 concurrent mark-sweep generation total 106496K, used 3547K [0x00000007390c0000, 0x000000073f8c0000, 0x00000007c0000000)
 Metaspace       used 23033K, capacity 23950K, committed 24260K, reserved 1071104K
  class space    used 2886K, capacity 3112K, committed 3196K, reserved 1048576K
2021-12-27T09:18:50.847+0800: 38.050: [GC (Allocation Failure) 2021-12-27T09:18:50.848+0800: 38.051: [ParNew: 46330K->3574K(47936K), 0.0858489 secs] 49877K->7423K(154432K), 0.0995602 secs] [Times: user=0.01 sys=0.00, real=0.10 secs] 
Heap after GC invocations=15 (full 1):
 par new generation   total 47936K, used 3574K [0x0000000724400000, 0x0000000727800000, 0x00000007390c0000)
  eden space 42624K,   0% used [0x0000000724400000, 0x0000000724400000, 0x0000000726da0000)
  from space 5312K,  67% used [0x00000007272d0000, 0x000000072764d970, 0x0000000727800000)
  to   space 5312K,   0% used [0x0000000726da0000, 0x0000000726da0000, 0x00000007272d0000)
 concurrent mark-sweep generation total 106496K, used 3849K [0x00000007390c0000, 0x000000073f8c0000, 0x00000007c0000000)
 Metaspace       used 23033K, capacity 23950K, committed 24260K, reserved 1071104K
  class space    used 2886K, capacity 3112K, committed 3196K, reserved 1048576K
}
2021-12-27T09:18:51.291+0800: 38.494: Application time: 0.3435434 seconds
2021-12-27T09:18:51.300+0800: 38.503: Application time: 0.0073024 seconds
2021-12-27T09:18:51.315+0800: 38.518: Application time: 0.0011196 seconds
2021-12-27T09:18:51.334+0800: 38.536: Application time: 0.0168651 seconds
2021-12-27T09:18:51.381+0800: 38.584: Application time: 0.0478114 seconds
2021-12-27T09:18:51.407+0800: 38.609: Application time: 0.0130854 seconds
2021-12-27T09:18:51.454+0800: 38.657: Application time: 0.0471247 seconds
{Heap before GC invocations=15 (full 1):
 par new generation   total 47936K, used 46158K [0x0000000724400000, 0x0000000727800000, 0x00000007390c0000)
  eden space 42624K,  99% used [0x0000000724400000, 0x0000000726d95f70, 0x0000000726da0000)
  from space 5312K,  67% used [0x00000007272d0000, 0x000000072764d970, 0x0000000727800000)
  to   space 5312K,   0% used [0x0000000726da0000, 0x0000000726da0000, 0x00000007272d0000)
 concurrent mark-sweep generation total 106496K, used 3849K [0x00000007390c0000, 0x000000073f8c0000, 0x00000007c0000000)
 Metaspace       used 23407K, capacity 24354K, committed 24516K, reserved 1071104K
  class space    used 2933K, capacity 3154K, committed 3196K, reserved 1048576K
2021-12-27T09:18:51.471+0800: 38.673: [GC (Allocation Failure) 2021-12-27T09:18:51.471+0800: 38.674: [ParNew: 46158K->3946K(47936K), 0.0745103 secs] 50007K->7796K(154432K), 0.0806405 secs] [Times: user=0.01 sys=0.00, real=0.08 secs] 
Heap after GC invocations=16 (full 1):
 par new generation   total 47936K, used 3946K [0x0000000724400000, 0x0000000727800000, 0x00000007390c0000)
  eden space 42624K,   0% used [0x0000000724400000, 0x0000000724400000, 0x0000000726da0000)
  from space 5312K,  74% used [0x0000000726da0000, 0x000000072717abf8, 0x00000007272d0000)
  to   space 5312K,   0% used [0x00000007272d0000, 0x00000007272d0000, 0x0000000727800000)
 concurrent mark-sweep generation total 106496K, used 3849K [0x00000007390c0000, 0x000000073f8c0000, 0x00000007c0000000)
 Metaspace       used 23407K, capacity 24354K, committed 24516K, reserved 1071104K
  class space    used 2933K, capacity 3154K, committed 3196K, reserved 1048576K
}
2021-12-27T09:18:51.798+0800: 39.001: Application time: 0.2458536 seconds
2021-12-27T09:18:51.801+0800: 39.004: Application time: 0.0014095 seconds
2021-12-27T09:18:51.840+0800: 39.043: Application time: 0.0328372 seconds
2021-12-27T09:18:51.855+0800: 39.057: Application time: 0.0095129 seconds
2021-12-27T09:18:51.858+0800: 39.062: Application time: 0.0032517 seconds
2021-12-27T09:18:51.865+0800: 39.068: Application time: 0.0018246 seconds
2021-12-27T09:18:52.120+0800: 39.323: Application time: 0.2461878 seconds
2021-12-27T09:18:53.132+0800: 40.335: Application time: 1.0029848 seconds
2021-12-27T09:18:53.228+0800: 40.431: Application time: 0.0784107 seconds
{Heap before GC invocations=16 (full 1):
 par new generation   total 47936K, used 46570K [0x0000000724400000, 0x0000000727800000, 0x00000007390c0000)
  eden space 42624K, 100% used [0x0000000724400000, 0x0000000726da0000, 0x0000000726da0000)
  from space 5312K,  74% used [0x0000000726da0000, 0x000000072717abf8, 0x00000007272d0000)
  to   space 5312K,   0% used [0x00000007272d0000, 0x00000007272d0000, 0x0000000727800000)
 concurrent mark-sweep generation total 106496K, used 3849K [0x00000007390c0000, 0x000000073f8c0000, 0x00000007c0000000)
 Metaspace       used 24801K, capacity 25748K, committed 25848K, reserved 1071104K
  class space    used 3080K, capacity 3313K, committed 3324K, reserved 1048576K
2021-12-27T09:18:53.231+0800: 40.434: [GC (Allocation Failure) 2021-12-27T09:18:53.232+0800: 40.435: [ParNew: 46570K->5312K(47936K), 0.0695791 secs] 50420K->9744K(154432K), 0.0803874 secs] [Times: user=0.02 sys=0.00, real=0.08 secs] 
Heap after GC invocations=17 (full 1):
 par new generation   total 47936K, used 5312K [0x0000000724400000, 0x0000000727800000, 0x00000007390c0000)
  eden space 42624K,   0% used [0x0000000724400000, 0x0000000724400000, 0x0000000726da0000)
  from space 5312K, 100% used [0x00000007272d0000, 0x0000000727800000, 0x0000000727800000)
  to   space 5312K,   0% used [0x0000000726da0000, 0x0000000726da0000, 0x00000007272d0000)
 concurrent mark-sweep generation total 106496K, used 4432K [0x00000007390c0000, 0x000000073f8c0000, 0x00000007c0000000)
 Metaspace       used 24801K, capacity 25748K, committed 25848K, reserved 1071104K
  class space    used 3080K, capacity 3313K, committed 3324K, reserved 1048576K
}
2021-12-27T09:18:54.328+0800: 41.531: Application time: 1.0151079 seconds
2021-12-27T09:18:54.761+0800: 41.964: Application time: 0.4322573 seconds
2021-12-27T09:18:55.039+0800: 42.242: Application time: 0.2780978 seconds
2021-12-27T09:18:55.099+0800: 42.302: Application time: 0.0581824 seconds
{Heap before GC invocations=17 (full 1):
 par new generation   total 47936K, used 47936K [0x0000000724400000, 0x0000000727800000, 0x00000007390c0000)
  eden space 42624K, 100% used [0x0000000724400000, 0x0000000726da0000, 0x0000000726da0000)
  from space 5312K, 100% used [0x00000007272d0000, 0x0000000727800000, 0x0000000727800000)
  to   space 5312K,   0% used [0x0000000726da0000, 0x0000000726da0000, 0x00000007272d0000)
 concurrent mark-sweep generation total 106496K, used 4432K [0x00000007390c0000, 0x000000073f8c0000, 0x00000007c0000000)
 Metaspace       used 26335K, capacity 27348K, committed 27640K, reserved 1073152K
  class space    used 3238K, capacity 3477K, committed 3580K, reserved 1048576K
2021-12-27T09:18:55.101+0800: 42.304: [GC (Allocation Failure) 2021-12-27T09:18:55.102+0800: 42.305: [ParNew: 47936K->4205K(47936K), 0.1467044 secs] 52368K->10201K(154432K), 0.1570792 secs] [Times: user=0.02 sys=0.00, real=0.16 secs] 
Heap after GC invocations=18 (full 1):
 par new generation   total 47936K, used 4205K [0x0000000724400000, 0x0000000727800000, 0x00000007390c0000)
  eden space 42624K,   0% used [0x0000000724400000, 0x0000000724400000, 0x0000000726da0000)
  from space 5312K,  79% used [0x0000000726da0000, 0x00000007271bb6f8, 0x00000007272d0000)
  to   space 5312K,   0% used [0x00000007272d0000, 0x00000007272d0000, 0x0000000727800000)
 concurrent mark-sweep generation total 106496K, used 5995K [0x00000007390c0000, 0x000000073f8c0000, 0x00000007c0000000)
 Metaspace       used 26335K, capacity 27348K, committed 27640K, reserved 1073152K
  class space    used 3238K, capacity 3477K, committed 3580K, reserved 1048576K
}
2021-12-27T09:18:56.263+0800: 43.466: Application time: 1.0040434 seconds
2021-12-27T09:18:56.881+0800: 44.084: Application time: 0.5969487 seconds
2021-12-27T09:18:56.888+0800: 44.091: Application time: 0.0005873 seconds
{Heap before GC invocations=18 (full 1):
 par new generation   total 47936K, used 46829K [0x0000000724400000, 0x0000000727800000, 0x00000007390c0000)
  eden space 42624K, 100% used [0x0000000724400000, 0x0000000726da0000, 0x0000000726da0000)
  from space 5312K,  79% used [0x0000000726da0000, 0x00000007271bb7f0, 0x00000007272d0000)
  to   space 5312K,   0% used [0x00000007272d0000, 0x00000007272d0000, 0x0000000727800000)
 concurrent mark-sweep generation total 106496K, used 5995K [0x00000007390c0000, 0x000000073f8c0000, 0x00000007c0000000)
 Metaspace       used 27475K, capacity 28474K, committed 28792K, reserved 1075200K
  class space    used 3387K, capacity 3638K, committed 3708K, reserved 1048576K
2021-12-27T09:18:56.889+0800: 44.092: [GC (Allocation Failure) 2021-12-27T09:18:56.889+0800: 44.092: [ParNew: 46829K->3543K(47936K), 0.0506210 secs] 52825K->9539K(154432K), 0.0577018 secs] [Times: user=0.02 sys=0.00, real=0.06 secs] 
Heap after GC invocations=19 (full 1):
 par new generation   total 47936K, used 3543K [0x0000000724400000, 0x0000000727800000, 0x00000007390c0000)
  eden space 42624K,   0% used [0x0000000724400000, 0x0000000724400000, 0x0000000726da0000)
  from space 5312K,  66% used [0x00000007272d0000, 0x0000000727645e98, 0x0000000727800000)
  to   space 5312K,   0% used [0x0000000726da0000, 0x0000000726da0000, 0x00000007272d0000)
 concurrent mark-sweep generation total 106496K, used 5995K [0x00000007390c0000, 0x000000073f8c0000, 0x00000007c0000000)
 Metaspace       used 27475K, capacity 28474K, committed 28792K, reserved 1075200K
  class space    used 3387K, capacity 3638K, committed 3708K, reserved 1048576K
}
2021-12-27T09:18:56.953+0800: 44.156: Application time: 0.0025062 seconds
{Heap before GC invocations=19 (full 1):
 par new generation   total 47936K, used 4010K [0x0000000724400000, 0x0000000727800000, 0x00000007390c0000)
  eden space 42624K,   1% used [0x0000000724400000, 0x0000000724474b38, 0x0000000726da0000)
  from space 5312K,  66% used [0x00000007272d0000, 0x0000000727645e98, 0x0000000727800000)
  to   space 5312K,   0% used [0x0000000726da0000, 0x0000000726da0000, 0x00000007272d0000)
 concurrent mark-sweep generation total 106496K, used 5995K [0x00000007390c0000, 0x000000073f8c0000, 0x00000007c0000000)
 Metaspace       used 27475K, capacity 28474K, committed 28792K, reserved 1075200K
  class space    used 3387K, capacity 3638K, committed 3708K, reserved 1048576K
2021-12-27T09:18:56.954+0800: 44.157: [GC (GCLocker Initiated GC) 2021-12-27T09:18:56.955+0800: 44.158: [ParNew: 4010K->3610K(47936K), 0.0592444 secs] 10005K->9991K(154432K), 0.0601930 secs] [Times: user=0.01 sys=0.00, real=0.06 secs] 
Heap after GC invocations=20 (full 1):
 par new generation   total 47936K, used 3610K [0x0000000724400000, 0x0000000727800000, 0x00000007390c0000)
  eden space 42624K,   0% used [0x0000000724400000, 0x0000000724400000, 0x0000000726da0000)
  from space 5312K,  67% used [0x0000000726da0000, 0x0000000727126890, 0x00000007272d0000)
  to   space 5312K,   0% used [0x00000007272d0000, 0x00000007272d0000, 0x0000000727800000)
 concurrent mark-sweep generation total 106496K, used 6381K [0x00000007390c0000, 0x000000073f8c0000, 0x00000007c0000000)
 Metaspace       used 27475K, capacity 28474K, committed 28792K, reserved 1075200K
  class space    used 3387K, capacity 3638K, committed 3708K, reserved 1048576K
}
2021-12-27T09:18:57.645+0800: 44.848: Application time: 0.6293442 seconds
2021-12-27T09:18:58.021+0800: 45.224: Application time: 0.3596571 seconds
2021-12-27T09:18:58.158+0800: 45.360: Application time: 0.1364126 seconds
2021-12-27T09:18:58.172+0800: 45.375: Application time: 0.0026116 seconds
2021-12-27T09:18:58.178+0800: 45.382: Application time: 0.0069372 seconds
2021-12-27T09:18:58.260+0800: 45.463: Application time: 0.0810819 seconds
2021-12-27T09:18:58.349+0800: 45.552: Application time: 0.0757760 seconds
2021-12-27T09:18:58.372+0800: 45.575: Application time: 0.0144434 seconds
2021-12-27T09:18:58.380+0800: 45.583: Application time: 0.0003736 seconds
2021-12-27T09:18:58.448+0800: 45.651: Application time: 0.0679807 seconds
{Heap before GC invocations=20 (full 1):
 par new generation   total 47936K, used 46234K [0x0000000724400000, 0x0000000727800000, 0x00000007390c0000)
  eden space 42624K, 100% used [0x0000000724400000, 0x0000000726da0000, 0x0000000726da0000)
  from space 5312K,  67% used [0x0000000726da0000, 0x0000000727126890, 0x00000007272d0000)
  to   space 5312K,   0% used [0x00000007272d0000, 0x00000007272d0000, 0x0000000727800000)
 concurrent mark-sweep generation total 106496K, used 6381K [0x00000007390c0000, 0x000000073f8c0000, 0x00000007c0000000)
 Metaspace       used 28209K, capacity 29304K, committed 29432K, reserved 1075200K
  class space    used 3473K, capacity 3741K, committed 3836K, reserved 1048576K
2021-12-27T09:18:58.459+0800: 45.662: [GC (Allocation Failure) 2021-12-27T09:18:58.459+0800: 45.662: [ParNew: 46234K->5312K(47936K), 0.1294041 secs] 52615K->12644K(154432K), 0.1310894 secs] [Times: user=0.02 sys=0.00, real=0.13 secs] 
Heap after GC invocations=21 (full 1):
 par new generation   total 47936K, used 5312K [0x0000000724400000, 0x0000000727800000, 0x00000007390c0000)
  eden space 42624K,   0% used [0x0000000724400000, 0x0000000724400000, 0x0000000726da0000)
  from space 5312K, 100% used [0x00000007272d0000, 0x0000000727800000, 0x0000000727800000)
  to   space 5312K,   0% used [0x0000000726da0000, 0x0000000726da0000, 0x00000007272d0000)
 concurrent mark-sweep generation total 106496K, used 7332K [0x00000007390c0000, 0x000000073f8c0000, 0x00000007c0000000)
 Metaspace       used 28209K, capacity 29304K, committed 29432K, reserved 1075200K
  class space    used 3473K, capacity 3741K, committed 3836K, reserved 1048576K
}
2021-12-27T09:18:58.778+0800: 45.981: Application time: 0.1873294 seconds
2021-12-27T09:18:58.810+0800: 46.013: Application time: 0.0229635 seconds
2021-12-27T09:18:58.810+0800: 46.013: Application time: 0.0003170 seconds
2021-12-27T09:18:58.818+0800: 46.021: Application time: 0.0072202 seconds
2021-12-27T09:18:58.821+0800: 46.025: Application time: 0.0008994 seconds
2021-12-27T09:18:58.822+0800: 46.025: Application time: 0.0001570 seconds
2021-12-27T09:18:58.881+0800: 46.084: Application time: 0.0565940 seconds
2021-12-27T09:18:58.881+0800: 46.084: Application time: 0.0004862 seconds
2021-12-27T09:18:58.882+0800: 46.085: Application time: 0.0001150 seconds
2021-12-27T09:18:58.906+0800: 46.109: Application time: 0.0237770 seconds
{Heap before GC invocations=21 (full 1):
 par new generation   total 47936K, used 47891K [0x0000000724400000, 0x0000000727800000, 0x00000007390c0000)
  eden space 42624K,  99% used [0x0000000724400000, 0x0000000726d94c90, 0x0000000726da0000)
  from space 5312K, 100% used [0x00000007272d0000, 0x0000000727800000, 0x0000000727800000)
  to   space 5312K,   0% used [0x0000000726da0000, 0x0000000726da0000, 0x00000007272d0000)
 concurrent mark-sweep generation total 106496K, used 7332K [0x00000007390c0000, 0x000000073f8c0000, 0x00000007c0000000)
 Metaspace       used 28303K, capacity 29368K, committed 29688K, reserved 1075200K
  class space    used 3483K, capacity 3741K, committed 3836K, reserved 1048576K
2021-12-27T09:18:58.907+0800: 46.110: [GC (Allocation Failure) 2021-12-27T09:18:58.907+0800: 46.110: [ParNew: 47891K->5312K(47936K), 0.1728241 secs] 55224K->16249K(154432K), 0.1741934 secs] [Times: user=0.03 sys=0.00, real=0.17 secs] 
Heap after GC invocations=22 (full 1):
 par new generation   total 47936K, used 5312K [0x0000000724400000, 0x0000000727800000, 0x00000007390c0000)
  eden space 42624K,   0% used [0x0000000724400000, 0x0000000724400000, 0x0000000726da0000)
  from space 5312K, 100% used [0x0000000726da0000, 0x00000007272d0000, 0x00000007272d0000)
  to   space 5312K,   0% used [0x00000007272d0000, 0x00000007272d0000, 0x0000000727800000)
 concurrent mark-sweep generation total 106496K, used 10937K [0x00000007390c0000, 0x000000073f8c0000, 0x00000007c0000000)
 Metaspace       used 28303K, capacity 29368K, committed 29688K, reserved 1075200K
  class space    used 3483K, capacity 3741K, committed 3836K, reserved 1048576K
}
2021-12-27T09:18:59.091+0800: 46.294: Application time: 0.0031987 seconds
2021-12-27T09:18:59.098+0800: 46.301: Application time: 0.0010183 seconds
2021-12-27T09:18:59.100+0800: 46.303: Application time: 0.0017126 seconds
2021-12-27T09:18:59.141+0800: 46.344: Application time: 0.0408183 seconds
2021-12-27T09:18:59.170+0800: 46.374: Application time: 0.0156342 seconds
2021-12-27T09:18:59.172+0800: 46.375: Application time: 0.0003588 seconds
2021-12-27T09:18:59.222+0800: 46.425: Application time: 0.0500066 seconds
2021-12-27T09:18:59.224+0800: 46.427: Application time: 0.0014370 seconds
2021-12-27T09:18:59.281+0800: 46.484: Application time: 0.0565851 seconds
2021-12-27T09:18:59.291+0800: 46.494: Application time: 0.0099690 seconds
2021-12-27T09:18:59.467+0800: 46.670: Application time: 0.1715068 seconds
2021-12-27T09:18:59.494+0800: 46.697: Application time: 0.0043972 seconds
{Heap before GC invocations=22 (full 1):
 par new generation   total 47936K, used 47936K [0x0000000724400000, 0x0000000727800000, 0x00000007390c0000)
  eden space 42624K, 100% used [0x0000000724400000, 0x0000000726da0000, 0x0000000726da0000)
  from space 5312K, 100% used [0x0000000726da0000, 0x00000007272d0000, 0x00000007272d0000)
  to   space 5312K,   0% used [0x00000007272d0000, 0x00000007272d0000, 0x0000000727800000)
 concurrent mark-sweep generation total 106496K, used 10937K [0x00000007390c0000, 0x000000073f8c0000, 0x00000007c0000000)
 Metaspace       used 28686K, capacity 29784K, committed 29944K, reserved 1075200K
  class space    used 3512K, capacity 3773K, committed 3836K, reserved 1048576K
2021-12-27T09:18:59.495+0800: 46.698: [GC (Allocation Failure) 2021-12-27T09:18:59.500+0800: 46.702: [ParNew: 47936K->3623K(47936K), 0.0476545 secs] 58873K->14561K(154432K), 0.0529047 secs] [Times: user=0.01 sys=0.00, real=0.05 secs] 
Heap after GC invocations=23 (full 1):
 par new generation   total 47936K, used 3623K [0x0000000724400000, 0x0000000727800000, 0x00000007390c0000)
  eden space 42624K,   0% used [0x0000000724400000, 0x0000000724400000, 0x0000000726da0000)
  from space 5312K,  68% used [0x00000007272d0000, 0x0000000727659e88, 0x0000000727800000)
  to   space 5312K,   0% used [0x0000000726da0000, 0x0000000726da0000, 0x00000007272d0000)
 concurrent mark-sweep generation total 106496K, used 10937K [0x00000007390c0000, 0x000000073f8c0000, 0x00000007c0000000)
 Metaspace       used 28686K, capacity 29784K, committed 29944K, reserved 1075200K
  class space    used 3512K, capacity 3773K, committed 3836K, reserved 1048576K
}
2021-12-27T09:19:00.214+0800: 47.417: Application time: 0.6658240 seconds
2021-12-27T09:19:00.361+0800: 47.564: Application time: 0.1470923 seconds
{Heap before GC invocations=23 (full 1):
 par new generation   total 47936K, used 46247K [0x0000000724400000, 0x0000000727800000, 0x00000007390c0000)
  eden space 42624K, 100% used [0x0000000724400000, 0x0000000726da0000, 0x0000000726da0000)
  from space 5312K,  68% used [0x00000007272d0000, 0x0000000727659e88, 0x0000000727800000)
  to   space 5312K,   0% used [0x0000000726da0000, 0x0000000726da0000, 0x00000007272d0000)
 concurrent mark-sweep generation total 106496K, used 10937K [0x00000007390c0000, 0x000000073f8c0000, 0x00000007c0000000)
 Metaspace       used 28911K, capacity 30008K, committed 30200K, reserved 1075200K
  class space    used 3543K, capacity 3805K, committed 3836K, reserved 1048576K
2021-12-27T09:19:00.375+0800: 47.578: [GC (Allocation Failure) 2021-12-27T09:19:00.376+0800: 47.579: [ParNew: 46247K->5213K(47936K), 0.1209047 secs] 57185K->16539K(154432K), 0.1316950 secs] [Times: user=0.02 sys=0.01, real=0.13 secs] 
Heap after GC invocations=24 (full 1):
 par new generation   total 47936K, used 5213K [0x0000000724400000, 0x0000000727800000, 0x00000007390c0000)
  eden space 42624K,   0% used [0x0000000724400000, 0x0000000724400000, 0x0000000726da0000)
  from space 5312K,  98% used [0x0000000726da0000, 0x00000007272b7430, 0x00000007272d0000)
  to   space 5312K,   0% used [0x00000007272d0000, 0x00000007272d0000, 0x0000000727800000)
 concurrent mark-sweep generation total 106496K, used 11326K [0x00000007390c0000, 0x000000073f8c0000, 0x00000007c0000000)
 Metaspace       used 28911K, capacity 30008K, committed 30200K, reserved 1075200K
  class space    used 3543K, capacity 3805K, committed 3836K, reserved 1048576K
}
2021-12-27T09:19:00.709+0800: 47.912: Application time: 0.2014442 seconds
2021-12-27T09:19:00.985+0800: 48.188: Application time: 0.2585871 seconds
{Heap before GC invocations=24 (full 1):
 par new generation   total 47936K, used 47837K [0x0000000724400000, 0x0000000727800000, 0x00000007390c0000)
  eden space 42624K, 100% used [0x0000000724400000, 0x0000000726da0000, 0x0000000726da0000)
  from space 5312K,  98% used [0x0000000726da0000, 0x00000007272b7430, 0x00000007272d0000)
  to   space 5312K,   0% used [0x00000007272d0000, 0x00000007272d0000, 0x0000000727800000)
 concurrent mark-sweep generation total 106496K, used 11326K [0x00000007390c0000, 0x000000073f8c0000, 0x00000007c0000000)
 Metaspace       used 28918K, capacity 30008K, committed 30200K, reserved 1075200K
  class space    used 3543K, capacity 3805K, committed 3836K, reserved 1048576K
2021-12-27T09:19:00.986+0800: 48.189: [GC (Allocation Failure) 2021-12-27T09:19:00.986+0800: 48.189: [ParNew: 47837K->5312K(47936K), 0.1379061 secs] 59163K->17624K(154432K), 0.1389047 secs] [Times: user=0.02 sys=0.00, real=0.14 secs] 
Heap after GC invocations=25 (full 1):
 par new generation   total 47936K, used 5312K [0x0000000724400000, 0x0000000727800000, 0x00000007390c0000)
  eden space 42624K,   0% used [0x0000000724400000, 0x0000000724400000, 0x0000000726da0000)
  from space 5312K, 100% used [0x00000007272d0000, 0x0000000727800000, 0x0000000727800000)
  to   space 5312K,   0% used [0x0000000726da0000, 0x0000000726da0000, 0x00000007272d0000)
 concurrent mark-sweep generation total 106496K, used 12312K [0x00000007390c0000, 0x000000073f8c0000, 0x00000007c0000000)
 Metaspace       used 28918K, capacity 30008K, committed 30200K, reserved 1075200K
  class space    used 3543K, capacity 3805K, committed 3836K, reserved 1048576K
}
2021-12-27T09:19:01.281+0800: 48.484: Application time: 0.1555550 seconds
2021-12-27T09:19:01.738+0800: 48.941: Application time: 0.4413710 seconds
2021-12-27T09:19:01.768+0800: 48.970: Application time: 0.0289380 seconds
{Heap before GC invocations=25 (full 1):
 par new generation   total 47936K, used 47936K [0x0000000724400000, 0x0000000727800000, 0x00000007390c0000)
  eden space 42624K, 100% used [0x0000000724400000, 0x0000000726da0000, 0x0000000726da0000)
  from space 5312K, 100% used [0x00000007272d0000, 0x0000000727800000, 0x0000000727800000)
  to   space 5312K,   0% used [0x0000000726da0000, 0x0000000726da0000, 0x00000007272d0000)
 concurrent mark-sweep generation total 106496K, used 12312K [0x00000007390c0000, 0x000000073f8c0000, 0x00000007c0000000)
 Metaspace       used 28923K, capacity 30008K, committed 30200K, reserved 1075200K
  class space    used 3543K, capacity 3805K, committed 3836K, reserved 1048576K
2021-12-27T09:19:01.773+0800: 48.976: [GC (Allocation Failure) 2021-12-27T09:19:01.773+0800: 48.979: [ParNew: 47936K->5146K(47936K), 0.1016085 secs] 60248K->17485K(154432K), 0.1065962 secs] [Times: user=0.01 sys=0.00, real=0.11 secs] 
Heap after GC invocations=26 (full 1):
 par new generation   total 47936K, used 5146K [0x0000000724400000, 0x0000000727800000, 0x00000007390c0000)
  eden space 42624K,   0% used [0x0000000724400000, 0x0000000724400000, 0x0000000726da0000)
  from space 5312K,  96% used [0x0000000726da0000, 0x00000007272a6800, 0x00000007272d0000)
  to   space 5312K,   0% used [0x00000007272d0000, 0x00000007272d0000, 0x0000000727800000)
 concurrent mark-sweep generation total 106496K, used 12339K [0x00000007390c0000, 0x000000073f8c0000, 0x00000007c0000000)
 Metaspace       used 28923K, capacity 30008K, committed 30200K, reserved 1075200K
  class space    used 3543K, capacity 3805K, committed 3836K, reserved 1048576K
}
2021-12-27T09:19:02.905+0800: 50.108: Application time: 1.0245635 seconds
2021-12-27T09:19:02.958+0800: 50.161: Application time: 0.0525908 seconds
{Heap before GC invocations=26 (full 1):
 par new generation   total 47936K, used 47770K [0x0000000724400000, 0x0000000727800000, 0x00000007390c0000)
  eden space 42624K, 100% used [0x0000000724400000, 0x0000000726da0000, 0x0000000726da0000)
  from space 5312K,  96% used [0x0000000726da0000, 0x00000007272a6800, 0x00000007272d0000)
  to   space 5312K,   0% used [0x00000007272d0000, 0x00000007272d0000, 0x0000000727800000)
 concurrent mark-sweep generation total 106496K, used 12339K [0x00000007390c0000, 0x000000073f8c0000, 0x00000007c0000000)
 Metaspace       used 29047K, capacity 30168K, committed 30200K, reserved 1075200K
  class space    used 3565K, capacity 3813K, committed 3836K, reserved 1048576K
2021-12-27T09:19:02.959+0800: 50.162: [GC (Allocation Failure) 2021-12-27T09:19:02.959+0800: 50.162: [ParNew: 47770K->4221K(47936K), 0.0907983 secs] 60109K->16564K(154432K), 0.0917565 secs] [Times: user=0.01 sys=0.00, real=0.09 secs] 
Heap after GC invocations=27 (full 1):
 par new generation   total 47936K, used 4221K [0x0000000724400000, 0x0000000727800000, 0x00000007390c0000)
  eden space 42624K,   0% used [0x0000000724400000, 0x0000000724400000, 0x0000000726da0000)
  from space 5312K,  79% used [0x00000007272d0000, 0x00000007276ef700, 0x0000000727800000)
  to   space 5312K,   0% used [0x0000000726da0000, 0x0000000726da0000, 0x00000007272d0000)
 concurrent mark-sweep generation total 106496K, used 12342K [0x00000007390c0000, 0x000000073f8c0000, 0x00000007c0000000)
 Metaspace       used 29047K, capacity 30168K, committed 30200K, reserved 1075200K
  class space    used 3565K, capacity 3813K, committed 3836K, reserved 1048576K
}
2021-12-27T09:19:04.059+0800: 51.262: Application time: 1.0066405 seconds
2021-12-27T09:19:04.426+0800: 51.629: Application time: 0.3640555 seconds
{Heap before GC invocations=27 (full 1):
 par new generation   total 47936K, used 46845K [0x0000000724400000, 0x0000000727800000, 0x00000007390c0000)
  eden space 42624K, 100% used [0x0000000724400000, 0x0000000726da0000, 0x0000000726da0000)
  from space 5312K,  79% used [0x00000007272d0000, 0x00000007276ef700, 0x0000000727800000)
  to   space 5312K,   0% used [0x0000000726da0000, 0x0000000726da0000, 0x00000007272d0000)
 concurrent mark-sweep generation total 106496K, used 12342K [0x00000007390c0000, 0x000000073f8c0000, 0x00000007c0000000)
 Metaspace       used 29557K, capacity 30680K, committed 30840K, reserved 1077248K
  class space    used 3622K, capacity 3885K, committed 3964K, reserved 1048576K
2021-12-27T09:19:04.427+0800: 51.630: [GC (Allocation Failure) 2021-12-27T09:19:04.427+0800: 51.630: [ParNew: 46845K->2786K(47936K), 0.0515737 secs] 59188K->15956K(154432K), 0.0628389 secs] [Times: user=0.01 sys=0.00, real=0.06 secs] 
Heap after GC invocations=28 (full 1):
 par new generation   total 47936K, used 2786K [0x0000000724400000, 0x0000000727800000, 0x00000007390c0000)
  eden space 42624K,   0% used [0x0000000724400000, 0x0000000724400000, 0x0000000726da0000)
  from space 5312K,  52% used [0x0000000726da0000, 0x00000007270589a0, 0x00000007272d0000)
  to   space 5312K,   0% used [0x00000007272d0000, 0x00000007272d0000, 0x0000000727800000)
 concurrent mark-sweep generation total 106496K, used 13170K [0x00000007390c0000, 0x000000073f8c0000, 0x00000007c0000000)
 Metaspace       used 29557K, capacity 30680K, committed 30840K, reserved 1077248K
  class space    used 3622K, capacity 3885K, committed 3964K, reserved 1048576K
}
2021-12-27T09:19:05.216+0800: 52.419: Application time: 0.7252161 seconds
2021-12-27T09:19:05.458+0800: 52.661: Application time: 0.2417188 seconds
{Heap before GC invocations=28 (full 1):
 par new generation   total 47936K, used 45410K [0x0000000724400000, 0x0000000727800000, 0x00000007390c0000)
  eden space 42624K, 100% used [0x0000000724400000, 0x0000000726da0000, 0x0000000726da0000)
  from space 5312K,  52% used [0x0000000726da0000, 0x00000007270589a0, 0x00000007272d0000)
  to   space 5312K,   0% used [0x00000007272d0000, 0x00000007272d0000, 0x0000000727800000)
 concurrent mark-sweep generation total 106496K, used 13170K [0x00000007390c0000, 0x000000073f8c0000, 0x00000007c0000000)
 Metaspace       used 29901K, capacity 31034K, committed 31096K, reserved 1077248K
  class space    used 3668K, capacity 3934K, committed 3964K, reserved 1048576K
2021-12-27T09:19:05.459+0800: 52.662: [GC (Allocation Failure) 2021-12-27T09:19:05.459+0800: 52.662: [ParNew: 45410K->2411K(47936K), 0.0236752 secs] 58580K->15581K(154432K), 0.0277528 secs] [Times: user=0.01 sys=0.00, real=0.03 secs] 
Heap after GC invocations=29 (full 1):
 par new generation   total 47936K, used 2411K [0x0000000724400000, 0x0000000727800000, 0x00000007390c0000)
  eden space 42624K,   0% used [0x0000000724400000, 0x0000000724400000, 0x0000000726da0000)
  from space 5312K,  45% used [0x00000007272d0000, 0x000000072752aec0, 0x0000000727800000)
  to   space 5312K,   0% used [0x0000000726da0000, 0x0000000726da0000, 0x00000007272d0000)
 concurrent mark-sweep generation total 106496K, used 13170K [0x00000007390c0000, 0x000000073f8c0000, 0x00000007c0000000)
 Metaspace       used 29901K, capacity 31034K, committed 31096K, reserved 1077248K
  class space    used 3668K, capacity 3934K, committed 3964K, reserved 1048576K
}
2021-12-27T09:19:06.228+0800: 53.431: Application time: 0.7372183 seconds
2021-12-27T09:19:06.233+0800: 53.436: Application time: 0.0046383 seconds
2021-12-27T09:19:06.733+0800: 53.936: Application time: 0.5000367 seconds
2021-12-27T09:19:06.848+0800: 54.051: Application time: 0.1151107 seconds
{Heap before GC invocations=29 (full 1):
 par new generation   total 47936K, used 45035K [0x0000000724400000, 0x0000000727800000, 0x00000007390c0000)
  eden space 42624K, 100% used [0x0000000724400000, 0x0000000726da0000, 0x0000000726da0000)
  from space 5312K,  45% used [0x00000007272d0000, 0x000000072752aec0, 0x0000000727800000)
  to   space 5312K,   0% used [0x0000000726da0000, 0x0000000726da0000, 0x00000007272d0000)
 concurrent mark-sweep generation total 106496K, used 13170K [0x00000007390c0000, 0x000000073f8c0000, 0x00000007c0000000)
 Metaspace       used 30160K, capacity 31378K, committed 31736K, reserved 1077248K
  class space    used 3699K, capacity 3974K, committed 4092K, reserved 1048576K
2021-12-27T09:19:06.849+0800: 54.052: [GC (Allocation Failure) 2021-12-27T09:19:06.851+0800: 54.054: [ParNew: 45035K->3576K(47936K), 0.1079775 secs] 58205K->16746K(154432K), 0.1187682 secs] [Times: user=0.02 sys=0.00, real=0.12 secs] 
Heap after GC invocations=30 (full 1):
 par new generation   total 47936K, used 3576K [0x0000000724400000, 0x0000000727800000, 0x00000007390c0000)
  eden space 42624K,   0% used [0x0000000724400000, 0x0000000724400000, 0x0000000726da0000)
  from space 5312K,  67% used [0x0000000726da0000, 0x000000072711e228, 0x00000007272d0000)
  to   space 5312K,   0% used [0x00000007272d0000, 0x00000007272d0000, 0x0000000727800000)
 concurrent mark-sweep generation total 106496K, used 13170K [0x00000007390c0000, 0x000000073f8c0000, 0x00000007c0000000)
 Metaspace       used 30160K, capacity 31378K, committed 31736K, reserved 1077248K
  class space    used 3699K, capacity 3974K, committed 4092K, reserved 1048576K
}
2021-12-27T09:19:07.900+0800: 55.126: Application time: 0.9535847 seconds
{Heap before GC invocations=30 (full 1):
 par new generation   total 47936K, used 46200K [0x0000000724400000, 0x0000000727800000, 0x00000007390c0000)
  eden space 42624K, 100% used [0x0000000724400000, 0x0000000726da0000, 0x0000000726da0000)
  from space 5312K,  67% used [0x0000000726da0000, 0x000000072711e228, 0x00000007272d0000)
  to   space 5312K,   0% used [0x00000007272d0000, 0x00000007272d0000, 0x0000000727800000)
 concurrent mark-sweep generation total 106496K, used 13170K [0x00000007390c0000, 0x000000073f8c0000, 0x00000007c0000000)
 Metaspace       used 30296K, capacity 31536K, committed 31736K, reserved 1077248K
  class space    used 3717K, capacity 3981K, committed 4092K, reserved 1048576K
2021-12-27T09:19:07.916+0800: 55.142: [GC (Allocation Failure) 2021-12-27T09:19:07.916+0800: 55.142: [ParNew: 46200K->3581K(47936K), 0.0362831 secs] 59370K->17347K(154432K), 0.0424383 secs] [Times: user=0.01 sys=0.00, real=0.04 secs] 
Heap after GC invocations=31 (full 1):
 par new generation   total 47936K, used 3581K [0x0000000724400000, 0x0000000727800000, 0x00000007390c0000)
  eden space 42624K,   0% used [0x0000000724400000, 0x0000000724400000, 0x0000000726da0000)
  from space 5312K,  67% used [0x00000007272d0000, 0x000000072764f618, 0x0000000727800000)
  to   space 5312K,   0% used [0x0000000726da0000, 0x0000000726da0000, 0x00000007272d0000)
 concurrent mark-sweep generation total 106496K, used 13766K [0x00000007390c0000, 0x000000073f8c0000, 0x00000007c0000000)
 Metaspace       used 30296K, capacity 31536K, committed 31736K, reserved 1077248K
  class space    used 3717K, capacity 3981K, committed 4092K, reserved 1048576K
}
2021-12-27T09:19:08.323+0800: 55.549: Application time: 0.3638883 seconds
2021-12-27T09:19:08.351+0800: 55.577: Application time: 0.0228630 seconds
2021-12-27T09:19:09.159+0800: 56.384: Application time: 0.7947318 seconds
2021-12-27T09:19:09.182+0800: 56.408: Application time: 0.0226744 seconds
{Heap before GC invocations=31 (full 1):
 par new generation   total 47936K, used 46205K [0x0000000724400000, 0x0000000727800000, 0x00000007390c0000)
  eden space 42624K, 100% used [0x0000000724400000, 0x0000000726da0000, 0x0000000726da0000)
  from space 5312K,  67% used [0x00000007272d0000, 0x000000072764f618, 0x0000000727800000)
  to   space 5312K,   0% used [0x0000000726da0000, 0x0000000726da0000, 0x00000007272d0000)
 concurrent mark-sweep generation total 106496K, used 13766K [0x00000007390c0000, 0x000000073f8c0000, 0x00000007c0000000)
 Metaspace       used 30596K, capacity 31814K, committed 31992K, reserved 1077248K
  class space    used 3754K, capacity 4020K, committed 4092K, reserved 1048576K
2021-12-27T09:19:09.182+0800: 56.408: [GC (Allocation Failure) 2021-12-27T09:19:09.183+0800: 56.409: [ParNew: 46205K->2937K(47936K), 0.0372908 secs] 59971K->17195K(154432K), 0.0414465 secs] [Times: user=0.01 sys=0.00, real=0.04 secs] 
Heap after GC invocations=32 (full 1):
 par new generation   total 47936K, used 2937K [0x0000000724400000, 0x0000000727800000, 0x00000007390c0000)
  eden space 42624K,   0% used [0x0000000724400000, 0x0000000724400000, 0x0000000726da0000)
  from space 5312K,  55% used [0x0000000726da0000, 0x000000072707e5f8, 0x00000007272d0000)
  to   space 5312K,   0% used [0x00000007272d0000, 0x00000007272d0000, 0x0000000727800000)
 concurrent mark-sweep generation total 106496K, used 14258K [0x00000007390c0000, 0x000000073f8c0000, 0x00000007c0000000)
 Metaspace       used 30596K, capacity 31814K, committed 31992K, reserved 1077248K
  class space    used 3754K, capacity 4020K, committed 4092K, reserved 1048576K
}
2021-12-27T09:19:10.228+0800: 57.454: Application time: 1.0034905 seconds
2021-12-27T09:19:10.582+0800: 57.808: Application time: 0.3514486 seconds
{Heap before GC invocations=32 (full 1):
 par new generation   total 47936K, used 45561K [0x0000000724400000, 0x0000000727800000, 0x00000007390c0000)
  eden space 42624K, 100% used [0x0000000724400000, 0x0000000726da0000, 0x0000000726da0000)
  from space 5312K,  55% used [0x0000000726da0000, 0x000000072707e5f8, 0x00000007272d0000)
  to   space 5312K,   0% used [0x00000007272d0000, 0x00000007272d0000, 0x0000000727800000)
 concurrent mark-sweep generation total 106496K, used 14258K [0x00000007390c0000, 0x000000073f8c0000, 0x00000007c0000000)
 Metaspace       used 31457K, capacity 32772K, committed 32888K, reserved 1077248K
  class space    used 3876K, capacity 4175K, committed 4220K, reserved 1048576K
2021-12-27T09:19:10.584+0800: 57.810: [GC (Allocation Failure) 2021-12-27T09:19:10.594+0800: 57.819: [ParNew: 45561K->3485K(47936K), 0.0629350 secs] 59819K->17743K(154432K), 0.0747354 secs] [Times: user=0.01 sys=0.00, real=0.07 secs] 
Heap after GC invocations=33 (full 1):
 par new generation   total 47936K, used 3485K [0x0000000724400000, 0x0000000727800000, 0x00000007390c0000)
  eden space 42624K,   0% used [0x0000000724400000, 0x0000000724400000, 0x0000000726da0000)
  from space 5312K,  65% used [0x00000007272d0000, 0x0000000727637440, 0x0000000727800000)
  to   space 5312K,   0% used [0x0000000726da0000, 0x0000000726da0000, 0x00000007272d0000)
 concurrent mark-sweep generation total 106496K, used 14258K [0x00000007390c0000, 0x000000073f8c0000, 0x00000007c0000000)
 Metaspace       used 31457K, capacity 32772K, committed 32888K, reserved 1077248K
  class space    used 3876K, capacity 4175K, committed 4220K, reserved 1048576K
}
2021-12-27T09:19:11.661+0800: 58.887: Application time: 1.0003777 seconds
2021-12-27T09:19:12.662+0800: 59.888: Application time: 1.0005681 seconds
2021-12-27T09:19:13.478+0800: 60.704: Application time: 0.8017234 seconds
{Heap before GC invocations=33 (full 1):
 par new generation   total 47936K, used 46109K [0x0000000724400000, 0x0000000727800000, 0x00000007390c0000)
  eden space 42624K, 100% used [0x0000000724400000, 0x0000000726da0000, 0x0000000726da0000)
  from space 5312K,  65% used [0x00000007272d0000, 0x0000000727637440, 0x0000000727800000)
  to   space 5312K,   0% used [0x0000000726da0000, 0x0000000726da0000, 0x00000007272d0000)
 concurrent mark-sweep generation total 106496K, used 14258K [0x00000007390c0000, 0x000000073f8c0000, 0x00000007c0000000)
 Metaspace       used 32320K, capacity 33656K, committed 33784K, reserved 1079296K
  class space    used 4002K, capacity 4285K, committed 4348K, reserved 1048576K
2021-12-27T09:19:13.483+0800: 60.708: [GC (Allocation Failure) 2021-12-27T09:19:13.483+0800: 60.709: [ParNew: 46109K->3894K(47936K), 0.0947230 secs] 60367K->18431K(154432K), 0.0984599 secs] [Times: user=0.02 sys=0.01, real=0.10 secs] 
Heap after GC invocations=34 (full 1):
 par new generation   total 47936K, used 3894K [0x0000000724400000, 0x0000000727800000, 0x00000007390c0000)
  eden space 42624K,   0% used [0x0000000724400000, 0x0000000724400000, 0x0000000726da0000)
  from space 5312K,  73% used [0x0000000726da0000, 0x000000072716d810, 0x00000007272d0000)
  to   space 5312K,   0% used [0x00000007272d0000, 0x00000007272d0000, 0x0000000727800000)
 concurrent mark-sweep generation total 106496K, used 14537K [0x00000007390c0000, 0x000000073f8c0000, 0x00000007c0000000)
 Metaspace       used 32320K, capacity 33656K, committed 33784K, reserved 1079296K
  class space    used 4002K, capacity 4285K, committed 4348K, reserved 1048576K
}
2021-12-27T09:19:14.582+0800: 61.808: Application time: 1.0001318 seconds
2021-12-27T09:19:14.762+0800: 61.988: Application time: 0.1794926 seconds
2021-12-27T09:19:15.258+0800: 62.484: Application time: 0.4946627 seconds
2021-12-27T09:19:15.463+0800: 62.689: Application time: 0.2046166 seconds
{Heap before GC invocations=34 (full 1):
 par new generation   total 47936K, used 46518K [0x0000000724400000, 0x0000000727800000, 0x00000007390c0000)
  eden space 42624K, 100% used [0x0000000724400000, 0x0000000726da0000, 0x0000000726da0000)
  from space 5312K,  73% used [0x0000000726da0000, 0x000000072716d810, 0x00000007272d0000)
  to   space 5312K,   0% used [0x00000007272d0000, 0x00000007272d0000, 0x0000000727800000)
 concurrent mark-sweep generation total 106496K, used 14537K [0x00000007390c0000, 0x000000073f8c0000, 0x00000007c0000000)
 Metaspace       used 33007K, capacity 34514K, committed 34680K, reserved 1079296K
  class space    used 4113K, capacity 4422K, committed 4476K, reserved 1048576K
2021-12-27T09:19:15.464+0800: 62.690: [GC (Allocation Failure) 2021-12-27T09:19:15.464+0800: 62.690: [ParNew: 46518K->3759K(47936K), 0.1325382 secs] 61055K->18671K(154432K), 0.1454848 secs] [Times: user=0.03 sys=0.00, real=0.14 secs] 
Heap after GC invocations=35 (full 1):
 par new generation   total 47936K, used 3759K [0x0000000724400000, 0x0000000727800000, 0x00000007390c0000)
  eden space 42624K,   0% used [0x0000000724400000, 0x0000000724400000, 0x0000000726da0000)
  from space 5312K,  70% used [0x00000007272d0000, 0x000000072767bc68, 0x0000000727800000)
  to   space 5312K,   0% used [0x0000000726da0000, 0x0000000726da0000, 0x00000007272d0000)
 concurrent mark-sweep generation total 106496K, used 14911K [0x00000007390c0000, 0x000000073f8c0000, 0x00000007c0000000)
 Metaspace       used 33007K, capacity 34514K, committed 34680K, reserved 1079296K
  class space    used 4113K, capacity 4422K, committed 4476K, reserved 1048576K
}
2021-12-27T09:19:15.742+0800: 62.968: Application time: 0.1304004 seconds
2021-12-27T09:19:15.749+0800: 62.974: Application time: 0.0068557 seconds
2021-12-27T09:19:15.749+0800: 62.975: Application time: 0.0002277 seconds
2021-12-27T09:19:16.255+0800: 63.481: Application time: 0.5064511 seconds
2021-12-27T09:19:16.257+0800: 63.483: Application time: 0.0016479 seconds
2021-12-27T09:19:16.766+0800: 63.992: Application time: 0.5087020 seconds
{Heap before GC invocations=35 (full 1):
 par new generation   total 47936K, used 46383K [0x0000000724400000, 0x0000000727800000, 0x00000007390c0000)
  eden space 42624K, 100% used [0x0000000724400000, 0x0000000726da0000, 0x0000000726da0000)
  from space 5312K,  70% used [0x00000007272d0000, 0x000000072767bc68, 0x0000000727800000)
  to   space 5312K,   0% used [0x0000000726da0000, 0x0000000726da0000, 0x00000007272d0000)
 concurrent mark-sweep generation total 106496K, used 14911K [0x00000007390c0000, 0x000000073f8c0000, 0x00000007c0000000)
 Metaspace       used 33711K, capacity 35192K, committed 35320K, reserved 1079296K
  class space    used 4271K, capacity 4585K, committed 4604K, reserved 1048576K
2021-12-27T09:19:16.766+0800: 63.992: [GC (Allocation Failure) 2021-12-27T09:19:16.766+0800: 63.992: [ParNew: 46383K->3112K(47936K), 0.0308968 secs] 61295K->18518K(154432K), 0.0390372 secs] [Times: user=0.02 sys=0.00, real=0.04 secs] 
Heap after GC invocations=36 (full 1):
 par new generation   total 47936K, used 3112K [0x0000000724400000, 0x0000000727800000, 0x00000007390c0000)
  eden space 42624K,   0% used [0x0000000724400000, 0x0000000724400000, 0x0000000726da0000)
  from space 5312K,  58% used [0x0000000726da0000, 0x00000007270aa1f8, 0x00000007272d0000)
  to   space 5312K,   0% used [0x00000007272d0000, 0x00000007272d0000, 0x0000000727800000)
 concurrent mark-sweep generation total 106496K, used 15405K [0x00000007390c0000, 0x000000073f8c0000, 0x00000007c0000000)
 Metaspace       used 33711K, capacity 35192K, committed 35320K, reserved 1079296K
  class space    used 4271K, capacity 4585K, committed 4604K, reserved 1048576K
}
2021-12-27T09:19:17.653+0800: 64.879: Application time: 0.8467541 seconds
{Heap before GC invocations=36 (full 1):
 par new generation   total 47936K, used 45736K [0x0000000724400000, 0x0000000727800000, 0x00000007390c0000)
  eden space 42624K, 100% used [0x0000000724400000, 0x0000000726da0000, 0x0000000726da0000)
  from space 5312K,  58% used [0x0000000726da0000, 0x00000007270aa1f8, 0x00000007272d0000)
  to   space 5312K,   0% used [0x00000007272d0000, 0x00000007272d0000, 0x0000000727800000)
 concurrent mark-sweep generation total 106496K, used 15405K [0x00000007390c0000, 0x000000073f8c0000, 0x00000007c0000000)
 Metaspace       used 34121K, capacity 35632K, committed 35960K, reserved 1081344K
  class space    used 4348K, capacity 4661K, committed 4732K, reserved 1048576K
2021-12-27T09:19:17.654+0800: 64.879: [GC (Allocation Failure) 2021-12-27T09:19:17.654+0800: 64.880: [ParNew: 45736K->5302K(47936K), 0.0953585 secs] 61142K->20708K(154432K), 0.0983967 secs] [Times: user=0.02 sys=0.01, real=0.10 secs] 
Heap after GC invocations=37 (full 1):
 par new generation   total 47936K, used 5302K [0x0000000724400000, 0x0000000727800000, 0x00000007390c0000)
  eden space 42624K,   0% used [0x0000000724400000, 0x0000000724400000, 0x0000000726da0000)
  from space 5312K,  99% used [0x00000007272d0000, 0x00000007277fdbf0, 0x0000000727800000)
  to   space 5312K,   0% used [0x0000000726da0000, 0x0000000726da0000, 0x00000007272d0000)
 concurrent mark-sweep generation total 106496K, used 15405K [0x00000007390c0000, 0x000000073f8c0000, 0x00000007c0000000)
 Metaspace       used 34121K, capacity 35632K, committed 35960K, reserved 1081344K
  class space    used 4348K, capacity 4661K, committed 4732K, reserved 1048576K
}
2021-12-27T09:19:18.078+0800: 65.304: Application time: 0.3201206 seconds
2021-12-27T09:19:19.078+0800: 66.304: Application time: 1.0001679 seconds
2021-12-27T09:19:19.452+0800: 66.677: Application time: 0.3727484 seconds
{Heap before GC invocations=37 (full 1):
 par new generation   total 47936K, used 47926K [0x0000000724400000, 0x0000000727800000, 0x00000007390c0000)
  eden space 42624K, 100% used [0x0000000724400000, 0x0000000726da0000, 0x0000000726da0000)
  from space 5312K,  99% used [0x00000007272d0000, 0x00000007277fdbf0, 0x0000000727800000)
  to   space 5312K,   0% used [0x0000000726da0000, 0x0000000726da0000, 0x00000007272d0000)
 concurrent mark-sweep generation total 106496K, used 15405K [0x00000007390c0000, 0x000000073f8c0000, 0x00000007c0000000)
 Metaspace       used 34564K, capacity 36162K, committed 36216K, reserved 1081344K
  class space    used 4418K, capacity 4716K, committed 4732K, reserved 1048576K
2021-12-27T09:19:19.452+0800: 66.678: [GC (Allocation Failure) 2021-12-27T09:19:19.452+0800: 66.678: [ParNew: 47926K->2987K(47936K), 0.0924105 secs] 63332K->19792K(154432K), 0.1079200 secs] [Times: user=0.02 sys=0.00, real=0.10 secs] 
Heap after GC invocations=38 (full 1):
 par new generation   total 47936K, used 2987K [0x0000000724400000, 0x0000000727800000, 0x00000007390c0000)
  eden space 42624K,   0% used [0x0000000724400000, 0x0000000724400000, 0x0000000726da0000)
  from space 5312K,  56% used [0x0000000726da0000, 0x000000072708ad70, 0x00000007272d0000)
  to   space 5312K,   0% used [0x00000007272d0000, 0x00000007272d0000, 0x0000000727800000)
 concurrent mark-sweep generation total 106496K, used 16804K [0x00000007390c0000, 0x000000073f8c0000, 0x00000007c0000000)
 Metaspace       used 34564K, capacity 36162K, committed 36216K, reserved 1081344K
  class space    used 4418K, capacity 4716K, committed 4732K, reserved 1048576K
}
2021-12-27T09:19:20.562+0800: 67.788: Application time: 1.0001250 seconds
2021-12-27T09:19:21.262+0800: 68.488: Application time: 0.6999114 seconds
{Heap before GC invocations=38 (full 1):
 par new generation   total 47936K, used 45611K [0x0000000724400000, 0x0000000727800000, 0x00000007390c0000)
  eden space 42624K, 100% used [0x0000000724400000, 0x0000000726da0000, 0x0000000726da0000)
  from space 5312K,  56% used [0x0000000726da0000, 0x000000072708ad70, 0x00000007272d0000)
  to   space 5312K,   0% used [0x00000007272d0000, 0x00000007272d0000, 0x0000000727800000)
 concurrent mark-sweep generation total 106496K, used 16804K [0x00000007390c0000, 0x000000073f8c0000, 0x00000007c0000000)
 Metaspace       used 34942K, capacity 36488K, committed 36600K, reserved 1081344K
  class space    used 4483K, capacity 4781K, committed 4860K, reserved 1048576K
2021-12-27T09:19:21.263+0800: 68.489: [GC (Allocation Failure) 2021-12-27T09:19:21.264+0800: 68.490: [ParNew: 45611K->2437K(47936K), 0.0632475 secs] 62416K->19241K(154432K), 0.0643199 secs] [Times: user=0.01 sys=0.00, real=0.06 secs] 
Heap after GC invocations=39 (full 1):
 par new generation   total 47936K, used 2437K [0x0000000724400000, 0x0000000727800000, 0x00000007390c0000)
  eden space 42624K,   0% used [0x0000000724400000, 0x0000000724400000, 0x0000000726da0000)
  from space 5312K,  45% used [0x00000007272d0000, 0x0000000727531400, 0x0000000727800000)
  to   space 5312K,   0% used [0x0000000726da0000, 0x0000000726da0000, 0x00000007272d0000)
 concurrent mark-sweep generation total 106496K, used 16804K [0x00000007390c0000, 0x000000073f8c0000, 0x00000007c0000000)
 Metaspace       used 34942K, capacity 36488K, committed 36600K, reserved 1081344K
  class space    used 4483K, capacity 4781K, committed 4860K, reserved 1048576K
}
2021-12-27T09:19:22.235+0800: 69.461: Application time: 0.9039341 seconds
2021-12-27T09:19:22.553+0800: 69.779: Application time: 0.3156319 seconds
{Heap before GC invocations=39 (full 1):
 par new generation   total 47936K, used 45061K [0x0000000724400000, 0x0000000727800000, 0x00000007390c0000)
  eden space 42624K, 100% used [0x0000000724400000, 0x0000000726da0000, 0x0000000726da0000)
  from space 5312K,  45% used [0x00000007272d0000, 0x0000000727531400, 0x0000000727800000)
  to   space 5312K,   0% used [0x0000000726da0000, 0x0000000726da0000, 0x00000007272d0000)
 concurrent mark-sweep generation total 106496K, used 16804K [0x00000007390c0000, 0x000000073f8c0000, 0x00000007c0000000)
 Metaspace       used 35683K, capacity 37266K, committed 37496K, reserved 1081344K
  class space    used 4581K, capacity 4910K, committed 4988K, reserved 1048576K
2021-12-27T09:19:22.554+0800: 69.779: [GC (Allocation Failure) 2021-12-27T09:19:22.554+0800: 69.780: [ParNew: 45061K->2405K(47936K), 0.0240955 secs] 61865K->19210K(154432K), 0.0250407 secs] [Times: user=0.01 sys=0.01, real=0.02 secs] 
Heap after GC invocations=40 (full 1):
 par new generation   total 47936K, used 2405K [0x0000000724400000, 0x0000000727800000, 0x00000007390c0000)
  eden space 42624K,   0% used [0x0000000724400000, 0x0000000724400000, 0x0000000726da0000)
  from space 5312K,  45% used [0x0000000726da0000, 0x0000000726ff9678, 0x00000007272d0000)
  to   space 5312K,   0% used [0x00000007272d0000, 0x00000007272d0000, 0x0000000727800000)
 concurrent mark-sweep generation total 106496K, used 16804K [0x00000007390c0000, 0x000000073f8c0000, 0x00000007c0000000)
 Metaspace       used 35683K, capacity 37266K, committed 37496K, reserved 1081344K
  class space    used 4581K, capacity 4910K, committed 4988K, reserved 1048576K
}
2021-12-27T09:19:23.087+0800: 70.313: Application time: 0.5075013 seconds
2021-12-27T09:19:23.181+0800: 70.406: Application time: 0.0929496 seconds
2021-12-27T09:19:23.189+0800: 70.415: Application time: 0.0035800 seconds
2021-12-27T09:19:23.923+0800: 71.149: Application time: 0.7295954 seconds
2021-12-27T09:19:23.928+0800: 71.155: Application time: 0.0053778 seconds
2021-12-27T09:19:24.535+0800: 71.760: Application time: 0.6047046 seconds
{Heap before GC invocations=40 (full 1):
 par new generation   total 47936K, used 45029K [0x0000000724400000, 0x0000000727800000, 0x00000007390c0000)
  eden space 42624K, 100% used [0x0000000724400000, 0x0000000726da0000, 0x0000000726da0000)
  from space 5312K,  45% used [0x0000000726da0000, 0x0000000726ff9678, 0x00000007272d0000)
  to   space 5312K,   0% used [0x00000007272d0000, 0x00000007272d0000, 0x0000000727800000)
 concurrent mark-sweep generation total 106496K, used 16804K [0x00000007390c0000, 0x000000073f8c0000, 0x00000007c0000000)
 Metaspace       used 36852K, capacity 38556K, committed 38648K, reserved 1083392K
  class space    used 4750K, capacity 5103K, committed 5116K, reserved 1048576K
2021-12-27T09:19:24.535+0800: 71.761: [GC (Allocation Failure) 2021-12-27T09:19:24.536+0800: 71.762: [ParNew: 45029K->3042K(47936K), 0.0898718 secs] 61834K->19847K(154432K), 0.0911874 secs] [Times: user=0.02 sys=0.00, real=0.09 secs] 
Heap after GC invocations=41 (full 1):
 par new generation   total 47936K, used 3042K [0x0000000724400000, 0x0000000727800000, 0x00000007390c0000)
  eden space 42624K,   0% used [0x0000000724400000, 0x0000000724400000, 0x0000000726da0000)
  from space 5312K,  57% used [0x00000007272d0000, 0x00000007275c8a08, 0x0000000727800000)
  to   space 5312K,   0% used [0x0000000726da0000, 0x0000000726da0000, 0x00000007272d0000)
 concurrent mark-sweep generation total 106496K, used 16804K [0x00000007390c0000, 0x000000073f8c0000, 0x00000007c0000000)
 Metaspace       used 36852K, capacity 38556K, committed 38648K, reserved 1083392K
  class space    used 4750K, capacity 5103K, committed 5116K, reserved 1048576K
}
2021-12-27T09:19:25.074+0800: 72.300: Application time: 0.4471647 seconds
2021-12-27T09:19:25.089+0800: 72.314: Application time: 0.0143729 seconds
2021-12-27T09:19:25.089+0800: 72.315: Application time: 0.0002049 seconds
2021-12-27T09:19:25.089+0800: 72.315: Application time: 0.0003060 seconds
2021-12-27T09:19:25.090+0800: 72.316: Application time: 0.0006298 seconds
2021-12-27T09:19:25.092+0800: 72.318: Application time: 0.0023669 seconds
2021-12-27T09:19:25.093+0800: 72.319: Application time: 0.0003688 seconds
2021-12-27T09:19:25.093+0800: 72.319: Application time: 0.0002127 seconds
2021-12-27T09:19:25.093+0800: 72.319: Application time: 0.0002190 seconds
2021-12-27T09:19:25.093+0800: 72.319: Application time: 0.0001987 seconds
2021-12-27T09:19:25.095+0800: 72.321: Application time: 0.0018293 seconds
2021-12-27T09:19:25.844+0800: 73.070: Application time: 0.7484873 seconds
2021-12-27T09:19:26.234+0800: 73.460: Application time: 0.3894885 seconds
2021-12-27T09:19:26.594+0800: 73.820: Application time: 0.3596866 seconds
2021-12-27T09:19:26.628+0800: 73.854: Application time: 0.0341133 seconds
2021-12-27T09:19:26.630+0800: 73.856: [GC (CMS Initial Mark) [1 CMS-initial-mark: 16804K(106496K)] 47986K(154432K), 0.0767664 secs] [Times: user=0.02 sys=0.00, real=0.08 secs] 
2021-12-27T09:19:26.708+0800: 73.934: [CMS-concurrent-mark-start]
2021-12-27T09:19:27.079+0800: 74.305: [CMS-concurrent-mark: 0.372/0.372 secs] [Times: user=0.08 sys=0.02, real=0.37 secs] 
2021-12-27T09:19:27.081+0800: 74.307: [CMS-concurrent-preclean-start]
2021-12-27T09:19:27.109+0800: 74.335: [CMS-concurrent-preclean: 0.026/0.028 secs] [Times: user=0.01 sys=0.00, real=0.03 secs] 
2021-12-27T09:19:27.118+0800: 74.344: [CMS-concurrent-abortable-preclean-start]
2021-12-27T09:19:27.151+0800: 74.377: Application time: 0.4436231 seconds
2021-12-27T09:19:27.322+0800: 74.548: Application time: 0.1703502 seconds
2021-12-27T09:19:27.372+0800: 74.598: Application time: 0.0495907 seconds
2021-12-27T09:19:27.399+0800: 74.625: Application time: 0.0235408 seconds
2021-12-27T09:19:27.545+0800: 74.771: Application time: 0.1437146 seconds
2021-12-27T09:19:28.006+0800: 75.232: Application time: 0.4603705 seconds
2021-12-27T09:19:28.191+0800: 75.417: Application time: 0.1844883 seconds
{Heap before GC invocations=41 (full 2):
 par new generation   total 47936K, used 45666K [0x0000000724400000, 0x0000000727800000, 0x00000007390c0000)
  eden space 42624K, 100% used [0x0000000724400000, 0x0000000726da0000, 0x0000000726da0000)
  from space 5312K,  57% used [0x00000007272d0000, 0x00000007275c8a08, 0x0000000727800000)
  to   space 5312K,   0% used [0x0000000726da0000, 0x0000000726da0000, 0x00000007272d0000)
 concurrent mark-sweep generation total 106496K, used 16804K [0x00000007390c0000, 0x000000073f8c0000, 0x00000007c0000000)
 Metaspace       used 39236K, capacity 41076K, committed 41360K, reserved 1085440K
  class space    used 5040K, capacity 5397K, committed 5472K, reserved 1048576K
2021-12-27T09:19:28.192+0800: 75.418: [GC (Allocation Failure) 2021-12-27T09:19:28.192+0800: 75.418: [ParNew: 45666K->4799K(47936K), 0.0797320 secs] 62471K->21604K(154432K), 0.0805323 secs] [Times: user=0.02 sys=0.00, real=0.08 secs] 
Heap after GC invocations=42 (full 2):
 par new generation   total 47936K, used 4799K [0x0000000724400000, 0x0000000727800000, 0x00000007390c0000)
  eden space 42624K,   0% used [0x0000000724400000, 0x0000000724400000, 0x0000000726da0000)
  from space 5312K,  90% used [0x0000000726da0000, 0x000000072724fee0, 0x00000007272d0000)
  to   space 5312K,   0% used [0x00000007272d0000, 0x00000007272d0000, 0x0000000727800000)
 concurrent mark-sweep generation total 106496K, used 16804K [0x00000007390c0000, 0x000000073f8c0000, 0x00000007c0000000)
 Metaspace       used 39236K, capacity 41076K, committed 41360K, reserved 1085440K
  class space    used 5040K, capacity 5397K, committed 5472K, reserved 1048576K
}
2021-12-27T09:19:28.476+0800: 75.702: Application time: 0.2025675 seconds
2021-12-27T09:19:29.481+0800: 76.707: Application time: 1.0051499 seconds
2021-12-27T09:19:29.910+0800: 77.136: Application time: 0.4282895 seconds
2021-12-27T09:19:29.989+0800: 77.215: Application time: 0.0779762 seconds
2021-12-27T09:19:30.508+0800: 77.734: [CMS-concurrent-abortable-preclean: 2.896/3.390 secs] [Times: user=0.78 sys=0.09, real=3.39 secs] 
2021-12-27T09:19:30.510+0800: 77.736: Application time: 0.5205186 seconds
2021-12-27T09:19:30.514+0800: 77.740: [GC (CMS Final Remark) [YG occupancy: 28658 K (47936 K)]2021-12-27T09:19:30.514+0800: 77.740: [Rescan (parallel) , 0.0896429 secs]2021-12-27T09:19:30.605+0800: 77.830: [weak refs processing, 0.0009890 secs]2021-12-27T09:19:30.606+0800: 77.832: [class unloading, 0.1107353 secs]2021-12-27T09:19:30.720+0800: 77.946: [scrub symbol table, 0.1238959 secs]2021-12-27T09:19:30.845+0800: 78.071: [scrub string table, 0.0020519 secs][1 CMS-remark: 16804K(106496K)] 45463K(154432K), 0.3496818 secs] [Times: user=0.06 sys=0.00, real=0.35 secs] 
2021-12-27T09:19:30.865+0800: 78.091: [CMS-concurrent-sweep-start]
2021-12-27T09:19:30.956+0800: 78.182: [CMS-concurrent-sweep: 0.092/0.092 secs] [Times: user=0.02 sys=0.01, real=0.09 secs] 
2021-12-27T09:19:30.962+0800: 78.188: [CMS-concurrent-reset-start]
2021-12-27T09:19:31.003+0800: 78.229: [CMS-concurrent-reset: 0.041/0.041 secs] [Times: user=0.00 sys=0.00, real=0.04 secs] 
2021-12-27T09:19:31.286+0800: 78.512: Application time: 0.4216756 seconds
2021-12-27T09:19:31.780+0800: 79.005: Application time: 0.4881307 seconds
{Heap before GC invocations=42 (full 2):
 par new generation   total 47936K, used 47423K [0x0000000724400000, 0x0000000727800000, 0x00000007390c0000)
  eden space 42624K, 100% used [0x0000000724400000, 0x0000000726da0000, 0x0000000726da0000)
  from space 5312K,  90% used [0x0000000726da0000, 0x000000072724fee0, 0x00000007272d0000)
  to   space 5312K,   0% used [0x00000007272d0000, 0x00000007272d0000, 0x0000000727800000)
 concurrent mark-sweep generation total 106496K, used 11076K [0x00000007390c0000, 0x000000073f8c0000, 0x00000007c0000000)
 Metaspace       used 40105K, capacity 41894K, committed 42332K, reserved 1085440K
  class space    used 5171K, capacity 5509K, committed 5600K, reserved 1048576K
2021-12-27T09:19:31.781+0800: 79.006: [GC (Allocation Failure) 2021-12-27T09:19:31.781+0800: 79.007: [ParNew: 47423K->4146K(47936K), 0.1232727 secs] 58500K->16234K(154432K), 0.1245689 secs] [Times: user=0.02 sys=0.00, real=0.13 secs] 
Heap after GC invocations=43 (full 2):
 par new generation   total 47936K, used 4146K [0x0000000724400000, 0x0000000727800000, 0x00000007390c0000)
  eden space 42624K,   0% used [0x0000000724400000, 0x0000000724400000, 0x0000000726da0000)
  from space 5312K,  78% used [0x00000007272d0000, 0x00000007276dcb38, 0x0000000727800000)
  to   space 5312K,   0% used [0x0000000726da0000, 0x0000000726da0000, 0x00000007272d0000)
 concurrent mark-sweep generation total 106496K, used 12087K [0x00000007390c0000, 0x000000073f8c0000, 0x00000007c0000000)
 Metaspace       used 40105K, capacity 41894K, committed 42332K, reserved 1085440K
  class space    used 5171K, capacity 5509K, committed 5600K, reserved 1048576K
}
2021-12-27T09:19:32.907+0800: 80.132: Application time: 1.0003148 seconds
2021-12-27T09:19:33.935+0800: 81.161: Application time: 1.0025529 seconds
2021-12-27T09:19:34.805+0800: 82.031: Application time: 0.8248333 seconds
{Heap before GC invocations=43 (full 2):
 par new generation   total 47936K, used 46770K [0x0000000724400000, 0x0000000727800000, 0x00000007390c0000)
  eden space 42624K, 100% used [0x0000000724400000, 0x0000000726da0000, 0x0000000726da0000)
  from space 5312K,  78% used [0x00000007272d0000, 0x00000007276dcb38, 0x0000000727800000)
  to   space 5312K,   0% used [0x0000000726da0000, 0x0000000726da0000, 0x00000007272d0000)
 concurrent mark-sweep generation total 106496K, used 12087K [0x00000007390c0000, 0x000000073f8c0000, 0x00000007c0000000)
 Metaspace       used 41417K, capacity 43666K, committed 43996K, reserved 1087488K
  class space    used 5348K, capacity 5753K, committed 5856K, reserved 1048576K
2021-12-27T09:19:34.806+0800: 82.032: [GC (Allocation Failure) 2021-12-27T09:19:34.807+0800: 82.033: [ParNew: 46770K->5085K(47936K), 0.1154086 secs] 58858K->17978K(154432K), 0.1170623 secs] [Times: user=0.03 sys=0.00, real=0.12 secs] 
Heap after GC invocations=44 (full 2):
 par new generation   total 47936K, used 5085K [0x0000000724400000, 0x0000000727800000, 0x00000007390c0000)
  eden space 42624K,   0% used [0x0000000724400000, 0x0000000724400000, 0x0000000726da0000)
  from space 5312K,  95% used [0x0000000726da0000, 0x00000007272974f0, 0x00000007272d0000)
  to   space 5312K,   0% used [0x00000007272d0000, 0x00000007272d0000, 0x0000000727800000)
 concurrent mark-sweep generation total 106496K, used 12893K [0x00000007390c0000, 0x000000073f8c0000, 0x00000007c0000000)
 Metaspace       used 41417K, capacity 43666K, committed 43996K, reserved 1087488K
  class space    used 5348K, capacity 5753K, committed 5856K, reserved 1048576K
}
2021-12-27T09:19:35.272+0800: 82.498: Application time: 0.3474622 seconds
2021-12-27T09:19:35.753+0800: 82.979: Application time: 0.4798621 seconds
2021-12-27T09:19:36.140+0800: 83.366: Application time: 0.3842219 seconds
2021-12-27T09:19:36.453+0800: 83.679: Application time: 0.3120970 seconds
2021-12-27T09:19:37.213+0800: 84.463: Application time: 0.7826953 seconds
{Heap before GC invocations=44 (full 2):
 par new generation   total 47936K, used 47709K [0x0000000724400000, 0x0000000727800000, 0x00000007390c0000)
  eden space 42624K, 100% used [0x0000000724400000, 0x0000000726da0000, 0x0000000726da0000)
  from space 5312K,  95% used [0x0000000726da0000, 0x00000007272974f0, 0x00000007272d0000)
  to   space 5312K,   0% used [0x00000007272d0000, 0x00000007272d0000, 0x0000000727800000)
 concurrent mark-sweep generation total 106496K, used 12893K [0x00000007390c0000, 0x000000073f8c0000, 0x00000007c0000000)
 Metaspace       used 43693K, capacity 45954K, committed 46300K, reserved 1089536K
  class space    used 5590K, capacity 6017K, committed 6112K, reserved 1048576K
2021-12-27T09:19:37.215+0800: 84.464: [GC (Allocation Failure) 2021-12-27T09:19:37.216+0800: 84.465: [ParNew: 47709K->5312K(47936K), 0.1682493 secs] 60602K->20580K(154432K), 0.1695870 secs] [Times: user=0.03 sys=0.00, real=0.17 secs] 
Heap after GC invocations=45 (full 2):
 par new generation   total 47936K, used 5312K [0x0000000724400000, 0x0000000727800000, 0x00000007390c0000)
  eden space 42624K,   0% used [0x0000000724400000, 0x0000000724400000, 0x0000000726da0000)
  from space 5312K, 100% used [0x00000007272d0000, 0x0000000727800000, 0x0000000727800000)
  to   space 5312K,   0% used [0x0000000726da0000, 0x0000000726da0000, 0x00000007272d0000)
 concurrent mark-sweep generation total 106496K, used 15268K [0x00000007390c0000, 0x000000073f8c0000, 0x00000007c0000000)
 Metaspace       used 43693K, capacity 45954K, committed 46300K, reserved 1089536K
  class space    used 5590K, capacity 6017K, committed 6112K, reserved 1048576K
}
2021-12-27T09:19:38.020+0800: 85.269: Application time: 0.6344455 seconds
2021-12-27T09:19:38.040+0800: 85.289: Application time: 0.0192887 seconds
2021-12-27T09:19:39.041+0800: 86.290: Application time: 1.0002186 seconds
2021-12-27T09:19:39.229+0800: 86.478: Application time: 0.1750718 seconds
2021-12-27T09:19:39.460+0800: 86.710: Application time: 0.2316660 seconds
{Heap before GC invocations=45 (full 2):
 par new generation   total 47936K, used 47936K [0x0000000724400000, 0x0000000727800000, 0x00000007390c0000)
  eden space 42624K, 100% used [0x0000000724400000, 0x0000000726da0000, 0x0000000726da0000)
  from space 5312K, 100% used [0x00000007272d0000, 0x0000000727800000, 0x0000000727800000)
  to   space 5312K,   0% used [0x0000000726da0000, 0x0000000726da0000, 0x00000007272d0000)
 concurrent mark-sweep generation total 106496K, used 15268K [0x00000007390c0000, 0x000000073f8c0000, 0x00000007c0000000)
 Metaspace       used 44171K, capacity 46458K, committed 46556K, reserved 1089536K
  class space    used 5654K, capacity 6077K, committed 6112K, reserved 1048576K
2021-12-27T09:19:39.462+0800: 86.711: [GC (Allocation Failure) 2021-12-27T09:19:39.462+0800: 86.711: [ParNew: 47936K->4808K(47936K), 0.1071660 secs] 63204K->21333K(154432K), 0.1246217 secs] [Times: user=0.03 sys=0.01, real=0.12 secs] 
Heap after GC invocations=46 (full 2):
 par new generation   total 47936K, used 4808K [0x0000000724400000, 0x0000000727800000, 0x00000007390c0000)
  eden space 42624K,   0% used [0x0000000724400000, 0x0000000724400000, 0x0000000726da0000)
  from space 5312K,  90% used [0x0000000726da0000, 0x0000000727252108, 0x00000007272d0000)
  to   space 5312K,   0% used [0x00000007272d0000, 0x00000007272d0000, 0x0000000727800000)
 concurrent mark-sweep generation total 106496K, used 16525K [0x00000007390c0000, 0x000000073f8c0000, 0x00000007c0000000)
 Metaspace       used 44171K, capacity 46458K, committed 46556K, reserved 1089536K
  class space    used 5654K, capacity 6077K, committed 6112K, reserved 1048576K
}
2021-12-27T09:19:39.770+0800: 87.019: Application time: 0.1821512 seconds
{Heap before GC invocations=46 (full 2):
 par new generation   total 47936K, used 47379K [0x0000000724400000, 0x0000000727800000, 0x00000007390c0000)
  eden space 42624K,  99% used [0x0000000724400000, 0x0000000726d92dc8, 0x0000000726da0000)
  from space 5312K,  90% used [0x0000000726da0000, 0x0000000727252108, 0x00000007272d0000)
  to   space 5312K,   0% used [0x00000007272d0000, 0x00000007272d0000, 0x0000000727800000)
 concurrent mark-sweep generation total 106496K, used 16525K [0x00000007390c0000, 0x000000073f8c0000, 0x00000007c0000000)
 Metaspace       used 44173K, capacity 46458K, committed 46556K, reserved 1089536K
  class space    used 5654K, capacity 6077K, committed 6112K, reserved 1048576K
2021-12-27T09:19:39.771+0800: 87.020: [GC (Allocation Failure) 2021-12-27T09:19:39.771+0800: 87.020: [ParNew: 47379K->3286K(47936K), 0.0579107 secs] 63905K->21054K(154432K), 0.0599031 secs] [Times: user=0.02 sys=0.00, real=0.06 secs] 
Heap after GC invocations=47 (full 2):
 par new generation   total 47936K, used 3286K [0x0000000724400000, 0x0000000727800000, 0x00000007390c0000)
  eden space 42624K,   0% used [0x0000000724400000, 0x0000000724400000, 0x0000000726da0000)
  from space 5312K,  61% used [0x00000007272d0000, 0x0000000727605ad8, 0x0000000727800000)
  to   space 5312K,   0% used [0x0000000726da0000, 0x0000000726da0000, 0x00000007272d0000)
 concurrent mark-sweep generation total 106496K, used 17767K [0x00000007390c0000, 0x000000073f8c0000, 0x00000007c0000000)
 Metaspace       used 44173K, capacity 46458K, committed 46556K, reserved 1089536K
  class space    used 5654K, capacity 6077K, committed 6112K, reserved 1048576K
}
2021-12-27T09:19:40.835+0800: 88.084: Application time: 1.0036117 seconds
2021-12-27T09:19:41.069+0800: 88.318: Application time: 0.2297396 seconds
2021-12-27T09:19:41.378+0800: 88.627: Application time: 0.3079160 seconds
2021-12-27T09:19:41.422+0800: 88.671: Application time: 0.0430878 seconds
{Heap before GC invocations=47 (full 2):
 par new generation   total 47936K, used 45910K [0x0000000724400000, 0x0000000727800000, 0x00000007390c0000)
  eden space 42624K, 100% used [0x0000000724400000, 0x0000000726da0000, 0x0000000726da0000)
  from space 5312K,  61% used [0x00000007272d0000, 0x0000000727605ad8, 0x0000000727800000)
  to   space 5312K,   0% used [0x0000000726da0000, 0x0000000726da0000, 0x00000007272d0000)
 concurrent mark-sweep generation total 106496K, used 17767K [0x00000007390c0000, 0x000000073f8c0000, 0x00000007c0000000)
 Metaspace       used 46724K, capacity 49134K, committed 49372K, reserved 1091584K
  class space    used 5935K, capacity 6357K, committed 6368K, reserved 1048576K
2021-12-27T09:19:41.423+0800: 88.672: [GC (Allocation Failure) 2021-12-27T09:19:41.423+0800: 88.672: [ParNew: 45910K->4480K(47936K), 0.0650067 secs] 63678K->22247K(154432K), 0.0661516 secs] [Times: user=0.01 sys=0.00, real=0.07 secs] 
Heap after GC invocations=48 (full 2):
 par new generation   total 47936K, used 4480K [0x0000000724400000, 0x0000000727800000, 0x00000007390c0000)
  eden space 42624K,   0% used [0x0000000724400000, 0x0000000724400000, 0x0000000726da0000)
  from space 5312K,  84% used [0x0000000726da0000, 0x0000000727200068, 0x00000007272d0000)
  to   space 5312K,   0% used [0x00000007272d0000, 0x00000007272d0000, 0x0000000727800000)
 concurrent mark-sweep generation total 106496K, used 17767K [0x00000007390c0000, 0x000000073f8c0000, 0x00000007c0000000)
 Metaspace       used 46724K, capacity 49134K, committed 49372K, reserved 1091584K
  class space    used 5935K, capacity 6357K, committed 6368K, reserved 1048576K
}
2021-12-27T09:19:41.490+0800: 88.739: Application time: 0.0006130 seconds
2021-12-27T09:19:41.496+0800: 88.745: Application time: 0.0037644 seconds
2021-12-27T09:19:41.573+0800: 88.822: Application time: 0.0762231 seconds
2021-12-27T09:19:42.039+0800: 89.288: Application time: 0.4625452 seconds
2021-12-27T09:19:42.049+0800: 89.299: Application time: 0.0101465 seconds
2021-12-27T09:19:42.369+0800: 89.618: Application time: 0.3187349 seconds
2021-12-27T09:19:42.779+0800: 90.028: Application time: 0.4088619 seconds
2021-12-27T09:19:43.244+0800: 90.493: Application time: 0.4656663 seconds
2021-12-27T09:19:43.251+0800: 90.500: Application time: 0.0026214 seconds
2021-12-27T09:19:43.262+0800: 90.511: Application time: 0.0091244 seconds
2021-12-27T09:19:43.270+0800: 90.519: Application time: 0.0021338 seconds
2021-12-27T09:19:43.272+0800: 90.521: Application time: 0.0003690 seconds
2021-12-27T09:19:43.286+0800: 90.535: Application time: 0.0010453 seconds
2021-12-27T09:19:43.288+0800: 90.537: Application time: 0.0005663 seconds
2021-12-27T09:19:43.290+0800: 90.539: Application time: 0.0020034 seconds
2021-12-27T09:19:43.294+0800: 90.543: Application time: 0.0039581 seconds
2021-12-27T09:19:43.299+0800: 90.548: Application time: 0.0026844 seconds
2021-12-27T09:19:43.301+0800: 90.550: Application time: 0.0015034 seconds
2021-12-27T09:19:43.306+0800: 90.556: Application time: 0.0032956 seconds
2021-12-27T09:19:43.323+0800: 90.572: Application time: 0.0158332 seconds
2021-12-27T09:19:43.328+0800: 90.577: Application time: 0.0003847 seconds
2021-12-27T09:19:43.336+0800: 90.585: Application time: 0.0001757 seconds
2021-12-27T09:19:43.338+0800: 90.587: Application time: 0.0003371 seconds
2021-12-27T09:19:43.380+0800: 90.629: Application time: 0.0424299 seconds
2021-12-27T09:19:43.384+0800: 90.633: Application time: 0.0026775 seconds
2021-12-27T09:19:43.400+0800: 90.649: Application time: 0.0009819 seconds
2021-12-27T09:19:43.402+0800: 90.651: Application time: 0.0010048 seconds
2021-12-27T09:19:43.405+0800: 90.654: Application time: 0.0015984 seconds
2021-12-27T09:19:43.649+0800: 90.898: Application time: 0.2446184 seconds
2021-12-27T09:19:43.992+0800: 91.241: Application time: 0.3196238 seconds
{Heap before GC invocations=48 (full 2):
 par new generation   total 47936K, used 47104K [0x0000000724400000, 0x0000000727800000, 0x00000007390c0000)
  eden space 42624K, 100% used [0x0000000724400000, 0x0000000726da0000, 0x0000000726da0000)
  from space 5312K,  84% used [0x0000000726da0000, 0x0000000727200068, 0x00000007272d0000)
  to   space 5312K,   0% used [0x00000007272d0000, 0x00000007272d0000, 0x0000000727800000)
 concurrent mark-sweep generation total 106496K, used 17767K [0x00000007390c0000, 0x000000073f8c0000, 0x00000007c0000000)
 Metaspace       used 50333K, capacity 52786K, committed 53084K, reserved 1095680K
  class space    used 6281K, capacity 6731K, committed 6752K, reserved 1048576K
2021-12-27T09:19:43.994+0800: 91.243: [GC (Allocation Failure) 2021-12-27T09:19:43.995+0800: 91.244: [ParNew: 47104K->5132K(47936K), 0.1298215 secs] 64871K->26118K(154432K), 0.1489197 secs] [Times: user=0.04 sys=0.00, real=0.15 secs] 
Heap after GC invocations=49 (full 2):
 par new generation   total 47936K, used 5132K [0x0000000724400000, 0x0000000727800000, 0x00000007390c0000)
  eden space 42624K,   0% used [0x0000000724400000, 0x0000000724400000, 0x0000000726da0000)
  from space 5312K,  96% used [0x00000007272d0000, 0x00000007277d3308, 0x0000000727800000)
  to   space 5312K,   0% used [0x0000000726da0000, 0x0000000726da0000, 0x00000007272d0000)
 concurrent mark-sweep generation total 106496K, used 20985K [0x00000007390c0000, 0x000000073f8c0000, 0x00000007c0000000)
 Metaspace       used 50333K, capacity 52786K, committed 53084K, reserved 1095680K
  class space    used 6281K, capacity 6731K, committed 6752K, reserved 1048576K
}
2021-12-27T09:19:44.147+0800: 91.396: Application time: 0.0021577 seconds
2021-12-27T09:19:44.159+0800: 91.408: Application time: 0.0000712 seconds
2021-12-27T09:19:44.976+0800: 92.225: Application time: 0.8170670 seconds
{Heap before GC invocations=49 (full 2):
 par new generation   total 47936K, used 47756K [0x0000000724400000, 0x0000000727800000, 0x00000007390c0000)
  eden space 42624K, 100% used [0x0000000724400000, 0x0000000726da0000, 0x0000000726da0000)
  from space 5312K,  96% used [0x00000007272d0000, 0x00000007277d3308, 0x0000000727800000)
  to   space 5312K,   0% used [0x0000000726da0000, 0x0000000726da0000, 0x00000007272d0000)
 concurrent mark-sweep generation total 106496K, used 20985K [0x00000007390c0000, 0x000000073f8c0000, 0x00000007c0000000)
 Metaspace       used 51190K, capacity 53682K, committed 53980K, reserved 1095680K
  class space    used 6377K, capacity 6833K, committed 6880K, reserved 1048576K
2021-12-27T09:19:44.977+0800: 92.226: [GC (Allocation Failure) 2021-12-27T09:19:44.977+0800: 92.226: [ParNew: 47756K->3833K(47936K), 0.0811763 secs] 68742K->27278K(154432K), 0.0824030 secs] [Times: user=0.02 sys=0.00, real=0.09 secs] 
Heap after GC invocations=50 (full 2):
 par new generation   total 47936K, used 3833K [0x0000000724400000, 0x0000000727800000, 0x00000007390c0000)
  eden space 42624K,   0% used [0x0000000724400000, 0x0000000724400000, 0x0000000726da0000)
  from space 5312K,  72% used [0x0000000726da0000, 0x000000072715e750, 0x00000007272d0000)
  to   space 5312K,   0% used [0x00000007272d0000, 0x00000007272d0000, 0x0000000727800000)
 concurrent mark-sweep generation total 106496K, used 23445K [0x00000007390c0000, 0x000000073f8c0000, 0x00000007c0000000)
 Metaspace       used 51190K, capacity 53682K, committed 53980K, reserved 1095680K
  class space    used 6377K, capacity 6833K, committed 6880K, reserved 1048576K
}
2021-12-27T09:19:45.429+0800: 92.678: Application time: 0.3683809 seconds
{Heap before GC invocations=50 (full 2):
 par new generation   total 47936K, used 46457K [0x0000000724400000, 0x0000000727800000, 0x00000007390c0000)
  eden space 42624K, 100% used [0x0000000724400000, 0x0000000726da0000, 0x0000000726da0000)
  from space 5312K,  72% used [0x0000000726da0000, 0x000000072715e750, 0x00000007272d0000)
  to   space 5312K,   0% used [0x00000007272d0000, 0x00000007272d0000, 0x0000000727800000)
 concurrent mark-sweep generation total 106496K, used 23445K [0x00000007390c0000, 0x000000073f8c0000, 0x00000007c0000000)
 Metaspace       used 51852K, capacity 54292K, committed 54620K, reserved 1097728K
  class space    used 6496K, capacity 6930K, committed 7008K, reserved 1048576K
2021-12-27T09:19:45.429+0800: 92.678: [GC (Allocation Failure) 2021-12-27T09:19:45.430+0800: 92.679: [ParNew: 46457K->1377K(47936K), 0.0160055 secs] 69902K->24822K(154432K), 0.0171592 secs] [Times: user=0.00 sys=0.01, real=0.01 secs] 
Heap after GC invocations=51 (full 2):
 par new generation   total 47936K, used 1377K [0x0000000724400000, 0x0000000727800000, 0x00000007390c0000)
  eden space 42624K,   0% used [0x0000000724400000, 0x0000000724400000, 0x0000000726da0000)
  from space 5312K,  25% used [0x00000007272d0000, 0x0000000727428638, 0x0000000727800000)
  to   space 5312K,   0% used [0x0000000726da0000, 0x0000000726da0000, 0x00000007272d0000)
 concurrent mark-sweep generation total 106496K, used 23445K [0x00000007390c0000, 0x000000073f8c0000, 0x00000007c0000000)
 Metaspace       used 51852K, capacity 54292K, committed 54620K, reserved 1097728K
  class space    used 6496K, capacity 6930K, committed 7008K, reserved 1048576K
}
2021-12-27T09:19:45.746+0800: 92.995: Application time: 0.2985376 seconds
{Heap before GC invocations=51 (full 2):
 par new generation   total 47936K, used 44001K [0x0000000724400000, 0x0000000727800000, 0x00000007390c0000)
  eden space 42624K, 100% used [0x0000000724400000, 0x0000000726da0000, 0x0000000726da0000)
  from space 5312K,  25% used [0x00000007272d0000, 0x0000000727428638, 0x0000000727800000)
  to   space 5312K,   0% used [0x0000000726da0000, 0x0000000726da0000, 0x00000007272d0000)
 concurrent mark-sweep generation total 106496K, used 23445K [0x00000007390c0000, 0x000000073f8c0000, 0x00000007c0000000)
 Metaspace       used 52358K, capacity 54868K, committed 55260K, reserved 1097728K
  class space    used 6606K, capacity 7058K, committed 7136K, reserved 1048576K
2021-12-27T09:19:45.747+0800: 92.996: [GC (Allocation Failure) 2021-12-27T09:19:45.747+0800: 92.996: [ParNew: 44001K->1732K(47936K), 0.0418295 secs] 67446K->25177K(154432K), 0.0429489 secs] [Times: user=0.02 sys=0.00, real=0.05 secs] 
Heap after GC invocations=52 (full 2):
 par new generation   total 47936K, used 1732K [0x0000000724400000, 0x0000000727800000, 0x00000007390c0000)
  eden space 42624K,   0% used [0x0000000724400000, 0x0000000724400000, 0x0000000726da0000)
  from space 5312K,  32% used [0x0000000726da0000, 0x0000000726f51078, 0x00000007272d0000)
  to   space 5312K,   0% used [0x00000007272d0000, 0x00000007272d0000, 0x0000000727800000)
 concurrent mark-sweep generation total 106496K, used 23445K [0x00000007390c0000, 0x000000073f8c0000, 0x00000007c0000000)
 Metaspace       used 52358K, capacity 54868K, committed 55260K, reserved 1097728K
  class space    used 6606K, capacity 7058K, committed 7136K, reserved 1048576K
}
2021-12-27T09:19:46.533+0800: 93.781: Application time: 0.7419681 seconds
{Heap before GC invocations=52 (full 2):
 par new generation   total 47936K, used 44356K [0x0000000724400000, 0x0000000727800000, 0x00000007390c0000)
  eden space 42624K, 100% used [0x0000000724400000, 0x0000000726da0000, 0x0000000726da0000)
  from space 5312K,  32% used [0x0000000726da0000, 0x0000000726f51078, 0x00000007272d0000)
  to   space 5312K,   0% used [0x00000007272d0000, 0x00000007272d0000, 0x0000000727800000)
 concurrent mark-sweep generation total 106496K, used 23445K [0x00000007390c0000, 0x000000073f8c0000, 0x00000007c0000000)
 Metaspace       used 53899K, capacity 56444K, committed 56668K, reserved 1097728K
  class space    used 6921K, capacity 7402K, committed 7520K, reserved 1048576K
2021-12-27T09:19:46.533+0800: 93.782: [GC (Allocation Failure) 2021-12-27T09:19:46.534+0800: 93.783: [ParNew: 44356K->1816K(47936K), 0.0365700 secs] 67801K->25261K(154432K), 0.0375060 secs] [Times: user=0.01 sys=0.01, real=0.04 secs] 
Heap after GC invocations=53 (full 2):
 par new generation   total 47936K, used 1816K [0x0000000724400000, 0x0000000727800000, 0x00000007390c0000)
  eden space 42624K,   0% used [0x0000000724400000, 0x0000000724400000, 0x0000000726da0000)
  from space 5312K,  34% used [0x00000007272d0000, 0x00000007274960d0, 0x0000000727800000)
  to   space 5312K,   0% used [0x0000000726da0000, 0x0000000726da0000, 0x00000007272d0000)
 concurrent mark-sweep generation total 106496K, used 23445K [0x00000007390c0000, 0x000000073f8c0000, 0x00000007c0000000)
 Metaspace       used 53899K, capacity 56444K, committed 56668K, reserved 1097728K
  class space    used 6921K, capacity 7402K, committed 7520K, reserved 1048576K
}
2021-12-27T09:19:47.573+0800: 94.822: Application time: 1.0003597 seconds
2021-12-27T09:19:47.576+0800: 94.825: Application time: 0.0022432 seconds
{Heap before GC invocations=53 (full 2):
 par new generation   total 47936K, used 44440K [0x0000000724400000, 0x0000000727800000, 0x00000007390c0000)
  eden space 42624K, 100% used [0x0000000724400000, 0x0000000726da0000, 0x0000000726da0000)
  from space 5312K,  34% used [0x00000007272d0000, 0x00000007274960d0, 0x0000000727800000)
  to   space 5312K,   0% used [0x0000000726da0000, 0x0000000726da0000, 0x00000007272d0000)
 concurrent mark-sweep generation total 106496K, used 23445K [0x00000007390c0000, 0x000000073f8c0000, 0x00000007c0000000)
 Metaspace       used 55633K, capacity 58224K, committed 58460K, reserved 1099776K
  class space    used 7205K, capacity 7694K, committed 7776K, reserved 1048576K
2021-12-27T09:19:47.577+0800: 94.826: [GC (Allocation Failure) 2021-12-27T09:19:47.578+0800: 94.827: [ParNew: 44440K->2561K(47936K), 0.0557237 secs] 67885K->26006K(154432K), 0.0573378 secs] [Times: user=0.02 sys=0.00, real=0.06 secs] 
Heap after GC invocations=54 (full 2):
 par new generation   total 47936K, used 2561K [0x0000000724400000, 0x0000000727800000, 0x00000007390c0000)
  eden space 42624K,   0% used [0x0000000724400000, 0x0000000724400000, 0x0000000726da0000)
  from space 5312K,  48% used [0x0000000726da0000, 0x0000000727020780, 0x00000007272d0000)
  to   space 5312K,   0% used [0x00000007272d0000, 0x00000007272d0000, 0x0000000727800000)
 concurrent mark-sweep generation total 106496K, used 23445K [0x00000007390c0000, 0x000000073f8c0000, 0x00000007c0000000)
 Metaspace       used 55633K, capacity 58224K, committed 58460K, reserved 1099776K
  class space    used 7205K, capacity 7694K, committed 7776K, reserved 1048576K
}
2021-12-27T09:19:47.989+0800: 95.238: Application time: 0.3529236 seconds
2021-12-27T09:19:48.047+0800: 95.296: Application time: 0.0577254 seconds
2021-12-27T09:19:48.743+0800: 95.992: Application time: 0.6954602 seconds
{Heap before GC invocations=54 (full 2):
 par new generation   total 47936K, used 45184K [0x0000000724400000, 0x0000000727800000, 0x00000007390c0000)
  eden space 42624K,  99% used [0x0000000724400000, 0x0000000726d9fa20, 0x0000000726da0000)
  from space 5312K,  48% used [0x0000000726da0000, 0x0000000727020780, 0x00000007272d0000)
  to   space 5312K,   0% used [0x00000007272d0000, 0x00000007272d0000, 0x0000000727800000)
 concurrent mark-sweep generation total 106496K, used 23445K [0x00000007390c0000, 0x000000073f8c0000, 0x00000007c0000000)
 Metaspace       used 57428K, capacity 60000K, committed 60380K, reserved 1101824K
  class space    used 7427K, capacity 7894K, committed 7904K, reserved 1048576K
2021-12-27T09:19:48.749+0800: 95.998: [GC (Allocation Failure) 2021-12-27T09:19:48.750+0800: 95.999: [ParNew: 45184K->3103K(47936K), 0.0395080 secs] 68629K->26549K(154432K), 0.0407501 secs] [Times: user=0.01 sys=0.00, real=0.04 secs] 
Heap after GC invocations=55 (full 2):
 par new generation   total 47936K, used 3103K [0x0000000724400000, 0x0000000727800000, 0x00000007390c0000)
  eden space 42624K,   0% used [0x0000000724400000, 0x0000000724400000, 0x0000000726da0000)
  from space 5312K,  58% used [0x00000007272d0000, 0x00000007275d7fc8, 0x0000000727800000)
  to   space 5312K,   0% used [0x0000000726da0000, 0x0000000726da0000, 0x00000007272d0000)
 concurrent mark-sweep generation total 106496K, used 23445K [0x00000007390c0000, 0x000000073f8c0000, 0x00000007c0000000)
 Metaspace       used 57428K, capacity 60000K, committed 60380K, reserved 1101824K
  class space    used 7427K, capacity 7894K, committed 7904K, reserved 1048576K
}
2021-12-27T09:19:49.547+0800: 96.796: Application time: 0.7563805 seconds
2021-12-27T09:19:49.553+0800: 96.802: Application time: 0.0058401 seconds
2021-12-27T09:19:49.592+0800: 96.841: Application time: 0.0386856 seconds
2021-12-27T09:19:49.727+0800: 96.976: Application time: 0.1342996 seconds
2021-12-27T09:19:49.741+0800: 96.991: Application time: 0.0153244 seconds
2021-12-27T09:19:49.822+0800: 97.071: Application time: 0.0799701 seconds
2021-12-27T09:19:49.856+0800: 97.105: Application time: 0.0200475 seconds
2021-12-27T09:19:49.858+0800: 97.107: Application time: 0.0025902 seconds
2021-12-27T09:19:50.049+0800: 97.298: Application time: 0.1903319 seconds
{Heap before GC invocations=55 (full 2):
 par new generation   total 47936K, used 45727K [0x0000000724400000, 0x0000000727800000, 0x00000007390c0000)
  eden space 42624K, 100% used [0x0000000724400000, 0x0000000726da0000, 0x0000000726da0000)
  from space 5312K,  58% used [0x00000007272d0000, 0x00000007275d7fc8, 0x0000000727800000)
  to   space 5312K,   0% used [0x0000000726da0000, 0x0000000726da0000, 0x00000007272d0000)
 concurrent mark-sweep generation total 106496K, used 23445K [0x00000007390c0000, 0x000000073f8c0000, 0x00000007c0000000)
 Metaspace       used 58695K, capacity 61316K, committed 61660K, reserved 1103872K
  class space    used 7603K, capacity 8070K, committed 8160K, reserved 1048576K
2021-12-27T09:19:50.050+0800: 97.299: [GC (Allocation Failure) 2021-12-27T09:19:50.050+0800: 97.299: [ParNew: 45727K->3644K(47936K), 0.0476262 secs] 69173K->27089K(154432K), 0.0487467 secs] [Times: user=0.02 sys=0.00, real=0.05 secs] 
Heap after GC invocations=56 (full 2):
 par new generation   total 47936K, used 3644K [0x0000000724400000, 0x0000000727800000, 0x00000007390c0000)
  eden space 42624K,   0% used [0x0000000724400000, 0x0000000724400000, 0x0000000726da0000)
  from space 5312K,  68% used [0x0000000726da0000, 0x000000072712f238, 0x00000007272d0000)
  to   space 5312K,   0% used [0x00000007272d0000, 0x00000007272d0000, 0x0000000727800000)
 concurrent mark-sweep generation total 106496K, used 23445K [0x00000007390c0000, 0x000000073f8c0000, 0x00000007c0000000)
 Metaspace       used 58695K, capacity 61316K, committed 61660K, reserved 1103872K
  class space    used 7603K, capacity 8070K, committed 8160K, reserved 1048576K
}
2021-12-27T09:19:50.373+0800: 97.622: Application time: 0.2734299 seconds
2021-12-27T09:19:50.414+0800: 97.663: Application time: 0.0410139 seconds
2021-12-27T09:19:50.444+0800: 97.693: Application time: 0.0291337 seconds
2021-12-27T09:19:51.254+0800: 98.503: Application time: 0.8095625 seconds
{Heap before GC invocations=56 (full 2):
 par new generation   total 47936K, used 46268K [0x0000000724400000, 0x0000000727800000, 0x00000007390c0000)
  eden space 42624K, 100% used [0x0000000724400000, 0x0000000726da0000, 0x0000000726da0000)
  from space 5312K,  68% used [0x0000000726da0000, 0x000000072712f238, 0x00000007272d0000)
  to   space 5312K,   0% used [0x00000007272d0000, 0x00000007272d0000, 0x0000000727800000)
 concurrent mark-sweep generation total 106496K, used 23445K [0x00000007390c0000, 0x000000073f8c0000, 0x00000007c0000000)
 Metaspace       used 60124K, capacity 62728K, committed 63068K, reserved 1103872K
  class space    used 7788K, capacity 8274K, committed 8288K, reserved 1048576K
2021-12-27T09:19:51.255+0800: 98.504: [GC (Allocation Failure) 2021-12-27T09:19:51.255+0800: 98.504: [ParNew: 46268K->3236K(47936K), 0.0763001 secs] 69713K->27262K(154432K), 0.0773427 secs] [Times: user=0.03 sys=0.00, real=0.08 secs] 
Heap after GC invocations=57 (full 2):
 par new generation   total 47936K, used 3236K [0x0000000724400000, 0x0000000727800000, 0x00000007390c0000)
  eden space 42624K,   0% used [0x0000000724400000, 0x0000000724400000, 0x0000000726da0000)
  from space 5312K,  60% used [0x00000007272d0000, 0x00000007275f9190, 0x0000000727800000)
  to   space 5312K,   0% used [0x0000000726da0000, 0x0000000726da0000, 0x00000007272d0000)
 concurrent mark-sweep generation total 106496K, used 24025K [0x00000007390c0000, 0x000000073f8c0000, 0x00000007c0000000)
 Metaspace       used 60124K, capacity 62728K, committed 63068K, reserved 1103872K
  class space    used 7788K, capacity 8274K, committed 8288K, reserved 1048576K
}
2021-12-27T09:19:51.978+0800: 99.227: Application time: 0.6405690 seconds
{Heap before GC invocations=57 (full 2):
 par new generation   total 47936K, used 45860K [0x0000000724400000, 0x0000000727800000, 0x00000007390c0000)
  eden space 42624K, 100% used [0x0000000724400000, 0x0000000726da0000, 0x0000000726da0000)
  from space 5312K,  60% used [0x00000007272d0000, 0x00000007275f9190, 0x0000000727800000)
  to   space 5312K,   0% used [0x0000000726da0000, 0x0000000726da0000, 0x00000007272d0000)
 concurrent mark-sweep generation total 106496K, used 24025K [0x00000007390c0000, 0x000000073f8c0000, 0x00000007c0000000)
 Metaspace       used 60736K, capacity 63310K, committed 63452K, reserved 1103872K
  class space    used 7941K, capacity 8403K, committed 8416K, reserved 1048576K
2021-12-27T09:19:51.979+0800: 99.228: [GC (Allocation Failure) 2021-12-27T09:19:51.979+0800: 99.228: [ParNew: 45860K->3824K(47936K), 0.0307741 secs] 69886K->27850K(154432K), 0.0318620 secs] [Times: user=0.01 sys=0.00, real=0.03 secs] 
Heap after GC invocations=58 (full 2):
 par new generation   total 47936K, used 3824K [0x0000000724400000, 0x0000000727800000, 0x00000007390c0000)
  eden space 42624K,   0% used [0x0000000724400000, 0x0000000724400000, 0x0000000726da0000)
  from space 5312K,  72% used [0x0000000726da0000, 0x000000072715c348, 0x00000007272d0000)
  to   space 5312K,   0% used [0x00000007272d0000, 0x00000007272d0000, 0x0000000727800000)
 concurrent mark-sweep generation total 106496K, used 24025K [0x00000007390c0000, 0x000000073f8c0000, 0x00000007c0000000)
 Metaspace       used 60736K, capacity 63310K, committed 63452K, reserved 1103872K
  class space    used 7941K, capacity 8403K, committed 8416K, reserved 1048576K
}
2021-12-27T09:19:52.438+0800: 99.687: Application time: 0.4261342 seconds
{Heap before GC invocations=58 (full 2):
 par new generation   total 47936K, used 46448K [0x0000000724400000, 0x0000000727800000, 0x00000007390c0000)
  eden space 42624K, 100% used [0x0000000724400000, 0x0000000726da0000, 0x0000000726da0000)
  from space 5312K,  72% used [0x0000000726da0000, 0x000000072715c348, 0x00000007272d0000)
  to   space 5312K,   0% used [0x00000007272d0000, 0x00000007272d0000, 0x0000000727800000)
 concurrent mark-sweep generation total 106496K, used 24025K [0x00000007390c0000, 0x000000073f8c0000, 0x00000007c0000000)
 Metaspace       used 61403K, capacity 64014K, committed 64348K, reserved 1105920K
  class space    used 8048K, capacity 8531K, committed 8544K, reserved 1048576K
2021-12-27T09:19:52.438+0800: 99.687: [GC (Allocation Failure) 2021-12-27T09:19:52.439+0800: 99.688: [ParNew: 46448K->2811K(47936K), 0.0461787 secs] 70474K->26837K(154432K), 0.0474623 secs] [Times: user=0.03 sys=0.00, real=0.04 secs] 
Heap after GC invocations=59 (full 2):
 par new generation   total 47936K, used 2811K [0x0000000724400000, 0x0000000727800000, 0x00000007390c0000)
  eden space 42624K,   0% used [0x0000000724400000, 0x0000000724400000, 0x0000000726da0000)
  from space 5312K,  52% used [0x00000007272d0000, 0x000000072758ef68, 0x0000000727800000)
  to   space 5312K,   0% used [0x0000000726da0000, 0x0000000726da0000, 0x00000007272d0000)
 concurrent mark-sweep generation total 106496K, used 24025K [0x00000007390c0000, 0x000000073f8c0000, 0x00000007c0000000)
 Metaspace       used 61403K, capacity 64014K, committed 64348K, reserved 1105920K
  class space    used 8048K, capacity 8531K, committed 8544K, reserved 1048576K
}
2021-12-27T09:19:53.226+0800: 100.475: Application time: 0.7394826 seconds
2021-12-27T09:19:53.566+0800: 100.815: Application time: 0.3399759 seconds
{Heap before GC invocations=59 (full 2):
 par new generation   total 47936K, used 45435K [0x0000000724400000, 0x0000000727800000, 0x00000007390c0000)
  eden space 42624K, 100% used [0x0000000724400000, 0x0000000726da0000, 0x0000000726da0000)
  from space 5312K,  52% used [0x00000007272d0000, 0x000000072758ef68, 0x0000000727800000)
  to   space 5312K,   0% used [0x0000000726da0000, 0x0000000726da0000, 0x00000007272d0000)
 concurrent mark-sweep generation total 106496K, used 24025K [0x00000007390c0000, 0x000000073f8c0000, 0x00000007c0000000)
 Metaspace       used 62136K, capacity 64870K, committed 65244K, reserved 1105920K
  class space    used 8154K, capacity 8663K, committed 8672K, reserved 1048576K
2021-12-27T09:19:53.567+0800: 100.816: [GC (Allocation Failure) 2021-12-27T09:19:53.568+0800: 100.817: [ParNew: 45435K->3043K(47936K), 0.0348055 secs] 69461K->27159K(154432K), 0.0358992 secs] [Times: user=0.01 sys=0.00, real=0.04 secs] 
Heap after GC invocations=60 (full 2):
 par new generation   total 47936K, used 3043K [0x0000000724400000, 0x0000000727800000, 0x00000007390c0000)
  eden space 42624K,   0% used [0x0000000724400000, 0x0000000724400000, 0x0000000726da0000)
  from space 5312K,  57% used [0x0000000726da0000, 0x0000000727098de8, 0x00000007272d0000)
  to   space 5312K,   0% used [0x00000007272d0000, 0x00000007272d0000, 0x0000000727800000)
 concurrent mark-sweep generation total 106496K, used 24116K [0x00000007390c0000, 0x000000073f8c0000, 0x00000007c0000000)
 Metaspace       used 62136K, capacity 64870K, committed 65244K, reserved 1105920K
  class space    used 8154K, capacity 8663K, committed 8672K, reserved 1048576K
}
2021-12-27T09:19:54.133+0800: 101.381: Application time: 0.5281267 seconds
2021-12-27T09:19:54.874+0800: 102.123: Application time: 0.7392203 seconds
{Heap before GC invocations=60 (full 2):
 par new generation   total 47936K, used 45667K [0x0000000724400000, 0x0000000727800000, 0x00000007390c0000)
  eden space 42624K, 100% used [0x0000000724400000, 0x0000000726da0000, 0x0000000726da0000)
  from space 5312K,  57% used [0x0000000726da0000, 0x0000000727098de8, 0x00000007272d0000)
  to   space 5312K,   0% used [0x00000007272d0000, 0x00000007272d0000, 0x0000000727800000)
 concurrent mark-sweep generation total 106496K, used 24116K [0x00000007390c0000, 0x000000073f8c0000, 0x00000007c0000000)
 Metaspace       used 63327K, capacity 66006K, committed 66268K, reserved 1105920K
  class space    used 8304K, capacity 8803K, committed 8928K, reserved 1048576K
2021-12-27T09:19:54.874+0800: 102.123: [GC (Allocation Failure) 2021-12-27T09:19:54.875+0800: 102.124: [ParNew: 45667K->3674K(47936K), 0.0313297 secs] 69783K->27886K(154432K), 0.0325338 secs] [Times: user=0.02 sys=0.00, real=0.03 secs] 
Heap after GC invocations=61 (full 2):
 par new generation   total 47936K, used 3674K [0x0000000724400000, 0x0000000727800000, 0x00000007390c0000)
  eden space 42624K,   0% used [0x0000000724400000, 0x0000000724400000, 0x0000000726da0000)
  from space 5312K,  69% used [0x00000007272d0000, 0x0000000727666ab8, 0x0000000727800000)
  to   space 5312K,   0% used [0x0000000726da0000, 0x0000000726da0000, 0x00000007272d0000)
 concurrent mark-sweep generation total 106496K, used 24212K [0x00000007390c0000, 0x000000073f8c0000, 0x00000007c0000000)
 Metaspace       used 63327K, capacity 66006K, committed 66268K, reserved 1105920K
  class space    used 8304K, capacity 8803K, committed 8928K, reserved 1048576K
}
2021-12-27T09:19:55.908+0800: 103.157: Application time: 1.0003531 seconds
2021-12-27T09:19:56.021+0800: 103.270: Application time: 0.1047283 seconds
{Heap before GC invocations=61 (full 2):
 par new generation   total 47936K, used 46298K [0x0000000724400000, 0x0000000727800000, 0x00000007390c0000)
  eden space 42624K, 100% used [0x0000000724400000, 0x0000000726da0000, 0x0000000726da0000)
  from space 5312K,  69% used [0x00000007272d0000, 0x0000000727666ab8, 0x0000000727800000)
  to   space 5312K,   0% used [0x0000000726da0000, 0x0000000726da0000, 0x00000007272d0000)
 concurrent mark-sweep generation total 106496K, used 24212K [0x00000007390c0000, 0x000000073f8c0000, 0x00000007c0000000)
 Metaspace       used 64057K, capacity 66786K, committed 67036K, reserved 1107968K
  class space    used 8389K, capacity 8909K, committed 8928K, reserved 1048576K
2021-12-27T09:19:56.027+0800: 103.276: [GC (Allocation Failure) 2021-12-27T09:19:56.028+0800: 103.277: [ParNew: 46298K->4141K(47936K), 0.0523536 secs] 70510K->28937K(154432K), 0.0538326 secs] [Times: user=0.02 sys=0.01, real=0.06 secs] 
Heap after GC invocations=62 (full 2):
 par new generation   total 47936K, used 4141K [0x0000000724400000, 0x0000000727800000, 0x00000007390c0000)
  eden space 42624K,   0% used [0x0000000724400000, 0x0000000724400000, 0x0000000726da0000)
  from space 5312K,  77% used [0x0000000726da0000, 0x00000007271ab490, 0x00000007272d0000)
  to   space 5312K,   0% used [0x00000007272d0000, 0x00000007272d0000, 0x0000000727800000)
 concurrent mark-sweep generation total 106496K, used 24795K [0x00000007390c0000, 0x000000073f8c0000, 0x00000007c0000000)
 Metaspace       used 64057K, capacity 66786K, committed 67036K, reserved 1107968K
  class space    used 8389K, capacity 8909K, committed 8928K, reserved 1048576K
}
2021-12-27T09:19:57.083+0800: 104.332: Application time: 1.0017964 seconds
2021-12-27T09:19:57.156+0800: 104.405: Application time: 0.0665666 seconds
2021-12-27T09:19:57.451+0800: 104.700: Application time: 0.2948887 seconds
{Heap before GC invocations=62 (full 2):
 par new generation   total 47936K, used 46765K [0x0000000724400000, 0x0000000727800000, 0x00000007390c0000)
  eden space 42624K, 100% used [0x0000000724400000, 0x0000000726da0000, 0x0000000726da0000)
  from space 5312K,  77% used [0x0000000726da0000, 0x00000007271ab490, 0x00000007272d0000)
  to   space 5312K,   0% used [0x00000007272d0000, 0x00000007272d0000, 0x0000000727800000)
 concurrent mark-sweep generation total 106496K, used 24795K [0x00000007390c0000, 0x000000073f8c0000, 0x00000007c0000000)
 Metaspace       used 65972K, capacity 69148K, committed 69468K, reserved 1110016K
  class space    used 8663K, capacity 9216K, committed 9312K, reserved 1048576K
2021-12-27T09:19:57.454+0800: 104.703: [GC (Allocation Failure) 2021-12-27T09:19:57.455+0800: 104.704: [ParNew: 46765K->4240K(47936K), 0.0844616 secs] 71561K->29966K(154432K), 0.0929925 secs] [Times: user=0.04 sys=0.00, real=0.09 secs] 
Heap after GC invocations=63 (full 2):
 par new generation   total 47936K, used 4240K [0x0000000724400000, 0x0000000727800000, 0x00000007390c0000)
  eden space 42624K,   0% used [0x0000000724400000, 0x0000000724400000, 0x0000000726da0000)
  from space 5312K,  79% used [0x00000007272d0000, 0x00000007276f4258, 0x0000000727800000)
  to   space 5312K,   0% used [0x0000000726da0000, 0x0000000726da0000, 0x00000007272d0000)
 concurrent mark-sweep generation total 106496K, used 25725K [0x00000007390c0000, 0x000000073f8c0000, 0x00000007c0000000)
 Metaspace       used 65972K, capacity 69148K, committed 69468K, reserved 1110016K
  class space    used 8663K, capacity 9216K, committed 9312K, reserved 1048576K
}
2021-12-27T09:19:58.008+0800: 105.257: Application time: 0.4596338 seconds
2021-12-27T09:19:58.406+0800: 105.655: Application time: 0.3981518 seconds
2021-12-27T09:19:58.788+0800: 106.037: Application time: 0.3817846 seconds
2021-12-27T09:19:59.304+0800: 106.553: Application time: 0.5158383 seconds
2021-12-27T09:19:59.489+0800: 106.743: Application time: 0.1898335 seconds
{Heap before GC invocations=63 (full 2):
 par new generation   total 47936K, used 46864K [0x0000000724400000, 0x0000000727800000, 0x00000007390c0000)
  eden space 42624K, 100% used [0x0000000724400000, 0x0000000726da0000, 0x0000000726da0000)
  from space 5312K,  79% used [0x00000007272d0000, 0x00000007276f4258, 0x0000000727800000)
  to   space 5312K,   0% used [0x0000000726da0000, 0x0000000726da0000, 0x00000007272d0000)
 concurrent mark-sweep generation total 106496K, used 25725K [0x00000007390c0000, 0x000000073f8c0000, 0x00000007c0000000)
 Metaspace       used 67953K, capacity 71222K, committed 71244K, reserved 1112064K
  class space    used 8942K, capacity 9505K, committed 9516K, reserved 1048576K
2021-12-27T09:19:59.494+0800: 106.743: [GC (Allocation Failure) 2021-12-27T09:19:59.495+0800: 106.744: [ParNew: 46864K->4073K(47936K), 0.0833768 secs] 72590K->30708K(154432K), 0.0991294 secs] [Times: user=0.03 sys=0.01, real=0.10 secs] 
Heap after GC invocations=64 (full 2):
 par new generation   total 47936K, used 4073K [0x0000000724400000, 0x0000000727800000, 0x00000007390c0000)
  eden space 42624K,   0% used [0x0000000724400000, 0x0000000724400000, 0x0000000726da0000)
  from space 5312K,  76% used [0x0000000726da0000, 0x000000072719a5e0, 0x00000007272d0000)
  to   space 5312K,   0% used [0x00000007272d0000, 0x00000007272d0000, 0x0000000727800000)
 concurrent mark-sweep generation total 106496K, used 26634K [0x00000007390c0000, 0x000000073f8c0000, 0x00000007c0000000)
 Metaspace       used 67953K, capacity 71222K, committed 71244K, reserved 1112064K
  class space    used 8942K, capacity 9505K, committed 9516K, reserved 1048576K
}
2021-12-27T09:19:59.599+0800: 106.848: Application time: 0.0001040 seconds
2021-12-27T09:19:59.599+0800: 106.848: [GC (CMS Initial Mark) [1 CMS-initial-mark: 26634K(106496K)] 31559K(154432K), 0.0204009 secs] [Times: user=0.01 sys=0.00, real=0.02 secs] 
2021-12-27T09:19:59.622+0800: 106.871: [CMS-concurrent-mark-start]
2021-12-27T09:19:59.699+0800: 106.948: Application time: 0.0770381 seconds
2021-12-27T09:19:59.899+0800: 107.148: Application time: 0.1999331 seconds
2021-12-27T09:20:00.015+0800: 107.264: [CMS-concurrent-mark: 0.362/0.393 secs] [Times: user=0.13 sys=0.00, real=0.39 secs] 
2021-12-27T09:20:00.021+0800: 107.270: Application time: 0.1207838 seconds
2021-12-27T09:20:00.023+0800: 107.272: [CMS-concurrent-preclean-start]
2021-12-27T09:20:00.025+0800: 107.274: [CMS-concurrent-preclean: 0.002/0.002 secs] [Times: user=0.00 sys=0.00, real=0.00 secs] 
2021-12-27T09:20:00.026+0800: 107.275: [CMS-concurrent-abortable-preclean-start]
2021-12-27T09:20:00.453+0800: 107.702: Application time: 0.4322007 seconds
2021-12-27T09:20:00.520+0800: 107.769: Application time: 0.0671036 seconds
2021-12-27T09:20:00.759+0800: 108.008: Application time: 0.2380052 seconds
2021-12-27T09:20:01.002+0800: 108.251: Application time: 0.2412935 seconds
2021-12-27T09:20:01.602+0800: 108.851: Application time: 0.5995237 seconds
2021-12-27T09:20:01.603+0800: 108.852: Application time: 0.0006072 seconds
2021-12-27T09:20:01.857+0800: 109.106: Application time: 0.2540955 seconds
2021-12-27T09:20:02.421+0800: 109.669: Application time: 0.5633403 seconds
2021-12-27T09:20:02.526+0800: 109.775: Application time: 0.1026948 seconds
{Heap before GC invocations=64 (full 3):
 par new generation   total 47936K, used 46697K [0x0000000724400000, 0x0000000727800000, 0x00000007390c0000)
  eden space 42624K, 100% used [0x0000000724400000, 0x0000000726da0000, 0x0000000726da0000)
  from space 5312K,  76% used [0x0000000726da0000, 0x000000072719a5e0, 0x00000007272d0000)
  to   space 5312K,   0% used [0x00000007272d0000, 0x00000007272d0000, 0x0000000727800000)
 concurrent mark-sweep generation total 106496K, used 26634K [0x00000007390c0000, 0x000000073f8c0000, 0x00000007c0000000)
 Metaspace       used 69848K, capacity 73198K, committed 73492K, reserved 1114112K
  class space    used 9173K, capacity 9771K, committed 9820K, reserved 1048576K
2021-12-27T09:20:02.527+0800: 109.776: [GC (Allocation Failure) 2021-12-27T09:20:02.528+0800: 109.777: [ParNew: 46697K->3928K(47936K), 0.1366586 secs] 73332K->31634K(154432K), 0.1384380 secs] [Times: user=0.03 sys=0.00, real=0.15 secs] 
Heap after GC invocations=65 (full 3):
 par new generation   total 47936K, used 3928K [0x0000000724400000, 0x0000000727800000, 0x00000007390c0000)
  eden space 42624K,   0% used [0x0000000724400000, 0x0000000724400000, 0x0000000726da0000)
  from space 5312K,  73% used [0x00000007272d0000, 0x00000007276a6128, 0x0000000727800000)
  to   space 5312K,   0% used [0x0000000726da0000, 0x0000000726da0000, 0x00000007272d0000)
 concurrent mark-sweep generation total 106496K, used 27705K [0x00000007390c0000, 0x000000073f8c0000, 0x00000007c0000000)
 Metaspace       used 69848K, capacity 73198K, committed 73492K, reserved 1114112K
  class space    used 9173K, capacity 9771K, committed 9820K, reserved 1048576K
}
2021-12-27T09:20:03.380+0800: 110.629: Application time: 0.7090297 seconds
2021-12-27T09:20:04.276+0800: 111.525: Application time: 0.8955859 seconds
2021-12-27T09:20:04.674+0800: 111.923: Application time: 0.3970305 seconds
2021-12-27T09:20:04.939+0800: 112.188: Application time: 0.2645078 seconds
 CMS: abort preclean due to time 2021-12-27T09:20:05.184+0800: 112.433: [CMS-concurrent-abortable-preclean: 4.558/5.157 secs] [Times: user=1.27 sys=0.10, real=5.16 secs] 
2021-12-27T09:20:05.185+0800: 112.434: Application time: 0.2447990 seconds
2021-12-27T09:20:05.221+0800: 112.470: [GC (CMS Final Remark) [YG occupancy: 24410 K (47936 K)]2021-12-27T09:20:05.222+0800: 112.471: [Rescan (parallel) , 0.1072260 secs]2021-12-27T09:20:05.329+0800: 112.578: [weak refs processing, 0.0006678 secs]2021-12-27T09:20:05.331+0800: 112.579: [class unloading, 0.1517902 secs]2021-12-27T09:20:05.483+0800: 112.732: [scrub symbol table, 0.0899317 secs]2021-12-27T09:20:05.582+0800: 112.831: [scrub string table, 0.0013543 secs][1 CMS-remark: 27705K(106496K)] 52115K(154432K), 0.3633187 secs] [Times: user=0.06 sys=0.00, real=0.36 secs] 
2021-12-27T09:20:05.639+0800: 112.888: [CMS-concurrent-sweep-start]
2021-12-27T09:20:05.731+0800: 112.980: [CMS-concurrent-sweep: 0.092/0.092 secs] [Times: user=0.04 sys=0.00, real=0.09 secs] 
2021-12-27T09:20:05.749+0800: 112.998: Application time: 0.1590060 seconds
2021-12-27T09:20:05.764+0800: 113.013: Application time: 0.0003665 seconds
2021-12-27T09:20:05.785+0800: 113.034: [CMS-concurrent-reset-start]
2021-12-27T09:20:05.809+0800: 113.058: [CMS-concurrent-reset: 0.023/0.023 secs] [Times: user=0.01 sys=0.00, real=0.03 secs] 
2021-12-27T09:20:05.901+0800: 113.150: Application time: 0.1371732 seconds
2021-12-27T09:20:06.335+0800: 113.584: Application time: 0.4335998 seconds
2021-12-27T09:20:06.340+0800: 113.589: Application time: 0.0047521 seconds
2021-12-27T09:20:06.426+0800: 113.675: Application time: 0.0866302 seconds
2021-12-27T09:20:06.680+0800: 113.929: Application time: 0.2531583 seconds
{Heap before GC invocations=65 (full 3):
 par new generation   total 47936K, used 46552K [0x0000000724400000, 0x0000000727800000, 0x00000007390c0000)
  eden space 42624K, 100% used [0x0000000724400000, 0x0000000726da0000, 0x0000000726da0000)
  from space 5312K,  73% used [0x00000007272d0000, 0x00000007276a6128, 0x0000000727800000)
  to   space 5312K,   0% used [0x0000000726da0000, 0x0000000726da0000, 0x00000007272d0000)
 concurrent mark-sweep generation total 106496K, used 25150K [0x00000007390c0000, 0x000000073f8c0000, 0x00000007c0000000)
 Metaspace       used 70832K, capacity 74384K, committed 74796K, reserved 1114112K
  class space    used 9367K, capacity 9999K, committed 10076K, reserved 1048576K
2021-12-27T09:20:06.681+0800: 113.930: [GC (Allocation Failure) 2021-12-27T09:20:06.682+0800: 113.931: [ParNew: 46552K->4785K(47936K), 0.1008574 secs] 71702K->30516K(154432K), 0.1021284 secs] [Times: user=0.03 sys=0.00, real=0.10 secs] 
Heap after GC invocations=66 (full 3):
 par new generation   total 47936K, used 4785K [0x0000000724400000, 0x0000000727800000, 0x00000007390c0000)
  eden space 42624K,   0% used [0x0000000724400000, 0x0000000724400000, 0x0000000726da0000)
  from space 5312K,  90% used [0x0000000726da0000, 0x000000072724c490, 0x00000007272d0000)
  to   space 5312K,   0% used [0x00000007272d0000, 0x00000007272d0000, 0x0000000727800000)
 concurrent mark-sweep generation total 106496K, used 25730K [0x00000007390c0000, 0x000000073f8c0000, 0x00000007c0000000)
 Metaspace       used 70832K, capacity 74384K, committed 74796K, reserved 1114112K
  class space    used 9367K, capacity 9999K, committed 10076K, reserved 1048576K
}
2021-12-27T09:20:06.784+0800: 114.033: Application time: 0.0000818 seconds
2021-12-27T09:20:06.813+0800: 114.062: Application time: 0.0276860 seconds
2021-12-27T09:20:07.732+0800: 115.004: Application time: 0.9412108 seconds
2021-12-27T09:20:08.412+0800: 115.684: Application time: 0.6795933 seconds
{Heap before GC invocations=66 (full 3):
 par new generation   total 47936K, used 47409K [0x0000000724400000, 0x0000000727800000, 0x00000007390c0000)
  eden space 42624K, 100% used [0x0000000724400000, 0x0000000726da0000, 0x0000000726da0000)
  from space 5312K,  90% used [0x0000000726da0000, 0x000000072724c490, 0x00000007272d0000)
  to   space 5312K,   0% used [0x00000007272d0000, 0x00000007272d0000, 0x0000000727800000)
 concurrent mark-sweep generation total 106496K, used 25730K [0x00000007390c0000, 0x000000073f8c0000, 0x00000007c0000000)
 Metaspace       used 71294K, capacity 74886K, committed 75052K, reserved 1114112K
  class space    used 9428K, capacity 10056K, committed 10076K, reserved 1048576K
2021-12-27T09:20:08.414+0800: 115.686: [GC (Allocation Failure) 2021-12-27T09:20:08.416+0800: 115.688: [ParNew: 47409K->5312K(47936K), 0.0767681 secs] 73140K->32651K(154432K), 0.0837258 secs] [Times: user=0.04 sys=0.00, real=0.09 secs] 
Heap after GC invocations=67 (full 3):
 par new generation   total 47936K, used 5312K [0x0000000724400000, 0x0000000727800000, 0x00000007390c0000)
  eden space 42624K,   0% used [0x0000000724400000, 0x0000000724400000, 0x0000000726da0000)
  from space 5312K, 100% used [0x00000007272d0000, 0x0000000727800000, 0x0000000727800000)
  to   space 5312K,   0% used [0x0000000726da0000, 0x0000000726da0000, 0x00000007272d0000)
 concurrent mark-sweep generation total 106496K, used 27339K [0x00000007390c0000, 0x000000073f8c0000, 0x00000007c0000000)
 Metaspace       used 71294K, capacity 74886K, committed 75052K, reserved 1114112K
  class space    used 9428K, capacity 10056K, committed 10076K, reserved 1048576K
}
2021-12-27T09:20:08.508+0800: 115.780: Application time: 0.0083929 seconds
2021-12-27T09:20:08.611+0800: 115.883: Application time: 0.0826665 seconds
2021-12-27T09:20:09.517+0800: 116.789: Application time: 0.9046203 seconds
{Heap before GC invocations=67 (full 3):
 par new generation   total 47936K, used 47913K [0x0000000724400000, 0x0000000727800000, 0x00000007390c0000)
  eden space 42624K,  99% used [0x0000000724400000, 0x0000000726d9a6f8, 0x0000000726da0000)
  from space 5312K, 100% used [0x00000007272d0000, 0x0000000727800000, 0x0000000727800000)
  to   space 5312K,   0% used [0x0000000726da0000, 0x0000000726da0000, 0x00000007272d0000)
 concurrent mark-sweep generation total 106496K, used 27339K [0x00000007390c0000, 0x000000073f8c0000, 0x00000007c0000000)
 Metaspace       used 71702K, capacity 75338K, committed 75668K, reserved 1114112K
  class space    used 9460K, capacity 10094K, committed 10204K, reserved 1048576K
2021-12-27T09:20:09.520+0800: 116.792: [GC (Allocation Failure) 2021-12-27T09:20:09.521+0800: 116.793: [ParNew: 47913K->3621K(47936K), 0.0696490 secs] 75253K->32595K(154432K), 0.0708234 secs] [Times: user=0.02 sys=0.00, real=0.07 secs] 
Heap after GC invocations=68 (full 3):
 par new generation   total 47936K, used 3621K [0x0000000724400000, 0x0000000727800000, 0x00000007390c0000)
  eden space 42624K,   0% used [0x0000000724400000, 0x0000000724400000, 0x0000000726da0000)
  from space 5312K,  68% used [0x0000000726da0000, 0x00000007271296d8, 0x00000007272d0000)
  to   space 5312K,   0% used [0x00000007272d0000, 0x00000007272d0000, 0x0000000727800000)
 concurrent mark-sweep generation total 106496K, used 28973K [0x00000007390c0000, 0x000000073f8c0000, 0x00000007c0000000)
 Metaspace       used 71702K, capacity 75338K, committed 75668K, reserved 1114112K
  class space    used 9460K, capacity 10094K, committed 10204K, reserved 1048576K
}
2021-12-27T09:20:10.597+0800: 117.869: Application time: 1.0055101 seconds
2021-12-27T09:20:10.839+0800: 118.111: Application time: 0.2352756 seconds
{Heap before GC invocations=68 (full 3):
 par new generation   total 47936K, used 46245K [0x0000000724400000, 0x0000000727800000, 0x00000007390c0000)
  eden space 42624K, 100% used [0x0000000724400000, 0x0000000726da0000, 0x0000000726da0000)
  from space 5312K,  68% used [0x0000000726da0000, 0x00000007271296d8, 0x00000007272d0000)
  to   space 5312K,   0% used [0x00000007272d0000, 0x00000007272d0000, 0x0000000727800000)
 concurrent mark-sweep generation total 106496K, used 28973K [0x00000007390c0000, 0x000000073f8c0000, 0x00000007c0000000)
 Metaspace       used 72048K, capacity 75722K, committed 75924K, reserved 1116160K
  class space    used 9490K, capacity 10142K, committed 10204K, reserved 1048576K
2021-12-27T09:20:10.840+0800: 118.112: [GC (Allocation Failure) 2021-12-27T09:20:10.840+0800: 118.113: [ParNew: 46245K->4371K(47936K), 0.0689077 secs] 75219K->33344K(154432K), 0.0703728 secs] [Times: user=0.02 sys=0.00, real=0.07 secs] 
Heap after GC invocations=69 (full 3):
 par new generation   total 47936K, used 4371K [0x0000000724400000, 0x0000000727800000, 0x00000007390c0000)
  eden space 42624K,   0% used [0x0000000724400000, 0x0000000724400000, 0x0000000726da0000)
  from space 5312K,  82% used [0x00000007272d0000, 0x0000000727714c48, 0x0000000727800000)
  to   space 5312K,   0% used [0x0000000726da0000, 0x0000000726da0000, 0x00000007272d0000)
 concurrent mark-sweep generation total 106496K, used 28973K [0x00000007390c0000, 0x000000073f8c0000, 0x00000007c0000000)
 Metaspace       used 72048K, capacity 75722K, committed 75924K, reserved 1116160K
  class space    used 9490K, capacity 10142K, committed 10204K, reserved 1048576K
}
2021-12-27T09:20:11.911+0800: 119.183: Application time: 1.0001753 seconds
2021-12-27T09:20:12.270+0800: 119.542: Application time: 0.3544267 seconds
{Heap before GC invocations=69 (full 3):
 par new generation   total 47936K, used 46995K [0x0000000724400000, 0x0000000727800000, 0x00000007390c0000)
  eden space 42624K, 100% used [0x0000000724400000, 0x0000000726da0000, 0x0000000726da0000)
  from space 5312K,  82% used [0x00000007272d0000, 0x0000000727714c48, 0x0000000727800000)
  to   space 5312K,   0% used [0x0000000726da0000, 0x0000000726da0000, 0x00000007272d0000)
 concurrent mark-sweep generation total 106496K, used 28973K [0x00000007390c0000, 0x000000073f8c0000, 0x00000007c0000000)
 Metaspace       used 72556K, capacity 76320K, committed 76436K, reserved 1116160K
  class space    used 9516K, capacity 10165K, committed 10204K, reserved 1048576K
2021-12-27T09:20:12.270+0800: 119.543: [GC (Allocation Failure) 2021-12-27T09:20:12.271+0800: 119.543: [ParNew: 46995K->3665K(47936K), 0.0896485 secs] 75968K->34113K(154432K), 0.0907803 secs] [Times: user=0.03 sys=0.00, real=0.09 secs] 
Heap after GC invocations=70 (full 3):
 par new generation   total 47936K, used 3665K [0x0000000724400000, 0x0000000727800000, 0x00000007390c0000)
  eden space 42624K,   0% used [0x0000000724400000, 0x0000000724400000, 0x0000000726da0000)
  from space 5312K,  69% used [0x0000000726da0000, 0x0000000727134628, 0x00000007272d0000)
  to   space 5312K,   0% used [0x00000007272d0000, 0x00000007272d0000, 0x0000000727800000)
 concurrent mark-sweep generation total 106496K, used 30448K [0x00000007390c0000, 0x000000073f8c0000, 0x00000007c0000000)
 Metaspace       used 72556K, capacity 76320K, committed 76436K, reserved 1116160K
  class space    used 9516K, capacity 10165K, committed 10204K, reserved 1048576K
}
2021-12-27T09:20:13.369+0800: 120.641: Application time: 1.0069706 seconds
2021-12-27T09:20:13.634+0800: 120.906: Application time: 0.2570562 seconds
{Heap before GC invocations=70 (full 3):
 par new generation   total 47936K, used 46289K [0x0000000724400000, 0x0000000727800000, 0x00000007390c0000)
  eden space 42624K, 100% used [0x0000000724400000, 0x0000000726da0000, 0x0000000726da0000)
  from space 5312K,  69% used [0x0000000726da0000, 0x0000000727134628, 0x00000007272d0000)
  to   space 5312K,   0% used [0x00000007272d0000, 0x00000007272d0000, 0x0000000727800000)
 concurrent mark-sweep generation total 106496K, used 30448K [0x00000007390c0000, 0x000000073f8c0000, 0x00000007c0000000)
 Metaspace       used 72931K, capacity 76724K, committed 77076K, reserved 1116160K
  class space    used 9553K, capacity 10205K, committed 10332K, reserved 1048576K
2021-12-27T09:20:13.635+0800: 120.907: [GC (Allocation Failure) 2021-12-27T09:20:13.636+0800: 120.908: [ParNew: 46289K->5312K(47936K), 0.0731051 secs] 76737K->36303K(154432K), 0.0754789 secs] [Times: user=0.03 sys=0.00, real=0.07 secs] 
Heap after GC invocations=71 (full 3):
 par new generation   total 47936K, used 5312K [0x0000000724400000, 0x0000000727800000, 0x00000007390c0000)
  eden space 42624K,   0% used [0x0000000724400000, 0x0000000724400000, 0x0000000726da0000)
  from space 5312K, 100% used [0x00000007272d0000, 0x0000000727800000, 0x0000000727800000)
  to   space 5312K,   0% used [0x0000000726da0000, 0x0000000726da0000, 0x00000007272d0000)
 concurrent mark-sweep generation total 106496K, used 30991K [0x00000007390c0000, 0x000000073f8c0000, 0x00000007c0000000)
 Metaspace       used 72931K, capacity 76724K, committed 77076K, reserved 1116160K
  class space    used 9553K, capacity 10205K, committed 10332K, reserved 1048576K
}
2021-12-27T09:20:14.527+0800: 121.799: Application time: 0.8130422 seconds
{Heap before GC invocations=71 (full 3):
 par new generation   total 47936K, used 47936K [0x0000000724400000, 0x0000000727800000, 0x00000007390c0000)
  eden space 42624K, 100% used [0x0000000724400000, 0x0000000726da0000, 0x0000000726da0000)
  from space 5312K, 100% used [0x00000007272d0000, 0x0000000727800000, 0x0000000727800000)
  to   space 5312K,   0% used [0x0000000726da0000, 0x0000000726da0000, 0x00000007272d0000)
 concurrent mark-sweep generation total 106496K, used 30991K [0x00000007390c0000, 0x000000073f8c0000, 0x00000007c0000000)
 Metaspace       used 73007K, capacity 76850K, committed 77076K, reserved 1116160K
  class space    used 9563K, capacity 10242K, committed 10332K, reserved 1048576K
2021-12-27T09:20:14.528+0800: 121.800: [GC (Allocation Failure) 2021-12-27T09:20:14.529+0800: 121.801: [ParNew: 47936K->5312K(47936K), 0.1511176 secs] 78927K->39199K(154432K), 0.1603803 secs] [Times: user=0.05 sys=0.00, real=0.16 secs] 
Heap after GC invocations=72 (full 3):
 par new generation   total 47936K, used 5312K [0x0000000724400000, 0x0000000727800000, 0x00000007390c0000)
  eden space 42624K,   0% used [0x0000000724400000, 0x0000000724400000, 0x0000000726da0000)
  from space 5312K, 100% used [0x0000000726da0000, 0x00000007272d0000, 0x00000007272d0000)
  to   space 5312K,   0% used [0x00000007272d0000, 0x00000007272d0000, 0x0000000727800000)
 concurrent mark-sweep generation total 106496K, used 33887K [0x00000007390c0000, 0x000000073f8c0000, 0x00000007c0000000)
 Metaspace       used 73007K, capacity 76850K, committed 77076K, reserved 1116160K
  class space    used 9563K, capacity 10242K, committed 10332K, reserved 1048576K
}
2021-12-27T09:20:15.716+0800: 122.988: Application time: 1.0262967 seconds
2021-12-27T09:20:16.001+0800: 123.273: Application time: 0.2846661 seconds
{Heap before GC invocations=72 (full 3):
 par new generation   total 47936K, used 47936K [0x0000000724400000, 0x0000000727800000, 0x00000007390c0000)
  eden space 42624K, 100% used [0x0000000724400000, 0x0000000726da0000, 0x0000000726da0000)
  from space 5312K, 100% used [0x0000000726da0000, 0x00000007272d0000, 0x00000007272d0000)
  to   space 5312K,   0% used [0x00000007272d0000, 0x00000007272d0000, 0x0000000727800000)
 concurrent mark-sweep generation total 106496K, used 33887K [0x00000007390c0000, 0x000000073f8c0000, 0x00000007c0000000)
 Metaspace       used 73530K, capacity 77360K, committed 77588K, reserved 1116160K
  class space    used 9630K, capacity 10301K, committed 10332K, reserved 1048576K
2021-12-27T09:20:16.010+0800: 123.282: [GC (Allocation Failure) 2021-12-27T09:20:16.011+0800: 123.283: [ParNew: 47936K->2857K(47936K), 0.0816870 secs] 81823K->38134K(154432K), 0.0830992 secs] [Times: user=0.02 sys=0.00, real=0.08 secs] 
Heap after GC invocations=73 (full 3):
 par new generation   total 47936K, used 2857K [0x0000000724400000, 0x0000000727800000, 0x00000007390c0000)
  eden space 42624K,   0% used [0x0000000724400000, 0x0000000724400000, 0x0000000726da0000)
  from space 5312K,  53% used [0x00000007272d0000, 0x000000072759a5e8, 0x0000000727800000)
  to   space 5312K,   0% used [0x0000000726da0000, 0x0000000726da0000, 0x00000007272d0000)
 concurrent mark-sweep generation total 106496K, used 35277K [0x00000007390c0000, 0x000000073f8c0000, 0x00000007c0000000)
 Metaspace       used 73530K, capacity 77360K, committed 77588K, reserved 1116160K
  class space    used 9630K, capacity 10301K, committed 10332K, reserved 1048576K
}
2021-12-27T09:20:16.643+0800: 123.915: Application time: 0.5487399 seconds
2021-12-27T09:20:16.644+0800: 123.916: Application time: 0.0012084 seconds
2021-12-27T09:20:16.647+0800: 123.919: Application time: 0.0023224 seconds
2021-12-27T09:20:16.929+0800: 124.201: Application time: 0.2825894 seconds
2021-12-27T09:20:16.939+0800: 124.212: Application time: 0.0049711 seconds
2021-12-27T09:20:16.951+0800: 124.223: Application time: 0.0082622 seconds
2021-12-27T09:20:16.957+0800: 124.230: Application time: 0.0023226 seconds
2021-12-27T09:20:16.986+0800: 124.258: Application time: 0.0267342 seconds
2021-12-27T09:20:17.588+0800: 124.861: Application time: 0.6017156 seconds
{Heap before GC invocations=73 (full 3):
 par new generation   total 47936K, used 45481K [0x0000000724400000, 0x0000000727800000, 0x00000007390c0000)
  eden space 42624K, 100% used [0x0000000724400000, 0x0000000726da0000, 0x0000000726da0000)
  from space 5312K,  53% used [0x00000007272d0000, 0x000000072759a5e8, 0x0000000727800000)
  to   space 5312K,   0% used [0x0000000726da0000, 0x0000000726da0000, 0x00000007272d0000)
 concurrent mark-sweep generation total 106496K, used 35277K [0x00000007390c0000, 0x000000073f8c0000, 0x00000007c0000000)
 Metaspace       used 74714K, capacity 78576K, committed 78740K, reserved 1118208K
  class space    used 9774K, capacity 10441K, committed 10460K, reserved 1048576K
2021-12-27T09:20:17.589+0800: 124.862: [GC (Allocation Failure) 2021-12-27T09:20:17.590+0800: 124.862: [ParNew: 45481K->5021K(47936K), 0.0610420 secs] 80758K->40299K(154432K), 0.0620763 secs] [Times: user=0.02 sys=0.01, real=0.06 secs] 
Heap after GC invocations=74 (full 3):
 par new generation   total 47936K, used 5021K [0x0000000724400000, 0x0000000727800000, 0x00000007390c0000)
  eden space 42624K,   0% used [0x0000000724400000, 0x0000000724400000, 0x0000000726da0000)
  from space 5312K,  94% used [0x0000000726da0000, 0x00000007272877b8, 0x00000007272d0000)
  to   space 5312K,   0% used [0x00000007272d0000, 0x00000007272d0000, 0x0000000727800000)
 concurrent mark-sweep generation total 106496K, used 35277K [0x00000007390c0000, 0x000000073f8c0000, 0x00000007c0000000)
 Metaspace       used 74714K, capacity 78576K, committed 78740K, reserved 1118208K
  class space    used 9774K, capacity 10441K, committed 10460K, reserved 1048576K
}
2021-12-27T09:20:18.653+0800: 125.926: Application time: 1.0011614 seconds
2021-12-27T09:20:19.067+0800: 126.339: Application time: 0.4094995 seconds
{Heap before GC invocations=74 (full 3):
 par new generation   total 47936K, used 47645K [0x0000000724400000, 0x0000000727800000, 0x00000007390c0000)
  eden space 42624K, 100% used [0x0000000724400000, 0x0000000726da0000, 0x0000000726da0000)
  from space 5312K,  94% used [0x0000000726da0000, 0x00000007272877b8, 0x00000007272d0000)
  to   space 5312K,   0% used [0x00000007272d0000, 0x00000007272d0000, 0x0000000727800000)
 concurrent mark-sweep generation total 106496K, used 35277K [0x00000007390c0000, 0x000000073f8c0000, 0x00000007c0000000)
 Metaspace       used 75413K, capacity 79306K, committed 79380K, reserved 1118208K
  class space    used 9890K, capacity 10566K, committed 10588K, reserved 1048576K
2021-12-27T09:20:19.067+0800: 126.339: [GC (Allocation Failure) 2021-12-27T09:20:19.068+0800: 126.340: [ParNew: 47645K->4565K(47936K), 0.1015381 secs] 82923K->41622K(154432K), 0.1026404 secs] [Times: user=0.03 sys=0.00, real=0.10 secs] 
Heap after GC invocations=75 (full 3):
 par new generation   total 47936K, used 4565K [0x0000000724400000, 0x0000000727800000, 0x00000007390c0000)
  eden space 42624K,   0% used [0x0000000724400000, 0x0000000724400000, 0x0000000726da0000)
  from space 5312K,  85% used [0x00000007272d0000, 0x0000000727745550, 0x0000000727800000)
  to   space 5312K,   0% used [0x0000000726da0000, 0x0000000726da0000, 0x00000007272d0000)
 concurrent mark-sweep generation total 106496K, used 37057K [0x00000007390c0000, 0x000000073f8c0000, 0x00000007c0000000)
 Metaspace       used 75413K, capacity 79306K, committed 79380K, reserved 1118208K
  class space    used 9890K, capacity 10566K, committed 10588K, reserved 1048576K
}
2021-12-27T09:20:19.806+0800: 127.078: Application time: 0.6346810 seconds
2021-12-27T09:20:19.967+0800: 127.239: Application time: 0.1602074 seconds
2021-12-27T09:20:20.175+0800: 127.447: Application time: 0.2068875 seconds
2021-12-27T09:20:20.239+0800: 127.511: Application time: 0.0632196 seconds
2021-12-27T09:20:20.246+0800: 127.519: Application time: 0.0069407 seconds
2021-12-27T09:20:20.248+0800: 127.520: Application time: 0.0004665 seconds
2021-12-27T09:20:20.283+0800: 127.555: Application time: 0.0343108 seconds
2021-12-27T09:20:20.949+0800: 128.221: Application time: 0.6649642 seconds
{Heap before GC invocations=75 (full 3):
 par new generation   total 47936K, used 47189K [0x0000000724400000, 0x0000000727800000, 0x00000007390c0000)
  eden space 42624K, 100% used [0x0000000724400000, 0x0000000726da0000, 0x0000000726da0000)
  from space 5312K,  85% used [0x00000007272d0000, 0x0000000727745550, 0x0000000727800000)
  to   space 5312K,   0% used [0x0000000726da0000, 0x0000000726da0000, 0x00000007272d0000)
 concurrent mark-sweep generation total 106496K, used 37057K [0x00000007390c0000, 0x000000073f8c0000, 0x00000007c0000000)
 Metaspace       used 76531K, capacity 80614K, committed 80916K, reserved 1120256K
  class space    used 10041K, capacity 10754K, committed 10844K, reserved 1048576K
2021-12-27T09:20:20.949+0800: 128.221: [GC (Allocation Failure) 2021-12-27T09:20:20.949+0800: 128.221: [ParNew: 47189K->5312K(47936K), 0.1152685 secs] 84246K->44146K(154432K), 0.1204672 secs] [Times: user=0.02 sys=0.00, real=0.12 secs] 
Heap after GC invocations=76 (full 3):
 par new generation   total 47936K, used 5312K [0x0000000724400000, 0x0000000727800000, 0x00000007390c0000)
  eden space 42624K,   0% used [0x0000000724400000, 0x0000000724400000, 0x0000000726da0000)
  from space 5312K, 100% used [0x0000000726da0000, 0x00000007272d0000, 0x00000007272d0000)
  to   space 5312K,   0% used [0x00000007272d0000, 0x00000007272d0000, 0x0000000727800000)
 concurrent mark-sweep generation total 106496K, used 38834K [0x00000007390c0000, 0x000000073f8c0000, 0x00000007c0000000)
 Metaspace       used 76531K, capacity 80614K, committed 80916K, reserved 1120256K
  class space    used 10041K, capacity 10754K, committed 10844K, reserved 1048576K
}
2021-12-27T09:20:21.258+0800: 128.530: Application time: 0.1848821 seconds
2021-12-27T09:20:22.143+0800: 129.415: Application time: 0.8838842 seconds
2021-12-27T09:20:22.486+0800: 129.758: Application time: 0.3424375 seconds
{Heap before GC invocations=76 (full 3):
 par new generation   total 47936K, used 47936K [0x0000000724400000, 0x0000000727800000, 0x00000007390c0000)
  eden space 42624K, 100% used [0x0000000724400000, 0x0000000726da0000, 0x0000000726da0000)
  from space 5312K, 100% used [0x0000000726da0000, 0x00000007272d0000, 0x00000007272d0000)
  to   space 5312K,   0% used [0x00000007272d0000, 0x00000007272d0000, 0x0000000727800000)
 concurrent mark-sweep generation total 106496K, used 38834K [0x00000007390c0000, 0x000000073f8c0000, 0x00000007c0000000)
 Metaspace       used 77001K, capacity 81232K, committed 81428K, reserved 1120256K
  class space    used 10104K, capacity 10825K, committed 10844K, reserved 1048576K
2021-12-27T09:20:22.487+0800: 129.759: [GC (Allocation Failure) 2021-12-27T09:20:22.487+0800: 129.759: [ParNew: 47936K->5312K(47936K), 0.1380694 secs] 86770K->46188K(154432K), 0.1391674 secs] [Times: user=0.04 sys=0.00, real=0.14 secs] 
Heap after GC invocations=77 (full 3):
 par new generation   total 47936K, used 5312K [0x0000000724400000, 0x0000000727800000, 0x00000007390c0000)
  eden space 42624K,   0% used [0x0000000724400000, 0x0000000724400000, 0x0000000726da0000)
  from space 5312K, 100% used [0x00000007272d0000, 0x0000000727800000, 0x0000000727800000)
  to   space 5312K,   0% used [0x0000000726da0000, 0x0000000726da0000, 0x00000007272d0000)
 concurrent mark-sweep generation total 106496K, used 40876K [0x00000007390c0000, 0x000000073f8c0000, 0x00000007c0000000)
 Metaspace       used 77001K, capacity 81232K, committed 81428K, reserved 1120256K
  class space    used 10104K, capacity 10825K, committed 10844K, reserved 1048576K
}
2021-12-27T09:20:23.632+0800: 130.904: Application time: 1.0052005 seconds
2021-12-27T09:20:24.459+0800: 131.732: Application time: 0.8249608 seconds
{Heap before GC invocations=77 (full 3):
 par new generation   total 47936K, used 47936K [0x0000000724400000, 0x0000000727800000, 0x00000007390c0000)
  eden space 42624K, 100% used [0x0000000724400000, 0x0000000726da0000, 0x0000000726da0000)
  from space 5312K, 100% used [0x00000007272d0000, 0x0000000727800000, 0x0000000727800000)
  to   space 5312K,   0% used [0x0000000726da0000, 0x0000000726da0000, 0x00000007272d0000)
 concurrent mark-sweep generation total 106496K, used 40876K [0x00000007390c0000, 0x000000073f8c0000, 0x00000007c0000000)
 Metaspace       used 77653K, capacity 82222K, committed 82452K, reserved 1120256K
  class space    used 10217K, capacity 10996K, committed 11100K, reserved 1048576K
2021-12-27T09:20:24.467+0800: 131.739: [GC (Allocation Failure) 2021-12-27T09:20:24.467+0800: 131.739: [ParNew: 47936K->5312K(47936K), 0.0732593 secs] 88812K->47768K(154432K), 0.0799125 secs] [Times: user=0.03 sys=0.00, real=0.08 secs] 
Heap after GC invocations=78 (full 3):
 par new generation   total 47936K, used 5312K [0x0000000724400000, 0x0000000727800000, 0x00000007390c0000)
  eden space 42624K,   0% used [0x0000000724400000, 0x0000000724400000, 0x0000000726da0000)
  from space 5312K, 100% used [0x0000000726da0000, 0x00000007272d0000, 0x00000007272d0000)
  to   space 5312K,   0% used [0x00000007272d0000, 0x00000007272d0000, 0x0000000727800000)
 concurrent mark-sweep generation total 106496K, used 42456K [0x00000007390c0000, 0x000000073f8c0000, 0x00000007c0000000)
 Metaspace       used 77653K, capacity 82222K, committed 82452K, reserved 1120256K
  class space    used 10217K, capacity 10996K, committed 11100K, reserved 1048576K
}
2021-12-27T09:20:24.782+0800: 132.054: Application time: 0.2347113 seconds
2021-12-27T09:20:25.589+0800: 132.861: Application time: 0.7970829 seconds
2021-12-27T09:20:25.626+0800: 132.898: Application time: 0.0361234 seconds
{Heap before GC invocations=78 (full 3):
 par new generation   total 47936K, used 47936K [0x0000000724400000, 0x0000000727800000, 0x00000007390c0000)
  eden space 42624K, 100% used [0x0000000724400000, 0x0000000726da0000, 0x0000000726da0000)
  from space 5312K, 100% used [0x0000000726da0000, 0x00000007272d0000, 0x00000007272d0000)
  to   space 5312K,   0% used [0x00000007272d0000, 0x00000007272d0000, 0x0000000727800000)
 concurrent mark-sweep generation total 106496K, used 42456K [0x00000007390c0000, 0x000000073f8c0000, 0x00000007c0000000)
 Metaspace       used 77994K, capacity 82572K, committed 82708K, reserved 1120256K
  class space    used 10251K, capacity 11039K, committed 11100K, reserved 1048576K
2021-12-27T09:20:25.626+0800: 132.898: [GC (Allocation Failure) 2021-12-27T09:20:25.627+0800: 132.899: [ParNew: 47936K->5312K(47936K), 0.1199388 secs] 90392K->49060K(154432K), 0.1210621 secs] [Times: user=0.03 sys=0.00, real=0.12 secs] 
Heap after GC invocations=79 (full 3):
 par new generation   total 47936K, used 5312K [0x0000000724400000, 0x0000000727800000, 0x00000007390c0000)
  eden space 42624K,   0% used [0x0000000724400000, 0x0000000724400000, 0x0000000726da0000)
  from space 5312K, 100% used [0x00000007272d0000, 0x0000000727800000, 0x0000000727800000)
  to   space 5312K,   0% used [0x0000000726da0000, 0x0000000726da0000, 0x00000007272d0000)
 concurrent mark-sweep generation total 106496K, used 43748K [0x00000007390c0000, 0x000000073f8c0000, 0x00000007c0000000)
 Metaspace       used 77994K, capacity 82572K, committed 82708K, reserved 1120256K
  class space    used 10251K, capacity 11039K, committed 11100K, reserved 1048576K
}
2021-12-27T09:20:26.748+0800: 134.020: Application time: 1.0001391 seconds
2021-12-27T09:20:26.812+0800: 134.084: Application time: 0.0578203 seconds
{Heap before GC invocations=79 (full 3):
 par new generation   total 47936K, used 47936K [0x0000000724400000, 0x0000000727800000, 0x00000007390c0000)
  eden space 42624K, 100% used [0x0000000724400000, 0x0000000726da0000, 0x0000000726da0000)
  from space 5312K, 100% used [0x00000007272d0000, 0x0000000727800000, 0x0000000727800000)
  to   space 5312K,   0% used [0x0000000726da0000, 0x0000000726da0000, 0x00000007272d0000)
 concurrent mark-sweep generation total 106496K, used 43748K [0x00000007390c0000, 0x000000073f8c0000, 0x00000007c0000000)
 Metaspace       used 78265K, capacity 82846K, committed 82964K, reserved 1122304K
  class space    used 10289K, capacity 11080K, committed 11100K, reserved 1048576K
2021-12-27T09:20:26.813+0800: 134.085: [GC (Allocation Failure) 2021-12-27T09:20:26.813+0800: 134.085: [ParNew: 47936K->5312K(47936K), 0.1401767 secs] 91684K->51303K(154432K), 0.1471386 secs] [Times: user=0.06 sys=0.00, real=0.15 secs] 
Heap after GC invocations=80 (full 3):
 par new generation   total 47936K, used 5312K [0x0000000724400000, 0x0000000727800000, 0x00000007390c0000)
  eden space 42624K,   0% used [0x0000000724400000, 0x0000000724400000, 0x0000000726da0000)
  from space 5312K, 100% used [0x0000000726da0000, 0x00000007272d0000, 0x00000007272d0000)
  to   space 5312K,   0% used [0x00000007272d0000, 0x00000007272d0000, 0x0000000727800000)
 concurrent mark-sweep generation total 106496K, used 45991K [0x00000007390c0000, 0x000000073f8c0000, 0x00000007c0000000)
 Metaspace       used 78265K, capacity 82846K, committed 82964K, reserved 1122304K
  class space    used 10289K, capacity 11080K, committed 11100K, reserved 1048576K
}
2021-12-27T09:20:27.474+0800: 134.746: Application time: 0.5127429 seconds
{Heap before GC invocations=80 (full 3):
 par new generation   total 47936K, used 47936K [0x0000000724400000, 0x0000000727800000, 0x00000007390c0000)
  eden space 42624K, 100% used [0x0000000724400000, 0x0000000726da0000, 0x0000000726da0000)
  from space 5312K, 100% used [0x0000000726da0000, 0x00000007272d0000, 0x00000007272d0000)
  to   space 5312K,   0% used [0x00000007272d0000, 0x00000007272d0000, 0x0000000727800000)
 concurrent mark-sweep generation total 106496K, used 45991K [0x00000007390c0000, 0x000000073f8c0000, 0x00000007c0000000)
 Metaspace       used 78359K, capacity 82954K, committed 83092K, reserved 1122304K
  class space    used 10309K, capacity 11114K, committed 11228K, reserved 1048576K
2021-12-27T09:20:27.476+0800: 134.748: [GC (Allocation Failure) 2021-12-27T09:20:27.477+0800: 134.749: [ParNew: 47936K->5311K(47936K), 0.1727210 secs] 93927K->54157K(154432K), 0.1816339 secs] [Times: user=0.05 sys=0.01, real=0.18 secs] 
Heap after GC invocations=81 (full 3):
 par new generation   total 47936K, used 5311K [0x0000000724400000, 0x0000000727800000, 0x00000007390c0000)
  eden space 42624K,   0% used [0x0000000724400000, 0x0000000724400000, 0x0000000726da0000)
  from space 5312K,  99% used [0x00000007272d0000, 0x00000007277ffff8, 0x0000000727800000)
  to   space 5312K,   0% used [0x0000000726da0000, 0x0000000726da0000, 0x00000007272d0000)
 concurrent mark-sweep generation total 106496K, used 48845K [0x00000007390c0000, 0x000000073f8c0000, 0x00000007c0000000)
 Metaspace       used 78359K, capacity 82954K, committed 83092K, reserved 1122304K
  class space    used 10309K, capacity 11114K, committed 11228K, reserved 1048576K
}
2021-12-27T09:20:28.660+0800: 135.932: Application time: 1.0006087 seconds
2021-12-27T09:20:29.167+0800: 136.439: Application time: 0.4995745 seconds
2021-12-27T09:20:29.184+0800: 136.456: Application time: 0.0165292 seconds
{Heap before GC invocations=81 (full 3):
 par new generation   total 47936K, used 47935K [0x0000000724400000, 0x0000000727800000, 0x00000007390c0000)
  eden space 42624K, 100% used [0x0000000724400000, 0x0000000726da0000, 0x0000000726da0000)
  from space 5312K,  99% used [0x00000007272d0000, 0x00000007277ffff8, 0x0000000727800000)
  to   space 5312K,   0% used [0x0000000726da0000, 0x0000000726da0000, 0x00000007272d0000)
 concurrent mark-sweep generation total 106496K, used 48845K [0x00000007390c0000, 0x000000073f8c0000, 0x00000007c0000000)
 Metaspace       used 79749K, capacity 84444K, committed 84500K, reserved 1122304K
  class space    used 10496K, capacity 11305K, committed 11356K, reserved 1048576K
2021-12-27T09:20:29.185+0800: 136.457: [GC (Allocation Failure) 2021-12-27T09:20:29.186+0800: 136.458: [ParNew: 47935K->3725K(47936K), 0.1029762 secs] 96781K->53645K(154432K), 0.1070670 secs] [Times: user=0.04 sys=0.01, real=0.10 secs] 
Heap after GC invocations=82 (full 3):
 par new generation   total 47936K, used 3725K [0x0000000724400000, 0x0000000727800000, 0x00000007390c0000)
  eden space 42624K,   0% used [0x0000000724400000, 0x0000000724400000, 0x0000000726da0000)
  from space 5312K,  70% used [0x0000000726da0000, 0x00000007271435f0, 0x00000007272d0000)
  to   space 5312K,   0% used [0x00000007272d0000, 0x00000007272d0000, 0x0000000727800000)
 concurrent mark-sweep generation total 106496K, used 49919K [0x00000007390c0000, 0x000000073f8c0000, 0x00000007c0000000)
 Metaspace       used 79749K, capacity 84444K, committed 84500K, reserved 1122304K
  class space    used 10496K, capacity 11305K, committed 11356K, reserved 1048576K
}
2021-12-27T09:20:29.743+0800: 137.016: Application time: 0.4503583 seconds
2021-12-27T09:20:29.881+0800: 137.153: Application time: 0.1363523 seconds
2021-12-27T09:20:30.428+0800: 137.700: Application time: 0.5466516 seconds
{Heap before GC invocations=82 (full 3):
 par new generation   total 47936K, used 46349K [0x0000000724400000, 0x0000000727800000, 0x00000007390c0000)
  eden space 42624K, 100% used [0x0000000724400000, 0x0000000726da0000, 0x0000000726da0000)
  from space 5312K,  70% used [0x0000000726da0000, 0x00000007271435f0, 0x00000007272d0000)
  to   space 5312K,   0% used [0x00000007272d0000, 0x00000007272d0000, 0x0000000727800000)
 concurrent mark-sweep generation total 106496K, used 49919K [0x00000007390c0000, 0x000000073f8c0000, 0x00000007c0000000)
 Metaspace       used 80911K, capacity 85612K, committed 85652K, reserved 1124352K
  class space    used 10662K, capacity 11473K, committed 11484K, reserved 1048576K
2021-12-27T09:20:30.430+0800: 137.702: [GC (Allocation Failure) 2021-12-27T09:20:30.431+0800: 137.703: [ParNew: 46349K->4591K(47936K), 0.1476702 secs] 96269K->54763K(154432K), 0.1548278 secs] [Times: user=0.04 sys=0.01, real=0.16 secs] 
Heap after GC invocations=83 (full 3):
 par new generation   total 47936K, used 4591K [0x0000000724400000, 0x0000000727800000, 0x00000007390c0000)
  eden space 42624K,   0% used [0x0000000724400000, 0x0000000724400000, 0x0000000726da0000)
  from space 5312K,  86% used [0x00000007272d0000, 0x000000072774bc78, 0x0000000727800000)
  to   space 5312K,   0% used [0x0000000726da0000, 0x0000000726da0000, 0x00000007272d0000)
 concurrent mark-sweep generation total 106496K, used 50172K [0x00000007390c0000, 0x000000073f8c0000, 0x00000007c0000000)
 Metaspace       used 80911K, capacity 85612K, committed 85652K, reserved 1124352K
  class space    used 10662K, capacity 11473K, committed 11484K, reserved 1048576K
}
2021-12-27T09:20:31.076+0800: 138.348: Application time: 0.4890636 seconds
2021-12-27T09:20:31.490+0800: 138.762: Application time: 0.4138352 seconds
2021-12-27T09:20:31.502+0800: 138.774: Application time: 0.0001565 seconds
2021-12-27T09:20:31.502+0800: 138.774: Application time: 0.0001041 seconds
2021-12-27T09:20:31.503+0800: 138.779: Application time: 0.0045503 seconds
2021-12-27T09:20:31.521+0800: 138.793: Application time: 0.0016259 seconds
2021-12-27T09:20:31.526+0800: 138.798: Application time: 0.0045569 seconds
2021-12-27T09:20:31.532+0800: 138.804: Application time: 0.0054675 seconds
2021-12-27T09:20:31.558+0800: 138.830: Application time: 0.0104111 seconds
2021-12-27T09:20:31.562+0800: 138.834: Application time: 0.0038417 seconds
2021-12-27T09:20:31.572+0800: 138.844: Application time: 0.0021450 seconds
2021-12-27T09:20:31.578+0800: 138.850: Application time: 0.0004568 seconds
2021-12-27T09:20:31.579+0800: 138.852: Application time: 0.0014096 seconds
2021-12-27T09:20:31.588+0800: 138.860: Application time: 0.0001261 seconds
2021-12-27T09:20:31.598+0800: 138.870: Application time: 0.0004785 seconds
2021-12-27T09:20:31.602+0800: 138.874: Application time: 0.0014910 seconds
2021-12-27T09:20:31.603+0800: 138.875: Application time: 0.0006733 seconds
2021-12-27T09:20:31.735+0800: 139.007: Application time: 0.1245016 seconds
2021-12-27T09:20:31.767+0800: 139.040: Application time: 0.0323906 seconds
2021-12-27T09:20:31.800+0800: 139.072: Application time: 0.0227949 seconds
2021-12-27T09:20:31.857+0800: 139.129: Application time: 0.0238230 seconds
2021-12-27T09:20:31.882+0800: 139.154: Application time: 0.0005795 seconds
2021-12-27T09:20:31.901+0800: 139.173: Application time: 0.0168313 seconds
2021-12-27T09:20:31.937+0800: 139.209: Application time: 0.0334632 seconds
2021-12-27T09:20:31.939+0800: 139.211: Application time: 0.0018608 seconds
2021-12-27T09:20:31.944+0800: 139.216: Application time: 0.0048373 seconds
2021-12-27T09:20:31.955+0800: 139.227: Application time: 0.0033080 seconds
2021-12-27T09:20:31.959+0800: 139.231: Application time: 0.0007910 seconds
2021-12-27T09:20:31.961+0800: 139.233: Application time: 0.0010808 seconds
2021-12-27T09:20:31.966+0800: 139.238: Application time: 0.0005334 seconds
2021-12-27T09:20:31.966+0800: 139.239: Application time: 0.0004570 seconds
2021-12-27T09:20:31.969+0800: 139.241: Application time: 0.0023206 seconds
2021-12-27T09:20:31.975+0800: 139.250: Application time: 0.0071351 seconds
2021-12-27T09:20:31.986+0800: 139.258: Application time: 0.0003013 seconds
2021-12-27T09:20:31.988+0800: 139.260: Application time: 0.0004907 seconds
2021-12-27T09:20:31.989+0800: 139.262: Application time: 0.0005986 seconds
2021-12-27T09:20:32.047+0800: 139.319: Application time: 0.0565808 seconds
2021-12-27T09:20:32.064+0800: 139.336: Application time: 0.0001087 seconds
2021-12-27T09:20:32.138+0800: 139.410: Application time: 0.0740223 seconds
2021-12-27T09:20:32.152+0800: 139.424: Application time: 0.0004154 seconds
2021-12-27T09:20:32.165+0800: 139.437: Application time: 0.0085992 seconds
2021-12-27T09:20:32.165+0800: 139.437: Application time: 0.0001763 seconds
2021-12-27T09:20:32.166+0800: 139.438: Application time: 0.0000630 seconds
2021-12-27T09:20:32.173+0800: 139.445: Application time: 0.0065289 seconds
2021-12-27T09:20:32.180+0800: 139.452: Application time: 0.0019743 seconds
2021-12-27T09:20:32.182+0800: 139.454: Application time: 0.0014735 seconds
2021-12-27T09:20:32.184+0800: 139.457: Application time: 0.0019861 seconds
2021-12-27T09:20:32.185+0800: 139.457: Application time: 0.0000777 seconds
2021-12-27T09:20:32.187+0800: 139.459: Application time: 0.0011487 seconds
2021-12-27T09:20:32.187+0800: 139.459: Application time: 0.0004993 seconds
2021-12-27T09:20:32.192+0800: 139.464: Application time: 0.0031034 seconds
2021-12-27T09:20:32.381+0800: 139.653: Application time: 0.1797662 seconds
2021-12-27T09:20:32.382+0800: 139.654: Application time: 0.0001462 seconds
2021-12-27T09:20:32.423+0800: 139.695: Application time: 0.0417129 seconds
2021-12-27T09:20:32.424+0800: 139.696: Application time: 0.0000482 seconds
2021-12-27T09:20:32.428+0800: 139.700: Application time: 0.0043182 seconds
2021-12-27T09:20:32.445+0800: 139.718: Application time: 0.0169050 seconds
{Heap before GC invocations=83 (full 3):
 par new generation   total 47936K, used 47215K [0x0000000724400000, 0x0000000727800000, 0x00000007390c0000)
  eden space 42624K, 100% used [0x0000000724400000, 0x0000000726da0000, 0x0000000726da0000)
  from space 5312K,  86% used [0x00000007272d0000, 0x000000072774bc78, 0x0000000727800000)
  to   space 5312K,   0% used [0x0000000726da0000, 0x0000000726da0000, 0x00000007272d0000)
 concurrent mark-sweep generation total 106496K, used 50172K [0x00000007390c0000, 0x000000073f8c0000, 0x00000007c0000000)
 Metaspace       used 82291K, capacity 87070K, committed 87188K, reserved 1124352K
  class space    used 10851K, capacity 11660K, committed 11740K, reserved 1048576K
2021-12-27T09:20:32.447+0800: 139.719: [GC (Allocation Failure) 2021-12-27T09:20:32.447+0800: 139.719: [ParNew: 47215K->3498K(47936K), 0.0955423 secs] 97387K->55099K(154432K), 0.1008776 secs] [Times: user=0.03 sys=0.00, real=0.10 secs] 
Heap after GC invocations=84 (full 3):
 par new generation   total 47936K, used 3498K [0x0000000724400000, 0x0000000727800000, 0x00000007390c0000)
  eden space 42624K,   0% used [0x0000000724400000, 0x0000000724400000, 0x0000000726da0000)
  from space 5312K,  65% used [0x0000000726da0000, 0x000000072710a888, 0x00000007272d0000)
  to   space 5312K,   0% used [0x00000007272d0000, 0x00000007272d0000, 0x0000000727800000)
 concurrent mark-sweep generation total 106496K, used 51601K [0x00000007390c0000, 0x000000073f8c0000, 0x00000007c0000000)
 Metaspace       used 82291K, capacity 87070K, committed 87188K, reserved 1124352K
  class space    used 10851K, capacity 11660K, committed 11740K, reserved 1048576K
}
2021-12-27T09:20:32.552+0800: 139.824: Application time: 0.0009190 seconds
2021-12-27T09:20:34.558+0800: 141.830: Application time: 2.0061968 seconds
2021-12-27T09:20:35.131+0800: 142.403: Application time: 0.5725132 seconds
2021-12-27T09:20:36.145+0800: 143.417: Application time: 1.0005637 seconds
2021-12-27T09:20:40.122+0800: 147.418: Application time: 4.0006037 seconds
2021-12-27T09:20:47.465+0800: 154.761: Application time: 7.3425847 seconds
2021-12-27T09:20:47.466+0800: 154.761: Application time: 0.0001849 seconds
2021-12-27T09:20:47.468+0800: 154.764: Application time: 0.0027002 seconds
2021-12-27T09:20:47.469+0800: 154.764: Application time: 0.0001478 seconds
2021-12-27T09:20:47.469+0800: 154.764: Application time: 0.0001414 seconds
2021-12-27T09:20:47.474+0800: 154.769: Application time: 0.0045191 seconds
2021-12-27T09:20:47.474+0800: 154.770: Application time: 0.0006902 seconds
2021-12-27T09:20:47.492+0800: 154.787: Application time: 0.0176717 seconds
2021-12-27T09:20:47.492+0800: 154.788: Application time: 0.0001526 seconds
2021-12-27T09:20:47.501+0800: 154.797: Application time: 0.0088440 seconds
2021-12-27T09:20:47.510+0800: 154.805: Application time: 0.0082019 seconds
2021-12-27T09:20:47.541+0800: 154.836: Application time: 0.0300798 seconds
2021-12-27T09:20:47.542+0800: 154.837: Application time: 0.0008894 seconds
2021-12-27T09:20:47.542+0800: 154.838: Application time: 0.0006888 seconds
2021-12-27T09:20:47.553+0800: 154.848: Application time: 0.0105487 seconds
2021-12-27T09:20:47.553+0800: 154.849: Application time: 0.0001673 seconds
2021-12-27T09:20:47.554+0800: 154.849: Application time: 0.0001690 seconds
2021-12-27T09:20:47.554+0800: 154.849: Application time: 0.0001030 seconds
2021-12-27T09:20:47.561+0800: 154.856: Application time: 0.0073275 seconds
2021-12-27T09:20:47.573+0800: 154.868: Application time: 0.0119454 seconds
2021-12-27T09:20:47.600+0800: 154.896: Application time: 0.0270799 seconds
2021-12-27T09:20:47.601+0800: 154.896: Application time: 0.0001765 seconds
2021-12-27T09:20:47.609+0800: 154.905: Application time: 0.0087059 seconds
2021-12-27T09:20:47.624+0800: 154.920: Application time: 0.0148075 seconds
2021-12-27T09:20:47.630+0800: 154.926: Application time: 0.0059662 seconds
2021-12-27T09:20:47.638+0800: 154.933: Application time: 0.0072227 seconds
2021-12-27T09:20:53.641+0800: 160.936: Application time: 6.0032041 seconds
2021-12-27T09:20:57.648+0800: 164.944: Application time: 4.0071351 seconds
2021-12-27T09:20:57.649+0800: 164.944: Application time: 0.0001678 seconds
2021-12-27T09:20:57.657+0800: 164.953: Application time: 0.0086593 seconds
2021-12-27T09:20:57.659+0800: 164.955: Application time: 0.0018648 seconds
2021-12-27T09:20:57.660+0800: 164.955: Application time: 0.0001166 seconds
2021-12-27T09:21:01.295+0800: 168.590: Application time: 3.6330323 seconds
2021-12-27T09:21:01.295+0800: 168.590: Application time: 0.0001222 seconds
2021-12-27T09:21:01.295+0800: 168.590: Application time: 0.0000675 seconds
2021-12-27T09:21:01.296+0800: 168.591: Application time: 0.0006189 seconds
2021-12-27T09:21:01.296+0800: 168.592: Application time: 0.0000852 seconds
2021-12-27T09:21:01.296+0800: 168.592: Application time: 0.0000844 seconds
2021-12-27T09:21:01.297+0800: 168.592: Application time: 0.0000627 seconds
2021-12-27T09:21:01.297+0800: 168.592: Application time: 0.0000630 seconds
2021-12-27T09:21:01.297+0800: 168.593: Application time: 0.0000824 seconds
2021-12-27T09:21:01.297+0800: 168.594: Application time: 0.0009193 seconds
2021-12-27T09:21:01.299+0800: 168.594: Application time: 0.0000844 seconds
2021-12-27T09:21:01.302+0800: 168.597: Application time: 0.0010716 seconds
2021-12-27T09:21:01.302+0800: 168.598: Application time: 0.0001156 seconds
2021-12-27T09:21:01.303+0800: 168.598: Application time: 0.0001117 seconds
2021-12-27T09:21:01.303+0800: 168.598: Application time: 0.0001189 seconds
2021-12-27T09:21:01.303+0800: 168.598: Application time: 0.0001123 seconds
2021-12-27T09:21:01.303+0800: 168.599: Application time: 0.0001087 seconds
2021-12-27T09:21:01.304+0800: 168.599: Application time: 0.0001715 seconds
2021-12-27T09:21:01.304+0800: 168.599: Application time: 0.0001115 seconds
2021-12-27T09:21:01.304+0800: 168.600: Application time: 0.0000782 seconds
2021-12-27T09:21:01.305+0800: 168.600: Application time: 0.0001071 seconds
2021-12-27T09:21:01.308+0800: 168.603: Application time: 0.0030420 seconds
2021-12-27T09:21:01.309+0800: 168.604: Application time: 0.0004260 seconds
2021-12-27T09:21:01.312+0800: 168.607: Application time: 0.0030700 seconds
2021-12-27T09:21:01.317+0800: 168.613: Application time: 0.0051063 seconds
2021-12-27T09:21:01.318+0800: 168.613: Application time: 0.0003199 seconds
2021-12-27T09:21:01.319+0800: 168.614: Application time: 0.0004217 seconds
2021-12-27T09:21:01.319+0800: 168.614: Application time: 0.0001583 seconds
2021-12-27T09:21:01.319+0800: 168.615: Application time: 0.0002829 seconds
2021-12-27T09:21:01.320+0800: 168.615: Application time: 0.0002750 seconds
2021-12-27T09:21:01.320+0800: 168.615: Application time: 0.0001400 seconds
2021-12-27T09:21:01.321+0800: 168.616: Application time: 0.0004287 seconds
2021-12-27T09:21:01.321+0800: 168.616: Application time: 0.0002436 seconds
2021-12-27T09:21:01.321+0800: 168.617: Application time: 0.0001190 seconds
2021-12-27T09:21:01.323+0800: 168.618: Application time: 0.0014634 seconds
2021-12-27T09:21:01.325+0800: 168.621: Application time: 0.0019996 seconds
2021-12-27T09:21:01.326+0800: 168.621: Application time: 0.0003767 seconds
2021-12-27T09:21:01.327+0800: 168.623: Application time: 0.0017243 seconds
2021-12-27T09:21:01.329+0800: 168.624: Application time: 0.0003560 seconds
2021-12-27T09:21:01.329+0800: 168.624: Application time: 0.0001588 seconds
2021-12-27T09:21:01.329+0800: 168.625: Application time: 0.0001321 seconds
2021-12-27T09:21:01.330+0800: 168.625: Application time: 0.0001187 seconds
2021-12-27T09:21:01.330+0800: 168.625: Application time: 0.0001557 seconds
2021-12-27T09:21:01.331+0800: 168.626: Application time: 0.0003390 seconds
2021-12-27T09:21:01.331+0800: 168.626: Application time: 0.0001652 seconds
2021-12-27T09:21:01.332+0800: 168.627: Application time: 0.0002161 seconds
2021-12-27T09:21:01.332+0800: 168.627: Application time: 0.0001692 seconds
2021-12-27T09:21:01.332+0800: 168.628: Application time: 0.0001375 seconds
2021-12-27T09:21:01.336+0800: 168.631: Application time: 0.0029669 seconds
2021-12-27T09:21:01.349+0800: 168.644: Application time: 0.0130232 seconds
2021-12-27T09:21:01.351+0800: 168.646: Application time: 0.0010237 seconds
2021-12-27T09:21:01.351+0800: 168.647: Application time: 0.0008835 seconds
2021-12-27T09:21:01.352+0800: 168.647: Application time: 0.0000897 seconds
2021-12-27T09:21:01.352+0800: 168.647: Application time: 0.0001988 seconds
2021-12-27T09:21:01.354+0800: 168.650: Application time: 0.0003226 seconds
2021-12-27T09:21:01.390+0800: 168.685: Application time: 0.0346833 seconds
2021-12-27T09:21:02.390+0800: 169.685: Application time: 1.0001507 seconds
2021-12-27T09:21:05.392+0800: 172.687: Application time: 3.0014082 seconds
2021-12-27T09:21:06.392+0800: 173.687: Application time: 1.0002124 seconds
2021-12-27T09:21:08.374+0800: 175.693: Application time: 2.0051758 seconds
2021-12-27T09:21:18.384+0800: 185.702: Application time: 10.0096211 seconds
2021-12-27T09:21:28.394+0800: 195.712: Application time: 10.0097423 seconds
2021-12-27T09:21:29.417+0800: 196.735: Application time: 1.0227181 seconds
2021-12-27T09:21:31.343+0800: 198.662: Application time: 1.9265910 seconds
2021-12-27T09:21:32.344+0800: 199.662: Application time: 1.0001661 seconds
2021-12-27T09:21:33.344+0800: 200.664: Application time: 1.0014199 seconds
2021-12-27T09:21:35.169+0800: 202.488: Application time: 1.8234858 seconds
2021-12-27T09:21:36.170+0800: 203.489: Application time: 1.0007545 seconds
2021-12-27T09:21:37.147+0800: 204.489: Application time: 1.0002332 seconds
2021-12-27T09:21:38.148+0800: 205.490: Application time: 1.0008368 seconds
2021-12-27T09:21:48.157+0800: 215.499: Application time: 10.0084341 seconds
2021-12-27T09:21:59.164+0800: 226.506: Application time: 11.0071560 seconds
2021-12-27T09:22:02.165+0800: 229.507: Application time: 3.0007959 seconds
2021-12-27T09:22:05.085+0800: 232.427: Application time: 2.9200152 seconds
2021-12-27T09:22:06.086+0800: 233.427: Application time: 1.0001602 seconds
2021-12-27T09:22:09.064+0800: 236.429: Application time: 3.0015372 seconds
2021-12-27T09:22:19.073+0800: 246.437: Application time: 10.0081544 seconds
2021-12-27T09:22:28.464+0800: 255.829: Application time: 9.3913787 seconds
2021-12-27T09:22:28.469+0800: 255.834: Application time: 0.0051218 seconds
2021-12-27T09:22:29.471+0800: 256.835: Application time: 1.0001979 seconds
2021-12-27T09:22:31.472+0800: 258.837: Application time: 2.0012139 seconds
2021-12-27T09:22:39.456+0800: 266.844: Application time: 8.0075156 seconds
2021-12-27T09:22:46.466+0800: 273.854: Application time: 7.0095464 seconds
2021-12-27T09:22:48.600+0800: 275.988: Application time: 2.1340351 seconds
2021-12-27T09:22:49.604+0800: 276.992: Application time: 1.0035845 seconds
2021-12-27T09:22:55.616+0800: 283.004: Application time: 6.0112913 seconds
2021-12-27T09:22:59.617+0800: 287.005: Application time: 4.0008945 seconds
2021-12-27T09:23:01.618+0800: 289.005: Application time: 2.0002400 seconds
2021-12-27T09:23:05.127+0800: 292.515: Application time: 3.5091656 seconds
2021-12-27T09:23:09.106+0800: 296.517: Application time: 4.0016966 seconds
2021-12-27T09:23:17.112+0800: 304.523: Application time: 8.0055398 seconds
2021-12-27T09:23:19.112+0800: 306.523: Application time: 2.0004699 seconds
2021-12-27T09:23:27.144+0800: 314.555: Application time: 8.0313401 seconds
2021-12-27T09:23:29.146+0800: 316.557: Application time: 2.0012274 seconds
2021-12-27T09:23:30.147+0800: 317.558: Application time: 1.0008511 seconds
2021-12-27T09:23:32.150+0800: 319.561: Application time: 2.0029756 seconds
2021-12-27T09:23:35.158+0800: 322.569: Application time: 3.0076019 seconds
2021-12-27T09:23:39.138+0800: 326.570: Application time: 4.0010168 seconds
2021-12-27T09:23:49.159+0800: 336.591: Application time: 10.0209490 seconds
2021-12-27T09:23:59.173+0800: 346.605: Application time: 10.0135150 seconds
2021-12-27T09:24:02.174+0800: 349.606: Application time: 3.0009346 seconds
2021-12-27T09:24:05.178+0800: 352.610: Application time: 3.0039181 seconds
2021-12-27T09:24:09.157+0800: 356.614: Application time: 4.0041327 seconds
2021-12-27T09:24:11.158+0800: 358.615: Application time: 2.0009232 seconds
2021-12-27T09:24:19.162+0800: 366.619: Application time: 8.0038566 seconds
2021-12-27T09:24:27.173+0800: 374.631: Application time: 8.0110946 seconds
2021-12-27T09:24:29.174+0800: 376.632: Application time: 2.0007925 seconds
2021-12-27T09:24:30.176+0800: 377.633: Application time: 1.0001430 seconds
2021-12-27T09:24:32.176+0800: 379.634: Application time: 2.0003906 seconds
2021-12-27T09:24:39.188+0800: 386.669: Application time: 7.0347044 seconds
2021-12-27T09:24:50.204+0800: 397.684: Application time: 11.0154323 seconds
2021-12-27T09:24:53.215+0800: 400.695: Application time: 3.0108118 seconds
2021-12-27T09:25:00.225+0800: 407.706: Application time: 7.0099849 seconds
2021-12-27T09:25:02.225+0800: 409.706: Application time: 2.0003008 seconds
2021-12-27T09:25:04.226+0800: 411.707: Application time: 2.0003695 seconds
2021-12-27T09:25:05.228+0800: 412.708: Application time: 1.0015840 seconds
2021-12-27T09:25:10.207+0800: 417.711: Application time: 5.0025154 seconds
2021-12-27T09:25:20.216+0800: 427.720: Application time: 10.0089291 seconds
2021-12-27T09:25:30.239+0800: 437.743: Application time: 10.0222262 seconds
2021-12-27T09:25:35.250+0800: 442.754: Application time: 5.0114890 seconds
2021-12-27T09:25:39.470+0800: 446.997: Application time: 4.2425918 seconds
{Heap before GC invocations=84 (full 3):
 par new generation   total 47936K, used 46122K [0x0000000724400000, 0x0000000727800000, 0x00000007390c0000)
  eden space 42624K, 100% used [0x0000000724400000, 0x0000000726da0000, 0x0000000726da0000)
  from space 5312K,  65% used [0x0000000726da0000, 0x000000072710a888, 0x00000007272d0000)
  to   space 5312K,   0% used [0x00000007272d0000, 0x00000007272d0000, 0x0000000727800000)
 concurrent mark-sweep generation total 106496K, used 51601K [0x00000007390c0000, 0x000000073f8c0000, 0x00000007c0000000)
 Metaspace       used 84800K, capacity 89752K, committed 90004K, reserved 1128448K
  class space    used 11093K, capacity 11935K, committed 11996K, reserved 1048576K
2021-12-27T09:25:39.471+0800: 446.998: [GC (Allocation Failure) 2021-12-27T09:25:39.471+0800: 446.998: [ParNew: 46122K->5214K(47936K), 0.0091909 secs] 97723K->56816K(154432K), 0.0099046 secs] [Times: user=0.02 sys=0.00, real=0.01 secs] 
Heap after GC invocations=85 (full 3):
 par new generation   total 47936K, used 5214K [0x0000000724400000, 0x0000000727800000, 0x00000007390c0000)
  eden space 42624K,   0% used [0x0000000724400000, 0x0000000724400000, 0x0000000726da0000)
  from space 5312K,  98% used [0x00000007272d0000, 0x00000007277e7b98, 0x0000000727800000)
  to   space 5312K,   0% used [0x0000000726da0000, 0x0000000726da0000, 0x00000007272d0000)
 concurrent mark-sweep generation total 106496K, used 51601K [0x00000007390c0000, 0x000000073f8c0000, 0x00000007c0000000)
 Metaspace       used 84800K, capacity 89752K, committed 90004K, reserved 1128448K
  class space    used 11093K, capacity 11935K, committed 11996K, reserved 1048576K
}
2021-12-27T09:25:40.483+0800: 448.010: Application time: 1.0009193 seconds
2021-12-27T09:25:50.495+0800: 458.022: Application time: 10.0118863 seconds
2021-12-27T09:26:00.513+0800: 468.040: Application time: 10.0184642 seconds
2021-12-27T09:26:01.517+0800: 469.044: Application time: 1.0032544 seconds
2021-12-27T09:26:05.522+0800: 473.050: Application time: 4.0057043 seconds
2021-12-27T09:26:09.615+0800: 477.166: Application time: 4.1157824 seconds
2021-12-27T09:26:10.619+0800: 478.169: Application time: 1.0024470 seconds
2021-12-27T09:26:20.641+0800: 488.191: Application time: 10.0223480 seconds
2021-12-27T09:26:30.659+0800: 498.210: Application time: 10.0176235 seconds
2021-12-27T09:26:31.661+0800: 499.211: Application time: 1.0009247 seconds
2021-12-27T09:26:35.664+0800: 503.214: Application time: 4.0033456 seconds
2021-12-27T09:26:37.643+0800: 505.217: Application time: 2.0021222 seconds
2021-12-27T09:26:40.649+0800: 508.222: Application time: 3.0053781 seconds
2021-12-27T09:26:50.660+0800: 518.233: Application time: 10.0109908 seconds
2021-12-27T09:27:00.676+0800: 528.249: Application time: 10.0159831 seconds
2021-12-27T09:27:01.676+0800: 529.250: Application time: 1.0001403 seconds
2021-12-27T09:27:05.679+0800: 533.253: Application time: 4.0028763 seconds
2021-12-27T09:27:07.658+0800: 535.255: Application time: 2.0020131 seconds
2021-12-27T09:27:10.665+0800: 538.262: Application time: 3.0058564 seconds
2021-12-27T09:27:20.681+0800: 548.277: Application time: 10.0156137 seconds
2021-12-27T09:27:29.693+0800: 557.289: Application time: 9.0118817 seconds
2021-12-27T09:27:30.693+0800: 558.290: Application time: 1.0002815 seconds
2021-12-27T09:27:31.694+0800: 559.290: Application time: 1.0005256 seconds
2021-12-27T09:27:35.695+0800: 563.291: Application time: 4.0007755 seconds
2021-12-27T09:27:39.990+0800: 567.609: Application time: 4.3177471 seconds
2021-12-27T09:27:50.996+0800: 578.616: Application time: 11.0064505 seconds
2021-12-27T09:28:01.008+0800: 588.627: Application time: 10.0109791 seconds
2021-12-27T09:28:02.008+0800: 589.628: Application time: 1.0003665 seconds
2021-12-27T09:28:05.011+0800: 592.631: Application time: 3.0022250 seconds
2021-12-27T09:28:30.006+0800: 617.649: Application time: 25.0180331 seconds
2021-12-27T09:28:31.006+0800: 618.649: Application time: 1.0002488 seconds
2021-12-27T09:28:32.007+0800: 619.650: Application time: 1.0003313 seconds
2021-12-27T09:28:35.010+0800: 622.653: Application time: 3.0009774 seconds
2021-12-27T09:28:40.989+0800: 628.655: Application time: 6.0016526 seconds
2021-12-27T09:28:50.996+0800: 638.662: Application time: 10.0068155 seconds
2021-12-27T09:29:01.005+0800: 648.671: Application time: 10.0087117 seconds
2021-12-27T09:29:02.005+0800: 649.671: Application time: 1.0001495 seconds
2021-12-27T09:29:05.008+0800: 652.675: Application time: 3.0030905 seconds
2021-12-27T09:29:10.991+0800: 658.680: Application time: 6.0054283 seconds
2021-12-27T09:29:20.426+0800: 668.116: Application time: 9.4354247 seconds
2021-12-27T09:29:31.437+0800: 679.126: Application time: 11.0103727 seconds
2021-12-27T09:29:41.418+0800: 689.130: Application time: 10.0035524 seconds
2021-12-27T09:29:51.421+0800: 699.134: Application time: 10.0035466 seconds
2021-12-27T09:30:01.427+0800: 709.140: Application time: 10.0059074 seconds
2021-12-27T09:30:11.407+0800: 719.143: Application time: 10.0028749 seconds
2021-12-27T09:30:21.414+0800: 729.149: Application time: 10.0064874 seconds
2021-12-27T09:30:29.423+0800: 737.158: Application time: 8.0068579 seconds
2021-12-27T09:30:35.425+0800: 743.161: Application time: 6.0022937 seconds
2021-12-27T09:30:51.416+0800: 759.175: Application time: 16.0137742 seconds
2021-12-27T09:30:57.423+0800: 765.182: Application time: 6.0071804 seconds
2021-12-27T09:31:00.836+0800: 768.595: Application time: 3.4126564 seconds
2021-12-27T09:31:01.837+0800: 769.595: Application time: 1.0002060 seconds
2021-12-27T09:31:21.825+0800: 789.606: Application time: 20.0107938 seconds
2021-12-27T09:31:31.832+0800: 799.614: Application time: 10.0078341 seconds
2021-12-27T09:31:35.840+0800: 803.622: Application time: 4.0078667 seconds
2021-12-27T09:31:41.822+0800: 809.627: Application time: 6.0044959 seconds
2021-12-27T09:32:01.830+0800: 829.635: Application time: 20.0081195 seconds
2021-12-27T09:32:04.832+0800: 832.637: Application time: 3.0013458 seconds
2021-12-27T09:32:05.832+0800: 833.637: Application time: 1.0007228 seconds
2021-12-27T09:32:11.816+0800: 839.645: Application time: 6.0069570 seconds
2021-12-27T09:32:21.824+0800: 849.652: Application time: 10.0055680 seconds
2021-12-27T09:32:29.831+0800: 857.659: Application time: 8.0072400 seconds
2021-12-27T09:32:31.833+0800: 859.661: Application time: 2.0015145 seconds
2021-12-27T09:32:34.738+0800: 862.566: Application time: 2.9050253 seconds
2021-12-27T09:32:34.815+0800: 862.644: Application time: 0.0771683 seconds
2021-12-27T09:32:51.804+0800: 879.655: Application time: 17.0113821 seconds
2021-12-27T09:33:01.007+0800: 888.858: Application time: 9.2026357 seconds
2021-12-27T09:33:01.007+0800: 888.858: Application time: 0.0000532 seconds
2021-12-27T09:33:01.007+0800: 888.858: Application time: 0.0000758 seconds
2021-12-27T09:33:01.007+0800: 888.859: Application time: 0.0000945 seconds
2021-12-27T09:33:01.008+0800: 888.859: Application time: 0.0000649 seconds
2021-12-27T09:33:01.008+0800: 888.859: Application time: 0.0000790 seconds
2021-12-27T09:33:01.008+0800: 888.860: Application time: 0.0002126 seconds
2021-12-27T09:33:02.009+0800: 889.860: Application time: 1.0001710 seconds
2021-12-27T09:33:05.011+0800: 892.862: Application time: 3.0009546 seconds
2021-12-27T09:33:12.061+0800: 899.869: Application time: 7.0068692 seconds
2021-12-27T09:33:22.069+0800: 909.877: Application time: 10.0080826 seconds
2021-12-27T09:33:31.047+0800: 918.855: Application time: 8.9764582 seconds
2021-12-27T09:33:31.112+0800: 918.920: Application time: 0.0570528 seconds
2021-12-27T09:33:32.116+0800: 919.924: Application time: 1.0031258 seconds
2021-12-27T09:33:35.117+0800: 922.925: Application time: 3.0011485 seconds
2021-12-27T09:33:42.125+0800: 929.956: Application time: 7.0303628 seconds
2021-12-27T09:33:52.134+0800: 939.965: Application time: 10.0091072 seconds
2021-12-27T09:34:01.097+0800: 948.929: Application time: 8.9622970 seconds
2021-12-27T09:34:01.106+0800: 948.937: Application time: 0.0017983 seconds
2021-12-27T09:34:02.157+0800: 949.988: Application time: 1.0507212 seconds
2021-12-27T09:34:03.159+0800: 950.991: Application time: 1.0011476 seconds
2021-12-27T09:34:13.139+0800: 961.002: Application time: 10.0108155 seconds
2021-12-27T09:34:31.078+0800: 978.941: Application time: 17.9242054 seconds
2021-12-27T09:34:31.079+0800: 978.942: Application time: 0.0002740 seconds
2021-12-27T09:34:31.081+0800: 978.944: Application time: 0.0013317 seconds
2021-12-27T09:34:31.084+0800: 978.946: Application time: 0.0014576 seconds
2021-12-27T09:34:31.093+0800: 978.955: Application time: 0.0067164 seconds
2021-12-27T09:34:31.094+0800: 978.956: Application time: 0.0006691 seconds
2021-12-27T09:34:33.102+0800: 980.964: Application time: 2.0009029 seconds
2021-12-27T09:34:35.103+0800: 982.966: Application time: 2.0013315 seconds
2021-12-27T09:34:36.114+0800: 983.976: Application time: 1.0103673 seconds
2021-12-27T09:35:01.148+0800: 1009.025: Application time: 25.0488728 seconds
2021-12-27T09:35:01.149+0800: 1009.026: Application time: 0.0002023 seconds
2021-12-27T09:35:03.149+0800: 1011.026: Application time: 2.0005608 seconds
2021-12-27T09:35:06.161+0800: 1014.038: Application time: 3.0115251 seconds
2021-12-27T09:35:13.143+0800: 1021.044: Application time: 7.0054874 seconds
2021-12-27T09:35:14.146+0800: 1022.047: Application time: 1.0008249 seconds
2021-12-27T09:35:34.168+0800: 1042.068: Application time: 20.0213616 seconds
2021-12-27T09:35:34.856+0800: 1042.756: Application time: 0.6784165 seconds
2021-12-27T09:35:43.838+0800: 1051.762: Application time: 9.0046450 seconds
2021-12-27T09:35:54.973+0800: 1062.897: Application time: 11.0074367 seconds
2021-12-27T09:36:00.993+0800: 1068.917: Application time: 6.0191306 seconds
2021-12-27T09:36:14.977+0800: 1082.924: Application time: 14.0071267 seconds
2021-12-27T09:36:16.978+0800: 1084.925: Application time: 2.0005176 seconds
2021-12-27T09:36:24.980+0800: 1092.928: Application time: 8.0026318 seconds
2021-12-27T09:36:28.981+0800: 1096.929: Application time: 4.0008499 seconds
2021-12-27T09:36:31.982+0800: 1099.930: Application time: 3.0008330 seconds
2021-12-27T09:36:34.984+0800: 1102.931: Application time: 3.0012014 seconds
2021-12-27T09:36:44.964+0800: 1112.934: Application time: 10.0027060 seconds
2021-12-27T09:36:54.968+0800: 1122.938: Application time: 10.0051281 seconds
2021-12-27T09:37:04.747+0800: 1132.717: Application time: 9.7773501 seconds
2021-12-27T09:37:14.728+0800: 1142.721: Application time: 10.0022187 seconds
2021-12-27T09:37:25.085+0800: 1153.078: Application time: 10.3567011 seconds
2021-12-27T09:37:25.087+0800: 1153.081: Application time: 0.0025613 seconds
2021-12-27T09:37:26.088+0800: 1154.081: Application time: 1.0004415 seconds
2021-12-27T09:37:31.090+0800: 1159.083: Application time: 5.0010704 seconds
2021-12-27T09:37:36.092+0800: 1164.085: Application time: 5.0015372 seconds
2021-12-27T09:37:45.147+0800: 1173.164: Application time: 9.0785791 seconds
2021-12-27T09:38:01.155+0800: 1189.171: Application time: 16.0073281 seconds
2021-12-27T09:38:05.156+0800: 1193.172: Application time: 4.0010969 seconds
2021-12-27T09:38:06.156+0800: 1194.173: Application time: 1.0001258 seconds
2021-12-27T09:38:26.141+0800: 1214.181: Application time: 20.0084260 seconds
2021-12-27T09:38:29.143+0800: 1217.183: Application time: 3.0014938 seconds
2021-12-27T09:38:31.018+0800: 1219.058: Application time: 1.8735278 seconds
2021-12-27T09:38:32.018+0800: 1220.058: Application time: 1.0003421 seconds
2021-12-27T09:38:35.363+0800: 1223.403: Application time: 3.3445083 seconds
2021-12-27T09:38:36.057+0800: 1224.097: Application time: 0.6936248 seconds
2021-12-27T09:38:46.039+0800: 1234.102: Application time: 10.0050591 seconds
2021-12-27T09:38:56.042+0800: 1244.105: Application time: 10.0024143 seconds
2021-12-27T09:39:00.948+0800: 1249.011: Application time: 4.9067233 seconds
2021-12-27T09:39:00.949+0800: 1249.012: Application time: 0.0001161 seconds
2021-12-27T09:39:00.949+0800: 1249.012: Application time: 0.0002005 seconds
2021-12-27T09:39:00.949+0800: 1249.012: Application time: 0.0000818 seconds
2021-12-27T09:39:00.950+0800: 1249.013: Application time: 0.0000672 seconds
2021-12-27T09:39:00.950+0800: 1249.013: Application time: 0.0001700 seconds
2021-12-27T09:39:01.036+0800: 1249.099: Application time: 0.0861662 seconds
2021-12-27T09:39:06.038+0800: 1254.101: Application time: 5.0030519 seconds
2021-12-27T09:39:06.040+0800: 1254.103: Application time: 0.0001406 seconds
2021-12-27T09:39:10.018+0800: 1258.104: Application time: 4.0008589 seconds
2021-12-27T09:39:11.018+0800: 1259.104: Application time: 1.0002442 seconds
2021-12-27T09:39:16.021+0800: 1264.107: Application time: 5.0027095 seconds
2021-12-27T09:39:26.023+0800: 1274.110: Application time: 10.0024699 seconds
2021-12-27T09:39:31.020+0800: 1279.106: Application time: 4.9959191 seconds
2021-12-27T09:39:35.021+0800: 1283.107: Application time: 4.0008587 seconds
2021-12-27T09:39:36.022+0800: 1284.109: Application time: 1.0016317 seconds
2021-12-27T09:40:01.002+0800: 1309.111: Application time: 25.0021460 seconds
2021-12-27T09:40:04.786+0800: 1312.895: Application time: 3.7833394 seconds
2021-12-27T09:40:05.787+0800: 1313.895: Application time: 1.0002418 seconds
2021-12-27T09:40:06.006+0800: 1314.114: Application time: 0.2187949 seconds
2021-12-27T09:40:28.993+0800: 1337.126: Application time: 23.0112120 seconds
2021-12-27T09:40:30.984+0800: 1339.116: Application time: 1.9896182 seconds
2021-12-27T09:40:31.984+0800: 1340.117: Application time: 1.0002961 seconds
2021-12-27T09:40:35.987+0800: 1344.120: Application time: 4.0027652 seconds
2021-12-27T09:40:56.034+0800: 1364.130: Application time: 20.0099032 seconds
2021-12-27T09:41:01.027+0800: 1369.123: Application time: 4.9927777 seconds
2021-12-27T09:41:06.031+0800: 1374.126: Application time: 5.0035901 seconds
2021-12-27T09:41:17.011+0800: 1385.129: Application time: 11.0023576 seconds
2021-12-27T09:41:27.015+0800: 1395.133: Application time: 10.0042532 seconds
2021-12-27T09:41:29.016+0800: 1397.134: Application time: 2.0004939 seconds
2021-12-27T09:41:31.011+0800: 1399.129: Application time: 1.9943168 seconds
2021-12-27T09:41:35.012+0800: 1403.130: Application time: 4.0012687 seconds
2021-12-27T09:41:36.013+0800: 1404.131: Application time: 1.0010753 seconds
2021-12-27T09:41:36.378+0800: 1404.519: Application time: 0.3876094 seconds
2021-12-27T09:41:37.380+0800: 1405.521: Application time: 1.0027639 seconds
2021-12-27T09:41:46.385+0800: 1414.526: Application time: 9.0035014 seconds
2021-12-27T09:41:57.389+0800: 1425.530: Application time: 11.0040262 seconds
2021-12-27T09:42:00.992+0800: 1429.133: Application time: 3.6025475 seconds
2021-12-27T09:42:05.996+0800: 1434.137: Application time: 5.0038983 seconds
2021-12-27T09:42:06.974+0800: 1435.137: Application time: 1.0004223 seconds
2021-12-27T09:42:16.980+0800: 1445.143: Application time: 10.0050772 seconds
2021-12-27T09:42:26.989+0800: 1455.152: Application time: 10.0092327 seconds
2021-12-27T09:42:30.978+0800: 1459.141: Application time: 3.9884848 seconds
2021-12-27T09:42:34.981+0800: 1463.144: Application time: 4.0029521 seconds
2021-12-27T09:42:35.979+0800: 1464.142: Application time: 0.9975425 seconds
2021-12-27T09:42:36.957+0800: 1465.143: Application time: 1.0008214 seconds
2021-12-27T09:42:46.960+0800: 1475.146: Application time: 10.0032010 seconds
2021-12-27T09:42:56.967+0800: 1485.152: Application time: 10.0059763 seconds
2021-12-27T09:43:00.959+0800: 1489.145: Application time: 3.9903079 seconds
2021-12-27T09:43:04.962+0800: 1493.147: Application time: 4.0023508 seconds
2021-12-27T09:43:05.963+0800: 1494.149: Application time: 1.0010556 seconds
2021-12-27T09:43:06.707+0800: 1494.915: Application time: 0.7660727 seconds
2021-12-27T09:43:07.708+0800: 1495.916: Application time: 1.0003947 seconds
2021-12-27T09:43:17.713+0800: 1505.921: Application time: 10.0049742 seconds
2021-12-27T09:43:27.716+0800: 1515.924: Application time: 10.0027305 seconds
2021-12-27T09:43:28.716+0800: 1516.924: Application time: 1.0005518 seconds
2021-12-27T09:43:30.943+0800: 1519.151: Application time: 2.2263391 seconds
2021-12-27T09:43:35.951+0800: 1524.159: Application time: 5.0083550 seconds
2021-12-27T09:43:36.939+0800: 1525.160: Application time: 1.0003287 seconds
2021-12-27T09:43:46.944+0800: 1535.164: Application time: 10.0044330 seconds
2021-12-27T09:43:56.947+0800: 1545.167: Application time: 10.0027774 seconds
2021-12-27T09:44:00.872+0800: 1549.093: Application time: 3.9269966 seconds
2021-12-27T09:44:00.874+0800: 1549.095: Application time: 0.0001416 seconds
2021-12-27T09:44:00.874+0800: 1549.095: Application time: 0.0002167 seconds
2021-12-27T09:44:00.875+0800: 1549.095: Application time: 0.0001253 seconds
2021-12-27T09:44:00.875+0800: 1549.095: Application time: 0.0001721 seconds
2021-12-27T09:44:00.875+0800: 1549.096: Application time: 0.0002794 seconds
2021-12-27T09:44:00.944+0800: 1549.165: Application time: 0.0690664 seconds
2021-12-27T09:44:28.942+0800: 1577.184: Application time: 28.0184581 seconds
2021-12-27T09:44:30.861+0800: 1579.102: Application time: 1.9186400 seconds
2021-12-27T09:44:30.861+0800: 1579.102: Application time: 0.0000600 seconds
2021-12-27T09:44:30.861+0800: 1579.103: Application time: 0.0000562 seconds
2021-12-27T09:44:30.861+0800: 1579.103: Application time: 0.0001100 seconds
2021-12-27T09:44:30.861+0800: 1579.103: Application time: 0.0000399 seconds
2021-12-27T09:44:30.862+0800: 1579.103: Application time: 0.0000437 seconds
2021-12-27T09:44:30.863+0800: 1579.104: Application time: 0.0001433 seconds
2021-12-27T09:44:30.924+0800: 1579.165: Application time: 0.0610937 seconds
2021-12-27T09:44:34.925+0800: 1583.167: Application time: 4.0010281 seconds
2021-12-27T09:44:37.098+0800: 1585.362: Application time: 2.1954981 seconds
2021-12-27T09:44:58.114+0800: 1606.378: Application time: 21.0153253 seconds
2021-12-27T09:45:00.847+0800: 1609.111: Application time: 2.7328704 seconds
2021-12-27T09:45:00.908+0800: 1609.172: Application time: 0.0613804 seconds
2021-12-27T09:45:04.911+0800: 1613.175: Application time: 4.0021935 seconds
2021-12-27T09:45:05.852+0800: 1614.116: Application time: 0.9403078 seconds
2021-12-27T09:45:17.835+0800: 1626.122: Application time: 12.0063154 seconds
2021-12-27T09:45:27.841+0800: 1636.128: Application time: 10.0057231 seconds
2021-12-27T09:45:30.831+0800: 1639.118: Application time: 2.9895774 seconds
2021-12-27T09:45:30.892+0800: 1639.178: Application time: 0.0604158 seconds
2021-12-27T09:45:31.892+0800: 1640.179: Application time: 1.0022016 seconds
2021-12-27T09:45:34.896+0800: 1643.182: Application time: 3.0007786 seconds
2021-12-27T09:45:35.896+0800: 1644.182: Application time: 1.0000571 seconds
2021-12-27T09:45:37.874+0800: 1646.183: Application time: 2.0004660 seconds
2021-12-27T09:45:57.885+0800: 1666.194: Application time: 20.0108130 seconds
2021-12-27T09:46:00.886+0800: 1669.195: Application time: 3.0012236 seconds
2021-12-27T09:46:07.453+0800: 1675.784: Application time: 6.5889308 seconds
2021-12-27T09:46:29.463+0800: 1697.794: Application time: 22.0096439 seconds
2021-12-27T09:46:30.798+0800: 1699.129: Application time: 1.3346227 seconds
2021-12-27T09:46:30.860+0800: 1699.192: Application time: 0.0626194 seconds
2021-12-27T09:46:34.862+0800: 1703.193: Application time: 4.0010439 seconds
2021-12-27T09:46:57.848+0800: 1726.202: Application time: 23.0084421 seconds
2021-12-27T09:47:00.783+0800: 1729.137: Application time: 2.9350181 seconds
2021-12-27T09:47:00.857+0800: 1729.212: Application time: 0.0742849 seconds
