OpenJDK 64-Bit Server VM (25.212-b04) for linux-amd64 JRE (1.8.0_212-b04), built on May  4 2019 17:56:12 by "buildozer" with gcc 8.3.0
Memory: 4k page, physical 10203724k(8513608k free), swap 1048572k(1048572k free)
CommandLine flags: -XX:+CMSClassUnloadingEnabled -XX:CMSFullGCsBeforeCompaction=9 -XX:CMSInitiatingOccupancyFraction=60 -XX:+CMSParallelRemarkEnabled -XX:+DisableExplicitGC -XX:+ExplicitGCInvokesConcurrent -XX:GCLogFileSize=5242880 -XX:+HeapDumpOnOutOfMemoryError -XX:HeapDumpPath=/opt/logs/100003172/HeapDumpOnOutOfMemoryError/ -XX:InitialHeapSize=163259584 -XX:MaxHeapSize=2612153344 -XX:MaxNewSize=348966912 -XX:MaxTenuringThreshold=9 -XX:NumberOfGCLogFiles=5 -XX:OldPLABSize=16 -XX:-OmitStackTraceInFastThrow -XX:ParallelGCThreads=4 -XX:+PrintGC -XX:+PrintGCApplicationConcurrentTime -XX:+PrintGCDateStamps -XX:+PrintGCDetails -XX:+PrintGCTimeStamps -XX:+PrintHeapAtGC -XX:+ScavengeBeforeFullGC -XX:SoftRefLRUPolicyMSPerMB=0 -XX:+UseCMSCompactAtFullCollection -XX:+UseCMSInitiatingOccupancyOnly -XX:+UseCompressedClassPointers -XX:+UseCompressedOops -XX:+UseConcMarkSweepGC -XX:+UseGCLogFileRotation -XX:+UseParNewGC 
2021-12-27T09:18:14.588+0800: 1.359: Application time: 0.6826098 seconds
2021-12-27T09:18:15.592+0800: 2.363: Application time: 1.0004160 seconds
2021-12-27T09:18:16.619+0800: 3.390: Application time: 1.0002280 seconds
2021-12-27T09:18:17.626+0800: 4.397: Application time: 1.0054229 seconds
2021-12-27T09:18:18.139+0800: 4.910: Application time: 0.4867846 seconds
2021-12-27T09:18:19.205+0800: 5.977: Application time: 1.0014798 seconds
2021-12-27T09:18:20.285+0800: 7.056: Application time: 1.0004907 seconds
2021-12-27T09:18:21.353+0800: 8.125: Application time: 1.0001464 seconds
2021-12-27T09:18:22.087+0800: 8.858: Application time: 0.7333443 seconds
{Heap before GC invocations=0 (full 0):
 par new generation   total 47936K, used 42624K [0x0000000724400000, 0x0000000727800000, 0x00000007390c0000)
  eden space 42624K, 100% used [0x0000000724400000, 0x0000000726da0000, 0x0000000726da0000)
  from space 5312K,   0% used [0x0000000726da0000, 0x0000000726da0000, 0x00000007272d0000)
  to   space 5312K,   0% used [0x00000007272d0000, 0x00000007272d0000, 0x0000000727800000)
 concurrent mark-sweep generation total 106496K, used 0K [0x00000007390c0000, 0x000000073f8c0000, 0x00000007c0000000)
 Metaspace       used 6457K, capacity 6626K, committed 6912K, reserved 1056768K
  class space    used 605K, capacity 697K, committed 768K, reserved 1048576K
2021-12-27T09:18:22.088+0800: 8.859: [GC (Allocation Failure) 2021-12-27T09:18:22.088+0800: 8.860: [ParNew: 42624K->3469K(47936K), 0.0712799 secs] 42624K->3469K(154432K), 0.0837260 secs] [Times: user=0.01 sys=0.00, real=0.08 secs] 
Heap after GC invocations=1 (full 0):
 par new generation   total 47936K, used 3469K [0x0000000724400000, 0x0000000727800000, 0x00000007390c0000)
  eden space 42624K,   0% used [0x0000000724400000, 0x0000000724400000, 0x0000000726da0000)
  from space 5312K,  65% used [0x00000007272d0000, 0x00000007276334e8, 0x0000000727800000)
  to   space 5312K,   0% used [0x0000000726da0000, 0x0000000726da0000, 0x00000007272d0000)
 concurrent mark-sweep generation total 106496K, used 0K [0x00000007390c0000, 0x000000073f8c0000, 0x00000007c0000000)
 Metaspace       used 6457K, capacity 6626K, committed 6912K, reserved 1056768K
  class space    used 605K, capacity 697K, committed 768K, reserved 1048576K
}
2021-12-27T09:18:22.179+0800: 8.951: Application time: 0.0042713 seconds
2021-12-27T09:18:22.182+0800: 8.953: Application time: 0.0019398 seconds
2021-12-27T09:18:22.183+0800: 8.954: Application time: 0.0009746 seconds
2021-12-27T09:18:22.193+0800: 8.964: Application time: 0.0008156 seconds
2021-12-27T09:18:22.194+0800: 8.965: Application time: 0.0049356 seconds
2021-12-27T09:18:22.202+0800: 8.974: Application time: 0.0022543 seconds
2021-12-27T09:18:22.207+0800: 8.979: Application time: 0.0016562 seconds
2021-12-27T09:18:22.210+0800: 8.982: Application time: 0.0013005 seconds
2021-12-27T09:18:22.212+0800: 8.984: Application time: 0.0015068 seconds
2021-12-27T09:18:22.214+0800: 8.986: Application time: 0.0012245 seconds
2021-12-27T09:18:22.240+0800: 9.011: Application time: 0.0046064 seconds
2021-12-27T09:18:22.252+0800: 9.023: Application time: 0.0042578 seconds
2021-12-27T09:18:22.261+0800: 9.032: Application time: 0.0001354 seconds
2021-12-27T09:18:22.265+0800: 9.037: Application time: 0.0008068 seconds
2021-12-27T09:18:22.275+0800: 9.046: Application time: 0.0068291 seconds
2021-12-27T09:18:22.283+0800: 9.054: Application time: 0.0067879 seconds
2021-12-27T09:18:22.290+0800: 9.062: Application time: 0.0054704 seconds
2021-12-27T09:18:22.293+0800: 9.064: Application time: 0.0023029 seconds
2021-12-27T09:18:22.298+0800: 9.069: Application time: 0.0052278 seconds
2021-12-27T09:18:22.306+0800: 9.077: Application time: 0.0025157 seconds
2021-12-27T09:18:22.313+0800: 9.084: Application time: 0.0045386 seconds
2021-12-27T09:18:22.322+0800: 9.094: Application time: 0.0027668 seconds
2021-12-27T09:18:22.327+0800: 9.103: Application time: 0.0049007 seconds
2021-12-27T09:18:22.334+0800: 9.105: Application time: 0.0001230 seconds
2021-12-27T09:18:22.338+0800: 9.109: Application time: 0.0001235 seconds
2021-12-27T09:18:22.904+0800: 9.676: Application time: 0.5647455 seconds
2021-12-27T09:18:23.917+0800: 10.689: Application time: 1.0084066 seconds
2021-12-27T09:18:24.944+0800: 11.716: Application time: 1.0002058 seconds
2021-12-27T09:18:25.034+0800: 11.805: Application time: 0.0323460 seconds
{Heap before GC invocations=1 (full 0):
 par new generation   total 47936K, used 46093K [0x0000000724400000, 0x0000000727800000, 0x00000007390c0000)
  eden space 42624K, 100% used [0x0000000724400000, 0x0000000726da0000, 0x0000000726da0000)
  from space 5312K,  65% used [0x00000007272d0000, 0x00000007276334e8, 0x0000000727800000)
  to   space 5312K,   0% used [0x0000000726da0000, 0x0000000726da0000, 0x00000007272d0000)
 concurrent mark-sweep generation total 106496K, used 0K [0x00000007390c0000, 0x000000073f8c0000, 0x00000007c0000000)
 Metaspace       used 8177K, capacity 8458K, committed 8704K, reserved 1056768K
  class space    used 820K, capacity 921K, committed 1024K, reserved 1048576K
2021-12-27T09:18:25.035+0800: 11.806: [GC (Allocation Failure) 2021-12-27T09:18:25.035+0800: 11.806: [ParNew: 46093K->2727K(47936K), 0.1039457 secs] 46093K->4848K(154432K), 0.1050481 secs] [Times: user=0.02 sys=0.01, real=0.11 secs] 
Heap after GC invocations=2 (full 0):
 par new generation   total 47936K, used 2727K [0x0000000724400000, 0x0000000727800000, 0x00000007390c0000)
  eden space 42624K,   0% used [0x0000000724400000, 0x0000000724400000, 0x0000000726da0000)
  from space 5312K,  51% used [0x0000000726da0000, 0x0000000727049c48, 0x00000007272d0000)
  to   space 5312K,   0% used [0x00000007272d0000, 0x00000007272d0000, 0x0000000727800000)
 concurrent mark-sweep generation total 106496K, used 2121K [0x00000007390c0000, 0x000000073f8c0000, 0x00000007c0000000)
 Metaspace       used 8177K, capacity 8458K, committed 8704K, reserved 1056768K
  class space    used 820K, capacity 921K, committed 1024K, reserved 1048576K
}
2021-12-27T09:18:25.143+0800: 11.914: Application time: 0.0011473 seconds
2021-12-27T09:18:25.169+0800: 11.940: Application time: 0.0007538 seconds
2021-12-27T09:18:25.171+0800: 11.942: Application time: 0.0019307 seconds
2021-12-27T09:18:25.190+0800: 11.961: Application time: 0.0016400 seconds
2021-12-27T09:18:25.204+0800: 11.976: Application time: 0.0006399 seconds
2021-12-27T09:18:25.222+0800: 11.993: Application time: 0.0019635 seconds
2021-12-27T09:18:25.234+0800: 12.006: Application time: 0.0081172 seconds
2021-12-27T09:18:25.265+0800: 12.036: Application time: 0.0004733 seconds
2021-12-27T09:18:25.265+0800: 12.036: Application time: 0.0001393 seconds
2021-12-27T09:18:25.271+0800: 12.042: Application time: 0.0019465 seconds
2021-12-27T09:18:25.300+0800: 12.071: Application time: 0.0016355 seconds
2021-12-27T09:18:25.325+0800: 12.096: Application time: 0.0003184 seconds
2021-12-27T09:18:25.325+0800: 12.097: Application time: 0.0002126 seconds
2021-12-27T09:18:25.327+0800: 12.099: Application time: 0.0016931 seconds
2021-12-27T09:18:25.329+0800: 12.100: Application time: 0.0013614 seconds
2021-12-27T09:18:25.332+0800: 12.103: Application time: 0.0013465 seconds
2021-12-27T09:18:25.335+0800: 12.106: Application time: 0.0026706 seconds
2021-12-27T09:18:25.346+0800: 12.118: Application time: 0.0100707 seconds
2021-12-27T09:18:25.391+0800: 12.164: Application time: 0.0031452 seconds
2021-12-27T09:18:25.421+0800: 12.192: Application time: 0.0031478 seconds
2021-12-27T09:18:25.811+0800: 12.582: Application time: 0.3706520 seconds
2021-12-27T09:18:26.353+0800: 13.124: Application time: 0.5420873 seconds
2021-12-27T09:18:27.304+0800: 14.076: Application time: 0.9509857 seconds
{Heap before GC invocations=2 (full 0):
 par new generation   total 47936K, used 45351K [0x0000000724400000, 0x0000000727800000, 0x00000007390c0000)
  eden space 42624K, 100% used [0x0000000724400000, 0x0000000726da0000, 0x0000000726da0000)
  from space 5312K,  51% used [0x0000000726da0000, 0x0000000727049c48, 0x00000007272d0000)
  to   space 5312K,   0% used [0x00000007272d0000, 0x00000007272d0000, 0x0000000727800000)
 concurrent mark-sweep generation total 106496K, used 2121K [0x00000007390c0000, 0x000000073f8c0000, 0x00000007c0000000)
 Metaspace       used 9848K, capacity 10090K, committed 10112K, reserved 1058816K
  class space    used 1041K, capacity 1145K, committed 1152K, reserved 1048576K
2021-12-27T09:18:27.306+0800: 14.077: [GC (Allocation Failure) 2021-12-27T09:18:27.306+0800: 14.077: [ParNew: 45351K->1796K(47936K), 0.0497273 secs] 47472K->3918K(154432K), 0.0533014 secs] [Times: user=0.00 sys=0.00, real=0.06 secs] 
Heap after GC invocations=3 (full 0):
 par new generation   total 47936K, used 1796K [0x0000000724400000, 0x0000000727800000, 0x00000007390c0000)
  eden space 42624K,   0% used [0x0000000724400000, 0x0000000724400000, 0x0000000726da0000)
  from space 5312K,  33% used [0x00000007272d0000, 0x00000007274911a8, 0x0000000727800000)
  to   space 5312K,   0% used [0x0000000726da0000, 0x0000000726da0000, 0x00000007272d0000)
 concurrent mark-sweep generation total 106496K, used 2121K [0x00000007390c0000, 0x000000073f8c0000, 0x00000007c0000000)
 Metaspace       used 9848K, capacity 10090K, committed 10112K, reserved 1058816K
  class space    used 1041K, capacity 1145K, committed 1152K, reserved 1048576K
}
2021-12-27T09:18:27.366+0800: 14.137: Application time: 0.0050139 seconds
2021-12-27T09:18:27.389+0800: 14.161: Application time: 0.0002582 seconds
2021-12-27T09:18:28.390+0800: 15.161: Application time: 1.0002363 seconds
2021-12-27T09:18:29.394+0800: 16.165: Application time: 1.0036837 seconds
2021-12-27T09:18:29.767+0800: 16.542: Application time: 0.3768554 seconds
{Heap before GC invocations=3 (full 0):
 par new generation   total 47936K, used 44420K [0x0000000724400000, 0x0000000727800000, 0x00000007390c0000)
  eden space 42624K, 100% used [0x0000000724400000, 0x0000000726da0000, 0x0000000726da0000)
  from space 5312K,  33% used [0x00000007272d0000, 0x00000007274911a8, 0x0000000727800000)
  to   space 5312K,   0% used [0x0000000726da0000, 0x0000000726da0000, 0x00000007272d0000)
 concurrent mark-sweep generation total 106496K, used 2121K [0x00000007390c0000, 0x000000073f8c0000, 0x00000007c0000000)
 Metaspace       used 11576K, capacity 11892K, committed 12160K, reserved 1060864K
  class space    used 1253K, capacity 1341K, committed 1408K, reserved 1048576K
2021-12-27T09:18:29.771+0800: 16.542: [GC (Allocation Failure) 2021-12-27T09:18:29.772+0800: 16.543: [ParNew: 44420K->2208K(47936K), 0.0479616 secs] 46542K->4330K(154432K), 0.0557330 secs] [Times: user=0.00 sys=0.00, real=0.06 secs] 
Heap after GC invocations=4 (full 0):
 par new generation   total 47936K, used 2208K [0x0000000724400000, 0x0000000727800000, 0x00000007390c0000)
  eden space 42624K,   0% used [0x0000000724400000, 0x0000000724400000, 0x0000000726da0000)
  from space 5312K,  41% used [0x0000000726da0000, 0x0000000726fc82e0, 0x00000007272d0000)
  to   space 5312K,   0% used [0x00000007272d0000, 0x00000007272d0000, 0x0000000727800000)
 concurrent mark-sweep generation total 106496K, used 2121K [0x00000007390c0000, 0x000000073f8c0000, 0x00000007c0000000)
 Metaspace       used 11576K, capacity 11892K, committed 12160K, reserved 1060864K
  class space    used 1253K, capacity 1341K, committed 1408K, reserved 1048576K
}
2021-12-27T09:18:30.844+0800: 17.615: Application time: 1.0162756 seconds
2021-12-27T09:18:31.501+0800: 18.273: Application time: 0.6566087 seconds
{Heap before GC invocations=4 (full 0):
 par new generation   total 47936K, used 44832K [0x0000000724400000, 0x0000000727800000, 0x00000007390c0000)
  eden space 42624K, 100% used [0x0000000724400000, 0x0000000726da0000, 0x0000000726da0000)
  from space 5312K,  41% used [0x0000000726da0000, 0x0000000726fc82e0, 0x00000007272d0000)
  to   space 5312K,   0% used [0x00000007272d0000, 0x00000007272d0000, 0x0000000727800000)
 concurrent mark-sweep generation total 106496K, used 2121K [0x00000007390c0000, 0x000000073f8c0000, 0x00000007c0000000)
 Metaspace       used 12787K, capacity 13126K, committed 13312K, reserved 1060864K
  class space    used 1408K, capacity 1520K, committed 1536K, reserved 1048576K
2021-12-27T09:18:31.507+0800: 18.278: [GC (Allocation Failure) 2021-12-27T09:18:31.512+0800: 18.283: [ParNew: 44832K->3245K(47936K), 0.1280349 secs] 46954K->5367K(154432K), 0.1454496 secs] [Times: user=0.02 sys=0.00, real=0.14 secs] 
Heap after GC invocations=5 (full 0):
 par new generation   total 47936K, used 3245K [0x0000000724400000, 0x0000000727800000, 0x00000007390c0000)
  eden space 42624K,   0% used [0x0000000724400000, 0x0000000724400000, 0x0000000726da0000)
  from space 5312K,  61% used [0x00000007272d0000, 0x00000007275fb7c0, 0x0000000727800000)
  to   space 5312K,   0% used [0x0000000726da0000, 0x0000000726da0000, 0x00000007272d0000)
 concurrent mark-sweep generation total 106496K, used 2121K [0x00000007390c0000, 0x000000073f8c0000, 0x00000007c0000000)
 Metaspace       used 12787K, capacity 13126K, committed 13312K, reserved 1060864K
  class space    used 1408K, capacity 1520K, committed 1536K, reserved 1048576K
}
2021-12-27T09:18:32.657+0800: 19.429: Application time: 1.0037117 seconds
2021-12-27T09:18:33.158+0800: 19.929: Application time: 0.4965356 seconds
{Heap before GC invocations=5 (full 0):
 par new generation   total 47936K, used 45869K [0x0000000724400000, 0x0000000727800000, 0x00000007390c0000)
  eden space 42624K, 100% used [0x0000000724400000, 0x0000000726da0000, 0x0000000726da0000)
  from space 5312K,  61% used [0x00000007272d0000, 0x00000007275fb7c0, 0x0000000727800000)
  to   space 5312K,   0% used [0x0000000726da0000, 0x0000000726da0000, 0x00000007272d0000)
 concurrent mark-sweep generation total 106496K, used 2121K [0x00000007390c0000, 0x000000073f8c0000, 0x00000007c0000000)
 Metaspace       used 13499K, capacity 13862K, committed 13952K, reserved 1060864K
  class space    used 1515K, capacity 1634K, committed 1664K, reserved 1048576K
2021-12-27T09:18:33.159+0800: 19.930: [GC (Allocation Failure) 2021-12-27T09:18:33.160+0800: 19.931: [ParNew: 45869K->3164K(47936K), 0.1157280 secs] 47991K->5607K(154432K), 0.1247648 secs] [Times: user=0.02 sys=0.01, real=0.12 secs] 
Heap after GC invocations=6 (full 0):
 par new generation   total 47936K, used 3164K [0x0000000724400000, 0x0000000727800000, 0x00000007390c0000)
  eden space 42624K,   0% used [0x0000000724400000, 0x0000000724400000, 0x0000000726da0000)
  from space 5312K,  59% used [0x0000000726da0000, 0x00000007270b7298, 0x00000007272d0000)
  to   space 5312K,   0% used [0x00000007272d0000, 0x00000007272d0000, 0x0000000727800000)
 concurrent mark-sweep generation total 106496K, used 2442K [0x00000007390c0000, 0x000000073f8c0000, 0x00000007c0000000)
 Metaspace       used 13499K, capacity 13862K, committed 13952K, reserved 1060864K
  class space    used 1515K, capacity 1634K, committed 1664K, reserved 1048576K
}
2021-12-27T09:18:33.294+0800: 20.065: Application time: 0.0090707 seconds
2021-12-27T09:18:34.301+0800: 21.072: Application time: 1.0008472 seconds
2021-12-27T09:18:34.813+0800: 21.584: Application time: 0.5119692 seconds
{Heap before GC invocations=6 (full 0):
 par new generation   total 47936K, used 45788K [0x0000000724400000, 0x0000000727800000, 0x00000007390c0000)
  eden space 42624K, 100% used [0x0000000724400000, 0x0000000726da0000, 0x0000000726da0000)
  from space 5312K,  59% used [0x0000000726da0000, 0x00000007270b7298, 0x00000007272d0000)
  to   space 5312K,   0% used [0x00000007272d0000, 0x00000007272d0000, 0x0000000727800000)
 concurrent mark-sweep generation total 106496K, used 2442K [0x00000007390c0000, 0x000000073f8c0000, 0x00000007c0000000)
 Metaspace       used 14550K, capacity 14900K, committed 15104K, reserved 1062912K
  class space    used 1637K, capacity 1767K, committed 1792K, reserved 1048576K
2021-12-27T09:18:34.814+0800: 21.585: [GC (Allocation Failure) 2021-12-27T09:18:34.814+0800: 21.586: [ParNew: 45788K->2687K(47936K), 0.0647221 secs] 48231K->5524K(154432K), 0.0660112 secs] [Times: user=0.01 sys=0.00, real=0.07 secs] 
Heap after GC invocations=7 (full 0):
 par new generation   total 47936K, used 2687K [0x0000000724400000, 0x0000000727800000, 0x00000007390c0000)
  eden space 42624K,   0% used [0x0000000724400000, 0x0000000724400000, 0x0000000726da0000)
  from space 5312K,  50% used [0x00000007272d0000, 0x000000072756fea8, 0x0000000727800000)
  to   space 5312K,   0% used [0x0000000726da0000, 0x0000000726da0000, 0x00000007272d0000)
 concurrent mark-sweep generation total 106496K, used 2836K [0x00000007390c0000, 0x000000073f8c0000, 0x00000007c0000000)
 Metaspace       used 14550K, capacity 14900K, committed 15104K, reserved 1062912K
  class space    used 1637K, capacity 1767K, committed 1792K, reserved 1048576K
}
2021-12-27T09:18:34.886+0800: 21.658: Application time: 0.0052282 seconds
2021-12-27T09:18:35.890+0800: 22.661: Application time: 1.0015369 seconds
2021-12-27T09:18:36.934+0800: 23.705: Application time: 1.0038056 seconds
2021-12-27T09:18:37.204+0800: 23.997: Application time: 0.2693673 seconds
{Heap before GC invocations=7 (full 0):
 par new generation   total 47936K, used 45311K [0x0000000724400000, 0x0000000727800000, 0x00000007390c0000)
  eden space 42624K, 100% used [0x0000000724400000, 0x0000000726da0000, 0x0000000726da0000)
  from space 5312K,  50% used [0x00000007272d0000, 0x000000072756fea8, 0x0000000727800000)
  to   space 5312K,   0% used [0x0000000726da0000, 0x0000000726da0000, 0x00000007272d0000)
 concurrent mark-sweep generation total 106496K, used 2836K [0x00000007390c0000, 0x000000073f8c0000, 0x00000007c0000000)
 Metaspace       used 15982K, capacity 16488K, committed 16640K, reserved 1064960K
  class space    used 1838K, capacity 1975K, committed 2048K, reserved 1048576K
2021-12-27T09:18:37.205+0800: 23.998: [GC (Allocation Failure) 2021-12-27T09:18:37.205+0800: 23.998: [ParNew: 45311K->2554K(47936K), 0.0339360 secs] 48148K->5391K(154432K), 0.0349658 secs] [Times: user=0.01 sys=0.01, real=0.03 secs] 
Heap after GC invocations=8 (full 0):
 par new generation   total 47936K, used 2554K [0x0000000724400000, 0x0000000727800000, 0x00000007390c0000)
  eden space 42624K,   0% used [0x0000000724400000, 0x0000000724400000, 0x0000000726da0000)
  from space 5312K,  48% used [0x0000000726da0000, 0x000000072701eae0, 0x00000007272d0000)
  to   space 5312K,   0% used [0x00000007272d0000, 0x00000007272d0000, 0x0000000727800000)
 concurrent mark-sweep generation total 106496K, used 2836K [0x00000007390c0000, 0x000000073f8c0000, 0x00000007c0000000)
 Metaspace       used 15982K, capacity 16488K, committed 16640K, reserved 1064960K
  class space    used 1838K, capacity 1975K, committed 2048K, reserved 1048576K
}
2021-12-27T09:18:37.242+0800: 24.035: Application time: 0.0014287 seconds
2021-12-27T09:18:37.271+0800: 24.064: Application time: 0.0180465 seconds
2021-12-27T09:18:37.310+0800: 24.103: Application time: 0.0382112 seconds
2021-12-27T09:18:38.007+0800: 24.801: Application time: 0.6974094 seconds
2021-12-27T09:18:38.008+0800: 24.824: Application time: 0.0231058 seconds
2021-12-27T09:18:38.307+0800: 25.100: Application time: 0.2753630 seconds
2021-12-27T09:18:38.368+0800: 25.161: Application time: 0.0596828 seconds
2021-12-27T09:18:38.693+0800: 25.487: Application time: 0.3237997 seconds
{Heap before GC invocations=8 (full 0):
 par new generation   total 47936K, used 45178K [0x0000000724400000, 0x0000000727800000, 0x00000007390c0000)
  eden space 42624K, 100% used [0x0000000724400000, 0x0000000726da0000, 0x0000000726da0000)
  from space 5312K,  48% used [0x0000000726da0000, 0x000000072701eae0, 0x00000007272d0000)
  to   space 5312K,   0% used [0x00000007272d0000, 0x00000007272d0000, 0x0000000727800000)
 concurrent mark-sweep generation total 106496K, used 2836K [0x00000007390c0000, 0x000000073f8c0000, 0x00000007c0000000)
 Metaspace       used 16944K, capacity 17592K, committed 17792K, reserved 1064960K
  class space    used 1981K, capacity 2145K, committed 2176K, reserved 1048576K
2021-12-27T09:18:38.694+0800: 25.487: [GC (Allocation Failure) 2021-12-27T09:18:38.695+0800: 25.488: [ParNew: 45178K->3287K(47936K), 0.0880233 secs] 48015K->6123K(154432K), 0.0923556 secs] [Times: user=0.02 sys=0.00, real=0.10 secs] 
Heap after GC invocations=9 (full 0):
 par new generation   total 47936K, used 3287K [0x0000000724400000, 0x0000000727800000, 0x00000007390c0000)
  eden space 42624K,   0% used [0x0000000724400000, 0x0000000724400000, 0x0000000726da0000)
  from space 5312K,  61% used [0x00000007272d0000, 0x0000000727605cb0, 0x0000000727800000)
  to   space 5312K,   0% used [0x0000000726da0000, 0x0000000726da0000, 0x00000007272d0000)
 concurrent mark-sweep generation total 106496K, used 2836K [0x00000007390c0000, 0x000000073f8c0000, 0x00000007c0000000)
 Metaspace       used 16944K, capacity 17592K, committed 17792K, reserved 1064960K
  class space    used 1981K, capacity 2145K, committed 2176K, reserved 1048576K
}
2021-12-27T09:18:39.391+0800: 26.185: Application time: 0.6037259 seconds
2021-12-27T09:18:39.398+0800: 26.191: Application time: 0.0063865 seconds
2021-12-27T09:18:40.410+0800: 27.203: Application time: 1.0119343 seconds
2021-12-27T09:18:40.842+0800: 27.635: Application time: 0.4288566 seconds
2021-12-27T09:18:40.845+0800: 27.642: Application time: 0.0070090 seconds
2021-12-27T09:18:41.446+0800: 28.239: Application time: 0.5967942 seconds
2021-12-27T09:18:41.483+0800: 28.276: Application time: 0.0000606 seconds
2021-12-27T09:18:41.483+0800: 28.276: Application time: 0.0001110 seconds
2021-12-27T09:18:41.484+0800: 28.277: Application time: 0.0002928 seconds
2021-12-27T09:18:41.484+0800: 28.277: Application time: 0.0004500 seconds
2021-12-27T09:18:41.484+0800: 28.277: Application time: 0.0001078 seconds
2021-12-27T09:18:41.485+0800: 28.278: Application time: 0.0000958 seconds
2021-12-27T09:18:41.485+0800: 28.278: Application time: 0.0000472 seconds
2021-12-27T09:18:41.485+0800: 28.278: Application time: 0.0000198 seconds
2021-12-27T09:18:41.485+0800: 28.278: Application time: 0.0001019 seconds
2021-12-27T09:18:41.485+0800: 28.278: Application time: 0.0000849 seconds
2021-12-27T09:18:41.514+0800: 28.307: Application time: 0.0290266 seconds
2021-12-27T09:18:41.553+0800: 28.346: Application time: 0.0377878 seconds
{Heap before GC invocations=9 (full 0):
 par new generation   total 47936K, used 45911K [0x0000000724400000, 0x0000000727800000, 0x00000007390c0000)
  eden space 42624K, 100% used [0x0000000724400000, 0x0000000726da0000, 0x0000000726da0000)
  from space 5312K,  61% used [0x00000007272d0000, 0x0000000727605cb0, 0x0000000727800000)
  to   space 5312K,   0% used [0x0000000726da0000, 0x0000000726da0000, 0x00000007272d0000)
 concurrent mark-sweep generation total 106496K, used 2836K [0x00000007390c0000, 0x000000073f8c0000, 0x00000007c0000000)
 Metaspace       used 18007K, capacity 18828K, committed 19072K, reserved 1067008K
  class space    used 2124K, capacity 2316K, committed 2432K, reserved 1048576K
2021-12-27T09:18:41.560+0800: 28.353: [GC (Allocation Failure) 2021-12-27T09:18:41.561+0800: 28.354: [ParNew: 45911K->4115K(47936K), 0.0911721 secs] 48747K->6952K(154432K), 0.0924194 secs] [Times: user=0.01 sys=0.00, real=0.09 secs] 
Heap after GC invocations=10 (full 0):
 par new generation   total 47936K, used 4115K [0x0000000724400000, 0x0000000727800000, 0x00000007390c0000)
  eden space 42624K,   0% used [0x0000000724400000, 0x0000000724400000, 0x0000000726da0000)
  from space 5312K,  77% used [0x0000000726da0000, 0x00000007271a4de0, 0x00000007272d0000)
  to   space 5312K,   0% used [0x00000007272d0000, 0x00000007272d0000, 0x0000000727800000)
 concurrent mark-sweep generation total 106496K, used 2836K [0x00000007390c0000, 0x000000073f8c0000, 0x00000007c0000000)
 Metaspace       used 18007K, capacity 18828K, committed 19072K, reserved 1067008K
  class space    used 2124K, capacity 2316K, committed 2432K, reserved 1048576K
}
2021-12-27T09:18:41.654+0800: 28.447: Application time: 0.0009548 seconds
2021-12-27T09:18:41.654+0800: 28.448: Application time: 0.0000406 seconds
2021-12-27T09:18:41.668+0800: 28.461: Application time: 0.0137011 seconds
2021-12-27T09:18:41.703+0800: 28.496: Application time: 0.0003772 seconds
2021-12-27T09:18:41.703+0800: 28.497: Application time: 0.0007740 seconds
2021-12-27T09:18:41.718+0800: 28.511: Application time: 0.0007704 seconds
2021-12-27T09:18:41.720+0800: 28.513: Application time: 0.0015505 seconds
2021-12-27T09:18:41.725+0800: 28.518: Application time: 0.0000646 seconds
2021-12-27T09:18:41.730+0800: 28.523: Application time: 0.0049599 seconds
2021-12-27T09:18:41.730+0800: 28.523: Application time: 0.0000263 seconds
2021-12-27T09:18:41.730+0800: 28.523: Application time: 0.0000200 seconds
2021-12-27T09:18:41.737+0800: 28.530: Application time: 0.0075147 seconds
2021-12-27T09:18:41.737+0800: 28.530: Application time: 0.0000501 seconds
2021-12-27T09:18:41.737+0800: 28.530: Application time: 0.0000199 seconds
2021-12-27T09:18:41.779+0800: 28.572: Application time: 0.0414828 seconds
2021-12-27T09:18:41.780+0800: 28.573: Application time: 0.0009598 seconds
2021-12-27T09:18:41.780+0800: 28.573: Application time: 0.0000620 seconds
2021-12-27T09:18:41.944+0800: 28.737: Application time: 0.1637337 seconds
2021-12-27T09:18:42.824+0800: 29.631: Application time: 0.8864352 seconds
2021-12-27T09:18:42.840+0800: 29.634: Application time: 0.0009774 seconds
2021-12-27T09:18:42.981+0800: 29.774: Application time: 0.1400365 seconds
2021-12-27T09:18:43.306+0800: 30.099: Application time: 0.3247121 seconds
{Heap before GC invocations=10 (full 0):
 par new generation   total 47936K, used 46739K [0x0000000724400000, 0x0000000727800000, 0x00000007390c0000)
  eden space 42624K, 100% used [0x0000000724400000, 0x0000000726da0000, 0x0000000726da0000)
  from space 5312K,  77% used [0x0000000726da0000, 0x00000007271a4de0, 0x00000007272d0000)
  to   space 5312K,   0% used [0x00000007272d0000, 0x00000007272d0000, 0x0000000727800000)
 concurrent mark-sweep generation total 106496K, used 2836K [0x00000007390c0000, 0x000000073f8c0000, 0x00000007c0000000)
 Metaspace       used 19634K, capacity 20434K, committed 20736K, reserved 1067008K
  class space    used 2332K, capacity 2511K, committed 2560K, reserved 1048576K
2021-12-27T09:18:43.384+0800: 30.177: [GC (Allocation Failure) 2021-12-27T09:18:43.384+0800: 30.177: [ParNew: 46739K->2998K(47936K), 0.0765418 secs] 49576K->6529K(154432K), 0.0813763 secs] [Times: user=0.02 sys=0.01, real=0.09 secs] 
Heap after GC invocations=11 (full 0):
 par new generation   total 47936K, used 2998K [0x0000000724400000, 0x0000000727800000, 0x00000007390c0000)
  eden space 42624K,   0% used [0x0000000724400000, 0x0000000724400000, 0x0000000726da0000)
  from space 5312K,  56% used [0x00000007272d0000, 0x00000007275bdb50, 0x0000000727800000)
  to   space 5312K,   0% used [0x0000000726da0000, 0x0000000726da0000, 0x00000007272d0000)
 concurrent mark-sweep generation total 106496K, used 3530K [0x00000007390c0000, 0x000000073f8c0000, 0x00000007c0000000)
 Metaspace       used 19634K, capacity 20434K, committed 20736K, reserved 1067008K
  class space    used 2332K, capacity 2511K, committed 2560K, reserved 1048576K
}
2021-12-27T09:18:43.605+0800: 30.400: Application time: 0.1406715 seconds
2021-12-27T09:18:43.607+0800: 30.400: Application time: 0.0000739 seconds
2021-12-27T09:18:43.607+0800: 30.400: Application time: 0.0000501 seconds
2021-12-27T09:18:43.659+0800: 30.452: Application time: 0.0512288 seconds
2021-12-27T09:18:43.659+0800: 30.469: Application time: 0.0177161 seconds
2021-12-27T09:18:43.729+0800: 30.522: Application time: 0.0000796 seconds
2021-12-27T09:18:43.761+0800: 30.554: Application time: 0.0317773 seconds
2021-12-27T09:18:43.827+0800: 30.620: Application time: 0.0301772 seconds
2021-12-27T09:18:44.008+0800: 30.801: Application time: 0.1719074 seconds
2021-12-27T09:18:44.133+0800: 30.926: Application time: 0.0663792 seconds
2021-12-27T09:18:44.237+0800: 31.030: Application time: 0.0448991 seconds
2021-12-27T09:18:44.287+0800: 31.080: Application time: 0.0015727 seconds
2021-12-27T09:18:44.366+0800: 31.159: Application time: 0.0783038 seconds
2021-12-27T09:18:44.393+0800: 31.187: Application time: 0.0003311 seconds
2021-12-27T09:18:44.409+0800: 31.202: Application time: 0.0187977 seconds
2021-12-27T09:18:44.452+0800: 31.245: Application time: 0.0253954 seconds
2021-12-27T09:18:44.454+0800: 31.247: Application time: 0.0020617 seconds
2021-12-27T09:18:44.514+0800: 31.307: Application time: 0.0001939 seconds
2021-12-27T09:18:44.519+0800: 31.314: Application time: 0.0064821 seconds
2021-12-27T09:18:44.525+0800: 31.318: Application time: 0.0014127 seconds
2021-12-27T09:18:44.535+0800: 31.328: Application time: 0.0086865 seconds
2021-12-27T09:18:44.538+0800: 31.332: Application time: 0.0027274 seconds
2021-12-27T09:18:44.543+0800: 31.336: Application time: 0.0045310 seconds
2021-12-27T09:18:44.547+0800: 31.340: Application time: 0.0011987 seconds
2021-12-27T09:18:44.553+0800: 31.346: Application time: 0.0065169 seconds
2021-12-27T09:18:44.712+0800: 31.505: Application time: 0.1585886 seconds
2021-12-27T09:18:44.732+0800: 31.525: Application time: 0.0040428 seconds
2021-12-27T09:18:44.769+0800: 31.562: Application time: 0.0369601 seconds
2021-12-27T09:18:44.774+0800: 31.567: Application time: 0.0015313 seconds
2021-12-27T09:18:44.784+0800: 31.577: Application time: 0.0090214 seconds
2021-12-27T09:18:44.799+0800: 31.592: Application time: 0.0130064 seconds
2021-12-27T09:18:44.928+0800: 31.721: Application time: 0.1265330 seconds
2021-12-27T09:18:45.302+0800: 32.104: Application time: 0.2928857 seconds
{Heap before GC invocations=11 (full 0):
 par new generation   total 47936K, used 45622K [0x0000000724400000, 0x0000000727800000, 0x00000007390c0000)
  eden space 42624K, 100% used [0x0000000724400000, 0x0000000726da0000, 0x0000000726da0000)
  from space 5312K,  56% used [0x00000007272d0000, 0x00000007275bdb50, 0x0000000727800000)
  to   space 5312K,   0% used [0x0000000726da0000, 0x0000000726da0000, 0x00000007272d0000)
 concurrent mark-sweep generation total 106496K, used 3530K [0x00000007390c0000, 0x000000073f8c0000, 0x00000007c0000000)
 Metaspace       used 20624K, capacity 21524K, committed 21628K, reserved 1069056K
  class space    used 2480K, capacity 2694K, committed 2764K, reserved 1048576K
2021-12-27T09:18:45.311+0800: 32.104: [GC (Allocation Failure) 2021-12-27T09:18:45.312+0800: 32.105: [ParNew: 45622K->3535K(47936K), 0.1046933 secs] 49153K->7065K(154432K), 0.1055650 secs] [Times: user=0.02 sys=0.00, real=0.11 secs] 
Heap after GC invocations=12 (full 0):
 par new generation   total 47936K, used 3535K [0x0000000724400000, 0x0000000727800000, 0x00000007390c0000)
  eden space 42624K,   0% used [0x0000000724400000, 0x0000000724400000, 0x0000000726da0000)
  from space 5312K,  66% used [0x0000000726da0000, 0x0000000727113ce8, 0x00000007272d0000)
  to   space 5312K,   0% used [0x00000007272d0000, 0x00000007272d0000, 0x0000000727800000)
 concurrent mark-sweep generation total 106496K, used 3530K [0x00000007390c0000, 0x000000073f8c0000, 0x00000007c0000000)
 Metaspace       used 20624K, capacity 21524K, committed 21628K, reserved 1069056K
  class space    used 2480K, capacity 2694K, committed 2764K, reserved 1048576K
}
2021-12-27T09:18:45.418+0800: 32.211: Application time: 0.0003184 seconds
2021-12-27T09:18:45.447+0800: 32.240: [GC (CMS Initial Mark) [1 CMS-initial-mark: 3530K(106496K)] 7391K(154432K), 0.0284003 secs] [Times: user=0.01 sys=0.00, real=0.03 secs] 
2021-12-27T09:18:45.478+0800: 32.271: [CMS-concurrent-mark-start]
2021-12-27T09:18:45.499+0800: 32.292: Application time: 0.0220994 seconds
2021-12-27T09:18:45.515+0800: 32.308: Application time: 0.0003355 seconds
2021-12-27T09:18:45.537+0800: 32.330: Application time: 0.0224989 seconds
2021-12-27T09:18:45.756+0800: 32.549: [CMS-concurrent-mark: 0.255/0.278 secs] [Times: user=0.04 sys=0.02, real=0.28 secs] 
2021-12-27T09:18:45.757+0800: 32.550: Application time: 0.2188192 seconds
2021-12-27T09:18:45.757+0800: 32.550: [CMS-concurrent-preclean-start]
2021-12-27T09:18:45.759+0800: 32.552: Application time: 0.0022799 seconds
2021-12-27T09:18:45.820+0800: 32.613: [CMS-concurrent-preclean: 0.063/0.063 secs] [Times: user=0.00 sys=0.00, real=0.06 secs] 
2021-12-27T09:18:45.821+0800: 32.614: [CMS-concurrent-abortable-preclean-start]
2021-12-27T09:18:46.537+0800: 33.330: Application time: 0.7174146 seconds
2021-12-27T09:18:46.550+0800: 33.343: Application time: 0.0121043 seconds
2021-12-27T09:18:46.890+0800: 33.683: Application time: 0.3405834 seconds
2021-12-27T09:18:46.940+0800: 33.733: Application time: 0.0002762 seconds
2021-12-27T09:18:46.942+0800: 33.735: Application time: 0.0000588 seconds
2021-12-27T09:18:47.394+0800: 34.187: Application time: 0.4515186 seconds
2021-12-27T09:18:47.959+0800: 34.752: Application time: 0.5632404 seconds
{Heap before GC invocations=12 (full 1):
 par new generation   total 47936K, used 46159K [0x0000000724400000, 0x0000000727800000, 0x00000007390c0000)
  eden space 42624K, 100% used [0x0000000724400000, 0x0000000726da0000, 0x0000000726da0000)
  from space 5312K,  66% used [0x0000000726da0000, 0x0000000727113ce8, 0x00000007272d0000)
  to   space 5312K,   0% used [0x00000007272d0000, 0x00000007272d0000, 0x0000000727800000)
 concurrent mark-sweep generation total 106496K, used 3530K [0x00000007390c0000, 0x000000073f8c0000, 0x00000007c0000000)
 Metaspace       used 21697K, capacity 22528K, committed 22624K, reserved 1069056K
  class space    used 2680K, capacity 2878K, committed 2916K, reserved 1048576K
2021-12-27T09:18:47.961+0800: 34.754: [GC (Allocation Failure) 2021-12-27T09:18:47.961+0800: 34.754: [ParNew: 46159K->3775K(47936K), 0.0660416 secs] 49689K->7553K(154432K), 0.0671666 secs] [Times: user=0.01 sys=0.00, real=0.07 secs] 
Heap after GC invocations=13 (full 1):
 par new generation   total 47936K, used 3775K [0x0000000724400000, 0x0000000727800000, 0x00000007390c0000)
  eden space 42624K,   0% used [0x0000000724400000, 0x0000000724400000, 0x0000000726da0000)
  from space 5312K,  71% used [0x00000007272d0000, 0x000000072767fda8, 0x0000000727800000)
  to   space 5312K,   0% used [0x0000000726da0000, 0x0000000726da0000, 0x00000007272d0000)
 concurrent mark-sweep generation total 106496K, used 3777K [0x00000007390c0000, 0x000000073f8c0000, 0x00000007c0000000)
 Metaspace       used 21697K, capacity 22528K, committed 22624K, reserved 1069056K
  class space    used 2680K, capacity 2878K, committed 2916K, reserved 1048576K
}
2021-12-27T09:18:48.030+0800: 34.823: Application time: 0.0011077 seconds
2021-12-27T09:18:48.633+0800: 35.426: Application time: 0.6025591 seconds
2021-12-27T09:18:49.097+0800: 35.890: Application time: 0.4619397 seconds
2021-12-27T09:18:49.514+0800: 36.307: Application time: 0.3887137 seconds
2021-12-27T09:18:49.514+0800: 36.308: [CMS-concurrent-abortable-preclean: 3.239/3.693 secs] [Times: user=0.63 sys=0.07, real=3.70 secs] 
2021-12-27T09:18:49.515+0800: 36.308: Application time: 0.0014622 seconds
2021-12-27T09:18:49.520+0800: 36.313: [GC (CMS Final Remark) [YG occupancy: 38370 K (47936 K)]2021-12-27T09:18:49.521+0800: 36.314: [Rescan (parallel) , 0.0805138 secs]2021-12-27T09:18:49.602+0800: 36.395: [weak refs processing, 0.0006726 secs]2021-12-27T09:18:49.603+0800: 36.396: [class unloading, 0.0389318 secs]2021-12-27T09:18:49.642+0800: 36.435: [scrub symbol table, 0.0536790 secs]2021-12-27T09:18:49.701+0800: 36.494: [scrub string table, 0.0077564 secs][1 CMS-remark: 3777K(106496K)] 42148K(154432K), 0.1896562 secs] [Times: user=0.03 sys=0.00, real=0.19 secs] 
2021-12-27T09:18:49.734+0800: 36.527: [CMS-concurrent-sweep-start]
2021-12-27T09:18:49.747+0800: 36.540: [CMS-concurrent-sweep: 0.012/0.012 secs] [Times: user=0.00 sys=0.00, real=0.01 secs] 
2021-12-27T09:18:49.749+0800: 36.542: Application time: 0.0376967 seconds
2021-12-27T09:18:49.778+0800: 36.571: [CMS-concurrent-reset-start]
2021-12-27T09:18:50.014+0800: 36.807: Application time: 0.2364556 seconds
{Heap before GC invocations=13 (full 1):
 par new generation   total 47936K, used 46399K [0x0000000724400000, 0x0000000727800000, 0x00000007390c0000)
  eden space 42624K, 100% used [0x0000000724400000, 0x0000000726da0000, 0x0000000726da0000)
  from space 5312K,  71% used [0x00000007272d0000, 0x000000072767fda8, 0x0000000727800000)
  to   space 5312K,   0% used [0x0000000726da0000, 0x0000000726da0000, 0x00000007272d0000)
 concurrent mark-sweep generation total 106496K, used 3493K [0x00000007390c0000, 0x000000073f8c0000, 0x00000007c0000000)
 Metaspace       used 22813K, capacity 23708K, committed 23876K, reserved 1071104K
  class space    used 2871K, capacity 3073K, committed 3144K, reserved 1048576K
2021-12-27T09:18:50.015+0800: 36.808: [GC (Allocation Failure) 2021-12-27T09:18:50.016+0800: 36.809: [ParNew: 46399K->4095K(47936K), 0.0987396 secs] 49892K->7896K(154432K), 0.0998946 secs] [Times: user=0.02 sys=0.00, real=0.10 secs] 
Heap after GC invocations=14 (full 1):
 par new generation   total 47936K, used 4095K [0x0000000724400000, 0x0000000727800000, 0x00000007390c0000)
  eden space 42624K,   0% used [0x0000000724400000, 0x0000000724400000, 0x0000000726da0000)
  from space 5312K,  77% used [0x0000000726da0000, 0x000000072719fd88, 0x00000007272d0000)
  to   space 5312K,   0% used [0x00000007272d0000, 0x00000007272d0000, 0x0000000727800000)
 concurrent mark-sweep generation total 106496K, used 3801K [0x00000007390c0000, 0x000000073f8c0000, 0x00000007c0000000)
 Metaspace       used 22813K, capacity 23708K, committed 23876K, reserved 1071104K
  class space    used 2871K, capacity 3073K, committed 3144K, reserved 1048576K
}
2021-12-27T09:18:50.171+0800: 36.964: Application time: 0.0553300 seconds
2021-12-27T09:18:50.267+0800: 37.060: [CMS-concurrent-reset: 0.376/0.489 secs] [Times: user=0.07 sys=0.04, real=0.49 secs] 
2021-12-27T09:18:50.612+0800: 37.405: Application time: 0.4288882 seconds
2021-12-27T09:18:50.685+0800: 37.478: Application time: 0.0003687 seconds
2021-12-27T09:18:50.686+0800: 37.479: Application time: 0.0011771 seconds
2021-12-27T09:18:50.687+0800: 37.480: Application time: 0.0004127 seconds
2021-12-27T09:18:50.735+0800: 37.528: Application time: 0.0384401 seconds
2021-12-27T09:18:50.785+0800: 37.578: Application time: 0.0466170 seconds
2021-12-27T09:18:51.000+0800: 37.793: Application time: 0.1687626 seconds
{Heap before GC invocations=14 (full 1):
 par new generation   total 47936K, used 46683K [0x0000000724400000, 0x0000000727800000, 0x00000007390c0000)
  eden space 42624K,  99% used [0x0000000724400000, 0x0000000726d97188, 0x0000000726da0000)
  from space 5312K,  77% used [0x0000000726da0000, 0x000000072719fd88, 0x00000007272d0000)
  to   space 5312K,   0% used [0x00000007272d0000, 0x00000007272d0000, 0x0000000727800000)
 concurrent mark-sweep generation total 106496K, used 3801K [0x00000007390c0000, 0x000000073f8c0000, 0x00000007c0000000)
 Metaspace       used 23509K, capacity 24418K, committed 24772K, reserved 1071104K
  class space    used 2949K, capacity 3154K, committed 3272K, reserved 1048576K
2021-12-27T09:18:51.002+0800: 37.795: [GC (Allocation Failure) 2021-12-27T09:18:51.003+0800: 37.796: [ParNew: 46683K->3282K(47936K), 0.0709911 secs] 50485K->7083K(154432K), 0.0739387 secs] [Times: user=0.01 sys=0.00, real=0.08 secs] 
Heap after GC invocations=15 (full 1):
 par new generation   total 47936K, used 3282K [0x0000000724400000, 0x0000000727800000, 0x00000007390c0000)
  eden space 42624K,   0% used [0x0000000724400000, 0x0000000724400000, 0x0000000726da0000)
  from space 5312K,  61% used [0x00000007272d0000, 0x0000000727604a30, 0x0000000727800000)
  to   space 5312K,   0% used [0x0000000726da0000, 0x0000000726da0000, 0x00000007272d0000)
 concurrent mark-sweep generation total 106496K, used 3801K [0x00000007390c0000, 0x000000073f8c0000, 0x00000007c0000000)
 Metaspace       used 23509K, capacity 24418K, committed 24772K, reserved 1071104K
  class space    used 2949K, capacity 3154K, committed 3272K, reserved 1048576K
}
2021-12-27T09:18:51.220+0800: 38.013: Application time: 0.1425838 seconds
2021-12-27T09:18:51.277+0800: 38.070: Application time: 0.0002193 seconds
2021-12-27T09:18:51.280+0800: 38.073: Application time: 0.0035126 seconds
2021-12-27T09:18:51.311+0800: 38.104: Application time: 0.0013947 seconds
2021-12-27T09:18:51.312+0800: 38.109: Application time: 0.0041927 seconds
2021-12-27T09:18:51.318+0800: 38.111: Application time: 0.0018252 seconds
2021-12-27T09:18:51.596+0800: 38.389: Application time: 0.2771485 seconds
2021-12-27T09:18:52.341+0800: 39.134: Application time: 0.7422550 seconds
{Heap before GC invocations=15 (full 1):
 par new generation   total 47936K, used 45906K [0x0000000724400000, 0x0000000727800000, 0x00000007390c0000)
  eden space 42624K, 100% used [0x0000000724400000, 0x0000000726da0000, 0x0000000726da0000)
  from space 5312K,  61% used [0x00000007272d0000, 0x0000000727604a30, 0x0000000727800000)
  to   space 5312K,   0% used [0x0000000726da0000, 0x0000000726da0000, 0x00000007272d0000)
 concurrent mark-sweep generation total 106496K, used 3801K [0x00000007390c0000, 0x000000073f8c0000, 0x00000007c0000000)
 Metaspace       used 24177K, capacity 25168K, committed 25412K, reserved 1071104K
  class space    used 3037K, capacity 3275K, committed 3400K, reserved 1048576K
2021-12-27T09:18:52.386+0800: 39.179: [GC (Allocation Failure) 2021-12-27T09:18:52.387+0800: 39.180: [ParNew: 45906K->4599K(47936K), 0.0981457 secs] 49707K->8609K(154432K), 0.0995113 secs] [Times: user=0.02 sys=0.01, real=0.10 secs] 
Heap after GC invocations=16 (full 1):
 par new generation   total 47936K, used 4599K [0x0000000724400000, 0x0000000727800000, 0x00000007390c0000)
  eden space 42624K,   0% used [0x0000000724400000, 0x0000000724400000, 0x0000000726da0000)
  from space 5312K,  86% used [0x0000000726da0000, 0x000000072721de28, 0x00000007272d0000)
  to   space 5312K,   0% used [0x00000007272d0000, 0x00000007272d0000, 0x0000000727800000)
 concurrent mark-sweep generation total 106496K, used 4009K [0x00000007390c0000, 0x000000073f8c0000, 0x00000007c0000000)
 Metaspace       used 24177K, capacity 25168K, committed 25412K, reserved 1071104K
  class space    used 3037K, capacity 3275K, committed 3400K, reserved 1048576K
}
2021-12-27T09:18:53.500+0800: 40.293: Application time: 1.0138003 seconds
2021-12-27T09:18:53.865+0800: 40.658: Application time: 0.3633607 seconds
{Heap before GC invocations=16 (full 1):
 par new generation   total 47936K, used 47223K [0x0000000724400000, 0x0000000727800000, 0x00000007390c0000)
  eden space 42624K, 100% used [0x0000000724400000, 0x0000000726da0000, 0x0000000726da0000)
  from space 5312K,  86% used [0x0000000726da0000, 0x000000072721de28, 0x00000007272d0000)
  to   space 5312K,   0% used [0x00000007272d0000, 0x00000007272d0000, 0x0000000727800000)
 concurrent mark-sweep generation total 106496K, used 4009K [0x00000007390c0000, 0x000000073f8c0000, 0x00000007c0000000)
 Metaspace       used 25770K, capacity 26824K, committed 27076K, reserved 1073152K
  class space    used 3179K, capacity 3411K, committed 3528K, reserved 1048576K
2021-12-27T09:18:53.871+0800: 40.664: [GC (Allocation Failure) 2021-12-27T09:18:53.871+0800: 40.664: [ParNew: 47223K->3824K(47936K), 0.1660864 secs] 51233K->9093K(154432K), 0.1702671 secs] [Times: user=0.02 sys=0.00, real=0.17 secs] 
Heap after GC invocations=17 (full 1):
 par new generation   total 47936K, used 3824K [0x0000000724400000, 0x0000000727800000, 0x00000007390c0000)
  eden space 42624K,   0% used [0x0000000724400000, 0x0000000724400000, 0x0000000726da0000)
  from space 5312K,  71% used [0x00000007272d0000, 0x000000072768c268, 0x0000000727800000)
  to   space 5312K,   0% used [0x0000000726da0000, 0x0000000726da0000, 0x00000007272d0000)
 concurrent mark-sweep generation total 106496K, used 5268K [0x00000007390c0000, 0x000000073f8c0000, 0x00000007c0000000)
 Metaspace       used 25770K, capacity 26824K, committed 27076K, reserved 1073152K
  class space    used 3179K, capacity 3411K, committed 3528K, reserved 1048576K
}
2021-12-27T09:18:54.376+0800: 41.169: Application time: 0.3340498 seconds
2021-12-27T09:18:54.639+0800: 41.432: Application time: 0.2613088 seconds
2021-12-27T09:18:55.690+0800: 42.483: Application time: 1.0002047 seconds
2021-12-27T09:18:55.757+0800: 42.550: Application time: 0.0653222 seconds
{Heap before GC invocations=17 (full 1):
 par new generation   total 47936K, used 46448K [0x0000000724400000, 0x0000000727800000, 0x00000007390c0000)
  eden space 42624K, 100% used [0x0000000724400000, 0x0000000726da0000, 0x0000000726da0000)
  from space 5312K,  71% used [0x00000007272d0000, 0x000000072768c268, 0x0000000727800000)
  to   space 5312K,   0% used [0x0000000726da0000, 0x0000000726da0000, 0x00000007272d0000)
 concurrent mark-sweep generation total 106496K, used 5268K [0x00000007390c0000, 0x000000073f8c0000, 0x00000007c0000000)
 Metaspace       used 26831K, capacity 27866K, committed 28228K, reserved 1073152K
  class space    used 3300K, capacity 3542K, committed 3656K, reserved 1048576K
2021-12-27T09:18:55.763+0800: 42.556: [GC (Allocation Failure) 2021-12-27T09:18:55.764+0800: 42.557: [ParNew: 46448K->3675K(47936K), 0.0883961 secs] 51717K->8944K(154432K), 0.1057637 secs] [Times: user=0.01 sys=0.00, real=0.11 secs] 
Heap after GC invocations=18 (full 1):
 par new generation   total 47936K, used 3675K [0x0000000724400000, 0x0000000727800000, 0x00000007390c0000)
  eden space 42624K,   0% used [0x0000000724400000, 0x0000000724400000, 0x0000000726da0000)
  from space 5312K,  69% used [0x0000000726da0000, 0x0000000727136fa0, 0x00000007272d0000)
  to   space 5312K,   0% used [0x00000007272d0000, 0x00000007272d0000, 0x0000000727800000)
 concurrent mark-sweep generation total 106496K, used 5268K [0x00000007390c0000, 0x000000073f8c0000, 0x00000007c0000000)
 Metaspace       used 26831K, capacity 27866K, committed 28228K, reserved 1073152K
  class space    used 3300K, capacity 3542K, committed 3656K, reserved 1048576K
}
2021-12-27T09:18:56.873+0800: 43.666: Application time: 1.0012926 seconds
2021-12-27T09:18:57.468+0800: 44.261: Application time: 0.5369163 seconds
2021-12-27T09:18:57.548+0800: 44.341: Application time: 0.0496668 seconds
2021-12-27T09:18:57.600+0800: 44.393: Application time: 0.0005764 seconds
{Heap before GC invocations=18 (full 1):
 par new generation   total 47936K, used 46299K [0x0000000724400000, 0x0000000727800000, 0x00000007390c0000)
  eden space 42624K, 100% used [0x0000000724400000, 0x0000000726da0000, 0x0000000726da0000)
  from space 5312K,  69% used [0x0000000726da0000, 0x0000000727136fa0, 0x00000007272d0000)
  to   space 5312K,   0% used [0x00000007272d0000, 0x00000007272d0000, 0x0000000727800000)
 concurrent mark-sweep generation total 106496K, used 5268K [0x00000007390c0000, 0x000000073f8c0000, 0x00000007c0000000)
 Metaspace       used 27838K, capacity 28922K, committed 29124K, reserved 1075200K
  class space    used 3444K, capacity 3694K, committed 3784K, reserved 1048576K
2021-12-27T09:18:57.602+0800: 44.395: [GC (Allocation Failure) 2021-12-27T09:18:57.604+0800: 44.397: [ParNew: 46299K->5040K(47936K), 0.0494719 secs] 51568K->10746K(154432K), 0.0650414 secs] [Times: user=0.01 sys=0.01, real=0.07 secs] 
Heap after GC invocations=19 (full 1):
 par new generation   total 47936K, used 5040K [0x0000000724400000, 0x0000000727800000, 0x00000007390c0000)
  eden space 42624K,   0% used [0x0000000724400000, 0x0000000724400000, 0x0000000726da0000)
  from space 5312K,  94% used [0x00000007272d0000, 0x00000007277bc310, 0x0000000727800000)
  to   space 5312K,   0% used [0x0000000726da0000, 0x0000000726da0000, 0x00000007272d0000)
 concurrent mark-sweep generation total 106496K, used 5705K [0x00000007390c0000, 0x000000073f8c0000, 0x00000007c0000000)
 Metaspace       used 27838K, capacity 28922K, committed 29124K, reserved 1075200K
  class space    used 3444K, capacity 3694K, committed 3784K, reserved 1048576K
}
2021-12-27T09:18:57.713+0800: 44.506: Application time: 0.0449666 seconds
2021-12-27T09:18:57.739+0800: 44.532: Application time: 0.0185665 seconds
2021-12-27T09:18:57.791+0800: 44.584: Application time: 0.0279572 seconds
2021-12-27T09:18:57.965+0800: 44.758: Application time: 0.1734660 seconds
2021-12-27T09:18:57.971+0800: 44.765: Application time: 0.0018996 seconds
2021-12-27T09:18:57.987+0800: 44.780: Application time: 0.0102129 seconds
2021-12-27T09:18:58.082+0800: 44.875: Application time: 0.0855190 seconds
2021-12-27T09:18:58.136+0800: 44.929: Application time: 0.0395834 seconds
2021-12-27T09:18:58.211+0800: 45.004: Application time: 0.0649897 seconds
2021-12-27T09:18:58.219+0800: 45.012: Application time: 0.0012272 seconds
2021-12-27T09:18:58.222+0800: 45.015: Application time: 0.0006831 seconds
2021-12-27T09:18:58.262+0800: 45.055: Application time: 0.0373036 seconds
2021-12-27T09:18:58.266+0800: 45.059: Application time: 0.0023424 seconds
2021-12-27T09:18:58.273+0800: 45.066: Application time: 0.0004674 seconds
2021-12-27T09:18:58.298+0800: 45.091: Application time: 0.0243896 seconds
2021-12-27T09:18:58.314+0800: 45.107: Application time: 0.0068590 seconds
2021-12-27T09:18:58.323+0800: 45.116: Application time: 0.0001796 seconds
2021-12-27T09:18:58.326+0800: 45.119: Application time: 0.0031017 seconds
2021-12-27T09:18:58.351+0800: 45.145: Application time: 0.0017332 seconds
2021-12-27T09:18:58.376+0800: 45.169: Application time: 0.0002608 seconds
2021-12-27T09:18:58.376+0800: 45.169: Application time: 0.0004912 seconds
{Heap before GC invocations=19 (full 1):
 par new generation   total 47936K, used 47664K [0x0000000724400000, 0x0000000727800000, 0x00000007390c0000)
  eden space 42624K, 100% used [0x0000000724400000, 0x0000000726da0000, 0x0000000726da0000)
  from space 5312K,  94% used [0x00000007272d0000, 0x00000007277bc310, 0x0000000727800000)
  to   space 5312K,   0% used [0x0000000726da0000, 0x0000000726da0000, 0x00000007272d0000)
 concurrent mark-sweep generation total 106496K, used 5705K [0x00000007390c0000, 0x000000073f8c0000, 0x00000007c0000000)
 Metaspace       used 28282K, capacity 29382K, committed 29636K, reserved 1075200K
  class space    used 3494K, capacity 3742K, committed 3784K, reserved 1048576K
2021-12-27T09:18:58.376+0800: 45.169: [GC (Allocation Failure) 2021-12-27T09:18:58.380+0800: 45.173: [ParNew: 47664K->5312K(47936K), 0.1997606 secs] 53370K->14926K(154432K), 0.2070703 secs] [Times: user=0.04 sys=0.00, real=0.20 secs] 
Heap after GC invocations=20 (full 1):
 par new generation   total 47936K, used 5312K [0x0000000724400000, 0x0000000727800000, 0x00000007390c0000)
  eden space 42624K,   0% used [0x0000000724400000, 0x0000000724400000, 0x0000000726da0000)
  from space 5312K, 100% used [0x0000000726da0000, 0x00000007272d0000, 0x00000007272d0000)
  to   space 5312K,   0% used [0x00000007272d0000, 0x00000007272d0000, 0x0000000727800000)
 concurrent mark-sweep generation total 106496K, used 9614K [0x00000007390c0000, 0x000000073f8c0000, 0x00000007c0000000)
 Metaspace       used 28282K, capacity 29382K, committed 29636K, reserved 1075200K
  class space    used 3494K, capacity 3742K, committed 3784K, reserved 1048576K
}
2021-12-27T09:18:58.667+0800: 45.460: Application time: 0.0830459 seconds
2021-12-27T09:18:58.680+0800: 45.473: Application time: 0.0130603 seconds
2021-12-27T09:18:58.683+0800: 45.476: Application time: 0.0021063 seconds
2021-12-27T09:18:58.727+0800: 45.520: Application time: 0.0443254 seconds
{Heap before GC invocations=20 (full 1):
 par new generation   total 47936K, used 47936K [0x0000000724400000, 0x0000000727800000, 0x00000007390c0000)
  eden space 42624K, 100% used [0x0000000724400000, 0x0000000726da0000, 0x0000000726da0000)
  from space 5312K, 100% used [0x0000000726da0000, 0x00000007272d0000, 0x00000007272d0000)
  to   space 5312K,   0% used [0x00000007272d0000, 0x00000007272d0000, 0x0000000727800000)
 concurrent mark-sweep generation total 106496K, used 9614K [0x00000007390c0000, 0x000000073f8c0000, 0x00000007c0000000)
 Metaspace       used 28343K, capacity 29446K, committed 29636K, reserved 1075200K
  class space    used 3499K, capacity 3742K, committed 3784K, reserved 1048576K
2021-12-27T09:18:58.728+0800: 45.521: [GC (Allocation Failure) 2021-12-27T09:18:58.729+0800: 45.522: [ParNew: 47936K->3477K(47936K), 0.0719022 secs] 57550K->14964K(154432K), 0.0809554 secs] [Times: user=0.01 sys=0.00, real=0.08 secs] 
Heap after GC invocations=21 (full 1):
 par new generation   total 47936K, used 3477K [0x0000000724400000, 0x0000000727800000, 0x00000007390c0000)
  eden space 42624K,   0% used [0x0000000724400000, 0x0000000724400000, 0x0000000726da0000)
  from space 5312K,  65% used [0x00000007272d0000, 0x0000000727635518, 0x0000000727800000)
  to   space 5312K,   0% used [0x0000000726da0000, 0x0000000726da0000, 0x00000007272d0000)
 concurrent mark-sweep generation total 106496K, used 11486K [0x00000007390c0000, 0x000000073f8c0000, 0x00000007c0000000)
 Metaspace       used 28343K, capacity 29446K, committed 29636K, reserved 1075200K
  class space    used 3499K, capacity 3742K, committed 3784K, reserved 1048576K
}
2021-12-27T09:18:58.895+0800: 45.688: Application time: 0.0840755 seconds
2021-12-27T09:18:58.905+0800: 45.698: Application time: 0.0099257 seconds
2021-12-27T09:18:59.027+0800: 45.820: Application time: 0.1208708 seconds
2021-12-27T09:18:59.034+0800: 45.827: Application time: 0.0062318 seconds
2021-12-27T09:18:59.176+0800: 45.969: Application time: 0.1423336 seconds
2021-12-27T09:18:59.494+0800: 46.287: Application time: 0.3169430 seconds
{Heap before GC invocations=21 (full 1):
 par new generation   total 47936K, used 46101K [0x0000000724400000, 0x0000000727800000, 0x00000007390c0000)
  eden space 42624K, 100% used [0x0000000724400000, 0x0000000726da0000, 0x0000000726da0000)
  from space 5312K,  65% used [0x00000007272d0000, 0x0000000727635518, 0x0000000727800000)
  to   space 5312K,   0% used [0x0000000726da0000, 0x0000000726da0000, 0x00000007272d0000)
 concurrent mark-sweep generation total 106496K, used 11486K [0x00000007390c0000, 0x000000073f8c0000, 0x00000007c0000000)
 Metaspace       used 28825K, capacity 29894K, committed 30020K, reserved 1075200K
  class space    used 3547K, capacity 3806K, committed 3912K, reserved 1048576K
2021-12-27T09:18:59.494+0800: 46.287: [GC (Allocation Failure) 2021-12-27T09:18:59.494+0800: 46.287: [ParNew: 46101K->4905K(47936K), 0.1497213 secs] 57588K->16392K(154432K), 0.1525226 secs] [Times: user=0.02 sys=0.00, real=0.16 secs] 
Heap after GC invocations=22 (full 1):
 par new generation   total 47936K, used 4905K [0x0000000724400000, 0x0000000727800000, 0x00000007390c0000)
  eden space 42624K,   0% used [0x0000000724400000, 0x0000000724400000, 0x0000000726da0000)
  from space 5312K,  92% used [0x0000000726da0000, 0x000000072726a568, 0x00000007272d0000)
  to   space 5312K,   0% used [0x00000007272d0000, 0x00000007272d0000, 0x0000000727800000)
 concurrent mark-sweep generation total 106496K, used 11486K [0x00000007390c0000, 0x000000073f8c0000, 0x00000007c0000000)
 Metaspace       used 28825K, capacity 29894K, committed 30020K, reserved 1075200K
  class space    used 3547K, capacity 3806K, committed 3912K, reserved 1048576K
}
2021-12-27T09:18:59.859+0800: 46.652: Application time: 0.2115920 seconds
2021-12-27T09:19:00.379+0800: 47.172: Application time: 0.5198807 seconds
{Heap before GC invocations=22 (full 1):
 par new generation   total 47936K, used 47142K [0x0000000724400000, 0x0000000727800000, 0x00000007390c0000)
  eden space 42624K,  99% used [0x0000000724400000, 0x0000000726d3f5e0, 0x0000000726da0000)
  from space 5312K,  92% used [0x0000000726da0000, 0x000000072726a568, 0x00000007272d0000)
  to   space 5312K,   0% used [0x00000007272d0000, 0x00000007272d0000, 0x0000000727800000)
 concurrent mark-sweep generation total 106496K, used 11486K [0x00000007390c0000, 0x000000073f8c0000, 0x00000007c0000000)
 Metaspace       used 28910K, capacity 29958K, committed 30276K, reserved 1075200K
  class space    used 3555K, capacity 3806K, committed 3912K, reserved 1048576K
2021-12-27T09:19:00.380+0800: 47.173: [GC (Allocation Failure) 2021-12-27T09:19:00.381+0800: 47.174: [ParNew: 47142K->5311K(47936K), 0.1688731 secs] 58629K->17773K(154432K), 0.1776550 secs] [Times: user=0.02 sys=0.00, real=0.18 secs] 
Heap after GC invocations=23 (full 1):
 par new generation   total 47936K, used 5311K [0x0000000724400000, 0x0000000727800000, 0x00000007390c0000)
  eden space 42624K,   0% used [0x0000000724400000, 0x0000000724400000, 0x0000000726da0000)
  from space 5312K,  99% used [0x00000007272d0000, 0x00000007277ffff8, 0x0000000727800000)
  to   space 5312K,   0% used [0x0000000726da0000, 0x0000000726da0000, 0x00000007272d0000)
 concurrent mark-sweep generation total 106496K, used 12461K [0x00000007390c0000, 0x000000073f8c0000, 0x00000007c0000000)
 Metaspace       used 28910K, capacity 29958K, committed 30276K, reserved 1075200K
  class space    used 3555K, capacity 3806K, committed 3912K, reserved 1048576K
}
2021-12-27T09:19:00.672+0800: 47.465: Application time: 0.1133996 seconds
2021-12-27T09:19:00.957+0800: 47.750: Application time: 0.2848212 seconds
2021-12-27T09:19:01.101+0800: 47.894: Application time: 0.1428883 seconds
{Heap before GC invocations=23 (full 1):
 par new generation   total 47936K, used 47935K [0x0000000724400000, 0x0000000727800000, 0x00000007390c0000)
  eden space 42624K, 100% used [0x0000000724400000, 0x0000000726da0000, 0x0000000726da0000)
  from space 5312K,  99% used [0x00000007272d0000, 0x00000007277ffff8, 0x0000000727800000)
  to   space 5312K,   0% used [0x0000000726da0000, 0x0000000726da0000, 0x00000007272d0000)
 concurrent mark-sweep generation total 106496K, used 12461K [0x00000007390c0000, 0x000000073f8c0000, 0x00000007c0000000)
 Metaspace       used 28926K, capacity 30022K, committed 30276K, reserved 1075200K
  class space    used 3555K, capacity 3806K, committed 3912K, reserved 1048576K
2021-12-27T09:19:01.102+0800: 47.895: [GC (Allocation Failure) 2021-12-27T09:19:01.103+0800: 47.896: [ParNew: 47935K->5312K(47936K), 0.1931957 secs] 60397K->18915K(154432K), 0.1942125 secs] [Times: user=0.02 sys=0.00, real=0.20 secs] 
Heap after GC invocations=24 (full 1):
 par new generation   total 47936K, used 5312K [0x0000000724400000, 0x0000000727800000, 0x00000007390c0000)
  eden space 42624K,   0% used [0x0000000724400000, 0x0000000724400000, 0x0000000726da0000)
  from space 5312K, 100% used [0x0000000726da0000, 0x00000007272d0000, 0x00000007272d0000)
  to   space 5312K,   0% used [0x00000007272d0000, 0x00000007272d0000, 0x0000000727800000)
 concurrent mark-sweep generation total 106496K, used 13603K [0x00000007390c0000, 0x000000073f8c0000, 0x00000007c0000000)
 Metaspace       used 28926K, capacity 30022K, committed 30276K, reserved 1075200K
  class space    used 3555K, capacity 3806K, committed 3912K, reserved 1048576K
}
2021-12-27T09:19:01.525+0800: 48.318: Application time: 0.2256207 seconds
2021-12-27T09:19:02.230+0800: 49.024: Application time: 0.6841202 seconds
{Heap before GC invocations=24 (full 1):
 par new generation   total 47936K, used 47936K [0x0000000724400000, 0x0000000727800000, 0x00000007390c0000)
  eden space 42624K, 100% used [0x0000000724400000, 0x0000000726da0000, 0x0000000726da0000)
  from space 5312K, 100% used [0x0000000726da0000, 0x00000007272d0000, 0x00000007272d0000)
  to   space 5312K,   0% used [0x00000007272d0000, 0x00000007272d0000, 0x0000000727800000)
 concurrent mark-sweep generation total 106496K, used 13603K [0x00000007390c0000, 0x000000073f8c0000, 0x00000007c0000000)
 Metaspace       used 28926K, capacity 30022K, committed 30276K, reserved 1075200K
  class space    used 3555K, capacity 3806K, committed 3912K, reserved 1048576K
2021-12-27T09:19:02.232+0800: 49.025: [GC (Allocation Failure) 2021-12-27T09:19:02.232+0800: 49.025: [ParNew: 47936K->5311K(47936K), 0.1664702 secs] 61539K->18959K(154432K), 0.1751926 secs] [Times: user=0.03 sys=0.00, real=0.18 secs] 
Heap after GC invocations=25 (full 1):
 par new generation   total 47936K, used 5311K [0x0000000724400000, 0x0000000727800000, 0x00000007390c0000)
  eden space 42624K,   0% used [0x0000000724400000, 0x0000000724400000, 0x0000000726da0000)
  from space 5312K,  99% used [0x00000007272d0000, 0x00000007277ffff8, 0x0000000727800000)
  to   space 5312K,   0% used [0x0000000726da0000, 0x0000000726da0000, 0x00000007272d0000)
 concurrent mark-sweep generation total 106496K, used 13647K [0x00000007390c0000, 0x000000073f8c0000, 0x00000007c0000000)
 Metaspace       used 28926K, capacity 30022K, committed 30276K, reserved 1075200K
  class space    used 3555K, capacity 3806K, committed 3912K, reserved 1048576K
}
2021-12-27T09:19:03.409+0800: 50.202: Application time: 1.0001868 seconds
2021-12-27T09:19:03.842+0800: 50.635: Application time: 0.4325281 seconds
{Heap before GC invocations=25 (full 1):
 par new generation   total 47936K, used 47935K [0x0000000724400000, 0x0000000727800000, 0x00000007390c0000)
  eden space 42624K, 100% used [0x0000000724400000, 0x0000000726da0000, 0x0000000726da0000)
  from space 5312K,  99% used [0x00000007272d0000, 0x00000007277ffff8, 0x0000000727800000)
  to   space 5312K,   0% used [0x0000000726da0000, 0x0000000726da0000, 0x00000007272d0000)
 concurrent mark-sweep generation total 106496K, used 13647K [0x00000007390c0000, 0x000000073f8c0000, 0x00000007c0000000)
 Metaspace       used 29198K, capacity 30322K, committed 30532K, reserved 1075200K
  class space    used 3595K, capacity 3852K, committed 3912K, reserved 1048576K
2021-12-27T09:19:03.843+0800: 50.636: [GC (Allocation Failure) 2021-12-27T09:19:03.844+0800: 50.637: [ParNew: 47935K->2623K(47936K), 0.0792893 secs] 61583K->16297K(154432K), 0.0865770 secs] [Times: user=0.02 sys=0.00, real=0.09 secs] 
Heap after GC invocations=26 (full 1):
 par new generation   total 47936K, used 2623K [0x0000000724400000, 0x0000000727800000, 0x00000007390c0000)
  eden space 42624K,   0% used [0x0000000724400000, 0x0000000724400000, 0x0000000726da0000)
  from space 5312K,  49% used [0x0000000726da0000, 0x000000072702fe90, 0x00000007272d0000)
  to   space 5312K,   0% used [0x00000007272d0000, 0x00000007272d0000, 0x0000000727800000)
 concurrent mark-sweep generation total 106496K, used 13674K [0x00000007390c0000, 0x000000073f8c0000, 0x00000007c0000000)
 Metaspace       used 29198K, capacity 30322K, committed 30532K, reserved 1075200K
  class space    used 3595K, capacity 3852K, committed 3912K, reserved 1048576K
}
2021-12-27T09:19:04.931+0800: 51.724: Application time: 1.0001624 seconds
2021-12-27T09:19:05.296+0800: 52.089: Application time: 0.3629140 seconds
{Heap before GC invocations=26 (full 1):
 par new generation   total 47936K, used 45247K [0x0000000724400000, 0x0000000727800000, 0x00000007390c0000)
  eden space 42624K, 100% used [0x0000000724400000, 0x0000000726da0000, 0x0000000726da0000)
  from space 5312K,  49% used [0x0000000726da0000, 0x000000072702fe90, 0x00000007272d0000)
  to   space 5312K,   0% used [0x00000007272d0000, 0x00000007272d0000, 0x0000000727800000)
 concurrent mark-sweep generation total 106496K, used 13674K [0x00000007390c0000, 0x000000073f8c0000, 0x00000007c0000000)
 Metaspace       used 29821K, capacity 30964K, committed 31172K, reserved 1077248K
  class space    used 3663K, capacity 3931K, committed 4040K, reserved 1048576K
2021-12-27T09:19:05.297+0800: 52.090: [GC (Allocation Failure) 2021-12-27T09:19:05.298+0800: 52.091: [ParNew: 45247K->3820K(47936K), 0.0781587 secs] 58921K->17494K(154432K), 0.0871643 secs] [Times: user=0.02 sys=0.00, real=0.09 secs] 
Heap after GC invocations=27 (full 1):
 par new generation   total 47936K, used 3820K [0x0000000724400000, 0x0000000727800000, 0x00000007390c0000)
  eden space 42624K,   0% used [0x0000000724400000, 0x0000000724400000, 0x0000000726da0000)
  from space 5312K,  71% used [0x00000007272d0000, 0x000000072768b298, 0x0000000727800000)
  to   space 5312K,   0% used [0x0000000726da0000, 0x0000000726da0000, 0x00000007272d0000)
 concurrent mark-sweep generation total 106496K, used 13674K [0x00000007390c0000, 0x000000073f8c0000, 0x00000007c0000000)
 Metaspace       used 29821K, capacity 30964K, committed 31172K, reserved 1077248K
  class space    used 3663K, capacity 3931K, committed 4040K, reserved 1048576K
}
2021-12-27T09:19:06.394+0800: 53.188: Application time: 1.0093480 seconds
2021-12-27T09:19:06.566+0800: 53.359: Application time: 0.1710956 seconds
2021-12-27T09:19:06.567+0800: 53.360: Application time: 0.0001199 seconds
{Heap before GC invocations=27 (full 1):
 par new generation   total 47936K, used 46444K [0x0000000724400000, 0x0000000727800000, 0x00000007390c0000)
  eden space 42624K, 100% used [0x0000000724400000, 0x0000000726da0000, 0x0000000726da0000)
  from space 5312K,  71% used [0x00000007272d0000, 0x000000072768b298, 0x0000000727800000)
  to   space 5312K,   0% used [0x0000000726da0000, 0x0000000726da0000, 0x00000007272d0000)
 concurrent mark-sweep generation total 106496K, used 13674K [0x00000007390c0000, 0x000000073f8c0000, 0x00000007c0000000)
 Metaspace       used 30094K, capacity 31324K, committed 31428K, reserved 1077248K
  class space    used 3698K, capacity 3973K, committed 4040K, reserved 1048576K
2021-12-27T09:19:06.584+0800: 53.377: [GC (Allocation Failure) 2021-12-27T09:19:06.584+0800: 53.377: [ParNew: 46444K->3314K(47936K), 0.0354526 secs] 60118K->17853K(154432K), 0.0383012 secs] [Times: user=0.02 sys=0.00, real=0.05 secs] 
Heap after GC invocations=28 (full 1):
 par new generation   total 47936K, used 3314K [0x0000000724400000, 0x0000000727800000, 0x00000007390c0000)
  eden space 42624K,   0% used [0x0000000724400000, 0x0000000724400000, 0x0000000726da0000)
  from space 5312K,  62% used [0x0000000726da0000, 0x00000007270dc920, 0x00000007272d0000)
  to   space 5312K,   0% used [0x00000007272d0000, 0x00000007272d0000, 0x0000000727800000)
 concurrent mark-sweep generation total 106496K, used 14539K [0x00000007390c0000, 0x000000073f8c0000, 0x00000007c0000000)
 Metaspace       used 30094K, capacity 31324K, committed 31428K, reserved 1077248K
  class space    used 3698K, capacity 3973K, committed 4040K, reserved 1048576K
}
2021-12-27T09:19:06.626+0800: 53.419: Application time: 0.0005352 seconds
2021-12-27T09:19:06.626+0800: 53.419: Application time: 0.0000394 seconds
2021-12-27T09:19:07.036+0800: 53.829: Application time: 0.4094963 seconds
2021-12-27T09:19:07.478+0800: 54.294: Application time: 0.4604251 seconds
{Heap before GC invocations=28 (full 1):
 par new generation   total 47936K, used 45938K [0x0000000724400000, 0x0000000727800000, 0x00000007390c0000)
  eden space 42624K, 100% used [0x0000000724400000, 0x0000000726da0000, 0x0000000726da0000)
  from space 5312K,  62% used [0x0000000726da0000, 0x00000007270dc920, 0x00000007272d0000)
  to   space 5312K,   0% used [0x00000007272d0000, 0x00000007272d0000, 0x0000000727800000)
 concurrent mark-sweep generation total 106496K, used 14539K [0x00000007390c0000, 0x000000073f8c0000, 0x00000007c0000000)
 Metaspace       used 30305K, capacity 31554K, committed 31684K, reserved 1077248K
  class space    used 3726K, capacity 3982K, committed 4040K, reserved 1048576K
2021-12-27T09:19:07.485+0800: 54.301: [GC (Allocation Failure) 2021-12-27T09:19:07.486+0800: 54.302: [ParNew: 45938K->3565K(47936K), 0.0617610 secs] 60477K->18105K(154432K), 0.0740694 secs] [Times: user=0.01 sys=0.00, real=0.07 secs] 
Heap after GC invocations=29 (full 1):
 par new generation   total 47936K, used 3565K [0x0000000724400000, 0x0000000727800000, 0x00000007390c0000)
  eden space 42624K,   0% used [0x0000000724400000, 0x0000000724400000, 0x0000000726da0000)
  from space 5312K,  67% used [0x00000007272d0000, 0x000000072764b7b8, 0x0000000727800000)
  to   space 5312K,   0% used [0x0000000726da0000, 0x0000000726da0000, 0x00000007272d0000)
 concurrent mark-sweep generation total 106496K, used 14539K [0x00000007390c0000, 0x000000073f8c0000, 0x00000007c0000000)
 Metaspace       used 30305K, capacity 31554K, committed 31684K, reserved 1077248K
  class space    used 3726K, capacity 3982K, committed 4040K, reserved 1048576K
}
2021-12-27T09:19:08.562+0800: 55.378: Application time: 1.0011707 seconds
2021-12-27T09:19:08.669+0800: 55.485: Application time: 0.1054580 seconds
2021-12-27T09:19:08.750+0800: 55.566: Application time: 0.0798378 seconds
2021-12-27T09:19:08.908+0800: 55.724: Application time: 0.1585317 seconds
{Heap before GC invocations=29 (full 1):
 par new generation   total 47936K, used 46189K [0x0000000724400000, 0x0000000727800000, 0x00000007390c0000)
  eden space 42624K, 100% used [0x0000000724400000, 0x0000000726da0000, 0x0000000726da0000)
  from space 5312K,  67% used [0x00000007272d0000, 0x000000072764b7b8, 0x0000000727800000)
  to   space 5312K,   0% used [0x0000000726da0000, 0x0000000726da0000, 0x00000007272d0000)
 concurrent mark-sweep generation total 106496K, used 14539K [0x00000007390c0000, 0x000000073f8c0000, 0x00000007c0000000)
 Metaspace       used 30425K, capacity 31692K, committed 31940K, reserved 1077248K
  class space    used 3741K, capacity 4019K, committed 4040K, reserved 1048576K
2021-12-27T09:19:08.910+0800: 55.726: [GC (Allocation Failure) 2021-12-27T09:19:08.910+0800: 55.726: [ParNew: 46189K->3651K(47936K), 0.1001145 secs] 60729K->19041K(154432K), 0.1063701 secs] [Times: user=0.02 sys=0.00, real=0.11 secs] 
Heap after GC invocations=30 (full 1):
 par new generation   total 47936K, used 3651K [0x0000000724400000, 0x0000000727800000, 0x00000007390c0000)
  eden space 42624K,   0% used [0x0000000724400000, 0x0000000724400000, 0x0000000726da0000)
  from space 5312K,  68% used [0x0000000726da0000, 0x0000000727130d88, 0x00000007272d0000)
  to   space 5312K,   0% used [0x00000007272d0000, 0x00000007272d0000, 0x0000000727800000)
 concurrent mark-sweep generation total 106496K, used 15389K [0x00000007390c0000, 0x000000073f8c0000, 0x00000007c0000000)
 Metaspace       used 30425K, capacity 31692K, committed 31940K, reserved 1077248K
  class space    used 3741K, capacity 4019K, committed 4040K, reserved 1048576K
}
2021-12-27T09:19:09.902+0800: 56.718: Application time: 0.8861139 seconds
2021-12-27T09:19:10.909+0800: 57.725: Application time: 1.0004457 seconds
2021-12-27T09:19:11.021+0800: 57.837: Application time: 0.1111296 seconds
{Heap before GC invocations=30 (full 1):
 par new generation   total 47936K, used 46275K [0x0000000724400000, 0x0000000727800000, 0x00000007390c0000)
  eden space 42624K, 100% used [0x0000000724400000, 0x0000000726da0000, 0x0000000726da0000)
  from space 5312K,  68% used [0x0000000726da0000, 0x0000000727130d88, 0x00000007272d0000)
  to   space 5312K,   0% used [0x00000007272d0000, 0x00000007272d0000, 0x0000000727800000)
 concurrent mark-sweep generation total 106496K, used 15389K [0x00000007390c0000, 0x000000073f8c0000, 0x00000007c0000000)
 Metaspace       used 31073K, capacity 32390K, committed 32580K, reserved 1077248K
  class space    used 3836K, capacity 4108K, committed 4168K, reserved 1048576K
2021-12-27T09:19:11.033+0800: 57.848: [GC (Allocation Failure) 2021-12-27T09:19:11.034+0800: 57.850: [ParNew: 46275K->3151K(47936K), 0.1218791 secs] 61665K->18867K(154432K), 0.1236232 secs] [Times: user=0.02 sys=0.00, real=0.12 secs] 
Heap after GC invocations=31 (full 1):
 par new generation   total 47936K, used 3151K [0x0000000724400000, 0x0000000727800000, 0x00000007390c0000)
  eden space 42624K,   0% used [0x0000000724400000, 0x0000000724400000, 0x0000000726da0000)
  from space 5312K,  59% used [0x00000007272d0000, 0x00000007275e3d00, 0x0000000727800000)
  to   space 5312K,   0% used [0x0000000726da0000, 0x0000000726da0000, 0x00000007272d0000)
 concurrent mark-sweep generation total 106496K, used 15716K [0x00000007390c0000, 0x000000073f8c0000, 0x00000007c0000000)
 Metaspace       used 31073K, capacity 32390K, committed 32580K, reserved 1077248K
  class space    used 3836K, capacity 4108K, committed 4168K, reserved 1048576K
}
2021-12-27T09:19:12.158+0800: 58.974: Application time: 1.0002239 seconds
2021-12-27T09:19:12.800+0800: 59.616: Application time: 0.6078285 seconds
{Heap before GC invocations=31 (full 1):
 par new generation   total 47936K, used 45775K [0x0000000724400000, 0x0000000727800000, 0x00000007390c0000)
  eden space 42624K, 100% used [0x0000000724400000, 0x0000000726da0000, 0x0000000726da0000)
  from space 5312K,  59% used [0x00000007272d0000, 0x00000007275e3d00, 0x0000000727800000)
  to   space 5312K,   0% used [0x0000000726da0000, 0x0000000726da0000, 0x00000007272d0000)
 concurrent mark-sweep generation total 106496K, used 15716K [0x00000007390c0000, 0x000000073f8c0000, 0x00000007c0000000)
 Metaspace       used 31835K, capacity 33204K, committed 33476K, reserved 1079296K
  class space    used 3939K, capacity 4219K, committed 4296K, reserved 1048576K
2021-12-27T09:19:12.801+0800: 59.617: [GC (Allocation Failure) 2021-12-27T09:19:12.801+0800: 59.617: [ParNew: 45775K->3036K(47936K), 0.1183165 secs] 61491K->19106K(154432K), 0.1252006 secs] [Times: user=0.02 sys=0.01, real=0.13 secs] 
Heap after GC invocations=32 (full 1):
 par new generation   total 47936K, used 3036K [0x0000000724400000, 0x0000000727800000, 0x00000007390c0000)
  eden space 42624K,   0% used [0x0000000724400000, 0x0000000724400000, 0x0000000726da0000)
  from space 5312K,  57% used [0x0000000726da0000, 0x00000007270972c8, 0x00000007272d0000)
  to   space 5312K,   0% used [0x00000007272d0000, 0x00000007272d0000, 0x0000000727800000)
 concurrent mark-sweep generation total 106496K, used 16069K [0x00000007390c0000, 0x000000073f8c0000, 0x00000007c0000000)
 Metaspace       used 31835K, capacity 33204K, committed 33476K, reserved 1079296K
  class space    used 3939K, capacity 4219K, committed 4296K, reserved 1048576K
}
2021-12-27T09:19:13.928+0800: 60.744: Application time: 1.0006676 seconds
2021-12-27T09:19:14.929+0800: 61.745: Application time: 1.0001611 seconds
2021-12-27T09:19:15.930+0800: 62.746: Application time: 1.0001794 seconds
2021-12-27T09:19:15.939+0800: 62.755: Application time: 0.0031664 seconds
{Heap before GC invocations=32 (full 1):
 par new generation   total 47936K, used 45660K [0x0000000724400000, 0x0000000727800000, 0x00000007390c0000)
  eden space 42624K, 100% used [0x0000000724400000, 0x0000000726da0000, 0x0000000726da0000)
  from space 5312K,  57% used [0x0000000726da0000, 0x00000007270972c8, 0x00000007272d0000)
  to   space 5312K,   0% used [0x00000007272d0000, 0x00000007272d0000, 0x0000000727800000)
 concurrent mark-sweep generation total 106496K, used 16069K [0x00000007390c0000, 0x000000073f8c0000, 0x00000007c0000000)
 Metaspace       used 32538K, capacity 33976K, committed 34116K, reserved 1079296K
  class space    used 4043K, capacity 4319K, committed 4424K, reserved 1048576K
2021-12-27T09:19:15.940+0800: 62.756: [GC (Allocation Failure) 2021-12-27T09:19:15.940+0800: 62.756: [ParNew: 45660K->3257K(47936K), 0.0683453 secs] 61730K->19326K(154432K), 0.0702016 secs] [Times: user=0.02 sys=0.00, real=0.07 secs] 
Heap after GC invocations=33 (full 1):
 par new generation   total 47936K, used 3257K [0x0000000724400000, 0x0000000727800000, 0x00000007390c0000)
  eden space 42624K,   0% used [0x0000000724400000, 0x0000000724400000, 0x0000000726da0000)
  from space 5312K,  61% used [0x00000007272d0000, 0x00000007275fe678, 0x0000000727800000)
  to   space 5312K,   0% used [0x0000000726da0000, 0x0000000726da0000, 0x00000007272d0000)
 concurrent mark-sweep generation total 106496K, used 16069K [0x00000007390c0000, 0x000000073f8c0000, 0x00000007c0000000)
 Metaspace       used 32538K, capacity 33976K, committed 34116K, reserved 1079296K
  class space    used 4043K, capacity 4319K, committed 4424K, reserved 1048576K
}
2021-12-27T09:19:16.305+0800: 63.121: Application time: 0.2941944 seconds
2021-12-27T09:19:16.672+0800: 63.488: Application time: 0.3661023 seconds
2021-12-27T09:19:16.942+0800: 63.758: Application time: 0.2695995 seconds
2021-12-27T09:19:16.951+0800: 63.767: Application time: 0.0088611 seconds
2021-12-27T09:19:16.959+0800: 63.775: Application time: 0.0081431 seconds
2021-12-27T09:19:17.034+0800: 63.850: Application time: 0.0750230 seconds
2021-12-27T09:19:17.035+0800: 63.851: Application time: 0.0010356 seconds
2021-12-27T09:19:17.345+0800: 64.161: Application time: 0.3095762 seconds
{Heap before GC invocations=33 (full 1):
 par new generation   total 47936K, used 45881K [0x0000000724400000, 0x0000000727800000, 0x00000007390c0000)
  eden space 42624K, 100% used [0x0000000724400000, 0x0000000726da0000, 0x0000000726da0000)
  from space 5312K,  61% used [0x00000007272d0000, 0x00000007275fe678, 0x0000000727800000)
  to   space 5312K,   0% used [0x0000000726da0000, 0x0000000726da0000, 0x00000007272d0000)
 concurrent mark-sweep generation total 106496K, used 16069K [0x00000007390c0000, 0x000000073f8c0000, 0x00000007c0000000)
 Metaspace       used 33306K, capacity 34788K, committed 35012K, reserved 1079296K
  class space    used 4176K, capacity 4487K, committed 4552K, reserved 1048576K
2021-12-27T09:19:17.347+0800: 64.163: [GC (Allocation Failure) 2021-12-27T09:19:17.347+0800: 64.163: [ParNew: 45881K->3396K(47936K), 0.1044812 secs] 61950K->19995K(154432K), 0.1091659 secs] [Times: user=0.02 sys=0.00, real=0.11 secs] 
Heap after GC invocations=34 (full 1):
 par new generation   total 47936K, used 3396K [0x0000000724400000, 0x0000000727800000, 0x00000007390c0000)
  eden space 42624K,   0% used [0x0000000724400000, 0x0000000724400000, 0x0000000726da0000)
  from space 5312K,  63% used [0x0000000726da0000, 0x00000007270f10d8, 0x00000007272d0000)
  to   space 5312K,   0% used [0x00000007272d0000, 0x00000007272d0000, 0x0000000727800000)
 concurrent mark-sweep generation total 106496K, used 16599K [0x00000007390c0000, 0x000000073f8c0000, 0x00000007c0000000)
 Metaspace       used 33306K, capacity 34788K, committed 35012K, reserved 1079296K
  class space    used 4176K, capacity 4487K, committed 4552K, reserved 1048576K
}
2021-12-27T09:19:18.471+0800: 65.287: Application time: 1.0141842 seconds
2021-12-27T09:19:18.619+0800: 65.435: Application time: 0.1031269 seconds
{Heap before GC invocations=34 (full 1):
 par new generation   total 47936K, used 46020K [0x0000000724400000, 0x0000000727800000, 0x00000007390c0000)
  eden space 42624K, 100% used [0x0000000724400000, 0x0000000726da0000, 0x0000000726da0000)
  from space 5312K,  63% used [0x0000000726da0000, 0x00000007270f10d8, 0x00000007272d0000)
  to   space 5312K,   0% used [0x00000007272d0000, 0x00000007272d0000, 0x0000000727800000)
 concurrent mark-sweep generation total 106496K, used 16599K [0x00000007390c0000, 0x000000073f8c0000, 0x00000007c0000000)
 Metaspace       used 34029K, capacity 35522K, committed 35652K, reserved 1081344K
  class space    used 4337K, capacity 4630K, committed 4680K, reserved 1048576K
2021-12-27T09:19:18.620+0800: 65.436: [GC (Allocation Failure) 2021-12-27T09:19:18.620+0800: 65.436: [ParNew: 46020K->3046K(47936K), 0.0357291 secs] 62619K->20054K(154432K), 0.0364767 secs] [Times: user=0.01 sys=0.00, real=0.04 secs] 
Heap after GC invocations=35 (full 1):
 par new generation   total 47936K, used 3046K [0x0000000724400000, 0x0000000727800000, 0x00000007390c0000)
  eden space 42624K,   0% used [0x0000000724400000, 0x0000000724400000, 0x0000000726da0000)
  from space 5312K,  57% used [0x00000007272d0000, 0x00000007275c9ae0, 0x0000000727800000)
  to   space 5312K,   0% used [0x0000000726da0000, 0x0000000726da0000, 0x00000007272d0000)
 concurrent mark-sweep generation total 106496K, used 17008K [0x00000007390c0000, 0x000000073f8c0000, 0x00000007c0000000)
 Metaspace       used 34029K, capacity 35522K, committed 35652K, reserved 1081344K
  class space    used 4337K, capacity 4630K, committed 4680K, reserved 1048576K
}
2021-12-27T09:19:19.503+0800: 66.319: Application time: 0.8464564 seconds
2021-12-27T09:19:20.074+0800: 66.890: Application time: 0.5704531 seconds
{Heap before GC invocations=35 (full 1):
 par new generation   total 47936K, used 45670K [0x0000000724400000, 0x0000000727800000, 0x00000007390c0000)
  eden space 42624K, 100% used [0x0000000724400000, 0x0000000726da0000, 0x0000000726da0000)
  from space 5312K,  57% used [0x00000007272d0000, 0x00000007275c9ae0, 0x0000000727800000)
  to   space 5312K,   0% used [0x0000000726da0000, 0x0000000726da0000, 0x00000007272d0000)
 concurrent mark-sweep generation total 106496K, used 17008K [0x00000007390c0000, 0x000000073f8c0000, 0x00000007c0000000)
 Metaspace       used 34369K, capacity 36008K, committed 36292K, reserved 1081344K
  class space    used 4392K, capacity 4749K, committed 4808K, reserved 1048576K
2021-12-27T09:19:20.079+0800: 66.895: [GC (Allocation Failure) 2021-12-27T09:19:20.083+0800: 66.899: [ParNew: 45670K->5171K(47936K), 0.0737566 secs] 62678K->22179K(154432K), 0.0932048 secs] [Times: user=0.02 sys=0.01, real=0.10 secs] 
Heap after GC invocations=36 (full 1):
 par new generation   total 47936K, used 5171K [0x0000000724400000, 0x0000000727800000, 0x00000007390c0000)
  eden space 42624K,   0% used [0x0000000724400000, 0x0000000724400000, 0x0000000726da0000)
  from space 5312K,  97% used [0x0000000726da0000, 0x00000007272acf70, 0x00000007272d0000)
  to   space 5312K,   0% used [0x00000007272d0000, 0x00000007272d0000, 0x0000000727800000)
 concurrent mark-sweep generation total 106496K, used 17008K [0x00000007390c0000, 0x000000073f8c0000, 0x00000007c0000000)
 Metaspace       used 34369K, capacity 36008K, committed 36292K, reserved 1081344K
  class space    used 4392K, capacity 4749K, committed 4808K, reserved 1048576K
}
2021-12-27T09:19:21.202+0800: 68.018: Application time: 1.0278450 seconds
2021-12-27T09:19:21.730+0800: 68.546: Application time: 0.4996459 seconds
{Heap before GC invocations=36 (full 1):
 par new generation   total 47936K, used 47795K [0x0000000724400000, 0x0000000727800000, 0x00000007390c0000)
  eden space 42624K, 100% used [0x0000000724400000, 0x0000000726da0000, 0x0000000726da0000)
  from space 5312K,  97% used [0x0000000726da0000, 0x00000007272acf70, 0x00000007272d0000)
  to   space 5312K,   0% used [0x00000007272d0000, 0x00000007272d0000, 0x0000000727800000)
 concurrent mark-sweep generation total 106496K, used 17008K [0x00000007390c0000, 0x000000073f8c0000, 0x00000007c0000000)
 Metaspace       used 34772K, capacity 36392K, committed 36676K, reserved 1081344K
  class space    used 4458K, capacity 4813K, committed 4936K, reserved 1048576K
2021-12-27T09:19:21.732+0800: 68.548: [GC (Allocation Failure) 2021-12-27T09:19:21.736+0800: 68.552: [ParNew: 47795K->2866K(47936K), 0.0625820 secs] 64803K->21422K(154432K), 0.0731823 secs] [Times: user=0.02 sys=0.00, real=0.07 secs] 
Heap after GC invocations=37 (full 1):
 par new generation   total 47936K, used 2866K [0x0000000724400000, 0x0000000727800000, 0x00000007390c0000)
  eden space 42624K,   0% used [0x0000000724400000, 0x0000000724400000, 0x0000000726da0000)
  from space 5312K,  53% used [0x00000007272d0000, 0x000000072759c900, 0x0000000727800000)
  to   space 5312K,   0% used [0x0000000726da0000, 0x0000000726da0000, 0x00000007272d0000)
 concurrent mark-sweep generation total 106496K, used 18556K [0x00000007390c0000, 0x000000073f8c0000, 0x00000007c0000000)
 Metaspace       used 34772K, capacity 36392K, committed 36676K, reserved 1081344K
  class space    used 4458K, capacity 4813K, committed 4936K, reserved 1048576K
}
2021-12-27T09:19:22.807+0800: 69.623: Application time: 1.0006906 seconds
2021-12-27T09:19:23.016+0800: 69.832: Application time: 0.1959373 seconds
{Heap before GC invocations=37 (full 1):
 par new generation   total 47936K, used 45490K [0x0000000724400000, 0x0000000727800000, 0x00000007390c0000)
  eden space 42624K, 100% used [0x0000000724400000, 0x0000000726da0000, 0x0000000726da0000)
  from space 5312K,  53% used [0x00000007272d0000, 0x000000072759c900, 0x0000000727800000)
  to   space 5312K,   0% used [0x0000000726da0000, 0x0000000726da0000, 0x00000007272d0000)
 concurrent mark-sweep generation total 106496K, used 18556K [0x00000007390c0000, 0x000000073f8c0000, 0x00000007c0000000)
 Metaspace       used 35199K, capacity 36852K, committed 36932K, reserved 1081344K
  class space    used 4530K, capacity 4879K, committed 4936K, reserved 1048576K
2021-12-27T09:19:23.018+0800: 69.834: [GC (Allocation Failure) 2021-12-27T09:19:23.019+0800: 69.835: [ParNew: 45490K->2031K(47936K), 0.0419452 secs] 64046K->20587K(154432K), 0.0429785 secs] [Times: user=0.02 sys=0.00, real=0.05 secs] 
Heap after GC invocations=38 (full 1):
 par new generation   total 47936K, used 2031K [0x0000000724400000, 0x0000000727800000, 0x00000007390c0000)
  eden space 42624K,   0% used [0x0000000724400000, 0x0000000724400000, 0x0000000726da0000)
  from space 5312K,  38% used [0x0000000726da0000, 0x0000000726f9be88, 0x00000007272d0000)
  to   space 5312K,   0% used [0x00000007272d0000, 0x00000007272d0000, 0x0000000727800000)
 concurrent mark-sweep generation total 106496K, used 18556K [0x00000007390c0000, 0x000000073f8c0000, 0x00000007c0000000)
 Metaspace       used 35199K, capacity 36852K, committed 36932K, reserved 1081344K
  class space    used 4530K, capacity 4879K, committed 4936K, reserved 1048576K
}
2021-12-27T09:19:23.299+0800: 70.115: Application time: 0.2366638 seconds
2021-12-27T09:19:23.985+0800: 70.801: Application time: 0.6828504 seconds
2021-12-27T09:19:24.076+0800: 70.892: Application time: 0.0909045 seconds
2021-12-27T09:19:24.091+0800: 70.907: Application time: 0.0147149 seconds
2021-12-27T09:19:24.561+0800: 71.378: Application time: 0.4685154 seconds
{Heap before GC invocations=38 (full 1):
 par new generation   total 47936K, used 44655K [0x0000000724400000, 0x0000000727800000, 0x00000007390c0000)
  eden space 42624K, 100% used [0x0000000724400000, 0x0000000726da0000, 0x0000000726da0000)
  from space 5312K,  38% used [0x0000000726da0000, 0x0000000726f9be88, 0x00000007272d0000)
  to   space 5312K,   0% used [0x00000007272d0000, 0x00000007272d0000, 0x0000000727800000)
 concurrent mark-sweep generation total 106496K, used 18556K [0x00000007390c0000, 0x000000073f8c0000, 0x00000007c0000000)
 Metaspace       used 36393K, capacity 38070K, committed 38340K, reserved 1083392K
  class space    used 4675K, capacity 5018K, committed 5064K, reserved 1048576K
2021-12-27T09:19:24.563+0800: 71.379: [GC (Allocation Failure) 2021-12-27T09:19:24.564+0800: 71.380: [ParNew: 44655K->2091K(47936K), 0.0472052 secs] 63211K->20647K(154432K), 0.0481322 secs] [Times: user=0.01 sys=0.00, real=0.05 secs] 
Heap after GC invocations=39 (full 1):
 par new generation   total 47936K, used 2091K [0x0000000724400000, 0x0000000727800000, 0x00000007390c0000)
  eden space 42624K,   0% used [0x0000000724400000, 0x0000000724400000, 0x0000000726da0000)
  from space 5312K,  39% used [0x00000007272d0000, 0x00000007274dac90, 0x0000000727800000)
  to   space 5312K,   0% used [0x0000000726da0000, 0x0000000726da0000, 0x00000007272d0000)
 concurrent mark-sweep generation total 106496K, used 18556K [0x00000007390c0000, 0x000000073f8c0000, 0x00000007c0000000)
 Metaspace       used 36393K, capacity 38070K, committed 38340K, reserved 1083392K
  class space    used 4675K, capacity 5018K, committed 5064K, reserved 1048576K
}
2021-12-27T09:19:24.901+0800: 71.717: Application time: 0.2836125 seconds
2021-12-27T09:19:24.920+0800: 71.736: Application time: 0.0185249 seconds
2021-12-27T09:19:25.764+0800: 72.580: Application time: 0.8411728 seconds
2021-12-27T09:19:25.852+0800: 72.668: Application time: 0.0879995 seconds
2021-12-27T09:19:25.853+0800: 72.677: Application time: 0.0087518 seconds
2021-12-27T09:19:25.865+0800: 72.681: Application time: 0.0001101 seconds
2021-12-27T09:19:25.865+0800: 72.681: Application time: 0.0000534 seconds
2021-12-27T09:19:25.865+0800: 72.681: Application time: 0.0000517 seconds
2021-12-27T09:19:25.865+0800: 72.681: Application time: 0.0000564 seconds
2021-12-27T09:19:25.866+0800: 72.682: Application time: 0.0000509 seconds
2021-12-27T09:19:25.866+0800: 72.682: Application time: 0.0000506 seconds
2021-12-27T09:19:25.866+0800: 72.682: Application time: 0.0000514 seconds
2021-12-27T09:19:25.866+0800: 72.682: Application time: 0.0000577 seconds
2021-12-27T09:19:25.866+0800: 72.682: Application time: 0.0000506 seconds
2021-12-27T09:19:26.618+0800: 73.434: Application time: 0.7521185 seconds
{Heap before GC invocations=39 (full 1):
 par new generation   total 47936K, used 44715K [0x0000000724400000, 0x0000000727800000, 0x00000007390c0000)
  eden space 42624K, 100% used [0x0000000724400000, 0x0000000726da0000, 0x0000000726da0000)
  from space 5312K,  39% used [0x00000007272d0000, 0x00000007274dac90, 0x0000000727800000)
  to   space 5312K,   0% used [0x0000000726da0000, 0x0000000726da0000, 0x00000007272d0000)
 concurrent mark-sweep generation total 106496K, used 18556K [0x00000007390c0000, 0x000000073f8c0000, 0x00000007c0000000)
 Metaspace       used 37622K, capacity 39472K, committed 39620K, reserved 1083392K
  class space    used 4857K, capacity 5203K, committed 5320K, reserved 1048576K
2021-12-27T09:19:26.620+0800: 73.436: [GC (Allocation Failure) 2021-12-27T09:19:26.621+0800: 73.437: [ParNew: 44715K->3972K(47936K), 0.0761334 secs] 63271K->22529K(154432K), 0.0774568 secs] [Times: user=0.02 sys=0.00, real=0.08 secs] 
Heap after GC invocations=40 (full 1):
 par new generation   total 47936K, used 3972K [0x0000000724400000, 0x0000000727800000, 0x00000007390c0000)
  eden space 42624K,   0% used [0x0000000724400000, 0x0000000724400000, 0x0000000726da0000)
  from space 5312K,  74% used [0x0000000726da0000, 0x0000000727181348, 0x00000007272d0000)
  to   space 5312K,   0% used [0x00000007272d0000, 0x00000007272d0000, 0x0000000727800000)
 concurrent mark-sweep generation total 106496K, used 18556K [0x00000007390c0000, 0x000000073f8c0000, 0x00000007c0000000)
 Metaspace       used 37622K, capacity 39472K, committed 39620K, reserved 1083392K
  class space    used 4857K, capacity 5203K, committed 5320K, reserved 1048576K
}
2021-12-27T09:19:26.898+0800: 73.714: Application time: 0.1993778 seconds
2021-12-27T09:19:27.106+0800: 73.922: Application time: 0.2075156 seconds
2021-12-27T09:19:27.173+0800: 73.989: Application time: 0.0671190 seconds
2021-12-27T09:19:27.180+0800: 73.996: Application time: 0.0063586 seconds
2021-12-27T09:19:27.181+0800: 74.001: Application time: 0.0047689 seconds
2021-12-27T09:19:27.188+0800: 74.004: Application time: 0.0023600 seconds
2021-12-27T09:19:27.275+0800: 74.091: Application time: 0.0864637 seconds
2021-12-27T09:19:27.374+0800: 74.190: Application time: 0.0985387 seconds
2021-12-27T09:19:27.590+0800: 74.406: Application time: 0.2167039 seconds
2021-12-27T09:19:28.149+0800: 74.965: Application time: 0.5582979 seconds
2021-12-27T09:19:28.236+0800: 75.052: Application time: 0.0830634 seconds
{Heap before GC invocations=40 (full 1):
 par new generation   total 47936K, used 46596K [0x0000000724400000, 0x0000000727800000, 0x00000007390c0000)
  eden space 42624K, 100% used [0x0000000724400000, 0x0000000726da0000, 0x0000000726da0000)
  from space 5312K,  74% used [0x0000000726da0000, 0x0000000727181348, 0x00000007272d0000)
  to   space 5312K,   0% used [0x00000007272d0000, 0x00000007272d0000, 0x0000000727800000)
 concurrent mark-sweep generation total 106496K, used 18556K [0x00000007390c0000, 0x000000073f8c0000, 0x00000007c0000000)
 Metaspace       used 39832K, capacity 41676K, committed 41712K, reserved 1085440K
  class space    used 5119K, capacity 5465K, committed 5472K, reserved 1048576K
2021-12-27T09:19:28.240+0800: 75.056: [GC (Allocation Failure) 2021-12-27T09:19:28.242+0800: 75.058: [ParNew: 46596K->4004K(47936K), 0.0442681 secs] 65153K->23254K(154432K), 0.0480867 secs] [Times: user=0.02 sys=0.00, real=0.05 secs] 
Heap after GC invocations=41 (full 1):
 par new generation   total 47936K, used 4004K [0x0000000724400000, 0x0000000727800000, 0x00000007390c0000)
  eden space 42624K,   0% used [0x0000000724400000, 0x0000000724400000, 0x0000000726da0000)
  from space 5312K,  75% used [0x00000007272d0000, 0x00000007276b9308, 0x0000000727800000)
  to   space 5312K,   0% used [0x0000000726da0000, 0x0000000726da0000, 0x00000007272d0000)
 concurrent mark-sweep generation total 106496K, used 19250K [0x00000007390c0000, 0x000000073f8c0000, 0x00000007c0000000)
 Metaspace       used 39832K, capacity 41676K, committed 41712K, reserved 1085440K
  class space    used 5119K, capacity 5465K, committed 5472K, reserved 1048576K
}
2021-12-27T09:19:28.291+0800: 75.107: Application time: 0.0019908 seconds
2021-12-27T09:19:28.301+0800: 75.117: [GC (CMS Initial Mark) [1 CMS-initial-mark: 19250K(106496K)] 24107K(154432K), 0.0169681 secs] [Times: user=0.01 sys=0.00, real=0.01 secs] 
2021-12-27T09:19:28.323+0800: 75.139: [CMS-concurrent-mark-start]
2021-12-27T09:19:28.674+0800: 75.490: [CMS-concurrent-mark: 0.351/0.351 secs] [Times: user=0.09 sys=0.01, real=0.35 secs] 
2021-12-27T09:19:28.675+0800: 75.491: [CMS-concurrent-preclean-start]
2021-12-27T09:19:28.688+0800: 75.504: [CMS-concurrent-preclean: 0.012/0.013 secs] [Times: user=0.00 sys=0.00, real=0.01 secs] 
2021-12-27T09:19:28.706+0800: 75.526: [CMS-concurrent-abortable-preclean-start]
2021-12-27T09:19:29.155+0800: 75.971: Application time: 0.8318524 seconds
2021-12-27T09:19:29.156+0800: 75.972: Application time: 0.0012279 seconds
2021-12-27T09:19:29.947+0800: 76.763: Application time: 0.7837671 seconds
2021-12-27T09:19:30.465+0800: 77.281: Application time: 0.5155569 seconds
2021-12-27T09:19:31.296+0800: 78.112: Application time: 0.8311969 seconds
2021-12-27T09:19:31.722+0800: 78.538: Application time: 0.4210788 seconds
{Heap before GC invocations=41 (full 2):
 par new generation   total 47936K, used 46628K [0x0000000724400000, 0x0000000727800000, 0x00000007390c0000)
  eden space 42624K, 100% used [0x0000000724400000, 0x0000000726da0000, 0x0000000726da0000)
  from space 5312K,  75% used [0x00000007272d0000, 0x00000007276b9308, 0x0000000727800000)
  to   space 5312K,   0% used [0x0000000726da0000, 0x0000000726da0000, 0x00000007272d0000)
 concurrent mark-sweep generation total 106496K, used 19250K [0x00000007390c0000, 0x000000073f8c0000, 0x00000007c0000000)
 Metaspace       used 41027K, capacity 42912K, committed 43116K, reserved 1087488K
  class space    used 5265K, capacity 5633K, committed 5700K, reserved 1048576K
2021-12-27T09:19:31.724+0800: 78.540: [GC (Allocation Failure) 2021-12-27T09:19:31.727+0800: 78.543: [ParNew2021-12-27T09:19:31.770+0800: 78.586: [CMS-concurrent-abortable-preclean: 2.436/3.060 secs] [Times: user=0.70 sys=0.07, real=3.06 secs] 
: 46628K->4998K(47936K), 0.1386875 secs] 65878K->24912K(154432K), 0.1428146 secs] [Times: user=0.03 sys=0.00, real=0.14 secs] 
Heap after GC invocations=42 (full 2):
 par new generation   total 47936K, used 4998K [0x0000000724400000, 0x0000000727800000, 0x00000007390c0000)
  eden space 42624K,   0% used [0x0000000724400000, 0x0000000724400000, 0x0000000726da0000)
  from space 5312K,  94% used [0x0000000726da0000, 0x0000000727281840, 0x00000007272d0000)
  to   space 5312K,   0% used [0x00000007272d0000, 0x00000007272d0000, 0x0000000727800000)
 concurrent mark-sweep generation total 106496K, used 19914K [0x00000007390c0000, 0x000000073f8c0000, 0x00000007c0000000)
 Metaspace       used 41027K, capacity 42912K, committed 43116K, reserved 1087488K
  class space    used 5265K, capacity 5633K, committed 5700K, reserved 1048576K
}
2021-12-27T09:19:31.868+0800: 78.684: Application time: 0.0002945 seconds
2021-12-27T09:19:31.868+0800: 78.684: [GC (CMS Final Remark) [YG occupancy: 5850 K (47936 K)]2021-12-27T09:19:31.875+0800: 78.691: [Rescan (parallel) , 0.0355803 secs]2021-12-27T09:19:31.919+0800: 78.735: [weak refs processing, 0.0012799 secs]2021-12-27T09:19:31.921+0800: 78.737: [class unloading, 0.0579666 secs]2021-12-27T09:19:31.982+0800: 78.798: [scrub symbol table, 0.1151249 secs]2021-12-27T09:19:32.097+0800: 78.913: [scrub string table, 0.0032701 secs][1 CMS-remark: 19914K(106496K)] 25764K(154432K), 0.2621843 secs] [Times: user=0.06 sys=0.01, real=0.26 secs] 
2021-12-27T09:19:32.173+0800: 78.989: [CMS-concurrent-sweep-start]
2021-12-27T09:19:32.274+0800: 79.090: [CMS-concurrent-sweep: 0.100/0.100 secs] [Times: user=0.03 sys=0.00, real=0.10 secs] 
2021-12-27T09:19:32.290+0800: 79.106: [CMS-concurrent-reset-start]
2021-12-27T09:19:32.319+0800: 79.135: [CMS-concurrent-reset: 0.029/0.029 secs] [Times: user=0.01 sys=0.00, real=0.03 secs] 
2021-12-27T09:19:32.964+0800: 79.780: Application time: 0.8317683 seconds
2021-12-27T09:19:33.968+0800: 80.784: Application time: 1.0024257 seconds
2021-12-27T09:19:34.334+0800: 81.150: Application time: 0.3651532 seconds
2021-12-27T09:19:34.957+0800: 81.773: Application time: 0.6194024 seconds
2021-12-27T09:19:35.344+0800: 82.160: Application time: 0.3870490 seconds
{Heap before GC invocations=42 (full 2):
 par new generation   total 47936K, used 47622K [0x0000000724400000, 0x0000000727800000, 0x00000007390c0000)
  eden space 42624K, 100% used [0x0000000724400000, 0x0000000726da0000, 0x0000000726da0000)
  from space 5312K,  94% used [0x0000000726da0000, 0x0000000727281840, 0x00000007272d0000)
  to   space 5312K,   0% used [0x00000007272d0000, 0x00000007272d0000, 0x0000000727800000)
 concurrent mark-sweep generation total 106496K, used 12024K [0x00000007390c0000, 0x000000073f8c0000, 0x00000007c0000000)
 Metaspace       used 42626K, capacity 44828K, committed 45088K, reserved 1089536K
  class space    used 5481K, capacity 5884K, committed 5956K, reserved 1048576K
2021-12-27T09:19:35.354+0800: 82.170: [GC (Allocation Failure) 2021-12-27T09:19:35.354+0800: 82.170: [ParNew: 47622K->5312K(47936K), 0.1037293 secs] 59646K->18584K(154432K), 0.1047135 secs] [Times: user=0.04 sys=0.00, real=0.10 secs] 
Heap after GC invocations=43 (full 2):
 par new generation   total 47936K, used 5312K [0x0000000724400000, 0x0000000727800000, 0x00000007390c0000)
  eden space 42624K,   0% used [0x0000000724400000, 0x0000000724400000, 0x0000000726da0000)
  from space 5312K, 100% used [0x00000007272d0000, 0x0000000727800000, 0x0000000727800000)
  to   space 5312K,   0% used [0x0000000726da0000, 0x0000000726da0000, 0x00000007272d0000)
 concurrent mark-sweep generation total 106496K, used 13272K [0x00000007390c0000, 0x000000073f8c0000, 0x00000007c0000000)
 Metaspace       used 42626K, capacity 44828K, committed 45088K, reserved 1089536K
  class space    used 5481K, capacity 5884K, committed 5956K, reserved 1048576K
}
2021-12-27T09:19:35.584+0800: 82.400: Application time: 0.1243905 seconds
2021-12-27T09:19:35.870+0800: 82.686: Application time: 0.2822301 seconds
2021-12-27T09:19:35.875+0800: 82.691: Application time: 0.0029085 seconds
2021-12-27T09:19:36.877+0800: 83.693: Application time: 1.0003656 seconds
2021-12-27T09:19:37.121+0800: 83.960: Application time: 0.2502501 seconds
2021-12-27T09:19:37.129+0800: 83.968: Application time: 0.0050896 seconds
2021-12-27T09:19:37.416+0800: 84.255: Application time: 0.2861011 seconds
{Heap before GC invocations=43 (full 2):
 par new generation   total 47936K, used 47936K [0x0000000724400000, 0x0000000727800000, 0x00000007390c0000)
  eden space 42624K, 100% used [0x0000000724400000, 0x0000000726da0000, 0x0000000726da0000)
  from space 5312K, 100% used [0x00000007272d0000, 0x0000000727800000, 0x0000000727800000)
  to   space 5312K,   0% used [0x0000000726da0000, 0x0000000726da0000, 0x00000007272d0000)
 concurrent mark-sweep generation total 106496K, used 13272K [0x00000007390c0000, 0x000000073f8c0000, 0x00000007c0000000)
 Metaspace       used 43785K, capacity 46096K, committed 46240K, reserved 1089536K
  class space    used 5606K, capacity 6022K, committed 6084K, reserved 1048576K
2021-12-27T09:19:37.416+0800: 84.256: [GC (Allocation Failure) 2021-12-27T09:19:37.417+0800: 84.256: [ParNew: 47936K->5312K(47936K), 0.0727154 secs] 61208K->20732K(154432K), 0.0738546 secs] [Times: user=0.03 sys=0.00, real=0.08 secs] 
Heap after GC invocations=44 (full 2):
 par new generation   total 47936K, used 5312K [0x0000000724400000, 0x0000000727800000, 0x00000007390c0000)
  eden space 42624K,   0% used [0x0000000724400000, 0x0000000724400000, 0x0000000726da0000)
  from space 5312K, 100% used [0x0000000726da0000, 0x00000007272d0000, 0x00000007272d0000)
  to   space 5312K,   0% used [0x00000007272d0000, 0x00000007272d0000, 0x0000000727800000)
 concurrent mark-sweep generation total 106496K, used 15420K [0x00000007390c0000, 0x000000073f8c0000, 0x00000007c0000000)
 Metaspace       used 43785K, capacity 46096K, committed 46240K, reserved 1089536K
  class space    used 5606K, capacity 6022K, committed 6084K, reserved 1048576K
}
2021-12-27T09:19:38.486+0800: 85.325: Application time: 0.9945612 seconds
2021-12-27T09:19:38.853+0800: 85.692: Application time: 0.3652649 seconds
{Heap before GC invocations=44 (full 2):
 par new generation   total 47936K, used 47911K [0x0000000724400000, 0x0000000727800000, 0x00000007390c0000)
  eden space 42624K,  99% used [0x0000000724400000, 0x0000000726d99fd0, 0x0000000726da0000)
  from space 5312K, 100% used [0x0000000726da0000, 0x00000007272d0000, 0x00000007272d0000)
  to   space 5312K,   0% used [0x00000007272d0000, 0x00000007272d0000, 0x0000000727800000)
 concurrent mark-sweep generation total 106496K, used 15420K [0x00000007390c0000, 0x000000073f8c0000, 0x00000007c0000000)
 Metaspace       used 44140K, capacity 46418K, committed 46624K, reserved 1089536K
  class space    used 5657K, capacity 6081K, committed 6212K, reserved 1048576K
2021-12-27T09:19:38.855+0800: 85.694: [GC (Allocation Failure) 2021-12-27T09:19:38.857+0800: 85.696: [ParNew: 47911K->4270K(47936K), 0.1210135 secs] 63332K->21334K(154432K), 0.1285471 secs] [Times: user=0.03 sys=0.00, real=0.13 secs] 
Heap after GC invocations=45 (full 2):
 par new generation   total 47936K, used 4270K [0x0000000724400000, 0x0000000727800000, 0x00000007390c0000)
  eden space 42624K,   0% used [0x0000000724400000, 0x0000000724400000, 0x0000000726da0000)
  from space 5312K,  80% used [0x00000007272d0000, 0x00000007276fbb50, 0x0000000727800000)
  to   space 5312K,   0% used [0x0000000726da0000, 0x0000000726da0000, 0x00000007272d0000)
 concurrent mark-sweep generation total 106496K, used 17063K [0x00000007390c0000, 0x000000073f8c0000, 0x00000007c0000000)
 Metaspace       used 44140K, capacity 46418K, committed 46624K, reserved 1089536K
  class space    used 5657K, capacity 6081K, committed 6212K, reserved 1048576K
}
2021-12-27T09:19:39.505+0800: 86.344: Application time: 0.5201687 seconds
{Heap before GC invocations=45 (full 2):
 par new generation   total 47936K, used 46894K [0x0000000724400000, 0x0000000727800000, 0x00000007390c0000)
  eden space 42624K, 100% used [0x0000000724400000, 0x0000000726da0000, 0x0000000726da0000)
  from space 5312K,  80% used [0x00000007272d0000, 0x00000007276fbb50, 0x0000000727800000)
  to   space 5312K,   0% used [0x0000000726da0000, 0x0000000726da0000, 0x00000007272d0000)
 concurrent mark-sweep generation total 106496K, used 17063K [0x00000007390c0000, 0x000000073f8c0000, 0x00000007c0000000)
 Metaspace       used 44434K, capacity 46794K, committed 47136K, reserved 1089536K
  class space    used 5706K, capacity 6117K, committed 6212K, reserved 1048576K
2021-12-27T09:19:39.505+0800: 86.345: [GC (Allocation Failure) 2021-12-27T09:19:39.506+0800: 86.345: [ParNew: 46894K->2296K(47936K), 0.0359757 secs] 63958K->21168K(154432K), 0.0370772 secs] [Times: user=0.02 sys=0.00, real=0.04 secs] 
Heap after GC invocations=46 (full 2):
 par new generation   total 47936K, used 2296K [0x0000000724400000, 0x0000000727800000, 0x00000007390c0000)
  eden space 42624K,   0% used [0x0000000724400000, 0x0000000724400000, 0x0000000726da0000)
  from space 5312K,  43% used [0x0000000726da0000, 0x0000000726fde3c8, 0x00000007272d0000)
  to   space 5312K,   0% used [0x00000007272d0000, 0x00000007272d0000, 0x0000000727800000)
 concurrent mark-sweep generation total 106496K, used 18871K [0x00000007390c0000, 0x000000073f8c0000, 0x00000007c0000000)
 Metaspace       used 44434K, capacity 46794K, committed 47136K, reserved 1089536K
  class space    used 5706K, capacity 6117K, committed 6212K, reserved 1048576K
}
2021-12-27T09:19:40.284+0800: 87.123: Application time: 0.7401647 seconds
2021-12-27T09:19:40.569+0800: 87.408: Application time: 0.2851980 seconds
2021-12-27T09:19:40.623+0800: 87.462: Application time: 0.0531211 seconds
2021-12-27T09:19:40.669+0800: 87.508: Application time: 0.0451980 seconds
2021-12-27T09:19:41.094+0800: 87.933: Application time: 0.4129224 seconds
2021-12-27T09:19:41.103+0800: 87.942: Application time: 0.0082920 seconds
2021-12-27T09:19:41.417+0800: 88.256: Application time: 0.3137506 seconds
2021-12-27T09:19:41.551+0800: 88.390: Application time: 0.1334273 seconds
2021-12-27T09:19:41.552+0800: 88.391: Application time: 0.0007188 seconds
2021-12-27T09:19:41.786+0800: 88.625: Application time: 0.2338216 seconds
2021-12-27T09:19:42.219+0800: 89.058: Application time: 0.4332287 seconds
2021-12-27T09:19:42.232+0800: 89.071: Application time: 0.0122385 seconds
{Heap before GC invocations=46 (full 2):
 par new generation   total 47936K, used 44920K [0x0000000724400000, 0x0000000727800000, 0x00000007390c0000)
  eden space 42624K, 100% used [0x0000000724400000, 0x0000000726da0000, 0x0000000726da0000)
  from space 5312K,  43% used [0x0000000726da0000, 0x0000000726fde3c8, 0x00000007272d0000)
  to   space 5312K,   0% used [0x00000007272d0000, 0x00000007272d0000, 0x0000000727800000)
 concurrent mark-sweep generation total 106496K, used 18871K [0x00000007390c0000, 0x000000073f8c0000, 0x00000007c0000000)
 Metaspace       used 49666K, capacity 52086K, committed 52256K, reserved 1095680K
  class space    used 6225K, capacity 6667K, committed 6724K, reserved 1048576K
2021-12-27T09:19:42.239+0800: 89.078: [GC (Allocation Failure) 2021-12-27T09:19:42.240+0800: 89.079: [ParNew: 44920K->5311K(47936K), 0.0618203 secs] 63792K->24199K(154432K), 0.0633418 secs] [Times: user=0.02 sys=0.00, real=0.06 secs] 
Heap after GC invocations=47 (full 2):
 par new generation   total 47936K, used 5311K [0x0000000724400000, 0x0000000727800000, 0x00000007390c0000)
  eden space 42624K,   0% used [0x0000000724400000, 0x0000000724400000, 0x0000000726da0000)
  from space 5312K,  99% used [0x00000007272d0000, 0x00000007277ffff8, 0x0000000727800000)
  to   space 5312K,   0% used [0x0000000726da0000, 0x0000000726da0000, 0x00000007272d0000)
 concurrent mark-sweep generation total 106496K, used 18887K [0x00000007390c0000, 0x000000073f8c0000, 0x00000007c0000000)
 Metaspace       used 49666K, capacity 52086K, committed 52256K, reserved 1095680K
  class space    used 6225K, capacity 6667K, committed 6724K, reserved 1048576K
}
2021-12-27T09:19:42.304+0800: 89.143: Application time: 0.0011637 seconds
2021-12-27T09:19:42.305+0800: 89.144: Application time: 0.0002195 seconds
2021-12-27T09:19:42.334+0800: 89.173: Application time: 0.0000687 seconds
2021-12-27T09:19:42.336+0800: 89.175: Application time: 0.0020971 seconds
2021-12-27T09:19:42.340+0800: 89.180: Application time: 0.0026316 seconds
2021-12-27T09:19:42.343+0800: 89.183: Application time: 0.0004660 seconds
2021-12-27T09:19:42.344+0800: 89.183: Application time: 0.0001044 seconds
2021-12-27T09:19:42.365+0800: 89.204: Application time: 0.0001041 seconds
2021-12-27T09:19:42.375+0800: 89.214: Application time: 0.0094710 seconds
2021-12-27T09:19:42.376+0800: 89.215: Application time: 0.0003767 seconds
2021-12-27T09:19:42.377+0800: 89.216: Application time: 0.0015491 seconds
2021-12-27T09:19:42.389+0800: 89.228: Application time: 0.0112945 seconds
2021-12-27T09:19:42.392+0800: 89.231: Application time: 0.0031470 seconds
2021-12-27T09:19:42.414+0800: 89.253: Application time: 0.0213043 seconds
2021-12-27T09:19:42.425+0800: 89.265: Application time: 0.0020448 seconds
2021-12-27T09:19:42.428+0800: 89.268: Application time: 0.0010632 seconds
2021-12-27T09:19:42.432+0800: 89.271: Application time: 0.0015053 seconds
2021-12-27T09:19:42.433+0800: 89.272: Application time: 0.0001813 seconds
2021-12-27T09:19:42.530+0800: 89.372: Application time: 0.0616452 seconds
2021-12-27T09:19:42.567+0800: 89.406: Application time: 0.0074605 seconds
2021-12-27T09:19:42.578+0800: 89.418: Application time: 0.0114798 seconds
2021-12-27T09:19:43.502+0800: 90.341: Application time: 0.9200304 seconds
{Heap before GC invocations=47 (full 2):
 par new generation   total 47936K, used 47935K [0x0000000724400000, 0x0000000727800000, 0x00000007390c0000)
  eden space 42624K, 100% used [0x0000000724400000, 0x0000000726da0000, 0x0000000726da0000)
  from space 5312K,  99% used [0x00000007272d0000, 0x00000007277ffff8, 0x0000000727800000)
  to   space 5312K,   0% used [0x0000000726da0000, 0x0000000726da0000, 0x00000007272d0000)
 concurrent mark-sweep generation total 106496K, used 18887K [0x00000007390c0000, 0x000000073f8c0000, 0x00000007c0000000)
 Metaspace       used 50797K, capacity 53296K, committed 53664K, reserved 1095680K
  class space    used 6333K, capacity 6768K, committed 6852K, reserved 1048576K
2021-12-27T09:19:43.513+0800: 90.352: [GC (Allocation Failure) 2021-12-27T09:19:43.513+0800: 90.352: [ParNew: 47935K->3600K(47936K), 0.0894924 secs] 66823K->26454K(154432K), 0.0952545 secs] [Times: user=0.03 sys=0.00, real=0.10 secs] 
Heap after GC invocations=48 (full 2):
 par new generation   total 47936K, used 3600K [0x0000000724400000, 0x0000000727800000, 0x00000007390c0000)
  eden space 42624K,   0% used [0x0000000724400000, 0x0000000724400000, 0x0000000726da0000)
  from space 5312K,  67% used [0x0000000726da0000, 0x0000000727124340, 0x00000007272d0000)
  to   space 5312K,   0% used [0x00000007272d0000, 0x00000007272d0000, 0x0000000727800000)
 concurrent mark-sweep generation total 106496K, used 22853K [0x00000007390c0000, 0x000000073f8c0000, 0x00000007c0000000)
 Metaspace       used 50797K, capacity 53296K, committed 53664K, reserved 1095680K
  class space    used 6333K, capacity 6768K, committed 6852K, reserved 1048576K
}
2021-12-27T09:19:44.239+0800: 91.078: Application time: 0.6297100 seconds
{Heap before GC invocations=48 (full 2):
 par new generation   total 47936K, used 46224K [0x0000000724400000, 0x0000000727800000, 0x00000007390c0000)
  eden space 42624K, 100% used [0x0000000724400000, 0x0000000726da0000, 0x0000000726da0000)
  from space 5312K,  67% used [0x0000000726da0000, 0x0000000727124340, 0x00000007272d0000)
  to   space 5312K,   0% used [0x00000007272d0000, 0x00000007272d0000, 0x0000000727800000)
 concurrent mark-sweep generation total 106496K, used 22853K [0x00000007390c0000, 0x000000073f8c0000, 0x00000007c0000000)
 Metaspace       used 51383K, capacity 53864K, committed 54048K, reserved 1095680K
  class space    used 6423K, capacity 6868K, committed 6980K, reserved 1048576K
2021-12-27T09:19:44.240+0800: 91.079: [GC (Allocation Failure) 2021-12-27T09:19:44.241+0800: 91.080: [ParNew: 46224K->2864K(47936K), 0.0384185 secs] 69078K->25718K(154432K), 0.0470966 secs] [Times: user=0.01 sys=0.00, real=0.04 secs] 
Heap after GC invocations=49 (full 2):
 par new generation   total 47936K, used 2864K [0x0000000724400000, 0x0000000727800000, 0x00000007390c0000)
  eden space 42624K,   0% used [0x0000000724400000, 0x0000000724400000, 0x0000000726da0000)
  from space 5312K,  53% used [0x00000007272d0000, 0x000000072759c128, 0x0000000727800000)
  to   space 5312K,   0% used [0x0000000726da0000, 0x0000000726da0000, 0x00000007272d0000)
 concurrent mark-sweep generation total 106496K, used 22853K [0x00000007390c0000, 0x000000073f8c0000, 0x00000007c0000000)
 Metaspace       used 51383K, capacity 53864K, committed 54048K, reserved 1095680K
  class space    used 6423K, capacity 6868K, committed 6980K, reserved 1048576K
}
2021-12-27T09:19:44.633+0800: 91.472: Application time: 0.3452324 seconds
{Heap before GC invocations=49 (full 2):
 par new generation   total 47936K, used 45488K [0x0000000724400000, 0x0000000727800000, 0x00000007390c0000)
  eden space 42624K, 100% used [0x0000000724400000, 0x0000000726da0000, 0x0000000726da0000)
  from space 5312K,  53% used [0x00000007272d0000, 0x000000072759c128, 0x0000000727800000)
  to   space 5312K,   0% used [0x0000000726da0000, 0x0000000726da0000, 0x00000007272d0000)
 concurrent mark-sweep generation total 106496K, used 22853K [0x00000007390c0000, 0x000000073f8c0000, 0x00000007c0000000)
 Metaspace       used 52045K, capacity 54506K, committed 54944K, reserved 1097728K
  class space    used 6544K, capacity 6997K, committed 7108K, reserved 1048576K
2021-12-27T09:19:44.634+0800: 91.473: [GC (Allocation Failure) 2021-12-27T09:19:44.634+0800: 91.474: [ParNew: 45488K->2222K(47936K), 0.0223833 secs] 68342K->25076K(154432K), 0.0233558 secs] [Times: user=0.01 sys=0.01, real=0.02 secs] 
Heap after GC invocations=50 (full 2):
 par new generation   total 47936K, used 2222K [0x0000000724400000, 0x0000000727800000, 0x00000007390c0000)
  eden space 42624K,   0% used [0x0000000724400000, 0x0000000724400000, 0x0000000726da0000)
  from space 5312K,  41% used [0x0000000726da0000, 0x0000000726fcbba8, 0x00000007272d0000)
  to   space 5312K,   0% used [0x00000007272d0000, 0x00000007272d0000, 0x0000000727800000)
 concurrent mark-sweep generation total 106496K, used 22853K [0x00000007390c0000, 0x000000073f8c0000, 0x00000007c0000000)
 Metaspace       used 52045K, capacity 54506K, committed 54944K, reserved 1097728K
  class space    used 6544K, capacity 6997K, committed 7108K, reserved 1048576K
}
2021-12-27T09:19:45.400+0800: 92.239: Application time: 0.7414803 seconds
{Heap before GC invocations=50 (full 2):
 par new generation   total 47936K, used 44846K [0x0000000724400000, 0x0000000727800000, 0x00000007390c0000)
  eden space 42624K, 100% used [0x0000000724400000, 0x0000000726da0000, 0x0000000726da0000)
  from space 5312K,  41% used [0x0000000726da0000, 0x0000000726fcbba8, 0x00000007272d0000)
  to   space 5312K,   0% used [0x00000007272d0000, 0x00000007272d0000, 0x0000000727800000)
 concurrent mark-sweep generation total 106496K, used 22853K [0x00000007390c0000, 0x000000073f8c0000, 0x00000007c0000000)
 Metaspace       used 52787K, capacity 55288K, committed 55584K, reserved 1097728K
  class space    used 6680K, capacity 7138K, committed 7236K, reserved 1048576K
2021-12-27T09:19:45.401+0800: 92.240: [GC (Allocation Failure) 2021-12-27T09:19:45.401+0800: 92.240: [ParNew: 44846K->2859K(47936K), 0.0435169 secs] 67700K->25713K(154432K), 0.0443408 secs] [Times: user=0.02 sys=0.00, real=0.04 secs] 
Heap after GC invocations=51 (full 2):
 par new generation   total 47936K, used 2859K [0x0000000724400000, 0x0000000727800000, 0x00000007390c0000)
  eden space 42624K,   0% used [0x0000000724400000, 0x0000000724400000, 0x0000000726da0000)
  from space 5312K,  53% used [0x00000007272d0000, 0x000000072759af68, 0x0000000727800000)
  to   space 5312K,   0% used [0x0000000726da0000, 0x0000000726da0000, 0x00000007272d0000)
 concurrent mark-sweep generation total 106496K, used 22853K [0x00000007390c0000, 0x000000073f8c0000, 0x00000007c0000000)
 Metaspace       used 52787K, capacity 55288K, committed 55584K, reserved 1097728K
  class space    used 6680K, capacity 7138K, committed 7236K, reserved 1048576K
}
2021-12-27T09:19:46.446+0800: 93.285: Application time: 1.0000958 seconds
2021-12-27T09:19:46.656+0800: 93.495: Application time: 0.1868792 seconds
{Heap before GC invocations=51 (full 2):
 par new generation   total 47936K, used 45483K [0x0000000724400000, 0x0000000727800000, 0x00000007390c0000)
  eden space 42624K, 100% used [0x0000000724400000, 0x0000000726da0000, 0x0000000726da0000)
  from space 5312K,  53% used [0x00000007272d0000, 0x000000072759af68, 0x0000000727800000)
  to   space 5312K,   0% used [0x0000000726da0000, 0x0000000726da0000, 0x00000007272d0000)
 concurrent mark-sweep generation total 106496K, used 22853K [0x00000007390c0000, 0x000000073f8c0000, 0x00000007c0000000)
 Metaspace       used 54553K, capacity 57114K, committed 57248K, reserved 1099776K
  class space    used 7049K, capacity 7535K, committed 7620K, reserved 1048576K
2021-12-27T09:19:46.657+0800: 93.496: [GC (Allocation Failure) 2021-12-27T09:19:46.658+0800: 93.497: [ParNew: 45483K->3309K(47936K), 0.0516690 secs] 68337K->26162K(154432K), 0.0528278 secs] [Times: user=0.02 sys=0.00, real=0.06 secs] 
Heap after GC invocations=52 (full 2):
 par new generation   total 47936K, used 3309K [0x0000000724400000, 0x0000000727800000, 0x00000007390c0000)
  eden space 42624K,   0% used [0x0000000724400000, 0x0000000724400000, 0x0000000726da0000)
  from space 5312K,  62% used [0x0000000726da0000, 0x00000007270db418, 0x00000007272d0000)
  to   space 5312K,   0% used [0x00000007272d0000, 0x00000007272d0000, 0x0000000727800000)
 concurrent mark-sweep generation total 106496K, used 22853K [0x00000007390c0000, 0x000000073f8c0000, 0x00000007c0000000)
 Metaspace       used 54553K, capacity 57114K, committed 57248K, reserved 1099776K
  class space    used 7049K, capacity 7535K, committed 7620K, reserved 1048576K
}
2021-12-27T09:19:47.718+0800: 94.557: Application time: 1.0070724 seconds
2021-12-27T09:19:47.839+0800: 94.678: Application time: 0.1206939 seconds
{Heap before GC invocations=52 (full 2):
 par new generation   total 47936K, used 45933K [0x0000000724400000, 0x0000000727800000, 0x00000007390c0000)
  eden space 42624K, 100% used [0x0000000724400000, 0x0000000726da0000, 0x0000000726da0000)
  from space 5312K,  62% used [0x0000000726da0000, 0x00000007270db418, 0x00000007272d0000)
  to   space 5312K,   0% used [0x00000007272d0000, 0x00000007272d0000, 0x0000000727800000)
 concurrent mark-sweep generation total 106496K, used 22853K [0x00000007390c0000, 0x000000073f8c0000, 0x00000007c0000000)
 Metaspace       used 56364K, capacity 58946K, committed 59296K, reserved 1101824K
  class space    used 7308K, capacity 7797K, committed 7876K, reserved 1048576K
2021-12-27T09:19:47.840+0800: 94.679: [GC (Allocation Failure) 2021-12-27T09:19:47.840+0800: 94.680: [ParNew: 45933K->3450K(47936K), 0.0497836 secs] 68786K->26303K(154432K), 0.0532983 secs] [Times: user=0.01 sys=0.00, real=0.05 secs] 
Heap after GC invocations=53 (full 2):
 par new generation   total 47936K, used 3450K [0x0000000724400000, 0x0000000727800000, 0x00000007390c0000)
  eden space 42624K,   0% used [0x0000000724400000, 0x0000000724400000, 0x0000000726da0000)
  from space 5312K,  64% used [0x00000007272d0000, 0x000000072762e820, 0x0000000727800000)
  to   space 5312K,   0% used [0x0000000726da0000, 0x0000000726da0000, 0x00000007272d0000)
 concurrent mark-sweep generation total 106496K, used 22853K [0x00000007390c0000, 0x000000073f8c0000, 0x00000007c0000000)
 Metaspace       used 56364K, capacity 58946K, committed 59296K, reserved 1101824K
  class space    used 7308K, capacity 7797K, committed 7876K, reserved 1048576K
}
2021-12-27T09:19:48.004+0800: 94.843: Application time: 0.1064533 seconds
2021-12-27T09:19:48.148+0800: 94.987: Application time: 0.1433130 seconds
2021-12-27T09:19:49.004+0800: 95.843: Application time: 0.8554571 seconds
2021-12-27T09:19:49.237+0800: 96.076: Application time: 0.2324000 seconds
{Heap before GC invocations=53 (full 2):
 par new generation   total 47936K, used 46074K [0x0000000724400000, 0x0000000727800000, 0x00000007390c0000)
  eden space 42624K, 100% used [0x0000000724400000, 0x0000000726da0000, 0x0000000726da0000)
  from space 5312K,  64% used [0x00000007272d0000, 0x000000072762e820, 0x0000000727800000)
  to   space 5312K,   0% used [0x0000000726da0000, 0x0000000726da0000, 0x00000007272d0000)
 concurrent mark-sweep generation total 106496K, used 22853K [0x00000007390c0000, 0x000000073f8c0000, 0x00000007c0000000)
 Metaspace       used 57812K, capacity 60420K, committed 60704K, reserved 1101824K
  class space    used 7490K, capacity 7964K, committed 8004K, reserved 1048576K
2021-12-27T09:19:49.247+0800: 96.086: [GC (Allocation Failure) 2021-12-27T09:19:49.248+0800: 96.087: [ParNew: 46074K->3360K(47936K), 0.0579818 secs] 68927K->26214K(154432K), 0.0596364 secs] [Times: user=0.02 sys=0.00, real=0.06 secs] 
Heap after GC invocations=54 (full 2):
 par new generation   total 47936K, used 3360K [0x0000000724400000, 0x0000000727800000, 0x00000007390c0000)
  eden space 42624K,   0% used [0x0000000724400000, 0x0000000724400000, 0x0000000726da0000)
  from space 5312K,  63% used [0x0000000726da0000, 0x00000007270e8230, 0x00000007272d0000)
  to   space 5312K,   0% used [0x00000007272d0000, 0x00000007272d0000, 0x0000000727800000)
 concurrent mark-sweep generation total 106496K, used 22853K [0x00000007390c0000, 0x000000073f8c0000, 0x00000007c0000000)
 Metaspace       used 57812K, capacity 60420K, committed 60704K, reserved 1101824K
  class space    used 7490K, capacity 7964K, committed 8004K, reserved 1048576K
}
2021-12-27T09:19:49.754+0800: 96.593: Application time: 0.4461006 seconds
2021-12-27T09:19:49.754+0800: 96.593: Application time: 0.0000413 seconds
2021-12-27T09:19:49.938+0800: 96.777: Application time: 0.1841365 seconds
2021-12-27T09:19:49.938+0800: 96.777: Application time: 0.0000387 seconds
2021-12-27T09:19:50.032+0800: 96.880: Application time: 0.1031288 seconds
2021-12-27T09:19:50.043+0800: 96.882: Application time: 0.0000469 seconds
2021-12-27T09:19:50.410+0800: 97.250: Application time: 0.3670362 seconds
2021-12-27T09:19:50.464+0800: 97.303: Application time: 0.0529504 seconds
2021-12-27T09:19:50.480+0800: 97.319: Application time: 0.0164123 seconds
2021-12-27T09:19:50.902+0800: 97.741: Application time: 0.4222388 seconds
{Heap before GC invocations=54 (full 2):
 par new generation   total 47936K, used 45984K [0x0000000724400000, 0x0000000727800000, 0x00000007390c0000)
  eden space 42624K, 100% used [0x0000000724400000, 0x0000000726da0000, 0x0000000726da0000)
  from space 5312K,  63% used [0x0000000726da0000, 0x00000007270e8230, 0x00000007272d0000)
  to   space 5312K,   0% used [0x00000007272d0000, 0x00000007272d0000, 0x0000000727800000)
 concurrent mark-sweep generation total 106496K, used 22853K [0x00000007390c0000, 0x000000073f8c0000, 0x00000007c0000000)
 Metaspace       used 59626K, capacity 62318K, committed 62496K, reserved 1103872K
  class space    used 7705K, capacity 8179K, committed 8260K, reserved 1048576K
2021-12-27T09:19:50.903+0800: 97.743: [GC (Allocation Failure) 2021-12-27T09:19:50.904+0800: 97.743: [ParNew: 45984K->3560K(47936K), 0.0705866 secs] 68838K->27246K(154432K), 0.0715157 secs] [Times: user=0.02 sys=0.00, real=0.07 secs] 
Heap after GC invocations=55 (full 2):
 par new generation   total 47936K, used 3560K [0x0000000724400000, 0x0000000727800000, 0x00000007390c0000)
  eden space 42624K,   0% used [0x0000000724400000, 0x0000000724400000, 0x0000000726da0000)
  from space 5312K,  67% used [0x00000007272d0000, 0x000000072764a240, 0x0000000727800000)
  to   space 5312K,   0% used [0x0000000726da0000, 0x0000000726da0000, 0x00000007272d0000)
 concurrent mark-sweep generation total 106496K, used 23685K [0x00000007390c0000, 0x000000073f8c0000, 0x00000007c0000000)
 Metaspace       used 59626K, capacity 62318K, committed 62496K, reserved 1103872K
  class space    used 7705K, capacity 8179K, committed 8260K, reserved 1048576K
}
2021-12-27T09:19:51.696+0800: 98.535: Application time: 0.7201479 seconds
{Heap before GC invocations=55 (full 2):
 par new generation   total 47936K, used 46184K [0x0000000724400000, 0x0000000727800000, 0x00000007390c0000)
  eden space 42624K, 100% used [0x0000000724400000, 0x0000000726da0000, 0x0000000726da0000)
  from space 5312K,  67% used [0x00000007272d0000, 0x000000072764a240, 0x0000000727800000)
  to   space 5312K,   0% used [0x0000000726da0000, 0x0000000726da0000, 0x00000007272d0000)
 concurrent mark-sweep generation total 106496K, used 23685K [0x00000007390c0000, 0x000000073f8c0000, 0x00000007c0000000)
 Metaspace       used 60371K, capacity 63066K, committed 63392K, reserved 1103872K
  class space    used 7863K, capacity 8341K, committed 8388K, reserved 1048576K
2021-12-27T09:19:51.696+0800: 98.535: [GC (Allocation Failure) 2021-12-27T09:19:51.697+0800: 98.536: [ParNew: 46184K->3834K(47936K), 0.0508448 secs] 69870K->27861K(154432K), 0.0617675 secs] [Times: user=0.02 sys=0.01, real=0.07 secs] 
Heap after GC invocations=56 (full 2):
 par new generation   total 47936K, used 3834K [0x0000000724400000, 0x0000000727800000, 0x00000007390c0000)
  eden space 42624K,   0% used [0x0000000724400000, 0x0000000724400000, 0x0000000726da0000)
  from space 5312K,  72% used [0x0000000726da0000, 0x000000072715e898, 0x00000007272d0000)
  to   space 5312K,   0% used [0x00000007272d0000, 0x00000007272d0000, 0x0000000727800000)
 concurrent mark-sweep generation total 106496K, used 24027K [0x00000007390c0000, 0x000000073f8c0000, 0x00000007c0000000)
 Metaspace       used 60371K, capacity 63066K, committed 63392K, reserved 1103872K
  class space    used 7863K, capacity 8341K, committed 8388K, reserved 1048576K
}
2021-12-27T09:19:52.281+0800: 99.120: Application time: 0.5213414 seconds
{Heap before GC invocations=56 (full 2):
 par new generation   total 47936K, used 46458K [0x0000000724400000, 0x0000000727800000, 0x00000007390c0000)
  eden space 42624K, 100% used [0x0000000724400000, 0x0000000726da0000, 0x0000000726da0000)
  from space 5312K,  72% used [0x0000000726da0000, 0x000000072715e898, 0x00000007272d0000)
  to   space 5312K,   0% used [0x00000007272d0000, 0x00000007272d0000, 0x0000000727800000)
 concurrent mark-sweep generation total 106496K, used 24027K [0x00000007390c0000, 0x000000073f8c0000, 0x00000007c0000000)
 Metaspace       used 60938K, capacity 63584K, committed 63776K, reserved 1103872K
  class space    used 7988K, capacity 8470K, committed 8516K, reserved 1048576K
2021-12-27T09:19:52.281+0800: 99.120: [GC (Allocation Failure) 2021-12-27T09:19:52.282+0800: 99.121: [ParNew: 46458K->2689K(47936K), 0.0348663 secs] 70485K->26717K(154432K), 0.0360394 secs] [Times: user=0.01 sys=0.00, real=0.03 secs] 
Heap after GC invocations=57 (full 2):
 par new generation   total 47936K, used 2689K [0x0000000724400000, 0x0000000727800000, 0x00000007390c0000)
  eden space 42624K,   0% used [0x0000000724400000, 0x0000000724400000, 0x0000000726da0000)
  from space 5312K,  50% used [0x00000007272d0000, 0x0000000727570710, 0x0000000727800000)
  to   space 5312K,   0% used [0x0000000726da0000, 0x0000000726da0000, 0x00000007272d0000)
 concurrent mark-sweep generation total 106496K, used 24027K [0x00000007390c0000, 0x000000073f8c0000, 0x00000007c0000000)
 Metaspace       used 60938K, capacity 63584K, committed 63776K, reserved 1103872K
  class space    used 7988K, capacity 8470K, committed 8516K, reserved 1048576K
}
2021-12-27T09:19:52.749+0800: 99.589: Application time: 0.4308432 seconds
{Heap before GC invocations=57 (full 2):
 par new generation   total 47936K, used 45313K [0x0000000724400000, 0x0000000727800000, 0x00000007390c0000)
  eden space 42624K, 100% used [0x0000000724400000, 0x0000000726da0000, 0x0000000726da0000)
  from space 5312K,  50% used [0x00000007272d0000, 0x0000000727570710, 0x0000000727800000)
  to   space 5312K,   0% used [0x0000000726da0000, 0x0000000726da0000, 0x00000007272d0000)
 concurrent mark-sweep generation total 106496K, used 24027K [0x00000007390c0000, 0x000000073f8c0000, 0x00000007c0000000)
 Metaspace       used 61638K, capacity 64300K, committed 64416K, reserved 1105920K
  class space    used 8100K, capacity 8600K, committed 8644K, reserved 1048576K
2021-12-27T09:19:52.750+0800: 99.589: [GC (Allocation Failure) 2021-12-27T09:19:52.751+0800: 99.590: [ParNew: 45313K->3130K(47936K), 0.0411741 secs] 69341K->27158K(154432K), 0.0424093 secs] [Times: user=0.02 sys=0.00, real=0.04 secs] 
Heap after GC invocations=58 (full 2):
 par new generation   total 47936K, used 3130K [0x0000000724400000, 0x0000000727800000, 0x00000007390c0000)
  eden space 42624K,   0% used [0x0000000724400000, 0x0000000724400000, 0x0000000726da0000)
  from space 5312K,  58% used [0x0000000726da0000, 0x00000007270ae9e0, 0x00000007272d0000)
  to   space 5312K,   0% used [0x00000007272d0000, 0x00000007272d0000, 0x0000000727800000)
 concurrent mark-sweep generation total 106496K, used 24027K [0x00000007390c0000, 0x000000073f8c0000, 0x00000007c0000000)
 Metaspace       used 61638K, capacity 64300K, committed 64416K, reserved 1105920K
  class space    used 8100K, capacity 8600K, committed 8644K, reserved 1048576K
}
2021-12-27T09:19:53.332+0800: 100.171: Application time: 0.5387002 seconds
2021-12-27T09:19:53.934+0800: 100.773: Application time: 0.6019624 seconds
2021-12-27T09:19:54.436+0800: 101.275: Application time: 0.5017430 seconds
{Heap before GC invocations=58 (full 2):
 par new generation   total 47936K, used 45754K [0x0000000724400000, 0x0000000727800000, 0x00000007390c0000)
  eden space 42624K, 100% used [0x0000000724400000, 0x0000000726da0000, 0x0000000726da0000)
  from space 5312K,  58% used [0x0000000726da0000, 0x00000007270ae9e0, 0x00000007272d0000)
  to   space 5312K,   0% used [0x00000007272d0000, 0x00000007272d0000, 0x0000000727800000)
 concurrent mark-sweep generation total 106496K, used 24027K [0x00000007390c0000, 0x000000073f8c0000, 0x00000007c0000000)
 Metaspace       used 62475K, capacity 65184K, committed 65568K, reserved 1105920K
  class space    used 8185K, capacity 8674K, committed 8772K, reserved 1048576K
2021-12-27T09:19:54.437+0800: 101.276: [GC (Allocation Failure) 2021-12-27T09:19:54.438+0800: 101.277: [ParNew: 45754K->3711K(47936K), 0.0633109 secs] 69782K->27826K(154432K), 0.0720575 secs] [Times: user=0.03 sys=0.00, real=0.08 secs] 
Heap after GC invocations=59 (full 2):
 par new generation   total 47936K, used 3711K [0x0000000724400000, 0x0000000727800000, 0x00000007390c0000)
  eden space 42624K,   0% used [0x0000000724400000, 0x0000000724400000, 0x0000000726da0000)
  from space 5312K,  69% used [0x00000007272d0000, 0x000000072766fc00, 0x0000000727800000)
  to   space 5312K,   0% used [0x0000000726da0000, 0x0000000726da0000, 0x00000007272d0000)
 concurrent mark-sweep generation total 106496K, used 24115K [0x00000007390c0000, 0x000000073f8c0000, 0x00000007c0000000)
 Metaspace       used 62475K, capacity 65184K, committed 65568K, reserved 1105920K
  class space    used 8185K, capacity 8674K, committed 8772K, reserved 1048576K
}
2021-12-27T09:19:55.410+0800: 102.249: Application time: 0.8985471 seconds
{Heap before GC invocations=59 (full 2):
 par new generation   total 47936K, used 46335K [0x0000000724400000, 0x0000000727800000, 0x00000007390c0000)
  eden space 42624K, 100% used [0x0000000724400000, 0x0000000726da0000, 0x0000000726da0000)
  from space 5312K,  69% used [0x00000007272d0000, 0x000000072766fc00, 0x0000000727800000)
  to   space 5312K,   0% used [0x0000000726da0000, 0x0000000726da0000, 0x00000007272d0000)
 concurrent mark-sweep generation total 106496K, used 24115K [0x00000007390c0000, 0x000000073f8c0000, 0x00000007c0000000)
 Metaspace       used 63454K, capacity 66202K, committed 66464K, reserved 1107968K
  class space    used 8338K, capacity 8841K, committed 8900K, reserved 1048576K
2021-12-27T09:19:55.411+0800: 102.250: [GC (Allocation Failure) 2021-12-27T09:19:55.412+0800: 102.251: [ParNew: 46335K->5038K(47936K), 0.0453472 secs] 70450K->29310K(154432K), 0.0464070 secs] [Times: user=0.02 sys=0.00, real=0.05 secs] 
Heap after GC invocations=60 (full 2):
 par new generation   total 47936K, used 5038K [0x0000000724400000, 0x0000000727800000, 0x00000007390c0000)
  eden space 42624K,   0% used [0x0000000724400000, 0x0000000724400000, 0x0000000726da0000)
  from space 5312K,  94% used [0x0000000726da0000, 0x000000072728b940, 0x00000007272d0000)
  to   space 5312K,   0% used [0x00000007272d0000, 0x00000007272d0000, 0x0000000727800000)
 concurrent mark-sweep generation total 106496K, used 24272K [0x00000007390c0000, 0x000000073f8c0000, 0x00000007c0000000)
 Metaspace       used 63454K, capacity 66202K, committed 66464K, reserved 1107968K
  class space    used 8338K, capacity 8841K, committed 8900K, reserved 1048576K
}
2021-12-27T09:19:56.465+0800: 103.304: Application time: 1.0068280 seconds
2021-12-27T09:19:56.766+0800: 103.606: Application time: 0.3004744 seconds
{Heap before GC invocations=60 (full 2):
 par new generation   total 47936K, used 47662K [0x0000000724400000, 0x0000000727800000, 0x00000007390c0000)
  eden space 42624K, 100% used [0x0000000724400000, 0x0000000726da0000, 0x0000000726da0000)
  from space 5312K,  94% used [0x0000000726da0000, 0x000000072728b940, 0x00000007272d0000)
  to   space 5312K,   0% used [0x00000007272d0000, 0x00000007272d0000, 0x0000000727800000)
 concurrent mark-sweep generation total 106496K, used 24272K [0x00000007390c0000, 0x000000073f8c0000, 0x00000007c0000000)
 Metaspace       used 64931K, capacity 67656K, committed 67872K, reserved 1107968K
  class space    used 8492K, capacity 8982K, committed 9028K, reserved 1048576K
2021-12-27T09:19:56.767+0800: 103.606: [GC (Allocation Failure) 2021-12-27T09:19:56.770+0800: 103.609: [ParNew: 47662K->4026K(47936K), 0.1016981 secs] 71934K->28910K(154432K), 0.1062209 secs] [Times: user=0.03 sys=0.00, real=0.11 secs] 
Heap after GC invocations=61 (full 2):
 par new generation   total 47936K, used 4026K [0x0000000724400000, 0x0000000727800000, 0x00000007390c0000)
  eden space 42624K,   0% used [0x0000000724400000, 0x0000000724400000, 0x0000000726da0000)
  from space 5312K,  75% used [0x00000007272d0000, 0x00000007276be960, 0x0000000727800000)
  to   space 5312K,   0% used [0x0000000726da0000, 0x0000000726da0000, 0x00000007272d0000)
 concurrent mark-sweep generation total 106496K, used 24883K [0x00000007390c0000, 0x000000073f8c0000, 0x00000007c0000000)
 Metaspace       used 64931K, capacity 67656K, committed 67872K, reserved 1107968K
  class space    used 8492K, capacity 8982K, committed 9028K, reserved 1048576K
}
2021-12-27T09:19:57.468+0800: 104.308: Application time: 0.5941779 seconds
2021-12-27T09:19:58.389+0800: 105.228: Application time: 0.9194652 seconds
{Heap before GC invocations=61 (full 2):
 par new generation   total 47936K, used 46650K [0x0000000724400000, 0x0000000727800000, 0x00000007390c0000)
  eden space 42624K, 100% used [0x0000000724400000, 0x0000000726da0000, 0x0000000726da0000)
  from space 5312K,  75% used [0x00000007272d0000, 0x00000007276be960, 0x0000000727800000)
  to   space 5312K,   0% used [0x0000000726da0000, 0x0000000726da0000, 0x00000007272d0000)
 concurrent mark-sweep generation total 106496K, used 24883K [0x00000007390c0000, 0x000000073f8c0000, 0x00000007c0000000)
 Metaspace       used 66702K, capacity 70000K, committed 70304K, reserved 1110016K
  class space    used 8769K, capacity 9336K, committed 9412K, reserved 1048576K
2021-12-27T09:19:58.392+0800: 105.231: [GC (Allocation Failure) 2021-12-27T09:19:58.392+0800: 105.231: [ParNew: 46650K->3986K(47936K), 0.0809010 secs] 71534K->30338K(154432K), 0.0820477 secs] [Times: user=0.03 sys=0.00, real=0.08 secs] 
Heap after GC invocations=62 (full 2):
 par new generation   total 47936K, used 3986K [0x0000000724400000, 0x0000000727800000, 0x00000007390c0000)
  eden space 42624K,   0% used [0x0000000724400000, 0x0000000724400000, 0x0000000726da0000)
  from space 5312K,  75% used [0x0000000726da0000, 0x0000000727184930, 0x00000007272d0000)
  to   space 5312K,   0% used [0x00000007272d0000, 0x00000007272d0000, 0x0000000727800000)
 concurrent mark-sweep generation total 106496K, used 26352K [0x00000007390c0000, 0x000000073f8c0000, 0x00000007c0000000)
 Metaspace       used 66702K, capacity 70000K, committed 70304K, reserved 1110016K
  class space    used 8769K, capacity 9336K, committed 9412K, reserved 1048576K
}
2021-12-27T09:19:59.475+0800: 106.314: Application time: 1.0002019 seconds
2021-12-27T09:19:59.772+0800: 106.611: Application time: 0.2890797 seconds
2021-12-27T09:19:59.980+0800: 106.819: Application time: 0.2076889 seconds
2021-12-27T09:20:00.122+0800: 106.961: Application time: 0.1416984 seconds
{Heap before GC invocations=62 (full 2):
 par new generation   total 47936K, used 46610K [0x0000000724400000, 0x0000000727800000, 0x00000007390c0000)
  eden space 42624K, 100% used [0x0000000724400000, 0x0000000726da0000, 0x0000000726da0000)
  from space 5312K,  75% used [0x0000000726da0000, 0x0000000727184930, 0x00000007272d0000)
  to   space 5312K,   0% used [0x00000007272d0000, 0x00000007272d0000, 0x0000000727800000)
 concurrent mark-sweep generation total 106496K, used 26352K [0x00000007390c0000, 0x000000073f8c0000, 0x00000007c0000000)
 Metaspace       used 68605K, capacity 71882K, committed 72096K, reserved 1112064K
  class space    used 9029K, capacity 9609K, committed 9668K, reserved 1048576K
2021-12-27T09:20:00.123+0800: 106.962: [GC (Allocation Failure) 2021-12-27T09:20:00.124+0800: 106.963: [ParNew: 46610K->4292K(47936K), 0.0722576 secs] 72962K->31181K(154432K), 0.0736681 secs] [Times: user=0.02 sys=0.00, real=0.07 secs] 
Heap after GC invocations=63 (full 2):
 par new generation   total 47936K, used 4292K [0x0000000724400000, 0x0000000727800000, 0x00000007390c0000)
  eden space 42624K,   0% used [0x0000000724400000, 0x0000000724400000, 0x0000000726da0000)
  from space 5312K,  80% used [0x00000007272d0000, 0x00000007277013b8, 0x0000000727800000)
  to   space 5312K,   0% used [0x0000000726da0000, 0x0000000726da0000, 0x00000007272d0000)
 concurrent mark-sweep generation total 106496K, used 26888K [0x00000007390c0000, 0x000000073f8c0000, 0x00000007c0000000)
 Metaspace       used 68605K, capacity 71882K, committed 72096K, reserved 1112064K
  class space    used 9029K, capacity 9609K, committed 9668K, reserved 1048576K
}
2021-12-27T09:20:00.199+0800: 107.038: Application time: 0.0011778 seconds
2021-12-27T09:20:00.199+0800: 107.039: [GC (CMS Initial Mark) [1 CMS-initial-mark: 26888K(106496K)] 32033K(154432K), 0.0166783 secs] [Times: user=0.01 sys=0.00, real=0.01 secs] 
2021-12-27T09:20:00.224+0800: 107.063: [CMS-concurrent-mark-start]
2021-12-27T09:20:00.475+0800: 107.314: Application time: 0.2581002 seconds
2021-12-27T09:20:00.651+0800: 107.490: [CMS-concurrent-mark: 0.427/0.427 secs] [Times: user=0.12 sys=0.01, real=0.43 secs] 
2021-12-27T09:20:00.661+0800: 107.500: [CMS-concurrent-preclean-start]
2021-12-27T09:20:00.666+0800: 107.505: [CMS-concurrent-preclean: 0.005/0.005 secs] [Times: user=0.00 sys=0.00, real=0.00 secs] 
2021-12-27T09:20:00.678+0800: 107.517: [CMS-concurrent-abortable-preclean-start]
2021-12-27T09:20:00.782+0800: 107.621: Application time: 0.3068724 seconds
2021-12-27T09:20:01.173+0800: 108.012: Application time: 0.3905031 seconds
2021-12-27T09:20:01.509+0800: 108.348: Application time: 0.3361140 seconds
2021-12-27T09:20:01.860+0800: 108.699: Application time: 0.3506324 seconds
2021-12-27T09:20:02.276+0800: 109.115: Application time: 0.4153756 seconds
2021-12-27T09:20:02.283+0800: 109.122: Application time: 0.0054688 seconds
2021-12-27T09:20:03.291+0800: 110.130: Application time: 1.0080491 seconds
2021-12-27T09:20:03.540+0800: 110.379: Application time: 0.2491837 seconds
2021-12-27T09:20:03.778+0800: 110.617: Application time: 0.2359832 seconds
{Heap before GC invocations=63 (full 3):
 par new generation   total 47936K, used 46916K [0x0000000724400000, 0x0000000727800000, 0x00000007390c0000)
  eden space 42624K, 100% used [0x0000000724400000, 0x0000000726da0000, 0x0000000726da0000)
  from space 5312K,  80% used [0x00000007272d0000, 0x00000007277013b8, 0x0000000727800000)
  to   space 5312K,   0% used [0x0000000726da0000, 0x0000000726da0000, 0x00000007272d0000)
 concurrent mark-sweep generation total 106496K, used 26888K [0x00000007390c0000, 0x000000073f8c0000, 0x00000007c0000000)
 Metaspace       used 70146K, capacity 73644K, committed 73852K, reserved 1114112K
  class space    used 9237K, capacity 9836K, committed 9896K, reserved 1048576K
2021-12-27T09:20:03.782+0800: 110.621: [GC (Allocation Failure) 2021-12-27T09:20:03.784+0800: 110.623: [ParNew: 46916K->4348K(47936K), 0.1505564 secs] 73805K->32170K(154432K), 0.1533701 secs] [Times: user=0.03 sys=0.00, real=0.15 secs] 
Heap after GC invocations=64 (full 3):
 par new generation   total 47936K, used 4348K [0x0000000724400000, 0x0000000727800000, 0x00000007390c0000)
  eden space 42624K,   0% used [0x0000000724400000, 0x0000000724400000, 0x0000000726da0000)
  from space 5312K,  81% used [0x0000000726da0000, 0x00000007271df3f8, 0x00000007272d0000)
  to   space 5312K,   0% used [0x00000007272d0000, 0x00000007272d0000, 0x0000000727800000)
 concurrent mark-sweep generation total 106496K, used 27821K [0x00000007390c0000, 0x000000073f8c0000, 0x00000007c0000000)
 Metaspace       used 70146K, capacity 73644K, committed 73852K, reserved 1114112K
  class space    used 9237K, capacity 9836K, committed 9896K, reserved 1048576K
}
2021-12-27T09:20:04.168+0800: 111.007: Application time: 0.2320044 seconds
2021-12-27T09:20:05.174+0800: 112.013: Application time: 1.0055732 seconds
2021-12-27T09:20:05.651+0800: 112.490: Application time: 0.4757466 seconds
2021-12-27T09:20:05.700+0800: 112.540: Application time: 0.0489875 seconds
2021-12-27T09:20:05.701+0800: 112.541: Application time: 0.0012471 seconds
2021-12-27T09:20:05.833+0800: 112.672: Application time: 0.1315911 seconds
 CMS: abort preclean due to time 2021-12-27T09:20:05.857+0800: 112.696: [CMS-concurrent-abortable-preclean: 4.891/5.180 secs] [Times: user=1.25 sys=0.10, real=5.18 secs] 
2021-12-27T09:20:05.858+0800: 112.697: Application time: 0.0241793 seconds
2021-12-27T09:20:05.883+0800: 112.722: [GC (CMS Final Remark) [YG occupancy: 23082 K (47936 K)]2021-12-27T09:20:05.884+0800: 112.723: [Rescan (parallel) , 0.1164943 secs]2021-12-27T09:20:06.001+0800: 112.840: [weak refs processing, 0.0018624 secs]2021-12-27T09:20:06.004+0800: 112.843: [class unloading, 0.0763647 secs]2021-12-27T09:20:06.084+0800: 112.923: [scrub symbol table, 0.0933954 secs]2021-12-27T09:20:06.178+0800: 113.017: [scrub string table, 0.0049696 secs][1 CMS-remark: 27821K(106496K)] 50903K(154432K), 0.3014783 secs] [Times: user=0.06 sys=0.00, real=0.30 secs] 
2021-12-27T09:20:06.226+0800: 113.066: [CMS-concurrent-sweep-start]
2021-12-27T09:20:06.322+0800: 113.161: [CMS-concurrent-sweep: 0.095/0.095 secs] [Times: user=0.02 sys=0.01, real=0.10 secs] 
2021-12-27T09:20:06.328+0800: 113.167: [CMS-concurrent-reset-start]
2021-12-27T09:20:06.340+0800: 113.179: Application time: 0.1540790 seconds
2021-12-27T09:20:06.346+0800: 113.186: Application time: 0.0063923 seconds
2021-12-27T09:20:06.354+0800: 113.193: [CMS-concurrent-reset: 0.018/0.026 secs] [Times: user=0.01 sys=0.00, real=0.03 secs] 
2021-12-27T09:20:06.503+0800: 113.342: Application time: 0.1549458 seconds
2021-12-27T09:20:06.639+0800: 113.478: Application time: 0.1336848 seconds
2021-12-27T09:20:07.184+0800: 114.047: Application time: 0.5674766 seconds
{Heap before GC invocations=64 (full 3):
 par new generation   total 47936K, used 46972K [0x0000000724400000, 0x0000000727800000, 0x00000007390c0000)
  eden space 42624K, 100% used [0x0000000724400000, 0x0000000726da0000, 0x0000000726da0000)
  from space 5312K,  81% used [0x0000000726da0000, 0x00000007271df3f8, 0x00000007272d0000)
  to   space 5312K,   0% used [0x00000007272d0000, 0x00000007272d0000, 0x0000000727800000)
 concurrent mark-sweep generation total 106496K, used 25491K [0x00000007390c0000, 0x000000073f8c0000, 0x00000007c0000000)
 Metaspace       used 70953K, capacity 74514K, committed 74824K, reserved 1114112K
  class space    used 9391K, capacity 10035K, committed 10100K, reserved 1048576K
2021-12-27T09:20:07.185+0800: 114.047: [GC (Allocation Failure) 2021-12-27T09:20:07.185+0800: 114.047: [ParNew: 46972K->5287K(47936K), 0.0717489 secs] 72464K->31548K(154432K), 0.0746014 secs] [Times: user=0.03 sys=0.00, real=0.08 secs] 
Heap after GC invocations=65 (full 3):
 par new generation   total 47936K, used 5287K [0x0000000724400000, 0x0000000727800000, 0x00000007390c0000)
  eden space 42624K,   0% used [0x0000000724400000, 0x0000000724400000, 0x0000000726da0000)
  from space 5312K,  99% used [0x00000007272d0000, 0x00000007277f9cf8, 0x0000000727800000)
  to   space 5312K,   0% used [0x0000000726da0000, 0x0000000726da0000, 0x00000007272d0000)
 concurrent mark-sweep generation total 106496K, used 26261K [0x00000007390c0000, 0x000000073f8c0000, 0x00000007c0000000)
 Metaspace       used 70953K, capacity 74514K, committed 74824K, reserved 1114112K
  class space    used 9391K, capacity 10035K, committed 10100K, reserved 1048576K
}
2021-12-27T09:20:07.261+0800: 114.123: Application time: 0.0009211 seconds
2021-12-27T09:20:07.267+0800: 114.130: Application time: 0.0045238 seconds
2021-12-27T09:20:07.899+0800: 114.761: Application time: 0.6285123 seconds
2021-12-27T09:20:08.899+0800: 115.761: Application time: 1.0001276 seconds
2021-12-27T09:20:09.279+0800: 116.142: Application time: 0.3786952 seconds
{Heap before GC invocations=65 (full 3):
 par new generation   total 47936K, used 47911K [0x0000000724400000, 0x0000000727800000, 0x00000007390c0000)
  eden space 42624K, 100% used [0x0000000724400000, 0x0000000726da0000, 0x0000000726da0000)
  from space 5312K,  99% used [0x00000007272d0000, 0x00000007277f9cf8, 0x0000000727800000)
  to   space 5312K,   0% used [0x0000000726da0000, 0x0000000726da0000, 0x00000007272d0000)
 concurrent mark-sweep generation total 106496K, used 26261K [0x00000007390c0000, 0x000000073f8c0000, 0x00000007c0000000)
 Metaspace       used 71655K, capacity 75304K, committed 75336K, reserved 1114112K
  class space    used 9463K, capacity 10098K, committed 10100K, reserved 1048576K
2021-12-27T09:20:09.280+0800: 116.142: [GC (Allocation Failure) 2021-12-27T09:20:09.280+0800: 116.143: [ParNew: 47911K->4547K(47936K), 0.0889875 secs] 74172K->32718K(154432K), 0.0927993 secs] [Times: user=0.04 sys=0.00, real=0.09 secs] 
Heap after GC invocations=66 (full 3):
 par new generation   total 47936K, used 4547K [0x0000000724400000, 0x0000000727800000, 0x00000007390c0000)
  eden space 42624K,   0% used [0x0000000724400000, 0x0000000724400000, 0x0000000726da0000)
  from space 5312K,  85% used [0x0000000726da0000, 0x0000000727210e28, 0x00000007272d0000)
  to   space 5312K,   0% used [0x00000007272d0000, 0x00000007272d0000, 0x0000000727800000)
 concurrent mark-sweep generation total 106496K, used 28170K [0x00000007390c0000, 0x000000073f8c0000, 0x00000007c0000000)
 Metaspace       used 71655K, capacity 75304K, committed 75336K, reserved 1114112K
  class space    used 9463K, capacity 10098K, committed 10100K, reserved 1048576K
}
2021-12-27T09:20:09.675+0800: 116.537: Application time: 0.3004924 seconds
{Heap before GC invocations=66 (full 3):
 par new generation   total 47936K, used 47171K [0x0000000724400000, 0x0000000727800000, 0x00000007390c0000)
  eden space 42624K, 100% used [0x0000000724400000, 0x0000000726da0000, 0x0000000726da0000)
  from space 5312K,  85% used [0x0000000726da0000, 0x0000000727210e28, 0x00000007272d0000)
  to   space 5312K,   0% used [0x00000007272d0000, 0x00000007272d0000, 0x0000000727800000)
 concurrent mark-sweep generation total 106496K, used 28170K [0x00000007390c0000, 0x000000073f8c0000, 0x00000007c0000000)
 Metaspace       used 71743K, capacity 75410K, committed 75720K, reserved 1114112K
  class space    used 9473K, capacity 10105K, committed 10228K, reserved 1048576K
2021-12-27T09:20:09.676+0800: 116.538: [GC (Allocation Failure) 2021-12-27T09:20:09.676+0800: 116.539: [ParNew: 47171K->3088K(47936K), 0.0577836 secs] 75342K->32611K(154432K), 0.0588638 secs] [Times: user=0.02 sys=0.01, real=0.06 secs] 
Heap after GC invocations=67 (full 3):
 par new generation   total 47936K, used 3088K [0x0000000724400000, 0x0000000727800000, 0x00000007390c0000)
  eden space 42624K,   0% used [0x0000000724400000, 0x0000000724400000, 0x0000000726da0000)
  from space 5312K,  58% used [0x00000007272d0000, 0x00000007275d4170, 0x0000000727800000)
  to   space 5312K,   0% used [0x0000000726da0000, 0x0000000726da0000, 0x00000007272d0000)
 concurrent mark-sweep generation total 106496K, used 29523K [0x00000007390c0000, 0x000000073f8c0000, 0x00000007c0000000)
 Metaspace       used 71743K, capacity 75410K, committed 75720K, reserved 1114112K
  class space    used 9473K, capacity 10105K, committed 10228K, reserved 1048576K
}
2021-12-27T09:20:10.736+0800: 117.598: Application time: 1.0002655 seconds
2021-12-27T09:20:11.479+0800: 118.341: Application time: 0.7403928 seconds
{Heap before GC invocations=67 (full 3):
 par new generation   total 47936K, used 45712K [0x0000000724400000, 0x0000000727800000, 0x00000007390c0000)
  eden space 42624K, 100% used [0x0000000724400000, 0x0000000726da0000, 0x0000000726da0000)
  from space 5312K,  58% used [0x00000007272d0000, 0x00000007275d4170, 0x0000000727800000)
  to   space 5312K,   0% used [0x0000000726da0000, 0x0000000726da0000, 0x00000007272d0000)
 concurrent mark-sweep generation total 106496K, used 29523K [0x00000007390c0000, 0x000000073f8c0000, 0x00000007c0000000)
 Metaspace       used 72294K, capacity 76026K, committed 76232K, reserved 1116160K
  class space    used 9505K, capacity 10157K, committed 10228K, reserved 1048576K
2021-12-27T09:20:11.480+0800: 118.342: [GC (Allocation Failure) 2021-12-27T09:20:11.480+0800: 118.342: [ParNew: 45712K->3522K(47936K), 0.0624191 secs] 75235K->33046K(154432K), 0.0635281 secs] [Times: user=0.03 sys=0.00, real=0.06 secs] 
Heap after GC invocations=68 (full 3):
 par new generation   total 47936K, used 3522K [0x0000000724400000, 0x0000000727800000, 0x00000007390c0000)
  eden space 42624K,   0% used [0x0000000724400000, 0x0000000724400000, 0x0000000726da0000)
  from space 5312K,  66% used [0x0000000726da0000, 0x0000000727110a30, 0x00000007272d0000)
  to   space 5312K,   0% used [0x00000007272d0000, 0x00000007272d0000, 0x0000000727800000)
 concurrent mark-sweep generation total 106496K, used 29523K [0x00000007390c0000, 0x000000073f8c0000, 0x00000007c0000000)
 Metaspace       used 72294K, capacity 76026K, committed 76232K, reserved 1116160K
  class space    used 9505K, capacity 10157K, committed 10228K, reserved 1048576K
}
2021-12-27T09:20:12.544+0800: 119.407: Application time: 1.0001828 seconds
2021-12-27T09:20:13.158+0800: 120.020: Application time: 0.6100434 seconds
{Heap before GC invocations=68 (full 3):
 par new generation   total 47936K, used 46146K [0x0000000724400000, 0x0000000727800000, 0x00000007390c0000)
  eden space 42624K, 100% used [0x0000000724400000, 0x0000000726da0000, 0x0000000726da0000)
  from space 5312K,  66% used [0x0000000726da0000, 0x0000000727110a30, 0x00000007272d0000)
  to   space 5312K,   0% used [0x00000007272d0000, 0x00000007272d0000, 0x0000000727800000)
 concurrent mark-sweep generation total 106496K, used 29523K [0x00000007390c0000, 0x000000073f8c0000, 0x00000007c0000000)
 Metaspace       used 72800K, capacity 76630K, committed 76744K, reserved 1116160K
  class space    used 9539K, capacity 10209K, committed 10228K, reserved 1048576K
2021-12-27T09:20:13.163+0800: 120.025: [GC (Allocation Failure) 2021-12-27T09:20:13.164+0800: 120.027: [ParNew: 46146K->4623K(47936K), 0.0967104 secs] 75670K->35433K(154432K), 0.0986985 secs] [Times: user=0.03 sys=0.00, real=0.10 secs] 
Heap after GC invocations=69 (full 3):
 par new generation   total 47936K, used 4623K [0x0000000724400000, 0x0000000727800000, 0x00000007390c0000)
  eden space 42624K,   0% used [0x0000000724400000, 0x0000000724400000, 0x0000000726da0000)
  from space 5312K,  87% used [0x00000007272d0000, 0x0000000727753e18, 0x0000000727800000)
  to   space 5312K,   0% used [0x0000000726da0000, 0x0000000726da0000, 0x00000007272d0000)
 concurrent mark-sweep generation total 106496K, used 30809K [0x00000007390c0000, 0x000000073f8c0000, 0x00000007c0000000)
 Metaspace       used 72800K, capacity 76630K, committed 76744K, reserved 1116160K
  class space    used 9539K, capacity 10209K, committed 10228K, reserved 1048576K
}
2021-12-27T09:20:14.265+0800: 121.127: Application time: 1.0023103 seconds
2021-12-27T09:20:14.356+0800: 121.218: Application time: 0.0776708 seconds
{Heap before GC invocations=69 (full 3):
 par new generation   total 47936K, used 47247K [0x0000000724400000, 0x0000000727800000, 0x00000007390c0000)
  eden space 42624K, 100% used [0x0000000724400000, 0x0000000726da0000, 0x0000000726da0000)
  from space 5312K,  87% used [0x00000007272d0000, 0x0000000727753e18, 0x0000000727800000)
  to   space 5312K,   0% used [0x0000000726da0000, 0x0000000726da0000, 0x00000007272d0000)
 concurrent mark-sweep generation total 106496K, used 30809K [0x00000007390c0000, 0x000000073f8c0000, 0x00000007c0000000)
 Metaspace       used 72995K, capacity 76818K, committed 77128K, reserved 1116160K
  class space    used 9564K, capacity 10245K, committed 10356K, reserved 1048576K
2021-12-27T09:20:14.357+0800: 121.219: [GC (Allocation Failure) 2021-12-27T09:20:14.357+0800: 121.219: [ParNew: 47247K->4789K(47936K), 0.0934753 secs] 78057K->37197K(154432K), 0.0982060 secs] [Times: user=0.04 sys=0.00, real=0.10 secs] 
Heap after GC invocations=70 (full 3):
 par new generation   total 47936K, used 4789K [0x0000000724400000, 0x0000000727800000, 0x00000007390c0000)
  eden space 42624K,   0% used [0x0000000724400000, 0x0000000724400000, 0x0000000726da0000)
  from space 5312K,  90% used [0x0000000726da0000, 0x000000072724d7d8, 0x00000007272d0000)
  to   space 5312K,   0% used [0x00000007272d0000, 0x00000007272d0000, 0x0000000727800000)
 concurrent mark-sweep generation total 106496K, used 32408K [0x00000007390c0000, 0x000000073f8c0000, 0x00000007c0000000)
 Metaspace       used 72995K, capacity 76818K, committed 77128K, reserved 1116160K
  class space    used 9564K, capacity 10245K, committed 10356K, reserved 1048576K
}
2021-12-27T09:20:15.451+0800: 122.313: Application time: 0.9951181 seconds
{Heap before GC invocations=70 (full 3):
 par new generation   total 47936K, used 47413K [0x0000000724400000, 0x0000000727800000, 0x00000007390c0000)
  eden space 42624K, 100% used [0x0000000724400000, 0x0000000726da0000, 0x0000000726da0000)
  from space 5312K,  90% used [0x0000000726da0000, 0x000000072724d7d8, 0x00000007272d0000)
  to   space 5312K,   0% used [0x00000007272d0000, 0x00000007272d0000, 0x0000000727800000)
 concurrent mark-sweep generation total 106496K, used 32408K [0x00000007390c0000, 0x000000073f8c0000, 0x00000007c0000000)
 Metaspace       used 73341K, capacity 77152K, committed 77384K, reserved 1116160K
  class space    used 9616K, capacity 10286K, committed 10356K, reserved 1048576K
2021-12-27T09:20:15.452+0800: 122.314: [GC (Allocation Failure) 2021-12-27T09:20:15.452+0800: 122.315: [ParNew: 47413K->4532K(47936K), 0.0851388 secs] 79821K->38434K(154432K), 0.0876978 secs] [Times: user=0.03 sys=0.00, real=0.09 secs] 
Heap after GC invocations=71 (full 3):
 par new generation   total 47936K, used 4532K [0x0000000724400000, 0x0000000727800000, 0x00000007390c0000)
  eden space 42624K,   0% used [0x0000000724400000, 0x0000000724400000, 0x0000000726da0000)
  from space 5312K,  85% used [0x00000007272d0000, 0x000000072773d390, 0x0000000727800000)
  to   space 5312K,   0% used [0x0000000726da0000, 0x0000000726da0000, 0x00000007272d0000)
 concurrent mark-sweep generation total 106496K, used 33901K [0x00000007390c0000, 0x000000073f8c0000, 0x00000007c0000000)
 Metaspace       used 73341K, capacity 77152K, committed 77384K, reserved 1116160K
  class space    used 9616K, capacity 10286K, committed 10356K, reserved 1048576K
}
2021-12-27T09:20:16.543+0800: 123.405: Application time: 1.0023089 seconds
2021-12-27T09:20:16.769+0800: 123.631: Application time: 0.2244716 seconds
2021-12-27T09:20:16.789+0800: 123.651: Application time: 0.0041367 seconds
2021-12-27T09:20:16.801+0800: 123.663: Application time: 0.0105249 seconds
2021-12-27T09:20:16.813+0800: 123.676: Application time: 0.0023244 seconds
2021-12-27T09:20:16.881+0800: 123.743: Application time: 0.0669614 seconds
2021-12-27T09:20:16.893+0800: 123.755: Application time: 0.0006925 seconds
2021-12-27T09:20:16.893+0800: 123.755: Application time: 0.0001066 seconds
2021-12-27T09:20:17.028+0800: 123.890: Application time: 0.1343199 seconds
{Heap before GC invocations=71 (full 3):
 par new generation   total 47936K, used 47156K [0x0000000724400000, 0x0000000727800000, 0x00000007390c0000)
  eden space 42624K, 100% used [0x0000000724400000, 0x0000000726da0000, 0x0000000726da0000)
  from space 5312K,  85% used [0x00000007272d0000, 0x000000072773d390, 0x0000000727800000)
  to   space 5312K,   0% used [0x0000000726da0000, 0x0000000726da0000, 0x00000007272d0000)
 concurrent mark-sweep generation total 106496K, used 33901K [0x00000007390c0000, 0x000000073f8c0000, 0x00000007c0000000)
 Metaspace       used 73890K, capacity 77790K, committed 77896K, reserved 1116160K
  class space    used 9671K, capacity 10345K, committed 10356K, reserved 1048576K
2021-12-27T09:20:17.028+0800: 123.890: [GC (Allocation Failure) 2021-12-27T09:20:17.029+0800: 123.891: [ParNew: 47156K->3591K(47936K), 0.0751412 secs] 81058K->39143K(154432K), 0.0760776 secs] [Times: user=0.02 sys=0.00, real=0.07 secs] 
Heap after GC invocations=72 (full 3):
 par new generation   total 47936K, used 3591K [0x0000000724400000, 0x0000000727800000, 0x00000007390c0000)
  eden space 42624K,   0% used [0x0000000724400000, 0x0000000724400000, 0x0000000726da0000)
  from space 5312K,  67% used [0x0000000726da0000, 0x0000000727121d90, 0x00000007272d0000)
  to   space 5312K,   0% used [0x00000007272d0000, 0x00000007272d0000, 0x0000000727800000)
 concurrent mark-sweep generation total 106496K, used 35552K [0x00000007390c0000, 0x000000073f8c0000, 0x00000007c0000000)
 Metaspace       used 73890K, capacity 77790K, committed 77896K, reserved 1116160K
  class space    used 9671K, capacity 10345K, committed 10356K, reserved 1048576K
}
2021-12-27T09:20:17.306+0800: 124.168: Application time: 0.2007672 seconds
2021-12-27T09:20:18.307+0800: 125.169: Application time: 1.0003118 seconds
2021-12-27T09:20:18.531+0800: 125.394: Application time: 0.2180519 seconds
{Heap before GC invocations=72 (full 3):
 par new generation   total 47936K, used 46215K [0x0000000724400000, 0x0000000727800000, 0x00000007390c0000)
  eden space 42624K, 100% used [0x0000000724400000, 0x0000000726da0000, 0x0000000726da0000)
  from space 5312K,  67% used [0x0000000726da0000, 0x0000000727121d90, 0x00000007272d0000)
  to   space 5312K,   0% used [0x00000007272d0000, 0x00000007272d0000, 0x0000000727800000)
 concurrent mark-sweep generation total 106496K, used 35552K [0x00000007390c0000, 0x000000073f8c0000, 0x00000007c0000000)
 Metaspace       used 75160K, capacity 79112K, committed 79176K, reserved 1118208K
  class space    used 9858K, capacity 10562K, committed 10612K, reserved 1048576K
2021-12-27T09:20:18.532+0800: 125.394: [GC (Allocation Failure) 2021-12-27T09:20:18.533+0800: 125.395: [ParNew: 46215K->4541K(47936K), 0.0529749 secs] 81767K->40094K(154432K), 0.0543044 secs] [Times: user=0.02 sys=0.00, real=0.06 secs] 
Heap after GC invocations=73 (full 3):
 par new generation   total 47936K, used 4541K [0x0000000724400000, 0x0000000727800000, 0x00000007390c0000)
  eden space 42624K,   0% used [0x0000000724400000, 0x0000000724400000, 0x0000000726da0000)
  from space 5312K,  85% used [0x00000007272d0000, 0x000000072773f688, 0x0000000727800000)
  to   space 5312K,   0% used [0x0000000726da0000, 0x0000000726da0000, 0x00000007272d0000)
 concurrent mark-sweep generation total 106496K, used 35552K [0x00000007390c0000, 0x000000073f8c0000, 0x00000007c0000000)
 Metaspace       used 75160K, capacity 79112K, committed 79176K, reserved 1118208K
  class space    used 9858K, capacity 10562K, committed 10612K, reserved 1048576K
}
2021-12-27T09:20:19.588+0800: 126.450: Application time: 1.0001720 seconds
2021-12-27T09:20:19.696+0800: 126.558: Application time: 0.0972361 seconds
2021-12-27T09:20:19.832+0800: 126.694: Application time: 0.1352971 seconds
2021-12-27T09:20:20.008+0800: 126.871: Application time: 0.1751202 seconds
{Heap before GC invocations=73 (full 3):
 par new generation   total 47936K, used 47165K [0x0000000724400000, 0x0000000727800000, 0x00000007390c0000)
  eden space 42624K, 100% used [0x0000000724400000, 0x0000000726da0000, 0x0000000726da0000)
  from space 5312K,  85% used [0x00000007272d0000, 0x000000072773f688, 0x0000000727800000)
  to   space 5312K,   0% used [0x0000000726da0000, 0x0000000726da0000, 0x00000007272d0000)
 concurrent mark-sweep generation total 106496K, used 35552K [0x00000007390c0000, 0x000000073f8c0000, 0x00000007c0000000)
 Metaspace       used 75933K, capacity 79926K, committed 80072K, reserved 1118208K
  class space    used 9971K, capacity 10661K, committed 10740K, reserved 1048576K
2021-12-27T09:20:20.009+0800: 126.871: [GC (Allocation Failure) 2021-12-27T09:20:20.009+0800: 126.872: [ParNew: 47165K->5312K(47936K), 0.0969364 secs] 82718K->43037K(154432K), 0.0980133 secs] [Times: user=0.05 sys=0.01, real=0.10 secs] 
Heap after GC invocations=74 (full 3):
 par new generation   total 47936K, used 5312K [0x0000000724400000, 0x0000000727800000, 0x00000007390c0000)
  eden space 42624K,   0% used [0x0000000724400000, 0x0000000724400000, 0x0000000726da0000)
  from space 5312K, 100% used [0x0000000726da0000, 0x00000007272d0000, 0x00000007272d0000)
  to   space 5312K,   0% used [0x00000007272d0000, 0x00000007272d0000, 0x0000000727800000)
 concurrent mark-sweep generation total 106496K, used 37725K [0x00000007390c0000, 0x000000073f8c0000, 0x00000007c0000000)
 Metaspace       used 75933K, capacity 79926K, committed 80072K, reserved 1118208K
  class space    used 9971K, capacity 10661K, committed 10740K, reserved 1048576K
}
2021-12-27T09:20:20.117+0800: 126.979: Application time: 0.0083625 seconds
2021-12-27T09:20:20.180+0800: 127.043: Application time: 0.0584939 seconds
2021-12-27T09:20:20.181+0800: 127.044: Application time: 0.0001151 seconds
2021-12-27T09:20:20.190+0800: 127.053: Application time: 0.0082784 seconds
2021-12-27T09:20:20.259+0800: 127.122: Application time: 0.0686645 seconds
2021-12-27T09:20:20.992+0800: 127.855: Application time: 0.7315017 seconds
2021-12-27T09:20:21.580+0800: 128.442: Application time: 0.5864286 seconds
{Heap before GC invocations=74 (full 3):
 par new generation   total 47936K, used 47936K [0x0000000724400000, 0x0000000727800000, 0x00000007390c0000)
  eden space 42624K, 100% used [0x0000000724400000, 0x0000000726da0000, 0x0000000726da0000)
  from space 5312K, 100% used [0x0000000726da0000, 0x00000007272d0000, 0x00000007272d0000)
  to   space 5312K,   0% used [0x00000007272d0000, 0x00000007272d0000, 0x0000000727800000)
 concurrent mark-sweep generation total 106496K, used 37725K [0x00000007390c0000, 0x000000073f8c0000, 0x00000007c0000000)
 Metaspace       used 76873K, capacity 81116K, committed 81224K, reserved 1120256K
  class space    used 10090K, capacity 10822K, committed 10868K, reserved 1048576K
2021-12-27T09:20:21.580+0800: 128.442: [GC (Allocation Failure) 2021-12-27T09:20:21.581+0800: 128.443: [ParNew: 47936K->4701K(47936K), 0.1068823 secs] 85661K->43962K(154432K), 0.1087540 secs] [Times: user=0.03 sys=0.00, real=0.11 secs] 
Heap after GC invocations=75 (full 3):
 par new generation   total 47936K, used 4701K [0x0000000724400000, 0x0000000727800000, 0x00000007390c0000)
  eden space 42624K,   0% used [0x0000000724400000, 0x0000000724400000, 0x0000000726da0000)
  from space 5312K,  88% used [0x00000007272d0000, 0x00000007277677f8, 0x0000000727800000)
  to   space 5312K,   0% used [0x0000000726da0000, 0x0000000726da0000, 0x00000007272d0000)
 concurrent mark-sweep generation total 106496K, used 39260K [0x00000007390c0000, 0x000000073f8c0000, 0x00000007c0000000)
 Metaspace       used 76873K, capacity 81116K, committed 81224K, reserved 1120256K
  class space    used 10090K, capacity 10822K, committed 10868K, reserved 1048576K
}
2021-12-27T09:20:21.902+0800: 128.765: Application time: 0.2129063 seconds
2021-12-27T09:20:22.903+0800: 129.766: Application time: 1.0001656 seconds
2021-12-27T09:20:23.068+0800: 129.930: Application time: 0.1643906 seconds
{Heap before GC invocations=75 (full 3):
 par new generation   total 47936K, used 47325K [0x0000000724400000, 0x0000000727800000, 0x00000007390c0000)
  eden space 42624K, 100% used [0x0000000724400000, 0x0000000726da0000, 0x0000000726da0000)
  from space 5312K,  88% used [0x00000007272d0000, 0x00000007277677f8, 0x0000000727800000)
  to   space 5312K,   0% used [0x0000000726da0000, 0x0000000726da0000, 0x00000007272d0000)
 concurrent mark-sweep generation total 106496K, used 39260K [0x00000007390c0000, 0x000000073f8c0000, 0x00000007c0000000)
 Metaspace       used 77352K, capacity 81644K, committed 81864K, reserved 1120256K
  class space    used 10149K, capacity 10878K, committed 10996K, reserved 1048576K
2021-12-27T09:20:23.073+0800: 129.935: [GC (Allocation Failure) 2021-12-27T09:20:23.074+0800: 129.936: [ParNew: 47325K->3627K(47936K), 0.0952497 secs] 86586K->45914K(154432K), 0.0972144 secs] [Times: user=0.03 sys=0.00, real=0.10 secs] 
Heap after GC invocations=76 (full 3):
 par new generation   total 47936K, used 3627K [0x0000000724400000, 0x0000000727800000, 0x00000007390c0000)
  eden space 42624K,   0% used [0x0000000724400000, 0x0000000724400000, 0x0000000726da0000)
  from space 5312K,  68% used [0x0000000726da0000, 0x000000072712ae00, 0x00000007272d0000)
  to   space 5312K,   0% used [0x00000007272d0000, 0x00000007272d0000, 0x0000000727800000)
 concurrent mark-sweep generation total 106496K, used 42287K [0x00000007390c0000, 0x000000073f8c0000, 0x00000007c0000000)
 Metaspace       used 77352K, capacity 81644K, committed 81864K, reserved 1120256K
  class space    used 10149K, capacity 10878K, committed 10996K, reserved 1048576K
}
2021-12-27T09:20:24.113+0800: 130.975: Application time: 0.9419055 seconds
2021-12-27T09:20:24.391+0800: 131.253: Application time: 0.2774548 seconds
{Heap before GC invocations=76 (full 3):
 par new generation   total 47936K, used 46251K [0x0000000724400000, 0x0000000727800000, 0x00000007390c0000)
  eden space 42624K, 100% used [0x0000000724400000, 0x0000000726da0000, 0x0000000726da0000)
  from space 5312K,  68% used [0x0000000726da0000, 0x000000072712ae00, 0x00000007272d0000)
  to   space 5312K,   0% used [0x00000007272d0000, 0x00000007272d0000, 0x0000000727800000)
 concurrent mark-sweep generation total 106496K, used 42287K [0x00000007390c0000, 0x000000073f8c0000, 0x00000007c0000000)
 Metaspace       used 77861K, capacity 82422K, committed 82760K, reserved 1120256K
  class space    used 10240K, capacity 11033K, committed 11124K, reserved 1048576K
2021-12-27T09:20:24.395+0800: 131.258: [GC (Allocation Failure) 2021-12-27T09:20:24.396+0800: 131.258: [ParNew: 46251K->4049K(47936K), 0.0635412 secs] 88538K->46336K(154432K), 0.0654307 secs] [Times: user=0.03 sys=0.00, real=0.06 secs] 
Heap after GC invocations=77 (full 3):
 par new generation   total 47936K, used 4049K [0x0000000724400000, 0x0000000727800000, 0x00000007390c0000)
  eden space 42624K,   0% used [0x0000000724400000, 0x0000000724400000, 0x0000000726da0000)
  from space 5312K,  76% used [0x00000007272d0000, 0x00000007276c45a0, 0x0000000727800000)
  to   space 5312K,   0% used [0x0000000726da0000, 0x0000000726da0000, 0x00000007272d0000)
 concurrent mark-sweep generation total 106496K, used 42287K [0x00000007390c0000, 0x000000073f8c0000, 0x00000007c0000000)
 Metaspace       used 77861K, capacity 82422K, committed 82760K, reserved 1120256K
  class space    used 10240K, capacity 11033K, committed 11124K, reserved 1048576K
}
2021-12-27T09:20:25.471+0800: 132.333: Application time: 1.0095368 seconds
2021-12-27T09:20:25.615+0800: 132.477: Application time: 0.1409272 seconds
{Heap before GC invocations=77 (full 3):
 par new generation   total 47936K, used 46673K [0x0000000724400000, 0x0000000727800000, 0x00000007390c0000)
  eden space 42624K, 100% used [0x0000000724400000, 0x0000000726da0000, 0x0000000726da0000)
  from space 5312K,  76% used [0x00000007272d0000, 0x00000007276c45a0, 0x0000000727800000)
  to   space 5312K,   0% used [0x0000000726da0000, 0x0000000726da0000, 0x00000007272d0000)
 concurrent mark-sweep generation total 106496K, used 42287K [0x00000007390c0000, 0x000000073f8c0000, 0x00000007c0000000)
 Metaspace       used 78223K, capacity 82768K, committed 83016K, reserved 1122304K
  class space    used 10281K, capacity 11076K, committed 11124K, reserved 1048576K
2021-12-27T09:20:25.616+0800: 132.478: [GC (Allocation Failure) 2021-12-27T09:20:25.616+0800: 132.479: [ParNew: 46673K->4874K(47936K), 0.0908280 secs] 88960K->48400K(154432K), 0.0938949 secs] [Times: user=0.03 sys=0.00, real=0.09 secs] 
Heap after GC invocations=78 (full 3):
 par new generation   total 47936K, used 4874K [0x0000000724400000, 0x0000000727800000, 0x00000007390c0000)
  eden space 42624K,   0% used [0x0000000724400000, 0x0000000724400000, 0x0000000726da0000)
  from space 5312K,  91% used [0x0000000726da0000, 0x0000000727262958, 0x00000007272d0000)
  to   space 5312K,   0% used [0x00000007272d0000, 0x00000007272d0000, 0x0000000727800000)
 concurrent mark-sweep generation total 106496K, used 43526K [0x00000007390c0000, 0x000000073f8c0000, 0x00000007c0000000)
 Metaspace       used 78223K, capacity 82768K, committed 83016K, reserved 1122304K
  class space    used 10281K, capacity 11076K, committed 11124K, reserved 1048576K
}
2021-12-27T09:20:26.239+0800: 133.101: Application time: 0.5271567 seconds
{Heap before GC invocations=78 (full 3):
 par new generation   total 47936K, used 47498K [0x0000000724400000, 0x0000000727800000, 0x00000007390c0000)
  eden space 42624K, 100% used [0x0000000724400000, 0x0000000726da0000, 0x0000000726da0000)
  from space 5312K,  91% used [0x0000000726da0000, 0x0000000727262958, 0x00000007272d0000)
  to   space 5312K,   0% used [0x00000007272d0000, 0x00000007272d0000, 0x0000000727800000)
 concurrent mark-sweep generation total 106496K, used 43526K [0x00000007390c0000, 0x000000073f8c0000, 0x00000007c0000000)
 Metaspace       used 78264K, capacity 82856K, committed 83016K, reserved 1122304K
  class space    used 10289K, capacity 11080K, committed 11124K, reserved 1048576K
2021-12-27T09:20:26.241+0800: 133.103: [GC (Allocation Failure) 2021-12-27T09:20:26.242+0800: 133.104: [ParNew: 47498K->5311K(47936K), 0.0963785 secs] 91024K->51706K(154432K), 0.1019609 secs] [Times: user=0.04 sys=0.00, real=0.10 secs] 
Heap after GC invocations=79 (full 3):
 par new generation   total 47936K, used 5311K [0x0000000724400000, 0x0000000727800000, 0x00000007390c0000)
  eden space 42624K,   0% used [0x0000000724400000, 0x0000000724400000, 0x0000000726da0000)
  from space 5312K,  99% used [0x00000007272d0000, 0x00000007277ffff8, 0x0000000727800000)
  to   space 5312K,   0% used [0x0000000726da0000, 0x0000000726da0000, 0x00000007272d0000)
 concurrent mark-sweep generation total 106496K, used 46394K [0x00000007390c0000, 0x000000073f8c0000, 0x00000007c0000000)
 Metaspace       used 78264K, capacity 82856K, committed 83016K, reserved 1122304K
  class space    used 10289K, capacity 11080K, committed 11124K, reserved 1048576K
}
2021-12-27T09:20:27.243+0800: 134.106: Application time: 0.8991491 seconds
{Heap before GC invocations=79 (full 3):
 par new generation   total 47936K, used 47935K [0x0000000724400000, 0x0000000727800000, 0x00000007390c0000)
  eden space 42624K, 100% used [0x0000000724400000, 0x0000000726da0000, 0x0000000726da0000)
  from space 5312K,  99% used [0x00000007272d0000, 0x00000007277ffff8, 0x0000000727800000)
  to   space 5312K,   0% used [0x0000000726da0000, 0x0000000726da0000, 0x00000007272d0000)
 concurrent mark-sweep generation total 106496K, used 46394K [0x00000007390c0000, 0x000000073f8c0000, 0x00000007c0000000)
 Metaspace       used 78570K, capacity 83136K, committed 83272K, reserved 1122304K
  class space    used 10342K, capacity 11124K, committed 11124K, reserved 1048576K
2021-12-27T09:20:27.250+0800: 134.112: [GC (Allocation Failure) 2021-12-27T09:20:27.250+0800: 134.112: [ParNew: 47935K->4862K(47936K), 0.0947099 secs] 94330K->52997K(154432K), 0.0977325 secs] [Times: user=0.03 sys=0.00, real=0.10 secs] 
Heap after GC invocations=80 (full 3):
 par new generation   total 47936K, used 4862K [0x0000000724400000, 0x0000000727800000, 0x00000007390c0000)
  eden space 42624K,   0% used [0x0000000724400000, 0x0000000724400000, 0x0000000726da0000)
  from space 5312K,  91% used [0x0000000726da0000, 0x000000072725f888, 0x00000007272d0000)
  to   space 5312K,   0% used [0x00000007272d0000, 0x00000007272d0000, 0x0000000727800000)
 concurrent mark-sweep generation total 106496K, used 48135K [0x00000007390c0000, 0x000000073f8c0000, 0x00000007c0000000)
 Metaspace       used 78570K, capacity 83136K, committed 83272K, reserved 1122304K
  class space    used 10342K, capacity 11124K, committed 11124K, reserved 1048576K
}
2021-12-27T09:20:28.126+0800: 134.988: Application time: 0.7775214 seconds
2021-12-27T09:20:28.598+0800: 135.460: Application time: 0.4711799 seconds
2021-12-27T09:20:28.745+0800: 135.607: Application time: 0.1416062 seconds
{Heap before GC invocations=80 (full 3):
 par new generation   total 47936K, used 47486K [0x0000000724400000, 0x0000000727800000, 0x00000007390c0000)
  eden space 42624K, 100% used [0x0000000724400000, 0x0000000726da0000, 0x0000000726da0000)
  from space 5312K,  91% used [0x0000000726da0000, 0x000000072725f888, 0x00000007272d0000)
  to   space 5312K,   0% used [0x00000007272d0000, 0x00000007272d0000, 0x0000000727800000)
 concurrent mark-sweep generation total 106496K, used 48135K [0x00000007390c0000, 0x000000073f8c0000, 0x00000007c0000000)
 Metaspace       used 80386K, capacity 85060K, committed 85320K, reserved 1124352K
  class space    used 10586K, capacity 11374K, committed 11380K, reserved 1048576K
2021-12-27T09:20:28.746+0800: 135.608: [GC (Allocation Failure) 2021-12-27T09:20:28.746+0800: 135.608: [ParNew: 47486K->3576K(47936K), 0.0787017 secs] 95621K->53491K(154432K), 0.0796384 secs] [Times: user=0.03 sys=0.00, real=0.08 secs] 
Heap after GC invocations=81 (full 3):
 par new generation   total 47936K, used 3576K [0x0000000724400000, 0x0000000727800000, 0x00000007390c0000)
  eden space 42624K,   0% used [0x0000000724400000, 0x0000000724400000, 0x0000000726da0000)
  from space 5312K,  67% used [0x00000007272d0000, 0x000000072764e200, 0x0000000727800000)
  to   space 5312K,   0% used [0x0000000726da0000, 0x0000000726da0000, 0x00000007272d0000)
 concurrent mark-sweep generation total 106496K, used 49914K [0x00000007390c0000, 0x000000073f8c0000, 0x00000007c0000000)
 Metaspace       used 80386K, capacity 85060K, committed 85320K, reserved 1124352K
  class space    used 10586K, capacity 11374K, committed 11380K, reserved 1048576K
}
2021-12-27T09:20:28.924+0800: 135.786: Application time: 0.0953937 seconds
2021-12-27T09:20:29.782+0800: 136.644: Application time: 0.8571736 seconds
2021-12-27T09:20:30.146+0800: 137.008: Application time: 0.3643305 seconds
2021-12-27T09:20:30.169+0800: 137.031: Application time: 0.0031853 seconds
2021-12-27T09:20:30.193+0800: 137.056: Application time: 0.0251322 seconds
2021-12-27T09:20:30.212+0800: 137.074: Application time: 0.0005534 seconds
2021-12-27T09:20:30.212+0800: 137.075: Application time: 0.0002052 seconds
2021-12-27T09:20:30.213+0800: 137.075: Application time: 0.0001184 seconds
2021-12-27T09:20:30.216+0800: 137.078: Application time: 0.0016144 seconds
2021-12-27T09:20:30.217+0800: 137.079: Application time: 0.0003011 seconds
2021-12-27T09:20:30.219+0800: 137.081: Application time: 0.0018308 seconds
2021-12-27T09:20:30.234+0800: 137.096: Application time: 0.0023928 seconds
2021-12-27T09:20:30.235+0800: 137.098: Application time: 0.0002655 seconds
2021-12-27T09:20:30.236+0800: 137.098: Application time: 0.0001894 seconds
2021-12-27T09:20:30.237+0800: 137.099: Application time: 0.0002681 seconds
2021-12-27T09:20:30.245+0800: 137.107: Application time: 0.0070159 seconds
2021-12-27T09:20:30.260+0800: 137.122: Application time: 0.0034994 seconds
2021-12-27T09:20:30.369+0800: 137.231: Application time: 0.1081959 seconds
2021-12-27T09:20:30.463+0800: 137.330: Application time: 0.0785136 seconds
{Heap before GC invocations=81 (full 3):
 par new generation   total 47936K, used 46200K [0x0000000724400000, 0x0000000727800000, 0x00000007390c0000)
  eden space 42624K, 100% used [0x0000000724400000, 0x0000000726da0000, 0x0000000726da0000)
  from space 5312K,  67% used [0x00000007272d0000, 0x000000072764e200, 0x0000000727800000)
  to   space 5312K,   0% used [0x0000000726da0000, 0x0000000726da0000, 0x00000007272d0000)
 concurrent mark-sweep generation total 106496K, used 49914K [0x00000007390c0000, 0x000000073f8c0000, 0x00000007c0000000)
 Metaspace       used 81777K, capacity 86496K, committed 86600K, reserved 1124352K
  class space    used 10775K, capacity 11588K, committed 11636K, reserved 1048576K
2021-12-27T09:20:30.470+0800: 137.333: [GC (Allocation Failure) 2021-12-27T09:20:30.471+0800: 137.333: [ParNew: 46200K->1946K(47936K), 0.0692962 secs] 96115K->52953K(154432K), 0.0769461 secs] [Times: user=0.02 sys=0.00, real=0.08 secs] 
Heap after GC invocations=82 (full 3):
 par new generation   total 47936K, used 1946K [0x0000000724400000, 0x0000000727800000, 0x00000007390c0000)
  eden space 42624K,   0% used [0x0000000724400000, 0x0000000724400000, 0x0000000726da0000)
  from space 5312K,  36% used [0x0000000726da0000, 0x0000000726f86a88, 0x00000007272d0000)
  to   space 5312K,   0% used [0x00000007272d0000, 0x00000007272d0000, 0x0000000727800000)
 concurrent mark-sweep generation total 106496K, used 51006K [0x00000007390c0000, 0x000000073f8c0000, 0x00000007c0000000)
 Metaspace       used 81777K, capacity 86496K, committed 86600K, reserved 1124352K
  class space    used 10775K, capacity 11588K, committed 11636K, reserved 1048576K
}
2021-12-27T09:20:30.565+0800: 137.427: Application time: 0.0163544 seconds
2021-12-27T09:20:30.610+0800: 137.472: Application time: 0.0414942 seconds
2021-12-27T09:20:30.655+0800: 137.517: Application time: 0.0007306 seconds
2021-12-27T09:20:30.700+0800: 137.562: Application time: 0.0424676 seconds
2021-12-27T09:20:30.742+0800: 137.605: Application time: 0.0028930 seconds
2021-12-27T09:20:30.744+0800: 137.606: Application time: 0.0008055 seconds
2021-12-27T09:20:30.746+0800: 137.608: Application time: 0.0016706 seconds
2021-12-27T09:20:30.760+0800: 137.622: Application time: 0.0053349 seconds
2021-12-27T09:20:30.784+0800: 137.646: Application time: 0.0001402 seconds
2021-12-27T09:20:30.786+0800: 137.648: Application time: 0.0012238 seconds
2021-12-27T09:20:30.786+0800: 137.648: Application time: 0.0003295 seconds
2021-12-27T09:20:30.787+0800: 137.649: Application time: 0.0004028 seconds
2021-12-27T09:20:30.798+0800: 137.660: Application time: 0.0111517 seconds
2021-12-27T09:20:30.802+0800: 137.664: Application time: 0.0018473 seconds
2021-12-27T09:20:30.806+0800: 137.668: Application time: 0.0001683 seconds
2021-12-27T09:20:30.807+0800: 137.669: Application time: 0.0005513 seconds
2021-12-27T09:20:30.809+0800: 137.672: Application time: 0.0001539 seconds
2021-12-27T09:20:30.819+0800: 137.681: Application time: 0.0018986 seconds
2021-12-27T09:20:30.914+0800: 137.779: Application time: 0.0936391 seconds
2021-12-27T09:20:30.924+0800: 137.786: Application time: 0.0022239 seconds
2021-12-27T09:20:30.969+0800: 137.832: Application time: 0.0427932 seconds
2021-12-27T09:20:30.983+0800: 137.845: Application time: 0.0027987 seconds
2021-12-27T09:20:30.997+0800: 137.860: Application time: 0.0028715 seconds
2021-12-27T09:20:30.999+0800: 137.861: Application time: 0.0016166 seconds
2021-12-27T09:20:31.003+0800: 137.865: Application time: 0.0014654 seconds
2021-12-27T09:20:31.014+0800: 137.876: Application time: 0.0008334 seconds
2021-12-27T09:20:31.018+0800: 137.880: Application time: 0.0016328 seconds
2021-12-27T09:20:31.018+0800: 137.880: Application time: 0.0004902 seconds
2021-12-27T09:20:31.023+0800: 137.885: Application time: 0.0007159 seconds
2021-12-27T09:20:31.024+0800: 137.886: Application time: 0.0007869 seconds
2021-12-27T09:20:31.033+0800: 137.895: Application time: 0.0085168 seconds
2021-12-27T09:20:31.040+0800: 137.902: Application time: 0.0071787 seconds
2021-12-27T09:20:31.048+0800: 137.911: Application time: 0.0010668 seconds
2021-12-27T09:20:31.349+0800: 138.212: Application time: 0.2992353 seconds
2021-12-27T09:20:31.362+0800: 138.225: Application time: 0.0050954 seconds
2021-12-27T09:20:31.402+0800: 138.265: Application time: 0.0400621 seconds
2021-12-27T09:20:31.403+0800: 138.265: Application time: 0.0000499 seconds
2021-12-27T09:20:31.411+0800: 138.273: Application time: 0.0081804 seconds
2021-12-27T09:20:31.423+0800: 138.286: Application time: 0.0123176 seconds
2021-12-27T09:20:32.424+0800: 139.286: Application time: 1.0003678 seconds
2021-12-27T09:20:48.409+0800: 155.294: Application time: 16.0080242 seconds
2021-12-27T09:20:59.998+0800: 166.883: Application time: 11.5888874 seconds
2021-12-27T09:20:59.999+0800: 166.884: Application time: 0.0005842 seconds
2021-12-27T09:20:59.999+0800: 166.885: Application time: 0.0000709 seconds
2021-12-27T09:21:00.000+0800: 166.885: Application time: 0.0001060 seconds
2021-12-27T09:21:00.006+0800: 166.891: Application time: 0.0056003 seconds
2021-12-27T09:21:00.006+0800: 166.892: Application time: 0.0007457 seconds
2021-12-27T09:21:00.007+0800: 166.892: Application time: 0.0001490 seconds
2021-12-27T09:21:00.007+0800: 166.893: Application time: 0.0000960 seconds
2021-12-27T09:21:00.007+0800: 166.893: Application time: 0.0000459 seconds
2021-12-27T09:21:00.008+0800: 166.893: Application time: 0.0000968 seconds
2021-12-27T09:21:00.008+0800: 166.893: Application time: 0.0001403 seconds
2021-12-27T09:21:00.008+0800: 166.894: Application time: 0.0000427 seconds
2021-12-27T09:21:00.009+0800: 166.894: Application time: 0.0000421 seconds
2021-12-27T09:21:00.009+0800: 166.894: Application time: 0.0000433 seconds
2021-12-27T09:21:00.009+0800: 166.895: Application time: 0.0001780 seconds
2021-12-27T09:21:00.010+0800: 166.895: Application time: 0.0002836 seconds
2021-12-27T09:21:00.010+0800: 166.895: Application time: 0.0000615 seconds
2021-12-27T09:21:00.010+0800: 166.895: Application time: 0.0000390 seconds
2021-12-27T09:21:00.010+0800: 166.896: Application time: 0.0001047 seconds
2021-12-27T09:21:00.010+0800: 166.896: Application time: 0.0006977 seconds
2021-12-27T09:21:00.011+0800: 166.896: Application time: 0.0000459 seconds
2021-12-27T09:21:00.011+0800: 166.897: Application time: 0.0001376 seconds
2021-12-27T09:21:00.015+0800: 166.900: Application time: 0.0032458 seconds
2021-12-27T09:21:00.020+0800: 166.906: Application time: 0.0053758 seconds
2021-12-27T09:21:00.021+0800: 166.906: Application time: 0.0000773 seconds
2021-12-27T09:21:00.023+0800: 166.908: Application time: 0.0020368 seconds
2021-12-27T09:21:00.029+0800: 166.914: Application time: 0.0003132 seconds
2021-12-27T09:21:00.030+0800: 166.915: Application time: 0.0001809 seconds
2021-12-27T09:21:00.031+0800: 166.916: Application time: 0.0007524 seconds
2021-12-27T09:21:00.038+0800: 166.923: Application time: 0.0067166 seconds
2021-12-27T09:21:00.041+0800: 166.926: Application time: 0.0024561 seconds
2021-12-27T09:21:00.043+0800: 166.928: Application time: 0.0017220 seconds
2021-12-27T09:21:00.043+0800: 166.929: Application time: 0.0001743 seconds
2021-12-27T09:21:00.044+0800: 166.930: Application time: 0.0008829 seconds
2021-12-27T09:21:00.045+0800: 166.931: Application time: 0.0004267 seconds
2021-12-27T09:21:00.057+0800: 166.943: Application time: 0.0001740 seconds
2021-12-27T09:21:00.067+0800: 166.952: Application time: 0.0092468 seconds
2021-12-27T09:21:00.073+0800: 166.959: Application time: 0.0033726 seconds
2021-12-27T09:21:00.075+0800: 166.960: Application time: 0.0016252 seconds
2021-12-27T09:21:00.076+0800: 166.961: Application time: 0.0001853 seconds
2021-12-27T09:21:00.076+0800: 166.961: Application time: 0.0002117 seconds
2021-12-27T09:21:00.076+0800: 166.962: Application time: 0.0001693 seconds
2021-12-27T09:21:00.077+0800: 166.962: Application time: 0.0001980 seconds
2021-12-27T09:21:00.077+0800: 166.963: Application time: 0.0003347 seconds
2021-12-27T09:21:00.078+0800: 166.963: Application time: 0.0001614 seconds
2021-12-27T09:21:00.078+0800: 166.963: Application time: 0.0001759 seconds
2021-12-27T09:21:00.079+0800: 166.964: Application time: 0.0001273 seconds
2021-12-27T09:21:00.079+0800: 166.965: Application time: 0.0011294 seconds
2021-12-27T09:21:00.084+0800: 166.969: Application time: 0.0037410 seconds
2021-12-27T09:21:00.085+0800: 166.970: Application time: 0.0006715 seconds
2021-12-27T09:21:00.087+0800: 166.972: Application time: 0.0016123 seconds
2021-12-27T09:21:00.089+0800: 166.974: Application time: 0.0019241 seconds
2021-12-27T09:21:00.094+0800: 166.979: Application time: 0.0046723 seconds
2021-12-27T09:21:00.117+0800: 167.002: Application time: 0.0225951 seconds
2021-12-27T09:21:00.117+0800: 167.003: Application time: 0.0001908 seconds
2021-12-27T09:21:00.127+0800: 167.013: Application time: 0.0097202 seconds
2021-12-27T09:21:01.127+0800: 168.013: Application time: 1.0001399 seconds
2021-12-27T09:21:02.128+0800: 169.013: Application time: 1.0001398 seconds
2021-12-27T09:21:07.105+0800: 174.014: Application time: 5.0008574 seconds
2021-12-27T09:21:28.231+0800: 195.140: Application time: 21.1253931 seconds
2021-12-27T09:21:30.081+0800: 196.990: Application time: 1.8500920 seconds
2021-12-27T09:21:30.082+0800: 196.991: Application time: 0.0012131 seconds
2021-12-27T09:21:30.083+0800: 196.992: Application time: 0.0006191 seconds
2021-12-27T09:21:30.084+0800: 196.993: Application time: 0.0001802 seconds
2021-12-27T09:21:30.085+0800: 196.993: Application time: 0.0001255 seconds
2021-12-27T09:21:30.085+0800: 196.994: Application time: 0.0001411 seconds
2021-12-27T09:21:30.085+0800: 196.994: Application time: 0.0002712 seconds
2021-12-27T09:21:31.086+0800: 197.994: Application time: 1.0004742 seconds
2021-12-27T09:21:32.087+0800: 198.996: Application time: 1.0014599 seconds
2021-12-27T09:21:35.089+0800: 201.998: Application time: 3.0015306 seconds
2021-12-27T09:21:48.098+0800: 215.030: Application time: 13.0321037 seconds
2021-12-27T09:21:48.099+0800: 215.030: Application time: 0.0002105 seconds
2021-12-27T09:21:48.101+0800: 215.033: Application time: 0.0025920 seconds
2021-12-27T09:21:48.102+0800: 215.033: Application time: 0.0001217 seconds
2021-12-27T09:21:48.102+0800: 215.034: Application time: 0.0001327 seconds
2021-12-27T09:21:48.107+0800: 215.039: Application time: 0.0053126 seconds
2021-12-27T09:21:48.108+0800: 215.040: Application time: 0.0008415 seconds
2021-12-27T09:21:48.121+0800: 215.053: Application time: 0.0128508 seconds
{Heap before GC invocations=82 (full 3):
 par new generation   total 47936K, used 44570K [0x0000000724400000, 0x0000000727800000, 0x00000007390c0000)
  eden space 42624K, 100% used [0x0000000724400000, 0x0000000726da0000, 0x0000000726da0000)
  from space 5312K,  36% used [0x0000000726da0000, 0x0000000726f86a88, 0x00000007272d0000)
  to   space 5312K,   0% used [0x00000007272d0000, 0x00000007272d0000, 0x0000000727800000)
 concurrent mark-sweep generation total 106496K, used 51006K [0x00000007390c0000, 0x000000073f8c0000, 0x00000007c0000000)
 Metaspace       used 83060K, capacity 87914K, committed 88136K, reserved 1126400K
  class space    used 10932K, capacity 11765K, committed 11892K, reserved 1048576K
2021-12-27T09:21:48.121+0800: 215.053: [GC (Allocation Failure) 2021-12-27T09:21:48.122+0800: 215.054: [ParNew: 44570K->3394K(47936K), 0.0099443 secs] 95577K->54400K(154432K), 0.0126892 secs] [Times: user=0.02 sys=0.00, real=0.01 secs] 
Heap after GC invocations=83 (full 3):
 par new generation   total 47936K, used 3394K [0x0000000724400000, 0x0000000727800000, 0x00000007390c0000)
  eden space 42624K,   0% used [0x0000000724400000, 0x0000000724400000, 0x0000000726da0000)
  from space 5312K,  63% used [0x00000007272d0000, 0x0000000727620a00, 0x0000000727800000)
  to   space 5312K,   0% used [0x0000000726da0000, 0x0000000726da0000, 0x00000007272d0000)
 concurrent mark-sweep generation total 106496K, used 51006K [0x00000007390c0000, 0x000000073f8c0000, 0x00000007c0000000)
 Metaspace       used 83060K, capacity 87914K, committed 88136K, reserved 1126400K
  class space    used 10932K, capacity 11765K, committed 11892K, reserved 1048576K
}
2021-12-27T09:21:48.138+0800: 215.069: Application time: 0.0030205 seconds
2021-12-27T09:21:48.138+0800: 215.069: Application time: 0.0000436 seconds
2021-12-27T09:21:48.147+0800: 215.078: Application time: 0.0088308 seconds
2021-12-27T09:21:48.154+0800: 215.085: Application time: 0.0068818 seconds
2021-12-27T09:21:48.175+0800: 215.107: Application time: 0.0206801 seconds
2021-12-27T09:21:48.176+0800: 215.108: Application time: 0.0009556 seconds
2021-12-27T09:21:48.177+0800: 215.108: Application time: 0.0001064 seconds
2021-12-27T09:21:48.189+0800: 215.121: Application time: 0.0120016 seconds
2021-12-27T09:21:48.189+0800: 215.121: Application time: 0.0000920 seconds
2021-12-27T09:21:48.189+0800: 215.121: Application time: 0.0001032 seconds
2021-12-27T09:21:48.190+0800: 215.121: Application time: 0.0000634 seconds
2021-12-27T09:21:48.233+0800: 215.165: Application time: 0.0434988 seconds
2021-12-27T09:21:48.233+0800: 215.165: Application time: 0.0000723 seconds
2021-12-27T09:21:48.245+0800: 215.177: Application time: 0.0113182 seconds
2021-12-27T09:21:48.261+0800: 215.192: Application time: 0.0153785 seconds
2021-12-27T09:21:48.266+0800: 215.197: Application time: 0.0047328 seconds
2021-12-27T09:21:58.321+0800: 225.253: Application time: 10.0551405 seconds
2021-12-27T09:21:58.321+0800: 225.253: Application time: 0.0000689 seconds
2021-12-27T09:21:58.332+0800: 225.265: Application time: 0.0116719 seconds
2021-12-27T09:21:58.334+0800: 225.266: Application time: 0.0011762 seconds
2021-12-27T09:21:58.335+0800: 225.266: Application time: 0.0000986 seconds
2021-12-27T09:22:01.336+0800: 228.268: Application time: 3.0012996 seconds
2021-12-27T09:22:05.035+0800: 231.967: Application time: 3.6990852 seconds
2021-12-27T09:22:07.013+0800: 233.968: Application time: 2.0004427 seconds
2021-12-27T09:22:09.014+0800: 235.969: Application time: 2.0008998 seconds
2021-12-27T09:22:18.432+0800: 245.387: Application time: 9.4184314 seconds
2021-12-27T09:22:19.433+0800: 246.388: Application time: 1.0003124 seconds
2021-12-27T09:22:28.437+0800: 255.392: Application time: 9.0037984 seconds
2021-12-27T09:22:28.500+0800: 255.455: Application time: 0.0627787 seconds
2021-12-27T09:22:28.505+0800: 255.460: Application time: 0.0050580 seconds
2021-12-27T09:22:29.506+0800: 256.461: Application time: 1.0006933 seconds
2021-12-27T09:22:30.507+0800: 257.462: Application time: 1.0012304 seconds
2021-12-27T09:22:32.509+0800: 259.465: Application time: 2.0023245 seconds
2021-12-27T09:22:39.492+0800: 266.470: Application time: 7.0049853 seconds
2021-12-27T09:22:49.512+0800: 276.490: Application time: 10.0200371 seconds
2021-12-27T09:22:59.542+0800: 286.521: Application time: 10.0301342 seconds
2021-12-27T09:23:00.543+0800: 287.521: Application time: 1.0001784 seconds
2021-12-27T09:23:01.543+0800: 288.521: Application time: 1.0002791 seconds
2021-12-27T09:23:02.543+0800: 289.522: Application time: 1.0001873 seconds
2021-12-27T09:23:09.528+0800: 296.530: Application time: 7.0078488 seconds
2021-12-27T09:23:16.546+0800: 303.547: Application time: 7.0175792 seconds
2021-12-27T09:23:17.548+0800: 304.549: Application time: 1.0020768 seconds
2021-12-27T09:23:19.555+0800: 306.556: Application time: 2.0066115 seconds
2021-12-27T09:23:27.574+0800: 314.575: Application time: 8.0186517 seconds
2021-12-27T09:23:28.574+0800: 315.575: Application time: 1.0001784 seconds
2021-12-27T09:23:29.576+0800: 316.578: Application time: 1.0020940 seconds
2021-12-27T09:23:39.563+0800: 326.586: Application time: 10.0079764 seconds
2021-12-27T09:23:48.996+0800: 336.018: Application time: 9.4316239 seconds
2021-12-27T09:23:59.050+0800: 346.072: Application time: 10.0547019 seconds
2021-12-27T09:24:00.051+0800: 347.073: Application time: 1.0001932 seconds
2021-12-27T09:24:01.051+0800: 348.073: Application time: 1.0001450 seconds
2021-12-27T09:24:02.051+0800: 349.073: Application time: 1.0001378 seconds
2021-12-27T09:24:10.030+0800: 357.077: Application time: 8.0038034 seconds
2021-12-27T09:24:19.040+0800: 366.087: Application time: 9.0098295 seconds
2021-12-27T09:24:20.040+0800: 367.088: Application time: 1.0002937 seconds
2021-12-27T09:24:27.051+0800: 374.099: Application time: 7.0106830 seconds
2021-12-27T09:24:30.053+0800: 377.101: Application time: 3.0018018 seconds
2021-12-27T09:24:40.045+0800: 387.116: Application time: 10.0150060 seconds
2021-12-27T09:24:50.058+0800: 397.129: Application time: 10.0128033 seconds
2021-12-27T09:25:00.071+0800: 407.142: Application time: 10.0131197 seconds
2021-12-27T09:25:01.074+0800: 408.144: Application time: 1.0005850 seconds
2021-12-27T09:25:02.074+0800: 409.145: Application time: 1.0001600 seconds
2021-12-27T09:25:10.060+0800: 417.154: Application time: 8.0088725 seconds
2021-12-27T09:25:20.075+0800: 427.169: Application time: 10.0155801 seconds
2021-12-27T09:25:28.083+0800: 435.177: Application time: 8.0071362 seconds
2021-12-27T09:25:30.083+0800: 437.177: Application time: 2.0004677 seconds
2021-12-27T09:25:31.471+0800: 438.565: Application time: 1.3874238 seconds
2021-12-27T09:25:32.471+0800: 439.565: Application time: 1.0002252 seconds
2021-12-27T09:25:50.481+0800: 457.598: Application time: 18.0328547 seconds
2021-12-27T09:25:55.500+0800: 462.618: Application time: 5.0189195 seconds
2021-12-27T09:26:00.513+0800: 467.630: Application time: 5.0127058 seconds
2021-12-27T09:26:10.507+0800: 477.648: Application time: 10.0171092 seconds
2021-12-27T09:26:20.523+0800: 487.663: Application time: 10.0156153 seconds
2021-12-27T09:26:30.533+0800: 497.673: Application time: 10.0097143 seconds
2021-12-27T09:26:31.535+0800: 498.675: Application time: 1.0003710 seconds
2021-12-27T09:26:40.531+0800: 507.694: Application time: 9.0189902 seconds
2021-12-27T09:26:50.556+0800: 517.720: Application time: 10.0253592 seconds
2021-12-27T09:27:00.592+0800: 527.755: Application time: 10.0350856 seconds
2021-12-27T09:27:00.892+0800: 528.056: Application time: 0.3007709 seconds
2021-12-27T09:27:01.893+0800: 529.056: Application time: 1.0000912 seconds
2021-12-27T09:27:10.880+0800: 538.067: Application time: 9.0100422 seconds
2021-12-27T09:27:20.896+0800: 548.083: Application time: 10.0161305 seconds
2021-12-27T09:27:28.906+0800: 556.093: Application time: 8.0101302 seconds
2021-12-27T09:27:29.907+0800: 557.094: Application time: 1.0001754 seconds
2021-12-27T09:27:30.907+0800: 558.094: Application time: 1.0004886 seconds
2021-12-27T09:27:31.909+0800: 559.095: Application time: 1.0009244 seconds
2021-12-27T09:27:50.910+0800: 578.120: Application time: 19.0240315 seconds
2021-12-27T09:27:59.923+0800: 587.132: Application time: 9.0126620 seconds
2021-12-27T09:28:00.924+0800: 588.134: Application time: 1.0002291 seconds
2021-12-27T09:28:01.924+0800: 589.134: Application time: 1.0002054 seconds
2021-12-27T09:28:10.906+0800: 598.139: Application time: 9.0050626 seconds
2021-12-27T09:28:20.948+0800: 608.181: Application time: 10.0417711 seconds
2021-12-27T09:28:29.952+0800: 617.185: Application time: 9.0037495 seconds
2021-12-27T09:28:30.953+0800: 618.186: Application time: 1.0001801 seconds
2021-12-27T09:28:31.373+0800: 618.606: Application time: 0.4200032 seconds
2021-12-27T09:28:32.374+0800: 619.607: Application time: 1.0010760 seconds
2021-12-27T09:28:40.360+0800: 627.616: Application time: 8.0092988 seconds
2021-12-27T09:29:00.369+0800: 647.626: Application time: 20.0091288 seconds
2021-12-27T09:29:01.370+0800: 648.626: Application time: 1.0004203 seconds
2021-12-27T09:29:11.350+0800: 658.630: Application time: 10.0034211 seconds
2021-12-27T09:29:21.355+0800: 668.635: Application time: 10.0046820 seconds
2021-12-27T09:29:30.363+0800: 677.642: Application time: 9.0076194 seconds
2021-12-27T09:29:31.366+0800: 678.646: Application time: 1.0005076 seconds
2021-12-27T09:29:41.348+0800: 688.651: Application time: 10.0048226 seconds
2021-12-27T09:29:51.352+0800: 698.655: Application time: 10.0038125 seconds
2021-12-27T09:30:00.355+0800: 707.658: Application time: 9.0031129 seconds
2021-12-27T09:30:00.772+0800: 708.075: Application time: 0.4166569 seconds
2021-12-27T09:30:01.773+0800: 709.076: Application time: 1.0002875 seconds
2021-12-27T09:30:20.761+0800: 728.086: Application time: 19.0103843 seconds
2021-12-27T09:30:28.768+0800: 736.094: Application time: 8.0072893 seconds
2021-12-27T09:30:30.769+0800: 738.095: Application time: 2.0010128 seconds
2021-12-27T09:30:41.751+0800: 749.099: Application time: 11.0044442 seconds
2021-12-27T09:30:56.756+0800: 764.105: Application time: 15.0051976 seconds
2021-12-27T09:31:00.760+0800: 768.109: Application time: 4.0036579 seconds
2021-12-27T09:31:01.760+0800: 769.109: Application time: 1.0000728 seconds
2021-12-27T09:31:04.730+0800: 772.079: Application time: 2.9700127 seconds
2021-12-27T09:31:11.717+0800: 779.089: Application time: 7.0082267 seconds
2021-12-27T09:31:21.726+0800: 789.097: Application time: 10.0075770 seconds
2021-12-27T09:31:29.785+0800: 797.156: Application time: 8.0589476 seconds
2021-12-27T09:31:29.785+0800: 797.157: Application time: 0.0003066 seconds
2021-12-27T09:31:29.786+0800: 797.158: Application time: 0.0002160 seconds
2021-12-27T09:31:29.787+0800: 797.158: Application time: 0.0003247 seconds
2021-12-27T09:31:29.787+0800: 797.159: Application time: 0.0001846 seconds
2021-12-27T09:31:29.788+0800: 797.160: Application time: 0.0003024 seconds
2021-12-27T09:31:29.788+0800: 797.160: Application time: 0.0003229 seconds
2021-12-27T09:31:31.269+0800: 798.641: Application time: 1.4800902 seconds
2021-12-27T09:31:32.270+0800: 799.642: Application time: 1.0006591 seconds
2021-12-27T09:31:41.260+0800: 808.655: Application time: 9.0133610 seconds
2021-12-27T09:31:51.269+0800: 818.664: Application time: 10.0088198 seconds
2021-12-27T09:32:00.273+0800: 827.668: Application time: 9.0037739 seconds
2021-12-27T09:32:01.274+0800: 828.669: Application time: 1.0003371 seconds
2021-12-27T09:32:04.736+0800: 832.131: Application time: 3.4613007 seconds
2021-12-27T09:32:11.718+0800: 839.136: Application time: 7.0054923 seconds
2021-12-27T09:32:21.728+0800: 849.146: Application time: 10.0091188 seconds
2021-12-27T09:32:28.735+0800: 856.153: Application time: 7.0069856 seconds
2021-12-27T09:32:29.757+0800: 857.175: Application time: 1.0217109 seconds
2021-12-27T09:32:29.757+0800: 857.175: Application time: 0.0000643 seconds
2021-12-27T09:32:29.757+0800: 857.175: Application time: 0.0000544 seconds
2021-12-27T09:32:29.757+0800: 857.175: Application time: 0.0002023 seconds
2021-12-27T09:32:29.757+0800: 857.176: Application time: 0.0000393 seconds
2021-12-27T09:32:29.758+0800: 857.176: Application time: 0.0000706 seconds
2021-12-27T09:32:29.758+0800: 857.176: Application time: 0.0001690 seconds
2021-12-27T09:32:31.760+0800: 859.178: Application time: 2.0016706 seconds
2021-12-27T09:32:41.743+0800: 869.184: Application time: 10.0057814 seconds
2021-12-27T09:32:51.752+0800: 879.194: Application time: 10.0081664 seconds
2021-12-27T09:32:59.706+0800: 887.147: Application time: 7.9530501 seconds
2021-12-27T09:32:59.740+0800: 887.181: Application time: 0.0338982 seconds
2021-12-27T09:33:00.740+0800: 888.182: Application time: 1.0002664 seconds
2021-12-27T09:33:01.215+0800: 888.656: Application time: 0.4740956 seconds
2021-12-27T09:33:02.215+0800: 889.657: Application time: 1.0001620 seconds
2021-12-27T09:33:12.264+0800: 899.663: Application time: 10.0058417 seconds
2021-12-27T09:33:30.275+0800: 917.673: Application time: 18.0107789 seconds
2021-12-27T09:33:32.280+0800: 919.678: Application time: 2.0036217 seconds
2021-12-27T09:33:52.289+0800: 939.710: Application time: 20.0325379 seconds
2021-12-27T09:33:59.786+0800: 947.208: Application time: 7.4973565 seconds
2021-12-27T09:33:59.787+0800: 947.209: Application time: 0.0002962 seconds
2021-12-27T09:33:59.788+0800: 947.210: Application time: 0.0003946 seconds
2021-12-27T09:33:59.788+0800: 947.210: Application time: 0.0002288 seconds
2021-12-27T09:33:59.791+0800: 947.213: Application time: 0.0002526 seconds
2021-12-27T09:33:59.792+0800: 947.214: Application time: 0.0005828 seconds
2021-12-27T09:34:00.793+0800: 948.215: Application time: 1.0005521 seconds
2021-12-27T09:34:02.798+0800: 950.219: Application time: 2.0021223 seconds
2021-12-27T09:34:22.796+0800: 970.248: Application time: 20.0217053 seconds
2021-12-27T09:34:29.802+0800: 977.255: Application time: 7.0059694 seconds
2021-12-27T09:34:30.803+0800: 978.256: Application time: 1.0009874 seconds
2021-12-27T09:34:31.804+0800: 979.256: Application time: 1.0003499 seconds
2021-12-27T09:34:32.807+0800: 980.260: Application time: 1.0035556 seconds
2021-12-27T09:34:33.808+0800: 981.261: Application time: 1.0003261 seconds
2021-12-27T09:34:43.802+0800: 991.269: Application time: 10.0080794 seconds
2021-12-27T09:35:00.828+0800: 1008.296: Application time: 17.0258132 seconds
2021-12-27T09:35:03.832+0800: 1011.299: Application time: 3.0030096 seconds
2021-12-27T09:35:13.813+0800: 1021.304: Application time: 10.0048645 seconds
2021-12-27T09:35:16.817+0800: 1024.307: Application time: 3.0004746 seconds
2021-12-27T09:35:23.820+0800: 1031.311: Application time: 7.0033234 seconds
2021-12-27T09:35:31.830+0800: 1039.321: Application time: 8.0076474 seconds
2021-12-27T09:35:33.835+0800: 1041.326: Application time: 2.0021208 seconds
2021-12-27T09:35:44.830+0800: 1052.344: Application time: 11.0174851 seconds
2021-12-27T09:35:54.840+0800: 1062.354: Application time: 10.0083302 seconds
2021-12-27T09:36:01.370+0800: 1068.884: Application time: 6.5294106 seconds
2021-12-27T09:36:04.373+0800: 1071.887: Application time: 3.0022904 seconds
2021-12-27T09:36:14.354+0800: 1081.891: Application time: 10.0047769 seconds
2021-12-27T09:36:25.358+0800: 1092.895: Application time: 11.0037128 seconds
2021-12-27T09:36:31.360+0800: 1098.897: Application time: 6.0014081 seconds
2021-12-27T09:36:32.361+0800: 1099.899: Application time: 1.0017038 seconds
2021-12-27T09:36:34.657+0800: 1102.195: Application time: 2.2956659 seconds
2021-12-27T09:36:59.767+0800: 1127.328: Application time: 25.1344091 seconds
2021-12-27T09:36:59.769+0800: 1127.330: Application time: 0.0001772 seconds
2021-12-27T09:36:59.770+0800: 1127.330: Application time: 0.0005429 seconds
2021-12-27T09:36:59.770+0800: 1127.331: Application time: 0.0001983 seconds
2021-12-27T09:36:59.771+0800: 1127.331: Application time: 0.0001789 seconds
2021-12-27T09:36:59.771+0800: 1127.331: Application time: 0.0001674 seconds
2021-12-27T09:36:59.771+0800: 1127.332: Application time: 0.0003357 seconds
2021-12-27T09:37:00.772+0800: 1128.333: Application time: 1.0001840 seconds
2021-12-27T09:37:05.780+0800: 1133.340: Application time: 5.0072585 seconds
2021-12-27T09:37:15.759+0800: 1143.343: Application time: 10.0022703 seconds
2021-12-27T09:37:29.696+0800: 1157.279: Application time: 13.9367452 seconds
{Heap before GC invocations=83 (full 3):
 par new generation   total 47936K, used 46018K [0x0000000724400000, 0x0000000727800000, 0x00000007390c0000)
  eden space 42624K, 100% used [0x0000000724400000, 0x0000000726da0000, 0x0000000726da0000)
  from space 5312K,  63% used [0x00000007272d0000, 0x0000000727620a00, 0x0000000727800000)
  to   space 5312K,   0% used [0x0000000726da0000, 0x0000000726da0000, 0x00000007272d0000)
 concurrent mark-sweep generation total 106496K, used 51006K [0x00000007390c0000, 0x000000073f8c0000, 0x00000007c0000000)
 Metaspace       used 85343K, capacity 90322K, committed 90568K, reserved 1128448K
  class space    used 11099K, capacity 11939K, committed 12020K, reserved 1048576K
2021-12-27T09:37:29.697+0800: 1157.281: [GC (Allocation Failure) 2021-12-27T09:37:29.698+0800: 1157.282: [ParNew: 46018K->2666K(47936K), 0.0139617 secs] 97024K->54403K(154432K), 0.0155470 secs] [Times: user=0.03 sys=0.01, real=0.01 secs] 
Heap after GC invocations=84 (full 3):
 par new generation   total 47936K, used 2666K [0x0000000724400000, 0x0000000727800000, 0x00000007390c0000)
  eden space 42624K,   0% used [0x0000000724400000, 0x0000000724400000, 0x0000000726da0000)
  from space 5312K,  50% used [0x0000000726da0000, 0x000000072703aba0, 0x00000007272d0000)
  to   space 5312K,   0% used [0x00000007272d0000, 0x00000007272d0000, 0x0000000727800000)
 concurrent mark-sweep generation total 106496K, used 51736K [0x00000007390c0000, 0x000000073f8c0000, 0x00000007c0000000)
 Metaspace       used 85343K, capacity 90322K, committed 90568K, reserved 1128448K
  class space    used 11099K, capacity 11939K, committed 12020K, reserved 1048576K
}
2021-12-27T09:37:30.714+0800: 1158.298: Application time: 1.0002120 seconds
2021-12-27T09:37:31.715+0800: 1159.299: Application time: 1.0008187 seconds
2021-12-27T09:37:32.715+0800: 1160.299: Application time: 1.0002868 seconds
2021-12-27T09:37:35.152+0800: 1162.736: Application time: 2.4366227 seconds
2021-12-27T09:37:46.132+0800: 1173.740: Application time: 11.0041578 seconds
2021-12-27T09:37:56.136+0800: 1183.743: Application time: 10.0028728 seconds
2021-12-27T09:38:06.140+0800: 1193.746: Application time: 10.0028015 seconds
2021-12-27T09:38:10.118+0800: 1197.748: Application time: 4.0018538 seconds
2021-12-27T09:38:11.120+0800: 1198.750: Application time: 1.0011958 seconds
2021-12-27T09:38:25.346+0800: 1212.976: Application time: 14.2264073 seconds
2021-12-27T09:38:25.347+0800: 1212.977: Application time: 0.0004943 seconds
2021-12-27T09:38:26.348+0800: 1213.978: Application time: 1.0013156 seconds
2021-12-27T09:38:30.350+0800: 1217.980: Application time: 4.0019463 seconds
2021-12-27T09:38:31.351+0800: 1218.981: Application time: 1.0001623 seconds
2021-12-27T09:38:36.352+0800: 1223.982: Application time: 5.0010884 seconds
2021-12-27T09:38:45.398+0800: 1233.052: Application time: 9.0690735 seconds
2021-12-27T09:38:56.403+0800: 1244.056: Application time: 11.0041707 seconds
2021-12-27T09:39:01.271+0800: 1248.924: Application time: 4.8684055 seconds
2021-12-27T09:39:06.275+0800: 1253.928: Application time: 5.0017334 seconds
2021-12-27T09:39:16.264+0800: 1263.940: Application time: 10.0120263 seconds
2021-12-27T09:39:30.271+0800: 1277.948: Application time: 14.0071344 seconds
2021-12-27T09:39:36.276+0800: 1283.953: Application time: 6.0049307 seconds
2021-12-27T09:39:46.259+0800: 1293.957: Application time: 10.0045554 seconds
2021-12-27T09:40:06.269+0800: 1313.968: Application time: 20.0105829 seconds
2021-12-27T09:40:16.254+0800: 1323.977: Application time: 10.0083528 seconds
2021-12-27T09:40:26.260+0800: 1333.982: Application time: 10.0054827 seconds
2021-12-27T09:40:28.263+0800: 1335.985: Application time: 2.0025080 seconds
2021-12-27T09:40:36.144+0800: 1343.866: Application time: 7.8809054 seconds
2021-12-27T09:40:37.182+0800: 1344.868: Application time: 1.0014150 seconds
2021-12-27T09:40:53.194+0800: 1360.879: Application time: 16.0112311 seconds
2021-12-27T09:40:57.195+0800: 1364.881: Application time: 4.0012075 seconds
2021-12-27T09:41:00.196+0800: 1367.882: Application time: 3.0015823 seconds
2021-12-27T09:41:01.197+0800: 1368.883: Application time: 1.0001514 seconds
2021-12-27T09:41:07.178+0800: 1374.886: Application time: 6.0036414 seconds
2021-12-27T09:41:17.184+0800: 1384.892: Application time: 10.0054786 seconds
2021-12-27T09:41:27.191+0800: 1394.899: Application time: 10.0067232 seconds
2021-12-27T09:42:02.180+0800: 1429.911: Application time: 35.0114726 seconds
2021-12-27T09:42:06.505+0800: 1434.258: Application time: 4.3475382 seconds
2021-12-27T09:42:07.506+0800: 1435.259: Application time: 1.0005641 seconds
2021-12-27T09:42:10.507+0800: 1438.261: Application time: 3.0012361 seconds
2021-12-27T09:42:16.509+0800: 1444.262: Application time: 6.0014487 seconds
2021-12-27T09:42:17.509+0800: 1445.262: Application time: 1.0001355 seconds
2021-12-27T09:42:29.700+0800: 1457.453: Application time: 12.1907138 seconds
2021-12-27T09:42:29.700+0800: 1457.453: Application time: 0.0001241 seconds
2021-12-27T09:42:29.700+0800: 1457.454: Application time: 0.0001385 seconds
2021-12-27T09:42:29.703+0800: 1457.456: Application time: 0.0002016 seconds
2021-12-27T09:42:29.703+0800: 1457.456: Application time: 0.0001487 seconds
2021-12-27T09:42:29.703+0800: 1457.457: Application time: 0.0002720 seconds
2021-12-27T09:42:30.704+0800: 1458.457: Application time: 1.0005491 seconds
2021-12-27T09:42:31.705+0800: 1459.459: Application time: 1.0012439 seconds
2021-12-27T09:42:36.687+0800: 1464.463: Application time: 5.0041289 seconds
2021-12-27T09:42:46.691+0800: 1474.467: Application time: 10.0029607 seconds
2021-12-27T09:42:59.697+0800: 1487.473: Application time: 13.0057282 seconds
2021-12-27T09:43:07.678+0800: 1495.476: Application time: 8.0025056 seconds
2021-12-27T09:43:17.682+0800: 1505.480: Application time: 10.0039391 seconds
2021-12-27T09:43:27.691+0800: 1515.489: Application time: 10.0090287 seconds
2021-12-27T09:43:31.703+0800: 1519.501: Application time: 4.0116805 seconds
2021-12-27T09:43:46.918+0800: 1534.728: Application time: 15.2271906 seconds
2021-12-27T09:43:57.922+0800: 1545.732: Application time: 11.0055052 seconds
2021-12-27T09:43:59.667+0800: 1547.477: Application time: 1.7428524 seconds
2021-12-27T09:43:59.668+0800: 1547.478: Application time: 0.0007310 seconds
2021-12-27T09:43:59.668+0800: 1547.479: Application time: 0.0001050 seconds
2021-12-27T09:43:59.669+0800: 1547.479: Application time: 0.0000611 seconds
2021-12-27T09:43:59.669+0800: 1547.480: Application time: 0.0000705 seconds
2021-12-27T09:43:59.669+0800: 1547.480: Application time: 0.0001757 seconds
2021-12-27T09:44:00.671+0800: 1548.482: Application time: 1.0010695 seconds
2021-12-27T09:44:01.672+0800: 1549.482: Application time: 1.0005171 seconds
2021-12-27T09:44:17.660+0800: 1565.492: Application time: 16.0093270 seconds
2021-12-27T09:44:27.666+0800: 1575.497: Application time: 10.0054116 seconds
2021-12-27T09:44:29.655+0800: 1577.487: Application time: 1.9894754 seconds
2021-12-27T09:44:29.656+0800: 1577.487: Application time: 0.0000669 seconds
2021-12-27T09:44:29.656+0800: 1577.488: Application time: 0.0001397 seconds
2021-12-27T09:44:29.657+0800: 1577.489: Application time: 0.0000688 seconds
2021-12-27T09:44:29.657+0800: 1577.489: Application time: 0.0000671 seconds
2021-12-27T09:44:29.657+0800: 1577.489: Application time: 0.0001690 seconds
2021-12-27T09:44:37.640+0800: 1585.495: Application time: 8.0051858 seconds
2021-12-27T09:44:59.650+0800: 1607.504: Application time: 22.0092176 seconds
2021-12-27T09:45:07.632+0800: 1615.509: Application time: 8.0048317 seconds
2021-12-27T09:45:17.636+0800: 1625.513: Application time: 10.0040856 seconds
2021-12-27T09:45:27.343+0800: 1635.220: Application time: 9.7064962 seconds
2021-12-27T09:45:29.629+0800: 1637.506: Application time: 2.2860541 seconds
2021-12-27T09:45:29.630+0800: 1637.507: Application time: 0.0001107 seconds
2021-12-27T09:45:29.630+0800: 1637.507: Application time: 0.0000948 seconds
2021-12-27T09:45:29.631+0800: 1637.508: Application time: 0.0000318 seconds
2021-12-27T09:45:29.631+0800: 1637.508: Application time: 0.0000679 seconds
2021-12-27T09:45:29.631+0800: 1637.508