OpenJDK 64-Bit Server VM (25.212-b04) for linux-amd64 JRE (1.8.0_212-b04), built on May  4 2019 17:56:12 by "buildozer" with gcc 8.3.0
Memory: 4k page, physical 10203724k(8435780k free), swap 1048572k(1048572k free)
CommandLine flags: -XX:+CMSClassUnloadingEnabled -XX:CMSFullGCsBeforeCompaction=9 -XX:CMSInitiatingOccupancyFraction=60 -XX:+CMSParallelRemarkEnabled -XX:+DisableExplicitGC -XX:+ExplicitGCInvokesConcurrent -XX:GCLogFileSize=5242880 -XX:+HeapDumpOnOutOfMemoryError -XX:HeapDumpPath=/opt/logs/100003172/HeapDumpOnOutOfMemoryError/ -XX:InitialHeapSize=163259584 -XX:MaxHeapSize=2612153344 -XX:MaxNewSize=348966912 -XX:MaxTenuringThreshold=9 -XX:NumberOfGCLogFiles=5 -XX:OldPLABSize=16 -XX:-OmitStackTraceInFastThrow -XX:ParallelGCThreads=4 -XX:+PrintGC -XX:+PrintGCApplicationConcurrentTime -XX:+PrintGCDateStamps -XX:+PrintGCDetails -XX:+PrintGCTimeStamps -XX:+PrintHeapAtGC -XX:+ScavengeBeforeFullGC -XX:SoftRefLRUPolicyMSPerMB=0 -XX:+UseCMSCompactAtFullCollection -XX:+UseCMSInitiatingOccupancyOnly -XX:+UseCompressedClassPointers -XX:+UseCompressedOops -XX:+UseConcMarkSweepGC -XX:+UseGCLogFileRotation -XX:+UseParNewGC 
2021-12-27T09:18:16.300+0800: 2.264: Application time: 1.5054912 seconds
2021-12-27T09:18:17.369+0800: 3.333: Application time: 1.0002118 seconds
2021-12-27T09:18:18.377+0800: 4.342: Application time: 1.0001652 seconds
2021-12-27T09:18:18.856+0800: 4.821: Application time: 0.4757308 seconds
2021-12-27T09:18:19.862+0800: 5.826: Application time: 1.0039919 seconds
2021-12-27T09:18:20.868+0800: 6.832: Application time: 1.0002095 seconds
2021-12-27T09:18:21.874+0800: 7.838: Application time: 1.0003430 seconds
2021-12-27T09:18:21.900+0800: 7.865: Application time: 0.0211685 seconds
{Heap before GC invocations=0 (full 0):
 par new generation   total 47936K, used 42624K [0x0000000724400000, 0x0000000727800000, 0x00000007390c0000)
  eden space 42624K, 100% used [0x0000000724400000, 0x0000000726da0000, 0x0000000726da0000)
  from space 5312K,   0% used [0x0000000726da0000, 0x0000000726da0000, 0x00000007272d0000)
  to   space 5312K,   0% used [0x00000007272d0000, 0x00000007272d0000, 0x0000000727800000)
 concurrent mark-sweep generation total 106496K, used 0K [0x00000007390c0000, 0x000000073f8c0000, 0x00000007c0000000)
 Metaspace       used 6359K, capacity 6626K, committed 6912K, reserved 1056768K
  class space    used 597K, capacity 697K, committed 768K, reserved 1048576K
2021-12-27T09:18:21.901+0800: 7.865: [GC (Allocation Failure) 2021-12-27T09:18:21.901+0800: 7.866: [ParNew: 42624K->3384K(47936K), 0.1038396 secs] 42624K->3384K(154432K), 0.1047050 secs] [Times: user=0.01 sys=0.01, real=0.11 secs] 
Heap after GC invocations=1 (full 0):
 par new generation   total 47936K, used 3384K [0x0000000724400000, 0x0000000727800000, 0x00000007390c0000)
  eden space 42624K,   0% used [0x0000000724400000, 0x0000000724400000, 0x0000000726da0000)
  from space 5312K,  63% used [0x00000007272d0000, 0x000000072761e3c8, 0x0000000727800000)
  to   space 5312K,   0% used [0x0000000726da0000, 0x0000000726da0000, 0x00000007272d0000)
 concurrent mark-sweep generation total 106496K, used 0K [0x00000007390c0000, 0x000000073f8c0000, 0x00000007c0000000)
 Metaspace       used 6359K, capacity 6626K, committed 6912K, reserved 1056768K
  class space    used 597K, capacity 697K, committed 768K, reserved 1048576K
}
2021-12-27T09:18:22.022+0800: 7.986: Application time: 0.0147647 seconds
2021-12-27T09:18:22.081+0800: 8.045: Application time: 0.0014910 seconds
2021-12-27T09:18:22.081+0800: 8.045: Application time: 0.0002179 seconds
2021-12-27T09:18:22.082+0800: 8.047: Application time: 0.0009631 seconds
2021-12-27T09:18:22.083+0800: 8.047: Application time: 0.0008824 seconds
2021-12-27T09:18:22.084+0800: 8.048: Application time: 0.0005830 seconds
2021-12-27T09:18:22.086+0800: 8.050: Application time: 0.0019016 seconds
2021-12-27T09:18:22.087+0800: 8.051: Application time: 0.0004880 seconds
2021-12-27T09:18:22.090+0800: 8.054: Application time: 0.0032691 seconds
2021-12-27T09:18:22.093+0800: 8.057: Application time: 0.0025774 seconds
2021-12-27T09:18:22.096+0800: 8.060: Application time: 0.0019949 seconds
2021-12-27T09:18:22.133+0800: 8.097: Application time: 0.0060203 seconds
2021-12-27T09:18:22.166+0800: 8.130: Application time: 0.0039474 seconds
2021-12-27T09:18:22.170+0800: 8.135: Application time: 0.0006285 seconds
2021-12-27T09:18:22.172+0800: 8.136: Application time: 0.0008045 seconds
2021-12-27T09:18:22.177+0800: 8.141: Application time: 0.0010828 seconds
2021-12-27T09:18:22.179+0800: 8.143: Application time: 0.0019553 seconds
2021-12-27T09:18:22.183+0800: 8.147: Application time: 0.0039467 seconds
2021-12-27T09:18:22.187+0800: 8.151: Application time: 0.0040946 seconds
2021-12-27T09:18:22.210+0800: 8.174: Application time: 0.0109080 seconds
2021-12-27T09:18:22.222+0800: 8.186: Application time: 0.0078421 seconds
2021-12-27T09:18:22.226+0800: 8.190: Application time: 0.0016415 seconds
2021-12-27T09:18:22.236+0800: 8.200: Application time: 0.0071878 seconds
2021-12-27T09:18:22.238+0800: 8.202: Application time: 0.0002678 seconds
2021-12-27T09:18:22.714+0800: 8.678: Application time: 0.4751730 seconds
2021-12-27T09:18:23.715+0800: 9.679: Application time: 1.0001893 seconds
2021-12-27T09:18:24.474+0800: 10.438: Application time: 0.7589026 seconds
{Heap before GC invocations=1 (full 0):
 par new generation   total 47936K, used 46008K [0x0000000724400000, 0x0000000727800000, 0x00000007390c0000)
  eden space 42624K, 100% used [0x0000000724400000, 0x0000000726da0000, 0x0000000726da0000)
  from space 5312K,  63% used [0x00000007272d0000, 0x000000072761e3c8, 0x0000000727800000)
  to   space 5312K,   0% used [0x0000000726da0000, 0x0000000726da0000, 0x00000007272d0000)
 concurrent mark-sweep generation total 106496K, used 0K [0x00000007390c0000, 0x000000073f8c0000, 0x00000007c0000000)
 Metaspace       used 8114K, capacity 8386K, committed 8704K, reserved 1056768K
  class space    used 811K, capacity 921K, committed 1024K, reserved 1048576K
2021-12-27T09:18:24.475+0800: 10.439: [GC (Allocation Failure) 2021-12-27T09:18:24.476+0800: 10.440: [ParNew: 46008K->2748K(47936K), 0.1033162 secs] 46008K->4862K(154432K), 0.1190873 secs] [Times: user=0.02 sys=0.00, real=0.12 secs] 
Heap after GC invocations=2 (full 0):
 par new generation   total 47936K, used 2748K [0x0000000724400000, 0x0000000727800000, 0x00000007390c0000)
  eden space 42624K,   0% used [0x0000000724400000, 0x0000000724400000, 0x0000000726da0000)
  from space 5312K,  51% used [0x0000000726da0000, 0x000000072704f0d0, 0x00000007272d0000)
  to   space 5312K,   0% used [0x00000007272d0000, 0x00000007272d0000, 0x0000000727800000)
 concurrent mark-sweep generation total 106496K, used 2114K [0x00000007390c0000, 0x000000073f8c0000, 0x00000007c0000000)
 Metaspace       used 8114K, capacity 8386K, committed 8704K, reserved 1056768K
  class space    used 811K, capacity 921K, committed 1024K, reserved 1048576K
}
2021-12-27T09:18:24.595+0800: 10.560: Application time: 0.0002302 seconds
2021-12-27T09:18:24.609+0800: 10.573: Application time: 0.0000860 seconds
2021-12-27T09:18:24.611+0800: 10.575: Application time: 0.0001420 seconds
2021-12-27T09:18:24.613+0800: 10.578: Application time: 0.0000679 seconds
2021-12-27T09:18:24.614+0800: 10.578: Application time: 0.0005758 seconds
2021-12-27T09:18:24.614+0800: 10.578: Application time: 0.0000543 seconds
2021-12-27T09:18:24.614+0800: 10.578: Application time: 0.0000572 seconds
2021-12-27T09:18:24.614+0800: 10.579: Application time: 0.0000609 seconds
2021-12-27T09:18:24.614+0800: 10.579: Application time: 0.0000484 seconds
2021-12-27T09:18:24.615+0800: 10.579: Application time: 0.0000482 seconds
2021-12-27T09:18:24.615+0800: 10.579: Application time: 0.0000485 seconds
2021-12-27T09:18:24.615+0800: 10.579: Application time: 0.0000476 seconds
2021-12-27T09:18:24.615+0800: 10.579: Application time: 0.0000481 seconds
2021-12-27T09:18:24.616+0800: 10.580: Application time: 0.0010050 seconds
2021-12-27T09:18:24.616+0800: 10.580: Application time: 0.0000492 seconds
2021-12-27T09:18:24.616+0800: 10.580: Application time: 0.0000483 seconds
2021-12-27T09:18:24.616+0800: 10.580: Application time: 0.0000480 seconds
2021-12-27T09:18:24.621+0800: 10.586: Application time: 0.0051844 seconds
2021-12-27T09:18:24.627+0800: 10.593: Application time: 0.0019319 seconds
2021-12-27T09:18:24.629+0800: 10.593: Application time: 0.0002418 seconds
2021-12-27T09:18:25.109+0800: 11.073: Application time: 0.4777302 seconds
2021-12-27T09:18:25.620+0800: 11.584: Application time: 0.5110777 seconds
2021-12-27T09:18:26.166+0800: 12.130: Application time: 0.5459290 seconds
{Heap before GC invocations=2 (full 0):
 par new generation   total 47936K, used 45372K [0x0000000724400000, 0x0000000727800000, 0x00000007390c0000)
  eden space 42624K, 100% used [0x0000000724400000, 0x0000000726da0000, 0x0000000726da0000)
  from space 5312K,  51% used [0x0000000726da0000, 0x000000072704f0d0, 0x00000007272d0000)
  to   space 5312K,   0% used [0x00000007272d0000, 0x00000007272d0000, 0x0000000727800000)
 concurrent mark-sweep generation total 106496K, used 2114K [0x00000007390c0000, 0x000000073f8c0000, 0x00000007c0000000)
 Metaspace       used 9784K, capacity 10090K, committed 10112K, reserved 1058816K
  class space    used 1029K, capacity 1145K, committed 1152K, reserved 1048576K
2021-12-27T09:18:26.169+0800: 12.134: [GC (Allocation Failure) 2021-12-27T09:18:26.170+0800: 12.134: [ParNew: 45372K->1886K(47936K), 0.0469061 secs] 47486K->4001K(154432K), 0.0566140 secs] [Times: user=0.02 sys=0.00, real=0.06 secs] 
Heap after GC invocations=3 (full 0):
 par new generation   total 47936K, used 1886K [0x0000000724400000, 0x0000000727800000, 0x00000007390c0000)
  eden space 42624K,   0% used [0x0000000724400000, 0x0000000724400000, 0x0000000726da0000)
  from space 5312K,  35% used [0x00000007272d0000, 0x00000007274a7b90, 0x0000000727800000)
  to   space 5312K,   0% used [0x0000000726da0000, 0x0000000726da0000, 0x00000007272d0000)
 concurrent mark-sweep generation total 106496K, used 2114K [0x00000007390c0000, 0x000000073f8c0000, 0x00000007c0000000)
 Metaspace       used 9784K, capacity 10090K, committed 10112K, reserved 1058816K
  class space    used 1029K, capacity 1145K, committed 1152K, reserved 1048576K
}
2021-12-27T09:18:26.231+0800: 12.195: Application time: 0.0011922 seconds
2021-12-27T09:18:26.235+0800: 12.199: Application time: 0.0039190 seconds
2021-12-27T09:18:27.244+0800: 13.208: Application time: 1.0071348 seconds
2021-12-27T09:18:27.830+0800: 13.795: Application time: 0.5860491 seconds
{Heap before GC invocations=3 (full 0):
 par new generation   total 47936K, used 44510K [0x0000000724400000, 0x0000000727800000, 0x00000007390c0000)
  eden space 42624K, 100% used [0x0000000724400000, 0x0000000726da0000, 0x0000000726da0000)
  from space 5312K,  35% used [0x00000007272d0000, 0x00000007274a7b90, 0x0000000727800000)
  to   space 5312K,   0% used [0x0000000726da0000, 0x0000000726da0000, 0x00000007272d0000)
 concurrent mark-sweep generation total 106496K, used 2114K [0x00000007390c0000, 0x000000073f8c0000, 0x00000007c0000000)
 Metaspace       used 11481K, capacity 11764K, committed 11904K, reserved 1060864K
  class space    used 1239K, capacity 1341K, committed 1408K, reserved 1048576K
2021-12-27T09:18:27.831+0800: 13.795: [GC (Allocation Failure) 2021-12-27T09:18:27.832+0800: 13.796: [ParNew: 44510K->2038K(47936K), 0.0383407 secs] 46625K->4153K(154432K), 0.0397603 secs] [Times: user=0.01 sys=0.00, real=0.04 secs] 
Heap after GC invocations=4 (full 0):
 par new generation   total 47936K, used 2038K [0x0000000724400000, 0x0000000727800000, 0x00000007390c0000)
  eden space 42624K,   0% used [0x0000000724400000, 0x0000000724400000, 0x0000000726da0000)
  from space 5312K,  38% used [0x0000000726da0000, 0x0000000726f9da30, 0x00000007272d0000)
  to   space 5312K,   0% used [0x00000007272d0000, 0x00000007272d0000, 0x0000000727800000)
 concurrent mark-sweep generation total 106496K, used 2114K [0x00000007390c0000, 0x000000073f8c0000, 0x00000007c0000000)
 Metaspace       used 11481K, capacity 11764K, committed 11904K, reserved 1060864K
  class space    used 1239K, capacity 1341K, committed 1408K, reserved 1048576K
}
2021-12-27T09:18:28.873+0800: 14.838: Application time: 1.0014452 seconds
2021-12-27T09:18:29.510+0800: 15.474: Application time: 0.6284626 seconds
{Heap before GC invocations=4 (full 0):
 par new generation   total 47936K, used 44662K [0x0000000724400000, 0x0000000727800000, 0x00000007390c0000)
  eden space 42624K, 100% used [0x0000000724400000, 0x0000000726da0000, 0x0000000726da0000)
  from space 5312K,  38% used [0x0000000726da0000, 0x0000000726f9da30, 0x00000007272d0000)
  to   space 5312K,   0% used [0x00000007272d0000, 0x00000007272d0000, 0x0000000727800000)
 concurrent mark-sweep generation total 106496K, used 2114K [0x00000007390c0000, 0x000000073f8c0000, 0x00000007c0000000)
 Metaspace       used 12521K, capacity 12836K, committed 13056K, reserved 1060864K
  class space    used 1373K, capacity 1487K, committed 1536K, reserved 1048576K
2021-12-27T09:18:29.512+0800: 15.476: [GC (Allocation Failure) 2021-12-27T09:18:29.513+0800: 15.477: [ParNew: 44662K->2970K(47936K), 0.0613999 secs] 46777K->5084K(154432K), 0.0625595 secs] [Times: user=0.02 sys=0.00, real=0.06 secs] 
Heap after GC invocations=5 (full 0):
 par new generation   total 47936K, used 2970K [0x0000000724400000, 0x0000000727800000, 0x00000007390c0000)
  eden space 42624K,   0% used [0x0000000724400000, 0x0000000724400000, 0x0000000726da0000)
  from space 5312K,  55% used [0x00000007272d0000, 0x00000007275b6838, 0x0000000727800000)
  to   space 5312K,   0% used [0x0000000726da0000, 0x0000000726da0000, 0x00000007272d0000)
 concurrent mark-sweep generation total 106496K, used 2114K [0x00000007390c0000, 0x000000073f8c0000, 0x00000007c0000000)
 Metaspace       used 12521K, capacity 12836K, committed 13056K, reserved 1060864K
  class space    used 1373K, capacity 1487K, committed 1536K, reserved 1048576K
}
2021-12-27T09:18:30.579+0800: 16.543: Application time: 1.0019547 seconds
2021-12-27T09:18:31.234+0800: 17.198: Application time: 0.6207746 seconds
{Heap before GC invocations=5 (full 0):
 par new generation   total 47936K, used 45594K [0x0000000724400000, 0x0000000727800000, 0x00000007390c0000)
  eden space 42624K, 100% used [0x0000000724400000, 0x0000000726da0000, 0x0000000726da0000)
  from space 5312K,  55% used [0x00000007272d0000, 0x00000007275b6838, 0x0000000727800000)
  to   space 5312K,   0% used [0x0000000726da0000, 0x0000000726da0000, 0x00000007272d0000)
 concurrent mark-sweep generation total 106496K, used 2114K [0x00000007390c0000, 0x000000073f8c0000, 0x00000007c0000000)
 Metaspace       used 13185K, capacity 13536K, committed 13696K, reserved 1060864K
  class space    used 1464K, capacity 1569K, committed 1664K, reserved 1048576K
2021-12-27T09:18:31.244+0800: 17.208: [GC (Allocation Failure) 2021-12-27T09:18:31.245+0800: 17.209: [ParNew: 45594K->3348K(47936K), 0.1602213 secs] 47708K->5463K(154432K), 0.1619517 secs] [Times: user=0.01 sys=0.00, real=0.16 secs] 
Heap after GC invocations=6 (full 0):
 par new generation   total 47936K, used 3348K [0x0000000724400000, 0x0000000727800000, 0x00000007390c0000)
  eden space 42624K,   0% used [0x0000000724400000, 0x0000000724400000, 0x0000000726da0000)
  from space 5312K,  63% used [0x0000000726da0000, 0x00000007270e5358, 0x00000007272d0000)
  to   space 5312K,   0% used [0x00000007272d0000, 0x00000007272d0000, 0x0000000727800000)
 concurrent mark-sweep generation total 106496K, used 2114K [0x00000007390c0000, 0x000000073f8c0000, 0x00000007c0000000)
 Metaspace       used 13185K, capacity 13536K, committed 13696K, reserved 1060864K
  class space    used 1464K, capacity 1569K, committed 1664K, reserved 1048576K
}
2021-12-27T09:18:32.407+0800: 18.371: Application time: 1.0008499 seconds
2021-12-27T09:18:32.499+0800: 18.463: Application time: 0.0918433 seconds
{Heap before GC invocations=6 (full 0):
 par new generation   total 47936K, used 45972K [0x0000000724400000, 0x0000000727800000, 0x00000007390c0000)
  eden space 42624K, 100% used [0x0000000724400000, 0x0000000726da0000, 0x0000000726da0000)
  from space 5312K,  63% used [0x0000000726da0000, 0x00000007270e5358, 0x00000007272d0000)
  to   space 5312K,   0% used [0x00000007272d0000, 0x00000007272d0000, 0x0000000727800000)
 concurrent mark-sweep generation total 106496K, used 2114K [0x00000007390c0000, 0x000000073f8c0000, 0x00000007c0000000)
 Metaspace       used 13917K, capacity 14288K, committed 14592K, reserved 1062912K
  class space    used 1567K, capacity 1669K, committed 1792K, reserved 1048576K
2021-12-27T09:18:32.500+0800: 18.464: [GC (Allocation Failure) 2021-12-27T09:18:32.501+0800: 18.465: [ParNew: 45972K->3228K(47936K), 0.0149508 secs] 48087K->5665K(154432K), 0.0164517 secs] [Times: user=0.01 sys=0.00, real=0.02 secs] 
Heap after GC invocations=7 (full 0):
 par new generation   total 47936K, used 3228K [0x0000000724400000, 0x0000000727800000, 0x00000007390c0000)
  eden space 42624K,   0% used [0x0000000724400000, 0x0000000724400000, 0x0000000726da0000)
  from space 5312K,  60% used [0x00000007272d0000, 0x00000007275f72f8, 0x0000000727800000)
  to   space 5312K,   0% used [0x0000000726da0000, 0x0000000726da0000, 0x00000007272d0000)
 concurrent mark-sweep generation total 106496K, used 2436K [0x00000007390c0000, 0x000000073f8c0000, 0x00000007c0000000)
 Metaspace       used 13917K, capacity 14288K, committed 14592K, reserved 1062912K
  class space    used 1567K, capacity 1669K, committed 1792K, reserved 1048576K
}
2021-12-27T09:18:32.520+0800: 18.485: Application time: 0.0029396 seconds
2021-12-27T09:18:32.533+0800: 18.497: Application time: 0.0082607 seconds
2021-12-27T09:18:33.534+0800: 19.498: Application time: 1.0001697 seconds
2021-12-27T09:18:34.108+0800: 20.072: Application time: 0.5699352 seconds
{Heap before GC invocations=7 (full 0):
 par new generation   total 47936K, used 45852K [0x0000000724400000, 0x0000000727800000, 0x00000007390c0000)
  eden space 42624K, 100% used [0x0000000724400000, 0x0000000726da0000, 0x0000000726da0000)
  from space 5312K,  60% used [0x00000007272d0000, 0x00000007275f72f8, 0x0000000727800000)
  to   space 5312K,   0% used [0x0000000726da0000, 0x0000000726da0000, 0x00000007272d0000)
 concurrent mark-sweep generation total 106496K, used 2436K [0x00000007390c0000, 0x000000073f8c0000, 0x00000007c0000000)
 Metaspace       used 15184K, capacity 15588K, committed 15744K, reserved 1062912K
  class space    used 1726K, capacity 1831K, committed 1920K, reserved 1048576K
2021-12-27T09:18:34.109+0800: 20.073: [GC (Allocation Failure) 2021-12-27T09:18:34.109+0800: 20.074: [ParNew: 45852K->2720K(47936K), 0.0377877 secs] 48289K->5157K(154432K), 0.0392415 secs] [Times: user=0.02 sys=0.00, real=0.04 secs] 
Heap after GC invocations=8 (full 0):
 par new generation   total 47936K, used 2720K [0x0000000724400000, 0x0000000727800000, 0x00000007390c0000)
  eden space 42624K,   0% used [0x0000000724400000, 0x0000000724400000, 0x0000000726da0000)
  from space 5312K,  51% used [0x0000000726da0000, 0x00000007270482a0, 0x00000007272d0000)
  to   space 5312K,   0% used [0x00000007272d0000, 0x00000007272d0000, 0x0000000727800000)
 concurrent mark-sweep generation total 106496K, used 2436K [0x00000007390c0000, 0x000000073f8c0000, 0x00000007c0000000)
 Metaspace       used 15184K, capacity 15588K, committed 15744K, reserved 1062912K
  class space    used 1726K, capacity 1831K, committed 1920K, reserved 1048576K
}
2021-12-27T09:18:34.157+0800: 20.122: Application time: 0.0078270 seconds
2021-12-27T09:18:35.214+0800: 21.178: Application time: 1.0122798 seconds
2021-12-27T09:18:35.231+0800: 21.195: Application time: 0.0157741 seconds
2021-12-27T09:18:36.086+0800: 22.051: Application time: 0.8482106 seconds
2021-12-27T09:18:36.089+0800: 22.053: Application time: 0.0019692 seconds
2021-12-27T09:18:36.150+0800: 22.114: Application time: 0.0599783 seconds
{Heap before GC invocations=8 (full 0):
 par new generation   total 47936K, used 45344K [0x0000000724400000, 0x0000000727800000, 0x00000007390c0000)
  eden space 42624K, 100% used [0x0000000724400000, 0x0000000726da0000, 0x0000000726da0000)
  from space 5312K,  51% used [0x0000000726da0000, 0x00000007270482a0, 0x00000007272d0000)
  to   space 5312K,   0% used [0x00000007272d0000, 0x00000007272d0000, 0x0000000727800000)
 concurrent mark-sweep generation total 106496K, used 2436K [0x00000007390c0000, 0x000000073f8c0000, 0x00000007c0000000)
 Metaspace       used 16597K, capacity 17296K, committed 17536K, reserved 1064960K
  class space    used 1930K, capacity 2111K, committed 2176K, reserved 1048576K
2021-12-27T09:18:36.150+0800: 22.114: [GC (Allocation Failure) 2021-12-27T09:18:36.151+0800: 22.116: [ParNew: 45344K->3066K(47936K), 0.0265663 secs] 47781K->5503K(154432K), 0.0305210 secs] [Times: user=0.01 sys=0.00, real=0.03 secs] 
Heap after GC invocations=9 (full 0):
 par new generation   total 47936K, used 3066K [0x0000000724400000, 0x0000000727800000, 0x00000007390c0000)
  eden space 42624K,   0% used [0x0000000724400000, 0x0000000724400000, 0x0000000726da0000)
  from space 5312K,  57% used [0x00000007272d0000, 0x00000007275ceb20, 0x0000000727800000)
  to   space 5312K,   0% used [0x0000000726da0000, 0x0000000726da0000, 0x00000007272d0000)
 concurrent mark-sweep generation total 106496K, used 2436K [0x00000007390c0000, 0x000000073f8c0000, 0x00000007c0000000)
 Metaspace       used 16597K, capacity 17296K, committed 17536K, reserved 1064960K
  class space    used 1930K, capacity 2111K, committed 2176K, reserved 1048576K
}
2021-12-27T09:18:36.350+0800: 22.314: Application time: 0.1679791 seconds
2021-12-27T09:18:36.403+0800: 22.368: Application time: 0.0529583 seconds
2021-12-27T09:18:37.386+0800: 23.372: Application time: 1.0003380 seconds
2021-12-27T09:18:37.781+0800: 23.767: Application time: 0.3908812 seconds
2021-12-27T09:18:37.790+0800: 23.776: Application time: 0.0066611 seconds
2021-12-27T09:18:38.791+0800: 24.777: Application time: 1.0001350 seconds
2021-12-27T09:18:39.049+0800: 25.035: Application time: 0.2578726 seconds
{Heap before GC invocations=9 (full 0):
 par new generation   total 47936K, used 45690K [0x0000000724400000, 0x0000000727800000, 0x00000007390c0000)
  eden space 42624K, 100% used [0x0000000724400000, 0x0000000726da0000, 0x0000000726da0000)
  from space 5312K,  57% used [0x00000007272d0000, 0x00000007275ceb20, 0x0000000727800000)
  to   space 5312K,   0% used [0x0000000726da0000, 0x0000000726da0000, 0x00000007272d0000)
 concurrent mark-sweep generation total 106496K, used 2436K [0x00000007390c0000, 0x000000073f8c0000, 0x00000007c0000000)
 Metaspace       used 17634K, capacity 18398K, committed 18688K, reserved 1064960K
  class space    used 2079K, capacity 2266K, committed 2304K, reserved 1048576K
2021-12-27T09:18:39.049+0800: 25.035: [GC (Allocation Failure) 2021-12-27T09:18:39.050+0800: 25.036: [ParNew: 45690K->3700K(47936K), 0.0307867 secs] 48127K->6136K(154432K), 0.0596456 secs] [Times: user=0.02 sys=0.00, real=0.06 secs] 
Heap after GC invocations=10 (full 0):
 par new generation   total 47936K, used 3700K [0x0000000724400000, 0x0000000727800000, 0x00000007390c0000)
  eden space 42624K,   0% used [0x0000000724400000, 0x0000000724400000, 0x0000000726da0000)
  from space 5312K,  69% used [0x0000000726da0000, 0x000000072713d070, 0x00000007272d0000)
  to   space 5312K,   0% used [0x00000007272d0000, 0x00000007272d0000, 0x0000000727800000)
 concurrent mark-sweep generation total 106496K, used 2436K [0x00000007390c0000, 0x000000073f8c0000, 0x00000007c0000000)
 Metaspace       used 17634K, capacity 18398K, committed 18688K, reserved 1064960K
  class space    used 2079K, capacity 2266K, committed 2304K, reserved 1048576K
}
2021-12-27T09:18:39.112+0800: 25.098: Application time: 0.0018453 seconds
2021-12-27T09:18:39.461+0800: 25.447: Application time: 0.3456334 seconds
2021-12-27T09:18:39.470+0800: 25.456: Application time: 0.0090173 seconds
2021-12-27T09:18:40.077+0800: 26.063: Application time: 0.6062806 seconds
2021-12-27T09:18:40.109+0800: 26.095: Application time: 0.0012178 seconds
2021-12-27T09:18:40.275+0800: 26.261: Application time: 0.1648420 seconds
2021-12-27T09:18:40.308+0800: 26.294: Application time: 0.0016600 seconds
2021-12-27T09:18:40.309+0800: 26.294: Application time: 0.0006036 seconds
2021-12-27T09:18:40.315+0800: 26.301: Application time: 0.0061775 seconds
2021-12-27T09:18:40.319+0800: 26.305: Application time: 0.0005545 seconds
2021-12-27T09:18:40.321+0800: 26.307: Application time: 0.0002343 seconds
2021-12-27T09:18:40.325+0800: 26.311: Application time: 0.0038297 seconds
2021-12-27T09:18:40.366+0800: 26.352: Application time: 0.0005462 seconds
2021-12-27T09:18:40.368+0800: 26.354: Application time: 0.0011393 seconds
2021-12-27T09:18:40.370+0800: 26.356: Application time: 0.0023252 seconds
2021-12-27T09:18:40.372+0800: 26.358: Application time: 0.0020219 seconds
2021-12-27T09:18:40.373+0800: 26.359: Application time: 0.0006407 seconds
2021-12-27T09:18:40.377+0800: 26.363: Application time: 0.0038264 seconds
2021-12-27T09:18:40.385+0800: 26.372: Application time: 0.0028721 seconds
2021-12-27T09:18:40.389+0800: 26.375: Application time: 0.0030064 seconds
2021-12-27T09:18:40.426+0800: 26.412: Application time: 0.0024895 seconds
2021-12-27T09:18:40.432+0800: 26.418: Application time: 0.0028804 seconds
2021-12-27T09:18:40.433+0800: 26.419: Application time: 0.0009100 seconds
2021-12-27T09:18:41.433+0800: 27.419: Application time: 1.0001502 seconds
2021-12-27T09:18:41.593+0800: 27.578: Application time: 0.1563522 seconds
{Heap before GC invocations=10 (full 0):
 par new generation   total 47936K, used 46324K [0x0000000724400000, 0x0000000727800000, 0x00000007390c0000)
  eden space 42624K, 100% used [0x0000000724400000, 0x0000000726da0000, 0x0000000726da0000)
  from space 5312K,  69% used [0x0000000726da0000, 0x000000072713d070, 0x00000007272d0000)
  to   space 5312K,   0% used [0x00000007272d0000, 0x00000007272d0000, 0x0000000727800000)
 concurrent mark-sweep generation total 106496K, used 2436K [0x00000007390c0000, 0x000000073f8c0000, 0x00000007c0000000)
 Metaspace       used 19283K, capacity 20118K, committed 20480K, reserved 1067008K
  class space    used 2266K, capacity 2447K, committed 2560K, reserved 1048576K
2021-12-27T09:18:41.596+0800: 27.582: [GC (Allocation Failure) 2021-12-27T09:18:41.596+0800: 27.582: [ParNew: 46324K->4815K(47936K), 0.0851658 secs] 48760K->7926K(154432K), 0.0895786 secs] [Times: user=0.02 sys=0.00, real=0.09 secs] 
Heap after GC invocations=11 (full 0):
 par new generation   total 47936K, used 4815K [0x0000000724400000, 0x0000000727800000, 0x00000007390c0000)
  eden space 42624K,   0% used [0x0000000724400000, 0x0000000724400000, 0x0000000726da0000)
  from space 5312K,  90% used [0x00000007272d0000, 0x0000000727783d18, 0x0000000727800000)
  to   space 5312K,   0% used [0x0000000726da0000, 0x0000000726da0000, 0x00000007272d0000)
 concurrent mark-sweep generation total 106496K, used 3110K [0x00000007390c0000, 0x000000073f8c0000, 0x00000007c0000000)
 Metaspace       used 19283K, capacity 20118K, committed 20480K, reserved 1067008K
  class space    used 2266K, capacity 2447K, committed 2560K, reserved 1048576K
}
2021-12-27T09:18:41.689+0800: 27.675: Application time: 0.0024090 seconds
2021-12-27T09:18:41.693+0800: 27.679: Application time: 0.0041428 seconds
2021-12-27T09:18:41.867+0800: 27.853: Application time: 0.1738642 seconds
2021-12-27T09:18:42.258+0800: 28.244: Application time: 0.3814623 seconds
2021-12-27T09:18:42.268+0800: 28.259: Application time: 0.0047110 seconds
2021-12-27T09:18:42.275+0800: 28.261: Application time: 0.0001418 seconds
2021-12-27T09:18:42.307+0800: 28.293: Application time: 0.0313418 seconds
2021-12-27T09:18:42.308+0800: 28.294: Application time: 0.0000745 seconds
2021-12-27T09:18:42.318+0800: 28.304: Application time: 0.0000835 seconds
2021-12-27T09:18:42.377+0800: 28.362: Application time: 0.0582197 seconds
2021-12-27T09:18:42.419+0800: 28.405: Application time: 0.0424546 seconds
2021-12-27T09:18:42.566+0800: 28.552: Application time: 0.1457720 seconds
2021-12-27T09:18:42.658+0800: 28.643: Application time: 0.0883418 seconds
2021-12-27T09:18:42.721+0800: 28.707: Application time: 0.0622372 seconds
2021-12-27T09:18:42.784+0800: 28.770: Application time: 0.0467156 seconds
2021-12-27T09:18:42.789+0800: 28.775: Application time: 0.0024219 seconds
2021-12-27T09:18:42.884+0800: 28.870: Application time: 0.0930870 seconds
2021-12-27T09:18:42.892+0800: 28.878: Application time: 0.0022561 seconds
2021-12-27T09:18:42.894+0800: 28.883: Application time: 0.0029517 seconds
2021-12-27T09:18:42.901+0800: 28.887: Application time: 0.0005656 seconds
2021-12-27T09:18:42.904+0800: 28.890: Application time: 0.0003865 seconds
2021-12-27T09:18:42.906+0800: 28.892: Application time: 0.0024646 seconds
2021-12-27T09:18:42.907+0800: 28.893: Application time: 0.0005951 seconds
2021-12-27T09:18:42.910+0800: 28.896: Application time: 0.0011094 seconds
2021-12-27T09:18:42.918+0800: 28.904: Application time: 0.0010838 seconds
2021-12-27T09:18:42.919+0800: 28.905: Application time: 0.0000601 seconds
2021-12-27T09:18:42.919+0800: 28.905: Application time: 0.0000559 seconds
2021-12-27T09:18:42.919+0800: 28.905: Application time: 0.0000877 seconds
2021-12-27T09:18:42.991+0800: 28.977: Application time: 0.0715383 seconds
{Heap before GC invocations=11 (full 0):
 par new generation   total 47936K, used 47439K [0x0000000724400000, 0x0000000727800000, 0x00000007390c0000)
  eden space 42624K, 100% used [0x0000000724400000, 0x0000000726da0000, 0x0000000726da0000)
  from space 5312K,  90% used [0x00000007272d0000, 0x0000000727783d18, 0x0000000727800000)
  to   space 5312K,   0% used [0x0000000726da0000, 0x0000000726da0000, 0x00000007272d0000)
 concurrent mark-sweep generation total 106496K, used 3110K [0x00000007390c0000, 0x000000073f8c0000, 0x00000007c0000000)
 Metaspace       used 20137K, capacity 20926K, committed 21120K, reserved 1067008K
  class space    used 2411K, capacity 2583K, committed 2688K, reserved 1048576K
2021-12-27T09:18:42.995+0800: 28.981: [GC (Allocation Failure) 2021-12-27T09:18:42.995+0800: 28.981: [ParNew: 47439K->2991K(47936K), 0.0867294 secs] 50550K->6932K(154432K), 0.0909944 secs] [Times: user=0.01 sys=0.00, real=0.09 secs] 
Heap after GC invocations=12 (full 0):
 par new generation   total 47936K, used 2991K [0x0000000724400000, 0x0000000727800000, 0x00000007390c0000)
  eden space 42624K,   0% used [0x0000000724400000, 0x0000000724400000, 0x0000000726da0000)
  from space 5312K,  56% used [0x0000000726da0000, 0x000000072708bf10, 0x00000007272d0000)
  to   space 5312K,   0% used [0x00000007272d0000, 0x00000007272d0000, 0x0000000727800000)
 concurrent mark-sweep generation total 106496K, used 3941K [0x00000007390c0000, 0x000000073f8c0000, 0x00000007c0000000)
 Metaspace       used 20137K, capacity 20926K, committed 21120K, reserved 1067008K
  class space    used 2411K, capacity 2583K, committed 2688K, reserved 1048576K
}
2021-12-27T09:18:43.202+0800: 29.188: Application time: 0.1158745 seconds
2021-12-27T09:18:43.499+0800: 29.485: Application time: 0.2925155 seconds
2021-12-27T09:18:43.502+0800: 29.488: Application time: 0.0013608 seconds
2021-12-27T09:18:43.828+0800: 29.814: Application time: 0.3261492 seconds
2021-12-27T09:18:43.878+0800: 29.864: Application time: 0.0006079 seconds
2021-12-27T09:18:43.879+0800: 29.865: Application time: 0.0009062 seconds
2021-12-27T09:18:43.891+0800: 29.877: Application time: 0.0002826 seconds
2021-12-27T09:18:43.892+0800: 29.878: Application time: 0.0005461 seconds
2021-12-27T09:18:43.922+0800: 29.908: Application time: 0.0224138 seconds
2021-12-27T09:18:44.598+0800: 30.584: Application time: 0.6530808 seconds
2021-12-27T09:18:44.598+0800: 30.584: Application time: 0.0000451 seconds
2021-12-27T09:18:44.610+0800: 30.596: Application time: 0.0000930 seconds
2021-12-27T09:18:44.716+0800: 30.701: Application time: 0.1053016 seconds
2021-12-27T09:18:45.112+0800: 31.098: Application time: 0.3963070 seconds
2021-12-27T09:18:45.175+0800: 31.161: [GC (CMS Initial Mark) [1 CMS-initial-mark: 3941K(106496K)] 43953K(154432K), 0.0481755 secs] [Times: user=0.02 sys=0.00, real=0.04 secs] 
2021-12-27T09:18:45.225+0800: 31.211: [CMS-concurrent-mark-start]
2021-12-27T09:18:45.562+0800: 31.548: [CMS-concurrent-mark: 0.337/0.337 secs] [Times: user=0.06 sys=0.01, real=0.34 secs] 
2021-12-27T09:18:45.566+0800: 31.552: [CMS-concurrent-preclean-start]
2021-12-27T09:18:45.577+0800: 31.563: [CMS-concurrent-preclean: 0.011/0.011 secs] [Times: user=0.00 sys=0.00, real=0.01 secs] 
2021-12-27T09:18:45.597+0800: 31.583: [CMS-concurrent-abortable-preclean-start]
2021-12-27T09:18:45.700+0800: 31.685: Application time: 0.4749120 seconds
{Heap before GC invocations=12 (full 1):
 par new generation   total 47936K, used 45615K [0x0000000724400000, 0x0000000727800000, 0x00000007390c0000)
  eden space 42624K, 100% used [0x0000000724400000, 0x0000000726da0000, 0x0000000726da0000)
  from space 5312K,  56% used [0x0000000726da0000, 0x000000072708bf10, 0x00000007272d0000)
  to   space 5312K,   0% used [0x00000007272d0000, 0x00000007272d0000, 0x0000000727800000)
 concurrent mark-sweep generation total 106496K, used 3941K [0x00000007390c0000, 0x000000073f8c0000, 0x00000007c0000000)
 Metaspace       used 21417K, capacity 22222K, committed 22292K, reserved 1069056K
  class space    used 2622K, capacity 2797K, committed 2840K, reserved 1048576K
2021-12-27T09:18:45.703+0800: 31.689: [GC (Allocation Failure) 2021-12-27T09:18:45.710+0800: 31.696: [ParNew: 45615K->3698K(47936K), 0.1007337 secs] 49556K->7639K(154432K), 0.1143714 secs] [Times: user=0.01 sys=0.00, real=0.12 secs] 
Heap after GC invocations=13 (full 1):
 par new generation   total 47936K, used 3698K [0x0000000724400000, 0x0000000727800000, 0x00000007390c0000)
  eden space 42624K,   0% used [0x0000000724400000, 0x0000000724400000, 0x0000000726da0000)
  from space 5312K,  69% used [0x00000007272d0000, 0x000000072766c8f8, 0x0000000727800000)
  to   space 5312K,   0% used [0x0000000726da0000, 0x0000000726da0000, 0x00000007272d0000)
 concurrent mark-sweep generation total 106496K, used 3941K [0x00000007390c0000, 0x000000073f8c0000, 0x00000007c0000000)
 Metaspace       used 21417K, capacity 22222K, committed 22292K, reserved 1069056K
  class space    used 2622K, capacity 2797K, committed 2840K, reserved 1048576K
}
2021-12-27T09:18:45.823+0800: 31.809: Application time: 0.0005478 seconds
2021-12-27T09:18:45.835+0800: 31.821: Application time: 0.0007753 seconds
2021-12-27T09:18:45.847+0800: 31.832: Application time: 0.0046975 seconds
2021-12-27T09:18:45.910+0800: 31.896: Application time: 0.0602121 seconds
2021-12-27T09:18:45.925+0800: 31.912: Application time: 0.0154073 seconds
2021-12-27T09:18:46.462+0800: 32.448: Application time: 0.5233636 seconds
2021-12-27T09:18:47.081+0800: 33.067: Application time: 0.6186752 seconds
2021-12-27T09:18:47.134+0800: 33.120: Application time: 0.0528890 seconds
2021-12-27T09:18:47.155+0800: 33.141: [CMS-concurrent-abortable-preclean: 1.130/1.558 secs] [Times: user=0.27 sys=0.04, real=1.56 secs] 
2021-12-27T09:18:47.156+0800: 33.142: Application time: 0.0006770 seconds
2021-12-27T09:18:47.156+0800: 33.142: [GC (CMS Final Remark) [YG occupancy: 30993 K (47936 K)]2021-12-27T09:18:47.157+0800: 33.143: [Rescan (parallel) , 0.0540489 secs]2021-12-27T09:18:47.211+0800: 33.197: [weak refs processing, 0.0005437 secs]2021-12-27T09:18:47.212+0800: 33.198: [class unloading, 0.0222085 secs]2021-12-27T09:18:47.257+0800: 33.243: [scrub symbol table, 0.0386688 secs]2021-12-27T09:18:47.305+0800: 33.291: [scrub string table, 0.0006782 secs][1 CMS-remark: 3941K(106496K)] 34934K(154432K), 0.1503439 secs] [Times: user=0.03 sys=0.00, real=0.15 secs] 
2021-12-27T09:18:47.311+0800: 33.297: [CMS-concurrent-sweep-start]
2021-12-27T09:18:47.328+0800: 33.314: [CMS-concurrent-sweep: 0.017/0.017 secs] [Times: user=0.01 sys=0.00, real=0.02 secs] 
2021-12-27T09:18:47.329+0800: 33.315: [CMS-concurrent-reset-start]
2021-12-27T09:18:47.451+0800: 33.437: Application time: 0.1399241 seconds
2021-12-27T09:18:47.813+0800: 33.799: [CMS-concurrent-reset: 0.480/0.484 secs] [Times: user=0.06 sys=0.03, real=0.48 secs] 
2021-12-27T09:18:47.894+0800: 33.880: Application time: 0.4400951 seconds
{Heap before GC invocations=13 (full 1):
 par new generation   total 47936K, used 46322K [0x0000000724400000, 0x0000000727800000, 0x00000007390c0000)
  eden space 42624K, 100% used [0x0000000724400000, 0x0000000726da0000, 0x0000000726da0000)
  from space 5312K,  69% used [0x00000007272d0000, 0x000000072766c8f8, 0x0000000727800000)
  to   space 5312K,   0% used [0x0000000726da0000, 0x0000000726da0000, 0x00000007272d0000)
 concurrent mark-sweep generation total 106496K, used 3680K [0x00000007390c0000, 0x000000073f8c0000, 0x00000007c0000000)
 Metaspace       used 22490K, capacity 23460K, committed 23672K, reserved 1069056K
  class space    used 2836K, capacity 3073K, committed 3196K, reserved 1048576K
2021-12-27T09:18:47.900+0800: 33.886: [GC (Allocation Failure) 2021-12-27T09:18:47.907+0800: 33.893: [ParNew: 46322K->4217K(47936K), 0.0867237 secs] 50002K->8234K(154432K), 0.1185240 secs] [Times: user=0.03 sys=0.00, real=0.12 secs] 
Heap after GC invocations=14 (full 1):
 par new generation   total 47936K, used 4217K [0x0000000724400000, 0x0000000727800000, 0x00000007390c0000)
  eden space 42624K,   0% used [0x0000000724400000, 0x0000000724400000, 0x0000000726da0000)
  from space 5312K,  79% used [0x0000000726da0000, 0x00000007271be7d8, 0x00000007272d0000)
  to   space 5312K,   0% used [0x00000007272d0000, 0x00000007272d0000, 0x0000000727800000)
 concurrent mark-sweep generation total 106496K, used 4016K [0x00000007390c0000, 0x000000073f8c0000, 0x00000007c0000000)
 Metaspace       used 22490K, capacity 23460K, committed 23672K, reserved 1069056K
  class space    used 2836K, capacity 3073K, committed 3196K, reserved 1048576K
}
2021-12-27T09:18:48.435+0800: 34.421: Application time: 0.4156082 seconds
2021-12-27T09:18:48.467+0800: 34.453: Application time: 0.0317197 seconds
2021-12-27T09:18:48.810+0800: 34.796: Application time: 0.3377169 seconds
2021-12-27T09:18:48.828+0800: 34.814: Application time: 0.0023756 seconds
2021-12-27T09:18:49.089+0800: 35.075: Application time: 0.2433933 seconds
2021-12-27T09:18:49.171+0800: 35.157: Application time: 0.0807863 seconds
2021-12-27T09:18:49.541+0800: 35.526: Application time: 0.3688402 seconds
{Heap before GC invocations=14 (full 1):
 par new generation   total 47936K, used 46841K [0x0000000724400000, 0x0000000727800000, 0x00000007390c0000)
  eden space 42624K, 100% used [0x0000000724400000, 0x0000000726da0000, 0x0000000726da0000)
  from space 5312K,  79% used [0x0000000726da0000, 0x00000007271be7d8, 0x00000007272d0000)
  to   space 5312K,   0% used [0x00000007272d0000, 0x00000007272d0000, 0x0000000727800000)
 concurrent mark-sweep generation total 106496K, used 4016K [0x00000007390c0000, 0x000000073f8c0000, 0x00000007c0000000)
 Metaspace       used 23747K, capacity 24722K, committed 25080K, reserved 1071104K
  class space    used 2982K, capacity 3220K, committed 3324K, reserved 1048576K
2021-12-27T09:18:49.543+0800: 35.529: [GC (Allocation Failure) 2021-12-27T09:18:49.543+0800: 35.529: [ParNew: 46841K->3923K(47936K), 0.0498542 secs] 50858K->8145K(154432K), 0.0577214 secs] [Times: user=0.01 sys=0.00, real=0.06 secs] 
Heap after GC invocations=15 (full 1):
 par new generation   total 47936K, used 3923K [0x0000000724400000, 0x0000000727800000, 0x00000007390c0000)
  eden space 42624K,   0% used [0x0000000724400000, 0x0000000724400000, 0x0000000726da0000)
  from space 5312K,  73% used [0x00000007272d0000, 0x00000007276a4f48, 0x0000000727800000)
  to   space 5312K,   0% used [0x0000000726da0000, 0x0000000726da0000, 0x00000007272d0000)
 concurrent mark-sweep generation total 106496K, used 4222K [0x00000007390c0000, 0x000000073f8c0000, 0x00000007c0000000)
 Metaspace       used 23747K, capacity 24722K, committed 25080K, reserved 1071104K
  class space    used 2982K, capacity 3220K, committed 3324K, reserved 1048576K
}
2021-12-27T09:18:50.499+0800: 36.484: Application time: 0.8968964 seconds
{Heap before GC invocations=15 (full 1):
 par new generation   total 47936K, used 46505K [0x0000000724400000, 0x0000000727800000, 0x00000007390c0000)
  eden space 42624K,  99% used [0x0000000724400000, 0x0000000726d95778, 0x0000000726da0000)
  from space 5312K,  73% used [0x00000007272d0000, 0x00000007276a4f48, 0x0000000727800000)
  to   space 5312K,   0% used [0x0000000726da0000, 0x0000000726da0000, 0x00000007272d0000)
 concurrent mark-sweep generation total 106496K, used 4222K [0x00000007390c0000, 0x000000073f8c0000, 0x00000007c0000000)
 Metaspace       used 24567K, capacity 25528K, committed 25592K, reserved 1071104K
  class space    used 3054K, capacity 3291K, committed 3324K, reserved 1048576K
2021-12-27T09:18:50.561+0800: 36.547: [GC (Allocation Failure) 2021-12-27T09:18:50.562+0800: 36.548: [ParNew: 46505K->2169K(47936K), 0.0221100 secs] 50727K->7435K(154432K), 0.0285767 secs] [Times: user=0.02 sys=0.00, real=0.03 secs] 
Heap after GC invocations=16 (full 1):
 par new generation   total 47936K, used 2169K [0x0000000724400000, 0x0000000727800000, 0x00000007390c0000)
  eden space 42624K,   0% used [0x0000000724400000, 0x0000000724400000, 0x0000000726da0000)
  from space 5312K,  40% used [0x0000000726da0000, 0x0000000726fbe670, 0x00000007272d0000)
  to   space 5312K,   0% used [0x00000007272d0000, 0x00000007272d0000, 0x0000000727800000)
 concurrent mark-sweep generation total 106496K, used 5266K [0x00000007390c0000, 0x000000073f8c0000, 0x00000007c0000000)
 Metaspace       used 24567K, capacity 25528K, committed 25592K, reserved 1071104K
  class space    used 3054K, capacity 3291K, committed 3324K, reserved 1048576K
}
2021-12-27T09:18:51.609+0800: 37.595: Application time: 1.0186198 seconds
2021-12-27T09:18:52.026+0800: 38.012: Application time: 0.4156965 seconds
{Heap before GC invocations=16 (full 1):
 par new generation   total 47936K, used 44793K [0x0000000724400000, 0x0000000727800000, 0x00000007390c0000)
  eden space 42624K, 100% used [0x0000000724400000, 0x0000000726da0000, 0x0000000726da0000)
  from space 5312K,  40% used [0x0000000726da0000, 0x0000000726fbe670, 0x00000007272d0000)
  to   space 5312K,   0% used [0x00000007272d0000, 0x00000007272d0000, 0x0000000727800000)
 concurrent mark-sweep generation total 106496K, used 5266K [0x00000007390c0000, 0x000000073f8c0000, 0x00000007c0000000)
 Metaspace       used 25756K, capacity 26766K, committed 27000K, reserved 1073152K
  class space    used 3173K, capacity 3402K, committed 3452K, reserved 1048576K
2021-12-27T09:18:52.029+0800: 38.015: [GC (Allocation Failure) 2021-12-27T09:18:52.030+0800: 38.016: [ParNew: 44793K->3053K(47936K), 0.0747174 secs] 50059K->8319K(154432K), 0.0759368 secs] [Times: user=0.01 sys=0.00, real=0.08 secs] 
Heap after GC invocations=17 (full 1):
 par new generation   total 47936K, used 3053K [0x0000000724400000, 0x0000000727800000, 0x00000007390c0000)
  eden space 42624K,   0% used [0x0000000724400000, 0x0000000724400000, 0x0000000726da0000)
  from space 5312K,  57% used [0x00000007272d0000, 0x00000007275cb650, 0x0000000727800000)
  to   space 5312K,   0% used [0x0000000726da0000, 0x0000000726da0000, 0x00000007272d0000)
 concurrent mark-sweep generation total 106496K, used 5266K [0x00000007390c0000, 0x000000073f8c0000, 0x00000007c0000000)
 Metaspace       used 25756K, capacity 26766K, committed 27000K, reserved 1073152K
  class space    used 3173K, capacity 3402K, committed 3452K, reserved 1048576K
}
2021-12-27T09:18:53.128+0800: 39.114: Application time: 1.0217903 seconds
2021-12-27T09:18:53.747+0800: 39.733: Application time: 0.6048128 seconds
{Heap before GC invocations=17 (full 1):
 par new generation   total 47936K, used 45677K [0x0000000724400000, 0x0000000727800000, 0x00000007390c0000)
  eden space 42624K, 100% used [0x0000000724400000, 0x0000000726da0000, 0x0000000726da0000)
  from space 5312K,  57% used [0x00000007272d0000, 0x00000007275cb650, 0x0000000727800000)
  to   space 5312K,   0% used [0x0000000726da0000, 0x0000000726da0000, 0x00000007272d0000)
 concurrent mark-sweep generation total 106496K, used 5266K [0x00000007390c0000, 0x000000073f8c0000, 0x00000007c0000000)
 Metaspace       used 27097K, capacity 28070K, committed 28152K, reserved 1073152K
  class space    used 3346K, capacity 3570K, committed 3580K, reserved 1048576K
2021-12-27T09:18:53.749+0800: 39.735: [GC (Allocation Failure) 2021-12-27T09:18:53.749+0800: 39.735: [ParNew: 45677K->3348K(47936K), 0.0681075 secs] 50943K->8615K(154432K), 0.0797447 secs] [Times: user=0.02 sys=0.01, real=0.08 secs] 
Heap after GC invocations=18 (full 1):
 par new generation   total 47936K, used 3348K [0x0000000724400000, 0x0000000727800000, 0x00000007390c0000)
  eden space 42624K,   0% used [0x0000000724400000, 0x0000000724400000, 0x0000000726da0000)
  from space 5312K,  63% used [0x0000000726da0000, 0x00000007270e53d0, 0x00000007272d0000)
  to   space 5312K,   0% used [0x00000007272d0000, 0x00000007272d0000, 0x0000000727800000)
 concurrent mark-sweep generation total 106496K, used 5266K [0x00000007390c0000, 0x000000073f8c0000, 0x00000007c0000000)
 Metaspace       used 27097K, capacity 28070K, committed 28152K, reserved 1073152K
  class space    used 3346K, capacity 3570K, committed 3580K, reserved 1048576K
}
2021-12-27T09:18:54.030+0800: 40.016: Application time: 0.1984564 seconds
2021-12-27T09:18:54.192+0800: 40.178: Application time: 0.1619592 seconds
2021-12-27T09:18:54.936+0800: 40.922: Application time: 0.7287454 seconds
2021-12-27T09:18:55.638+0800: 41.624: Application time: 0.6369738 seconds
{Heap before GC invocations=18 (full 1):
 par new generation   total 47936K, used 45972K [0x0000000724400000, 0x0000000727800000, 0x00000007390c0000)
  eden space 42624K, 100% used [0x0000000724400000, 0x0000000726da0000, 0x0000000726da0000)
  from space 5312K,  63% used [0x0000000726da0000, 0x00000007270e53d0, 0x00000007272d0000)
  to   space 5312K,   0% used [0x00000007272d0000, 0x00000007272d0000, 0x0000000727800000)
 concurrent mark-sweep generation total 106496K, used 5266K [0x00000007390c0000, 0x000000073f8c0000, 0x00000007c0000000)
 Metaspace       used 27883K, capacity 28938K, committed 29048K, reserved 1075200K
  class space    used 3461K, capacity 3706K, committed 3708K, reserved 1048576K
2021-12-27T09:18:55.640+0800: 41.626: [GC (Allocation Failure) 2021-12-27T09:18:55.641+0800: 41.627: [ParNew: 45972K->4912K(47936K), 0.0692135 secs] 51239K->10178K(154432K), 0.0702100 secs] [Times: user=0.02 sys=0.00, real=0.07 secs] 
Heap after GC invocations=19 (full 1):
 par new generation   total 47936K, used 4912K [0x0000000724400000, 0x0000000727800000, 0x00000007390c0000)
  eden space 42624K,   0% used [0x0000000724400000, 0x0000000724400000, 0x0000000726da0000)
  from space 5312K,  92% used [0x00000007272d0000, 0x000000072779c0a0, 0x0000000727800000)
  to   space 5312K,   0% used [0x0000000726da0000, 0x0000000726da0000, 0x00000007272d0000)
 concurrent mark-sweep generation total 106496K, used 5266K [0x00000007390c0000, 0x000000073f8c0000, 0x00000007c0000000)
 Metaspace       used 27883K, capacity 28938K, committed 29048K, reserved 1075200K
  class space    used 3461K, capacity 3706K, committed 3708K, reserved 1048576K
}
2021-12-27T09:18:55.785+0800: 41.771: Application time: 0.0734137 seconds
2021-12-27T09:18:55.916+0800: 41.901: Application time: 0.1304394 seconds
2021-12-27T09:18:55.920+0800: 41.906: Application time: 0.0000909 seconds
2021-12-27T09:18:55.928+0800: 41.914: Application time: 0.0010068 seconds
2021-12-27T09:18:55.945+0800: 41.932: Application time: 0.0157521 seconds
2021-12-27T09:18:56.184+0800: 42.170: Application time: 0.1902802 seconds
2021-12-27T09:18:56.184+0800: 42.170: Application time: 0.0000677 seconds
2021-12-27T09:18:56.184+0800: 42.170: Application time: 0.0000341 seconds
2021-12-27T09:18:56.493+0800: 42.479: Application time: 0.3084349 seconds
2021-12-27T09:18:56.493+0800: 42.479: Application time: 0.0000692 seconds
2021-12-27T09:18:56.493+0800: 42.479: Application time: 0.0000588 seconds
2021-12-27T09:18:56.499+0800: 42.485: Application time: 0.0063906 seconds
2021-12-27T09:18:56.500+0800: 42.485: Application time: 0.0000660 seconds
2021-12-27T09:18:56.500+0800: 42.486: Application time: 0.0000583 seconds
2021-12-27T09:18:56.520+0800: 42.506: Application time: 0.0206266 seconds
{Heap before GC invocations=19 (full 1):
 par new generation   total 47936K, used 47536K [0x0000000724400000, 0x0000000727800000, 0x00000007390c0000)
  eden space 42624K, 100% used [0x0000000724400000, 0x0000000726da0000, 0x0000000726da0000)
  from space 5312K,  92% used [0x00000007272d0000, 0x000000072779c0a0, 0x0000000727800000)
  to   space 5312K,   0% used [0x0000000726da0000, 0x0000000726da0000, 0x00000007272d0000)
 concurrent mark-sweep generation total 106496K, used 5266K [0x00000007390c0000, 0x000000073f8c0000, 0x00000007c0000000)
 Metaspace       used 28284K, capacity 29360K, committed 29688K, reserved 1075200K
  class space    used 3492K, capacity 3739K, committed 3836K, reserved 1048576K
2021-12-27T09:18:56.523+0800: 42.509: [GC (Allocation Failure) 2021-12-27T09:18:56.524+0800: 42.510: [ParNew: 47536K->5312K(47936K), 0.1734501 secs] 52802K->15157K(154432K), 0.1791516 secs] [Times: user=0.03 sys=0.00, real=0.18 secs] 
Heap after GC invocations=20 (full 1):
 par new generation   total 47936K, used 5312K [0x0000000724400000, 0x0000000727800000, 0x00000007390c0000)
  eden space 42624K,   0% used [0x0000000724400000, 0x0000000724400000, 0x0000000726da0000)
  from space 5312K, 100% used [0x0000000726da0000, 0x00000007272d0000, 0x00000007272d0000)
  to   space 5312K,   0% used [0x00000007272d0000, 0x00000007272d0000, 0x0000000727800000)
 concurrent mark-sweep generation total 106496K, used 9845K [0x00000007390c0000, 0x000000073f8c0000, 0x00000007c0000000)
 Metaspace       used 28284K, capacity 29360K, committed 29688K, reserved 1075200K
  class space    used 3492K, capacity 3739K, committed 3836K, reserved 1048576K
}
2021-12-27T09:18:56.731+0800: 42.717: Application time: 0.0276753 seconds
2021-12-27T09:18:56.738+0800: 42.724: Application time: 0.0024277 seconds
2021-12-27T09:18:56.742+0800: 42.728: Application time: 0.0021860 seconds
2021-12-27T09:18:56.758+0800: 42.744: Application time: 0.0157045 seconds
2021-12-27T09:18:56.761+0800: 42.748: Application time: 0.0039555 seconds
2021-12-27T09:18:56.762+0800: 42.748: Application time: 0.0002777 seconds
2021-12-27T09:18:56.843+0800: 42.829: Application time: 0.0810849 seconds
{Heap before GC invocations=20 (full 1):
 par new generation   total 47936K, used 47936K [0x0000000724400000, 0x0000000727800000, 0x00000007390c0000)
  eden space 42624K, 100% used [0x0000000724400000, 0x0000000726da0000, 0x0000000726da0000)
  from space 5312K, 100% used [0x0000000726da0000, 0x00000007272d0000, 0x00000007272d0000)
  to   space 5312K,   0% used [0x00000007272d0000, 0x00000007272d0000, 0x0000000727800000)
 concurrent mark-sweep generation total 106496K, used 9845K [0x00000007390c0000, 0x000000073f8c0000, 0x00000007c0000000)
 Metaspace       used 28335K, capacity 29424K, committed 29688K, reserved 1075200K
  class space    used 3495K, capacity 3739K, committed 3836K, reserved 1048576K
2021-12-27T09:18:56.843+0800: 42.829: [GC (Allocation Failure) 2021-12-27T09:18:56.844+0800: 42.830: [ParNew: 47936K->2699K(47936K), 0.0930652 secs] 57781K->13713K(154432K), 0.1104966 secs] [Times: user=0.01 sys=0.00, real=0.12 secs] 
Heap after GC invocations=21 (full 1):
 par new generation   total 47936K, used 2699K [0x0000000724400000, 0x0000000727800000, 0x00000007390c0000)
  eden space 42624K,   0% used [0x0000000724400000, 0x0000000724400000, 0x0000000726da0000)
  from space 5312K,  50% used [0x00000007272d0000, 0x0000000727572dc8, 0x0000000727800000)
  to   space 5312K,   0% used [0x0000000726da0000, 0x0000000726da0000, 0x00000007272d0000)
 concurrent mark-sweep generation total 106496K, used 11014K [0x00000007390c0000, 0x000000073f8c0000, 0x00000007c0000000)
 Metaspace       used 28335K, capacity 29424K, committed 29688K, reserved 1075200K
  class space    used 3495K, capacity 3739K, committed 3836K, reserved 1048576K
}
2021-12-27T09:18:56.969+0800: 42.955: Application time: 0.0083335 seconds
2021-12-27T09:18:56.989+0800: 42.975: Application time: 0.0197679 seconds
2021-12-27T09:18:56.990+0800: 42.976: Application time: 0.0014724 seconds
2021-12-27T09:18:57.062+0800: 43.048: Application time: 0.0678426 seconds
2021-12-27T09:18:57.079+0800: 43.065: Application time: 0.0006163 seconds
2021-12-27T09:18:57.522+0800: 43.508: Application time: 0.4419778 seconds
2021-12-27T09:18:57.907+0800: 43.893: Application time: 0.3848473 seconds
{Heap before GC invocations=21 (full 1):
 par new generation   total 47936K, used 45323K [0x0000000724400000, 0x0000000727800000, 0x00000007390c0000)
  eden space 42624K, 100% used [0x0000000724400000, 0x0000000726da0000, 0x0000000726da0000)
  from space 5312K,  50% used [0x00000007272d0000, 0x0000000727572dc8, 0x0000000727800000)
  to   space 5312K,   0% used [0x0000000726da0000, 0x0000000726da0000, 0x00000007272d0000)
 concurrent mark-sweep generation total 106496K, used 11014K [0x00000007390c0000, 0x000000073f8c0000, 0x00000007c0000000)
 Metaspace       used 28828K, capacity 29872K, committed 29944K, reserved 1075200K
  class space    used 3546K, capacity 3803K, committed 3836K, reserved 1048576K
2021-12-27T09:18:57.907+0800: 43.893: [GC (Allocation Failure) 2021-12-27T09:18:57.908+0800: 43.894: [ParNew: 45323K->5312K(47936K), 0.1848247 secs] 56337K->16739K(154432K), 0.1930004 secs] [Times: user=0.02 sys=0.00, real=0.19 secs] 
Heap after GC invocations=22 (full 1):
 par new generation   total 47936K, used 5312K [0x0000000724400000, 0x0000000727800000, 0x00000007390c0000)
  eden space 42624K,   0% used [0x0000000724400000, 0x0000000724400000, 0x0000000726da0000)
  from space 5312K, 100% used [0x0000000726da0000, 0x00000007272d0000, 0x00000007272d0000)
  to   space 5312K,   0% used [0x00000007272d0000, 0x00000007272d0000, 0x0000000727800000)
 concurrent mark-sweep generation total 106496K, used 11427K [0x00000007390c0000, 0x000000073f8c0000, 0x00000007c0000000)
 Metaspace       used 28828K, capacity 29872K, committed 29944K, reserved 1075200K
  class space    used 3546K, capacity 3803K, committed 3836K, reserved 1048576K
}
2021-12-27T09:18:58.307+0800: 44.293: Application time: 0.2053171 seconds
2021-12-27T09:18:58.621+0800: 44.606: Application time: 0.3097488 seconds
{Heap before GC invocations=22 (full 1):
 par new generation   total 47936K, used 47936K [0x0000000724400000, 0x0000000727800000, 0x00000007390c0000)
  eden space 42624K, 100% used [0x0000000724400000, 0x0000000726da0000, 0x0000000726da0000)
  from space 5312K, 100% used [0x0000000726da0000, 0x00000007272d0000, 0x00000007272d0000)
  to   space 5312K,   0% used [0x00000007272d0000, 0x00000007272d0000, 0x0000000727800000)
 concurrent mark-sweep generation total 106496K, used 11427K [0x00000007390c0000, 0x000000073f8c0000, 0x00000007c0000000)
 Metaspace       used 28910K, capacity 29936K, committed 30200K, reserved 1075200K
  class space    used 3554K, capacity 3803K, committed 3836K, reserved 1048576K
2021-12-27T09:18:58.621+0800: 44.607: [GC (Allocation Failure) 2021-12-27T09:18:58.622+0800: 44.607: [ParNew: 47936K->5312K(47936K), 0.2439268 secs] 59363K->18940K(154432K), 0.2448878 secs] [Times: user=0.06 sys=0.00, real=0.25 secs] 
Heap after GC invocations=23 (full 1):
 par new generation   total 47936K, used 5312K [0x0000000724400000, 0x0000000727800000, 0x00000007390c0000)
  eden space 42624K,   0% used [0x0000000724400000, 0x0000000724400000, 0x0000000726da0000)
  from space 5312K, 100% used [0x00000007272d0000, 0x0000000727800000, 0x0000000727800000)
  to   space 5312K,   0% used [0x0000000726da0000, 0x0000000726da0000, 0x00000007272d0000)
 concurrent mark-sweep generation total 106496K, used 13628K [0x00000007390c0000, 0x000000073f8c0000, 0x00000007c0000000)
 Metaspace       used 28910K, capacity 29936K, committed 30200K, reserved 1075200K
  class space    used 3554K, capacity 3803K, committed 3836K, reserved 1048576K
}
2021-12-27T09:18:59.075+0800: 45.061: Application time: 0.2085996 seconds
2021-12-27T09:18:59.536+0800: 45.522: Application time: 0.4070276 seconds
2021-12-27T09:18:59.682+0800: 45.668: Application time: 0.1451554 seconds
{Heap before GC invocations=23 (full 1):
 par new generation   total 47936K, used 47936K [0x0000000724400000, 0x0000000727800000, 0x00000007390c0000)
  eden space 42624K, 100% used [0x0000000724400000, 0x0000000726da0000, 0x0000000726da0000)
  from space 5312K, 100% used [0x00000007272d0000, 0x0000000727800000, 0x0000000727800000)
  to   space 5312K,   0% used [0x0000000726da0000, 0x0000000726da0000, 0x00000007272d0000)
 concurrent mark-sweep generation total 106496K, used 13628K [0x00000007390c0000, 0x000000073f8c0000, 0x00000007c0000000)
 Metaspace       used 28928K, capacity 30000K, committed 30200K, reserved 1075200K
  class space    used 3554K, capacity 3803K, committed 3836K, reserved 1048576K
2021-12-27T09:18:59.701+0800: 45.687: [GC (Allocation Failure) 2021-12-27T09:18:59.702+0800: 45.688: [ParNew: 47936K->5082K(47936K), 0.1613153 secs] 61564K->19491K(154432K), 0.1628229 secs] [Times: user=0.02 sys=0.00, real=0.17 secs] 
Heap after GC invocations=24 (full 1):
 par new generation   total 47936K, used 5082K [0x0000000724400000, 0x0000000727800000, 0x00000007390c0000)
  eden space 42624K,   0% used [0x0000000724400000, 0x0000000724400000, 0x0000000726da0000)
  from space 5312K,  95% used [0x0000000726da0000, 0x0000000727296908, 0x00000007272d0000)
  to   space 5312K,   0% used [0x00000007272d0000, 0x00000007272d0000, 0x0000000727800000)
 concurrent mark-sweep generation total 106496K, used 14409K [0x00000007390c0000, 0x000000073f8c0000, 0x00000007c0000000)
 Metaspace       used 28928K, capacity 30000K, committed 30200K, reserved 1075200K
  class space    used 3554K, capacity 3803K, committed 3836K, reserved 1048576K
}
2021-12-27T09:19:00.059+0800: 46.045: Application time: 0.1937391 seconds
2021-12-27T09:19:00.729+0800: 46.715: Application time: 0.6695465 seconds
{Heap before GC invocations=24 (full 1):
 par new generation   total 47936K, used 47706K [0x0000000724400000, 0x0000000727800000, 0x00000007390c0000)
  eden space 42624K, 100% used [0x0000000724400000, 0x0000000726da0000, 0x0000000726da0000)
  from space 5312K,  95% used [0x0000000726da0000, 0x0000000727296908, 0x00000007272d0000)
  to   space 5312K,   0% used [0x00000007272d0000, 0x00000007272d0000, 0x0000000727800000)
 concurrent mark-sweep generation total 106496K, used 14409K [0x00000007390c0000, 0x000000073f8c0000, 0x00000007c0000000)
 Metaspace       used 28928K, capacity 30000K, committed 30200K, reserved 1075200K
  class space    used 3554K, capacity 3803K, committed 3836K, reserved 1048576K
2021-12-27T09:19:00.729+0800: 46.715: [GC (Allocation Failure) 2021-12-27T09:19:00.730+0800: 46.716: [ParNew: 47706K->5306K(47936K), 0.1642911 secs] 62115K->19743K(154432K), 0.1654065 secs] [Times: user=0.04 sys=0.00, real=0.17 secs] 
Heap after GC invocations=25 (full 1):
 par new generation   total 47936K, used 5306K [0x0000000724400000, 0x0000000727800000, 0x00000007390c0000)
  eden space 42624K,   0% used [0x0000000724400000, 0x0000000724400000, 0x0000000726da0000)
  from space 5312K,  99% used [0x00000007272d0000, 0x00000007277fe970, 0x0000000727800000)
  to   space 5312K,   0% used [0x0000000726da0000, 0x0000000726da0000, 0x00000007272d0000)
 concurrent mark-sweep generation total 106496K, used 14436K [0x00000007390c0000, 0x000000073f8c0000, 0x00000007c0000000)
 Metaspace       used 28928K, capacity 30000K, committed 30200K, reserved 1075200K
  class space    used 3554K, capacity 3803K, committed 3836K, reserved 1048576K
}
2021-12-27T09:19:01.946+0800: 47.932: Application time: 1.0501600 seconds
2021-12-27T09:19:02.033+0800: 48.019: Application time: 0.0432337 seconds
{Heap before GC invocations=25 (full 1):
 par new generation   total 47936K, used 47930K [0x0000000724400000, 0x0000000727800000, 0x00000007390c0000)
  eden space 42624K, 100% used [0x0000000724400000, 0x0000000726da0000, 0x0000000726da0000)
  from space 5312K,  99% used [0x00000007272d0000, 0x00000007277fe970, 0x0000000727800000)
  to   space 5312K,   0% used [0x0000000726da0000, 0x0000000726da0000, 0x00000007272d0000)
 concurrent mark-sweep generation total 106496K, used 14436K [0x00000007390c0000, 0x000000073f8c0000, 0x00000007c0000000)
 Metaspace       used 29175K, capacity 30282K, committed 30584K, reserved 1075200K
  class space    used 3589K, capacity 3846K, committed 3964K, reserved 1048576K
2021-12-27T09:19:02.036+0800: 48.022: [GC (Allocation Failure) 2021-12-27T09:19:02.036+0800: 48.022: [ParNew: 47930K->2858K(47936K), 0.0589304 secs] 62367K->17321K(154432K), 0.0598462 secs] [Times: user=0.01 sys=0.00, real=0.06 secs] 
Heap after GC invocations=26 (full 1):
 par new generation   total 47936K, used 2858K [0x0000000724400000, 0x0000000727800000, 0x00000007390c0000)
  eden space 42624K,   0% used [0x0000000724400000, 0x0000000724400000, 0x0000000726da0000)
  from space 5312K,  53% used [0x0000000726da0000, 0x000000072706a978, 0x00000007272d0000)
  to   space 5312K,   0% used [0x00000007272d0000, 0x00000007272d0000, 0x0000000727800000)
 concurrent mark-sweep generation total 106496K, used 14462K [0x00000007390c0000, 0x000000073f8c0000, 0x00000007c0000000)
 Metaspace       used 29175K, capacity 30282K, committed 30584K, reserved 1075200K
  class space    used 3589K, capacity 3846K, committed 3964K, reserved 1048576K
}
2021-12-27T09:19:03.099+0800: 49.085: Application time: 1.0020972 seconds
2021-12-27T09:19:03.268+0800: 49.254: Application time: 0.1688733 seconds
{Heap before GC invocations=26 (full 1):
 par new generation   total 47936K, used 45482K [0x0000000724400000, 0x0000000727800000, 0x00000007390c0000)
  eden space 42624K, 100% used [0x0000000724400000, 0x0000000726da0000, 0x0000000726da0000)
  from space 5312K,  53% used [0x0000000726da0000, 0x000000072706a978, 0x00000007272d0000)
  to   space 5312K,   0% used [0x00000007272d0000, 0x00000007272d0000, 0x0000000727800000)
 concurrent mark-sweep generation total 106496K, used 14462K [0x00000007390c0000, 0x000000073f8c0000, 0x00000007c0000000)
 Metaspace       used 29802K, capacity 30924K, committed 31096K, reserved 1077248K
  class space    used 3661K, capacity 3925K, committed 3964K, reserved 1048576K
2021-12-27T09:19:03.271+0800: 49.256: [GC (Allocation Failure) 2021-12-27T09:19:03.271+0800: 49.257: [ParNew: 45482K->3556K(47936K), 0.0439387 secs] 59945K->18018K(154432K), 0.0448305 secs] [Times: user=0.01 sys=0.00, real=0.05 secs] 
Heap after GC invocations=27 (full 1):
 par new generation   total 47936K, used 3556K [0x0000000724400000, 0x0000000727800000, 0x00000007390c0000)
  eden space 42624K,   0% used [0x0000000724400000, 0x0000000724400000, 0x0000000726da0000)
  from space 5312K,  66% used [0x00000007272d0000, 0x0000000727649060, 0x0000000727800000)
  to   space 5312K,   0% used [0x0000000726da0000, 0x0000000726da0000, 0x00000007272d0000)
 concurrent mark-sweep generation total 106496K, used 14462K [0x00000007390c0000, 0x000000073f8c0000, 0x00000007c0000000)
 Metaspace       used 29802K, capacity 30924K, committed 31096K, reserved 1077248K
  class space    used 3661K, capacity 3925K, committed 3964K, reserved 1048576K
}
2021-12-27T09:19:04.317+0800: 50.303: Application time: 1.0012160 seconds
2021-12-27T09:19:04.768+0800: 50.754: Application time: 0.4500442 seconds
{Heap before GC invocations=27 (full 1):
 par new generation   total 47936K, used 46180K [0x0000000724400000, 0x0000000727800000, 0x00000007390c0000)
  eden space 42624K, 100% used [0x0000000724400000, 0x0000000726da0000, 0x0000000726da0000)
  from space 5312K,  66% used [0x00000007272d0000, 0x0000000727649060, 0x0000000727800000)
  to   space 5312K,   0% used [0x0000000726da0000, 0x0000000726da0000, 0x00000007272d0000)
 concurrent mark-sweep generation total 106496K, used 14462K [0x00000007390c0000, 0x000000073f8c0000, 0x00000007c0000000)
 Metaspace       used 30092K, capacity 31280K, committed 31480K, reserved 1077248K
  class space    used 3696K, capacity 3967K, committed 4092K, reserved 1048576K
2021-12-27T09:19:04.770+0800: 50.756: [GC (Allocation Failure) 2021-12-27T09:19:04.771+0800: 50.757: [ParNew: 46180K->3270K(47936K), 0.0392616 secs] 60642K->18575K(154432K), 0.0408506 secs] [Times: user=0.02 sys=0.00, real=0.04 secs] 
Heap after GC invocations=28 (full 1):
 par new generation   total 47936K, used 3270K [0x0000000724400000, 0x0000000727800000, 0x00000007390c0000)
  eden space 42624K,   0% used [0x0000000724400000, 0x0000000724400000, 0x0000000726da0000)
  from space 5312K,  61% used [0x0000000726da0000, 0x00000007270d1848, 0x00000007272d0000)
  to   space 5312K,   0% used [0x00000007272d0000, 0x00000007272d0000, 0x0000000727800000)
 concurrent mark-sweep generation total 106496K, used 15305K [0x00000007390c0000, 0x000000073f8c0000, 0x00000007c0000000)
 Metaspace       used 30092K, capacity 31280K, committed 31480K, reserved 1077248K
  class space    used 3696K, capacity 3967K, committed 4092K, reserved 1048576K
}
2021-12-27T09:19:05.364+0800: 51.350: Application time: 0.5514345 seconds
2021-12-27T09:19:05.805+0800: 51.791: Application time: 0.4379231 seconds
{Heap before GC invocations=28 (full 1):
 par new generation   total 47936K, used 45894K [0x0000000724400000, 0x0000000727800000, 0x00000007390c0000)
  eden space 42624K, 100% used [0x0000000724400000, 0x0000000726da0000, 0x0000000726da0000)
  from space 5312K,  61% used [0x0000000726da0000, 0x00000007270d1848, 0x00000007272d0000)
  to   space 5312K,   0% used [0x00000007272d0000, 0x00000007272d0000, 0x0000000727800000)
 concurrent mark-sweep generation total 106496K, used 15305K [0x00000007390c0000, 0x000000073f8c0000, 0x00000007c0000000)
 Metaspace       used 30302K, capacity 31510K, committed 31736K, reserved 1077248K
  class space    used 3724K, capacity 3976K, committed 4092K, reserved 1048576K
2021-12-27T09:19:05.806+0800: 51.792: [GC (Allocation Failure) 2021-12-27T09:19:05.807+0800: 51.792: [ParNew: 45894K->3443K(47936K), 0.0353905 secs] 61199K->18749K(154432K), 0.0418268 secs] [Times: user=0.02 sys=0.00, real=0.04 secs] 
Heap after GC invocations=29 (full 1):
 par new generation   total 47936K, used 3443K [0x0000000724400000, 0x0000000727800000, 0x00000007390c0000)
  eden space 42624K,   0% used [0x0000000724400000, 0x0000000724400000, 0x0000000726da0000)
  from space 5312K,  64% used [0x00000007272d0000, 0x000000072762cd20, 0x0000000727800000)
  to   space 5312K,   0% used [0x0000000726da0000, 0x0000000726da0000, 0x00000007272d0000)
 concurrent mark-sweep generation total 106496K, used 15305K [0x00000007390c0000, 0x000000073f8c0000, 0x00000007c0000000)
 Metaspace       used 30302K, capacity 31510K, committed 31736K, reserved 1077248K
  class space    used 3724K, capacity 3976K, committed 4092K, reserved 1048576K
}
2021-12-27T09:19:06.835+0800: 52.821: Application time: 0.9837026 seconds
2021-12-27T09:19:07.045+0800: 53.054: Application time: 0.2323219 seconds
{Heap before GC invocations=29 (full 1):
 par new generation   total 47936K, used 46067K [0x0000000724400000, 0x0000000727800000, 0x00000007390c0000)
  eden space 42624K, 100% used [0x0000000724400000, 0x0000000726da0000, 0x0000000726da0000)
  from space 5312K,  64% used [0x00000007272d0000, 0x000000072762cd20, 0x0000000727800000)
  to   space 5312K,   0% used [0x0000000726da0000, 0x0000000726da0000, 0x00000007272d0000)
 concurrent mark-sweep generation total 106496K, used 15305K [0x00000007390c0000, 0x000000073f8c0000, 0x00000007c0000000)
 Metaspace       used 30424K, capacity 31648K, committed 31736K, reserved 1077248K
  class space    used 3739K, capacity 4013K, committed 4092K, reserved 1048576K
2021-12-27T09:19:07.047+0800: 53.056: [GC (Allocation Failure) 2021-12-27T09:19:07.048+0800: 53.057: [ParNew: 46067K->3323K(47936K), 0.1179980 secs] 61373K->19486K(154432K), 0.1194040 secs] [Times: user=0.02 sys=0.00, real=0.12 secs] 
Heap after GC invocations=30 (full 1):
 par new generation   total 47936K, used 3323K [0x0000000724400000, 0x0000000727800000, 0x00000007390c0000)
  eden space 42624K,   0% used [0x0000000724400000, 0x0000000724400000, 0x0000000726da0000)
  from space 5312K,  62% used [0x0000000726da0000, 0x00000007270dec80, 0x00000007272d0000)
  to   space 5312K,   0% used [0x00000007272d0000, 0x00000007272d0000, 0x0000000727800000)
 concurrent mark-sweep generation total 106496K, used 16163K [0x00000007390c0000, 0x000000073f8c0000, 0x00000007c0000000)
 Metaspace       used 30424K, capacity 31648K, committed 31736K, reserved 1077248K
  class space    used 3739K, capacity 4013K, committed 4092K, reserved 1048576K
}
2021-12-27T09:19:08.120+0800: 54.129: Application time: 0.9513247 seconds
2021-12-27T09:19:08.833+0800: 54.842: Application time: 0.7122487 seconds
{Heap before GC invocations=30 (full 1):
 par new generation   total 47936K, used 45947K [0x0000000724400000, 0x0000000727800000, 0x00000007390c0000)
  eden space 42624K, 100% used [0x0000000724400000, 0x0000000726da0000, 0x0000000726da0000)
  from space 5312K,  62% used [0x0000000726da0000, 0x00000007270dec80, 0x00000007272d0000)
  to   space 5312K,   0% used [0x00000007272d0000, 0x00000007272d0000, 0x0000000727800000)
 concurrent mark-sweep generation total 106496K, used 16163K [0x00000007390c0000, 0x000000073f8c0000, 0x00000007c0000000)
 Metaspace       used 31050K, capacity 32330K, committed 32632K, reserved 1077248K
  class space    used 3831K, capacity 4098K, committed 4220K, reserved 1048576K
2021-12-27T09:19:08.834+0800: 54.843: [GC (Allocation Failure) 2021-12-27T09:19:08.835+0800: 54.844: [ParNew: 45947K->3206K(47936K), 0.0911434 secs] 62110K->19702K(154432K), 0.0924698 secs] [Times: user=0.02 sys=0.00, real=0.09 secs] 
Heap after GC invocations=31 (full 1):
 par new generation   total 47936K, used 3206K [0x0000000724400000, 0x0000000727800000, 0x00000007390c0000)
  eden space 42624K,   0% used [0x0000000724400000, 0x0000000724400000, 0x0000000726da0000)
  from space 5312K,  60% used [0x00000007272d0000, 0x00000007275f19e0, 0x0000000727800000)
  to   space 5312K,   0% used [0x0000000726da0000, 0x0000000726da0000, 0x00000007272d0000)
 concurrent mark-sweep generation total 106496K, used 16495K [0x00000007390c0000, 0x000000073f8c0000, 0x00000007c0000000)
 Metaspace       used 31050K, capacity 32330K, committed 32632K, reserved 1077248K
  class space    used 3831K, capacity 4098K, committed 4220K, reserved 1048576K
}
2021-12-27T09:19:09.928+0800: 55.937: Application time: 1.0008411 seconds
2021-12-27T09:19:10.683+0800: 56.692: Application time: 0.7315974 seconds
{Heap before GC invocations=31 (full 1):
 par new generation   total 47936K, used 45830K [0x0000000724400000, 0x0000000727800000, 0x00000007390c0000)
  eden space 42624K, 100% used [0x0000000724400000, 0x0000000726da0000, 0x0000000726da0000)
  from space 5312K,  60% used [0x00000007272d0000, 0x00000007275f19e0, 0x0000000727800000)
  to   space 5312K,   0% used [0x0000000726da0000, 0x0000000726da0000, 0x00000007272d0000)
 concurrent mark-sweep generation total 106496K, used 16495K [0x00000007390c0000, 0x000000073f8c0000, 0x00000007c0000000)
 Metaspace       used 31820K, capacity 33160K, committed 33400K, reserved 1079296K
  class space    used 3936K, capacity 4213K, committed 4220K, reserved 1048576K
2021-12-27T09:19:10.686+0800: 56.695: [GC (Allocation Failure) 2021-12-27T09:19:10.688+0800: 56.697: [ParNew: 45830K->3187K(47936K), 0.0460738 secs] 62326K->20042K(154432K), 0.0507501 secs] [Times: user=0.02 sys=0.00, real=0.05 secs] 
Heap after GC invocations=32 (full 1):
 par new generation   total 47936K, used 3187K [0x0000000724400000, 0x0000000727800000, 0x00000007390c0000)
  eden space 42624K,   0% used [0x0000000724400000, 0x0000000724400000, 0x0000000726da0000)
  from space 5312K,  60% used [0x0000000726da0000, 0x00000007270bcd10, 0x00000007272d0000)
  to   space 5312K,   0% used [0x00000007272d0000, 0x00000007272d0000, 0x0000000727800000)
 concurrent mark-sweep generation total 106496K, used 16855K [0x00000007390c0000, 0x000000073f8c0000, 0x00000007c0000000)
 Metaspace       used 31820K, capacity 33160K, committed 33400K, reserved 1079296K
  class space    used 3936K, capacity 4213K, committed 4220K, reserved 1048576K
}
2021-12-27T09:19:11.741+0800: 57.750: Application time: 1.0016567 seconds
2021-12-27T09:19:12.773+0800: 58.782: Application time: 1.0001516 seconds
2021-12-27T09:19:13.807+0800: 59.816: Application time: 1.0005820 seconds
2021-12-27T09:19:13.834+0800: 59.843: Application time: 0.0256019 seconds
{Heap before GC invocations=32 (full 1):
 par new generation   total 47936K, used 45811K [0x0000000724400000, 0x0000000727800000, 0x00000007390c0000)
  eden space 42624K, 100% used [0x0000000724400000, 0x0000000726da0000, 0x0000000726da0000)
  from space 5312K,  60% used [0x0000000726da0000, 0x00000007270bcd10, 0x00000007272d0000)
  to   space 5312K,   0% used [0x00000007272d0000, 0x00000007272d0000, 0x0000000727800000)
 concurrent mark-sweep generation total 106496K, used 16855K [0x00000007390c0000, 0x000000073f8c0000, 0x00000007c0000000)
 Metaspace       used 32540K, capacity 33868K, committed 34040K, reserved 1079296K
  class space    used 4040K, capacity 4313K, committed 4348K, reserved 1048576K
2021-12-27T09:19:13.836+0800: 59.845: [GC (Allocation Failure) 2021-12-27T09:19:13.837+0800: 59.846: [ParNew: 45811K->3296K(47936K), 0.0771463 secs] 62666K->20152K(154432K), 0.0806783 secs] [Times: user=0.01 sys=0.00, real=0.08 secs] 
Heap after GC invocations=33 (full 1):
 par new generation   total 47936K, used 3296K [0x0000000724400000, 0x0000000727800000, 0x00000007390c0000)
  eden space 42624K,   0% used [0x0000000724400000, 0x0000000724400000, 0x0000000726da0000)
  from space 5312K,  62% used [0x00000007272d0000, 0x0000000727608340, 0x0000000727800000)
  to   space 5312K,   0% used [0x0000000726da0000, 0x0000000726da0000, 0x00000007272d0000)
 concurrent mark-sweep generation total 106496K, used 16855K [0x00000007390c0000, 0x000000073f8c0000, 0x00000007c0000000)
 Metaspace       used 32540K, capacity 33868K, committed 34040K, reserved 1079296K
  class space    used 4040K, capacity 4313K, committed 4348K, reserved 1048576K
}
2021-12-27T09:19:14.331+0800: 60.339: Application time: 0.4070858 seconds
2021-12-27T09:19:14.858+0800: 60.867: Application time: 0.5246293 seconds
2021-12-27T09:19:15.791+0800: 61.800: Application time: 0.9300173 seconds
{Heap before GC invocations=33 (full 1):
 par new generation   total 47936K, used 45920K [0x0000000724400000, 0x0000000727800000, 0x00000007390c0000)
  eden space 42624K, 100% used [0x0000000724400000, 0x0000000726da0000, 0x0000000726da0000)
  from space 5312K,  62% used [0x00000007272d0000, 0x0000000727608340, 0x0000000727800000)
  to   space 5312K,   0% used [0x0000000726da0000, 0x0000000726da0000, 0x00000007272d0000)
 concurrent mark-sweep generation total 106496K, used 16855K [0x00000007390c0000, 0x000000073f8c0000, 0x00000007c0000000)
 Metaspace       used 33303K, capacity 34808K, committed 35064K, reserved 1079296K
  class space    used 4172K, capacity 4481K, committed 4604K, reserved 1048576K
2021-12-27T09:19:15.792+0800: 61.801: [GC (Allocation Failure) 2021-12-27T09:19:15.793+0800: 61.802: [ParNew: 45920K->3806K(47936K), 0.0946750 secs] 62776K->21182K(154432K), 0.0959701 secs] [Times: user=0.02 sys=0.01, real=0.09 secs] 
Heap after GC invocations=34 (full 1):
 par new generation   total 47936K, used 3806K [0x0000000724400000, 0x0000000727800000, 0x00000007390c0000)
  eden space 42624K,   0% used [0x0000000724400000, 0x0000000724400000, 0x0000000726da0000)
  from space 5312K,  71% used [0x0000000726da0000, 0x0000000727157a08, 0x00000007272d0000)
  to   space 5312K,   0% used [0x00000007272d0000, 0x00000007272d0000, 0x0000000727800000)
 concurrent mark-sweep generation total 106496K, used 17376K [0x00000007390c0000, 0x000000073f8c0000, 0x00000007c0000000)
 Metaspace       used 33303K, capacity 34808K, committed 35064K, reserved 1079296K
  class space    used 4172K, capacity 4481K, committed 4604K, reserved 1048576K
}
2021-12-27T09:19:17.542+0800: 63.551: Application time: 1.6529112 seconds
{Heap before GC invocations=34 (full 1):
 par new generation   total 47936K, used 46430K [0x0000000724400000, 0x0000000727800000, 0x00000007390c0000)
  eden space 42624K, 100% used [0x0000000724400000, 0x0000000726da0000, 0x0000000726da0000)
  from space 5312K,  71% used [0x0000000726da0000, 0x0000000727157a08, 0x00000007272d0000)
  to   space 5312K,   0% used [0x00000007272d0000, 0x00000007272d0000, 0x0000000727800000)
 concurrent mark-sweep generation total 106496K, used 17376K [0x00000007390c0000, 0x000000073f8c0000, 0x00000007c0000000)
 Metaspace       used 34044K, capacity 35486K, committed 35704K, reserved 1081344K
  class space    used 4335K, capacity 4624K, committed 4732K, reserved 1048576K
2021-12-27T09:19:17.542+0800: 63.551: [GC (Allocation Failure) 2021-12-27T09:19:17.543+0800: 63.552: [ParNew: 46430K->2650K(47936K), 0.0701965 secs] 63806K->20433K(154432K), 0.0717707 secs] [Times: user=0.01 sys=0.00, real=0.07 secs] 
Heap after GC invocations=35 (full 1):
 par new generation   total 47936K, used 2650K [0x0000000724400000, 0x0000000727800000, 0x00000007390c0000)
  eden space 42624K,   0% used [0x0000000724400000, 0x0000000724400000, 0x0000000726da0000)
  from space 5312K,  49% used [0x00000007272d0000, 0x00000007275668d0, 0x0000000727800000)
  to   space 5312K,   0% used [0x0000000726da0000, 0x0000000726da0000, 0x00000007272d0000)
 concurrent mark-sweep generation total 106496K, used 17783K [0x00000007390c0000, 0x000000073f8c0000, 0x00000007c0000000)
 Metaspace       used 34044K, capacity 35486K, committed 35704K, reserved 1081344K
  class space    used 4335K, capacity 4624K, committed 4732K, reserved 1048576K
}
2021-12-27T09:19:18.617+0800: 64.625: Application time: 1.0007123 seconds
2021-12-27T09:19:18.648+0800: 64.657: Application time: 0.0079372 seconds
2021-12-27T09:19:19.179+0800: 65.188: Application time: 0.5309895 seconds
{Heap before GC invocations=35 (full 1):
 par new generation   total 47936K, used 45274K [0x0000000724400000, 0x0000000727800000, 0x00000007390c0000)
  eden space 42624K, 100% used [0x0000000724400000, 0x0000000726da0000, 0x0000000726da0000)
  from space 5312K,  49% used [0x00000007272d0000, 0x00000007275668d0, 0x0000000727800000)
  to   space 5312K,   0% used [0x0000000726da0000, 0x0000000726da0000, 0x00000007272d0000)
 concurrent mark-sweep generation total 106496K, used 17783K [0x00000007390c0000, 0x000000073f8c0000, 0x00000007c0000000)
 Metaspace       used 34373K, capacity 35940K, committed 36216K, reserved 1081344K
  class space    used 4390K, capacity 4711K, committed 4732K, reserved 1048576K
2021-12-27T09:19:19.181+0800: 65.190: [GC (Allocation Failure) 2021-12-27T09:19:19.182+0800: 65.191: [ParNew: 45274K->4984K(47936K), 0.0839877 secs] 63057K->22767K(154432K), 0.0849285 secs] [Times: user=0.02 sys=0.00, real=0.08 secs] 
Heap after GC invocations=36 (full 1):
 par new generation   total 47936K, used 4984K [0x0000000724400000, 0x0000000727800000, 0x00000007390c0000)
  eden space 42624K,   0% used [0x0000000724400000, 0x0000000724400000, 0x0000000726da0000)
  from space 5312K,  93% used [0x0000000726da0000, 0x000000072727e168, 0x00000007272d0000)
  to   space 5312K,   0% used [0x00000007272d0000, 0x00000007272d0000, 0x0000000727800000)
 concurrent mark-sweep generation total 106496K, used 17783K [0x00000007390c0000, 0x000000073f8c0000, 0x00000007c0000000)
 Metaspace       used 34373K, capacity 35940K, committed 36216K, reserved 1081344K
  class space    used 4390K, capacity 4711K, committed 4732K, reserved 1048576K
}
2021-12-27T09:19:20.296+0800: 66.305: Application time: 1.0285999 seconds
2021-12-27T09:19:20.981+0800: 66.990: Application time: 0.6629961 seconds
{Heap before GC invocations=36 (full 1):
 par new generation   total 47936K, used 47608K [0x0000000724400000, 0x0000000727800000, 0x00000007390c0000)
  eden space 42624K, 100% used [0x0000000724400000, 0x0000000726da0000, 0x0000000726da0000)
  from space 5312K,  93% used [0x0000000726da0000, 0x000000072727e168, 0x00000007272d0000)
  to   space 5312K,   0% used [0x00000007272d0000, 0x00000007272d0000, 0x0000000727800000)
 concurrent mark-sweep generation total 106496K, used 17783K [0x00000007390c0000, 0x000000073f8c0000, 0x00000007c0000000)
 Metaspace       used 34774K, capacity 36420K, committed 36600K, reserved 1081344K
  class space    used 4456K, capacity 4807K, committed 4860K, reserved 1048576K
2021-12-27T09:19:20.983+0800: 66.992: [GC (Allocation Failure) 2021-12-27T09:19:20.984+0800: 66.993: [ParNew: 47608K->2873K(47936K), 0.1070633 secs] 65391K->22211K(154432K), 0.1083604 secs] [Times: user=0.02 sys=0.00, real=0.11 secs] 
Heap after GC invocations=37 (full 1):
 par new generation   total 47936K, used 2873K [0x0000000724400000, 0x0000000727800000, 0x00000007390c0000)
  eden space 42624K,   0% used [0x0000000724400000, 0x0000000724400000, 0x0000000726da0000)
  from space 5312K,  54% used [0x00000007272d0000, 0x000000072759e640, 0x0000000727800000)
  to   space 5312K,   0% used [0x0000000726da0000, 0x0000000726da0000, 0x00000007272d0000)
 concurrent mark-sweep generation total 106496K, used 19337K [0x00000007390c0000, 0x000000073f8c0000, 0x00000007c0000000)
 Metaspace       used 34774K, capacity 36420K, committed 36600K, reserved 1081344K
  class space    used 4456K, capacity 4807K, committed 4860K, reserved 1048576K
}
2021-12-27T09:19:22.093+0800: 68.102: Application time: 1.0008485 seconds
2021-12-27T09:19:22.506+0800: 68.515: Application time: 0.3780460 seconds
{Heap before GC invocations=37 (full 1):
 par new generation   total 47936K, used 45497K [0x0000000724400000, 0x0000000727800000, 0x00000007390c0000)
  eden space 42624K, 100% used [0x0000000724400000, 0x0000000726da0000, 0x0000000726da0000)
  from space 5312K,  54% used [0x00000007272d0000, 0x000000072759e640, 0x0000000727800000)
  to   space 5312K,   0% used [0x0000000726da0000, 0x0000000726da0000, 0x00000007272d0000)
 concurrent mark-sweep generation total 106496K, used 19337K [0x00000007390c0000, 0x000000073f8c0000, 0x00000007c0000000)
 Metaspace       used 35205K, capacity 36816K, committed 36984K, reserved 1081344K
  class space    used 4527K, capacity 4873K, committed 4988K, reserved 1048576K
2021-12-27T09:19:22.507+0800: 68.516: [GC (Allocation Failure) 2021-12-27T09:19:22.508+0800: 68.517: [ParNew: 45497K->2029K(47936K), 0.0487599 secs] 64835K->21367K(154432K), 0.0496205 secs] [Times: user=0.02 sys=0.00, real=0.05 secs] 
Heap after GC invocations=38 (full 1):
 par new generation   total 47936K, used 2029K [0x0000000724400000, 0x0000000727800000, 0x00000007390c0000)
  eden space 42624K,   0% used [0x0000000724400000, 0x0000000724400000, 0x0000000726da0000)
  from space 5312K,  38% used [0x0000000726da0000, 0x0000000726f9b590, 0x00000007272d0000)
  to   space 5312K,   0% used [0x00000007272d0000, 0x00000007272d0000, 0x0000000727800000)
 concurrent mark-sweep generation total 106496K, used 19337K [0x00000007390c0000, 0x000000073f8c0000, 0x00000007c0000000)
 Metaspace       used 35205K, capacity 36816K, committed 36984K, reserved 1081344K
  class space    used 4527K, capacity 4873K, committed 4988K, reserved 1048576K
}
2021-12-27T09:19:22.870+0800: 68.879: Application time: 0.3126816 seconds
2021-12-27T09:19:23.783+0800: 69.792: Application time: 0.9116763 seconds
2021-12-27T09:19:23.856+0800: 69.865: Application time: 0.0715302 seconds
2021-12-27T09:19:23.867+0800: 69.876: Application time: 0.0084405 seconds
2021-12-27T09:19:24.306+0800: 70.315: Application time: 0.4365175 seconds
{Heap before GC invocations=38 (full 1):
 par new generation   total 47936K, used 44653K [0x0000000724400000, 0x0000000727800000, 0x00000007390c0000)
  eden space 42624K, 100% used [0x0000000724400000, 0x0000000726da0000, 0x0000000726da0000)
  from space 5312K,  38% used [0x0000000726da0000, 0x0000000726f9b590, 0x00000007272d0000)
  to   space 5312K,   0% used [0x00000007272d0000, 0x00000007272d0000, 0x0000000727800000)
 concurrent mark-sweep generation total 106496K, used 19337K [0x00000007390c0000, 0x000000073f8c0000, 0x00000007c0000000)
 Metaspace       used 36399K, capacity 38034K, committed 38392K, reserved 1083392K
  class space    used 4673K, capacity 5012K, committed 5116K, reserved 1048576K
2021-12-27T09:19:24.307+0800: 70.316: [GC (Allocation Failure) 2021-12-27T09:19:24.308+0800: 70.316: [ParNew: 44653K->2312K(47936K), 0.0405948 secs] 63991K->21650K(154432K), 0.0415986 secs] [Times: user=0.01 sys=0.01, real=0.04 secs] 
Heap after GC invocations=39 (full 1):
 par new generation   total 47936K, used 2312K [0x0000000724400000, 0x0000000727800000, 0x00000007390c0000)
  eden space 42624K,   0% used [0x0000000724400000, 0x0000000724400000, 0x0000000726da0000)
  from space 5312K,  43% used [0x00000007272d0000, 0x0000000727512128, 0x0000000727800000)
  to   space 5312K,   0% used [0x0000000726da0000, 0x0000000726da0000, 0x00000007272d0000)
 concurrent mark-sweep generation total 106496K, used 19337K [0x00000007390c0000, 0x000000073f8c0000, 0x00000007c0000000)
 Metaspace       used 36399K, capacity 38034K, committed 38392K, reserved 1083392K
  class space    used 4673K, capacity 5012K, committed 5116K, reserved 1048576K
}
2021-12-27T09:19:24.664+0800: 70.673: Application time: 0.3144043 seconds
2021-12-27T09:19:24.676+0800: 70.685: Application time: 0.0097574 seconds
2021-12-27T09:19:25.680+0800: 71.689: Application time: 1.0002104 seconds
2021-12-27T09:19:25.856+0800: 71.865: Application time: 0.1761122 seconds
2021-12-27T09:19:25.974+0800: 71.984: Application time: 0.1175841 seconds
2021-12-27T09:19:25.976+0800: 71.985: Application time: 0.0007234 seconds
2021-12-27T09:19:25.977+0800: 71.986: Application time: 0.0004494 seconds
2021-12-27T09:19:25.978+0800: 71.986: Application time: 0.0008383 seconds
2021-12-27T09:19:25.978+0800: 71.987: Application time: 0.0006044 seconds
2021-12-27T09:19:25.979+0800: 71.988: Application time: 0.0004793 seconds
2021-12-27T09:19:25.980+0800: 71.988: Application time: 0.0000523 seconds
2021-12-27T09:19:25.981+0800: 71.989: Application time: 0.0006196 seconds
2021-12-27T09:19:25.981+0800: 71.990: Application time: 0.0003357 seconds
2021-12-27T09:19:25.981+0800: 71.990: Application time: 0.0004780 seconds
2021-12-27T09:19:25.982+0800: 71.991: Application time: 0.0000503 seconds
2021-12-27T09:19:26.349+0800: 72.358: Application time: 0.3667344 seconds
2021-12-27T09:19:26.379+0800: 72.388: [GC (CMS Initial Mark) [1 CMS-initial-mark: 19337K(106496K)] 56575K(154432K), 0.0821156 secs] [Times: user=0.02 sys=0.00, real=0.09 secs] 
2021-12-27T09:19:26.462+0800: 72.471: [CMS-concurrent-mark-start]
2021-12-27T09:19:26.686+0800: 72.695: Application time: 0.2244638 seconds
2021-12-27T09:19:26.844+0800: 72.853: [CMS-concurrent-mark: 0.382/0.382 secs] [Times: user=0.09 sys=0.01, real=0.38 secs] 
2021-12-27T09:19:26.846+0800: 72.855: [CMS-concurrent-preclean-start]
2021-12-27T09:19:26.921+0800: 72.930: [CMS-concurrent-preclean: 0.073/0.075 secs] [Times: user=0.02 sys=0.00, real=0.07 secs] 
2021-12-27T09:19:26.921+0800: 72.930: [CMS-concurrent-abortable-preclean-start]
2021-12-27T09:19:27.676+0800: 73.685: Application time: 0.9889469 seconds
2021-12-27T09:19:27.867+0800: 73.875: Application time: 0.1894703 seconds
{Heap before GC invocations=39 (full 2):
 par new generation   total 47936K, used 44936K [0x0000000724400000, 0x0000000727800000, 0x00000007390c0000)
  eden space 42624K, 100% used [0x0000000724400000, 0x0000000726da0000, 0x0000000726da0000)
  from space 5312K,  43% used [0x00000007272d0000, 0x0000000727512128, 0x0000000727800000)
  to   space 5312K,   0% used [0x0000000726da0000, 0x0000000726da0000, 0x00000007272d0000)
 concurrent mark-sweep generation total 106496K, used 19337K [0x00000007390c0000, 0x000000073f8c0000, 0x00000007c0000000)
 Metaspace       used 37620K, capacity 39446K, committed 39736K, reserved 1083392K
  class space    used 4854K, capacity 5198K, committed 5268K, reserved 1048576K
2021-12-27T09:19:27.869+0800: 73.878: [GC (Allocation Failure) 2021-12-27T09:19:27.869+0800: 73.878: [ParNew2021-12-27T09:19:27.968+0800: 73.976: [CMS-concurrent-abortable-preclean: 0.874/1.046 secs] [Times: user=0.25 sys=0.02, real=1.04 secs] 
: 44936K->3946K(47936K), 0.1005437 secs] 64274K->23284K(154432K), 0.1015561 secs] [Times: user=0.02 sys=0.00, real=0.10 secs] 
Heap after GC invocations=40 (full 2):
 par new generation   total 47936K, used 3946K [0x0000000724400000, 0x0000000727800000, 0x00000007390c0000)
  eden space 42624K,   0% used [0x0000000724400000, 0x0000000724400000, 0x0000000726da0000)
  from space 5312K,  74% used [0x0000000726da0000, 0x000000072717abd8, 0x00000007272d0000)
  to   space 5312K,   0% used [0x00000007272d0000, 0x00000007272d0000, 0x0000000727800000)
 concurrent mark-sweep generation total 106496K, used 19337K [0x00000007390c0000, 0x000000073f8c0000, 0x00000007c0000000)
 Metaspace       used 37620K, capacity 39446K, committed 39736K, reserved 1083392K
  class space    used 4854K, capacity 5198K, committed 5268K, reserved 1048576K
}
2021-12-27T09:19:27.973+0800: 73.982: Application time: 0.0023428 seconds
2021-12-27T09:19:27.974+0800: 73.983: [GC (CMS Final Remark) [YG occupancy: 3947 K (47936 K)]2021-12-27T09:19:27.974+0800: 73.983: [Rescan (parallel) , 0.0384131 secs]2021-12-27T09:19:28.013+0800: 74.022: [weak refs processing, 0.0009996 secs]2021-12-27T09:19:28.014+0800: 74.023: [class unloading, 0.0808867 secs]2021-12-27T09:19:28.096+0800: 74.105: [scrub symbol table, 0.0860650 secs]2021-12-27T09:19:28.182+0800: 74.191: [scrub string table, 0.0021117 secs][1 CMS-remark: 19337K(106496K)] 23285K(154432K), 0.2298843 secs] [Times: user=0.04 sys=0.00, real=0.23 secs] 
2021-12-27T09:19:28.207+0800: 74.216: [CMS-concurrent-sweep-start]
2021-12-27T09:19:28.279+0800: 74.288: [CMS-concurrent-sweep: 0.072/0.072 secs] [Times: user=0.03 sys=0.00, real=0.07 secs] 
2021-12-27T09:19:28.293+0800: 74.302: [CMS-concurrent-reset-start]
2021-12-27T09:19:28.295+0800: 74.304: [CMS-concurrent-reset: 0.002/0.002 secs] [Times: user=0.00 sys=0.00, real=0.00 secs] 
2021-12-27T09:19:28.891+0800: 74.900: Application time: 0.6853147 seconds
2021-12-27T09:19:28.900+0800: 74.909: Application time: 0.0055629 seconds
2021-12-27T09:19:28.906+0800: 74.915: Application time: 0.0050978 seconds
2021-12-27T09:19:29.907+0800: 75.916: Application time: 1.0007941 seconds
2021-12-27T09:19:30.428+0800: 76.437: Application time: 0.5199895 seconds
{Heap before GC invocations=40 (full 2):
 par new generation   total 47936K, used 46570K [0x0000000724400000, 0x0000000727800000, 0x00000007390c0000)
  eden space 42624K, 100% used [0x0000000724400000, 0x0000000726da0000, 0x0000000726da0000)
  from space 5312K,  74% used [0x0000000726da0000, 0x000000072717abd8, 0x00000007272d0000)
  to   space 5312K,   0% used [0x00000007272d0000, 0x00000007272d0000, 0x0000000727800000)
 concurrent mark-sweep generation total 106496K, used 11301K [0x00000007390c0000, 0x000000073f8c0000, 0x00000007c0000000)
 Metaspace       used 39735K, capacity 41462K, committed 41872K, reserved 1085440K
  class space    used 5104K, capacity 5435K, committed 5524K, reserved 1048576K
2021-12-27T09:19:30.429+0800: 76.438: [GC (Allocation Failure) 2021-12-27T09:19:30.429+0800: 76.438: [ParNew: 46570K->3949K(47936K), 0.0535174 secs] 57872K->15920K(154432K), 0.0575207 secs] [Times: user=0.01 sys=0.00, real=0.06 secs] 
Heap after GC invocations=41 (full 2):
 par new generation   total 47936K, used 3949K [0x0000000724400000, 0x0000000727800000, 0x00000007390c0000)
  eden space 42624K,   0% used [0x0000000724400000, 0x0000000724400000, 0x0000000726da0000)
  from space 5312K,  74% used [0x00000007272d0000, 0x00000007276ab6a0, 0x0000000727800000)
  to   space 5312K,   0% used [0x0000000726da0000, 0x0000000726da0000, 0x00000007272d0000)
 concurrent mark-sweep generation total 106496K, used 11970K [0x00000007390c0000, 0x000000073f8c0000, 0x00000007c0000000)
 Metaspace       used 39735K, capacity 41462K, committed 41872K, reserved 1085440K
  class space    used 5104K, capacity 5435K, committed 5524K, reserved 1048576K
}
2021-12-27T09:19:31.333+0800: 77.342: Application time: 0.8458172 seconds
2021-12-27T09:19:32.339+0800: 78.348: Application time: 1.0005236 seconds
2021-12-27T09:19:32.717+0800: 78.726: Application time: 0.3552859 seconds
{Heap before GC invocations=41 (full 2):
 par new generation   total 47936K, used 46573K [0x0000000724400000, 0x0000000727800000, 0x00000007390c0000)
  eden space 42624K, 100% used [0x0000000724400000, 0x0000000726da0000, 0x0000000726da0000)
  from space 5312K,  74% used [0x00000007272d0000, 0x00000007276ab6a0, 0x0000000727800000)
  to   space 5312K,   0% used [0x0000000726da0000, 0x0000000726da0000, 0x00000007272d0000)
 concurrent mark-sweep generation total 106496K, used 11970K [0x00000007390c0000, 0x000000073f8c0000, 0x00000007c0000000)
 Metaspace       used 40888K, capacity 42688K, committed 43024K, reserved 1087488K
  class space    used 5248K, capacity 5602K, committed 5652K, reserved 1048576K
2021-12-27T09:19:32.719+0800: 78.728: [GC (Allocation Failure) 2021-12-27T09:19:32.720+0800: 78.728: [ParNew: 46573K->4423K(47936K), 0.0609727 secs] 58544K->17055K(154432K), 0.0619791 secs] [Times: user=0.03 sys=0.00, real=0.07 secs] 
Heap after GC invocations=42 (full 2):
 par new generation   total 47936K, used 4423K [0x0000000724400000, 0x0000000727800000, 0x00000007390c0000)
  eden space 42624K,   0% used [0x0000000724400000, 0x0000000724400000, 0x0000000726da0000)
  from space 5312K,  83% used [0x0000000726da0000, 0x00000007271f1f10, 0x00000007272d0000)
  to   space 5312K,   0% used [0x00000007272d0000, 0x00000007272d0000, 0x0000000727800000)
 concurrent mark-sweep generation total 106496K, used 12632K [0x00000007390c0000, 0x000000073f8c0000, 0x00000007c0000000)
 Metaspace       used 40888K, capacity 42688K, committed 43024K, reserved 1087488K
  class space    used 5248K, capacity 5602K, committed 5652K, reserved 1048576K
}
2021-12-27T09:19:33.782+0800: 79.791: Application time: 1.0002762 seconds
2021-12-27T09:19:34.746+0800: 80.755: Application time: 0.9633883 seconds
2021-12-27T09:19:35.264+0800: 81.273: Application time: 0.5170237 seconds
2021-12-27T09:19:35.647+0800: 81.656: Application time: 0.3823837 seconds
{Heap before GC invocations=42 (full 2):
 par new generation   total 47936K, used 47047K [0x0000000724400000, 0x0000000727800000, 0x00000007390c0000)
  eden space 42624K, 100% used [0x0000000724400000, 0x0000000726da0000, 0x0000000726da0000)
  from space 5312K,  83% used [0x0000000726da0000, 0x00000007271f1f10, 0x00000007272d0000)
  to   space 5312K,   0% used [0x00000007272d0000, 0x00000007272d0000, 0x0000000727800000)
 concurrent mark-sweep generation total 106496K, used 12632K [0x00000007390c0000, 0x000000073f8c0000, 0x00000007c0000000)
 Metaspace       used 42723K, capacity 44936K, committed 45072K, reserved 1089536K
  class space    used 5488K, capacity 5878K, committed 5908K, reserved 1048576K
2021-12-27T09:19:35.648+0800: 81.657: [GC (Allocation Failure) 2021-12-27T09:19:35.652+0800: 81.660: [ParNew: 47047K->5311K(47936K), 0.0894436 secs] 59679K->19040K(154432K), 0.0932510 secs] [Times: user=0.03 sys=0.00, real=0.10 secs] 
Heap after GC invocations=43 (full 2):
 par new generation   total 47936K, used 5311K [0x0000000724400000, 0x0000000727800000, 0x00000007390c0000)
  eden space 42624K,   0% used [0x0000000724400000, 0x0000000724400000, 0x0000000726da0000)
  from space 5312K,  99% used [0x00000007272d0000, 0x00000007277ffff8, 0x0000000727800000)
  to   space 5312K,   0% used [0x0000000726da0000, 0x0000000726da0000, 0x00000007272d0000)
 concurrent mark-sweep generation total 106496K, used 13728K [0x00000007390c0000, 0x000000073f8c0000, 0x00000007c0000000)
 Metaspace       used 42723K, capacity 44936K, committed 45072K, reserved 1089536K
  class space    used 5488K, capacity 5878K, committed 5908K, reserved 1048576K
}
2021-12-27T09:19:35.777+0800: 81.786: Application time: 0.0348350 seconds
2021-12-27T09:19:36.203+0800: 82.212: Application time: 0.4252233 seconds
2021-12-27T09:19:36.208+0800: 82.217: Application time: 0.0019560 seconds
2021-12-27T09:19:37.186+0800: 83.218: Application time: 1.0002188 seconds
2021-12-27T09:19:37.623+0800: 83.656: Application time: 0.4337278 seconds
2021-12-27T09:19:37.641+0800: 83.673: Application time: 0.0159942 seconds
2021-12-27T09:19:37.880+0800: 83.912: Application time: 0.2345315 seconds
{Heap before GC invocations=43 (full 2):
 par new generation   total 47936K, used 47935K [0x0000000724400000, 0x0000000727800000, 0x00000007390c0000)
  eden space 42624K, 100% used [0x0000000724400000, 0x0000000726da0000, 0x0000000726da0000)
  from space 5312K,  99% used [0x00000007272d0000, 0x00000007277ffff8, 0x0000000727800000)
  to   space 5312K,   0% used [0x0000000726da0000, 0x0000000726da0000, 0x00000007272d0000)
 concurrent mark-sweep generation total 106496K, used 13728K [0x00000007390c0000, 0x000000073f8c0000, 0x00000007c0000000)
 Metaspace       used 43815K, capacity 46078K, committed 46224K, reserved 1089536K
  class space    used 5607K, capacity 6017K, committed 6036K, reserved 1048576K
2021-12-27T09:19:37.880+0800: 83.912: [GC (Allocation Failure) 2021-12-27T09:19:37.881+0800: 83.913: [ParNew: 47935K->4819K(47936K), 0.0980209 secs] 61664K->20241K(154432K), 0.1009435 secs] [Times: user=0.02 sys=0.00, real=0.10 secs] 
Heap after GC invocations=44 (full 2):
 par new generation   total 47936K, used 4819K [0x0000000724400000, 0x0000000727800000, 0x00000007390c0000)
  eden space 42624K,   0% used [0x0000000724400000, 0x0000000724400000, 0x0000000726da0000)
  from space 5312K,  90% used [0x0000000726da0000, 0x0000000727254e90, 0x00000007272d0000)
  to   space 5312K,   0% used [0x00000007272d0000, 0x00000007272d0000, 0x0000000727800000)
 concurrent mark-sweep generation total 106496K, used 15421K [0x00000007390c0000, 0x000000073f8c0000, 0x00000007c0000000)
 Metaspace       used 43815K, capacity 46078K, committed 46224K, reserved 1089536K
  class space    used 5607K, capacity 6017K, committed 6036K, reserved 1048576K
}
2021-12-27T09:19:38.983+0800: 85.015: Application time: 1.0002133 seconds
2021-12-27T09:19:39.057+0800: 85.089: Application time: 0.0704336 seconds
2021-12-27T09:19:39.423+0800: 85.455: Application time: 0.3654527 seconds
{Heap before GC invocations=44 (full 2):
 par new generation   total 47936K, used 47432K [0x0000000724400000, 0x0000000727800000, 0x00000007390c0000)
  eden space 42624K,  99% used [0x0000000724400000, 0x0000000726d9d3f8, 0x0000000726da0000)
  from space 5312K,  90% used [0x0000000726da0000, 0x0000000727254e90, 0x00000007272d0000)
  to   space 5312K,   0% used [0x00000007272d0000, 0x00000007272d0000, 0x0000000727800000)
 concurrent mark-sweep generation total 106496K, used 15421K [0x00000007390c0000, 0x000000073f8c0000, 0x00000007c0000000)
 Metaspace       used 44171K, capacity 46454K, committed 46608K, reserved 1089536K
  class space    used 5656K, capacity 6075K, committed 6164K, reserved 1048576K
2021-12-27T09:19:39.425+0800: 85.457: [GC (Allocation Failure) 2021-12-27T09:19:39.425+0800: 85.457: [ParNew: 47432K->5312K(47936K), 0.1300180 secs] 62854K->22624K(154432K), 0.1454214 secs] [Times: user=0.02 sys=0.00, real=0.15 secs] 
Heap after GC invocations=45 (full 2):
 par new generation   total 47936K, used 5312K [0x0000000724400000, 0x0000000727800000, 0x00000007390c0000)
  eden space 42624K,   0% used [0x0000000724400000, 0x0000000724400000, 0x0000000726da0000)
  from space 5312K, 100% used [0x00000007272d0000, 0x0000000727800000, 0x0000000727800000)
  to   space 5312K,   0% used [0x0000000726da0000, 0x0000000726da0000, 0x00000007272d0000)
 concurrent mark-sweep generation total 106496K, used 17312K [0x00000007390c0000, 0x000000073f8c0000, 0x00000007c0000000)
 Metaspace       used 44171K, capacity 46454K, committed 46608K, reserved 1089536K
  class space    used 5656K, capacity 6075K, committed 6164K, reserved 1048576K
}
2021-12-27T09:19:40.057+0800: 86.089: Application time: 0.4858148 seconds
{Heap before GC invocations=45 (full 2):
 par new generation   total 47936K, used 47936K [0x0000000724400000, 0x0000000727800000, 0x00000007390c0000)
  eden space 42624K, 100% used [0x0000000724400000, 0x0000000726da0000, 0x0000000726da0000)
  from space 5312K, 100% used [0x00000007272d0000, 0x0000000727800000, 0x0000000727800000)
  to   space 5312K,   0% used [0x0000000726da0000, 0x0000000726da0000, 0x00000007272d0000)
 concurrent mark-sweep generation total 106496K, used 17312K [0x00000007390c0000, 0x000000073f8c0000, 0x00000007c0000000)
 Metaspace       used 44525K, capacity 46830K, committed 47120K, reserved 1089536K
  class space    used 5709K, capacity 6111K, committed 6164K, reserved 1048576K
2021-12-27T09:19:40.058+0800: 86.090: [GC (Allocation Failure) 2021-12-27T09:19:40.058+0800: 86.090: [ParNew: 47936K->2168K(47936K), 0.0500630 secs] 65248K->20433K(154432K), 0.0582383 secs] [Times: user=0.01 sys=0.00, real=0.06 secs] 
Heap after GC invocations=46 (full 2):
 par new generation   total 47936K, used 2168K [0x0000000724400000, 0x0000000727800000, 0x00000007390c0000)
  eden space 42624K,   0% used [0x0000000724400000, 0x0000000724400000, 0x0000000726da0000)
  from space 5312K,  40% used [0x0000000726da0000, 0x0000000726fbe0e8, 0x00000007272d0000)
  to   space 5312K,   0% used [0x00000007272d0000, 0x00000007272d0000, 0x0000000727800000)
 concurrent mark-sweep generation total 106496K, used 18264K [0x00000007390c0000, 0x000000073f8c0000, 0x00000007c0000000)
 Metaspace       used 44525K, capacity 46830K, committed 47120K, reserved 1089536K
  class space    used 5709K, capacity 6111K, committed 6164K, reserved 1048576K
}
2021-12-27T09:19:41.000+0800: 87.032: Application time: 0.8825172 seconds
2021-12-27T09:19:41.285+0800: 87.317: Application time: 0.2843476 seconds
2021-12-27T09:19:41.356+0800: 87.388: Application time: 0.0708409 seconds
2021-12-27T09:19:41.402+0800: 87.434: Application time: 0.0458670 seconds
2021-12-27T09:19:41.987+0800: 88.020: Application time: 0.5713675 seconds
2021-12-27T09:19:41.993+0800: 88.025: Application time: 0.0045281 seconds
2021-12-27T09:19:42.350+0800: 88.382: Application time: 0.3563860 seconds
2021-12-27T09:19:42.769+0800: 88.801: Application time: 0.4185557 seconds
2021-12-27T09:19:43.224+0800: 89.256: Application time: 0.4551102 seconds
2021-12-27T09:19:43.238+0800: 89.270: Application time: 0.0068988 seconds
{Heap before GC invocations=46 (full 2):
 par new generation   total 47936K, used 44792K [0x0000000724400000, 0x0000000727800000, 0x00000007390c0000)
  eden space 42624K, 100% used [0x0000000724400000, 0x0000000726da0000, 0x0000000726da0000)
  from space 5312K,  40% used [0x0000000726da0000, 0x0000000726fbe0e8, 0x00000007272d0000)
  to   space 5312K,   0% used [0x00000007272d0000, 0x00000007272d0000, 0x0000000727800000)
 concurrent mark-sweep generation total 106496K, used 18264K [0x00000007390c0000, 0x000000073f8c0000, 0x00000007c0000000)
 Metaspace       used 49740K, capacity 52188K, committed 52496K, reserved 1095680K
  class space    used 6225K, capacity 6662K, committed 6676K, reserved 1048576K
2021-12-27T09:19:43.239+0800: 89.271: [GC (Allocation Failure) 2021-12-27T09:19:43.240+0800: 89.272: [ParNew: 44792K->5312K(47936K), 0.0758660 secs] 63057K->24013K(154432K), 0.0865684 secs] [Times: user=0.03 sys=0.00, real=0.08 secs] 
Heap after GC invocations=47 (full 2):
 par new generation   total 47936K, used 5312K [0x0000000724400000, 0x0000000727800000, 0x00000007390c0000)
  eden space 42624K,   0% used [0x0000000724400000, 0x0000000724400000, 0x0000000726da0000)
  from space 5312K, 100% used [0x00000007272d0000, 0x0000000727800000, 0x0000000727800000)
  to   space 5312K,   0% used [0x0000000726da0000, 0x0000000726da0000, 0x00000007272d0000)
 concurrent mark-sweep generation total 106496K, used 18701K [0x00000007390c0000, 0x000000073f8c0000, 0x00000007c0000000)
 Metaspace       used 49740K, capacity 52188K, committed 52496K, reserved 1095680K
  class space    used 6225K, capacity 6662K, committed 6676K, reserved 1048576K
}
2021-12-27T09:19:43.348+0800: 89.380: Application time: 0.0198526 seconds
2021-12-27T09:19:43.377+0800: 89.409: Application time: 0.0096407 seconds
2021-12-27T09:19:43.380+0800: 89.412: Application time: 0.0020932 seconds
2021-12-27T09:19:43.387+0800: 89.419: Application time: 0.0068606 seconds
2021-12-27T09:19:43.398+0800: 89.431: Application time: 0.0115462 seconds
2021-12-27T09:19:43.403+0800: 89.435: Application time: 0.0032524 seconds
2021-12-27T09:19:43.404+0800: 89.436: Application time: 0.0012136 seconds
2021-12-27T09:19:43.407+0800: 89.439: Application time: 0.0023566 seconds
2021-12-27T09:19:43.408+0800: 89.440: Application time: 0.0002528 seconds
2021-12-27T09:19:43.439+0800: 89.471: Application time: 0.0003442 seconds
2021-12-27T09:19:43.439+0800: 89.471: Application time: 0.0001087 seconds
2021-12-27T09:19:43.442+0800: 89.474: Application time: 0.0019304 seconds
2021-12-27T09:19:43.443+0800: 89.475: Application time: 0.0006995 seconds
2021-12-27T09:19:43.445+0800: 89.477: Application time: 0.0007596 seconds
2021-12-27T09:19:43.446+0800: 89.478: Application time: 0.0002312 seconds
2021-12-27T09:19:43.446+0800: 89.478: Application time: 0.0002827 seconds
2021-12-27T09:19:43.490+0800: 89.522: Application time: 0.0432066 seconds
2021-12-27T09:19:43.493+0800: 89.525: Application time: 0.0025411 seconds
2021-12-27T09:19:43.504+0800: 89.536: Application time: 0.0009932 seconds
2021-12-27T09:19:43.511+0800: 89.543: Application time: 0.0044983 seconds
2021-12-27T09:19:43.516+0800: 89.548: Application time: 0.0033182 seconds
2021-12-27T09:19:43.665+0800: 89.697: Application time: 0.1420229 seconds
{Heap before GC invocations=47 (full 2):
 par new generation   total 47936K, used 47936K [0x0000000724400000, 0x0000000727800000, 0x00000007390c0000)
  eden space 42624K, 100% used [0x0000000724400000, 0x0000000726da0000, 0x0000000726da0000)
  from space 5312K, 100% used [0x00000007272d0000, 0x0000000727800000, 0x0000000727800000)
  to   space 5312K,   0% used [0x0000000726da0000, 0x0000000726da0000, 0x00000007272d0000)
 concurrent mark-sweep generation total 106496K, used 18701K [0x00000007390c0000, 0x000000073f8c0000, 0x00000007c0000000)
 Metaspace       used 49847K, capacity 52258K, committed 52496K, reserved 1095680K
  class space    used 6240K, capacity 6663K, committed 6676K, reserved 1048576K
2021-12-27T09:19:43.671+0800: 89.703: [GC (Allocation Failure) 2021-12-27T09:19:43.672+0800: 89.704: [ParNew: 47936K->3604K(47936K), 0.1103337 secs] 66637K->26825K(154432K), 0.1119876 secs] [Times: user=0.02 sys=0.00, real=0.11 secs] 
Heap after GC invocations=48 (full 2):
 par new generation   total 47936K, used 3604K [0x0000000724400000, 0x0000000727800000, 0x00000007390c0000)
  eden space 42624K,   0% used [0x0000000724400000, 0x0000000724400000, 0x0000000726da0000)
  from space 5312K,  67% used [0x0000000726da0000, 0x0000000727125198, 0x00000007272d0000)
  to   space 5312K,   0% used [0x00000007272d0000, 0x00000007272d0000, 0x0000000727800000)
 concurrent mark-sweep generation total 106496K, used 23220K [0x00000007390c0000, 0x000000073f8c0000, 0x00000007c0000000)
 Metaspace       used 49847K, capacity 52258K, committed 52496K, reserved 1095680K
  class space    used 6240K, capacity 6663K, committed 6676K, reserved 1048576K
}
2021-12-27T09:19:44.791+0800: 90.823: Application time: 1.0058193 seconds
2021-12-27T09:19:44.916+0800: 90.948: Application time: 0.1163652 seconds
{Heap before GC invocations=48 (full 2):
 par new generation   total 47936K, used 46228K [0x0000000724400000, 0x0000000727800000, 0x00000007390c0000)
  eden space 42624K, 100% used [0x0000000724400000, 0x0000000726da0000, 0x0000000726da0000)
  from space 5312K,  67% used [0x0000000726da0000, 0x0000000727125198, 0x00000007272d0000)
  to   space 5312K,   0% used [0x00000007272d0000, 0x00000007272d0000, 0x0000000727800000)
 concurrent mark-sweep generation total 106496K, used 23220K [0x00000007390c0000, 0x000000073f8c0000, 0x00000007c0000000)
 Metaspace       used 50948K, capacity 53454K, committed 53648K, reserved 1095680K
  class space    used 6342K, capacity 6799K, committed 6804K, reserved 1048576K
2021-12-27T09:19:44.917+0800: 90.949: [GC (Allocation Failure) 2021-12-27T09:19:44.917+0800: 90.949: [ParNew: 46228K->2686K(47936K), 0.0396762 secs] 69449K->25907K(154432K), 0.0408941 secs] [Times: user=0.01 sys=0.00, real=0.05 secs] 
Heap after GC invocations=49 (full 2):
 par new generation   total 47936K, used 2686K [0x0000000724400000, 0x0000000727800000, 0x00000007390c0000)
  eden space 42624K,   0% used [0x0000000724400000, 0x0000000724400000, 0x0000000726da0000)
  from space 5312K,  50% used [0x00000007272d0000, 0x000000072756fa58, 0x0000000727800000)
  to   space 5312K,   0% used [0x0000000726da0000, 0x0000000726da0000, 0x00000007272d0000)
 concurrent mark-sweep generation total 106496K, used 23220K [0x00000007390c0000, 0x000000073f8c0000, 0x00000007c0000000)
 Metaspace       used 50948K, capacity 53454K, committed 53648K, reserved 1095680K
  class space    used 6342K, capacity 6799K, committed 6804K, reserved 1048576K
}
2021-12-27T09:19:45.518+0800: 91.550: Application time: 0.5597378 seconds
{Heap before GC invocations=49 (full 2):
 par new generation   total 47936K, used 45310K [0x0000000724400000, 0x0000000727800000, 0x00000007390c0000)
  eden space 42624K, 100% used [0x0000000724400000, 0x0000000726da0000, 0x0000000726da0000)
  from space 5312K,  50% used [0x00000007272d0000, 0x000000072756fa58, 0x0000000727800000)
  to   space 5312K,   0% used [0x0000000726da0000, 0x0000000726da0000, 0x00000007272d0000)
 concurrent mark-sweep generation total 106496K, used 23220K [0x00000007390c0000, 0x000000073f8c0000, 0x00000007c0000000)
 Metaspace       used 51519K, capacity 53998K, committed 54288K, reserved 1097728K
  class space    used 6436K, capacity 6895K, committed 6932K, reserved 1048576K
2021-12-27T09:19:45.519+0800: 91.551: [GC (Allocation Failure) 2021-12-27T09:19:45.519+0800: 91.551: [ParNew: 45310K->2984K(47936K), 0.0371668 secs] 68531K->26205K(154432K), 0.0383459 secs] [Times: user=0.01 sys=0.00, real=0.03 secs] 
Heap after GC invocations=50 (full 2):
 par new generation   total 47936K, used 2984K [0x0000000724400000, 0x0000000727800000, 0x00000007390c0000)
  eden space 42624K,   0% used [0x0000000724400000, 0x0000000724400000, 0x0000000726da0000)
  from space 5312K,  56% used [0x0000000726da0000, 0x000000072708a288, 0x00000007272d0000)
  to   space 5312K,   0% used [0x00000007272d0000, 0x00000007272d0000, 0x0000000727800000)
 concurrent mark-sweep generation total 106496K, used 23220K [0x00000007390c0000, 0x000000073f8c0000, 0x00000007c0000000)
 Metaspace       used 51519K, capacity 53998K, committed 54288K, reserved 1097728K
  class space    used 6436K, capacity 6895K, committed 6932K, reserved 1048576K
}
2021-12-27T09:19:46.035+0800: 92.067: Application time: 0.4771673 seconds
{Heap before GC invocations=50 (full 2):
 par new generation   total 47936K, used 45608K [0x0000000724400000, 0x0000000727800000, 0x00000007390c0000)
  eden space 42624K, 100% used [0x0000000724400000, 0x0000000726da0000, 0x0000000726da0000)
  from space 5312K,  56% used [0x0000000726da0000, 0x000000072708a288, 0x00000007272d0000)
  to   space 5312K,   0% used [0x00000007272d0000, 0x00000007272d0000, 0x0000000727800000)
 concurrent mark-sweep generation total 106496K, used 23220K [0x00000007390c0000, 0x000000073f8c0000, 0x00000007c0000000)
 Metaspace       used 52166K, capacity 54640K, committed 54928K, reserved 1097728K
  class space    used 6559K, capacity 7024K, committed 7060K, reserved 1048576K
2021-12-27T09:19:46.036+0800: 92.068: [GC (Allocation Failure) 2021-12-27T09:19:46.037+0800: 92.069: [ParNew: 45608K->2315K(47936K), 0.0333687 secs] 68829K->25536K(154432K), 0.0346397 secs] [Times: user=0.01 sys=0.00, real=0.04 secs] 
Heap after GC invocations=51 (full 2):
 par new generation   total 47936K, used 2315K [0x0000000724400000, 0x0000000727800000, 0x00000007390c0000)
  eden space 42624K,   0% used [0x0000000724400000, 0x0000000724400000, 0x0000000726da0000)
  from space 5312K,  43% used [0x00000007272d0000, 0x0000000727512eb8, 0x0000000727800000)
  to   space 5312K,   0% used [0x0000000726da0000, 0x0000000726da0000, 0x00000007272d0000)
 concurrent mark-sweep generation total 106496K, used 23220K [0x00000007390c0000, 0x000000073f8c0000, 0x00000007c0000000)
 Metaspace       used 52166K, capacity 54640K, committed 54928K, reserved 1097728K
  class space    used 6559K, capacity 7024K, committed 7060K, reserved 1048576K
}
2021-12-27T09:19:46.316+0800: 92.348: Application time: 0.2447230 seconds
{Heap before GC invocations=51 (full 2):
 par new generation   total 47936K, used 44888K [0x0000000724400000, 0x0000000727800000, 0x00000007390c0000)
  eden space 42624K,  99% used [0x0000000724400000, 0x0000000726d932a8, 0x0000000726da0000)
  from space 5312K,  43% used [0x00000007272d0000, 0x0000000727512eb8, 0x0000000727800000)
  to   space 5312K,   0% used [0x0000000726da0000, 0x0000000726da0000, 0x00000007272d0000)
 concurrent mark-sweep generation total 106496K, used 23220K [0x00000007390c0000, 0x000000073f8c0000, 0x00000007c0000000)
 Metaspace       used 52399K, capacity 54896K, committed 55056K, reserved 1097728K
  class space    used 6611K, capacity 7088K, committed 7188K, reserved 1048576K
2021-12-27T09:19:46.317+0800: 92.349: [GC (Allocation Failure) 2021-12-27T09:19:46.318+0800: 92.350: [ParNew: 44888K->2240K(47936K), 0.0273503 secs] 68109K->25460K(154432K), 0.0283573 secs] [Times: user=0.01 sys=0.00, real=0.03 secs] 
Heap after GC invocations=52 (full 2):
 par new generation   total 47936K, used 2240K [0x0000000724400000, 0x0000000727800000, 0x00000007390c0000)
  eden space 42624K,   0% used [0x0000000724400000, 0x0000000724400000, 0x0000000726da0000)
  from space 5312K,  42% used [0x0000000726da0000, 0x0000000726fd0030, 0x00000007272d0000)
  to   space 5312K,   0% used [0x00000007272d0000, 0x00000007272d0000, 0x0000000727800000)
 concurrent mark-sweep generation total 106496K, used 23220K [0x00000007390c0000, 0x000000073f8c0000, 0x00000007c0000000)
 Metaspace       used 52399K, capacity 54896K, committed 55056K, reserved 1097728K
  class space    used 6611K, capacity 7088K, committed 7188K, reserved 1048576K
}
2021-12-27T09:19:47.091+0800: 93.123: Application time: 0.7449846 seconds
{Heap before GC invocations=52 (full 2):
 par new generation   total 47936K, used 44864K [0x0000000724400000, 0x0000000727800000, 0x00000007390c0000)
  eden space 42624K, 100% used [0x0000000724400000, 0x0000000726da0000, 0x0000000726da0000)
  from space 5312K,  42% used [0x0000000726da0000, 0x0000000726fd0030, 0x00000007272d0000)
  to   space 5312K,   0% used [0x00000007272d0000, 0x00000007272d0000, 0x0000000727800000)
 concurrent mark-sweep generation total 106496K, used 23220K [0x00000007390c0000, 0x000000073f8c0000, 0x00000007c0000000)
 Metaspace       used 53388K, capacity 55934K, committed 56208K, reserved 1097728K
  class space    used 6807K, capacity 7293K, committed 7316K, reserved 1048576K
2021-12-27T09:19:47.092+0800: 93.124: [GC (Allocation Failure) 2021-12-27T09:19:47.093+0800: 93.125: [ParNew: 44864K->2610K(47936K), 0.0352673 secs] 68084K->25831K(154432K), 0.0363101 secs] [Times: user=0.01 sys=0.00, real=0.04 secs] 
Heap after GC invocations=53 (full 2):
 par new generation   total 47936K, used 2610K [0x0000000724400000, 0x0000000727800000, 0x00000007390c0000)
  eden space 42624K,   0% used [0x0000000724400000, 0x0000000724400000, 0x0000000726da0000)
  from space 5312K,  49% used [0x00000007272d0000, 0x000000072755cb88, 0x0000000727800000)
  to   space 5312K,   0% used [0x0000000726da0000, 0x0000000726da0000, 0x00000007272d0000)
 concurrent mark-sweep generation total 106496K, used 23220K [0x00000007390c0000, 0x000000073f8c0000, 0x00000007c0000000)
 Metaspace       used 53388K, capacity 55934K, committed 56208K, reserved 1097728K
  class space    used 6807K, capacity 7293K, committed 7316K, reserved 1048576K
}
2021-12-27T09:19:48.075+0800: 94.107: Application time: 0.9456138 seconds
{Heap before GC invocations=53 (full 2):
 par new generation   total 47936K, used 45234K [0x0000000724400000, 0x0000000727800000, 0x00000007390c0000)
  eden space 42624K, 100% used [0x0000000724400000, 0x0000000726da0000, 0x0000000726da0000)
  from space 5312K,  49% used [0x00000007272d0000, 0x000000072755cb88, 0x0000000727800000)
  to   space 5312K,   0% used [0x0000000726da0000, 0x0000000726da0000, 0x00000007272d0000)
 concurrent mark-sweep generation total 106496K, used 23220K [0x00000007390c0000, 0x000000073f8c0000, 0x00000007c0000000)
 Metaspace       used 55075K, capacity 57606K, committed 57872K, reserved 1099776K
  class space    used 7136K, capacity 7595K, committed 7700K, reserved 1048576K
2021-12-27T09:19:48.076+0800: 94.108: [GC (Allocation Failure) 2021-12-27T09:19:48.076+0800: 94.108: [ParNew: 45234K->3653K(47936K), 0.0646278 secs] 68455K->26874K(154432K), 0.0655062 secs] [Times: user=0.02 sys=0.00, real=0.07 secs] 
Heap after GC invocations=54 (full 2):
 par new generation   total 47936K, used 3653K [0x0000000724400000, 0x0000000727800000, 0x00000007390c0000)
  eden space 42624K,   0% used [0x0000000724400000, 0x0000000724400000, 0x0000000726da0000)
  from space 5312K,  68% used [0x0000000726da0000, 0x0000000727131758, 0x00000007272d0000)
  to   space 5312K,   0% used [0x00000007272d0000, 0x00000007272d0000, 0x0000000727800000)
 concurrent mark-sweep generation total 106496K, used 23220K [0x00000007390c0000, 0x000000073f8c0000, 0x00000007c0000000)
 Metaspace       used 55075K, capacity 57606K, committed 57872K, reserved 1099776K
  class space    used 7136K, capacity 7595K, committed 7700K, reserved 1048576K
}
2021-12-27T09:19:48.873+0800: 94.905: Application time: 0.7306804 seconds
2021-12-27T09:19:48.955+0800: 94.987: Application time: 0.0814790 seconds
2021-12-27T09:19:49.248+0800: 95.280: Application time: 0.2904579 seconds
{Heap before GC invocations=54 (full 2):
 par new generation   total 47936K, used 46277K [0x0000000724400000, 0x0000000727800000, 0x00000007390c0000)
  eden space 42624K, 100% used [0x0000000724400000, 0x0000000726da0000, 0x0000000726da0000)
  from space 5312K,  68% used [0x0000000726da0000, 0x0000000727131758, 0x00000007272d0000)
  to   space 5312K,   0% used [0x00000007272d0000, 0x00000007272d0000, 0x0000000727800000)
 concurrent mark-sweep generation total 106496K, used 23220K [0x00000007390c0000, 0x000000073f8c0000, 0x00000007c0000000)
 Metaspace       used 56843K, capacity 59446K, committed 59664K, reserved 1101824K
  class space    used 7374K, capacity 7859K, committed 7956K, reserved 1048576K
2021-12-27T09:19:49.252+0800: 95.284: [GC (Allocation Failure) 2021-12-27T09:19:49.253+0800: 95.285: [ParNew: 46277K->2796K(47936K), 0.0369539 secs] 69498K->27051K(154432K), 0.0384907 secs] [Times: user=0.02 sys=0.00, real=0.04 secs] 
Heap after GC invocations=55 (full 2):
 par new generation   total 47936K, used 2796K [0x0000000724400000, 0x0000000727800000, 0x00000007390c0000)
  eden space 42624K,   0% used [0x0000000724400000, 0x0000000724400000, 0x0000000726da0000)
  from space 5312K,  52% used [0x00000007272d0000, 0x000000072758b138, 0x0000000727800000)
  to   space 5312K,   0% used [0x0000000726da0000, 0x0000000726da0000, 0x00000007272d0000)
 concurrent mark-sweep generation total 106496K, used 24255K [0x00000007390c0000, 0x000000073f8c0000, 0x00000007c0000000)
 Metaspace       used 56843K, capacity 59446K, committed 59664K, reserved 1101824K
  class space    used 7374K, capacity 7859K, committed 7956K, reserved 1048576K
}
2021-12-27T09:19:49.804+0800: 95.836: Application time: 0.5122132 seconds
2021-12-27T09:19:50.336+0800: 96.368: Application time: 0.5047132 seconds
{Heap before GC invocations=55 (full 2):
 par new generation   total 47936K, used 45420K [0x0000000724400000, 0x0000000727800000, 0x00000007390c0000)
  eden space 42624K, 100% used [0x0000000724400000, 0x0000000726da0000, 0x0000000726da0000)
  from space 5312K,  52% used [0x00000007272d0000, 0x000000072758b138, 0x0000000727800000)
  to   space 5312K,   0% used [0x0000000726da0000, 0x0000000726da0000, 0x00000007272d0000)
 concurrent mark-sweep generation total 106496K, used 24255K [0x00000007390c0000, 0x000000073f8c0000, 0x00000007c0000000)
 Metaspace       used 58395K, capacity 60972K, committed 61328K, reserved 1101824K
  class space    used 7563K, capacity 8024K, committed 8084K, reserved 1048576K
2021-12-27T09:19:50.338+0800: 96.370: [GC (Allocation Failure) 2021-12-27T09:19:50.339+0800: 96.371: [ParNew: 45420K->3401K(47936K), 0.0321110 secs] 69675K->27656K(154432K), 0.0328490 secs] [Times: user=0.01 sys=0.00, real=0.03 secs] 
Heap after GC invocations=56 (full 2):
 par new generation   total 47936K, used 3401K [0x0000000724400000, 0x0000000727800000, 0x00000007390c0000)
  eden space 42624K,   0% used [0x0000000724400000, 0x0000000724400000, 0x0000000726da0000)
  from space 5312K,  64% used [0x0000000726da0000, 0x00000007270f2568, 0x00000007272d0000)
  to   space 5312K,   0% used [0x00000007272d0000, 0x00000007272d0000, 0x0000000727800000)
 concurrent mark-sweep generation total 106496K, used 24255K [0x00000007390c0000, 0x000000073f8c0000, 0x00000007c0000000)
 Metaspace       used 58395K, capacity 60972K, committed 61328K, reserved 1101824K
  class space    used 7563K, capacity 8024K, committed 8084K, reserved 1048576K
}
2021-12-27T09:19:50.373+0800: 96.405: Application time: 0.0014926 seconds
2021-12-27T09:19:50.373+0800: 96.405: Application time: 0.0000589 seconds
2021-12-27T09:19:50.429+0800: 96.461: Application time: 0.0554001 seconds
2021-12-27T09:19:50.541+0800: 96.573: Application time: 0.1125255 seconds
2021-12-27T09:19:50.541+0800: 96.574: Application time: 0.0007303 seconds
2021-12-27T09:19:50.619+0800: 96.651: Application time: 0.0768243 seconds
2021-12-27T09:19:50.619+0800: 96.651: Application time: 0.0000650 seconds
2021-12-27T09:19:51.026+0800: 97.058: Application time: 0.4065876 seconds
2021-12-27T09:19:51.089+0800: 97.121: Application time: 0.0630450 seconds
2021-12-27T09:19:51.116+0800: 97.148: Application time: 0.0272596 seconds
2021-12-27T09:19:51.867+0800: 97.899: Application time: 0.7507465 seconds
{Heap before GC invocations=56 (full 2):
 par new generation   total 47936K, used 46025K [0x0000000724400000, 0x0000000727800000, 0x00000007390c0000)
  eden space 42624K, 100% used [0x0000000724400000, 0x0000000726da0000, 0x0000000726da0000)
  from space 5312K,  64% used [0x0000000726da0000, 0x00000007270f2568, 0x00000007272d0000)
  to   space 5312K,   0% used [0x00000007272d0000, 0x00000007272d0000, 0x0000000727800000)
 concurrent mark-sweep generation total 106496K, used 24255K [0x00000007390c0000, 0x000000073f8c0000, 0x00000007c0000000)
 Metaspace       used 59989K, capacity 62724K, committed 62864K, reserved 1103872K
  class space    used 7766K, capacity 8272K, committed 8340K, reserved 1048576K
2021-12-27T09:19:51.868+0800: 97.900: [GC (Allocation Failure) 2021-12-27T09:19:51.870+0800: 97.902: [ParNew: 46025K->3421K(47936K), 0.0452196 secs] 70280K->27676K(154432K), 0.0540106 secs] [Times: user=0.02 sys=0.00, real=0.05 secs] 
Heap after GC invocations=57 (full 2):
 par new generation   total 47936K, used 3421K [0x0000000724400000, 0x0000000727800000, 0x00000007390c0000)
  eden space 42624K,   0% used [0x0000000724400000, 0x0000000724400000, 0x0000000726da0000)
  from space 5312K,  64% used [0x00000007272d0000, 0x0000000727627570, 0x0000000727800000)
  to   space 5312K,   0% used [0x0000000726da0000, 0x0000000726da0000, 0x00000007272d0000)
 concurrent mark-sweep generation total 106496K, used 24255K [0x00000007390c0000, 0x000000073f8c0000, 0x00000007c0000000)
 Metaspace       used 59989K, capacity 62724K, committed 62864K, reserved 1103872K
  class space    used 7766K, capacity 8272K, committed 8340K, reserved 1048576K
}
2021-12-27T09:19:52.586+0800: 98.618: Application time: 0.6622791 seconds
{Heap before GC invocations=57 (full 2):
 par new generation   total 47936K, used 46045K [0x0000000724400000, 0x0000000727800000, 0x00000007390c0000)
  eden space 42624K, 100% used [0x0000000724400000, 0x0000000726da0000, 0x0000000726da0000)
  from space 5312K,  64% used [0x00000007272d0000, 0x0000000727627570, 0x0000000727800000)
  to   space 5312K,   0% used [0x0000000726da0000, 0x0000000726da0000, 0x00000007272d0000)
 concurrent mark-sweep generation total 106496K, used 24255K [0x00000007390c0000, 0x000000073f8c0000, 0x00000007c0000000)
 Metaspace       used 60606K, capacity 63306K, committed 63504K, reserved 1103872K
  class space    used 7912K, capacity 8401K, committed 8468K, reserved 1048576K
2021-12-27T09:19:52.591+0800: 98.623: [GC (Allocation Failure) 2021-12-27T09:19:52.592+0800: 98.624: [ParNew: 46045K->3369K(47936K), 0.0514942 secs] 70300K->27762K(154432K), 0.0528734 secs] [Times: user=0.01 sys=0.00, real=0.05 secs] 
Heap after GC invocations=58 (full 2):
 par new generation   total 47936K, used 3369K [0x0000000724400000, 0x0000000727800000, 0x00000007390c0000)
  eden space 42624K,   0% used [0x0000000724400000, 0x0000000724400000, 0x0000000726da0000)
  from space 5312K,  63% used [0x0000000726da0000, 0x00000007270ea728, 0x00000007272d0000)
  to   space 5312K,   0% used [0x00000007272d0000, 0x00000007272d0000, 0x0000000727800000)
 concurrent mark-sweep generation total 106496K, used 24392K [0x00000007390c0000, 0x000000073f8c0000, 0x00000007c0000000)
 Metaspace       used 60606K, capacity 63306K, committed 63504K, reserved 1103872K
  class space    used 7912K, capacity 8401K, committed 8468K, reserved 1048576K
}
2021-12-27T09:19:53.064+0800: 99.096: Application time: 0.4190008 seconds
{Heap before GC invocations=58 (full 2):
 par new generation   total 47936K, used 45993K [0x0000000724400000, 0x0000000727800000, 0x00000007390c0000)
  eden space 42624K, 100% used [0x0000000724400000, 0x0000000726da0000, 0x0000000726da0000)
  from space 5312K,  63% used [0x0000000726da0000, 0x00000007270ea728, 0x00000007272d0000)
  to   space 5312K,   0% used [0x00000007272d0000, 0x00000007272d0000, 0x0000000727800000)
 concurrent mark-sweep generation total 106496K, used 24392K [0x00000007390c0000, 0x000000073f8c0000, 0x00000007c0000000)
 Metaspace       used 61214K, capacity 63946K, committed 64144K, reserved 1105920K
  class space    used 8019K, capacity 8529K, committed 8596K, reserved 1048576K
2021-12-27T09:19:53.065+0800: 99.097: [GC (Allocation Failure) 2021-12-27T09:19:53.067+0800: 99.099: [ParNew: 45993K->3634K(47936K), 0.0206139 secs] 70386K->28027K(154432K), 0.0227900 secs] [Times: user=0.02 sys=0.00, real=0.03 secs] 
Heap after GC invocations=59 (full 2):
 par new generation   total 47936K, used 3634K [0x0000000724400000, 0x0000000727800000, 0x00000007390c0000)
  eden space 42624K,   0% used [0x0000000724400000, 0x0000000724400000, 0x0000000726da0000)
  from space 5312K,  68% used [0x00000007272d0000, 0x000000072765c9d0, 0x0000000727800000)
  to   space 5312K,   0% used [0x0000000726da0000, 0x0000000726da0000, 0x00000007272d0000)
 concurrent mark-sweep generation total 106496K, used 24392K [0x00000007390c0000, 0x000000073f8c0000, 0x00000007c0000000)
 Metaspace       used 61214K, capacity 63946K, committed 64144K, reserved 1105920K
  class space    used 8019K, capacity 8529K, committed 8596K, reserved 1048576K
}
2021-12-27T09:19:53.439+0800: 99.471: Application time: 0.3495719 seconds
{Heap before GC invocations=59 (full 2):
 par new generation   total 47936K, used 46239K [0x0000000724400000, 0x0000000727800000, 0x00000007390c0000)
  eden space 42624K,  99% used [0x0000000724400000, 0x0000000726d9b540, 0x0000000726da0000)
  from space 5312K,  68% used [0x00000007272d0000, 0x000000072765c9d0, 0x0000000727800000)
  to   space 5312K,   0% used [0x0000000726da0000, 0x0000000726da0000, 0x00000007272d0000)
 concurrent mark-sweep generation total 106496K, used 24392K [0x00000007390c0000, 0x000000073f8c0000, 0x00000007c0000000)
 Metaspace       used 61746K, capacity 64438K, committed 64784K, reserved 1105920K
  class space    used 8117K, capacity 8627K, committed 8724K, reserved 1048576K
2021-12-27T09:19:53.440+0800: 99.472: [GC (Allocation Failure) 2021-12-27T09:19:53.442+0800: 99.474: [ParNew: 46239K->3046K(47936K), 0.0352796 secs] 70632K->27531K(154432K), 0.0375264 secs] [Times: user=0.02 sys=0.00, real=0.03 secs] 
Heap after GC invocations=60 (full 2):
 par new generation   total 47936K, used 3046K [0x0000000724400000, 0x0000000727800000, 0x00000007390c0000)
  eden space 42624K,   0% used [0x0000000724400000, 0x0000000724400000, 0x0000000726da0000)
  from space 5312K,  57% used [0x0000000726da0000, 0x0000000727099bb0, 0x00000007272d0000)
  to   space 5312K,   0% used [0x00000007272d0000, 0x00000007272d0000, 0x0000000727800000)
 concurrent mark-sweep generation total 106496K, used 24484K [0x00000007390c0000, 0x000000073f8c0000, 0x00000007c0000000)
 Metaspace       used 61746K, capacity 64438K, committed 64784K, reserved 1105920K
  class space    used 8117K, capacity 8627K, committed 8724K, reserved 1048576K
}
2021-12-27T09:19:54.147+0800: 100.179: Application time: 0.6681863 seconds
2021-12-27T09:19:54.147+0800: 100.179: Application time: 0.0002712 seconds
{Heap before GC invocations=60 (full 2):
 par new generation   total 47936K, used 45670K [0x0000000724400000, 0x0000000727800000, 0x00000007390c0000)
  eden space 42624K, 100% used [0x0000000724400000, 0x0000000726da0000, 0x0000000726da0000)
  from space 5312K,  57% used [0x0000000726da0000, 0x0000000727099bb0, 0x00000007272d0000)
  to   space 5312K,   0% used [0x00000007272d0000, 0x00000007272d0000, 0x0000000727800000)
 concurrent mark-sweep generation total 106496K, used 24484K [0x00000007390c0000, 0x000000073f8c0000, 0x00000007c0000000)
 Metaspace       used 62047K, capacity 64706K, committed 65040K, reserved 1105920K
  class space    used 8143K, capacity 8629K, committed 8724K, reserved 1048576K
2021-12-27T09:19:54.148+0800: 100.180: [GC (Allocation Failure) 2021-12-27T09:19:54.148+0800: 100.180: [ParNew: 45670K->3359K(47936K), 0.0374406 secs] 70155K->27892K(154432K), 0.0385840 secs] [Times: user=0.01 sys=0.00, real=0.04 secs] 
Heap after GC invocations=61 (full 2):
 par new generation   total 47936K, used 3359K [0x0000000724400000, 0x0000000727800000, 0x00000007390c0000)
  eden space 42624K,   0% used [0x0000000724400000, 0x0000000724400000, 0x0000000726da0000)
  from space 5312K,  63% used [0x00000007272d0000, 0x0000000727617ea8, 0x0000000727800000)
  to   space 5312K,   0% used [0x0000000726da0000, 0x0000000726da0000, 0x00000007272d0000)
 concurrent mark-sweep generation total 106496K, used 24533K [0x00000007390c0000, 0x000000073f8c0000, 0x00000007c0000000)
 Metaspace       used 62047K, capacity 64706K, committed 65040K, reserved 1105920K
  class space    used 8143K, capacity 8629K, committed 8724K, reserved 1048576K
}
2021-12-27T09:19:54.734+0800: 100.766: Application time: 0.5468258 seconds
2021-12-27T09:19:55.393+0800: 101.425: Application time: 0.6587239 seconds
{Heap before GC invocations=61 (full 2):
 par new generation   total 47936K, used 45983K [0x0000000724400000, 0x0000000727800000, 0x00000007390c0000)
  eden space 42624K, 100% used [0x0000000724400000, 0x0000000726da0000, 0x0000000726da0000)
  from space 5312K,  63% used [0x00000007272d0000, 0x0000000727617ea8, 0x0000000727800000)
  to   space 5312K,   0% used [0x0000000726da0000, 0x0000000726da0000, 0x00000007272d0000)
 concurrent mark-sweep generation total 106496K, used 24533K [0x00000007390c0000, 0x000000073f8c0000, 0x00000007c0000000)
 Metaspace       used 63090K, capacity 65778K, committed 65936K, reserved 1105920K
  class space    used 8270K, capacity 8769K, committed 8852K, reserved 1048576K
2021-12-27T09:19:55.394+0800: 101.426: [GC (Allocation Failure) 2021-12-27T09:19:55.395+0800: 101.427: [ParNew: 45983K->4109K(47936K), 0.0399643 secs] 70516K->28812K(154432K), 0.0409382 secs] [Times: user=0.02 sys=0.00, real=0.04 secs] 
Heap after GC invocations=62 (full 2):
 par new generation   total 47936K, used 4109K [0x0000000724400000, 0x0000000727800000, 0x00000007390c0000)
  eden space 42624K,   0% used [0x0000000724400000, 0x0000000724400000, 0x0000000726da0000)
  from space 5312K,  77% used [0x0000000726da0000, 0x00000007271a37f0, 0x00000007272d0000)
  to   space 5312K,   0% used [0x00000007272d0000, 0x00000007272d0000, 0x0000000727800000)
 concurrent mark-sweep generation total 106496K, used 24702K [0x00000007390c0000, 0x000000073f8c0000, 0x00000007c0000000)
 Metaspace       used 63090K, capacity 65778K, committed 65936K, reserved 1105920K
  class space    used 8270K, capacity 8769K, committed 8852K, reserved 1048576K
}
2021-12-27T09:19:55.646+0800: 101.678: Application time: 0.2102473 seconds
2021-12-27T09:19:55.899+0800: 101.931: Application time: 0.2505502 seconds
2021-12-27T09:19:56.317+0800: 102.349: Application time: 0.4177571 seconds
{Heap before GC invocations=62 (full 2):
 par new generation   total 47936K, used 46733K [0x0000000724400000, 0x0000000727800000, 0x00000007390c0000)
  eden space 42624K, 100% used [0x0000000724400000, 0x0000000726da0000, 0x0000000726da0000)
  from space 5312K,  77% used [0x0000000726da0000, 0x00000007271a37f0, 0x00000007272d0000)
  to   space 5312K,   0% used [0x00000007272d0000, 0x00000007272d0000, 0x0000000727800000)
 concurrent mark-sweep generation total 106496K, used 24702K [0x00000007390c0000, 0x000000073f8c0000, 0x00000007c0000000)
 Metaspace       used 63955K, capacity 66680K, committed 66892K, reserved 1107968K
  class space    used 8383K, capacity 8874K, committed 8980K, reserved 1048576K
2021-12-27T09:19:56.319+0800: 102.351: [GC (Allocation Failure) 2021-12-27T09:19:56.320+0800: 102.352: [ParNew: 46733K->5218K(47936K), 0.0594195 secs] 71436K->30241K(154432K), 0.0606891 secs] [Times: user=0.02 sys=0.00, real=0.06 secs] 
Heap after GC invocations=63 (full 2):
 par new generation   total 47936K, used 5218K [0x0000000724400000, 0x0000000727800000, 0x00000007390c0000)
  eden space 42624K,   0% used [0x0000000724400000, 0x0000000724400000, 0x0000000726da0000)
  from space 5312K,  98% used [0x00000007272d0000, 0x00000007277e8ac0, 0x0000000727800000)
  to   space 5312K,   0% used [0x0000000726da0000, 0x0000000726da0000, 0x00000007272d0000)
 concurrent mark-sweep generation total 106496K, used 25023K [0x00000007390c0000, 0x000000073f8c0000, 0x00000007c0000000)
 Metaspace       used 63955K, capacity 66680K, committed 66892K, reserved 1107968K
  class space    used 8383K, capacity 8874K, committed 8980K, reserved 1048576K
}
2021-12-27T09:19:56.383+0800: 102.415: Application time: 0.0025939 seconds
2021-12-27T09:19:56.403+0800: 102.435: [GC (CMS Initial Mark) [1 CMS-initial-mark: 25023K(106496K)] 31092K(154432K), 0.0087222 secs] [Times: user=0.01 sys=0.00, real=0.01 secs] 
2021-12-27T09:19:56.415+0800: 102.447: [CMS-concurrent-mark-start]
2021-12-27T09:19:56.553+0800: 102.585: Application time: 0.1404805 seconds
2021-12-27T09:19:56.766+0800: 102.798: [CMS-concurrent-mark: 0.350/0.351 secs] [Times: user=0.11 sys=0.01, real=0.35 secs] 
2021-12-27T09:19:56.771+0800: 102.803: [CMS-concurrent-preclean-start]
2021-12-27T09:19:56.796+0800: 102.828: [CMS-concurrent-preclean: 0.025/0.025 secs] [Times: user=0.00 sys=0.00, real=0.02 secs] 
2021-12-27T09:19:56.814+0800: 102.846: [CMS-concurrent-abortable-preclean-start]
2021-12-27T09:19:56.848+0800: 102.880: Application time: 0.2943419 seconds
2021-12-27T09:19:57.253+0800: 103.285: Application time: 0.4048065 seconds
2021-12-27T09:19:57.583+0800: 103.615: Application time: 0.3296608 seconds
2021-12-27T09:19:57.774+0800: 103.806: Application time: 0.1872995 seconds
2021-12-27T09:19:58.147+0800: 104.179: Application time: 0.3728353 seconds
2021-12-27T09:19:58.528+0800: 104.560: Application time: 0.3798436 seconds
2021-12-27T09:19:58.673+0800: 104.705: Application time: 0.1440551 seconds
2021-12-27T09:19:58.761+0800: 104.793: Application time: 0.0882047 seconds
{Heap before GC invocations=63 (full 3):
 par new generation   total 47936K, used 47842K [0x0000000724400000, 0x0000000727800000, 0x00000007390c0000)
  eden space 42624K, 100% used [0x0000000724400000, 0x0000000726da0000, 0x0000000726da0000)
  from space 5312K,  98% used [0x00000007272d0000, 0x00000007277e8ac0, 0x0000000727800000)
  to   space 5312K,   0% used [0x0000000726da0000, 0x0000000726da0000, 0x00000007272d0000)
 concurrent mark-sweep generation total 106496K, used 25023K [0x00000007390c0000, 0x000000073f8c0000, 0x00000007c0000000)
 Metaspace       used 65771K, capacity 68893K, committed 69140K, reserved 1110016K
  class space    used 8634K, capacity 9166K, committed 9184K, reserved 1048576K
2021-12-27T09:19:58.762+0800: 104.794: [GC (Allocation Failure) 2021-12-27T09:19:58.763+0800: 104.795: [ParNew: 47842K->4373K(47936K), 0.0919833 secs] 72865K->30400K(154432K), 0.0932977 secs] [Times: user=0.03 sys=0.00, real=0.10 secs] 
Heap after GC invocations=64 (full 3):
 par new generation   total 47936K, used 4373K [0x0000000724400000, 0x0000000727800000, 0x00000007390c0000)
  eden space 42624K,   0% used [0x0000000724400000, 0x0000000724400000, 0x0000000726da0000)
  from space 5312K,  82% used [0x0000000726da0000, 0x00000007271e5638, 0x00000007272d0000)
  to   space 5312K,   0% used [0x00000007272d0000, 0x00000007272d0000, 0x0000000727800000)
 concurrent mark-sweep generation total 106496K, used 26027K [0x00000007390c0000, 0x000000073f8c0000, 0x00000007c0000000)
 Metaspace       used 65771K, capacity 68893K, committed 69140K, reserved 1110016K
  class space    used 8634K, capacity 9166K, committed 9184K, reserved 1048576K
}
2021-12-27T09:19:59.163+0800: 105.195: Application time: 0.2964249 seconds
2021-12-27T09:19:59.542+0800: 105.574: Application time: 0.3790616 seconds
2021-12-27T09:19:59.825+0800: 105.857: Application time: 0.2828411 seconds
2021-12-27T09:20:00.031+0800: 106.063: [CMS-concurrent-abortable-preclean: 2.930/3.216 secs] [Times: user=0.93 sys=0.04, real=3.22 secs] 
2021-12-27T09:20:00.049+0800: 106.081: Application time: 0.2239354 seconds
2021-12-27T09:20:00.060+0800: 106.092: [GC (CMS Final Remark) [YG occupancy: 29059 K (47936 K)]2021-12-27T09:20:00.061+0800: 106.093: [Rescan (parallel) , 0.0619954 secs]2021-12-27T09:20:00.123+0800: 106.155: [weak refs processing, 0.0007150 secs]2021-12-27T09:20:00.124+0800: 106.156: [class unloading, 0.0777044 secs]2021-12-27T09:20:00.211+0800: 106.243: [scrub symbol table, 0.0733446 secs]2021-12-27T09:20:00.289+0800: 106.321: [scrub string table, 0.0012301 secs][1 CMS-remark: 26027K(106496K)] 55086K(154432K), 0.2314143 secs] [Times: user=0.04 sys=0.00, real=0.23 secs] 
2021-12-27T09:20:00.352+0800: 106.384: [CMS-concurrent-sweep-start]
2021-12-27T09:20:00.419+0800: 106.451: [CMS-concurrent-sweep: 0.067/0.067 secs] [Times: user=0.02 sys=0.00, real=0.07 secs] 
2021-12-27T09:20:00.428+0800: 106.460: [CMS-concurrent-reset-start]
2021-12-27T09:20:00.449+0800: 106.481: [CMS-concurrent-reset: 0.021/0.021 secs] [Times: user=0.01 sys=0.00, real=0.02 secs] 
2021-12-27T09:20:00.871+0800: 106.903: Application time: 0.5770381 seconds
2021-12-27T09:20:01.160+0800: 107.192: Application time: 0.2885288 seconds
{Heap before GC invocations=64 (full 3):
 par new generation   total 47936K, used 46997K [0x0000000724400000, 0x0000000727800000, 0x00000007390c0000)
  eden space 42624K, 100% used [0x0000000724400000, 0x0000000726da0000, 0x0000000726da0000)
  from space 5312K,  82% used [0x0000000726da0000, 0x00000007271e5638, 0x00000007272d0000)
  to   space 5312K,   0% used [0x00000007272d0000, 0x00000007272d0000, 0x0000000727800000)
 concurrent mark-sweep generation total 106496K, used 23375K [0x00000007390c0000, 0x000000073f8c0000, 0x00000007c0000000)
 Metaspace       used 67310K, capacity 70447K, committed 70776K, reserved 1110016K
  class space    used 8906K, capacity 9433K, committed 9464K, reserved 1048576K
2021-12-27T09:20:01.160+0800: 107.192: [GC (Allocation Failure) 2021-12-27T09:20:01.160+0800: 107.192: [ParNew: 46997K->5015K(47936K), 0.0981537 secs] 70372K->29463K(154432K), 0.1034459 secs] [Times: user=0.03 sys=0.01, real=0.10 secs] 
Heap after GC invocations=65 (full 3):
 par new generation   total 47936K, used 5015K [0x0000000724400000, 0x0000000727800000, 0x00000007390c0000)
  eden space 42624K,   0% used [0x0000000724400000, 0x0000000724400000, 0x0000000726da0000)
  from space 5312K,  94% used [0x00000007272d0000, 0x00000007277b5db8, 0x0000000727800000)
  to   space 5312K,   0% used [0x0000000726da0000, 0x0000000726da0000, 0x00000007272d0000)
 concurrent mark-sweep generation total 106496K, used 24447K [0x00000007390c0000, 0x000000073f8c0000, 0x00000007c0000000)
 Metaspace       used 67310K, capacity 70447K, committed 70776K, reserved 1110016K
  class space    used 8906K, capacity 9433K, committed 9464K, reserved 1048576K
}
2021-12-27T09:20:01.536+0800: 107.568: Application time: 0.2715650 seconds
2021-12-27T09:20:01.581+0800: 107.613: Application time: 0.0453350 seconds
2021-12-27T09:20:02.046+0800: 108.078: Application time: 0.4638621 seconds
2021-12-27T09:20:03.047+0800: 109.079: Application time: 1.0006429 seconds
2021-12-27T09:20:03.616+0800: 109.649: Application time: 0.5670676 seconds
2021-12-27T09:20:03.836+0800: 109.868: Application time: 0.2183310 seconds
{Heap before GC invocations=65 (full 3):
 par new generation   total 47936K, used 47639K [0x0000000724400000, 0x0000000727800000, 0x00000007390c0000)
  eden space 42624K, 100% used [0x0000000724400000, 0x0000000726da0000, 0x0000000726da0000)
  from space 5312K,  94% used [0x00000007272d0000, 0x00000007277b5db8, 0x0000000727800000)
  to   space 5312K,   0% used [0x0000000726da0000, 0x0000000726da0000, 0x00000007272d0000)
 concurrent mark-sweep generation total 106496K, used 24447K [0x00000007390c0000, 0x000000073f8c0000, 0x00000007c0000000)
 Metaspace       used 69214K, capacity 72489K, committed 72692K, reserved 1112064K
  class space    used 9121K, capacity 9716K, committed 9720K, reserved 1048576K
2021-12-27T09:20:03.836+0800: 109.868: [GC (Allocation Failure) 2021-12-27T09:20:03.837+0800: 109.868: [ParNew: 47639K->4751K(47936K), 0.0708777 secs] 72087K->30158K(154432K), 0.0792922 secs] [Times: user=0.02 sys=0.00, real=0.08 secs] 
Heap after GC invocations=66 (full 3):
 par new generation   total 47936K, used 4751K [0x0000000724400000, 0x0000000727800000, 0x00000007390c0000)
  eden space 42624K,   0% used [0x0000000724400000, 0x0000000724400000, 0x0000000726da0000)
  from space 5312K,  89% used [0x0000000726da0000, 0x0000000727243d80, 0x00000007272d0000)
  to   space 5312K,   0% used [0x00000007272d0000, 0x00000007272d0000, 0x0000000727800000)
 concurrent mark-sweep generation total 106496K, used 25407K [0x00000007390c0000, 0x000000073f8c0000, 0x00000007c0000000)
 Metaspace       used 69214K, capacity 72489K, committed 72692K, reserved 1112064K
  class space    used 9121K, capacity 9716K, committed 9720K, reserved 1048576K
}
2021-12-27T09:20:04.323+0800: 110.355: Application time: 0.4063495 seconds
2021-12-27T09:20:04.607+0800: 110.639: Application time: 0.2841920 seconds
2021-12-27T09:20:05.608+0800: 111.640: Application time: 1.0001856 seconds
2021-12-27T09:20:06.469+0800: 112.501: Application time: 0.8474481 seconds
2021-12-27T09:20:06.491+0800: 112.526: Application time: 0.0226382 seconds
2021-12-27T09:20:06.570+0800: 112.602: Application time: 0.0755545 seconds
2021-12-27T09:20:06.696+0800: 112.728: Application time: 0.1259321 seconds
{Heap before GC invocations=66 (full 3):
 par new generation   total 47936K, used 47375K [0x0000000724400000, 0x0000000727800000, 0x00000007390c0000)
  eden space 42624K, 100% used [0x0000000724400000, 0x0000000726da0000, 0x0000000726da0000)
  from space 5312K,  89% used [0x0000000726da0000, 0x0000000727243d80, 0x00000007272d0000)
  to   space 5312K,   0% used [0x00000007272d0000, 0x00000007272d0000, 0x0000000727800000)
 concurrent mark-sweep generation total 106496K, used 25407K [0x00000007390c0000, 0x000000073f8c0000, 0x00000007c0000000)
 Metaspace       used 70348K, capacity 73947K, committed 74228K, reserved 1114112K
  class space    used 9315K, capacity 9939K, committed 9976K, reserved 1048576K
2021-12-27T09:20:06.696+0800: 112.728: [GC (Allocation Failure) 2021-12-27T09:20:06.697+0800: 112.729: [ParNew: 47375K->5015K(47936K), 0.0685417 secs] 72782K->31073K(154432K), 0.0700903 secs] [Times: user=0.02 sys=0.00, real=0.07 secs] 
Heap after GC invocations=67 (full 3):
 par new generation   total 47936K, used 5015K [0x0000000724400000, 0x0000000727800000, 0x00000007390c0000)
  eden space 42624K,   0% used [0x0000000724400000, 0x0000000724400000, 0x0000000726da0000)
  from space 5312K,  94% used [0x00000007272d0000, 0x00000007277b5fc8, 0x0000000727800000)
  to   space 5312K,   0% used [0x0000000726da0000, 0x0000000726da0000, 0x00000007272d0000)
 concurrent mark-sweep generation total 106496K, used 26057K [0x00000007390c0000, 0x000000073f8c0000, 0x00000007c0000000)
 Metaspace       used 70348K, capacity 73947K, committed 74228K, reserved 1114112K
  class space    used 9315K, capacity 9939K, committed 9976K, reserved 1048576K
}
2021-12-27T09:20:06.768+0800: 112.800: Application time: 0.0005210 seconds
2021-12-27T09:20:06.768+0800: 112.800: Application time: 0.0003193 seconds
2021-12-27T09:20:06.908+0800: 112.940: Application time: 0.1397967 seconds
2021-12-27T09:20:07.054+0800: 113.109: Application time: 0.1686951 seconds
2021-12-27T09:20:07.899+0800: 113.957: Application time: 0.8472669 seconds
2021-12-27T09:20:08.586+0800: 114.641: Application time: 0.6841242 seconds
{Heap before GC invocations=67 (full 3):
 par new generation   total 47936K, used 47639K [0x0000000724400000, 0x0000000727800000, 0x00000007390c0000)
  eden space 42624K, 100% used [0x0000000724400000, 0x0000000726da0000, 0x0000000726da0000)
  from space 5312K,  94% used [0x00000007272d0000, 0x00000007277b5fc8, 0x0000000727800000)
  to   space 5312K,   0% used [0x0000000726da0000, 0x0000000726da0000, 0x00000007272d0000)
 concurrent mark-sweep generation total 106496K, used 26057K [0x00000007390c0000, 0x000000073f8c0000, 0x00000007c0000000)
 Metaspace       used 71286K, capacity 74923K, committed 75124K, reserved 1114112K
  class space    used 9436K, capacity 10071K, committed 10104K, reserved 1048576K
2021-12-27T09:20:08.587+0800: 114.643: [GC (Allocation Failure) 2021-12-27T09:20:08.589+0800: 114.644: [ParNew: 47639K->5077K(47936K), 0.1035686 secs] 73697K->32775K(154432K), 0.1061799 secs] [Times: user=0.03 sys=0.00, real=0.10 secs] 
Heap after GC invocations=68 (full 3):
 par new generation   total 47936K, used 5077K [0x0000000724400000, 0x0000000727800000, 0x00000007390c0000)
  eden space 42624K,   0% used [0x0000000724400000, 0x0000000724400000, 0x0000000726da0000)
  from space 5312K,  95% used [0x0000000726da0000, 0x00000007272955b8, 0x00000007272d0000)
  to   space 5312K,   0% used [0x00000007272d0000, 0x00000007272d0000, 0x0000000727800000)
 concurrent mark-sweep generation total 106496K, used 27697K [0x00000007390c0000, 0x000000073f8c0000, 0x00000007c0000000)
 Metaspace       used 71286K, capacity 74923K, committed 75124K, reserved 1114112K
  class space    used 9436K, capacity 10071K, committed 10104K, reserved 1048576K
}
2021-12-27T09:20:08.699+0800: 114.754: Application time: 0.0045730 seconds
2021-12-27T09:20:08.699+0800: 114.754: Application time: 0.0001423 seconds
2021-12-27T09:20:08.895+0800: 114.950: Application time: 0.1953131 seconds
2021-12-27T09:20:09.895+0800: 115.951: Application time: 1.0001897 seconds
2021-12-27T09:20:10.414+0800: 116.470: Application time: 0.4989872 seconds
{Heap before GC invocations=68 (full 3):
 par new generation   total 47936K, used 47701K [0x0000000724400000, 0x0000000727800000, 0x00000007390c0000)
  eden space 42624K, 100% used [0x0000000724400000, 0x0000000726da0000, 0x0000000726da0000)
  from space 5312K,  95% used [0x0000000726da0000, 0x00000007272955b8, 0x00000007272d0000)
  to   space 5312K,   0% used [0x00000007272d0000, 0x00000007272d0000, 0x0000000727800000)
 concurrent mark-sweep generation total 106496K, used 27697K [0x00000007390c0000, 0x000000073f8c0000, 0x00000007c0000000)
 Metaspace       used 71971K, capacity 75695K, committed 76020K, reserved 1116160K
  class space    used 9489K, capacity 10155K, committed 10232K, reserved 1048576K
2021-12-27T09:20:10.415+0800: 116.470: [GC (Allocation Failure) 2021-12-27T09:20:10.416+0800: 116.471: [ParNew: 47701K->4454K(47936K), 0.0726245 secs] 75399K->33688K(154432K), 0.0736866 secs] [Times: user=0.02 sys=0.00, real=0.07 secs] 
Heap after GC invocations=69 (full 3):
 par new generation   total 47936K, used 4454K [0x0000000724400000, 0x0000000727800000, 0x00000007390c0000)
  eden space 42624K,   0% used [0x0000000724400000, 0x0000000724400000, 0x0000000726da0000)
  from space 5312K,  83% used [0x00000007272d0000, 0x00000007277299e8, 0x0000000727800000)
  to   space 5312K,   0% used [0x0000000726da0000, 0x0000000726da0000, 0x00000007272d0000)
 concurrent mark-sweep generation total 106496K, used 29234K [0x00000007390c0000, 0x000000073f8c0000, 0x00000007c0000000)
 Metaspace       used 71971K, capacity 75695K, committed 76020K, reserved 1116160K
  class space    used 9489K, capacity 10155K, committed 10232K, reserved 1048576K
}
2021-12-27T09:20:11.494+0800: 117.549: Application time: 1.0038047 seconds
2021-12-27T09:20:12.007+0800: 118.062: Application time: 0.5104333 seconds
{Heap before GC invocations=69 (full 3):
 par new generation   total 47936K, used 47078K [0x0000000724400000, 0x0000000727800000, 0x00000007390c0000)
  eden space 42624K, 100% used [0x0000000724400000, 0x0000000726da0000, 0x0000000726da0000)
  from space 5312K,  83% used [0x00000007272d0000, 0x00000007277299e8, 0x0000000727800000)
  to   space 5312K,   0% used [0x0000000726da0000, 0x0000000726da0000, 0x00000007272d0000)
 concurrent mark-sweep generation total 106496K, used 29234K [0x00000007390c0000, 0x000000073f8c0000, 0x00000007c0000000)
 Metaspace       used 72522K, capacity 76375K, committed 76532K, reserved 1116160K
  class space    used 9524K, capacity 10181K, committed 10232K, reserved 1048576K
2021-12-27T09:20:12.007+0800: 118.063: [GC (Allocation Failure) 2021-12-27T09:20:12.008+0800: 118.063: [ParNew: 47078K->4598K(47936K), 0.0780887 secs] 76312K->35383K(154432K), 0.0791437 secs] [Times: user=0.02 sys=0.00, real=0.08 secs] 
Heap after GC invocations=70 (full 3):
 par new generation   total 47936K, used 4598K [0x0000000724400000, 0x0000000727800000, 0x00000007390c0000)
  eden space 42624K,   0% used [0x0000000724400000, 0x0000000724400000, 0x0000000726da0000)
  from space 5312K,  86% used [0x0000000726da0000, 0x000000072721dab8, 0x00000007272d0000)
  to   space 5312K,   0% used [0x00000007272d0000, 0x00000007272d0000, 0x0000000727800000)
 concurrent mark-sweep generation total 106496K, used 30785K [0x00000007390c0000, 0x000000073f8c0000, 0x00000007c0000000)
 Metaspace       used 72522K, capacity 76375K, committed 76532K, reserved 1116160K
  class space    used 9524K, capacity 10181K, committed 10232K, reserved 1048576K
}
2021-12-27T09:20:13.093+0800: 119.148: Application time: 1.0056614 seconds
2021-12-27T09:20:13.523+0800: 119.578: Application time: 0.4171635 seconds
{Heap before GC invocations=70 (full 3):
 par new generation   total 47936K, used 47222K [0x0000000724400000, 0x0000000727800000, 0x00000007390c0000)
  eden space 42624K, 100% used [0x0000000724400000, 0x0000000726da0000, 0x0000000726da0000)
  from space 5312K,  86% used [0x0000000726da0000, 0x000000072721dab8, 0x00000007272d0000)
  to   space 5312K,   0% used [0x00000007272d0000, 0x00000007272d0000, 0x0000000727800000)
 concurrent mark-sweep generation total 106496K, used 30785K [0x00000007390c0000, 0x000000073f8c0000, 0x00000007c0000000)
 Metaspace       used 72955K, capacity 76785K, committed 77044K, reserved 1116160K
  class space    used 9550K, capacity 10222K, committed 10232K, reserved 1048576K
2021-12-27T09:20:13.527+0800: 119.582: [GC (Allocation Failure) 2021-12-27T09:20:13.528+0800: 119.583: [ParNew: 47222K->4030K(47936K), 0.0822718 secs] 78007K->35986K(154432K), 0.0834839 secs] [Times: user=0.03 sys=0.00, real=0.08 secs] 
Heap after GC invocations=71 (full 3):
 par new generation   total 47936K, used 4030K [0x0000000724400000, 0x0000000727800000, 0x00000007390c0000)
  eden space 42624K,   0% used [0x0000000724400000, 0x0000000724400000, 0x0000000726da0000)
  from space 5312K,  75% used [0x00000007272d0000, 0x00000007276bf888, 0x0000000727800000)
  to   space 5312K,   0% used [0x0000000726da0000, 0x0000000726da0000, 0x00000007272d0000)
 concurrent mark-sweep generation total 106496K, used 31956K [0x00000007390c0000, 0x000000073f8c0000, 0x00000007c0000000)
 Metaspace       used 72955K, capacity 76785K, committed 77044K, reserved 1116160K
  class space    used 9550K, capacity 10222K, committed 10232K, reserved 1048576K
}
2021-12-27T09:20:14.365+0800: 120.420: Application time: 0.7536138 seconds
{Heap before GC invocations=71 (full 3):
 par new generation   total 47936K, used 46654K [0x0000000724400000, 0x0000000727800000, 0x00000007390c0000)
  eden space 42624K, 100% used [0x0000000724400000, 0x0000000726da0000, 0x0000000726da0000)
  from space 5312K,  75% used [0x00000007272d0000, 0x00000007276bf888, 0x0000000727800000)
  to   space 5312K,   0% used [0x0000000726da0000, 0x0000000726da0000, 0x00000007272d0000)
 concurrent mark-sweep generation total 106496K, used 31956K [0x00000007390c0000, 0x000000073f8c0000, 0x00000007c0000000)
 Metaspace       used 73059K, capacity 76955K, committed 77044K, reserved 1116160K
  class space    used 9566K, capacity 10229K, committed 10232K, reserved 1048576K
2021-12-27T09:20:14.366+0800: 120.421: [GC (Allocation Failure) 2021-12-27T09:20:14.366+0800: 120.421: [ParNew: 46654K->5312K(47936K), 0.1144951 secs] 78610K->38948K(154432K), 0.1201866 secs] [Times: user=0.04 sys=0.00, real=0.12 secs] 
Heap after GC invocations=72 (full 3):
 par new generation   total 47936K, used 5312K [0x0000000724400000, 0x0000000727800000, 0x00000007390c0000)
  eden space 42624K,   0% used [0x0000000724400000, 0x0000000724400000, 0x0000000726da0000)
  from space 5312K, 100% used [0x0000000726da0000, 0x00000007272d0000, 0x00000007272d0000)
  to   space 5312K,   0% used [0x00000007272d0000, 0x00000007272d0000, 0x0000000727800000)
 concurrent mark-sweep generation total 106496K, used 33636K [0x00000007390c0000, 0x000000073f8c0000, 0x00000007c0000000)
 Metaspace       used 73059K, capacity 76955K, committed 77044K, reserved 1116160K
  class space    used 9566K, capacity 10229K, committed 10232K, reserved 1048576K
}
2021-12-27T09:20:15.489+0800: 121.544: Application time: 1.0001810 seconds
2021-12-27T09:20:15.737+0800: 121.792: Application time: 0.2424561 seconds
{Heap before GC invocations=72 (full 3):
 par new generation   total 47936K, used 47936K [0x0000000724400000, 0x0000000727800000, 0x00000007390c0000)
  eden space 42624K, 100% used [0x0000000724400000, 0x0000000726da0000, 0x0000000726da0000)
  from space 5312K, 100% used [0x0000000726da0000, 0x00000007272d0000, 0x00000007272d0000)
  to   space 5312K,   0% used [0x00000007272d0000, 0x00000007272d0000, 0x0000000727800000)
 concurrent mark-sweep generation total 106496K, used 33636K [0x00000007390c0000, 0x000000073f8c0000, 0x00000007c0000000)
 Metaspace       used 73559K, capacity 77421K, committed 77684K, reserved 1116160K
  class space    used 9633K, capacity 10308K, committed 10360K, reserved 1048576K
2021-12-27T09:20:15.738+0800: 121.793: [GC (Allocation Failure) 2021-12-27T09:20:15.739+0800: 121.794: [ParNew: 47936K->3694K(47936K), 0.0890322 secs] 81572K->38834K(154432K), 0.0909054 secs] [Times: user=0.04 sys=0.00, real=0.09 secs] 
Heap after GC invocations=73 (full 3):
 par new generation   total 47936K, used 3694K [0x0000000724400000, 0x0000000727800000, 0x00000007390c0000)
  eden space 42624K,   0% used [0x0000000724400000, 0x0000000724400000, 0x0000000726da0000)
  from space 5312K,  69% used [0x00000007272d0000, 0x000000072766b8e0, 0x0000000727800000)
  to   space 5312K,   0% used [0x0000000726da0000, 0x0000000726da0000, 0x00000007272d0000)
 concurrent mark-sweep generation total 106496K, used 35140K [0x00000007390c0000, 0x000000073f8c0000, 0x00000007c0000000)
 Metaspace       used 73559K, capacity 77421K, committed 77684K, reserved 1116160K
  class space    used 9633K, capacity 10308K, committed 10360K, reserved 1048576K
}
2021-12-27T09:20:16.734+0800: 122.789: Application time: 0.9041610 seconds
2021-12-27T09:20:16.743+0800: 122.798: Application time: 0.0086723 seconds
2021-12-27T09:20:16.744+0800: 122.799: Application time: 0.0011497 seconds
2021-12-27T09:20:17.091+0800: 123.146: Application time: 0.3467593 seconds
2021-12-27T09:20:17.234+0800: 123.290: Application time: 0.1434223 seconds
2021-12-27T09:20:17.247+0800: 123.302: Application time: 0.0004601 seconds
2021-12-27T09:20:17.249+0800: 123.304: Application time: 0.0015762 seconds
2021-12-27T09:20:17.255+0800: 123.310: Application time: 0.0024342 seconds
2021-12-27T09:20:17.383+0800: 123.438: Application time: 0.1252564 seconds
{Heap before GC invocations=73 (full 3):
 par new generation   total 47936K, used 46318K [0x0000000724400000, 0x0000000727800000, 0x00000007390c0000)
  eden space 42624K, 100% used [0x0000000724400000, 0x0000000726da0000, 0x0000000726da0000)
  from space 5312K,  69% used [0x00000007272d0000, 0x000000072766b8e0, 0x0000000727800000)
  to   space 5312K,   0% used [0x0000000726da0000, 0x0000000726da0000, 0x00000007272d0000)
 concurrent mark-sweep generation total 106496K, used 35140K [0x00000007390c0000, 0x000000073f8c0000, 0x00000007c0000000)
 Metaspace       used 74455K, capacity 78439K, committed 78580K, reserved 1118208K
  class space    used 9736K, capacity 10431K, committed 10488K, reserved 1048576K
2021-12-27T09:20:17.384+0800: 123.439: [GC (Allocation Failure) 2021-12-27T09:20:17.384+0800: 123.439: [ParNew: 46318K->4724K(47936K), 0.0811807 secs] 81458K->39864K(154432K), 0.0824890 secs] [Times: user=0.02 sys=0.00, real=0.09 secs] 
Heap after GC invocations=74 (full 3):
 par new generation   total 47936K, used 4724K [0x0000000724400000, 0x0000000727800000, 0x00000007390c0000)
  eden space 42624K,   0% used [0x0000000724400000, 0x0000000724400000, 0x0000000726da0000)
  from space 5312K,  88% used [0x0000000726da0000, 0x000000072723d2e8, 0x00000007272d0000)
  to   space 5312K,   0% used [0x00000007272d0000, 0x00000007272d0000, 0x0000000727800000)
 concurrent mark-sweep generation total 106496K, used 35140K [0x00000007390c0000, 0x000000073f8c0000, 0x00000007c0000000)
 Metaspace       used 74455K, capacity 78439K, committed 78580K, reserved 1118208K
  class space    used 9736K, capacity 10431K, committed 10488K, reserved 1048576K
}
2021-12-27T09:20:18.467+0800: 124.522: Application time: 1.0002933 seconds
2021-12-27T09:20:18.756+0800: 124.811: Application time: 0.2845381 seconds
{Heap before GC invocations=74 (full 3):
 par new generation   total 47936K, used 47348K [0x0000000724400000, 0x0000000727800000, 0x00000007390c0000)
  eden space 42624K, 100% used [0x0000000724400000, 0x0000000726da0000, 0x0000000726da0000)
  from space 5312K,  88% used [0x0000000726da0000, 0x000000072723d2e8, 0x00000007272d0000)
  to   space 5312K,   0% used [0x00000007272d0000, 0x00000007272d0000, 0x0000000727800000)
 concurrent mark-sweep generation total 106496K, used 35140K [0x00000007390c0000, 0x000000073f8c0000, 0x00000007c0000000)
 Metaspace       used 75379K, capacity 79445K, committed 79732K, reserved 1118208K
  class space    used 9881K, capacity 10584K, committed 10616K, reserved 1048576K
2021-12-27T09:20:18.757+0800: 124.812: [GC (Allocation Failure) 2021-12-27T09:20:18.758+0800: 124.813: [ParNew: 47348K->4456K(47936K), 0.0898172 secs] 82488K->41158K(154432K), 0.1106154 secs] [Times: user=0.04 sys=0.00, real=0.11 secs] 
Heap after GC invocations=75 (full 3):
 par new generation   total 47936K, used 4456K [0x0000000724400000, 0x0000000727800000, 0x00000007390c0000)
  eden space 42624K,   0% used [0x0000000724400000, 0x0000000724400000, 0x0000000726da0000)
  from space 5312K,  83% used [0x00000007272d0000, 0x000000072772a0b0, 0x0000000727800000)
  to   space 5312K,   0% used [0x0000000726da0000, 0x0000000726da0000, 0x00000007272d0000)
 concurrent mark-sweep generation total 106496K, used 36702K [0x00000007390c0000, 0x000000073f8c0000, 0x00000007c0000000)
 Metaspace       used 75379K, capacity 79445K, committed 79732K, reserved 1118208K
  class space    used 9881K, capacity 10584K, committed 10616K, reserved 1048576K
}
2021-12-27T09:20:19.745+0800: 125.800: Application time: 0.8754881 seconds
2021-12-27T09:20:19.896+0800: 125.952: Application time: 0.1509375 seconds
2021-12-27T09:20:20.186+0800: 126.241: Application time: 0.2875166 seconds
2021-12-27T09:20:20.237+0800: 126.292: Application time: 0.0506162 seconds
2021-12-27T09:20:20.245+0800: 126.301: Application time: 0.0075805 seconds
2021-12-27T09:20:20.249+0800: 126.304: Application time: 0.0009388 seconds
2021-12-27T09:20:20.281+0800: 126.336: Application time: 0.0256657 seconds
2021-12-27T09:20:20.843+0800: 126.898: Application time: 0.5617998 seconds
{Heap before GC invocations=75 (full 3):
 par new generation   total 47936K, used 47080K [0x0000000724400000, 0x0000000727800000, 0x00000007390c0000)
  eden space 42624K, 100% used [0x0000000724400000, 0x0000000726da0000, 0x0000000726da0000)
  from space 5312K,  83% used [0x00000007272d0000, 0x000000072772a0b0, 0x0000000727800000)
  to   space 5312K,   0% used [0x0000000726da0000, 0x0000000726da0000, 0x00000007272d0000)
 concurrent mark-sweep generation total 106496K, used 36702K [0x00000007390c0000, 0x000000073f8c0000, 0x00000007c0000000)
 Metaspace       used 76630K, capacity 80853K, committed 81012K, reserved 1120256K
  class space    used 10050K, capacity 10780K, committed 10872K, reserved 1048576K
2021-12-27T09:20:20.843+0800: 126.899: [GC (Allocation Failure) 2021-12-27T09:20:20.848+0800: 126.903: [ParNew: 47080K->4460K(47936K), 0.1037698 secs] 83782K->42745K(154432K), 0.1305497 secs] [Times: user=0.04 sys=0.00, real=0.13 secs] 
Heap after GC invocations=76 (full 3):
 par new generation   total 47936K, used 4460K [0x0000000724400000, 0x0000000727800000, 0x00000007390c0000)
  eden space 42624K,   0% used [0x0000000724400000, 0x0000000724400000, 0x0000000726da0000)
  from space 5312K,  83% used [0x0000000726da0000, 0x00000007271fb230, 0x00000007272d0000)
  to   space 5312K,   0% used [0x00000007272d0000, 0x00000007272d0000, 0x0000000727800000)
 concurrent mark-sweep generation total 106496K, used 38284K [0x00000007390c0000, 0x000000073f8c0000, 0x00000007c0000000)
 Metaspace       used 76630K, capacity 80853K, committed 81012K, reserved 1120256K
  class space    used 10050K, capacity 10780K, committed 10872K, reserved 1048576K
}
2021-12-27T09:20:21.387+0800: 127.442: Application time: 0.4119141 seconds
2021-12-27T09:20:22.204+0800: 128.259: Application time: 0.8160653 seconds
{Heap before GC invocations=76 (full 3):
 par new generation   total 47936K, used 47084K [0x0000000724400000, 0x0000000727800000, 0x00000007390c0000)
  eden space 42624K, 100% used [0x0000000724400000, 0x0000000726da0000, 0x0000000726da0000)
  from space 5312K,  83% used [0x0000000726da0000, 0x00000007271fb230, 0x00000007272d0000)
  to   space 5312K,   0% used [0x00000007272d0000, 0x00000007272d0000, 0x0000000727800000)
 concurrent mark-sweep generation total 106496K, used 38284K [0x00000007390c0000, 0x000000073f8c0000, 0x00000007c0000000)
 Metaspace       used 77075K, capacity 81381K, committed 81524K, reserved 1120256K
  class space    used 10110K, capacity 10846K, committed 10872K, reserved 1048576K
2021-12-27T09:20:22.205+0800: 128.260: [GC (Allocation Failure) 2021-12-27T09:20:22.206+0800: 128.261: [ParNew: 47084K->5312K(47936K), 0.1499116 secs] 85369K->45671K(154432K), 0.1564591 secs] [Times: user=0.03 sys=0.00, real=0.16 secs] 
Heap after GC invocations=77 (full 3):
 par new generation   total 47936K, used 5312K [0x0000000724400000, 0x0000000727800000, 0x00000007390c0000)
  eden space 42624K,   0% used [0x0000000724400000, 0x0000000724400000, 0x0000000726da0000)
  from space 5312K, 100% used [0x00000007272d0000, 0x0000000727800000, 0x0000000727800000)
  to   space 5312K,   0% used [0x0000000726da0000, 0x0000000726da0000, 0x00000007272d0000)
 concurrent mark-sweep generation total 106496K, used 40359K [0x00000007390c0000, 0x000000073f8c0000, 0x00000007c0000000)
 Metaspace       used 77075K, capacity 81381K, committed 81524K, reserved 1120256K
  class space    used 10110K, capacity 10846K, committed 10872K, reserved 1048576K
}
2021-12-27T09:20:22.403+0800: 128.458: Application time: 0.0407701 seconds
2021-12-27T09:20:23.406+0800: 129.461: Application time: 1.0022388 seconds
2021-12-27T09:20:24.061+0800: 130.116: Application time: 0.6323762 seconds
{Heap before GC invocations=77 (full 3):
 par new generation   total 47936K, used 47936K [0x0000000724400000, 0x0000000727800000, 0x00000007390c0000)
  eden space 42624K, 100% used [0x0000000724400000, 0x0000000726da0000, 0x0000000726da0000)
  from space 5312K, 100% used [0x00000007272d0000, 0x0000000727800000, 0x0000000727800000)
  to   space 5312K,   0% used [0x0000000726da0000, 0x0000000726da0000, 0x00000007272d0000)
 concurrent mark-sweep generation total 106496K, used 40359K [0x00000007390c0000, 0x000000073f8c0000, 0x00000007c0000000)
 Metaspace       used 77725K, capacity 82297K, committed 82548K, reserved 1120256K
  class space    used 10214K, capacity 11016K, committed 11128K, reserved 1048576K
2021-12-27T09:20:24.067+0800: 130.123: [GC (Allocation Failure) 2021-12-27T09:20:24.068+0800: 130.123: [ParNew: 47936K->4823K(47936K), 0.1032231 secs] 88295K->46816K(154432K), 0.1044940 secs] [Times: user=0.04 sys=0.00, real=0.10 secs] 
Heap after GC invocations=78 (full 3):
 par new generation   total 47936K, used 4823K [0x0000000724400000, 0x0000000727800000, 0x00000007390c0000)
  eden space 42624K,   0% used [0x0000000724400000, 0x0000000724400000, 0x0000000726da0000)
  from space 5312K,  90% used [0x0000000726da0000, 0x0000000727255ed8, 0x00000007272d0000)
  to   space 5312K,   0% used [0x00000007272d0000, 0x00000007272d0000, 0x0000000727800000)
 concurrent mark-sweep generation total 106496K, used 41992K [0x00000007390c0000, 0x000000073f8c0000, 0x00000007c0000000)
 Metaspace       used 77725K, capacity 82297K, committed 82548K, reserved 1120256K
  class space    used 10214K, capacity 11016K, committed 11128K, reserved 1048576K
}
2021-12-27T09:20:24.717+0800: 130.772: Application time: 0.5443139 seconds
2021-12-27T09:20:25.358+0800: 131.413: Application time: 0.6408471 seconds
{Heap before GC invocations=78 (full 3):
 par new generation   total 47936K, used 47447K [0x0000000724400000, 0x0000000727800000, 0x00000007390c0000)
  eden space 42624K, 100% used [0x0000000724400000, 0x0000000726da0000, 0x0000000726da0000)
  from space 5312K,  90% used [0x0000000726da0000, 0x0000000727255ed8, 0x00000007272d0000)
  to   space 5312K,   0% used [0x00000007272d0000, 0x00000007272d0000, 0x0000000727800000)
 concurrent mark-sweep generation total 106496K, used 41992K [0x00000007390c0000, 0x000000073f8c0000, 0x00000007c0000000)
 Metaspace       used 78085K, capacity 82777K, committed 83060K, reserved 1122304K
  class space    used 10259K, capacity 11058K, committed 11128K, reserved 1048576K
2021-12-27T09:20:25.359+0800: 131.414: [GC (Allocation Failure) 2021-12-27T09:20:25.360+0800: 131.415: [ParNew: 47447K->5311K(47936K), 0.0997400 secs] 89440K->48600K(154432K), 0.1012822 secs] [Times: user=0.04 sys=0.00, real=0.10 secs] 
Heap after GC invocations=79 (full 3):
 par new generation   total 47936K, used 5311K [0x0000000724400000, 0x0000000727800000, 0x00000007390c0000)
  eden space 42624K,   0% used [0x0000000724400000, 0x0000000724400000, 0x0000000726da0000)
  from space 5312K,  99% used [0x00000007272d0000, 0x00000007277ffff8, 0x0000000727800000)
  to   space 5312K,   0% used [0x0000000726da0000, 0x0000000726da0000, 0x00000007272d0000)
 concurrent mark-sweep generation total 106496K, used 43288K [0x00000007390c0000, 0x000000073f8c0000, 0x00000007c0000000)
 Metaspace       used 78085K, capacity 82777K, committed 83060K, reserved 1122304K
  class space    used 10259K, capacity 11058K, committed 11128K, reserved 1048576K
}
2021-12-27T09:20:26.461+0800: 132.516: Application time: 1.0001773 seconds
2021-12-27T09:20:26.502+0800: 132.557: Application time: 0.0403137 seconds
{Heap before GC invocations=79 (full 3):
 par new generation   total 47936K, used 47935K [0x0000000724400000, 0x0000000727800000, 0x00000007390c0000)
  eden space 42624K, 100% used [0x0000000724400000, 0x0000000726da0000, 0x0000000726da0000)
  from space 5312K,  99% used [0x00000007272d0000, 0x00000007277ffff8, 0x0000000727800000)
  to   space 5312K,   0% used [0x0000000726da0000, 0x0000000726da0000, 0x00000007272d0000)
 concurrent mark-sweep generation total 106496K, used 43288K [0x00000007390c0000, 0x000000073f8c0000, 0x00000007c0000000)
 Metaspace       used 78368K, capacity 83041K, committed 83316K, reserved 1122304K
  class space    used 10298K, capacity 11098K, committed 11128K, reserved 1048576K
2021-12-27T09:20:26.503+0800: 132.558: [GC (Allocation Failure) 2021-12-27T09:20:26.503+0800: 132.558: [ParNew: 47935K->5312K(47936K), 0.1114240 secs] 91224K->50787K(154432K), 0.1125028 secs] [Times: user=0.05 sys=0.00, real=0.12 secs] 
Heap after GC invocations=80 (full 3):
 par new generation   total 47936K, used 5312K [0x0000000724400000, 0x0000000727800000, 0x00000007390c0000)
  eden space 42624K,   0% used [0x0000000724400000, 0x0000000724400000, 0x0000000726da0000)
  from space 5312K, 100% used [0x0000000726da0000, 0x00000007272d0000, 0x00000007272d0000)
  to   space 5312K,   0% used [0x00000007272d0000, 0x00000007272d0000, 0x0000000727800000)
 concurrent mark-sweep generation total 106496K, used 45475K [0x00000007390c0000, 0x000000073f8c0000, 0x00000007c0000000)
 Metaspace       used 78368K, capacity 83041K, committed 83316K, reserved 1122304K
  class space    used 10298K, capacity 11098K, committed 11128K, reserved 1048576K
}
2021-12-27T09:20:27.148+0800: 133.204: Application time: 0.5325067 seconds
{Heap before GC invocations=80 (full 3):
 par new generation   total 47936K, used 47936K [0x0000000724400000, 0x0000000727800000, 0x00000007390c0000)
  eden space 42624K, 100% used [0x0000000724400000, 0x0000000726da0000, 0x0000000726da0000)
  from space 5312K, 100% used [0x0000000726da0000, 0x00000007272d0000, 0x00000007272d0000)
  to   space 5312K,   0% used [0x00000007272d0000, 0x00000007272d0000, 0x0000000727800000)
 concurrent mark-sweep generation total 106496K, used 45475K [0x00000007390c0000, 0x000000073f8c0000, 0x00000007c0000000)
 Metaspace       used 78391K, capacity 83059K, committed 83316K, reserved 1122304K
  class space    used 10303K, capacity 11101K, committed 11128K, reserved 1048576K
2021-12-27T09:20:27.155+0800: 133.210: [GC (Allocation Failure) 2021-12-27T09:20:27.156+0800: 133.211: [ParNew: 47936K->5312K(47936K), 0.1216669 secs] 93411K->53916K(154432K), 0.1227449 secs] [Times: user=0.04 sys=0.00, real=0.12 secs] 
Heap after GC invocations=81 (full 3):
 par new generation   total 47936K, used 5312K [0x0000000724400000, 0x0000000727800000, 0x00000007390c0000)
  eden space 42624K,   0% used [0x0000000724400000, 0x0000000724400000, 0x0000000726da0000)
  from space 5312K, 100% used [0x00000007272d0000, 0x0000000727800000, 0x0000000727800000)
  to   space 5312K,   0% used [0x0000000726da0000, 0x0000000726da0000, 0x00000007272d0000)
 concurrent mark-sweep generation total 106496K, used 48604K [0x00000007390c0000, 0x000000073f8c0000, 0x00000007c0000000)
 Metaspace       used 78391K, capacity 83059K, committed 83316K, reserved 1122304K
  class space    used 10303K, capacity 11101K, committed 11128K, reserved 1048576K
}
2021-12-27T09:20:28.287+0800: 134.342: Application time: 1.0086381 seconds
2021-12-27T09:20:28.476+0800: 134.532: Application time: 0.1638892 seconds
{Heap before GC invocations=81 (full 3):
 par new generation   total 47936K, used 47936K [0x0000000724400000, 0x0000000727800000, 0x00000007390c0000)
  eden space 42624K, 100% used [0x0000000724400000, 0x0000000726da0000, 0x0000000726da0000)
  from space 5312K, 100% used [0x00000007272d0000, 0x0000000727800000, 0x0000000727800000)
  to   space 5312K,   0% used [0x0000000726da0000, 0x0000000726da0000, 0x00000007272d0000)
 concurrent mark-sweep generation total 106496K, used 48604K [0x00000007390c0000, 0x000000073f8c0000, 0x00000007c0000000)
 Metaspace       used 79020K, capacity 83765K, committed 83956K, reserved 1122304K
  class space    used 10404K, capacity 11224K, committed 11256K, reserved 1048576K
2021-12-27T09:20:28.485+0800: 134.540: [GC (Allocation Failure) 2021-12-27T09:20:28.486+0800: 134.541: [ParNew: 47936K->3441K(47936K), 0.1069635 secs] 96540K->53481K(154432K), 0.1157336 secs] [Times: user=0.03 sys=0.00, real=0.11 secs] 
Heap after GC invocations=82 (full 3):
 par new generation   total 47936K, used 3441K [0x0000000724400000, 0x0000000727800000, 0x00000007390c0000)
  eden space 42624K,   0% used [0x0000000724400000, 0x0000000724400000, 0x0000000726da0000)
  from space 5312K,  64% used [0x0000000726da0000, 0x00000007270fc710, 0x00000007272d0000)
  to   space 5312K,   0% used [0x00000007272d0000, 0x00000007272d0000, 0x0000000727800000)
 concurrent mark-sweep generation total 106496K, used 50040K [0x00000007390c0000, 0x000000073f8c0000, 0x00000007c0000000)
 Metaspace       used 79020K, capacity 83765K, committed 83956K, reserved 1122304K
  class space    used 10404K, capacity 11224K, committed 11256K, reserved 1048576K
}
2021-12-27T09:20:29.048+0800: 135.103: Application time: 0.4458334 seconds
2021-12-27T09:20:29.497+0800: 135.552: Application time: 0.4361657 seconds
2021-12-27T09:20:29.656+0800: 135.711: Application time: 0.1576666 seconds
2021-12-27T09:20:29.816+0800: 135.871: Application time: 0.1521120 seconds
{Heap before GC invocations=82 (full 3):
 par new generation   total 47936K, used 46065K [0x0000000724400000, 0x0000000727800000, 0x00000007390c0000)
  eden space 42624K, 100% used [0x0000000724400000, 0x0000000726da0000, 0x0000000726da0000)
  from space 5312K,  64% used [0x0000000726da0000, 0x00000007270fc710, 0x00000007272d0000)
  to   space 5312K,   0% used [0x00000007272d0000, 0x00000007272d0000, 0x0000000727800000)
 concurrent mark-sweep generation total 106496K, used 50040K [0x00000007390c0000, 0x000000073f8c0000, 0x00000007c0000000)
 Metaspace       used 80753K, capacity 85479K, committed 85748K, reserved 1124352K
  class space    used 10634K, capacity 11425K, committed 11512K, reserved 1048576K
2021-12-27T09:20:29.816+0800: 135.871: [GC (Allocation Failure) 2021-12-27T09:20:29.817+0800: 135.872: [ParNew: 46065K->4817K(47936K), 0.0875435 secs] 96105K->55049K(154432K), 0.0885928 secs] [Times: user=0.03 sys=0.00, real=0.09 secs] 
Heap after GC invocations=83 (full 3):
 par new generation   total 47936K, used 4817K [0x0000000724400000, 0x0000000727800000, 0x00000007390c0000)
  eden space 42624K,   0% used [0x0000000724400000, 0x0000000724400000, 0x0000000726da0000)
  from space 5312K,  90% used [0x00000007272d0000, 0x0000000727784568, 0x0000000727800000)
  to   space 5312K,   0% used [0x0000000726da0000, 0x0000000726da0000, 0x00000007272d0000)
 concurrent mark-sweep generation total 106496K, used 50232K [0x00000007390c0000, 0x000000073f8c0000, 0x00000007c0000000)
 Metaspace       used 80753K, capacity 85479K, committed 85748K, reserved 1124352K
  class space    used 10634K, capacity 11425K, committed 11512K, reserved 1048576K
}
2021-12-27T09:20:30.917+0800: 136.972: Application time: 1.0113976 seconds
2021-12-27T09:20:31.253+0800: 137.309: Application time: 0.3361747 seconds
2021-12-27T09:20:31.254+0800: 137.309: Application time: 0.0003241 seconds
2021-12-27T09:20:31.254+0800: 137.309: Application time: 0.0000567 seconds
2021-12-27T09:20:31.261+0800: 137.318: Application time: 0.0021555 seconds
2021-12-27T09:20:31.263+0800: 137.318: Application time: 0.0003739 seconds
2021-12-27T09:20:31.263+0800: 137.318: Application time: 0.0000371 seconds
2021-12-27T09:20:31.275+0800: 137.330: Application time: 0.0112945 seconds
2021-12-27T09:20:31.301+0800: 137.356: Application time: 0.0000908 seconds
2021-12-27T09:20:31.310+0800: 137.365: Application time: 0.0087243 seconds
2021-12-27T09:20:31.317+0800: 137.373: Application time: 0.0001683 seconds
2021-12-27T09:20:31.318+0800: 137.373: Application time: 0.0000273 seconds
2021-12-27T09:20:31.318+0800: 137.373: Application time: 0.0000833 seconds
2021-12-27T09:20:31.318+0800: 137.373: Application time: 0.0000262 seconds
2021-12-27T09:20:31.318+0800: 137.373: Application time: 0.0000389 seconds
2021-12-27T09:20:31.318+0800: 137.373: Application time: 0.0000497 seconds
2021-12-27T09:20:31.318+0800: 137.373: Application time: 0.0000458 seconds
2021-12-27T09:20:31.318+0800: 137.374: Application time: 0.0001612 seconds
2021-12-27T09:20:31.533+0800: 137.594: Application time: 0.2204345 seconds
2021-12-27T09:20:31.542+0800: 137.597: Application time: 0.0030190 seconds
2021-12-27T09:20:31.542+0800: 137.597: Application time: 0.0001034 seconds
2021-12-27T09:20:31.557+0800: 137.612: Application time: 0.0146667 seconds
2021-12-27T09:20:31.557+0800: 137.612: Application time: 0.0000996 seconds
2021-12-27T09:20:31.557+0800: 137.612: Application time: 0.0000730 seconds
2021-12-27T09:20:31.558+0800: 137.613: Application time: 0.0006500 seconds
2021-12-27T09:20:31.558+0800: 137.613: Application time: 0.0000832 seconds
2021-12-27T09:20:31.576+0800: 137.631: Application time: 0.0178874 seconds
2021-12-27T09:20:31.576+0800: 137.632: Application time: 0.0000717 seconds
2021-12-27T09:20:31.577+0800: 137.632: Application time: 0.0000566 seconds
2021-12-27T09:20:31.577+0800: 137.632: Application time: 0.0000555 seconds
2021-12-27T09:20:31.577+0800: 137.632: Application time: 0.0000551 seconds
2021-12-27T09:20:31.577+0800: 137.632: Application time: 0.0000292 seconds
2021-12-27T09:20:31.577+0800: 137.633: Application time: 0.0009837 seconds
2021-12-27T09:20:31.578+0800: 137.633: Application time: 0.0000702 seconds
2021-12-27T09:20:31.578+0800: 137.633: Application time: 0.0000327 seconds
2021-12-27T09:20:31.578+0800: 137.633: Application time: 0.0000291 seconds
2021-12-27T09:20:31.585+0800: 137.641: Application time: 0.0071021 seconds
2021-12-27T09:20:31.680+0800: 137.735: Application time: 0.0946805 seconds
2021-12-27T09:20:31.709+0800: 137.764: Application time: 0.0019578 seconds
2021-12-27T09:20:31.773+0800: 137.828: Application time: 0.0614916 seconds
2021-12-27T09:20:31.808+0800: 137.863: Application time: 0.0108485 seconds
2021-12-27T09:20:31.819+0800: 137.874: Application time: 0.0000703 seconds
2021-12-27T09:20:31.819+0800: 137.874: Application time: 0.0000664 seconds
2021-12-27T09:20:31.819+0800: 137.875: Application time: 0.0000239 seconds
2021-12-27T09:20:31.819+0800: 137.875: Application time: 0.0000271 seconds
2021-12-27T09:20:31.819+0800: 137.875: Application time: 0.0000218 seconds
2021-12-27T09:20:31.820+0800: 137.875: Application time: 0.0006273 seconds
2021-12-27T09:20:31.820+0800: 137.875: Application time: 0.0000603 seconds
2021-12-27T09:20:31.820+0800: 137.876: Application time: 0.0000543 seconds
2021-12-27T09:20:31.827+0800: 137.882: Application time: 0.0066575 seconds
2021-12-27T09:20:31.830+0800: 137.885: Application time: 0.0028640 seconds
2021-12-27T09:20:31.841+0800: 137.896: Application time: 0.0001305 seconds
2021-12-27T09:20:31.916+0800: 137.971: Application time: 0.0753781 seconds
{Heap before GC invocations=83 (full 3):
 par new generation   total 47936K, used 47441K [0x0000000724400000, 0x0000000727800000, 0x00000007390c0000)
  eden space 42624K, 100% used [0x0000000724400000, 0x0000000726da0000, 0x0000000726da0000)
  from space 5312K,  90% used [0x00000007272d0000, 0x0000000727784568, 0x0000000727800000)
  to   space 5312K,   0% used [0x0000000726da0000, 0x0000000726da0000, 0x00000007272d0000)
 concurrent mark-sweep generation total 106496K, used 50232K [0x00000007390c0000, 0x000000073f8c0000, 0x00000007c0000000)
 Metaspace       used 82090K, capacity 86943K, committed 87156K, reserved 1124352K
  class space    used 10817K, capacity 11621K, committed 11640K, reserved 1048576K
2021-12-27T09:20:31.918+0800: 137.973: [GC (Allocation Failure) 2021-12-27T09:20:31.918+0800: 137.973: [ParNew: 47441K->4114K(47936K), 0.0696463 secs] 97673K->55576K(154432K), 0.0707768 secs] [Times: user=0.02 sys=0.00, real=0.07 secs] 
Heap after GC invocations=84 (full 3):
 par new generation   total 47936K, used 4114K [0x0000000724400000, 0x0000000727800000, 0x00000007390c0000)
  eden space 42624K,   0% used [0x0000000724400000, 0x0000000724400000, 0x0000000726da0000)
  from space 5312K,  77% used [0x0000000726da0000, 0x00000007271a4820, 0x00000007272d0000)
  to   space 5312K,   0% used [0x00000007272d0000, 0x00000007272d0000, 0x0000000727800000)
 concurrent mark-sweep generation total 106496K, used 51462K [0x00000007390c0000, 0x000000073f8c0000, 0x00000007c0000000)
 Metaspace       used 82090K, capacity 86943K, committed 87156K, reserved 1124352K
  class space    used 10817K, capacity 11621K, committed 11640K, reserved 1048576K
}
2021-12-27T09:20:32.299+0800: 138.354: Application time: 0.3091499 seconds
2021-12-27T09:20:32.305+0800: 138.360: Application time: 0.0053520 seconds
2021-12-27T09:20:32.342+0800: 138.397: Application time: 0.0340528 seconds
2021-12-27T09:20:32.349+0800: 138.404: Application time: 0.0069327 seconds
2021-12-27T09:20:32.353+0800: 138.409: Application time: 0.0042824 seconds
2021-12-27T09:20:32.360+0800: 138.416: Application time: 0.0065423 seconds
2021-12-27T09:20:33.361+0800: 139.416: Application time: 1.0002049 seconds
2021-12-27T09:20:34.361+0800: 140.416: Application time: 1.0002032 seconds
2021-12-27T09:20:50.345+0800: 156.423: Application time: 16.0068137 seconds
2021-12-27T09:21:01.102+0800: 167.181: Application time: 10.7571637 seconds
2021-12-27T09:21:01.103+0800: 167.181: Application time: 0.0001823 seconds
2021-12-27T09:21:01.103+0800: 167.182: Application time: 0.0002460 seconds
2021-12-27T09:21:01.104+0800: 167.183: Application time: 0.0007778 seconds
2021-12-27T09:21:01.109+0800: 167.187: Application time: 0.0043255 seconds
2021-12-27T09:21:01.109+0800: 167.188: Application time: 0.0001356 seconds
2021-12-27T09:21:01.110+0800: 167.188: Application time: 0.0001748 seconds
2021-12-27T09:21:01.110+0800: 167.188: Application time: 0.0001038 seconds
2021-12-27T09:21:01.110+0800: 167.188: Application time: 0.0001279 seconds
2021-12-27T09:21:01.110+0800: 167.189: Application time: 0.0006092 seconds
2021-12-27T09:21:01.111+0800: 167.190: Application time: 0.0000731 seconds
2021-12-27T09:21:01.112+0800: 167.190: Application time: 0.0001906 seconds
2021-12-27T09:21:01.112+0800: 167.190: Application time: 0.0001985 seconds
2021-12-27T09:21:01.112+0800: 167.191: Application time: 0.0001122 seconds
2021-12-27T09:21:01.113+0800: 167.191: Application time: 0.0002018 seconds
2021-12-27T09:21:01.115+0800: 167.193: Application time: 0.0004513 seconds
2021-12-27T09:21:01.116+0800: 167.195: Application time: 0.0003386 seconds
2021-12-27T09:21:01.118+0800: 167.196: Application time: 0.0014686 seconds
2021-12-27T09:21:01.118+0800: 167.197: Application time: 0.0001079 seconds
2021-12-27T09:21:01.119+0800: 167.197: Application time: 0.0000976 seconds
2021-12-27T09:21:01.119+0800: 167.197: Application time: 0.0000984 seconds
2021-12-27T09:21:01.119+0800: 167.198: Application time: 0.0001899 seconds
2021-12-27T09:21:01.120+0800: 167.198: Application time: 0.0001038 seconds
2021-12-27T09:21:01.123+0800: 167.202: Application time: 0.0037930 seconds
2021-12-27T09:21:01.127+0800: 167.205: Application time: 0.0027286 seconds
2021-12-27T09:21:01.134+0800: 167.212: Application time: 0.0070930 seconds
2021-12-27T09:21:01.135+0800: 167.213: Application time: 0.0004154 seconds
2021-12-27T09:21:01.135+0800: 167.213: Application time: 0.0001825 seconds
2021-12-27T09:21:01.135+0800: 167.214: Application time: 0.0001366 seconds
2021-12-27T09:21:01.136+0800: 167.214: Application time: 0.0001326 seconds
2021-12-27T09:21:01.136+0800: 167.214: Application time: 0.0000846 seconds
2021-12-27T09:21:01.136+0800: 167.214: Application time: 0.0000861 seconds
2021-12-27T09:21:01.138+0800: 167.216: Application time: 0.0012385 seconds
2021-12-27T09:21:01.138+0800: 167.217: Application time: 0.0001917 seconds
2021-12-27T09:21:01.140+0800: 167.218: Application time: 0.0014064 seconds
2021-12-27T09:21:01.143+0800: 167.221: Application time: 0.0018293 seconds
2021-12-27T09:21:01.146+0800: 167.225: Application time: 0.0028432 seconds
2021-12-27T09:21:01.147+0800: 167.226: Application time: 0.0013942 seconds
2021-12-27T09:21:01.151+0800: 167.229: Application time: 0.0019287 seconds
2021-12-27T09:21:01.151+0800: 167.229: Application time: 0.0000819 seconds
2021-12-27T09:21:01.154+0800: 167.232: Application time: 0.0023620 seconds
2021-12-27T09:21:01.155+0800: 167.233: Application time: 0.0002209 seconds
2021-12-27T09:21:01.159+0800: 167.237: Application time: 0.0035380 seconds
2021-12-27T09:21:01.159+0800: 167.238: Application time: 0.0003676 seconds
2021-12-27T09:21:01.160+0800: 167.238: Application time: 0.0000623 seconds
2021-12-27T09:21:01.160+0800: 167.238: Application time: 0.0000298 seconds
2021-12-27T09:21:01.160+0800: 167.238: Application time: 0.0000467 seconds
2021-12-27T09:21:01.160+0800: 167.239: Application time: 0.0001072 seconds
2021-12-27T09:21:01.180+0800: 167.258: Application time: 0.0194203 seconds
2021-12-27T09:21:01.187+0800: 167.265: Application time: 0.0039369 seconds
2021-12-27T09:21:01.190+0800: 167.268: Application time: 0.0026311 seconds
2021-12-27T09:21:01.194+0800: 167.273: Application time: 0.0044025 seconds
2021-12-27T09:21:01.201+0800: 167.279: Application time: 0.0041639 seconds
2021-12-27T09:21:01.206+0800: 167.285: Application time: 0.0053383 seconds
2021-12-27T09:21:02.208+0800: 168.286: Application time: 1.0003274 seconds
2021-12-27T09:21:03.208+0800: 169.287: Application time: 1.0001220 seconds
2021-12-27T09:21:10.186+0800: 176.288: Application time: 7.0010846 seconds
2021-12-27T09:21:29.176+0800: 195.278: Application time: 18.9896354 seconds
2021-12-27T09:21:31.187+0800: 197.288: Application time: 2.0106239 seconds
2021-12-27T09:21:31.188+0800: 197.289: Application time: 0.0001073 seconds
2021-12-27T09:21:31.190+0800: 197.291: Application time: 0.0001442 seconds
2021-12-27T09:21:31.190+0800: 197.292: Application time: 0.0000644 seconds
2021-12-27T09:21:31.190+0800: 197.292: Application time: 0.0000998 seconds
2021-12-27T09:21:31.191+0800: 197.292: Application time: 0.0001550 seconds
2021-12-27T09:21:31.192+0800: 197.293: Application time: 0.0007567 seconds
2021-12-27T09:21:31.192+0800: 197.294: Application time: 0.0012881 seconds
2021-12-27T09:21:31.195+0800: 197.297: Application time: 0.0019528 seconds
2021-12-27T09:21:31.195+0800: 197.297: Application time: 0.0001422 seconds
2021-12-27T09:21:31.196+0800: 197.297: Application time: 0.0000479 seconds
2021-12-27T09:21:31.205+0800: 197.306: Application time: 0.0082102 seconds
2021-12-27T09:21:31.205+0800: 197.307: Application time: 0.0002701 seconds
2021-12-27T09:21:32.206+0800: 198.308: Application time: 1.0004793 seconds
2021-12-27T09:21:33.207+0800: 199.309: Application time: 1.0010076 seconds
2021-12-27T09:21:36.208+0800: 202.310: Application time: 3.0011242 seconds
2021-12-27T09:21:47.903+0800: 214.027: Application time: 11.7171337 seconds
2021-12-27T09:21:47.903+0800: 214.028: Application time: 0.0001953 seconds
2021-12-27T09:21:47.906+0800: 214.030: Application time: 0.0025396 seconds
2021-12-27T09:21:47.910+0800: 214.034: Application time: 0.0038709 seconds
2021-12-27T09:21:47.910+0800: 214.035: Application time: 0.0001207 seconds
2021-12-27T09:21:47.921+0800: 214.046: Application time: 0.0115541 seconds
2021-12-27T09:21:47.923+0800: 214.048: Application time: 0.0011096 seconds
2021-12-27T09:21:47.951+0800: 214.076: Application time: 0.0284512 seconds
2021-12-27T09:21:47.958+0800: 214.083: Application time: 0.0066955 seconds
2021-12-27T09:21:47.981+0800: 214.106: Application time: 0.0219547 seconds
2021-12-27T09:21:47.982+0800: 214.107: Application time: 0.0006743 seconds
2021-12-27T09:21:47.982+0800: 214.107: Application time: 0.0000633 seconds
2021-12-27T09:21:47.997+0800: 214.122: Application time: 0.0150155 seconds
{Heap before GC invocations=84 (full 3):
 par new generation   total 47936K, used 46738K [0x0000000724400000, 0x0000000727800000, 0x00000007390c0000)
  eden space 42624K, 100% used [0x0000000724400000, 0x0000000726da0000, 0x0000000726da0000)
  from space 5312K,  77% used [0x0000000726da0000, 0x00000007271a4820, 0x00000007272d0000)
  to   space 5312K,   0% used [0x00000007272d0000, 0x00000007272d0000, 0x0000000727800000)
 concurrent mark-sweep generation total 106496K, used 51462K [0x00000007390c0000, 0x000000073f8c0000, 0x00000007c0000000)
 Metaspace       used 83822K, capacity 88653K, committed 88948K, reserved 1126400K
  class space    used 11009K, capacity 11816K, committed 11896K, reserved 1048576K
2021-12-27T09:21:47.998+0800: 214.123: [GC (Allocation Failure) 2021-12-27T09:21:47.999+0800: 214.123: [ParNew: 46738K->4781K(47936K), 0.0243490 secs] 98200K->56244K(154432K), 0.0253306 secs] [Times: user=0.04 sys=0.00, real=0.02 secs] 
Heap after GC invocations=85 (full 3):
 par new generation   total 47936K, used 4781K [0x0000000724400000, 0x0000000727800000, 0x00000007390c0000)
  eden space 42624K,   0% used [0x0000000724400000, 0x0000000724400000, 0x0000000726da0000)
  from space 5312K,  90% used [0x00000007272d0000, 0x000000072777b6b8, 0x0000000727800000)
  to   space 5312K,   0% used [0x0000000726da0000, 0x0000000726da0000, 0x00000007272d0000)
 concurrent mark-sweep generation total 106496K, used 51462K [0x00000007390c0000, 0x000000073f8c0000, 0x00000007c0000000)
 Metaspace       used 83822K, capacity 88653K, committed 88948K, reserved 1126400K
  class space    used 11009K, capacity 11816K, committed 11896K, reserved 1048576K
}
2021-12-27T09:21:48.063+0800: 214.187: Application time: 0.0380746 seconds
2021-12-27T09:21:48.063+0800: 214.188: Application time: 0.0000957 seconds
2021-12-27T09:21:48.072+0800: 214.196: Application time: 0.0085164 seconds
2021-12-27T09:21:48.086+0800: 214.211: Application time: 0.0143151 seconds
2021-12-27T09:21:48.092+0800: 214.217: Application time: 0.0066736 seconds
2021-12-27T09:21:58.304+0800: 224.428: Application time: 10.2105826 seconds
2021-12-27T09:21:58.304+0800: 224.428: Application time: 0.0000582 seconds
2021-12-27T09:21:58.317+0800: 224.441: Application time: 0.0128405 seconds
2021-12-27T09:21:58.319+0800: 224.444: Application time: 0.0020470 seconds
2021-12-27T09:21:58.319+0800: 224.444: Application time: 0.0002000 seconds
2021-12-27T09:22:01.320+0800: 227.445: Application time: 3.0008882 seconds
2021-12-27T09:22:03.321+0800: 229.445: Application time: 2.0002406 seconds
2021-12-27T09:22:07.301+0800: 233.449: Application time: 4.0038144 seconds
2021-12-27T09:22:09.304+0800: 235.452: Application time: 2.0024654 seconds
2021-12-27T09:22:18.418+0800: 244.565: Application time: 9.1132311 seconds
2021-12-27T09:22:19.419+0800: 245.567: Application time: 1.0007830 seconds
2021-12-27T09:22:27.422+0800: 253.570: Application time: 8.0031247 seconds
2021-12-27T09:22:28.479+0800: 254.627: Application time: 1.0570744 seconds
2021-12-27T09:22:28.483+0800: 254.631: Application time: 0.0041999 seconds
2021-12-27T09:22:29.484+0800: 255.632: Application time: 1.0004482 seconds
2021-12-27T09:22:30.485+0800: 256.632: Application time: 1.0001905 seconds
2021-12-27T09:22:31.485+0800: 257.633: Application time: 1.0003053 seconds
2021-12-27T09:22:32.485+0800: 258.633: Application time: 1.0002959 seconds
2021-12-27T09:22:39.467+0800: 265.638: Application time: 7.0045518 seconds
2021-12-27T09:22:49.474+0800: 275.645: Application time: 10.0069458 seconds
2021-12-27T09:22:59.497+0800: 285.668: Application time: 10.0230011 seconds
2021-12-27T09:23:01.501+0800: 287.672: Application time: 2.0039798 seconds
2021-12-27T09:23:02.502+0800: 288.673: Application time: 1.0003908 seconds
2021-12-27T09:23:03.503+0800: 289.674: Application time: 1.0006519 seconds
2021-12-27T09:23:06.509+0800: 292.680: Application time: 3.0062214 seconds
2021-12-27T09:23:07.486+0800: 293.680: Application time: 1.0002938 seconds
2021-12-27T09:23:09.488+0800: 295.682: Application time: 2.0011799 seconds
2021-12-27T09:23:17.502+0800: 303.698: Application time: 8.0159156 seconds
2021-12-27T09:23:19.507+0800: 305.701: Application time: 2.0031098 seconds
2021-12-27T09:23:27.531+0800: 313.725: Application time: 8.0233544 seconds
2021-12-27T09:23:29.533+0800: 315.727: Application time: 2.0017667 seconds
2021-12-27T09:23:31.534+0800: 317.728: Application time: 2.0014336 seconds
2021-12-27T09:23:32.535+0800: 318.729: Application time: 1.0009264 seconds
2021-12-27T09:23:39.520+0800: 325.735: Application time: 7.0057346 seconds
2021-12-27T09:23:48.977+0800: 335.192: Application time: 9.4566709 seconds
2021-12-27T09:23:59.036+0800: 345.251: Application time: 10.0522874 seconds
2021-12-27T09:24:00.036+0800: 346.251: Application time: 1.0001765 seconds
2021-12-27T09:24:02.037+0800: 348.252: Application time: 2.0004146 seconds
2021-12-27T09:24:03.037+0800: 349.252: Application time: 1.0001883 seconds
2021-12-27T09:24:10.015+0800: 356.256: Application time: 7.0036547 seconds
2021-12-27T09:24:11.016+0800: 357.257: Application time: 1.0006536 seconds
2021-12-27T09:24:18.019+0800: 364.261: Application time: 7.0042984 seconds
2021-12-27T09:24:20.025+0800: 366.265: Application time: 2.0039369 seconds
2021-12-27T09:24:28.048+0800: 374.288: Application time: 8.0227357 seconds
2021-12-27T09:24:30.048+0800: 376.289: Application time: 2.0003954 seconds
2021-12-27T09:24:32.053+0800: 378.294: Application time: 2.0048068 seconds
2021-12-27T09:24:33.058+0800: 379.298: Application time: 1.0046553 seconds
2021-12-27T09:24:40.045+0800: 386.309: Application time: 7.0100195 seconds
2021-12-27T09:24:46.056+0800: 392.320: Application time: 6.0112209 seconds
2021-12-27T09:24:50.058+0800: 396.322: Application time: 4.0014155 seconds
2021-12-27T09:24:51.059+0800: 397.323: Application time: 1.0010521 seconds
2021-12-27T09:25:00.071+0800: 406.335: Application time: 9.0118444 seconds
2021-12-27T09:25:02.072+0800: 408.335: Application time: 2.0002966 seconds
2021-12-27T09:25:03.073+0800: 409.337: Application time: 1.0015334 seconds
2021-12-27T09:25:30.083+0800: 436.370: Application time: 27.0329029 seconds
2021-12-27T09:25:32.388+0800: 438.675: Application time: 2.3051887 seconds
2021-12-27T09:25:33.389+0800: 439.676: Application time: 1.0005051 seconds
2021-12-27T09:25:40.370+0800: 446.680: Application time: 7.0032593 seconds
2021-12-27T09:25:50.381+0800: 456.691: Application time: 10.0115397 seconds
2021-12-27T09:26:00.399+0800: 466.709: Application time: 10.0176672 seconds
2021-12-27T09:26:02.400+0800: 468.710: Application time: 2.0004583 seconds
2021-12-27T09:26:10.394+0800: 476.727: Application time: 8.0174477 seconds
2021-12-27T09:26:20.413+0800: 486.746: Application time: 10.0188358 seconds
2021-12-27T09:26:30.434+0800: 496.767: Application time: 10.0202196 seconds
2021-12-27T09:26:40.424+0800: 506.780: Application time: 10.0132935 seconds
2021-12-27T09:27:00.467+0800: 526.823: Application time: 20.0428616 seconds
2021-12-27T09:27:02.338+0800: 528.694: Application time: 1.8707615 seconds
2021-12-27T09:27:03.339+0800: 529.695: Application time: 1.0004909 seconds
2021-12-27T09:27:10.327+0800: 536.707: Application time: 7.0115151 seconds
2021-12-27T09:27:20.334+0800: 546.714: Application time: 10.0057821 seconds
2021-12-27T09:27:31.344+0800: 557.723: Application time: 11.0091396 seconds
2021-12-27T09:27:32.346+0800: 558.725: Application time: 1.0018856 seconds
2021-12-27T09:27:40.330+0800: 566.732: Application time: 8.0068191 seconds
2021-12-27T09:27:41.331+0800: 567.733: Application time: 1.0006575 seconds
2021-12-27T09:27:43.331+0800: 569.734: Application time: 2.0005316 seconds
2021-12-27T09:27:50.335+0800: 576.737: Application time: 7.0033449 seconds
2021-12-27T09:28:00.339+0800: 586.742: Application time: 10.0045549 seconds
2021-12-27T09:28:01.340+0800: 587.742: Application time: 1.0002599 seconds
2021-12-27T09:28:02.340+0800: 588.743: Application time: 1.0001760 seconds
2021-12-27T09:28:03.341+0800: 589.744: Application time: 1.0003329 seconds
2021-12-27T09:28:10.321+0800: 596.746: Application time: 7.0025970 seconds
2021-12-27T09:28:20.323+0800: 606.749: Application time: 10.0026924 seconds
2021-12-27T09:28:30.327+0800: 616.753: Application time: 10.0038043 seconds
2021-12-27T09:28:32.292+0800: 618.718: Application time: 1.9624279 seconds
2021-12-27T09:28:40.282+0800: 626.731: Application time: 8.0127931 seconds
2021-12-27T09:28:51.289+0800: 637.738: Application time: 11.0065113 seconds
2021-12-27T09:29:01.293+0800: 647.742: Application time: 10.0041761 seconds
2021-12-27T09:29:03.295+0800: 649.744: Application time: 2.0018905 seconds
2021-12-27T09:29:11.284+0800: 657.756: Application time: 8.0116656 seconds
2021-12-27T09:29:21.292+0800: 667.765: Application time: 10.0082908 seconds
2021-12-27T09:29:31.303+0800: 677.775: Application time: 10.0101014 seconds
2021-12-27T09:29:32.303+0800: 678.776: Application time: 1.0005813 seconds
2021-12-27T09:29:41.292+0800: 687.788: Application time: 9.0116005 seconds
2021-12-27T09:29:51.302+0800: 697.797: Application time: 10.0096025 seconds
2021-12-27T09:30:00.945+0800: 707.440: Application time: 9.6428012 seconds
2021-12-27T09:30:00.946+0800: 707.441: Application time: 0.0001799 seconds
2021-12-27T09:30:00.946+0800: 707.442: Application time: 0.0003707 seconds
2021-12-27T09:30:00.951+0800: 707.446: Application time: 0.0001101 seconds
2021-12-27T09:30:00.951+0800: 707.446: Application time: 0.0000397 seconds
2021-12-27T09:30:00.951+0800: 707.446: Application time: 0.0001664 seconds
2021-12-27T09:30:02.242+0800: 708.737: Application time: 1.2904200 seconds
2021-12-27T09:30:03.242+0800: 709.738: Application time: 1.0000768 seconds
2021-12-27T09:30:21.232+0800: 727.750: Application time: 18.0123219 seconds
2021-12-27T09:30:31.240+0800: 737.759: Application time: 10.0085341 seconds
2021-12-27T09:30:32.242+0800: 738.761: Application time: 1.0016982 seconds
2021-12-27T09:30:37.222+0800: 743.764: Application time: 5.0032976 seconds
2021-12-27T09:30:41.227+0800: 747.768: Application time: 4.0039732 seconds
2021-12-27T09:30:51.234+0800: 757.775: Application time: 10.0070125 seconds
2021-12-27T09:30:57.245+0800: 763.787: Application time: 6.0114575 seconds
2021-12-27T09:31:01.247+0800: 767.789: Application time: 4.0017933 seconds
2021-12-27T09:31:02.250+0800: 768.792: Application time: 1.0023366 seconds
2021-12-27T09:31:11.245+0800: 777.809: Application time: 9.0168723 seconds
2021-12-27T09:31:21.251+0800: 787.816: Application time: 10.0059431 seconds
2021-12-27T09:31:29.254+0800: 795.818: Application time: 8.0026315 seconds
2021-12-27T09:31:31.255+0800: 797.820: Application time: 2.0012537 seconds
2021-12-27T09:31:32.197+0800: 798.762: Application time: 0.9418022 seconds
2021-12-27T09:31:35.833+0800: 802.398: Application time: 3.6360204 seconds
2021-12-27T09:31:41.814+0800: 808.402: Application time: 6.0036599 seconds
2021-12-27T09:31:47.818+0800: 814.406: Application time: 6.0040242 seconds
2021-12-27T09:31:51.820+0800: 818.408: Application time: 4.0017736 seconds
2021-12-27T09:32:00.922+0800: 827.510: Application time: 9.1017536 seconds
2021-12-27T09:32:00.922+0800: 827.510: Application time: 0.0001460 seconds
2021-12-27T09:32:00.922+0800: 827.510: Application time: 0.0000885 seconds
2021-12-27T09:32:00.922+0800: 827.510: Application time: 0.0000716 seconds
2021-12-27T09:32:00.922+0800: 827.510: Application time: 0.0000331 seconds
2021-12-27T09:32:00.924+0800: 827.512: Application time: 0.0000783 seconds
2021-12-27T09:32:00.924+0800: 827.512: Application time: 0.0002598 seconds
2021-12-27T09:32:11.907+0800: 838.518: Application time: 11.0055591 seconds
2021-12-27T09:32:21.910+0800: 848.521: Application time: 10.0032528 seconds
2021-12-27T09:32:28.915+0800: 855.526: Application time: 7.0041415 seconds
2021-12-27T09:32:30.875+0800: 857.486: Application time: 1.9600278 seconds
2021-12-27T09:32:30.907+0800: 857.518: Application time: 0.0320004 seconds
2021-12-27T09:32:31.908+0800: 858.519: Application time: 1.0002565 seconds
2021-12-27T09:32:41.890+0800: 868.524: Application time: 10.0055848 seconds
2021-12-27T09:32:51.897+0800: 878.531: Application time: 10.0063235 seconds
2021-12-27T09:32:53.897+0800: 880.532: Application time: 2.0005460 seconds
2021-12-27T09:33:00.857+0800: 887.491: Application time: 6.9592031 seconds
2021-12-27T09:33:00.889+0800: 887.523: Application time: 0.0320527 seconds
2021-12-27T09:33:01.889+0800: 888.523: Application time: 1.0001713 seconds
2021-12-27T09:33:02.148+0800: 888.782: Application time: 0.2419000 seconds
2021-12-27T09:33:03.148+0800: 889.783: Application time: 1.0001392 seconds
2021-12-27T09:33:12.195+0800: 898.786: Application time: 9.0029026 seconds
2021-12-27T09:33:22.223+0800: 908.814: Application time: 10.0283749 seconds
2021-12-27T09:33:32.234+0800: 918.825: Application time: 10.0100756 seconds
2021-12-27T09:34:00.954+0800: 947.569: Application time: 28.7437326 seconds
2021-12-27T09:34:00.959+0800: 947.573: Application time: 0.0040715 seconds
2021-12-27T09:34:00.961+0800: 947.576: Application time: 0.0018372 seconds
2021-12-27T09:34:00.967+0800: 947.582: Application time: 0.0028328 seconds
2021-12-27T09:34:00.968+0800: 947.583: Application time: 0.0003347 seconds
2021-12-27T09:34:00.969+0800: 947.584: Application time: 0.0005593 seconds
2021-12-27T09:34:01.971+0800: 948.586: Application time: 1.0002962 seconds
2021-12-27T09:34:02.972+0800: 949.586: Application time: 1.0002024 seconds
2021-12-27T09:34:13.143+0800: 959.788: Application time: 10.2022397 seconds
2021-12-27T09:34:31.154+0800: 977.800: Application time: 18.0063816 seconds
2021-12-27T09:34:32.779+0800: 979.424: Application time: 1.6242330 seconds
2021-12-27T09:34:33.779+0800: 980.425: Application time: 1.0003395 seconds
2021-12-27T09:34:43.772+0800: 990.432: Application time: 10.0071249 seconds
2021-12-27T09:34:53.782+0800: 1000.442: Application time: 10.0083178 seconds
2021-12-27T09:35:01.790+0800: 1008.451: Application time: 8.0082813 seconds
2021-12-27T09:35:02.801+0800: 1009.461: Application time: 1.0012951 seconds
2021-12-27T09:35:03.810+0800: 1010.470: Application time: 1.0002949 seconds
2021-12-27T09:35:05.874+0800: 1012.534: Application time: 2.0639145 seconds
2021-12-27T09:35:13.857+0800: 1020.540: Application time: 8.0059073 seconds
2021-12-27T09:35:17.860+0800: 1024.543: Application time: 4.0026398 seconds
2021-12-27T09:35:28.865+0800: 1035.549: Application time: 11.0054325 seconds
2021-12-27T09:35:30.974+0800: 1037.657: Application time: 2.1081947 seconds
2021-12-27T09:35:30.975+0800: 1037.659: Application time: 0.0023991 seconds
2021-12-27T09:35:30.977+0800: 1037.661: Application time: 0.0005988 seconds
2021-12-27T09:35:30.980+0800: 1037.663: Application time: 0.0020388 seconds
2021-12-27T09:35:30.980+0800: 1037.663: Application time: 0.0000773 seconds
2021-12-27T09:35:30.980+0800: 1037.664: Application time: 0.0000303 seconds
2021-12-27T09:35:30.980+0800: 1037.664: Application time: 0.0001144 seconds
2021-12-27T09:35:32.981+0800: 1039.665: Application time: 2.0007835 seconds
2021-12-27T09:35:33.981+0800: 1040.665: Application time: 1.0003430 seconds
2021-12-27T09:35:44.971+0800: 1051.678: Application time: 11.0114548 seconds
2021-12-27T09:36:00.932+0800: 1067.639: Application time: 15.9614982 seconds
2021-12-27T09:36:00.964+0800: 1067.671: Application time: 0.0316749 seconds
2021-12-27T09:36:02.597+0800: 1069.304: Application time: 1.6326618 seconds
2021-12-27T09:36:04.598+0800: 1071.305: Application time: 2.0003688 seconds
2021-12-27T09:36:14.578+0800: 1081.308: Application time: 10.0026579 seconds
2021-12-27T09:36:29.582+0800: 1096.312: Application time: 15.0027905 seconds
2021-12-27T09:36:30.948+0800: 1097.678: Application time: 1.3662868 seconds
2021-12-27T09:36:30.948+0800: 1097.678: Application time: 0.0000914 seconds
2021-12-27T09:36:30.949+0800: 1097.679: Application time: 0.0000778 seconds
2021-12-27T09:36:30.949+0800: 1097.679: Application time: 0.0000857 seconds
2021-12-27T09:36:30.949+0800: 1097.679: Application time: 0.0000484 seconds
2021-12-27T09:36:30.949+0800: 1097.679: Application time: 0.0000543 seconds
2021-12-27T09:36:30.949+0800: 1097.679: Application time: 0.0001581 seconds
2021-12-27T09:36:31.950+0800: 1098.680: Application time: 1.0001582 seconds
2021-12-27T09:36:32.951+0800: 1099.681: Application time: 1.0009298 seconds
2021-12-27T09:36:34.953+0800: 1101.683: Application time: 2.0018218 seconds
2021-12-27T09:36:44.934+0800: 1111.687: Application time: 10.0042444 seconds
2021-12-27T09:36:54.938+0800: 1121.691: Application time: 10.0038566 seconds
2021-12-27T09:37:00.918+0800: 1127.671: Application time: 5.9820720 seconds
2021-12-27T09:37:00.937+0800: 1127.690: Application time: 0.0157264 seconds
2021-12-27T09:37:05.941+0800: 1132.694: Application time: 5.0038319 seconds
2021-12-27T09:37:15.921+0800: 1142.698: Application time: 10.0036788 seconds
2021-12-27T09:37:25.926+0800: 1152.702: Application time: 10.0042581 seconds
2021-12-27T09:37:28.098+0800: 1154.874: Application time: 2.1715382 seconds
{Heap before GC invocations=85 (full 3):
 par new generation   total 47936K, used 47405K [0x0000000724400000, 0x0000000727800000, 0x00000007390c0000)
  eden space 42624K, 100% used [0x0000000724400000, 0x0000000726da0000, 0x0000000726da0000)
  from space 5312K,  90% used [0x00000007272d0000, 0x000000072777b6b8, 0x0000000727800000)
  to   space 5312K,   0% used [0x0000000726da0000, 0x0000000726da0000, 0x00000007272d0000)
 concurrent mark-sweep generation total 106496K, used 51462K [0x00000007390c0000, 0x000000073f8c0000, 0x00000007c0000000)
 Metaspace       used 85550K, capacity 90667K, committed 90868K, reserved 1128448K
  class space    used 11111K, capacity 11959K, committed 12024K, reserved 1048576K
2021-12-27T09:37:28.099+0800: 1154.876: [GC (Allocation Failure) 2021-12-27T09:37:28.100+0800: 1154.876: [ParNew: 47405K->3964K(47936K), 0.0141877 secs] 98868K->57161K(154432K), 0.0157384 secs] [Times: user=0.03 sys=0.00, real=0.02 secs] 
Heap after GC invocations=86 (full 3):
 par new generation   total 47936K, used 3964K [0x0000000724400000, 0x0000000727800000, 0x00000007390c0000)
  eden space 42624K,   0% used [0x0000000724400000, 0x0000000724400000, 0x0000000726da0000)
  from space 5312K,  74% used [0x0000000726da0000, 0x000000072717f0d0, 0x00000007272d0000)
  to   space 5312K,   0% used [0x00000007272d0000, 0x00000007272d0000, 0x0000000727800000)
 concurrent mark-sweep generation total 106496K, used 53197K [0x00000007390c0000, 0x000000073f8c0000, 0x00000007c0000000)
 Metaspace       used 85550K, capacity 90667K, committed 90868K, reserved 1128448K
  class space    used 11111K, capacity 11959K, committed 12024K, reserved 1048576K
}
2021-12-27T09:37:29.118+0800: 1155.894: Application time: 1.0013151 seconds
2021-12-27T09:37:30.925+0800: 1157.701: Application time: 1.8068859 seconds
2021-12-27T09:37:32.925+0800: 1159.702: Application time: 2.0004403 seconds
2021-12-27T09:37:35.140+0800: 1161.916: Application time: 2.2142349 seconds
2021-12-27T09:37:37.118+0800: 1163.918: Application time: 2.0018727 seconds
2021-12-27T09:37:46.123+0800: 1172.922: Application time: 9.0037975 seconds
2021-12-27T09:37:56.135+0800: 1182.934: Application time: 10.0117284 seconds
2021-12-27T09:38:00.901+0800: 1187.701: Application time: 4.7659416 seconds
2021-12-27T09:38:00.901+0800: 1187.701: Application time: 0.0000448 seconds
2021-12-27T09:38:00.901+0800: 1187.701: Application time: 0.0000325 seconds
2021-12-27T09:38:00.901+0800: 1187.701: Application time: 0.0000542 seconds
2021-12-27T09:38:00.901+0800: 1187.701: Application time: 0.0000240 seconds
2021-12-27T09:38:00.901+0800: 1187.701: Application time: 0.0000869 seconds
2021-12-27T09:38:00.902+0800: 1187.701: Application time: 0.0002114 seconds
2021-12-27T09:38:05.905+0800: 1192.705: Application time: 5.0035253 seconds
2021-12-27T09:38:20.889+0800: 1207.712: Application time: 15.0066500 seconds
2021-12-27T09:38:22.889+0800: 1209.712: Application time: 2.0003184 seconds
2021-12-27T09:38:25.335+0800: 1212.158: Application time: 2.4456375 seconds
2021-12-27T09:38:25.339+0800: 1212.161: Application time: 0.0013396 seconds
2021-12-27T09:38:26.342+0800: 1213.165: Application time: 1.0013932 seconds
2021-12-27T09:38:30.871+0800: 1217.694: Application time: 4.5293171 seconds
2021-12-27T09:38:30.884+0800: 1217.707: Application time: 0.0124106 seconds
2021-12-27T09:38:35.886+0800: 1222.709: Application time: 5.0020090 seconds
2021-12-27T09:38:36.864+0800: 1223.710: Application time: 1.0008038 seconds
2021-12-27T09:38:45.390+0800: 1232.236: Application time: 8.5259037 seconds
2021-12-27T09:38:46.390+0800: 1233.236: Application time: 1.0002881 seconds
2021-12-27T09:39:00.852+0800: 1247.698: Application time: 14.4620132 seconds
2021-12-27T09:39:00.865+0800: 1247.711: Application time: 0.0124396 seconds
2021-12-27T09:39:01.865+0800: 1248.711: Application time: 1.0001832 seconds
2021-12-27T09:39:02.470+0800: 1249.316: Application time: 0.6044845 seconds
2021-12-27T09:39:06.451+0800: 1253.320: Application time: 4.0036114 seconds
2021-12-27T09:39:30.837+0800: 1277.706: Application time: 24.3869197 seconds
2021-12-27T09:39:30.847+0800: 1277.717: Application time: 0.0091770 seconds
2021-12-27T09:39:32.848+0800: 1279.717: Application time: 2.0003912 seconds
2021-12-27T09:39:35.849+0800: 1282.718: Application time: 3.0011359 seconds
2021-12-27T09:39:45.831+0800: 1292.723: Application time: 10.0045144 seconds
2021-12-27T09:39:55.835+0800: 1302.727: Application time: 10.0040770 seconds
2021-12-27T09:40:00.820+0800: 1307.712: Application time: 4.9843577 seconds
2021-12-27T09:40:00.831+0800: 1307.723: Application time: 0.0109888 seconds
2021-12-27T09:40:02.832+0800: 1309.724: Application time: 2.0003833 seconds
2021-12-27T09:40:05.832+0800: 1312.724: Application time: 3.0005834 seconds
2021-12-27T09:40:16.814+0800: 1323.729: Application time: 11.0047893 seconds
2021-12-27T09:40:26.818+0800: 1333.734: Application time: 10.0043774 seconds
2021-12-27T09:40:36.129+0800: 1343.045: Application time: 9.3108384 seconds
2021-12-27T09:41:02.180+0800: 1369.059: Application time: 26.0136319 seconds
2021-12-27T09:41:17.164+0800: 1384.065: Application time: 15.0047608 seconds
2021-12-27T09:41:29.172+0800: 1396.073: Application time: 12.0081272 seconds
2021-12-27T09:41:37.156+0800: 1404.079: Application time: 8.0057854 seconds
2021-12-27T09:41:47.160+0800: 1414.083: Application time: 10.0039535 seconds
2021-12-27T09:42:02.167+0800: 1429.091: Application time: 15.0074417 seconds
2021-12-27T09:42:02.408+0800: 1429.331: Application time: 0.2401245 seconds
2021-12-27T09:42:17.397+0800: 1444.343: Application time: 15.0113333 seconds
2021-12-27T09:42:27.402+0800: 1454.348: Application time: 10.0053645 seconds
2021-12-27T09:42:32.405+0800: 1459.351: Application time: 5.0028905 seconds
2021-12-27T09:42:46.388+0800: 1473.357: Application time: 14.0054782 seconds
2021-12-27T09:43:01.406+0800: 1488.375: Application time: 15.0177362 seconds
2021-12-27T09:43:02.407+0800: 1489.376: Application time: 1.0005362 seconds
2021-12-27T09:43:07.387+0800: 1494.377: Application time: 5.0016579 seconds
2021-12-27T09:43:17.390+0800: 1504.382: Application time: 10.0042921 seconds
2021-12-27T09:43:27.395+0800: 1514.386: Application time: 10.0039500 seconds
2021-12-27T09:43:29.397+0800: 1516.388: Application time: 2.0012406 seconds
2021-12-27T09:43:32.398+0800: 1519.389: Application time: 3.0008809 seconds
2021-12-27T09:43:36.855+0800: 1523.859: Application time: 4.4697186 seconds
2021-12-27T09:43:47.859+0800: 1534.863: Application time: 11.0035475 seconds
2021-12-27T09:43:57.864+0800: 1544.868: Application time: 10.0047388 seconds
2021-12-27T09:44:02.866+0800: 1549.870: Application time: 5.0017465 seconds
2021-12-27T09:44:07.849+0800: 1554.873: Application time: 5.0033667 seconds
2021-12-27T09:44:17.855+0800: 1564.879: Application time: 10.0059007 seconds
2021-12-27T09:44:27.865+0800: 1574.890: Application time: 10.0105838 seconds
2021-12-27T09:44:30.738+0800: 1577.762: Application time: 2.8720998 seconds
2021-12-27T09:44:30.767+0800: 1577.792: Application time: 0.0294775 seconds
2021-12-27T09:44:32.768+0800: 1579.793: Application time: 2.0009778 seconds
2021-12-27T09:44:37.754+0800: 1584.801: Application time: 5.0059672 seconds
2021-12-27T09:44:47.760+0800: 1594.808: Application time: 10.0061669 seconds
2021-12-27T09:44:57.764+0800: 1604.811: Application time: 10.0032255 seconds
2021-12-27T09:45:00.721+0800: 1607.768: Application time: 2.9566168 seconds
2021-12-27T09:45:00.751+0800: 1607.798: Application time: 0.0301788 seconds
2021-12-27T09:45:01.751+0800: 1608.798: Application time: 1.0001630 seconds
2021-12-27T09:45:02.296+0800: 1609.343: Application time: 0.5442640 seconds
2021-12-27T09:45:07.276+0800: 1614.346: Application time: 5.0023976 seconds
2021-12-27T09:45:18.281+0800: 1625.351: Application time: 11.0050767 seconds
2021-12-27T09:45:28.285+0800: 1635.355: Application time: 10.0039684 seconds
2021-12-27T09:45:30.703+0800: 1637.773: Application time: 2.4178900 seconds
2021-12-27T09:45:30.734+0800: 1637.803: Application time: 0.0300187 seconds
2021-12-27T09:45:32.734+0800: 1639.804: Application time: 2.0003552 seconds
2021-12-27T09:46:00.689+0800: 1667.781: Application time: 27.9800575 seconds
2021-12-27T09:46:00.717+0800: 1667.809: Application time: 0.0248348 seconds
2021-12-27T09:46:05.722+0800: 1672.814: Application time: 5.0049382 seconds
2021-12-27T09:46:07.702+0800: 1674.816: Application time: 2.0020560 seconds
2021-12-27T09:46:08.702+0800: 1675.817: Application time: 1.0002094 seconds
2021-12-27T09:46:17.707+0800: 1684.821: Application time: 9.0043509 seconds
2021-12-27T09:46:27.712+0800: 1694.826: Application time: 10.0048612 seconds
2021-12-27T09:46:28.713+0800: 1695.828: Application time: 1.0013015 seconds
2021-12-27T09:46:30.702+0800: 1697.816: Application time: 1.9882247 seconds
2021-12-27T09:46:31.923+0800: 1699.037: Application time: 1.2196001 seconds
2021-12-27T09:46:35.705+0800: 1702.820: Application time: 3.7823484 seconds
2021-12-27T09:46:57.693+0800: 1724.830: Application time: 22.0100125 seconds
2021-12-27T09:47:00.655+0800: 1727.792: Application time: 2.9617318 seconds
2021-12-27T09:47:00.687+0800: 1727.825: Application time: 0.0322219 seconds
