OpenJDK 64-Bit Server VM (25.212-b04) for linux-amd64 JRE (1.8.0_212-b04), built on May  4 2019 17:56:12 by "buildozer" with gcc 8.3.0
Memory: 4k page, physical 10203724k(8123856k free), swap 1048572k(1048572k free)
CommandLine flags: -XX:+CMSClassUnloadingEnabled -XX:CMSFullGCsBeforeCompaction=9 -XX:CMSInitiatingOccupancyFraction=60 -XX:+CMSParallelRemarkEnabled -XX:+DisableExplicitGC -XX:+ExplicitGCInvokesConcurrent -XX:GCLogFileSize=5242880 -XX:+HeapDumpOnOutOfMemoryError -XX:HeapDumpPath=/opt/logs/100003171/HeapDumpOnOutOfMemoryError/ -XX:InitialHeapSize=163259584 -XX:MaxHeapSize=2612153344 -XX:MaxNewSize=348966912 -XX:MaxTenuringThreshold=9 -XX:NumberOfGCLogFiles=5 -XX:OldPLABSize=16 -XX:-OmitStackTraceInFastThrow -XX:ParallelGCThreads=4 -XX:+PrintGC -XX:+PrintGCApplicationConcurrentTime -XX:+PrintGCDateStamps -XX:+PrintGCDetails -XX:+PrintGCTimeStamps -XX:+PrintHeapAtGC -XX:+ScavengeBeforeFullGC -XX:SoftRefLRUPolicyMSPerMB=0 -XX:+UseCMSCompactAtFullCollection -XX:+UseCMSInitiatingOccupancyOnly -XX:+UseCompressedClassPointers -XX:+UseCompressedOops -XX:+UseConcMarkSweepGC -XX:+UseGCLogFileRotation -XX:+UseParNewGC 
2021-12-27T09:18:13.632+0800: 1.080: Application time: 0.8605892 seconds
2021-12-27T09:18:14.639+0800: 2.087: Application time: 1.0001446 seconds
2021-12-27T09:18:15.689+0800: 3.137: Application time: 1.0097180 seconds
2021-12-27T09:18:16.691+0800: 4.139: Application time: 1.0001856 seconds
2021-12-27T09:18:16.827+0800: 4.275: Application time: 0.1352221 seconds
2021-12-27T09:18:17.828+0800: 5.276: Application time: 1.0004737 seconds
2021-12-27T09:18:18.829+0800: 6.277: Application time: 1.0003345 seconds
2021-12-27T09:18:19.835+0800: 7.283: Application time: 1.0014196 seconds
2021-12-27T09:18:20.910+0800: 8.358: Application time: 1.0000905 seconds
2021-12-27T09:18:21.152+0800: 8.600: Application time: 0.2418923 seconds
{Heap before GC invocations=0 (full 0):
 par new generation   total 47936K, used 42624K [0x0000000724400000, 0x0000000727800000, 0x00000007390c0000)
  eden space 42624K, 100% used [0x0000000724400000, 0x0000000726da0000, 0x0000000726da0000)
  from space 5312K,   0% used [0x0000000726da0000, 0x0000000726da0000, 0x00000007272d0000)
  to   space 5312K,   0% used [0x00000007272d0000, 0x00000007272d0000, 0x0000000727800000)
 concurrent mark-sweep generation total 106496K, used 0K [0x00000007390c0000, 0x000000073f8c0000, 0x00000007c0000000)
 Metaspace       used 6405K, capacity 6690K, committed 6912K, reserved 1056768K
  class space    used 596K, capacity 697K, committed 768K, reserved 1048576K
2021-12-27T09:18:21.155+0800: 8.603: [GC (Allocation Failure) 2021-12-27T09:18:21.156+0800: 8.604: [ParNew: 42624K->3402K(47936K), 0.0719058 secs] 42624K->3402K(154432K), 0.0735590 secs] [Times: user=0.01 sys=0.01, real=0.08 secs] 
Heap after GC invocations=1 (full 0):
 par new generation   total 47936K, used 3402K [0x0000000724400000, 0x0000000727800000, 0x00000007390c0000)
  eden space 42624K,   0% used [0x0000000724400000, 0x0000000724400000, 0x0000000726da0000)
  from space 5312K,  64% used [0x00000007272d0000, 0x00000007276229c0, 0x0000000727800000)
  to   space 5312K,   0% used [0x0000000726da0000, 0x0000000726da0000, 0x00000007272d0000)
 concurrent mark-sweep generation total 106496K, used 0K [0x00000007390c0000, 0x000000073f8c0000, 0x00000007c0000000)
 Metaspace       used 6405K, capacity 6690K, committed 6912K, reserved 1056768K
  class space    used 596K, capacity 697K, committed 768K, reserved 1048576K
}
2021-12-27T09:18:21.243+0800: 8.691: Application time: 0.0108743 seconds
2021-12-27T09:18:21.259+0800: 8.707: Application time: 0.0002202 seconds
2021-12-27T09:18:21.259+0800: 8.707: Application time: 0.0000254 seconds
2021-12-27T09:18:21.259+0800: 8.707: Application time: 0.0002125 seconds
2021-12-27T09:18:21.259+0800: 8.707: Application time: 0.0034079 seconds
2021-12-27T09:18:21.262+0800: 8.711: Application time: 0.0000562 seconds
2021-12-27T09:18:21.264+0800: 8.712: Application time: 0.0011830 seconds
2021-12-27T09:18:21.265+0800: 8.713: Application time: 0.0013319 seconds
2021-12-27T09:18:21.266+0800: 8.714: Application time: 0.0000743 seconds
2021-12-27T09:18:21.266+0800: 8.714: Application time: 0.0000525 seconds
2021-12-27T09:18:21.266+0800: 8.714: Application time: 0.0002406 seconds
2021-12-27T09:18:21.266+0800: 8.714: Application time: 0.0000478 seconds
2021-12-27T09:18:21.266+0800: 8.714: Application time: 0.0000510 seconds
2021-12-27T09:18:21.266+0800: 8.714: Application time: 0.0000497 seconds
2021-12-27T09:18:21.266+0800: 8.715: Application time: 0.0000500 seconds
2021-12-27T09:18:21.267+0800: 8.715: Application time: 0.0000513 seconds
2021-12-27T09:18:21.267+0800: 8.715: Application time: 0.0000509 seconds
2021-12-27T09:18:21.267+0800: 8.715: Application time: 0.0000508 seconds
2021-12-27T09:18:21.267+0800: 8.715: Application time: 0.0000514 seconds
2021-12-27T09:18:21.297+0800: 8.745: Application time: 0.0215898 seconds
2021-12-27T09:18:21.304+0800: 8.752: Application time: 0.0072090 seconds
2021-12-27T09:18:21.307+0800: 8.755: Application time: 0.0005099 seconds
2021-12-27T09:18:21.308+0800: 8.756: Application time: 0.0011197 seconds
2021-12-27T09:18:21.308+0800: 8.756: Application time: 0.0001578 seconds
2021-12-27T09:18:21.316+0800: 8.764: Application time: 0.0076158 seconds
2021-12-27T09:18:21.940+0800: 9.388: Application time: 0.6243542 seconds
2021-12-27T09:18:22.942+0800: 10.390: Application time: 1.0007263 seconds
2021-12-27T09:18:23.945+0800: 11.393: Application time: 1.0022964 seconds
2021-12-27T09:18:24.051+0800: 11.499: Application time: 0.1054115 seconds
{Heap before GC invocations=1 (full 0):
 par new generation   total 47936K, used 46026K [0x0000000724400000, 0x0000000727800000, 0x00000007390c0000)
  eden space 42624K, 100% used [0x0000000724400000, 0x0000000726da0000, 0x0000000726da0000)
  from space 5312K,  64% used [0x00000007272d0000, 0x00000007276229c0, 0x0000000727800000)
  to   space 5312K,   0% used [0x0000000726da0000, 0x0000000726da0000, 0x00000007272d0000)
 concurrent mark-sweep generation total 106496K, used 0K [0x00000007390c0000, 0x000000073f8c0000, 0x00000007c0000000)
 Metaspace       used 8186K, capacity 8450K, committed 8704K, reserved 1056768K
  class space    used 816K, capacity 921K, committed 1024K, reserved 1048576K
2021-12-27T09:18:24.071+0800: 11.519: [GC (Allocation Failure) 2021-12-27T09:18:24.071+0800: 11.519: [ParNew: 46026K->2384K(47936K), 0.1674594 secs] 46026K->4560K(154432K), 0.1848040 secs] [Times: user=0.03 sys=0.00, real=0.19 secs] 
Heap after GC invocations=2 (full 0):
 par new generation   total 47936K, used 2384K [0x0000000724400000, 0x0000000727800000, 0x00000007390c0000)
  eden space 42624K,   0% used [0x0000000724400000, 0x0000000724400000, 0x0000000726da0000)
  from space 5312K,  44% used [0x0000000726da0000, 0x0000000726ff40e8, 0x00000007272d0000)
  to   space 5312K,   0% used [0x00000007272d0000, 0x00000007272d0000, 0x0000000727800000)
 concurrent mark-sweep generation total 106496K, used 2175K [0x00000007390c0000, 0x000000073f8c0000, 0x00000007c0000000)
 Metaspace       used 8186K, capacity 8450K, committed 8704K, reserved 1056768K
  class space    used 816K, capacity 921K, committed 1024K, reserved 1048576K
}
2021-12-27T09:18:24.290+0800: 11.738: Application time: 0.0276903 seconds
2021-12-27T09:18:24.290+0800: 11.738: Application time: 0.0000571 seconds
2021-12-27T09:18:24.290+0800: 11.738: Application time: 0.0000897 seconds
2021-12-27T09:18:24.306+0800: 11.754: Application time: 0.0000734 seconds
2021-12-27T09:18:24.307+0800: 11.763: Application time: 0.0090230 seconds
2021-12-27T09:18:24.315+0800: 11.763: Application time: 0.0000637 seconds
2021-12-27T09:18:24.315+0800: 11.763: Application time: 0.0000490 seconds
2021-12-27T09:18:24.315+0800: 11.764: Application time: 0.0000477 seconds
2021-12-27T09:18:24.316+0800: 11.764: Application time: 0.0000479 seconds
2021-12-27T09:18:24.316+0800: 11.764: Application time: 0.0000476 seconds
2021-12-27T09:18:24.316+0800: 11.764: Application time: 0.0000561 seconds
2021-12-27T09:18:24.316+0800: 11.764: Application time: 0.0000476 seconds
2021-12-27T09:18:24.316+0800: 11.764: Application time: 0.0000470 seconds
2021-12-27T09:18:24.316+0800: 11.764: Application time: 0.0000480 seconds
2021-12-27T09:18:24.316+0800: 11.764: Application time: 0.0000470 seconds
2021-12-27T09:18:24.316+0800: 11.764: Application time: 0.0000556 seconds
2021-12-27T09:18:24.316+0800: 11.764: Application time: 0.0000550 seconds
2021-12-27T09:18:24.317+0800: 11.765: Application time: 0.0010161 seconds
2021-12-27T09:18:24.317+0800: 11.778: Application time: 0.0127859 seconds
2021-12-27T09:18:24.330+0800: 11.778: Application time: 0.0000722 seconds
2021-12-27T09:18:24.564+0800: 12.012: Application time: 0.2333315 seconds
2021-12-27T09:18:24.882+0800: 12.330: Application time: 0.3181267 seconds
2021-12-27T09:18:25.731+0800: 13.179: Application time: 0.8481665 seconds
{Heap before GC invocations=2 (full 0):
 par new generation   total 47936K, used 45008K [0x0000000724400000, 0x0000000727800000, 0x00000007390c0000)
  eden space 42624K, 100% used [0x0000000724400000, 0x0000000726da0000, 0x0000000726da0000)
  from space 5312K,  44% used [0x0000000726da0000, 0x0000000726ff40e8, 0x00000007272d0000)
  to   space 5312K,   0% used [0x00000007272d0000, 0x00000007272d0000, 0x0000000727800000)
 concurrent mark-sweep generation total 106496K, used 2175K [0x00000007390c0000, 0x000000073f8c0000, 0x00000007c0000000)
 Metaspace       used 9901K, capacity 10154K, committed 10368K, reserved 1058816K
  class space    used 1057K, capacity 1145K, committed 1152K, reserved 1048576K
2021-12-27T09:18:25.732+0800: 13.180: [GC (Allocation Failure) 2021-12-27T09:18:25.732+0800: 13.180: [ParNew: 45008K->1757K(47936K), 0.0338632 secs] 47184K->3933K(154432K), 0.0414069 secs] [Times: user=0.01 sys=0.00, real=0.04 secs] 
Heap after GC invocations=3 (full 0):
 par new generation   total 47936K, used 1757K [0x0000000724400000, 0x0000000727800000, 0x00000007390c0000)
  eden space 42624K,   0% used [0x0000000724400000, 0x0000000724400000, 0x0000000726da0000)
  from space 5312K,  33% used [0x00000007272d0000, 0x00000007274875a8, 0x0000000727800000)
  to   space 5312K,   0% used [0x0000000726da0000, 0x0000000726da0000, 0x00000007272d0000)
 concurrent mark-sweep generation total 106496K, used 2175K [0x00000007390c0000, 0x000000073f8c0000, 0x00000007c0000000)
 Metaspace       used 9901K, capacity 10154K, committed 10368K, reserved 1058816K
  class space    used 1057K, capacity 1145K, committed 1152K, reserved 1048576K
}
2021-12-27T09:18:25.779+0800: 13.227: Application time: 0.0049360 seconds
2021-12-27T09:18:25.784+0800: 13.232: Application time: 0.0012145 seconds
2021-12-27T09:18:26.790+0800: 14.238: Application time: 1.0001671 seconds
2021-12-27T09:18:27.501+0800: 14.949: Application time: 0.7071602 seconds
{Heap before GC invocations=3 (full 0):
 par new generation   total 47936K, used 44381K [0x0000000724400000, 0x0000000727800000, 0x00000007390c0000)
  eden space 42624K, 100% used [0x0000000724400000, 0x0000000726da0000, 0x0000000726da0000)
  from space 5312K,  33% used [0x00000007272d0000, 0x00000007274875a8, 0x0000000727800000)
  to   space 5312K,   0% used [0x0000000726da0000, 0x0000000726da0000, 0x00000007272d0000)
 concurrent mark-sweep generation total 106496K, used 2175K [0x00000007390c0000, 0x000000073f8c0000, 0x00000007c0000000)
 Metaspace       used 11961K, capacity 12306K, committed 12544K, reserved 1060864K
  class space    used 1297K, capacity 1416K, committed 1536K, reserved 1048576K
2021-12-27T09:18:27.501+0800: 14.950: [GC (Allocation Failure) 2021-12-27T09:18:27.502+0800: 14.950: [ParNew: 44381K->2640K(47936K), 0.0444869 secs] 46557K->4816K(154432K), 0.0457037 secs] [Times: user=0.01 sys=0.00, real=0.05 secs] 
Heap after GC invocations=4 (full 0):
 par new generation   total 47936K, used 2640K [0x0000000724400000, 0x0000000727800000, 0x00000007390c0000)
  eden space 42624K,   0% used [0x0000000724400000, 0x0000000724400000, 0x0000000726da0000)
  from space 5312K,  49% used [0x0000000726da0000, 0x00000007270340c0, 0x00000007272d0000)
  to   space 5312K,   0% used [0x00000007272d0000, 0x00000007272d0000, 0x0000000727800000)
 concurrent mark-sweep generation total 106496K, used 2175K [0x00000007390c0000, 0x000000073f8c0000, 0x00000007c0000000)
 Metaspace       used 11961K, capacity 12306K, committed 12544K, reserved 1060864K
  class space    used 1297K, capacity 1416K, committed 1536K, reserved 1048576K
}
2021-12-27T09:18:28.558+0800: 16.006: Application time: 1.0001762 seconds
2021-12-27T09:18:28.817+0800: 16.265: Application time: 0.2584350 seconds
{Heap before GC invocations=4 (full 0):
 par new generation   total 47936K, used 45264K [0x0000000724400000, 0x0000000727800000, 0x00000007390c0000)
  eden space 42624K, 100% used [0x0000000724400000, 0x0000000726da0000, 0x0000000726da0000)
  from space 5312K,  49% used [0x0000000726da0000, 0x00000007270340c0, 0x00000007272d0000)
  to   space 5312K,   0% used [0x00000007272d0000, 0x00000007272d0000, 0x0000000727800000)
 concurrent mark-sweep generation total 106496K, used 2175K [0x00000007390c0000, 0x000000073f8c0000, 0x00000007c0000000)
 Metaspace       used 12814K, capacity 13126K, committed 13312K, reserved 1060864K
  class space    used 1414K, capacity 1520K, committed 1536K, reserved 1048576K
2021-12-27T09:18:28.818+0800: 16.266: [GC (Allocation Failure) 2021-12-27T09:18:28.818+0800: 16.266: [ParNew: 45264K->3530K(47936K), 0.0073099 secs] 47440K->5706K(154432K), 0.0084406 secs] [Times: user=0.01 sys=0.00, real=0.01 secs] 
Heap after GC invocations=5 (full 0):
 par new generation   total 47936K, used 3530K [0x0000000724400000, 0x0000000727800000, 0x00000007390c0000)
  eden space 42624K,   0% used [0x0000000724400000, 0x0000000724400000, 0x0000000726da0000)
  from space 5312K,  66% used [0x00000007272d0000, 0x0000000727642b10, 0x0000000727800000)
  to   space 5312K,   0% used [0x0000000726da0000, 0x0000000726da0000, 0x00000007272d0000)
 concurrent mark-sweep generation total 106496K, used 2175K [0x00000007390c0000, 0x000000073f8c0000, 0x00000007c0000000)
 Metaspace       used 12814K, capacity 13126K, committed 13312K, reserved 1060864K
  class space    used 1414K, capacity 1520K, committed 1536K, reserved 1048576K
}
2021-12-27T09:18:29.702+0800: 17.150: Application time: 0.8748290 seconds
{Heap before GC invocations=5 (full 0):
 par new generation   total 47936K, used 46154K [0x0000000724400000, 0x0000000727800000, 0x00000007390c0000)
  eden space 42624K, 100% used [0x0000000724400000, 0x0000000726da0000, 0x0000000726da0000)
  from space 5312K,  66% used [0x00000007272d0000, 0x0000000727642b10, 0x0000000727800000)
  to   space 5312K,   0% used [0x0000000726da0000, 0x0000000726da0000, 0x00000007272d0000)
 concurrent mark-sweep generation total 106496K, used 2175K [0x00000007390c0000, 0x000000073f8c0000, 0x00000007c0000000)
 Metaspace       used 13545K, capacity 13866K, committed 13952K, reserved 1060864K
  class space    used 1520K, capacity 1636K, committed 1664K, reserved 1048576K
2021-12-27T09:18:29.703+0800: 17.151: [GC (Allocation Failure) 2021-12-27T09:18:29.703+0800: 17.151: [ParNew: 46154K->2681K(47936K), 0.0423691 secs] 48330K->5594K(154432K), 0.0490564 secs] [Times: user=0.01 sys=0.00, real=0.05 secs] 
Heap after GC invocations=6 (full 0):
 par new generation   total 47936K, used 2681K [0x0000000724400000, 0x0000000727800000, 0x00000007390c0000)
  eden space 42624K,   0% used [0x0000000724400000, 0x0000000724400000, 0x0000000726da0000)
  from space 5312K,  50% used [0x0000000726da0000, 0x000000072703e470, 0x00000007272d0000)
  to   space 5312K,   0% used [0x00000007272d0000, 0x00000007272d0000, 0x0000000727800000)
 concurrent mark-sweep generation total 106496K, used 2913K [0x00000007390c0000, 0x000000073f8c0000, 0x00000007c0000000)
 Metaspace       used 13545K, capacity 13866K, committed 13952K, reserved 1060864K
  class space    used 1520K, capacity 1636K, committed 1664K, reserved 1048576K
}
2021-12-27T09:18:29.758+0800: 17.206: Application time: 0.0048720 seconds
2021-12-27T09:18:30.338+0800: 17.786: Application time: 0.5795238 seconds
{Heap before GC invocations=6 (full 0):
 par new generation   total 47936K, used 45305K [0x0000000724400000, 0x0000000727800000, 0x00000007390c0000)
  eden space 42624K, 100% used [0x0000000724400000, 0x0000000726da0000, 0x0000000726da0000)
  from space 5312K,  50% used [0x0000000726da0000, 0x000000072703e470, 0x00000007272d0000)
  to   space 5312K,   0% used [0x00000007272d0000, 0x00000007272d0000, 0x0000000727800000)
 concurrent mark-sweep generation total 106496K, used 2913K [0x00000007390c0000, 0x000000073f8c0000, 0x00000007c0000000)
 Metaspace       used 14538K, capacity 14902K, committed 15104K, reserved 1062912K
  class space    used 1633K, capacity 1768K, committed 1792K, reserved 1048576K
2021-12-27T09:18:30.339+0800: 17.787: [GC (Allocation Failure) 2021-12-27T09:18:30.340+0800: 17.788: [ParNew: 45305K->1975K(47936K), 0.0471063 secs] 48218K->4889K(154432K), 0.0504108 secs] [Times: user=0.01 sys=0.00, real=0.05 secs] 
Heap after GC invocations=7 (full 0):
 par new generation   total 47936K, used 1975K [0x0000000724400000, 0x0000000727800000, 0x00000007390c0000)
  eden space 42624K,   0% used [0x0000000724400000, 0x0000000724400000, 0x0000000726da0000)
  from space 5312K,  37% used [0x00000007272d0000, 0x00000007274bdd78, 0x0000000727800000)
  to   space 5312K,   0% used [0x0000000726da0000, 0x0000000726da0000, 0x00000007272d0000)
 concurrent mark-sweep generation total 106496K, used 2913K [0x00000007390c0000, 0x000000073f8c0000, 0x00000007c0000000)
 Metaspace       used 14538K, capacity 14902K, committed 15104K, reserved 1062912K
  class space    used 1633K, capacity 1768K, committed 1792K, reserved 1048576K
}
2021-12-27T09:18:30.396+0800: 17.844: Application time: 0.0042918 seconds
2021-12-27T09:18:31.402+0800: 18.850: Application time: 1.0006336 seconds
2021-12-27T09:18:31.924+0800: 19.372: Application time: 0.5216070 seconds
{Heap before GC invocations=7 (full 0):
 par new generation   total 47936K, used 44599K [0x0000000724400000, 0x0000000727800000, 0x00000007390c0000)
  eden space 42624K, 100% used [0x0000000724400000, 0x0000000726da0000, 0x0000000726da0000)
  from space 5312K,  37% used [0x00000007272d0000, 0x00000007274bdd78, 0x0000000727800000)
  to   space 5312K,   0% used [0x0000000726da0000, 0x0000000726da0000, 0x00000007272d0000)
 concurrent mark-sweep generation total 106496K, used 2913K [0x00000007390c0000, 0x000000073f8c0000, 0x00000007c0000000)
 Metaspace       used 15566K, capacity 16054K, committed 16256K, reserved 1062912K
  class space    used 1784K, capacity 1920K, committed 1920K, reserved 1048576K
2021-12-27T09:18:31.925+0800: 19.373: [GC (Allocation Failure) 2021-12-27T09:18:31.925+0800: 19.373: [ParNew: 44599K->2855K(47936K), 0.0378563 secs] 47513K->5769K(154432K), 0.0508122 secs] [Times: user=0.01 sys=0.00, real=0.06 secs] 
Heap after GC invocations=8 (full 0):
 par new generation   total 47936K, used 2855K [0x0000000724400000, 0x0000000727800000, 0x00000007390c0000)
  eden space 42624K,   0% used [0x0000000724400000, 0x0000000724400000, 0x0000000726da0000)
  from space 5312K,  53% used [0x0000000726da0000, 0x0000000727069d78, 0x00000007272d0000)
  to   space 5312K,   0% used [0x00000007272d0000, 0x00000007272d0000, 0x0000000727800000)
 concurrent mark-sweep generation total 106496K, used 2913K [0x00000007390c0000, 0x000000073f8c0000, 0x00000007c0000000)
 Metaspace       used 15566K, capacity 16054K, committed 16256K, reserved 1062912K
  class space    used 1784K, capacity 1920K, committed 1920K, reserved 1048576K
}
2021-12-27T09:18:31.980+0800: 19.428: Application time: 0.0031962 seconds
2021-12-27T09:18:32.492+0800: 19.940: Application time: 0.5103721 seconds
2021-12-27T09:18:32.568+0800: 20.016: Application time: 0.0749489 seconds
2021-12-27T09:18:33.376+0800: 20.824: Application time: 0.8079549 seconds
2021-12-27T09:18:33.378+0800: 20.826: Application time: 0.0019113 seconds
2021-12-27T09:18:33.618+0800: 21.066: Application time: 0.2394725 seconds
2021-12-27T09:18:33.677+0800: 21.125: Application time: 0.0587171 seconds
2021-12-27T09:18:33.849+0800: 21.297: Application time: 0.1705560 seconds
{Heap before GC invocations=8 (full 0):
 par new generation   total 47936K, used 45479K [0x0000000724400000, 0x0000000727800000, 0x00000007390c0000)
  eden space 42624K, 100% used [0x0000000724400000, 0x0000000726da0000, 0x0000000726da0000)
  from space 5312K,  53% used [0x0000000726da0000, 0x0000000727069d78, 0x00000007272d0000)
  to   space 5312K,   0% used [0x00000007272d0000, 0x00000007272d0000, 0x0000000727800000)
 concurrent mark-sweep generation total 106496K, used 2913K [0x00000007390c0000, 0x000000073f8c0000, 0x00000007c0000000)
 Metaspace       used 16878K, capacity 17594K, committed 17792K, reserved 1064960K
  class space    used 1964K, capacity 2146K, committed 2176K, reserved 1048576K
2021-12-27T09:18:33.849+0800: 21.297: [GC (Allocation Failure) 2021-12-27T09:18:33.850+0800: 21.298: [ParNew: 45479K->3303K(47936K), 0.0432058 secs] 48393K->6216K(154432K), 0.0505643 secs] [Times: user=0.01 sys=0.00, real=0.05 secs] 
Heap after GC invocations=9 (full 0):
 par new generation   total 47936K, used 3303K [0x0000000724400000, 0x0000000727800000, 0x00000007390c0000)
  eden space 42624K,   0% used [0x0000000724400000, 0x0000000724400000, 0x0000000726da0000)
  from space 5312K,  62% used [0x00000007272d0000, 0x0000000727609c00, 0x0000000727800000)
  to   space 5312K,   0% used [0x0000000726da0000, 0x0000000726da0000, 0x00000007272d0000)
 concurrent mark-sweep generation total 106496K, used 2913K [0x00000007390c0000, 0x000000073f8c0000, 0x00000007c0000000)
 Metaspace       used 16878K, capacity 17594K, committed 17792K, reserved 1064960K
  class space    used 1964K, capacity 2146K, committed 2176K, reserved 1048576K
}
2021-12-27T09:18:34.689+0800: 22.137: Application time: 0.7874542 seconds
2021-12-27T09:18:34.691+0800: 22.139: Application time: 0.0013449 seconds
2021-12-27T09:18:35.692+0800: 23.140: Application time: 1.0002307 seconds
2021-12-27T09:18:36.067+0800: 23.516: Application time: 0.3736348 seconds
2021-12-27T09:18:36.070+0800: 23.519: Application time: 0.0038525 seconds
2021-12-27T09:18:36.360+0800: 23.808: Application time: 0.2867604 seconds
{Heap before GC invocations=9 (full 0):
 par new generation   total 47936K, used 45927K [0x0000000724400000, 0x0000000727800000, 0x00000007390c0000)
  eden space 42624K, 100% used [0x0000000724400000, 0x0000000726da0000, 0x0000000726da0000)
  from space 5312K,  62% used [0x00000007272d0000, 0x0000000727609c00, 0x0000000727800000)
  to   space 5312K,   0% used [0x0000000726da0000, 0x0000000726da0000, 0x00000007272d0000)
 concurrent mark-sweep generation total 106496K, used 2913K [0x00000007390c0000, 0x000000073f8c0000, 0x00000007c0000000)
 Metaspace       used 17971K, capacity 18730K, committed 19072K, reserved 1067008K
  class space    used 2114K, capacity 2310K, committed 2432K, reserved 1048576K
2021-12-27T09:18:36.360+0800: 23.809: [GC (Allocation Failure) 2021-12-27T09:18:36.363+0800: 23.811: [ParNew: 45927K->3694K(47936K), 0.0947540 secs] 48840K->6608K(154432K), 0.0993558 secs] [Times: user=0.02 sys=0.00, real=0.10 secs] 
Heap after GC invocations=10 (full 0):
 par new generation   total 47936K, used 3694K [0x0000000724400000, 0x0000000727800000, 0x00000007390c0000)
  eden space 42624K,   0% used [0x0000000724400000, 0x0000000724400000, 0x0000000726da0000)
  from space 5312K,  69% used [0x0000000726da0000, 0x000000072713b988, 0x00000007272d0000)
  to   space 5312K,   0% used [0x00000007272d0000, 0x00000007272d0000, 0x0000000727800000)
 concurrent mark-sweep generation total 106496K, used 2913K [0x00000007390c0000, 0x000000073f8c0000, 0x00000007c0000000)
 Metaspace       used 17971K, capacity 18730K, committed 19072K, reserved 1067008K
  class space    used 2114K, capacity 2310K, committed 2432K, reserved 1048576K
}
2021-12-27T09:18:36.467+0800: 23.915: Application time: 0.0045773 seconds
2021-12-27T09:18:36.803+0800: 24.251: Application time: 0.3336909 seconds
2021-12-27T09:18:36.806+0800: 24.254: Application time: 0.0030612 seconds
2021-12-27T09:18:36.808+0800: 24.256: Application time: 0.0004139 seconds
2021-12-27T09:18:36.819+0800: 24.270: Application time: 0.0031999 seconds
2021-12-27T09:18:36.828+0800: 24.276: Application time: 0.0016285 seconds
2021-12-27T09:18:36.851+0800: 24.299: Application time: 0.0015943 seconds
2021-12-27T09:18:36.853+0800: 24.301: Application time: 0.0009987 seconds
2021-12-27T09:18:36.853+0800: 24.301: Application time: 0.0004759 seconds
2021-12-27T09:18:36.855+0800: 24.303: Application time: 0.0000532 seconds
2021-12-27T09:18:36.855+0800: 24.303: Application time: 0.0001090 seconds
2021-12-27T09:18:36.860+0800: 24.308: Application time: 0.0048690 seconds
2021-12-27T09:18:36.884+0800: 24.332: Application time: 0.0204953 seconds
2021-12-27T09:18:36.905+0800: 24.353: Application time: 0.0126211 seconds
2021-12-27T09:18:36.915+0800: 24.364: Application time: 0.0029686 seconds
2021-12-27T09:18:36.918+0800: 24.366: Application time: 0.0012796 seconds
2021-12-27T09:18:36.932+0800: 24.380: Application time: 0.0123933 seconds
2021-12-27T09:18:36.942+0800: 24.390: Application time: 0.0003607 seconds
2021-12-27T09:18:36.950+0800: 24.401: Application time: 0.0115242 seconds
2021-12-27T09:18:36.958+0800: 24.406: Application time: 0.0004195 seconds
2021-12-27T09:18:36.958+0800: 24.406: Application time: 0.0000364 seconds
2021-12-27T09:18:36.958+0800: 24.406: Application time: 0.0000325 seconds
2021-12-27T09:18:36.958+0800: 24.406: Application time: 0.0002668 seconds
2021-12-27T09:18:36.974+0800: 24.422: Application time: 0.0000763 seconds
2021-12-27T09:18:36.974+0800: 24.423: Application time: 0.0000601 seconds
2021-12-27T09:18:36.975+0800: 24.423: Application time: 0.0006539 seconds
2021-12-27T09:18:36.989+0800: 24.437: Application time: 0.0049566 seconds
2021-12-27T09:18:37.005+0800: 24.453: Application time: 0.0135347 seconds
2021-12-27T09:18:37.043+0800: 24.491: Application time: 0.0182480 seconds
2021-12-27T09:18:37.048+0800: 24.496: Application time: 0.0005847 seconds
2021-12-27T09:18:37.049+0800: 24.497: Application time: 0.0000640 seconds
2021-12-27T09:18:37.193+0800: 24.663: Application time: 0.1658877 seconds
2021-12-27T09:18:38.148+0800: 25.618: Application time: 0.9547086 seconds
2021-12-27T09:18:38.167+0800: 25.636: Application time: 0.0001128 seconds
2021-12-27T09:18:38.213+0800: 25.683: Application time: 0.0462834 seconds
2021-12-27T09:18:38.355+0800: 25.825: Application time: 0.0926416 seconds
{Heap before GC invocations=10 (full 0):
 par new generation   total 47936K, used 46318K [0x0000000724400000, 0x0000000727800000, 0x00000007390c0000)
  eden space 42624K, 100% used [0x0000000724400000, 0x0000000726da0000, 0x0000000726da0000)
  from space 5312K,  69% used [0x0000000726da0000, 0x000000072713b988, 0x00000007272d0000)
  to   space 5312K,   0% used [0x00000007272d0000, 0x00000007272d0000, 0x0000000727800000)
 concurrent mark-sweep generation total 106496K, used 2913K [0x00000007390c0000, 0x000000073f8c0000, 0x00000007c0000000)
 Metaspace       used 19552K, capacity 20364K, committed 20480K, reserved 1067008K
  class space    used 2311K, capacity 2512K, committed 2560K, reserved 1048576K
2021-12-27T09:18:38.356+0800: 25.826: [GC (Allocation Failure) 2021-12-27T09:18:38.357+0800: 25.826: [ParNew: 46318K->3740K(47936K), 0.0744529 secs] 49232K->6987K(154432K), 0.0884306 secs] [Times: user=0.01 sys=0.00, real=0.09 secs] 
Heap after GC invocations=11 (full 0):
 par new generation   total 47936K, used 3740K [0x0000000724400000, 0x0000000727800000, 0x00000007390c0000)
  eden space 42624K,   0% used [0x0000000724400000, 0x0000000724400000, 0x0000000726da0000)
  from space 5312K,  70% used [0x00000007272d0000, 0x00000007276773b8, 0x0000000727800000)
  to   space 5312K,   0% used [0x0000000726da0000, 0x0000000726da0000, 0x00000007272d0000)
 concurrent mark-sweep generation total 106496K, used 3246K [0x00000007390c0000, 0x000000073f8c0000, 0x00000007c0000000)
 Metaspace       used 19552K, capacity 20364K, committed 20480K, reserved 1067008K
  class space    used 2311K, capacity 2512K, committed 2560K, reserved 1048576K
}
2021-12-27T09:18:38.666+0800: 26.135: Application time: 0.2196542 seconds
2021-12-27T09:18:38.678+0800: 26.147: Application time: 0.0007154 seconds
2021-12-27T09:18:38.690+0800: 26.160: Application time: 0.0007326 seconds
2021-12-27T09:18:38.712+0800: 26.182: Application time: 0.0219165 seconds
2021-12-27T09:18:38.717+0800: 26.189: Application time: 0.0034566 seconds
2021-12-27T09:18:38.727+0800: 26.197: Application time: 0.0001575 seconds
2021-12-27T09:18:38.769+0800: 26.239: Application time: 0.0415186 seconds
2021-12-27T09:18:38.813+0800: 26.283: Application time: 0.0369129 seconds
2021-12-27T09:18:38.999+0800: 26.469: Application time: 0.1808786 seconds
2021-12-27T09:18:39.026+0800: 26.496: Application time: 0.0155399 seconds
2021-12-27T09:18:39.115+0800: 26.585: Application time: 0.0866984 seconds
2021-12-27T09:18:39.175+0800: 26.645: Application time: 0.0427733 seconds
2021-12-27T09:18:39.248+0800: 26.718: Application time: 0.0668063 seconds
2021-12-27T09:18:39.267+0800: 26.737: Application time: 0.0090682 seconds
2021-12-27T09:18:39.294+0800: 26.766: Application time: 0.0256578 seconds
2021-12-27T09:18:39.329+0800: 26.798: Application time: 0.0328108 seconds
2021-12-27T09:18:39.332+0800: 26.802: Application time: 0.0028938 seconds
2021-12-27T09:18:39.392+0800: 26.862: Application time: 0.0002503 seconds
2021-12-27T09:18:39.393+0800: 26.864: Application time: 0.0012269 seconds
2021-12-27T09:18:39.394+0800: 26.864: Application time: 0.0004783 seconds
2021-12-27T09:18:39.398+0800: 26.868: Application time: 0.0032972 seconds
2021-12-27T09:18:39.398+0800: 26.868: Application time: 0.0001373 seconds
2021-12-27T09:18:39.406+0800: 26.876: Application time: 0.0079013 seconds
2021-12-27T09:18:39.749+0800: 27.219: Application time: 0.3426016 seconds
2021-12-27T09:18:39.831+0800: 27.301: Application time: 0.0821590 seconds
2021-12-27T09:18:39.891+0800: 27.361: Application time: 0.0001522 seconds
2021-12-27T09:18:39.914+0800: 27.384: Application time: 0.0232842 seconds
2021-12-27T09:18:40.044+0800: 27.514: Application time: 0.1233138 seconds
{Heap before GC invocations=11 (full 0):
 par new generation   total 47936K, used 46364K [0x0000000724400000, 0x0000000727800000, 0x00000007390c0000)
  eden space 42624K, 100% used [0x0000000724400000, 0x0000000726da0000, 0x0000000726da0000)
  from space 5312K,  70% used [0x00000007272d0000, 0x00000007276773b8, 0x0000000727800000)
  to   space 5312K,   0% used [0x0000000726da0000, 0x0000000726da0000, 0x00000007272d0000)
 concurrent mark-sweep generation total 106496K, used 3246K [0x00000007390c0000, 0x000000073f8c0000, 0x00000007c0000000)
 Metaspace       used 20565K, capacity 21422K, committed 21552K, reserved 1069056K
  class space    used 2464K, capacity 2661K, committed 2688K, reserved 1048576K
2021-12-27T09:18:40.050+0800: 27.520: [GC (Allocation Failure) 2021-12-27T09:18:40.050+0800: 27.520: [ParNew: 46364K->4460K(47936K), 0.0485702 secs] 49611K->8062K(154432K), 0.0596230 secs] [Times: user=0.01 sys=0.00, real=0.06 secs] 
Heap after GC invocations=12 (full 0):
 par new generation   total 47936K, used 4460K [0x0000000724400000, 0x0000000727800000, 0x00000007390c0000)
  eden space 42624K,   0% used [0x0000000724400000, 0x0000000724400000, 0x0000000726da0000)
  from space 5312K,  83% used [0x0000000726da0000, 0x00000007271fb350, 0x00000007272d0000)
  to   space 5312K,   0% used [0x00000007272d0000, 0x00000007272d0000, 0x0000000727800000)
 concurrent mark-sweep generation total 106496K, used 3601K [0x00000007390c0000, 0x000000073f8c0000, 0x00000007c0000000)
 Metaspace       used 20565K, capacity 21422K, committed 21552K, reserved 1069056K
  class space    used 2464K, capacity 2661K, committed 2688K, reserved 1048576K
}
2021-12-27T09:18:40.123+0800: 27.593: Application time: 0.0128228 seconds
2021-12-27T09:18:40.127+0800: 27.597: [GC (CMS Initial Mark) [1 CMS-initial-mark: 3601K(106496K)] 8883K(154432K), 0.0279983 secs] [Times: user=0.00 sys=0.00, real=0.03 secs] 
2021-12-27T09:18:40.157+0800: 27.626: [CMS-concurrent-mark-start]
2021-12-27T09:18:40.533+0800: 28.003: [CMS-concurrent-mark: 0.377/0.377 secs] [Times: user=0.06 sys=0.01, real=0.37 secs] 
2021-12-27T09:18:40.538+0800: 28.008: Application time: 0.3817050 seconds
2021-12-27T09:18:40.540+0800: 28.010: [CMS-concurrent-preclean-start]
2021-12-27T09:18:40.569+0800: 28.038: [CMS-concurrent-preclean: 0.029/0.029 secs]2021-12-27T09:18:40.570+0800: 28.039: Application time: 0.0305581 seconds
 [Times: user=0.01 sys=0.00, real=0.03 secs] 
2021-12-27T09:18:40.575+0800: 28.045: [CMS-concurrent-abortable-preclean-start]
2021-12-27T09:18:41.576+0800: 29.046: Application time: 1.0010959 seconds
2021-12-27T09:18:41.753+0800: 29.223: Application time: 0.1461687 seconds
2021-12-27T09:18:42.110+0800: 29.579: Application time: 0.3556556 seconds
2021-12-27T09:18:42.156+0800: 29.626: Application time: 0.0272362 seconds
2021-12-27T09:18:42.172+0800: 29.642: Application time: 0.0001403 seconds
2021-12-27T09:18:42.572+0800: 30.042: Application time: 0.3992137 seconds
2021-12-27T09:18:43.030+0800: 30.500: Application time: 0.4290416 seconds
{Heap before GC invocations=12 (full 1):
 par new generation   total 47936K, used 47084K [0x0000000724400000, 0x0000000727800000, 0x00000007390c0000)
  eden space 42624K, 100% used [0x0000000724400000, 0x0000000726da0000, 0x0000000726da0000)
  from space 5312K,  83% used [0x0000000726da0000, 0x00000007271fb350, 0x00000007272d0000)
  to   space 5312K,   0% used [0x00000007272d0000, 0x00000007272d0000, 0x0000000727800000)
 concurrent mark-sweep generation total 106496K, used 3601K [0x00000007390c0000, 0x000000073f8c0000, 0x00000007c0000000)
 Metaspace       used 21669K, capacity 22488K, committed 22624K, reserved 1069056K
  class space    used 2666K, capacity 2844K, committed 2916K, reserved 1048576K
2021-12-27T09:18:43.052+0800: 30.522: [GC (Allocation Failure) 2021-12-27T09:18:43.054+0800: 30.524: [ParNew: 47084K->3904K(47936K), 0.0980936 secs] 50686K->7738K(154432K), 0.1205082 secs] [Times: user=0.01 sys=0.00, real=0.12 secs] 
Heap after GC invocations=13 (full 1):
 par new generation   total 47936K, used 3904K [0x0000000724400000, 0x0000000727800000, 0x00000007390c0000)
  eden space 42624K,   0% used [0x0000000724400000, 0x0000000724400000, 0x0000000726da0000)
  from space 5312K,  73% used [0x00000007272d0000, 0x00000007276a0128, 0x0000000727800000)
  to   space 5312K,   0% used [0x0000000726da0000, 0x0000000726da0000, 0x00000007272d0000)
 concurrent mark-sweep generation total 106496K, used 3834K [0x00000007390c0000, 0x000000073f8c0000, 0x00000007c0000000)
 Metaspace       used 21669K, capacity 22488K, committed 22624K, reserved 1069056K
  class space    used 2666K, capacity 2844K, committed 2916K, reserved 1048576K
}
2021-12-27T09:18:43.174+0800: 30.644: Application time: 0.0004576 seconds
2021-12-27T09:18:43.182+0800: 30.652: Application time: 0.0077363 seconds
2021-12-27T09:18:43.300+0800: 30.770: Application time: 0.1091932 seconds
2021-12-27T09:18:43.797+0800: 31.267: Application time: 0.4964794 seconds
2021-12-27T09:18:44.345+0800: 31.818: Application time: 0.5506547 seconds
2021-12-27T09:18:44.365+0800: 31.835: Application time: 0.0167979 seconds
2021-12-27T09:18:44.411+0800: 31.880: [CMS-concurrent-abortable-preclean: 3.084/3.835 secs] [Times: user=0.61 sys=0.09, real=3.83 secs] 
2021-12-27T09:18:44.449+0800: 31.919: Application time: 0.0398410 seconds
2021-12-27T09:18:44.455+0800: 31.925: [GC (CMS Final Remark) [YG occupancy: 25901 K (47936 K)]2021-12-27T09:18:44.455+0800: 31.925: [Rescan (parallel) , 0.1059136 secs]2021-12-27T09:18:44.562+0800: 32.032: [weak refs processing, 0.0007918 secs]2021-12-27T09:18:44.564+0800: 32.034: [class unloading, 0.0936519 secs]2021-12-27T09:18:44.663+0800: 32.133: [scrub symbol table, 0.0452319 secs]2021-12-27T09:18:44.712+0800: 32.182: [scrub string table, 0.0062755 secs][1 CMS-remark: 3834K(106496K)] 29736K(154432K), 0.2673611 secs] [Times: user=0.02 sys=0.00, real=0.26 secs] 
2021-12-27T09:18:44.724+0800: 32.193: [CMS-concurrent-sweep-start]
2021-12-27T09:18:44.725+0800: 32.195: [CMS-concurrent-sweep: 0.001/0.001 secs] [Times: user=0.00 sys=0.00, real=0.01 secs] 
2021-12-27T09:18:44.728+0800: 32.197: [CMS-concurrent-reset-start]
2021-12-27T09:18:44.847+0800: 32.317: Application time: 0.1236211 seconds
2021-12-27T09:18:45.446+0800: 32.916: Application time: 0.5303035 seconds
2021-12-27T09:18:45.493+0800: 32.962: [CMS-concurrent-reset: 0.649/0.765 secs] [Times: user=0.12 sys=0.03, real=0.76 secs] 
2021-12-27T09:18:45.502+0800: 32.972: Application time: 0.0554573 seconds
2021-12-27T09:18:45.504+0800: 32.973: Application time: 0.0016546 seconds
{Heap before GC invocations=13 (full 1):
 par new generation   total 47936K, used 46565K [0x0000000724400000, 0x0000000727800000, 0x00000007390c0000)
  eden space 42624K, 100% used [0x0000000724400000, 0x0000000726da0000, 0x0000000726da0000)
  from space 5312K,  74% used [0x00000007272d0000, 0x00000007276a9570, 0x0000000727800000)
  to   space 5312K,   0% used [0x0000000726da0000, 0x0000000726da0000, 0x00000007272d0000)
 concurrent mark-sweep generation total 106496K, used 3551K [0x00000007390c0000, 0x000000073f8c0000, 0x00000007c0000000)
 Metaspace       used 22806K, capacity 23705K, committed 23928K, reserved 1071104K
  class space    used 2868K, capacity 3074K, committed 3196K, reserved 1048576K
2021-12-27T09:18:45.504+0800: 32.974: [GC (GCLocker Initiated GC) 2021-12-27T09:18:45.504+0800: 32.974: [ParNew: 46565K->3663K(47936K), 0.0677391 secs] 50116K->7480K(154432K), 0.0750636 secs] [Times: user=0.02 sys=0.00, real=0.08 secs] 
Heap after GC invocations=14 (full 1):
 par new generation   total 47936K, used 3663K [0x0000000724400000, 0x0000000727800000, 0x00000007390c0000)
  eden space 42624K,   0% used [0x0000000724400000, 0x0000000724400000, 0x0000000726da0000)
  from space 5312K,  68% used [0x0000000726da0000, 0x0000000727133da8, 0x00000007272d0000)
  to   space 5312K,   0% used [0x00000007272d0000, 0x00000007272d0000, 0x0000000727800000)
 concurrent mark-sweep generation total 106496K, used 3816K [0x00000007390c0000, 0x000000073f8c0000, 0x00000007c0000000)
 Metaspace       used 22806K, capacity 23705K, committed 23928K, reserved 1071104K
  class space    used 2868K, capacity 3074K, committed 3196K, reserved 1048576K
}
2021-12-27T09:18:46.536+0800: 34.006: Application time: 0.9566392 seconds
{Heap before GC invocations=14 (full 1):
 par new generation   total 47936K, used 46287K [0x0000000724400000, 0x0000000727800000, 0x00000007390c0000)
  eden space 42624K, 100% used [0x0000000724400000, 0x0000000726da0000, 0x0000000726da0000)
  from space 5312K,  68% used [0x0000000726da0000, 0x0000000727133da8, 0x00000007272d0000)
  to   space 5312K,   0% used [0x00000007272d0000, 0x00000007272d0000, 0x0000000727800000)
 concurrent mark-sweep generation total 106496K, used 3816K [0x00000007390c0000, 0x000000073f8c0000, 0x00000007c0000000)
 Metaspace       used 23342K, capacity 24281K, committed 24440K, reserved 1071104K
  class space    used 2932K, capacity 3152K, committed 3196K, reserved 1048576K
2021-12-27T09:18:46.543+0800: 34.013: [GC (Allocation Failure) 2021-12-27T09:18:46.544+0800: 34.013: [ParNew: 46287K->3238K(47936K), 0.0356822 secs] 50104K->7054K(154432K), 0.0365222 secs] [Times: user=0.01 sys=0.00, real=0.04 secs] 
Heap after GC invocations=15 (full 1):
 par new generation   total 47936K, used 3238K [0x0000000724400000, 0x0000000727800000, 0x00000007390c0000)
  eden space 42624K,   0% used [0x0000000724400000, 0x0000000724400000, 0x0000000726da0000)
  from space 5312K,  60% used [0x00000007272d0000, 0x00000007275f9800, 0x0000000727800000)
  to   space 5312K,   0% used [0x0000000726da0000, 0x0000000726da0000, 0x00000007272d0000)
 concurrent mark-sweep generation total 106496K, used 3816K [0x00000007390c0000, 0x000000073f8c0000, 0x00000007c0000000)
 Metaspace       used 23342K, capacity 24281K, committed 24440K, reserved 1071104K
  class space    used 2932K, capacity 3152K, committed 3196K, reserved 1048576K
}
2021-12-27T09:18:46.644+0800: 34.113: Application time: 0.0631558 seconds
2021-12-27T09:18:46.660+0800: 34.130: Application time: 0.0162816 seconds
2021-12-27T09:18:46.698+0800: 34.168: Application time: 0.0011349 seconds
2021-12-27T09:18:46.704+0800: 34.174: Application time: 0.0000711 seconds
2021-12-27T09:18:46.761+0800: 34.231: Application time: 0.0568575 seconds
2021-12-27T09:18:46.813+0800: 34.283: Application time: 0.0505139 seconds
2021-12-27T09:18:46.872+0800: 34.342: Application time: 0.0590273 seconds
2021-12-27T09:18:46.950+0800: 34.420: Application time: 0.0456115 seconds
2021-12-27T09:18:47.255+0800: 34.725: Application time: 0.3046897 seconds
2021-12-27T09:18:47.255+0800: 34.725: Application time: 0.0000429 seconds
2021-12-27T09:18:47.309+0800: 34.779: Application time: 0.0532629 seconds
2021-12-27T09:18:47.365+0800: 34.834: Application time: 0.0558697 seconds
2021-12-27T09:18:47.420+0800: 34.890: Application time: 0.0001297 seconds
2021-12-27T09:18:47.420+0800: 34.890: Application time: 0.0001261 seconds
2021-12-27T09:18:47.711+0800: 35.181: Application time: 0.2909650 seconds
2021-12-27T09:18:48.131+0800: 35.601: Application time: 0.3671733 seconds
{Heap before GC invocations=15 (full 1):
 par new generation   total 47936K, used 45862K [0x0000000724400000, 0x0000000727800000, 0x00000007390c0000)
  eden space 42624K, 100% used [0x0000000724400000, 0x0000000726da0000, 0x0000000726da0000)
  from space 5312K,  60% used [0x00000007272d0000, 0x00000007275f9800, 0x0000000727800000)
  to   space 5312K,   0% used [0x0000000726da0000, 0x0000000726da0000, 0x00000007272d0000)
 concurrent mark-sweep generation total 106496K, used 3816K [0x00000007390c0000, 0x000000073f8c0000, 0x00000007c0000000)
 Metaspace       used 24259K, capacity 25279K, committed 25336K, reserved 1071104K
  class space    used 3043K, capacity 3283K, committed 3324K, reserved 1048576K
2021-12-27T09:18:48.141+0800: 35.611: [GC (Allocation Failure) 2021-12-27T09:18:48.142+0800: 35.612: [ParNew: 45862K->5312K(47936K), 0.1249252 secs] 49678K->9615K(154432K), 0.1260815 secs] [Times: user=0.02 sys=0.00, real=0.13 secs] 
Heap after GC invocations=16 (full 1):
 par new generation   total 47936K, used 5312K [0x0000000724400000, 0x0000000727800000, 0x00000007390c0000)
  eden space 42624K,   0% used [0x0000000724400000, 0x0000000724400000, 0x0000000726da0000)
  from space 5312K, 100% used [0x0000000726da0000, 0x00000007272d0000, 0x00000007272d0000)
  to   space 5312K,   0% used [0x00000007272d0000, 0x00000007272d0000, 0x0000000727800000)
 concurrent mark-sweep generation total 106496K, used 4303K [0x00000007390c0000, 0x000000073f8c0000, 0x00000007c0000000)
 Metaspace       used 24259K, capacity 25279K, committed 25336K, reserved 1071104K
  class space    used 3043K, capacity 3283K, committed 3324K, reserved 1048576K
}
2021-12-27T09:18:49.271+0800: 36.740: Application time: 1.0019179 seconds
2021-12-27T09:18:49.466+0800: 36.936: Application time: 0.1927527 seconds
2021-12-27T09:18:49.855+0800: 37.325: Application time: 0.3191854 seconds
2021-12-27T09:18:49.921+0800: 37.390: Application time: 0.0001078 seconds
2021-12-27T09:18:49.921+0800: 37.391: Application time: 0.0003405 seconds
2021-12-27T09:18:49.922+0800: 37.392: Application time: 0.0013991 seconds
{Heap before GC invocations=16 (full 1):
 par new generation   total 47936K, used 47936K [0x0000000724400000, 0x0000000727800000, 0x00000007390c0000)
  eden space 42624K, 100% used [0x0000000724400000, 0x0000000726da0000, 0x0000000726da0000)
  from space 5312K, 100% used [0x0000000726da0000, 0x00000007272d0000, 0x00000007272d0000)
  to   space 5312K,   0% used [0x00000007272d0000, 0x00000007272d0000, 0x0000000727800000)
 concurrent mark-sweep generation total 106496K, used 4303K [0x00000007390c0000, 0x000000073f8c0000, 0x00000007c0000000)
 Metaspace       used 25445K, capacity 26467K, committed 26744K, reserved 1073152K
  class space    used 3151K, capacity 3379K, committed 3452K, reserved 1048576K
2021-12-27T09:18:49.923+0800: 37.393: [GC (Allocation Failure) 2021-12-27T09:18:49.923+0800: 37.393: [ParNew: 47936K->3919K(47936K), 0.0985402 secs] 52239K->9720K(154432K), 0.1071593 secs] [Times: user=0.02 sys=0.00, real=0.11 secs] 
Heap after GC invocations=17 (full 1):
 par new generation   total 47936K, used 3919K [0x0000000724400000, 0x0000000727800000, 0x00000007390c0000)
  eden space 42624K,   0% used [0x0000000724400000, 0x0000000724400000, 0x0000000726da0000)
  from space 5312K,  73% used [0x00000007272d0000, 0x00000007276a3e90, 0x0000000727800000)
  to   space 5312K,   0% used [0x0000000726da0000, 0x0000000726da0000, 0x00000007272d0000)
 concurrent mark-sweep generation total 106496K, used 5800K [0x00000007390c0000, 0x000000073f8c0000, 0x00000007c0000000)
 Metaspace       used 25445K, capacity 26467K, committed 26744K, reserved 1073152K
  class space    used 3151K, capacity 3379K, committed 3452K, reserved 1048576K
}
2021-12-27T09:18:50.115+0800: 37.585: Application time: 0.0814294 seconds
2021-12-27T09:18:50.302+0800: 37.772: Application time: 0.1842264 seconds
2021-12-27T09:18:51.327+0800: 38.797: Application time: 1.0099393 seconds
2021-12-27T09:18:51.354+0800: 38.824: Application time: 0.0034475 seconds
{Heap before GC invocations=17 (full 1):
 par new generation   total 47936K, used 46543K [0x0000000724400000, 0x0000000727800000, 0x00000007390c0000)
  eden space 42624K, 100% used [0x0000000724400000, 0x0000000726da0000, 0x0000000726da0000)
  from space 5312K,  73% used [0x00000007272d0000, 0x00000007276a3e90, 0x0000000727800000)
  to   space 5312K,   0% used [0x0000000726da0000, 0x0000000726da0000, 0x00000007272d0000)
 concurrent mark-sweep generation total 106496K, used 5800K [0x00000007390c0000, 0x000000073f8c0000, 0x00000007c0000000)
 Metaspace       used 26540K, capacity 27583K, committed 27896K, reserved 1073152K
  class space    used 3257K, capacity 3511K, committed 3580K, reserved 1048576K
2021-12-27T09:18:51.356+0800: 38.825: [GC (Allocation Failure) 2021-12-27T09:18:51.356+0800: 38.826: [ParNew: 46543K->3889K(47936K), 0.0658248 secs] 52344K->10147K(154432K), 0.0882512 secs] [Times: user=0.01 sys=0.01, real=0.09 secs] 
Heap after GC invocations=18 (full 1):
 par new generation   total 47936K, used 3889K [0x0000000724400000, 0x0000000727800000, 0x00000007390c0000)
  eden space 42624K,   0% used [0x0000000724400000, 0x0000000724400000, 0x0000000726da0000)
  from space 5312K,  73% used [0x0000000726da0000, 0x000000072716c558, 0x00000007272d0000)
  to   space 5312K,   0% used [0x00000007272d0000, 0x00000007272d0000, 0x0000000727800000)
 concurrent mark-sweep generation total 106496K, used 6257K [0x00000007390c0000, 0x000000073f8c0000, 0x00000007c0000000)
 Metaspace       used 26540K, capacity 27583K, committed 27896K, reserved 1073152K
  class space    used 3257K, capacity 3511K, committed 3580K, reserved 1048576K
}
2021-12-27T09:18:52.462+0800: 39.932: Application time: 1.0146901 seconds
2021-12-27T09:18:52.701+0800: 40.171: Application time: 0.2376831 seconds
{Heap before GC invocations=18 (full 1):
 par new generation   total 47936K, used 46513K [0x0000000724400000, 0x0000000727800000, 0x00000007390c0000)
  eden space 42624K, 100% used [0x0000000724400000, 0x0000000726da0000, 0x0000000726da0000)
  from space 5312K,  73% used [0x0000000726da0000, 0x000000072716c558, 0x00000007272d0000)
  to   space 5312K,   0% used [0x00000007272d0000, 0x00000007272d0000, 0x0000000727800000)
 concurrent mark-sweep generation total 106496K, used 6257K [0x00000007390c0000, 0x000000073f8c0000, 0x00000007c0000000)
 Metaspace       used 27345K, capacity 28405K, committed 28536K, reserved 1075200K
  class space    used 3355K, capacity 3610K, committed 3708K, reserved 1048576K
2021-12-27T09:18:52.702+0800: 40.172: [GC (Allocation Failure) 2021-12-27T09:18:52.703+0800: 40.173: [ParNew: 46513K->3195K(47936K), 0.0886359 secs] 52771K->9452K(154432K), 0.0905046 secs] [Times: user=0.02 sys=0.00, real=0.09 secs] 
Heap after GC invocations=19 (full 1):
 par new generation   total 47936K, used 3195K [0x0000000724400000, 0x0000000727800000, 0x00000007390c0000)
  eden space 42624K,   0% used [0x0000000724400000, 0x0000000724400000, 0x0000000726da0000)
  from space 5312K,  60% used [0x00000007272d0000, 0x00000007275eec68, 0x0000000727800000)
  to   space 5312K,   0% used [0x0000000726da0000, 0x0000000726da0000, 0x00000007272d0000)
 concurrent mark-sweep generation total 106496K, used 6257K [0x00000007390c0000, 0x000000073f8c0000, 0x00000007c0000000)
 Metaspace       used 27345K, capacity 28405K, committed 28536K, reserved 1075200K
  class space    used 3355K, capacity 3610K, committed 3708K, reserved 1048576K
}
2021-12-27T09:18:53.494+0800: 40.964: Application time: 0.6990409 seconds
2021-12-27T09:18:53.561+0800: 41.030: Application time: 0.0648392 seconds
2021-12-27T09:18:53.567+0800: 41.037: Application time: 0.0019024 seconds
2021-12-27T09:18:53.728+0800: 41.198: Application time: 0.1388068 seconds
2021-12-27T09:18:54.114+0800: 41.594: Application time: 0.3709320 seconds
{Heap before GC invocations=19 (full 1):
 par new generation   total 47936K, used 45819K [0x0000000724400000, 0x0000000727800000, 0x00000007390c0000)
  eden space 42624K, 100% used [0x0000000724400000, 0x0000000726da0000, 0x0000000726da0000)
  from space 5312K,  60% used [0x00000007272d0000, 0x00000007275eec68, 0x0000000727800000)
  to   space 5312K,   0% used [0x0000000726da0000, 0x0000000726da0000, 0x00000007272d0000)
 concurrent mark-sweep generation total 106496K, used 6257K [0x00000007390c0000, 0x000000073f8c0000, 0x00000007c0000000)
 Metaspace       used 28329K, capacity 29449K, committed 29688K, reserved 1075200K
  class space    used 3484K, capacity 3742K, committed 3836K, reserved 1048576K
2021-12-27T09:18:54.131+0800: 41.601: [GC (Allocation Failure) 2021-12-27T09:18:54.132+0800: 41.607: [ParNew: 45819K->5311K(47936K), 0.1711122 secs] 52076K->12472K(154432K), 0.1761490 secs] [Times: user=0.02 sys=0.00, real=0.18 secs] 
Heap after GC invocations=20 (full 1):
 par new generation   total 47936K, used 5311K [0x0000000724400000, 0x0000000727800000, 0x00000007390c0000)
  eden space 42624K,   0% used [0x0000000724400000, 0x0000000724400000, 0x0000000726da0000)
  from space 5312K,  99% used [0x0000000726da0000, 0x00000007272cfff8, 0x00000007272d0000)
  to   space 5312K,   0% used [0x00000007272d0000, 0x00000007272d0000, 0x0000000727800000)
 concurrent mark-sweep generation total 106496K, used 7160K [0x00000007390c0000, 0x000000073f8c0000, 0x00000007c0000000)
 Metaspace       used 28329K, capacity 29449K, committed 29688K, reserved 1075200K
  class space    used 3484K, capacity 3742K, committed 3836K, reserved 1048576K
}
2021-12-27T09:18:54.322+0800: 41.792: Application time: 0.0143725 seconds
2021-12-27T09:18:54.328+0800: 41.798: Application time: 0.0004514 seconds
2021-12-27T09:18:54.330+0800: 41.800: Application time: 0.0017083 seconds
2021-12-27T09:18:54.783+0800: 42.253: Application time: 0.4526618 seconds
2021-12-27T09:18:54.786+0800: 42.256: Application time: 0.0018837 seconds
2021-12-27T09:18:54.788+0800: 42.258: Application time: 0.0019309 seconds
2021-12-27T09:18:54.874+0800: 42.344: Application time: 0.0307648 seconds
2021-12-27T09:18:54.884+0800: 42.354: Application time: 0.0003976 seconds
2021-12-27T09:18:54.886+0800: 42.356: Application time: 0.0001383 seconds
2021-12-27T09:18:54.987+0800: 42.457: Application time: 0.0934786 seconds
{Heap before GC invocations=20 (full 1):
 par new generation   total 47936K, used 47923K [0x0000000724400000, 0x0000000727800000, 0x00000007390c0000)
  eden space 42624K,  99% used [0x0000000724400000, 0x0000000726d9cf10, 0x0000000726da0000)
  from space 5312K,  99% used [0x0000000726da0000, 0x00000007272cfff8, 0x00000007272d0000)
  to   space 5312K,   0% used [0x00000007272d0000, 0x00000007272d0000, 0x0000000727800000)
 concurrent mark-sweep generation total 106496K, used 7160K [0x00000007390c0000, 0x000000073f8c0000, 0x00000007c0000000)
 Metaspace       used 28772K, capacity 29871K, committed 29944K, reserved 1075200K
  class space    used 3531K, capacity 3777K, committed 3836K, reserved 1048576K
2021-12-27T09:18:54.991+0800: 42.461: [GC (Allocation Failure) 2021-12-27T09:18:54.993+0800: 42.463: [ParNew: 47923K->5312K(47936K), 0.2902025 secs] 55084K->16706K(154432K), 0.2987667 secs] [Times: user=0.04 sys=0.01, real=0.30 secs] 
Heap after GC invocations=21 (full 1):
 par new generation   total 47936K, used 5312K [0x0000000724400000, 0x0000000727800000, 0x00000007390c0000)
  eden space 42624K,   0% used [0x0000000724400000, 0x0000000724400000, 0x0000000726da0000)
  from space 5312K, 100% used [0x00000007272d0000, 0x0000000727800000, 0x0000000727800000)
  to   space 5312K,   0% used [0x0000000726da0000, 0x0000000726da0000, 0x00000007272d0000)
 concurrent mark-sweep generation total 106496K, used 11394K [0x00000007390c0000, 0x000000073f8c0000, 0x00000007c0000000)
 Metaspace       used 28772K, capacity 29871K, committed 29944K, reserved 1075200K
  class space    used 3531K, capacity 3777K, committed 3836K, reserved 1048576K
}
2021-12-27T09:18:55.406+0800: 42.875: Application time: 0.1144529 seconds
2021-12-27T09:18:55.424+0800: 42.894: Application time: 0.0002204 seconds
2021-12-27T09:18:55.425+0800: 42.894: Application time: 0.0001701 seconds
2021-12-27T09:18:55.492+0800: 42.962: Application time: 0.0665819 seconds
2021-12-27T09:18:55.493+0800: 42.980: Application time: 0.0181431 seconds
2021-12-27T09:18:55.511+0800: 42.981: Application time: 0.0006813 seconds
2021-12-27T09:18:55.633+0800: 43.103: Application time: 0.0782271 seconds
{Heap before GC invocations=21 (full 1):
 par new generation   total 47936K, used 47936K [0x0000000724400000, 0x0000000727800000, 0x00000007390c0000)
  eden space 42624K, 100% used [0x0000000724400000, 0x0000000726da0000, 0x0000000726da0000)
  from space 5312K, 100% used [0x00000007272d0000, 0x0000000727800000, 0x0000000727800000)
  to   space 5312K,   0% used [0x0000000726da0000, 0x0000000726da0000, 0x00000007272d0000)
 concurrent mark-sweep generation total 106496K, used 11394K [0x00000007390c0000, 0x000000073f8c0000, 0x00000007c0000000)
 Metaspace       used 29117K, capacity 30223K, committed 30456K, reserved 1075200K
  class space    used 3558K, capacity 3809K, committed 3836K, reserved 1048576K
2021-12-27T09:18:55.651+0800: 43.121: [GC (Allocation Failure) 2021-12-27T09:18:55.652+0800: 43.122: [ParNew: 47936K->1754K(47936K), 0.0495545 secs] 59330K->13317K(154432K), 0.0514926 secs] [Times: user=0.01 sys=0.00, real=0.05 secs] 
Heap after GC invocations=22 (full 1):
 par new generation   total 47936K, used 1754K [0x0000000724400000, 0x0000000727800000, 0x00000007390c0000)
  eden space 42624K,   0% used [0x0000000724400000, 0x0000000724400000, 0x0000000726da0000)
  from space 5312K,  33% used [0x0000000726da0000, 0x0000000726f56970, 0x00000007272d0000)
  to   space 5312K,   0% used [0x00000007272d0000, 0x00000007272d0000, 0x0000000727800000)
 concurrent mark-sweep generation total 106496K, used 11562K [0x00000007390c0000, 0x000000073f8c0000, 0x00000007c0000000)
 Metaspace       used 29117K, capacity 30223K, committed 30456K, reserved 1075200K
  class space    used 3558K, capacity 3809K, committed 3836K, reserved 1048576K
}
2021-12-27T09:18:55.730+0800: 43.202: Application time: 0.0285243 seconds
2021-12-27T09:18:55.751+0800: 43.221: Application time: 0.0176642 seconds
2021-12-27T09:18:55.758+0800: 43.227: Application time: 0.0044100 seconds
2021-12-27T09:18:55.776+0800: 43.246: Application time: 0.0024902 seconds
2021-12-27T09:18:55.800+0800: 43.270: Application time: 0.0187250 seconds
2021-12-27T09:18:55.807+0800: 43.276: Application time: 0.0042162 seconds
2021-12-27T09:18:56.218+0800: 43.688: Application time: 0.4003262 seconds
2021-12-27T09:18:56.783+0800: 44.252: Application time: 0.5633545 seconds
{Heap before GC invocations=22 (full 1):
 par new generation   total 47936K, used 44378K [0x0000000724400000, 0x0000000727800000, 0x00000007390c0000)
  eden space 42624K, 100% used [0x0000000724400000, 0x0000000726da0000, 0x0000000726da0000)
  from space 5312K,  33% used [0x0000000726da0000, 0x0000000726f56970, 0x00000007272d0000)
  to   space 5312K,   0% used [0x00000007272d0000, 0x00000007272d0000, 0x0000000727800000)
 concurrent mark-sweep generation total 106496K, used 11562K [0x00000007390c0000, 0x000000073f8c0000, 0x00000007c0000000)
 Metaspace       used 29579K, capacity 30639K, committed 30840K, reserved 1077248K
  class space    used 3602K, capacity 3841K, committed 3964K, reserved 1048576K
2021-12-27T09:18:56.783+0800: 44.253: [GC (Allocation Failure) 2021-12-27T09:18:56.783+0800: 44.253: [ParNew: 44378K->4807K(47936K), 0.2346196 secs] 55941K->16370K(154432K), 0.2355277 secs] [Times: user=0.04 sys=0.00, real=0.24 secs] 
Heap after GC invocations=23 (full 1):
 par new generation   total 47936K, used 4807K [0x0000000724400000, 0x0000000727800000, 0x00000007390c0000)
  eden space 42624K,   0% used [0x0000000724400000, 0x0000000724400000, 0x0000000726da0000)
  from space 5312K,  90% used [0x00000007272d0000, 0x0000000727781fe0, 0x0000000727800000)
  to   space 5312K,   0% used [0x0000000726da0000, 0x0000000726da0000, 0x00000007272d0000)
 concurrent mark-sweep generation total 106496K, used 11562K [0x00000007390c0000, 0x000000073f8c0000, 0x00000007c0000000)
 Metaspace       used 29579K, capacity 30639K, committed 30840K, reserved 1077248K
  class space    used 3602K, capacity 3841K, committed 3964K, reserved 1048576K
}
2021-12-27T09:18:57.532+0800: 45.002: Application time: 0.5121222 seconds
2021-12-27T09:18:57.867+0800: 45.337: Application time: 0.3341823 seconds
{Heap before GC invocations=23 (full 1):
 par new generation   total 47936K, used 47431K [0x0000000724400000, 0x0000000727800000, 0x00000007390c0000)
  eden space 42624K, 100% used [0x0000000724400000, 0x0000000726da0000, 0x0000000726da0000)
  from space 5312K,  90% used [0x00000007272d0000, 0x0000000727781fe0, 0x0000000727800000)
  to   space 5312K,   0% used [0x0000000726da0000, 0x0000000726da0000, 0x00000007272d0000)
 concurrent mark-sweep generation total 106496K, used 11562K [0x00000007390c0000, 0x000000073f8c0000, 0x00000007c0000000)
 Metaspace       used 29697K, capacity 30799K, committed 31096K, reserved 1077248K
  class space    used 3618K, capacity 3873K, committed 3964K, reserved 1048576K
2021-12-27T09:18:57.868+0800: 45.338: [GC (Allocation Failure) 2021-12-27T09:18:57.869+0800: 45.338: [ParNew: 47431K->5312K(47936K), 0.1146984 secs] 58994K->17491K(154432K), 0.1197724 secs] [Times: user=0.03 sys=0.01, real=0.12 secs] 
Heap after GC invocations=24 (full 1):
 par new generation   total 47936K, used 5312K [0x0000000724400000, 0x0000000727800000, 0x00000007390c0000)
  eden space 42624K,   0% used [0x0000000724400000, 0x0000000724400000, 0x0000000726da0000)
  from space 5312K, 100% used [0x0000000726da0000, 0x00000007272d0000, 0x00000007272d0000)
  to   space 5312K,   0% used [0x00000007272d0000, 0x00000007272d0000, 0x0000000727800000)
 concurrent mark-sweep generation total 106496K, used 12179K [0x00000007390c0000, 0x000000073f8c0000, 0x00000007c0000000)
 Metaspace       used 29697K, capacity 30799K, committed 31096K, reserved 1077248K
  class space    used 3618K, capacity 3873K, committed 3964K, reserved 1048576K
}
2021-12-27T09:18:58.093+0800: 45.563: Application time: 0.1042001 seconds
2021-12-27T09:18:58.535+0800: 46.005: Application time: 0.4221566 seconds
2021-12-27T09:18:58.577+0800: 46.047: Application time: 0.0420505 seconds
{Heap before GC invocations=24 (full 1):
 par new generation   total 47936K, used 47936K [0x0000000724400000, 0x0000000727800000, 0x00000007390c0000)
  eden space 42624K, 100% used [0x0000000724400000, 0x0000000726da0000, 0x0000000726da0000)
  from space 5312K, 100% used [0x0000000726da0000, 0x00000007272d0000, 0x00000007272d0000)
  to   space 5312K,   0% used [0x00000007272d0000, 0x00000007272d0000, 0x0000000727800000)
 concurrent mark-sweep generation total 106496K, used 12179K [0x00000007390c0000, 0x000000073f8c0000, 0x00000007c0000000)
 Metaspace       used 29716K, capacity 30799K, committed 31096K, reserved 1077248K
  class space    used 3618K, capacity 3873K, committed 3964K, reserved 1048576K
2021-12-27T09:18:58.578+0800: 46.048: [GC (Allocation Failure) 2021-12-27T09:18:58.579+0800: 46.049: [ParNew: 47936K->5311K(47936K), 0.1135232 secs] 60115K->18718K(154432K), 0.1186527 secs] [Times: user=0.02 sys=0.00, real=0.12 secs] 
Heap after GC invocations=25 (full 1):
 par new generation   total 47936K, used 5311K [0x0000000724400000, 0x0000000727800000, 0x00000007390c0000)
  eden space 42624K,   0% used [0x0000000724400000, 0x0000000724400000, 0x0000000726da0000)
  from space 5312K,  99% used [0x00000007272d0000, 0x00000007277ffff8, 0x0000000727800000)
  to   space 5312K,   0% used [0x0000000726da0000, 0x0000000726da0000, 0x00000007272d0000)
 concurrent mark-sweep generation total 106496K, used 13406K [0x00000007390c0000, 0x000000073f8c0000, 0x00000007c0000000)
 Metaspace       used 29716K, capacity 30799K, committed 31096K, reserved 1077248K
  class space    used 3618K, capacity 3873K, committed 3964K, reserved 1048576K
}
2021-12-27T09:18:59.259+0800: 46.729: Application time: 0.5605241 seconds
2021-12-27T09:18:59.317+0800: 46.787: Application time: 0.0573653 seconds
{Heap before GC invocations=25 (full 1):
 par new generation   total 47936K, used 47935K [0x0000000724400000, 0x0000000727800000, 0x00000007390c0000)
  eden space 42624K, 100% used [0x0000000724400000, 0x0000000726da0000, 0x0000000726da0000)
  from space 5312K,  99% used [0x00000007272d0000, 0x00000007277ffff8, 0x0000000727800000)
  to   space 5312K,   0% used [0x0000000726da0000, 0x0000000726da0000, 0x00000007272d0000)
 concurrent mark-sweep generation total 106496K, used 13406K [0x00000007390c0000, 0x000000073f8c0000, 0x00000007c0000000)
 Metaspace       used 29716K, capacity 30799K, committed 31096K, reserved 1077248K
  class space    used 3618K, capacity 3873K, committed 3964K, reserved 1048576K
2021-12-27T09:18:59.322+0800: 46.792: [GC (Allocation Failure) 2021-12-27T09:18:59.323+0800: 46.793: [ParNew: 47935K->5311K(47936K), 0.1927239 secs] 61342K->19839K(154432K), 0.1952212 secs] [Times: user=0.02 sys=0.00, real=0.20 secs] 
Heap after GC invocations=26 (full 1):
 par new generation   total 47936K, used 5311K [0x0000000724400000, 0x0000000727800000, 0x00000007390c0000)
  eden space 42624K,   0% used [0x0000000724400000, 0x0000000724400000, 0x0000000726da0000)
  from space 5312K,  99% used [0x0000000726da0000, 0x00000007272cfff8, 0x00000007272d0000)
  to   space 5312K,   0% used [0x00000007272d0000, 0x00000007272d0000, 0x0000000727800000)
 concurrent mark-sweep generation total 106496K, used 14527K [0x00000007390c0000, 0x000000073f8c0000, 0x00000007c0000000)
 Metaspace       used 29716K, capacity 30799K, committed 31096K, reserved 1077248K
  class space    used 3618K, capacity 3873K, committed 3964K, reserved 1048576K
}
2021-12-27T09:19:00.080+0800: 47.550: Application time: 0.5619184 seconds
2021-12-27T09:19:00.294+0800: 47.764: Application time: 0.2046605 seconds
{Heap before GC invocations=26 (full 1):
 par new generation   total 47936K, used 47935K [0x0000000724400000, 0x0000000727800000, 0x00000007390c0000)
  eden space 42624K, 100% used [0x0000000724400000, 0x0000000726da0000, 0x0000000726da0000)
  from space 5312K,  99% used [0x0000000726da0000, 0x00000007272cfff8, 0x00000007272d0000)
  to   space 5312K,   0% used [0x00000007272d0000, 0x00000007272d0000, 0x0000000727800000)
 concurrent mark-sweep generation total 106496K, used 14527K [0x00000007390c0000, 0x000000073f8c0000, 0x00000007c0000000)
 Metaspace       used 29720K, capacity 30799K, committed 31096K, reserved 1077248K
  class space    used 3618K, capacity 3873K, committed 3964K, reserved 1048576K
2021-12-27T09:19:00.305+0800: 47.775: [GC (Allocation Failure) 2021-12-27T09:19:00.306+0800: 47.776: [ParNew: 47935K->5312K(47936K), 0.1080305 secs] 62463K->19865K(154432K), 0.1136151 secs] [Times: user=0.02 sys=0.00, real=0.11 secs] 
Heap after GC invocations=27 (full 1):
 par new generation   total 47936K, used 5312K [0x0000000724400000, 0x0000000727800000, 0x00000007390c0000)
  eden space 42624K,   0% used [0x0000000724400000, 0x0000000724400000, 0x0000000726da0000)
  from space 5312K, 100% used [0x00000007272d0000, 0x0000000727800000, 0x0000000727800000)
  to   space 5312K,   0% used [0x0000000726da0000, 0x0000000726da0000, 0x00000007272d0000)
 concurrent mark-sweep generation total 106496K, used 14553K [0x00000007390c0000, 0x000000073f8c0000, 0x00000007c0000000)
 Metaspace       used 29720K, capacity 30799K, committed 31096K, reserved 1077248K
  class space    used 3618K, capacity 3873K, committed 3964K, reserved 1048576K
}
2021-12-27T09:19:00.604+0800: 48.074: Application time: 0.1837443 seconds
2021-12-27T09:19:00.863+0800: 48.333: Application time: 0.2589491 seconds
{Heap before GC invocations=27 (full 1):
 par new generation   total 47936K, used 47936K [0x0000000724400000, 0x0000000727800000, 0x00000007390c0000)
  eden space 42624K, 100% used [0x0000000724400000, 0x0000000726da0000, 0x0000000726da0000)
  from space 5312K, 100% used [0x00000007272d0000, 0x0000000727800000, 0x0000000727800000)
  to   space 5312K,   0% used [0x0000000726da0000, 0x0000000726da0000, 0x00000007272d0000)
 concurrent mark-sweep generation total 106496K, used 14553K [0x00000007390c0000, 0x000000073f8c0000, 0x00000007c0000000)
 Metaspace       used 29720K, capacity 30799K, committed 31096K, reserved 1077248K
  class space    used 3618K, capacity 3873K, committed 3964K, reserved 1048576K
2021-12-27T09:19:00.864+0800: 48.334: [GC (Allocation Failure) 2021-12-27T09:19:00.864+0800: 48.334: [ParNew: 47936K->5163K(47936K), 0.0807114 secs] 62489K->19743K(154432K), 0.0937497 secs] [Times: user=0.02 sys=0.00, real=0.10 secs] 
Heap after GC invocations=28 (full 1):
 par new generation   total 47936K, used 5163K [0x0000000724400000, 0x0000000727800000, 0x00000007390c0000)
  eden space 42624K,   0% used [0x0000000724400000, 0x0000000724400000, 0x0000000726da0000)
  from space 5312K,  97% used [0x0000000726da0000, 0x00000007272aace0, 0x00000007272d0000)
  to   space 5312K,   0% used [0x00000007272d0000, 0x00000007272d0000, 0x0000000727800000)
 concurrent mark-sweep generation total 106496K, used 14580K [0x00000007390c0000, 0x000000073f8c0000, 0x00000007c0000000)
 Metaspace       used 29720K, capacity 30799K, committed 31096K, reserved 1077248K
  class space    used 3618K, capacity 3873K, committed 3964K, reserved 1048576K
}
2021-12-27T09:19:01.959+0800: 49.428: Application time: 1.0001660 seconds
2021-12-27T09:19:02.036+0800: 49.505: Application time: 0.0714681 seconds
{Heap before GC invocations=28 (full 1):
 par new generation   total 47936K, used 47787K [0x0000000724400000, 0x0000000727800000, 0x00000007390c0000)
  eden space 42624K, 100% used [0x0000000724400000, 0x0000000726da0000, 0x0000000726da0000)
  from space 5312K,  97% used [0x0000000726da0000, 0x00000007272aace0, 0x00000007272d0000)
  to   space 5312K,   0% used [0x00000007272d0000, 0x00000007272d0000, 0x0000000727800000)
 concurrent mark-sweep generation total 106496K, used 14580K [0x00000007390c0000, 0x000000073f8c0000, 0x00000007c0000000)
 Metaspace       used 29960K, capacity 31159K, committed 31352K, reserved 1077248K
  class space    used 3652K, capacity 3919K, committed 3964K, reserved 1048576K
2021-12-27T09:19:02.036+0800: 49.506: [GC (Allocation Failure) 2021-12-27T09:19:02.036+0800: 49.506: [ParNew: 47787K->2940K(47936K), 0.0334199 secs] 62367K->17544K(154432K), 0.0470095 secs] [Times: user=0.02 sys=0.00, real=0.04 secs] 
Heap after GC invocations=29 (full 1):
 par new generation   total 47936K, used 2940K [0x0000000724400000, 0x0000000727800000, 0x00000007390c0000)
  eden space 42624K,   0% used [0x0000000724400000, 0x0000000724400000, 0x0000000726da0000)
  from space 5312K,  55% used [0x00000007272d0000, 0x00000007275af040, 0x0000000727800000)
  to   space 5312K,   0% used [0x0000000726da0000, 0x0000000726da0000, 0x00000007272d0000)
 concurrent mark-sweep generation total 106496K, used 14603K [0x00000007390c0000, 0x000000073f8c0000, 0x00000007c0000000)
 Metaspace       used 29960K, capacity 31159K, committed 31352K, reserved 1077248K
  class space    used 3652K, capacity 3919K, committed 3964K, reserved 1048576K
}
2021-12-27T09:19:03.087+0800: 50.557: Application time: 1.0029568 seconds
2021-12-27T09:19:03.448+0800: 50.917: Application time: 0.3523369 seconds
{Heap before GC invocations=29 (full 1):
 par new generation   total 47936K, used 45564K [0x0000000724400000, 0x0000000727800000, 0x00000007390c0000)
  eden space 42624K, 100% used [0x0000000724400000, 0x0000000726da0000, 0x0000000726da0000)
  from space 5312K,  55% used [0x00000007272d0000, 0x00000007275af040, 0x0000000727800000)
  to   space 5312K,   0% used [0x0000000726da0000, 0x0000000726da0000, 0x00000007272d0000)
 concurrent mark-sweep generation total 106496K, used 14603K [0x00000007390c0000, 0x000000073f8c0000, 0x00000007c0000000)
 Metaspace       used 30545K, capacity 31703K, committed 31864K, reserved 1077248K
  class space    used 3718K, capacity 3961K, committed 3964K, reserved 1048576K
2021-12-27T09:19:03.448+0800: 50.918: [GC (Allocation Failure) 2021-12-27T09:19:03.449+0800: 50.919: [ParNew: 45564K->2532K(47936K), 0.0796337 secs] 60168K->18094K(154432K), 0.0858005 secs] [Times: user=0.02 sys=0.00, real=0.09 secs] 
Heap after GC invocations=30 (full 1):
 par new generation   total 47936K, used 2532K [0x0000000724400000, 0x0000000727800000, 0x00000007390c0000)
  eden space 42624K,   0% used [0x0000000724400000, 0x0000000724400000, 0x0000000726da0000)
  from space 5312K,  47% used [0x0000000726da0000, 0x0000000727019118, 0x00000007272d0000)
  to   space 5312K,   0% used [0x00000007272d0000, 0x00000007272d0000, 0x0000000727800000)
 concurrent mark-sweep generation total 106496K, used 15562K [0x00000007390c0000, 0x000000073f8c0000, 0x00000007c0000000)
 Metaspace       used 30545K, capacity 31703K, committed 31864K, reserved 1077248K
  class space    used 3718K, capacity 3961K, committed 3964K, reserved 1048576K
}
2021-12-27T09:19:04.537+0800: 52.007: Application time: 1.0023896 seconds
2021-12-27T09:19:04.871+0800: 52.341: Application time: 0.3183264 seconds
{Heap before GC invocations=30 (full 1):
 par new generation   total 47936K, used 45156K [0x0000000724400000, 0x0000000727800000, 0x00000007390c0000)
  eden space 42624K, 100% used [0x0000000724400000, 0x0000000726da0000, 0x0000000726da0000)
  from space 5312K,  47% used [0x0000000726da0000, 0x0000000727019118, 0x00000007272d0000)
  to   space 5312K,   0% used [0x00000007272d0000, 0x00000007272d0000, 0x0000000727800000)
 concurrent mark-sweep generation total 106496K, used 15562K [0x00000007390c0000, 0x000000073f8c0000, 0x00000007c0000000)
 Metaspace       used 30809K, capacity 31987K, committed 32248K, reserved 1077248K
  class space    used 3753K, capacity 4007K, committed 4092K, reserved 1048576K
2021-12-27T09:19:04.874+0800: 52.344: [GC (Allocation Failure) 2021-12-27T09:19:04.879+0800: 52.348: [ParNew: 45156K->2653K(47936K), 0.0604600 secs] 60718K->18216K(154432K), 0.0800979 secs] [Times: user=0.01 sys=0.00, real=0.08 secs] 
Heap after GC invocations=31 (full 1):
 par new generation   total 47936K, used 2653K [0x0000000724400000, 0x0000000727800000, 0x00000007390c0000)
  eden space 42624K,   0% used [0x0000000724400000, 0x0000000724400000, 0x0000000726da0000)
  from space 5312K,  49% used [0x00000007272d0000, 0x00000007275677d0, 0x0000000727800000)
  to   space 5312K,   0% used [0x0000000726da0000, 0x0000000726da0000, 0x00000007272d0000)
 concurrent mark-sweep generation total 106496K, used 15562K [0x00000007390c0000, 0x000000073f8c0000, 0x00000007c0000000)
 Metaspace       used 30809K, capacity 31987K, committed 32248K, reserved 1077248K
  class space    used 3753K, capacity 4007K, committed 4092K, reserved 1048576K
}
2021-12-27T09:19:05.883+0800: 53.353: Application time: 0.9260527 seconds
2021-12-27T09:19:06.337+0800: 53.806: Application time: 0.4531030 seconds
{Heap before GC invocations=31 (full 1):
 par new generation   total 47936K, used 45277K [0x0000000724400000, 0x0000000727800000, 0x00000007390c0000)
  eden space 42624K, 100% used [0x0000000724400000, 0x0000000726da0000, 0x0000000726da0000)
  from space 5312K,  49% used [0x00000007272d0000, 0x00000007275677d0, 0x0000000727800000)
  to   space 5312K,   0% used [0x0000000726da0000, 0x0000000726da0000, 0x00000007272d0000)
 concurrent mark-sweep generation total 106496K, used 15562K [0x00000007390c0000, 0x000000073f8c0000, 0x00000007c0000000)
 Metaspace       used 31112K, capacity 32339K, committed 32504K, reserved 1077248K
  class space    used 3790K, capacity 4051K, committed 4092K, reserved 1048576K
2021-12-27T09:19:06.337+0800: 53.807: [GC (Allocation Failure) 2021-12-27T09:19:06.337+0800: 53.807: [ParNew: 45277K->3158K(47936K), 0.0373319 secs] 60840K->18721K(154432K), 0.0382832 secs] [Times: user=0.01 sys=0.00, real=0.04 secs] 
Heap after GC invocations=32 (full 1):
 par new generation   total 47936K, used 3158K [0x0000000724400000, 0x0000000727800000, 0x00000007390c0000)
  eden space 42624K,   0% used [0x0000000724400000, 0x0000000724400000, 0x0000000726da0000)
  from space 5312K,  59% used [0x0000000726da0000, 0x00000007270b5b88, 0x00000007272d0000)
  to   space 5312K,   0% used [0x00000007272d0000, 0x00000007272d0000, 0x0000000727800000)
 concurrent mark-sweep generation total 106496K, used 15562K [0x00000007390c0000, 0x000000073f8c0000, 0x00000007c0000000)
 Metaspace       used 31112K, capacity 32339K, committed 32504K, reserved 1077248K
  class space    used 3790K, capacity 4051K, committed 4092K, reserved 1048576K
}
2021-12-27T09:19:07.354+0800: 54.847: Application time: 1.0009040 seconds
2021-12-27T09:19:07.661+0800: 55.154: Application time: 0.3038227 seconds
{Heap before GC invocations=32 (full 1):
 par new generation   total 47936K, used 45782K [0x0000000724400000, 0x0000000727800000, 0x00000007390c0000)
  eden space 42624K, 100% used [0x0000000724400000, 0x0000000726da0000, 0x0000000726da0000)
  from space 5312K,  59% used [0x0000000726da0000, 0x00000007270b5b88, 0x00000007272d0000)
  to   space 5312K,   0% used [0x00000007272d0000, 0x00000007272d0000, 0x0000000727800000)
 concurrent mark-sweep generation total 106496K, used 15562K [0x00000007390c0000, 0x000000073f8c0000, 0x00000007c0000000)
 Metaspace       used 31188K, capacity 32445K, committed 32504K, reserved 1077248K
  class space    used 3802K, capacity 4056K, committed 4092K, reserved 1048576K
2021-12-27T09:19:07.667+0800: 55.160: [GC (Allocation Failure) 2021-12-27T09:19:07.668+0800: 55.161: [ParNew: 45782K->3912K(47936K), 0.0923408 secs] 61345K->19820K(154432K), 0.1054653 secs] [Times: user=0.02 sys=0.00, real=0.11 secs] 
Heap after GC invocations=33 (full 1):
 par new generation   total 47936K, used 3912K [0x0000000724400000, 0x0000000727800000, 0x00000007390c0000)
  eden space 42624K,   0% used [0x0000000724400000, 0x0000000724400000, 0x0000000726da0000)
  from space 5312K,  73% used [0x00000007272d0000, 0x00000007276a2030, 0x0000000727800000)
  to   space 5312K,   0% used [0x0000000726da0000, 0x0000000726da0000, 0x00000007272d0000)
 concurrent mark-sweep generation total 106496K, used 15908K [0x00000007390c0000, 0x000000073f8c0000, 0x00000007c0000000)
 Metaspace       used 31188K, capacity 32445K, committed 32504K, reserved 1077248K
  class space    used 3802K, capacity 4056K, committed 4092K, reserved 1048576K
}
2021-12-27T09:19:07.857+0800: 55.350: Application time: 0.0834624 seconds
2021-12-27T09:19:08.779+0800: 56.272: Application time: 0.9189038 seconds
2021-12-27T09:19:09.378+0800: 56.871: Application time: 0.5939950 seconds
{Heap before GC invocations=33 (full 1):
 par new generation   total 47936K, used 46536K [0x0000000724400000, 0x0000000727800000, 0x00000007390c0000)
  eden space 42624K, 100% used [0x0000000724400000, 0x0000000726da0000, 0x0000000726da0000)
  from space 5312K,  73% used [0x00000007272d0000, 0x00000007276a2030, 0x0000000727800000)
  to   space 5312K,   0% used [0x0000000726da0000, 0x0000000726da0000, 0x00000007272d0000)
 concurrent mark-sweep generation total 106496K, used 15908K [0x00000007390c0000, 0x000000073f8c0000, 0x00000007c0000000)
 Metaspace       used 31697K, capacity 33013K, committed 33400K, reserved 1079296K
  class space    used 3872K, capacity 4130K, committed 4220K, reserved 1048576K
2021-12-27T09:19:09.380+0800: 56.872: [GC (Allocation Failure) 2021-12-27T09:19:09.382+0800: 56.874: [ParNew: 46536K->3995K(47936K), 0.1065438 secs] 62444K->20618K(154432K), 0.1089861 secs] [Times: user=0.02 sys=0.00, real=0.11 secs] 
Heap after GC invocations=34 (full 1):
 par new generation   total 47936K, used 3995K [0x0000000724400000, 0x0000000727800000, 0x00000007390c0000)
  eden space 42624K,   0% used [0x0000000724400000, 0x0000000724400000, 0x0000000726da0000)
  from space 5312K,  75% used [0x0000000726da0000, 0x0000000727186f70, 0x00000007272d0000)
  to   space 5312K,   0% used [0x00000007272d0000, 0x00000007272d0000, 0x0000000727800000)
 concurrent mark-sweep generation total 106496K, used 16622K [0x00000007390c0000, 0x000000073f8c0000, 0x00000007c0000000)
 Metaspace       used 31697K, capacity 33013K, committed 33400K, reserved 1079296K
  class space    used 3872K, capacity 4130K, committed 4220K, reserved 1048576K
}
2021-12-27T09:19:10.490+0800: 57.982: Application time: 1.0001582 seconds
2021-12-27T09:19:11.330+0800: 58.823: Application time: 0.8325949 seconds
{Heap before GC invocations=34 (full 1):
 par new generation   total 47936K, used 46619K [0x0000000724400000, 0x0000000727800000, 0x00000007390c0000)
  eden space 42624K, 100% used [0x0000000724400000, 0x0000000726da0000, 0x0000000726da0000)
  from space 5312K,  75% used [0x0000000726da0000, 0x0000000727186f70, 0x00000007272d0000)
  to   space 5312K,   0% used [0x00000007272d0000, 0x00000007272d0000, 0x0000000727800000)
 concurrent mark-sweep generation total 106496K, used 16622K [0x00000007390c0000, 0x000000073f8c0000, 0x00000007c0000000)
 Metaspace       used 32561K, capacity 33921K, committed 34040K, reserved 1079296K
  class space    used 3991K, capacity 4286K, committed 4348K, reserved 1048576K
2021-12-27T09:19:11.331+0800: 58.824: [GC (Allocation Failure) 2021-12-27T09:19:11.331+0800: 58.824: [ParNew: 46619K->3009K(47936K), 0.0597648 secs] 63242K->19981K(154432K), 0.0636550 secs] [Times: user=0.02 sys=0.00, real=0.07 secs] 
Heap after GC invocations=35 (full 1):
 par new generation   total 47936K, used 3009K [0x0000000724400000, 0x0000000727800000, 0x00000007390c0000)
  eden space 42624K,   0% used [0x0000000724400000, 0x0000000724400000, 0x0000000726da0000)
  from space 5312K,  56% used [0x00000007272d0000, 0x00000007275c0788, 0x0000000727800000)
  to   space 5312K,   0% used [0x0000000726da0000, 0x0000000726da0000, 0x00000007272d0000)
 concurrent mark-sweep generation total 106496K, used 16971K [0x00000007390c0000, 0x000000073f8c0000, 0x00000007c0000000)
 Metaspace       used 32561K, capacity 33921K, committed 34040K, reserved 1079296K
  class space    used 3991K, capacity 4286K, committed 4348K, reserved 1048576K
}
2021-12-27T09:19:12.397+0800: 59.890: Application time: 1.0016104 seconds
2021-12-27T09:19:13.413+0800: 60.906: Application time: 1.0001278 seconds
2021-12-27T09:19:13.542+0800: 61.034: Application time: 0.1159012 seconds
{Heap before GC invocations=35 (full 1):
 par new generation   total 47936K, used 45633K [0x0000000724400000, 0x0000000727800000, 0x00000007390c0000)
  eden space 42624K, 100% used [0x0000000724400000, 0x0000000726da0000, 0x0000000726da0000)
  from space 5312K,  56% used [0x00000007272d0000, 0x00000007275c0788, 0x0000000727800000)
  to   space 5312K,   0% used [0x0000000726da0000, 0x0000000726da0000, 0x00000007272d0000)
 concurrent mark-sweep generation total 106496K, used 16971K [0x00000007390c0000, 0x000000073f8c0000, 0x00000007c0000000)
 Metaspace       used 33205K, capacity 34637K, committed 34936K, reserved 1079296K
  class space    used 4088K, capacity 4388K, committed 4476K, reserved 1048576K
2021-12-27T09:19:13.542+0800: 61.035: [GC (Allocation Failure) 2021-12-27T09:19:13.543+0800: 61.036: [ParNew: 45633K->3467K(47936K), 0.0443478 secs] 62605K->20438K(154432K), 0.0671914 secs] [Times: user=0.02 sys=0.00, real=0.06 secs] 
Heap after GC invocations=36 (full 1):
 par new generation   total 47936K, used 3467K [0x0000000724400000, 0x0000000727800000, 0x00000007390c0000)
  eden space 42624K,   0% used [0x0000000724400000, 0x0000000724400000, 0x0000000726da0000)
  from space 5312K,  65% used [0x0000000726da0000, 0x0000000727102c80, 0x00000007272d0000)
  to   space 5312K,   0% used [0x00000007272d0000, 0x00000007272d0000, 0x0000000727800000)
 concurrent mark-sweep generation total 106496K, used 16971K [0x00000007390c0000, 0x000000073f8c0000, 0x00000007c0000000)
 Metaspace       used 33205K, capacity 34637K, committed 34936K, reserved 1079296K
  class space    used 4088K, capacity 4388K, committed 4476K, reserved 1048576K
}
2021-12-27T09:19:14.461+0800: 61.954: Application time: 0.8509672 seconds
2021-12-27T09:19:14.999+0800: 62.492: Application time: 0.5360895 seconds
2021-12-27T09:19:15.393+0800: 62.885: Application time: 0.3926574 seconds
{Heap before GC invocations=36 (full 1):
 par new generation   total 47936K, used 46091K [0x0000000724400000, 0x0000000727800000, 0x00000007390c0000)
  eden space 42624K, 100% used [0x0000000724400000, 0x0000000726da0000, 0x0000000726da0000)
  from space 5312K,  65% used [0x0000000726da0000, 0x0000000727102c80, 0x00000007272d0000)
  to   space 5312K,   0% used [0x00000007272d0000, 0x00000007272d0000, 0x0000000727800000)
 concurrent mark-sweep generation total 106496K, used 16971K [0x00000007390c0000, 0x000000073f8c0000, 0x00000007c0000000)
 Metaspace       used 33962K, capacity 35485K, committed 35832K, reserved 1081344K
  class space    used 4201K, capacity 4524K, committed 4604K, reserved 1048576K
2021-12-27T09:19:15.396+0800: 62.889: [GC (Allocation Failure) 2021-12-27T09:19:15.398+0800: 62.891: [ParNew: 46091K->4382K(47936K), 0.1242858 secs] 63062K->21832K(154432K), 0.1267929 secs] [Times: user=0.03 sys=0.00, real=0.13 secs] 
Heap after GC invocations=37 (full 1):
 par new generation   total 47936K, used 4382K [0x0000000724400000, 0x0000000727800000, 0x00000007390c0000)
  eden space 42624K,   0% used [0x0000000724400000, 0x0000000724400000, 0x0000000726da0000)
  from space 5312K,  82% used [0x00000007272d0000, 0x0000000727717830, 0x0000000727800000)
  to   space 5312K,   0% used [0x0000000726da0000, 0x0000000726da0000, 0x00000007272d0000)
 concurrent mark-sweep generation total 106496K, used 17450K [0x00000007390c0000, 0x000000073f8c0000, 0x00000007c0000000)
 Metaspace       used 33962K, capacity 35485K, committed 35832K, reserved 1081344K
  class space    used 4201K, capacity 4524K, committed 4604K, reserved 1048576K
}
2021-12-27T09:19:16.818+0800: 64.311: Application time: 1.2941599 seconds
{Heap before GC invocations=37 (full 1):
 par new generation   total 47936K, used 47006K [0x0000000724400000, 0x0000000727800000, 0x00000007390c0000)
  eden space 42624K, 100% used [0x0000000724400000, 0x0000000726da0000, 0x0000000726da0000)
  from space 5312K,  82% used [0x00000007272d0000, 0x0000000727717830, 0x0000000727800000)
  to   space 5312K,   0% used [0x0000000726da0000, 0x0000000726da0000, 0x00000007272d0000)
 concurrent mark-sweep generation total 106496K, used 17450K [0x00000007390c0000, 0x000000073f8c0000, 0x00000007c0000000)
 Metaspace       used 34689K, capacity 36259K, committed 36472K, reserved 1081344K
  class space    used 4383K, capacity 4719K, committed 4732K, reserved 1048576K
2021-12-27T09:19:16.819+0800: 64.312: [GC (Allocation Failure) 2021-12-27T09:19:16.820+0800: 64.312: [ParNew: 47006K->1812K(47936K), 0.0577406 secs] 64456K->20383K(154432K), 0.0594657 secs] [Times: user=0.01 sys=0.00, real=0.06 secs] 
Heap after GC invocations=38 (full 1):
 par new generation   total 47936K, used 1812K [0x0000000724400000, 0x0000000727800000, 0x00000007390c0000)
  eden space 42624K,   0% used [0x0000000724400000, 0x0000000724400000, 0x0000000726da0000)
  from space 5312K,  34% used [0x0000000726da0000, 0x0000000726f650b0, 0x00000007272d0000)
  to   space 5312K,   0% used [0x00000007272d0000, 0x00000007272d0000, 0x0000000727800000)
 concurrent mark-sweep generation total 106496K, used 18571K [0x00000007390c0000, 0x000000073f8c0000, 0x00000007c0000000)
 Metaspace       used 34689K, capacity 36259K, committed 36472K, reserved 1081344K
  class space    used 4383K, capacity 4719K, committed 4732K, reserved 1048576K
}
2021-12-27T09:19:17.881+0800: 65.373: Application time: 1.0006828 seconds
2021-12-27T09:19:17.971+0800: 65.464: Application time: 0.0847537 seconds
{Heap before GC invocations=38 (full 1):
 par new generation   total 47936K, used 44436K [0x0000000724400000, 0x0000000727800000, 0x00000007390c0000)
  eden space 42624K, 100% used [0x0000000724400000, 0x0000000726da0000, 0x0000000726da0000)
  from space 5312K,  34% used [0x0000000726da0000, 0x0000000726f650b0, 0x00000007272d0000)
  to   space 5312K,   0% used [0x00000007272d0000, 0x00000007272d0000, 0x0000000727800000)
 concurrent mark-sweep generation total 106496K, used 18571K [0x00000007390c0000, 0x000000073f8c0000, 0x00000007c0000000)
 Metaspace       used 34986K, capacity 36545K, committed 36856K, reserved 1081344K
  class space    used 4430K, capacity 4766K, committed 4860K, reserved 1048576K
2021-12-27T09:19:17.972+0800: 65.465: [GC (Allocation Failure) 2021-12-27T09:19:17.973+0800: 65.466: [ParNew: 44436K->4845K(47936K), 0.1321177 secs] 63007K->23417K(154432K), 0.1339881 secs] [Times: user=0.02 sys=0.00, real=0.13 secs] 
Heap after GC invocations=39 (full 1):
 par new generation   total 47936K, used 4845K [0x0000000724400000, 0x0000000727800000, 0x00000007390c0000)
  eden space 42624K,   0% used [0x0000000724400000, 0x0000000724400000, 0x0000000726da0000)
  from space 5312K,  91% used [0x00000007272d0000, 0x000000072778b638, 0x0000000727800000)
  to   space 5312K,   0% used [0x0000000726da0000, 0x0000000726da0000, 0x00000007272d0000)
 concurrent mark-sweep generation total 106496K, used 18571K [0x00000007390c0000, 0x000000073f8c0000, 0x00000007c0000000)
 Metaspace       used 34986K, capacity 36545K, committed 36856K, reserved 1081344K
  class space    used 4430K, capacity 4766K, committed 4860K, reserved 1048576K
}
2021-12-27T09:19:18.200+0800: 65.693: Application time: 0.0930777 seconds
2021-12-27T09:19:19.201+0800: 66.694: Application time: 1.0002339 seconds
2021-12-27T09:19:19.640+0800: 67.133: Application time: 0.4322621 seconds
{Heap before GC invocations=39 (full 1):
 par new generation   total 47936K, used 47469K [0x0000000724400000, 0x0000000727800000, 0x00000007390c0000)
  eden space 42624K, 100% used [0x0000000724400000, 0x0000000726da0000, 0x0000000726da0000)
  from space 5312K,  91% used [0x00000007272d0000, 0x000000072778b638, 0x0000000727800000)
  to   space 5312K,   0% used [0x0000000726da0000, 0x0000000726da0000, 0x00000007272d0000)
 concurrent mark-sweep generation total 106496K, used 18571K [0x00000007390c0000, 0x000000073f8c0000, 0x00000007c0000000)
 Metaspace       used 35426K, capacity 37089K, committed 37112K, reserved 1081344K
  class space    used 4503K, capacity 4850K, committed 4860K, reserved 1048576K
2021-12-27T09:19:19.641+0800: 67.133: [GC (Allocation Failure) 2021-12-27T09:19:19.641+0800: 67.134: [ParNew: 47469K->2441K(47936K), 0.0943665 secs] 66041K->21714K(154432K), 0.1011670 secs] [Times: user=0.02 sys=0.00, real=0.11 secs] 
Heap after GC invocations=40 (full 1):
 par new generation   total 47936K, used 2441K [0x0000000724400000, 0x0000000727800000, 0x00000007390c0000)
  eden space 42624K,   0% used [0x0000000724400000, 0x0000000724400000, 0x0000000726da0000)
  from space 5312K,  45% used [0x0000000726da0000, 0x00000007270027e8, 0x00000007272d0000)
  to   space 5312K,   0% used [0x00000007272d0000, 0x00000007272d0000, 0x0000000727800000)
 concurrent mark-sweep generation total 106496K, used 19272K [0x00000007390c0000, 0x000000073f8c0000, 0x00000007c0000000)
 Metaspace       used 35426K, capacity 37089K, committed 37112K, reserved 1081344K
  class space    used 4503K, capacity 4850K, committed 4860K, reserved 1048576K
}
2021-12-27T09:19:20.785+0800: 68.278: Application time: 1.0400197 seconds
2021-12-27T09:19:21.171+0800: 68.666: Application time: 0.3417187 seconds
{Heap before GC invocations=40 (full 1):
 par new generation   total 47936K, used 45065K [0x0000000724400000, 0x0000000727800000, 0x00000007390c0000)
  eden space 42624K, 100% used [0x0000000724400000, 0x0000000726da0000, 0x0000000726da0000)
  from space 5312K,  45% used [0x0000000726da0000, 0x00000007270027e8, 0x00000007272d0000)
  to   space 5312K,   0% used [0x00000007272d0000, 0x00000007272d0000, 0x0000000727800000)
 concurrent mark-sweep generation total 106496K, used 19272K [0x00000007390c0000, 0x000000073f8c0000, 0x00000007c0000000)
 Metaspace       used 35827K, capacity 37473K, committed 37752K, reserved 1081344K
  class space    used 4563K, capacity 4914K, committed 4988K, reserved 1048576K
2021-12-27T09:19:21.179+0800: 68.672: [GC (Allocation Failure) 2021-12-27T09:19:21.180+0800: 68.673: [ParNew: 45065K->2620K(47936K), 0.0285788 secs] 64338K->21892K(154432K), 0.0386863 secs] [Times: user=0.01 sys=0.00, real=0.04 secs] 
Heap after GC invocations=41 (full 1):
 par new generation   total 47936K, used 2620K [0x0000000724400000, 0x0000000727800000, 0x00000007390c0000)
  eden space 42624K,   0% used [0x0000000724400000, 0x0000000724400000, 0x0000000726da0000)
  from space 5312K,  49% used [0x00000007272d0000, 0x000000072755f210, 0x0000000727800000)
  to   space 5312K,   0% used [0x0000000726da0000, 0x0000000726da0000, 0x00000007272d0000)
 concurrent mark-sweep generation total 106496K, used 19272K [0x00000007390c0000, 0x000000073f8c0000, 0x00000007c0000000)
 Metaspace       used 35827K, capacity 37473K, committed 37752K, reserved 1081344K
  class space    used 4563K, capacity 4914K, committed 4988K, reserved 1048576K
}
2021-12-27T09:19:22.220+0800: 69.713: Application time: 1.0010961 seconds
2021-12-27T09:19:22.230+0800: 69.722: Application time: 0.0079406 seconds
2021-12-27T09:19:22.364+0800: 69.857: Application time: 0.1334426 seconds
{Heap before GC invocations=41 (full 1):
 par new generation   total 47936K, used 45244K [0x0000000724400000, 0x0000000727800000, 0x00000007390c0000)
  eden space 42624K, 100% used [0x0000000724400000, 0x0000000726da0000, 0x0000000726da0000)
  from space 5312K,  49% used [0x00000007272d0000, 0x000000072755f210, 0x0000000727800000)
  to   space 5312K,   0% used [0x0000000726da0000, 0x0000000726da0000, 0x00000007272d0000)
 concurrent mark-sweep generation total 106496K, used 19272K [0x00000007390c0000, 0x000000073f8c0000, 0x00000007c0000000)
 Metaspace       used 36514K, capacity 38157K, committed 38392K, reserved 1083392K
  class space    used 4659K, capacity 5012K, committed 5116K, reserved 1048576K
2021-12-27T09:19:22.365+0800: 69.858: [GC (Allocation Failure) 2021-12-27T09:19:22.365+0800: 69.858: [ParNew: 45244K->2326K(47936K), 0.0664613 secs] 64516K->21598K(154432K), 0.0672104 secs] [Times: user=0.01 sys=0.00, real=0.07 secs] 
Heap after GC invocations=42 (full 1):
 par new generation   total 47936K, used 2326K [0x0000000724400000, 0x0000000727800000, 0x00000007390c0000)
  eden space 42624K,   0% used [0x0000000724400000, 0x0000000724400000, 0x0000000726da0000)
  from space 5312K,  43% used [0x0000000726da0000, 0x0000000726fe59f8, 0x00000007272d0000)
  to   space 5312K,   0% used [0x00000007272d0000, 0x00000007272d0000, 0x0000000727800000)
 concurrent mark-sweep generation total 106496K, used 19272K [0x00000007390c0000, 0x000000073f8c0000, 0x00000007c0000000)
 Metaspace       used 36514K, capacity 38157K, committed 38392K, reserved 1083392K
  class space    used 4659K, capacity 5012K, committed 5116K, reserved 1048576K
}
2021-12-27T09:19:23.245+0800: 70.738: Application time: 0.8120628 seconds
2021-12-27T09:19:23.381+0800: 70.874: Application time: 0.1325134 seconds
2021-12-27T09:19:23.414+0800: 70.907: Application time: 0.0283921 seconds
2021-12-27T09:19:24.086+0800: 71.578: Application time: 0.6704429 seconds
2021-12-27T09:19:24.134+0800: 71.627: Application time: 0.0487069 seconds
2021-12-27T09:19:24.156+0800: 71.649: Application time: 0.0206603 seconds
2021-12-27T09:19:24.314+0800: 71.807: Application time: 0.1580184 seconds
{Heap before GC invocations=42 (full 1):
 par new generation   total 47936K, used 44950K [0x0000000724400000, 0x0000000727800000, 0x00000007390c0000)
  eden space 42624K, 100% used [0x0000000724400000, 0x0000000726da0000, 0x0000000726da0000)
  from space 5312K,  43% used [0x0000000726da0000, 0x0000000726fe59f8, 0x00000007272d0000)
  to   space 5312K,   0% used [0x00000007272d0000, 0x00000007272d0000, 0x0000000727800000)
 concurrent mark-sweep generation total 106496K, used 19272K [0x00000007390c0000, 0x000000073f8c0000, 0x00000007c0000000)
 Metaspace       used 37606K, capacity 39337K, committed 39496K, reserved 1083392K
  class space    used 4803K, capacity 5130K, committed 5196K, reserved 1048576K
2021-12-27T09:19:24.314+0800: 71.807: [GC (Allocation Failure) 2021-12-27T09:19:24.315+0800: 71.808: [ParNew: 44950K->3357K(47936K), 0.0595467 secs] 64222K->22629K(154432K), 0.0607481 secs] [Times: user=0.01 sys=0.00, real=0.06 secs] 
Heap after GC invocations=43 (full 1):
 par new generation   total 47936K, used 3357K [0x0000000724400000, 0x0000000727800000, 0x00000007390c0000)
  eden space 42624K,   0% used [0x0000000724400000, 0x0000000724400000, 0x0000000726da0000)
  from space 5312K,  63% used [0x00000007272d0000, 0x00000007276174b0, 0x0000000727800000)
  to   space 5312K,   0% used [0x0000000726da0000, 0x0000000726da0000, 0x00000007272d0000)
 concurrent mark-sweep generation total 106496K, used 19272K [0x00000007390c0000, 0x000000073f8c0000, 0x00000007c0000000)
 Metaspace       used 37606K, capacity 39337K, committed 39496K, reserved 1083392K
  class space    used 4803K, capacity 5130K, committed 5196K, reserved 1048576K
}
2021-12-27T09:19:24.376+0800: 71.869: Application time: 0.0003559 seconds
2021-12-27T09:19:24.377+0800: 71.870: [GC (CMS Initial Mark) [1 CMS-initial-mark: 19272K(106496K)] 23481K(154432K), 0.0254809 secs] [Times: user=0.00 sys=0.00, real=0.03 secs] 
2021-12-27T09:19:24.404+0800: 71.897: [CMS-concurrent-mark-start]
2021-12-27T09:19:24.727+0800: 72.220: [CMS-concurrent-mark: 0.323/0.323 secs] [Times: user=0.08 sys=0.01, real=0.32 secs] 
2021-12-27T09:19:24.729+0800: 72.222: [CMS-concurrent-preclean-start]
2021-12-27T09:19:24.752+0800: 72.245: [CMS-concurrent-preclean: 0.024/0.024 secs] [Times: user=0.01 sys=0.00, real=0.03 secs] 
2021-12-27T09:19:24.753+0800: 72.246: [CMS-concurrent-abortable-preclean-start]
2021-12-27T09:19:25.065+0800: 72.557: Application time: 0.6609180 seconds
2021-12-27T09:19:25.557+0800: 73.050: Application time: 0.4922009 seconds
2021-12-27T09:19:25.669+0800: 73.162: Application time: 0.1115234 seconds
2021-12-27T09:19:25.693+0800: 73.186: Application time: 0.0237663 seconds
2021-12-27T09:19:25.695+0800: 73.188: Application time: 0.0022177 seconds
2021-12-27T09:19:25.696+0800: 73.188: Application time: 0.0000838 seconds
2021-12-27T09:19:25.696+0800: 73.188: Application time: 0.0000372 seconds
2021-12-27T09:19:25.696+0800: 73.189: Application time: 0.0000349 seconds
2021-12-27T09:19:25.696+0800: 73.189: Application time: 0.0000348 seconds
2021-12-27T09:19:25.696+0800: 73.189: Application time: 0.0000337 seconds
2021-12-27T09:19:25.696+0800: 73.189: Application time: 0.0000393 seconds
2021-12-27T09:19:25.696+0800: 73.189: Application time: 0.0000344 seconds
2021-12-27T09:19:25.696+0800: 73.189: Application time: 0.0000655 seconds
2021-12-27T09:19:25.704+0800: 73.197: Application time: 0.0008762 seconds
2021-12-27T09:19:26.535+0800: 74.027: Application time: 0.8301457 seconds
2021-12-27T09:19:26.988+0800: 74.481: Application time: 0.4531252 seconds
2021-12-27T09:19:27.377+0800: 74.869: Application time: 0.3864187 seconds
2021-12-27T09:19:27.618+0800: 75.111: Application time: 0.2411411 seconds
2021-12-27T09:19:27.866+0800: 75.359: Application time: 0.2482995 seconds
2021-12-27T09:19:27.918+0800: 75.411: Application time: 0.0515812 seconds
2021-12-27T09:19:27.936+0800: 75.429: Application time: 0.0176691 seconds
2021-12-27T09:19:28.137+0800: 75.630: Application time: 0.1981741 seconds
2021-12-27T09:19:28.153+0800: 75.646: Application time: 0.0150781 seconds
2021-12-27T09:19:28.261+0800: 75.754: Application time: 0.1079984 seconds
{Heap before GC invocations=43 (full 2):
 par new generation   total 47936K, used 45981K [0x0000000724400000, 0x0000000727800000, 0x00000007390c0000)
  eden space 42624K, 100% used [0x0000000724400000, 0x0000000726da0000, 0x0000000726da0000)
  from space 5312K,  63% used [0x00000007272d0000, 0x00000007276174b0, 0x0000000727800000)
  to   space 5312K,   0% used [0x0000000726da0000, 0x0000000726da0000, 0x00000007272d0000)
 concurrent mark-sweep generation total 106496K, used 19272K [0x00000007390c0000, 0x000000073f8c0000, 0x00000007c0000000)
 Metaspace       used 39777K, capacity 41617K, committed 41896K, reserved 1085440K
  class space    used 5075K, capacity 5430K, committed 5500K, reserved 1048576K
2021-12-27T09:19:28.262+0800: 75.754: [GC (Allocation Failure) 2021-12-27T09:19:28.262+0800: 75.755: [ParNew: 45981K->5164K(47936K), 0.0711398 secs] 65253K->24436K(154432K), 0.0723687 secs] [Times: user=0.03 sys=0.00, real=0.07 secs] 
Heap after GC invocations=44 (full 2):
 par new generation   total 47936K, used 5164K [0x0000000724400000, 0x0000000727800000, 0x00000007390c0000)
  eden space 42624K,   0% used [0x0000000724400000, 0x0000000724400000, 0x0000000726da0000)
  from space 5312K,  97% used [0x0000000726da0000, 0x00000007272ab1f8, 0x00000007272d0000)
  to   space 5312K,   0% used [0x00000007272d0000, 0x00000007272d0000, 0x0000000727800000)
 concurrent mark-sweep generation total 106496K, used 19272K [0x00000007390c0000, 0x000000073f8c0000, 0x00000007c0000000)
 Metaspace       used 39777K, capacity 41617K, committed 41896K, reserved 1085440K
  class space    used 5075K, capacity 5430K, committed 5500K, reserved 1048576K
}
2021-12-27T09:19:28.607+0800: 76.100: Application time: 0.2726445 seconds
2021-12-27T09:19:29.590+0800: 77.083: Application time: 0.9820330 seconds
2021-12-27T09:19:29.596+0800: 77.089: [CMS-concurrent-abortable-preclean: 4.589/4.843 secs] [Times: user=1.17 sys=0.09, real=4.84 secs] 
2021-12-27T09:19:29.612+0800: 77.105: Application time: 0.0172033 seconds
2021-12-27T09:19:29.614+0800: 77.107: [GC (CMS Final Remark) [YG occupancy: 28169 K (47936 K)]2021-12-27T09:19:29.616+0800: 77.109: [Rescan (parallel) , 0.0674240 secs]2021-12-27T09:19:29.684+0800: 77.177: [weak refs processing, 0.0022431 secs]2021-12-27T09:19:29.688+0800: 77.181: [class unloading, 0.0842770 secs]2021-12-27T09:19:29.773+0800: 77.266: [scrub symbol table, 0.0851157 secs]2021-12-27T09:19:29.859+0800: 77.352: [scrub string table, 0.0031756 secs][1 CMS-remark: 19272K(106496K)] 47442K(154432K), 0.2761962 secs] [Times: user=0.06 sys=0.00, real=0.27 secs] 
2021-12-27T09:19:29.927+0800: 77.420: [CMS-concurrent-sweep-start]
2021-12-27T09:19:29.976+0800: 77.469: Application time: 0.0848872 seconds
2021-12-27T09:19:30.013+0800: 77.505: [CMS-concurrent-sweep: 0.069/0.086 secs] [Times: user=0.02 sys=0.01, real=0.09 secs] 
2021-12-27T09:19:30.020+0800: 77.513: [CMS-concurrent-reset-start]
2021-12-27T09:19:30.052+0800: 77.544: [CMS-concurrent-reset: 0.031/0.031 secs] [Times: user=0.01 sys=0.00, real=0.04 secs] 
2021-12-27T09:19:30.710+0800: 78.203: Application time: 0.7329274 seconds
{Heap before GC invocations=44 (full 2):
 par new generation   total 47936K, used 47788K [0x0000000724400000, 0x0000000727800000, 0x00000007390c0000)
  eden space 42624K, 100% used [0x0000000724400000, 0x0000000726da0000, 0x0000000726da0000)
  from space 5312K,  97% used [0x0000000726da0000, 0x00000007272ab1f8, 0x00000007272d0000)
  to   space 5312K,   0% used [0x00000007272d0000, 0x00000007272d0000, 0x0000000727800000)
 concurrent mark-sweep generation total 106496K, used 11277K [0x00000007390c0000, 0x000000073f8c0000, 0x00000007c0000000)
 Metaspace       used 41042K, capacity 42791K, committed 43128K, reserved 1087488K
  class space    used 5248K, capacity 5602K, committed 5756K, reserved 1048576K
2021-12-27T09:19:30.712+0800: 78.205: [GC (Allocation Failure) 2021-12-27T09:19:30.713+0800: 78.206: [ParNew: 47788K->4218K(47936K), 0.1161907 secs] 59066K->16538K(154432K), 0.1182331 secs] [Times: user=0.03 sys=0.00, real=0.11 secs] 
Heap after GC invocations=45 (full 2):
 par new generation   total 47936K, used 4218K [0x0000000724400000, 0x0000000727800000, 0x00000007390c0000)
  eden space 42624K,   0% used [0x0000000724400000, 0x0000000724400000, 0x0000000726da0000)
  from space 5312K,  79% used [0x00000007272d0000, 0x00000007276eea50, 0x0000000727800000)
  to   space 5312K,   0% used [0x0000000726da0000, 0x0000000726da0000, 0x00000007272d0000)
 concurrent mark-sweep generation total 106496K, used 12320K [0x00000007390c0000, 0x000000073f8c0000, 0x00000007c0000000)
 Metaspace       used 41042K, capacity 42791K, committed 43128K, reserved 1087488K
  class space    used 5248K, capacity 5602K, committed 5756K, reserved 1048576K
}
2021-12-27T09:19:31.832+0800: 79.325: Application time: 1.0008544 seconds
2021-12-27T09:19:32.678+0800: 80.171: Application time: 0.8403885 seconds
2021-12-27T09:19:33.195+0800: 80.688: Application time: 0.5161659 seconds
2021-12-27T09:19:33.622+0800: 81.115: Application time: 0.4272665 seconds
2021-12-27T09:19:33.939+0800: 81.432: Application time: 0.3160438 seconds
{Heap before GC invocations=45 (full 2):
 par new generation   total 47936K, used 46842K [0x0000000724400000, 0x0000000727800000, 0x00000007390c0000)
  eden space 42624K, 100% used [0x0000000724400000, 0x0000000726da0000, 0x0000000726da0000)
  from space 5312K,  79% used [0x00000007272d0000, 0x00000007276eea50, 0x0000000727800000)
  to   space 5312K,   0% used [0x0000000726da0000, 0x0000000726da0000, 0x00000007272d0000)
 concurrent mark-sweep generation total 106496K, used 12320K [0x00000007390c0000, 0x000000073f8c0000, 0x00000007c0000000)
 Metaspace       used 43375K, capacity 45551K, committed 45688K, reserved 1089536K
  class space    used 5538K, capacity 5916K, committed 6012K, reserved 1048576K
2021-12-27T09:19:33.940+0800: 81.433: [GC (Allocation Failure) 2021-12-27T09:19:33.941+0800: 81.434: [ParNew: 46842K->4861K(47936K), 0.1084045 secs] 59162K->18869K(154432K), 0.1110253 secs] [Times: user=0.03 sys=0.00, real=0.11 secs] 
Heap after GC invocations=46 (full 2):
 par new generation   total 47936K, used 4861K [0x0000000724400000, 0x0000000727800000, 0x00000007390c0000)
  eden space 42624K,   0% used [0x0000000724400000, 0x0000000724400000, 0x0000000726da0000)
  from space 5312K,  91% used [0x0000000726da0000, 0x000000072725f5c8, 0x00000007272d0000)
  to   space 5312K,   0% used [0x00000007272d0000, 0x00000007272d0000, 0x0000000727800000)
 concurrent mark-sweep generation total 106496K, used 14008K [0x00000007390c0000, 0x000000073f8c0000, 0x00000007c0000000)
 Metaspace       used 43375K, capacity 45551K, committed 45688K, reserved 1089536K
  class space    used 5538K, capacity 5916K, committed 6012K, reserved 1048576K
}
2021-12-27T09:19:34.074+0800: 81.567: Application time: 0.0214039 seconds
2021-12-27T09:19:34.089+0800: 81.581: Application time: 0.0121504 seconds
2021-12-27T09:19:35.089+0800: 82.582: Application time: 1.0000845 seconds
2021-12-27T09:19:35.490+0800: 82.983: Application time: 0.3959588 seconds
2021-12-27T09:19:35.949+0800: 83.443: Application time: 0.4593198 seconds
{Heap before GC invocations=46 (full 2):
 par new generation   total 47936K, used 47485K [0x0000000724400000, 0x0000000727800000, 0x00000007390c0000)
  eden space 42624K, 100% used [0x0000000724400000, 0x0000000726da0000, 0x0000000726da0000)
  from space 5312K,  91% used [0x0000000726da0000, 0x000000072725f5c8, 0x00000007272d0000)
  to   space 5312K,   0% used [0x00000007272d0000, 0x00000007272d0000, 0x0000000727800000)
 concurrent mark-sweep generation total 106496K, used 14008K [0x00000007390c0000, 0x000000073f8c0000, 0x00000007c0000000)
 Metaspace       used 44282K, capacity 46525K, committed 46840K, reserved 1089536K
  class space    used 5649K, capacity 6065K, committed 6140K, reserved 1048576K
2021-12-27T09:19:35.950+0800: 83.443: [GC (Allocation Failure) 2021-12-27T09:19:35.950+0800: 83.443: [ParNew: 47485K->4607K(47936K), 0.0828356 secs] 61493K->19631K(154432K), 0.0835618 secs] [Times: user=0.02 sys=0.00, real=0.09 secs] 
Heap after GC invocations=47 (full 2):
 par new generation   total 47936K, used 4607K [0x0000000724400000, 0x0000000727800000, 0x00000007390c0000)
  eden space 42624K,   0% used [0x0000000724400000, 0x0000000724400000, 0x0000000726da0000)
  from space 5312K,  86% used [0x00000007272d0000, 0x000000072774ffe0, 0x0000000727800000)
  to   space 5312K,   0% used [0x0000000726da0000, 0x0000000726da0000, 0x00000007272d0000)
 concurrent mark-sweep generation total 106496K, used 15023K [0x00000007390c0000, 0x000000073f8c0000, 0x00000007c0000000)
 Metaspace       used 44282K, capacity 46525K, committed 46840K, reserved 1089536K
  class space    used 5649K, capacity 6065K, committed 6140K, reserved 1048576K
}
2021-12-27T09:19:36.474+0800: 83.967: Application time: 0.4392376 seconds
2021-12-27T09:19:36.699+0800: 84.192: Application time: 0.2241746 seconds
{Heap before GC invocations=47 (full 2):
 par new generation   total 47936K, used 47231K [0x0000000724400000, 0x0000000727800000, 0x00000007390c0000)
  eden space 42624K, 100% used [0x0000000724400000, 0x0000000726da0000, 0x0000000726da0000)
  from space 5312K,  86% used [0x00000007272d0000, 0x000000072774ffe0, 0x0000000727800000)
  to   space 5312K,   0% used [0x0000000726da0000, 0x0000000726da0000, 0x00000007272d0000)
 concurrent mark-sweep generation total 106496K, used 15023K [0x00000007390c0000, 0x000000073f8c0000, 0x00000007c0000000)
 Metaspace       used 44445K, capacity 46755K, committed 46840K, reserved 1089536K
  class space    used 5668K, capacity 6076K, committed 6140K, reserved 1048576K
2021-12-27T09:19:36.699+0800: 84.192: [GC (Allocation Failure) 2021-12-27T09:19:36.700+0800: 84.193: [ParNew: 47231K->2530K(47936K), 0.1056839 secs] 62255K->18802K(154432K), 0.1068919 secs] [Times: user=0.02 sys=0.01, real=0.11 secs] 
Heap after GC invocations=48 (full 2):
 par new generation   total 47936K, used 2530K [0x0000000724400000, 0x0000000727800000, 0x00000007390c0000)
  eden space 42624K,   0% used [0x0000000724400000, 0x0000000724400000, 0x0000000726da0000)
  from space 5312K,  47% used [0x0000000726da0000, 0x0000000727018be0, 0x00000007272d0000)
  to   space 5312K,   0% used [0x00000007272d0000, 0x00000007272d0000, 0x0000000727800000)
 concurrent mark-sweep generation total 106496K, used 16271K [0x00000007390c0000, 0x000000073f8c0000, 0x00000007c0000000)
 Metaspace       used 44445K, capacity 46755K, committed 46840K, reserved 1089536K
  class space    used 5668K, capacity 6076K, committed 6140K, reserved 1048576K
}
2021-12-27T09:19:37.788+0800: 85.304: Application time: 1.0041750 seconds
2021-12-27T09:19:38.294+0800: 85.810: Application time: 0.5037599 seconds
2021-12-27T09:19:38.491+0800: 86.007: Application time: 0.1964795 seconds
2021-12-27T09:19:38.946+0800: 86.462: Application time: 0.4602917 seconds
2021-12-27T09:19:39.059+0800: 86.580: Application time: 0.1081444 seconds
2021-12-27T09:19:39.136+0800: 86.652: Application time: 0.0703651 seconds
2021-12-27T09:19:39.826+0800: 87.342: Application time: 0.6817363 seconds
2021-12-27T09:19:39.836+0800: 87.352: Application time: 0.0103467 seconds
2021-12-27T09:19:39.995+0800: 87.511: Application time: 0.1583644 seconds
2021-12-27T09:19:39.995+0800: 87.511: Application time: 0.0000648 seconds
2021-12-27T09:19:39.996+0800: 87.512: Application time: 0.0008268 seconds
{Heap before GC invocations=48 (full 2):
 par new generation   total 47936K, used 45154K [0x0000000724400000, 0x0000000727800000, 0x00000007390c0000)
  eden space 42624K, 100% used [0x0000000724400000, 0x0000000726da0000, 0x0000000726da0000)
  from space 5312K,  47% used [0x0000000726da0000, 0x0000000727018be0, 0x00000007272d0000)
  to   space 5312K,   0% used [0x00000007272d0000, 0x00000007272d0000, 0x0000000727800000)
 concurrent mark-sweep generation total 106496K, used 16271K [0x00000007390c0000, 0x000000073f8c0000, 0x00000007c0000000)
 Metaspace       used 48483K, capacity 50863K, committed 51192K, reserved 1093632K
  class space    used 6081K, capacity 6528K, committed 6652K, reserved 1048576K
2021-12-27T09:19:40.005+0800: 87.521: [GC (Allocation Failure) 2021-12-27T09:19:40.006+0800: 87.522: [ParNew: 45154K->5311K(47936K), 0.0899209 secs] 61426K->21763K(154432K), 0.0912438 secs] [Times: user=0.02 sys=0.00, real=0.09 secs] 
Heap after GC invocations=49 (full 2):
 par new generation   total 47936K, used 5311K [0x0000000724400000, 0x0000000727800000, 0x00000007390c0000)
  eden space 42624K,   0% used [0x0000000724400000, 0x0000000724400000, 0x0000000726da0000)
  from space 5312K,  99% used [0x00000007272d0000, 0x00000007277ffff8, 0x0000000727800000)
  to   space 5312K,   0% used [0x0000000726da0000, 0x0000000726da0000, 0x00000007272d0000)
 concurrent mark-sweep generation total 106496K, used 16451K [0x00000007390c0000, 0x000000073f8c0000, 0x00000007c0000000)
 Metaspace       used 48483K, capacity 50863K, committed 51192K, reserved 1093632K
  class space    used 6081K, capacity 6528K, committed 6652K, reserved 1048576K
}
2021-12-27T09:19:40.101+0800: 87.616: Application time: 0.0031535 seconds
2021-12-27T09:19:40.101+0800: 87.617: Application time: 0.0001805 seconds
2021-12-27T09:19:40.278+0800: 87.794: Application time: 0.1758934 seconds
2021-12-27T09:19:40.367+0800: 87.882: Application time: 0.0883781 seconds
2021-12-27T09:19:40.367+0800: 87.884: Application time: 0.0014475 seconds
2021-12-27T09:19:40.523+0800: 88.039: Application time: 0.1549882 seconds
2021-12-27T09:19:40.889+0800: 88.405: Application time: 0.3654098 seconds
2021-12-27T09:19:40.891+0800: 88.407: Application time: 0.0017651 seconds
2021-12-27T09:19:40.903+0800: 88.419: Application time: 0.0119621 seconds
2021-12-27T09:19:40.908+0800: 88.424: Application time: 0.0010911 seconds
2021-12-27T09:19:40.923+0800: 88.439: Application time: 0.0148991 seconds
2021-12-27T09:19:40.924+0800: 88.439: Application time: 0.0004796 seconds
2021-12-27T09:19:40.924+0800: 88.440: Application time: 0.0008437 seconds
2021-12-27T09:19:40.932+0800: 88.447: Application time: 0.0069859 seconds
2021-12-27T09:19:40.932+0800: 88.448: Application time: 0.0004686 seconds
2021-12-27T09:19:40.936+0800: 88.452: Application time: 0.0022068 seconds
2021-12-27T09:19:40.948+0800: 88.464: Application time: 0.0002475 seconds
2021-12-27T09:19:40.950+0800: 88.466: Application time: 0.0023495 seconds
2021-12-27T09:19:40.959+0800: 88.481: Application time: 0.0146705 seconds
2021-12-27T09:19:40.966+0800: 88.481: Application time: 0.0002794 seconds
2021-12-27T09:19:40.976+0800: 88.492: Application time: 0.0094101 seconds
2021-12-27T09:19:40.978+0800: 88.494: Application time: 0.0016633 seconds
2021-12-27T09:19:40.986+0800: 88.502: Application time: 0.0078356 seconds
2021-12-27T09:19:40.987+0800: 88.503: Application time: 0.0007379 seconds
2021-12-27T09:19:41.884+0800: 89.400: Application time: 0.8616377 seconds
{Heap before GC invocations=49 (full 2):
 par new generation   total 47936K, used 47935K [0x0000000724400000, 0x0000000727800000, 0x00000007390c0000)
  eden space 42624K, 100% used [0x0000000724400000, 0x0000000726da0000, 0x0000000726da0000)
  from space 5312K,  99% used [0x00000007272d0000, 0x00000007277ffff8, 0x0000000727800000)
  to   space 5312K,   0% used [0x0000000726da0000, 0x0000000726da0000, 0x00000007272d0000)
 concurrent mark-sweep generation total 106496K, used 16451K [0x00000007390c0000, 0x000000073f8c0000, 0x00000007c0000000)
 Metaspace       used 50907K, capacity 53317K, committed 53624K, reserved 1095680K
  class space    used 6315K, capacity 6763K, committed 6780K, reserved 1048576K
2021-12-27T09:19:41.888+0800: 89.404: [GC (Allocation Failure) 2021-12-27T09:19:41.888+0800: 89.404: [ParNew: 47935K->4714K(47936K), 0.1324272 secs] 64387K->25340K(154432K), 0.1337268 secs] [Times: user=0.03 sys=0.00, real=0.14 secs] 
Heap after GC invocations=50 (full 2):
 par new generation   total 47936K, used 4714K [0x0000000724400000, 0x0000000727800000, 0x00000007390c0000)
  eden space 42624K,   0% used [0x0000000724400000, 0x0000000724400000, 0x0000000726da0000)
  from space 5312K,  88% used [0x0000000726da0000, 0x000000072723a808, 0x00000007272d0000)
  to   space 5312K,   0% used [0x00000007272d0000, 0x00000007272d0000, 0x0000000727800000)
 concurrent mark-sweep generation total 106496K, used 20626K [0x00000007390c0000, 0x000000073f8c0000, 0x00000007c0000000)
 Metaspace       used 50907K, capacity 53317K, committed 53624K, reserved 1095680K
  class space    used 6315K, capacity 6763K, committed 6780K, reserved 1048576K
}
2021-12-27T09:19:42.024+0800: 89.539: Application time: 0.0011606 seconds
2021-12-27T09:19:42.916+0800: 90.432: Application time: 0.8921078 seconds
{Heap before GC invocations=50 (full 2):
 par new generation   total 47936K, used 47338K [0x0000000724400000, 0x0000000727800000, 0x00000007390c0000)
  eden space 42624K, 100% used [0x0000000724400000, 0x0000000726da0000, 0x0000000726da0000)
  from space 5312K,  88% used [0x0000000726da0000, 0x000000072723a808, 0x00000007272d0000)
  to   space 5312K,   0% used [0x00000007272d0000, 0x00000007272d0000, 0x0000000727800000)
 concurrent mark-sweep generation total 106496K, used 20626K [0x00000007390c0000, 0x000000073f8c0000, 0x00000007c0000000)
 Metaspace       used 51583K, capacity 54009K, committed 54264K, reserved 1097728K
  class space    used 6412K, capacity 6863K, committed 6908K, reserved 1048576K
2021-12-27T09:19:42.917+0800: 90.433: [GC (Allocation Failure) 2021-12-27T09:19:42.917+0800: 90.433: [ParNew: 47338K->3820K(47936K), 0.0513163 secs] 67964K->24446K(154432K), 0.0531302 secs] [Times: user=0.01 sys=0.00, real=0.06 secs] 
Heap after GC invocations=51 (full 2):
 par new generation   total 47936K, used 3820K [0x0000000724400000, 0x0000000727800000, 0x00000007390c0000)
  eden space 42624K,   0% used [0x0000000724400000, 0x0000000724400000, 0x0000000726da0000)
  from space 5312K,  71% used [0x00000007272d0000, 0x000000072768b088, 0x0000000727800000)
  to   space 5312K,   0% used [0x0000000726da0000, 0x0000000726da0000, 0x00000007272d0000)
 concurrent mark-sweep generation total 106496K, used 20626K [0x00000007390c0000, 0x000000073f8c0000, 0x00000007c0000000)
 Metaspace       used 51583K, capacity 54009K, committed 54264K, reserved 1097728K
  class space    used 6412K, capacity 6863K, committed 6908K, reserved 1048576K
}
2021-12-27T09:19:43.587+0800: 91.103: Application time: 0.6164852 seconds
{Heap before GC invocations=51 (full 2):
 par new generation   total 47936K, used 46444K [0x0000000724400000, 0x0000000727800000, 0x00000007390c0000)
  eden space 42624K, 100% used [0x0000000724400000, 0x0000000726da0000, 0x0000000726da0000)
  from space 5312K,  71% used [0x00000007272d0000, 0x000000072768b088, 0x0000000727800000)
  to   space 5312K,   0% used [0x0000000726da0000, 0x0000000726da0000, 0x00000007272d0000)
 concurrent mark-sweep generation total 106496K, used 20626K [0x00000007390c0000, 0x000000073f8c0000, 0x00000007c0000000)
 Metaspace       used 52197K, capacity 54619K, committed 54904K, reserved 1097728K
  class space    used 6522K, capacity 6960K, committed 7036K, reserved 1048576K
2021-12-27T09:19:43.593+0800: 91.109: [GC (Allocation Failure) 2021-12-27T09:19:43.595+0800: 91.111: [ParNew: 46444K->2307K(47936K), 0.0604817 secs] 67070K->24270K(154432K), 0.0694715 secs] [Times: user=0.02 sys=0.00, real=0.07 secs] 
Heap after GC invocations=52 (full 2):
 par new generation   total 47936K, used 2307K [0x0000000724400000, 0x0000000727800000, 0x00000007390c0000)
  eden space 42624K,   0% used [0x0000000724400000, 0x0000000724400000, 0x0000000726da0000)
  from space 5312K,  43% used [0x0000000726da0000, 0x0000000726fe0e78, 0x00000007272d0000)
  to   space 5312K,   0% used [0x00000007272d0000, 0x00000007272d0000, 0x0000000727800000)
 concurrent mark-sweep generation total 106496K, used 21963K [0x00000007390c0000, 0x000000073f8c0000, 0x00000007c0000000)
 Metaspace       used 52197K, capacity 54619K, committed 54904K, reserved 1097728K
  class space    used 6522K, capacity 6960K, committed 7036K, reserved 1048576K
}
2021-12-27T09:19:44.260+0800: 91.776: Application time: 0.5973686 seconds
{Heap before GC invocations=52 (full 2):
 par new generation   total 47936K, used 44931K [0x0000000724400000, 0x0000000727800000, 0x00000007390c0000)
  eden space 42624K, 100% used [0x0000000724400000, 0x0000000726da0000, 0x0000000726da0000)
  from space 5312K,  43% used [0x0000000726da0000, 0x0000000726fe0e78, 0x00000007272d0000)
  to   space 5312K,   0% used [0x00000007272d0000, 0x00000007272d0000, 0x0000000727800000)
 concurrent mark-sweep generation total 106496K, used 21963K [0x00000007390c0000, 0x000000073f8c0000, 0x00000007c0000000)
 Metaspace       used 52672K, capacity 55099K, committed 55288K, reserved 1097728K
  class space    used 6623K, capacity 7056K, committed 7164K, reserved 1048576K
2021-12-27T09:19:44.261+0800: 91.777: [GC (Allocation Failure) 2021-12-27T09:19:44.261+0800: 91.777: [ParNew: 44931K->1233K(47936K), 0.0147076 secs] 66894K->23196K(154432K), 0.0157481 secs] [Times: user=0.01 sys=0.00, real=0.01 secs] 
Heap after GC invocations=53 (full 2):
 par new generation   total 47936K, used 1233K [0x0000000724400000, 0x0000000727800000, 0x00000007390c0000)
  eden space 42624K,   0% used [0x0000000724400000, 0x0000000724400000, 0x0000000726da0000)
  from space 5312K,  23% used [0x00000007272d0000, 0x0000000727404498, 0x0000000727800000)
  to   space 5312K,   0% used [0x0000000726da0000, 0x0000000726da0000, 0x00000007272d0000)
 concurrent mark-sweep generation total 106496K, used 21963K [0x00000007390c0000, 0x000000073f8c0000, 0x00000007c0000000)
 Metaspace       used 52672K, capacity 55099K, committed 55288K, reserved 1097728K
  class space    used 6623K, capacity 7056K, committed 7164K, reserved 1048576K
}
2021-12-27T09:19:45.184+0800: 92.700: Application time: 0.9059991 seconds
2021-12-27T09:19:45.219+0800: 92.735: Application time: 0.0355207 seconds
{Heap before GC invocations=53 (full 2):
 par new generation   total 47936K, used 43857K [0x0000000724400000, 0x0000000727800000, 0x00000007390c0000)
  eden space 42624K, 100% used [0x0000000724400000, 0x0000000726da0000, 0x0000000726da0000)
  from space 5312K,  23% used [0x00000007272d0000, 0x0000000727404498, 0x0000000727800000)
  to   space 5312K,   0% used [0x0000000726da0000, 0x0000000726da0000, 0x00000007272d0000)
 concurrent mark-sweep generation total 106496K, used 21963K [0x00000007390c0000, 0x000000073f8c0000, 0x00000007c0000000)
 Metaspace       used 54339K, capacity 56911K, committed 57208K, reserved 1099776K
  class space    used 6959K, capacity 7434K, committed 7548K, reserved 1048576K
2021-12-27T09:19:45.220+0800: 92.736: [GC (Allocation Failure) 2021-12-27T09:19:45.221+0800: 92.737: [ParNew: 43857K->1816K(47936K), 0.0376057 secs] 65820K->23779K(154432K), 0.0385454 secs] [Times: user=0.01 sys=0.01, real=0.04 secs] 
Heap after GC invocations=54 (full 2):
 par new generation   total 47936K, used 1816K [0x0000000724400000, 0x0000000727800000, 0x00000007390c0000)
  eden space 42624K,   0% used [0x0000000724400000, 0x0000000724400000, 0x0000000726da0000)
  from space 5312K,  34% used [0x0000000726da0000, 0x0000000726f66170, 0x00000007272d0000)
  to   space 5312K,   0% used [0x00000007272d0000, 0x00000007272d0000, 0x0000000727800000)
 concurrent mark-sweep generation total 106496K, used 21963K [0x00000007390c0000, 0x000000073f8c0000, 0x00000007c0000000)
 Metaspace       used 54339K, capacity 56911K, committed 57208K, reserved 1099776K
  class space    used 6959K, capacity 7434K, committed 7548K, reserved 1048576K
}
2021-12-27T09:19:46.238+0800: 93.754: Application time: 0.9786795 seconds
{Heap before GC invocations=54 (full 2):
 par new generation   total 47936K, used 44440K [0x0000000724400000, 0x0000000727800000, 0x00000007390c0000)
  eden space 42624K, 100% used [0x0000000724400000, 0x0000000726da0000, 0x0000000726da0000)
  from space 5312K,  34% used [0x0000000726da0000, 0x0000000726f66170, 0x00000007272d0000)
  to   space 5312K,   0% used [0x00000007272d0000, 0x00000007272d0000, 0x0000000727800000)
 concurrent mark-sweep generation total 106496K, used 21963K [0x00000007390c0000, 0x000000073f8c0000, 0x00000007c0000000)
 Metaspace       used 56450K, capacity 58991K, committed 59256K, reserved 1101824K
  class space    used 7284K, capacity 7760K, committed 7804K, reserved 1048576K
2021-12-27T09:19:46.239+0800: 93.755: [GC (Allocation Failure) 2021-12-27T09:19:46.240+0800: 93.755: [ParNew: 44440K->2382K(47936K), 0.0209646 secs] 66403K->24345K(154432K), 0.0219610 secs] [Times: user=0.01 sys=0.00, real=0.02 secs] 
Heap after GC invocations=55 (full 2):
 par new generation   total 47936K, used 2382K [0x0000000724400000, 0x0000000727800000, 0x00000007390c0000)
  eden space 42624K,   0% used [0x0000000724400000, 0x0000000724400000, 0x0000000726da0000)
  from space 5312K,  44% used [0x00000007272d0000, 0x0000000727523aa0, 0x0000000727800000)
  to   space 5312K,   0% used [0x0000000726da0000, 0x0000000726da0000, 0x00000007272d0000)
 concurrent mark-sweep generation total 106496K, used 21963K [0x00000007390c0000, 0x000000073f8c0000, 0x00000007c0000000)
 Metaspace       used 56450K, capacity 58991K, committed 59256K, reserved 1101824K
  class space    used 7284K, capacity 7760K, committed 7804K, reserved 1048576K
}
2021-12-27T09:19:46.403+0800: 93.919: Application time: 0.1414696 seconds
2021-12-27T09:19:46.467+0800: 93.983: Application time: 0.0632265 seconds
2021-12-27T09:19:47.342+0800: 94.858: Application time: 0.8746313 seconds
{Heap before GC invocations=55 (full 2):
 par new generation   total 47936K, used 45006K [0x0000000724400000, 0x0000000727800000, 0x00000007390c0000)
  eden space 42624K, 100% used [0x0000000724400000, 0x0000000726da0000, 0x0000000726da0000)
  from space 5312K,  44% used [0x00000007272d0000, 0x0000000727523aa0, 0x0000000727800000)
  to   space 5312K,   0% used [0x0000000726da0000, 0x0000000726da0000, 0x00000007272d0000)
 concurrent mark-sweep generation total 106496K, used 21963K [0x00000007390c0000, 0x000000073f8c0000, 0x00000007c0000000)
 Metaspace       used 58006K, capacity 60565K, committed 60792K, reserved 1101824K
  class space    used 7486K, capacity 7959K, committed 8060K, reserved 1048576K
2021-12-27T09:19:47.343+0800: 94.859: [GC (Allocation Failure) 2021-12-27T09:19:47.344+0800: 94.860: [ParNew: 45006K->2431K(47936K), 0.0238953 secs] 66969K->24395K(154432K), 0.0349210 secs] [Times: user=0.02 sys=0.00, real=0.04 secs] 
Heap after GC invocations=56 (full 2):
 par new generation   total 47936K, used 2431K [0x0000000724400000, 0x0000000727800000, 0x00000007390c0000)
  eden space 42624K,   0% used [0x0000000724400000, 0x0000000724400000, 0x0000000726da0000)
  from space 5312K,  45% used [0x0000000726da0000, 0x0000000726ffffe8, 0x00000007272d0000)
  to   space 5312K,   0% used [0x00000007272d0000, 0x00000007272d0000, 0x0000000727800000)
 concurrent mark-sweep generation total 106496K, used 21963K [0x00000007390c0000, 0x000000073f8c0000, 0x00000007c0000000)
 Metaspace       used 58006K, capacity 60565K, committed 60792K, reserved 1101824K
  class space    used 7486K, capacity 7959K, committed 8060K, reserved 1048576K
}
2021-12-27T09:19:47.395+0800: 94.911: Application time: 0.0143666 seconds
2021-12-27T09:19:47.873+0800: 95.389: Application time: 0.4476332 seconds
2021-12-27T09:19:47.873+0800: 95.389: Application time: 0.0000402 seconds
2021-12-27T09:19:47.939+0800: 95.455: Application time: 0.0662219 seconds
2021-12-27T09:19:48.068+0800: 95.587: Application time: 0.1315856 seconds
2021-12-27T09:19:48.071+0800: 95.587: Application time: 0.0000446 seconds
2021-12-27T09:19:48.160+0800: 95.676: Application time: 0.0881579 seconds
2021-12-27T09:19:48.160+0800: 95.676: Application time: 0.0000383 seconds
2021-12-27T09:19:48.521+0800: 96.037: Application time: 0.3608919 seconds
2021-12-27T09:19:48.586+0800: 96.101: Application time: 0.0646039 seconds
2021-12-27T09:19:48.614+0800: 96.130: Application time: 0.0282334 seconds
2021-12-27T09:19:48.842+0800: 96.358: Application time: 0.2283004 seconds
{Heap before GC invocations=56 (full 2):
 par new generation   total 47936K, used 45055K [0x0000000724400000, 0x0000000727800000, 0x00000007390c0000)
  eden space 42624K, 100% used [0x0000000724400000, 0x0000000726da0000, 0x0000000726da0000)
  from space 5312K,  45% used [0x0000000726da0000, 0x0000000726ffffe8, 0x00000007272d0000)
  to   space 5312K,   0% used [0x00000007272d0000, 0x00000007272d0000, 0x0000000727800000)
 concurrent mark-sweep generation total 106496K, used 21963K [0x00000007390c0000, 0x000000073f8c0000, 0x00000007c0000000)
 Metaspace       used 59379K, capacity 61987K, committed 62200K, reserved 1103872K
  class space    used 7665K, capacity 8142K, committed 8188K, reserved 1048576K
2021-12-27T09:19:48.846+0800: 96.362: [GC (Allocation Failure) 2021-12-27T09:19:48.847+0800: 96.363: [ParNew: 45055K->3284K(47936K), 0.0692544 secs] 67019K->25247K(154432K), 0.0705559 secs] [Times: user=0.02 sys=0.00, real=0.07 secs] 
Heap after GC invocations=57 (full 2):
 par new generation   total 47936K, used 3284K [0x0000000724400000, 0x0000000727800000, 0x00000007390c0000)
  eden space 42624K,   0% used [0x0000000724400000, 0x0000000724400000, 0x0000000726da0000)
  from space 5312K,  61% used [0x00000007272d0000, 0x00000007276052c8, 0x0000000727800000)
  to   space 5312K,   0% used [0x0000000726da0000, 0x0000000726da0000, 0x00000007272d0000)
 concurrent mark-sweep generation total 106496K, used 21963K [0x00000007390c0000, 0x000000073f8c0000, 0x00000007c0000000)
 Metaspace       used 59379K, capacity 61987K, committed 62200K, reserved 1103872K
  class space    used 7665K, capacity 8142K, committed 8188K, reserved 1048576K
}
2021-12-27T09:19:49.721+0800: 97.237: Application time: 0.8031469 seconds
{Heap before GC invocations=57 (full 2):
 par new generation   total 47936K, used 45908K [0x0000000724400000, 0x0000000727800000, 0x00000007390c0000)
  eden space 42624K, 100% used [0x0000000724400000, 0x0000000726da0000, 0x0000000726da0000)
  from space 5312K,  61% used [0x00000007272d0000, 0x00000007276052c8, 0x0000000727800000)
  to   space 5312K,   0% used [0x0000000726da0000, 0x0000000726da0000, 0x00000007272d0000)
 concurrent mark-sweep generation total 106496K, used 21963K [0x00000007390c0000, 0x000000073f8c0000, 0x00000007c0000000)
 Metaspace       used 60563K, capacity 63183K, committed 63352K, reserved 1103872K
  class space    used 7845K, capacity 8304K, committed 8316K, reserved 1048576K
2021-12-27T09:19:49.722+0800: 97.238: [GC (Allocation Failure) 2021-12-27T09:19:49.722+0800: 97.238: [ParNew: 45908K->3536K(47936K), 0.0602303 secs] 67871K->25861K(154432K), 0.0612253 secs] [Times: user=0.02 sys=0.01, real=0.06 secs] 
Heap after GC invocations=58 (full 2):
 par new generation   total 47936K, used 3536K [0x0000000724400000, 0x0000000727800000, 0x00000007390c0000)
  eden space 42624K,   0% used [0x0000000724400000, 0x0000000724400000, 0x0000000726da0000)
  from space 5312K,  66% used [0x0000000726da0000, 0x0000000727114270, 0x00000007272d0000)
  to   space 5312K,   0% used [0x00000007272d0000, 0x00000007272d0000, 0x0000000727800000)
 concurrent mark-sweep generation total 106496K, used 22325K [0x00000007390c0000, 0x000000073f8c0000, 0x00000007c0000000)
 Metaspace       used 60563K, capacity 63183K, committed 63352K, reserved 1103872K
  class space    used 7845K, capacity 8304K, committed 8316K, reserved 1048576K
}
2021-12-27T09:19:50.369+0800: 97.885: Application time: 0.5849193 seconds
{Heap before GC invocations=58 (full 2):
 par new generation   total 47936K, used 46160K [0x0000000724400000, 0x0000000727800000, 0x00000007390c0000)
  eden space 42624K, 100% used [0x0000000724400000, 0x0000000726da0000, 0x0000000726da0000)
  from space 5312K,  66% used [0x0000000726da0000, 0x0000000727114270, 0x00000007272d0000)
  to   space 5312K,   0% used [0x00000007272d0000, 0x00000007272d0000, 0x0000000727800000)
 concurrent mark-sweep generation total 106496K, used 22325K [0x00000007390c0000, 0x000000073f8c0000, 0x00000007c0000000)
 Metaspace       used 61104K, capacity 63733K, committed 64120K, reserved 1105920K
  class space    used 7976K, capacity 8465K, committed 8572K, reserved 1048576K
2021-12-27T09:19:50.369+0800: 97.885: [GC (Allocation Failure) 2021-12-27T09:19:50.370+0800: 97.886: [ParNew: 46160K->2639K(47936K), 0.0327506 secs] 68485K->24964K(154432K), 0.0337415 secs] [Times: user=0.02 sys=0.00, real=0.03 secs] 
Heap after GC invocations=59 (full 2):
 par new generation   total 47936K, used 2639K [0x0000000724400000, 0x0000000727800000, 0x00000007390c0000)
  eden space 42624K,   0% used [0x0000000724400000, 0x0000000724400000, 0x0000000726da0000)
  from space 5312K,  49% used [0x00000007272d0000, 0x0000000727563c50, 0x0000000727800000)
  to   space 5312K,   0% used [0x0000000726da0000, 0x0000000726da0000, 0x00000007272d0000)
 concurrent mark-sweep generation total 106496K, used 22325K [0x00000007390c0000, 0x000000073f8c0000, 0x00000007c0000000)
 Metaspace       used 61104K, capacity 63733K, committed 64120K, reserved 1105920K
  class space    used 7976K, capacity 8465K, committed 8572K, reserved 1048576K
}
2021-12-27T09:19:50.852+0800: 98.368: Application time: 0.4481539 seconds
{Heap before GC invocations=59 (full 2):
 par new generation   total 47936K, used 45263K [0x0000000724400000, 0x0000000727800000, 0x00000007390c0000)
  eden space 42624K, 100% used [0x0000000724400000, 0x0000000726da0000, 0x0000000726da0000)
  from space 5312K,  49% used [0x00000007272d0000, 0x0000000727563c50, 0x0000000727800000)
  to   space 5312K,   0% used [0x0000000726da0000, 0x0000000726da0000, 0x00000007272d0000)
 concurrent mark-sweep generation total 106496K, used 22325K [0x00000007390c0000, 0x000000073f8c0000, 0x00000007c0000000)
 Metaspace       used 61700K, capacity 64309K, committed 64632K, reserved 1105920K
  class space    used 8067K, capacity 8529K, committed 8572K, reserved 1048576K
2021-12-27T09:19:50.853+0800: 98.369: [GC (Allocation Failure) 2021-12-27T09:19:50.854+0800: 98.370: [ParNew: 45263K->3036K(47936K), 0.0320913 secs] 67588K->25362K(154432K), 0.0335696 secs] [Times: user=0.01 sys=0.00, real=0.03 secs] 
Heap after GC invocations=60 (full 2):
 par new generation   total 47936K, used 3036K [0x0000000724400000, 0x0000000727800000, 0x00000007390c0000)
  eden space 42624K,   0% used [0x0000000724400000, 0x0000000724400000, 0x0000000726da0000)
  from space 5312K,  57% used [0x0000000726da0000, 0x00000007270973b8, 0x00000007272d0000)
  to   space 5312K,   0% used [0x00000007272d0000, 0x00000007272d0000, 0x0000000727800000)
 concurrent mark-sweep generation total 106496K, used 22325K [0x00000007390c0000, 0x000000073f8c0000, 0x00000007c0000000)
 Metaspace       used 61700K, capacity 64309K, committed 64632K, reserved 1105920K
  class space    used 8067K, capacity 8529K, committed 8572K, reserved 1048576K
}
2021-12-27T09:19:51.601+0800: 99.117: Application time: 0.7139076 seconds
2021-12-27T09:19:52.071+0800: 99.587: Application time: 0.4695255 seconds
{Heap before GC invocations=60 (full 2):
 par new generation   total 47936K, used 45660K [0x0000000724400000, 0x0000000727800000, 0x00000007390c0000)
  eden space 42624K, 100% used [0x0000000724400000, 0x0000000726da0000, 0x0000000726da0000)
  from space 5312K,  57% used [0x0000000726da0000, 0x00000007270973b8, 0x00000007272d0000)
  to   space 5312K,   0% used [0x00000007272d0000, 0x00000007272d0000, 0x0000000727800000)
 concurrent mark-sweep generation total 106496K, used 22325K [0x00000007390c0000, 0x000000073f8c0000, 0x00000007c0000000)
 Metaspace       used 62423K, capacity 65101K, committed 65272K, reserved 1105920K
  class space    used 8170K, capacity 8661K, committed 8700K, reserved 1048576K
2021-12-27T09:19:52.071+0800: 99.587: [GC (Allocation Failure) 2021-12-27T09:19:52.072+0800: 99.588: [ParNew: 45660K->3740K(47936K), 0.0878574 secs] 67986K->26145K(154432K), 0.0889812 secs] [Times: user=0.01 sys=0.00, real=0.09 secs] 
Heap after GC invocations=61 (full 2):
 par new generation   total 47936K, used 3740K [0x0000000724400000, 0x0000000727800000, 0x00000007390c0000)
  eden space 42624K,   0% used [0x0000000724400000, 0x0000000724400000, 0x0000000726da0000)
  from space 5312K,  70% used [0x00000007272d0000, 0x0000000727677380, 0x0000000727800000)
  to   space 5312K,   0% used [0x0000000726da0000, 0x0000000726da0000, 0x00000007272d0000)
 concurrent mark-sweep generation total 106496K, used 22404K [0x00000007390c0000, 0x000000073f8c0000, 0x00000007c0000000)
 Metaspace       used 62423K, capacity 65101K, committed 65272K, reserved 1105920K
  class space    used 8170K, capacity 8661K, committed 8700K, reserved 1048576K
}
2021-12-27T09:19:53.162+0800: 100.677: Application time: 1.0001861 seconds
2021-12-27T09:19:53.522+0800: 101.038: Application time: 0.3536641 seconds
{Heap before GC invocations=61 (full 2):
 par new generation   total 47936K, used 46364K [0x0000000724400000, 0x0000000727800000, 0x00000007390c0000)
  eden space 42624K, 100% used [0x0000000724400000, 0x0000000726da0000, 0x0000000726da0000)
  from space 5312K,  70% used [0x00000007272d0000, 0x0000000727677380, 0x0000000727800000)
  to   space 5312K,   0% used [0x0000000726da0000, 0x0000000726da0000, 0x00000007272d0000)
 concurrent mark-sweep generation total 106496K, used 22404K [0x00000007390c0000, 0x000000073f8c0000, 0x00000007c0000000)
 Metaspace       used 63529K, capacity 66205K, committed 66552K, reserved 1107968K
  class space    used 8315K, capacity 8833K, committed 8956K, reserved 1048576K
2021-12-27T09:19:53.523+0800: 101.039: [GC (Allocation Failure) 2021-12-27T09:19:53.524+0800: 101.039: [ParNew: 46364K->4185K(47936K), 0.0536813 secs] 68769K->26679K(154432K), 0.0547420 secs] [Times: user=0.02 sys=0.00, real=0.06 secs] 
Heap after GC invocations=62 (full 2):
 par new generation   total 47936K, used 4185K [0x0000000724400000, 0x0000000727800000, 0x00000007390c0000)
  eden space 42624K,   0% used [0x0000000724400000, 0x0000000724400000, 0x0000000726da0000)
  from space 5312K,  78% used [0x0000000726da0000, 0x00000007271b67a0, 0x00000007272d0000)
  to   space 5312K,   0% used [0x00000007272d0000, 0x00000007272d0000, 0x0000000727800000)
 concurrent mark-sweep generation total 106496K, used 22493K [0x00000007390c0000, 0x000000073f8c0000, 0x00000007c0000000)
 Metaspace       used 63529K, capacity 66205K, committed 66552K, reserved 1107968K
  class space    used 8315K, capacity 8833K, committed 8956K, reserved 1048576K
}
2021-12-27T09:19:54.579+0800: 102.095: Application time: 1.0002469 seconds
2021-12-27T09:19:54.947+0800: 102.463: Application time: 0.3553976 seconds
{Heap before GC invocations=62 (full 2):
 par new generation   total 47936K, used 46809K [0x0000000724400000, 0x0000000727800000, 0x00000007390c0000)
  eden space 42624K, 100% used [0x0000000724400000, 0x0000000726da0000, 0x0000000726da0000)
  from space 5312K,  78% used [0x0000000726da0000, 0x00000007271b67a0, 0x00000007272d0000)
  to   space 5312K,   0% used [0x00000007272d0000, 0x00000007272d0000, 0x0000000727800000)
 concurrent mark-sweep generation total 106496K, used 22493K [0x00000007390c0000, 0x000000073f8c0000, 0x00000007c0000000)
 Metaspace       used 65345K, capacity 68071K, committed 68216K, reserved 1107968K
  class space    used 8525K, capacity 9022K, committed 9084K, reserved 1048576K
2021-12-27T09:19:54.948+0800: 102.464: [GC (Allocation Failure) 2021-12-27T09:19:54.949+0800: 102.465: [ParNew: 46809K->4962K(47936K), 0.0788020 secs] 69303K->27732K(154432K), 0.0804468 secs] [Times: user=0.02 sys=0.00, real=0.08 secs] 
Heap after GC invocations=63 (full 2):
 par new generation   total 47936K, used 4962K [0x0000000724400000, 0x0000000727800000, 0x00000007390c0000)
  eden space 42624K,   0% used [0x0000000724400000, 0x0000000724400000, 0x0000000726da0000)
  from space 5312K,  93% used [0x00000007272d0000, 0x00000007277a8ae0, 0x0000000727800000)
  to   space 5312K,   0% used [0x0000000726da0000, 0x0000000726da0000, 0x00000007272d0000)
 concurrent mark-sweep generation total 106496K, used 22770K [0x00000007390c0000, 0x000000073f8c0000, 0x00000007c0000000)
 Metaspace       used 65345K, capacity 68071K, committed 68216K, reserved 1107968K
  class space    used 8525K, capacity 9022K, committed 9084K, reserved 1048576K
}
2021-12-27T09:19:55.539+0800: 103.055: Application time: 0.5095979 seconds
2021-12-27T09:19:56.516+0800: 104.032: Application time: 0.9757534 seconds
2021-12-27T09:19:56.640+0800: 104.156: Application time: 0.1244024 seconds
{Heap before GC invocations=63 (full 2):
 par new generation   total 47936K, used 47586K [0x0000000724400000, 0x0000000727800000, 0x00000007390c0000)
  eden space 42624K, 100% used [0x0000000724400000, 0x0000000726da0000, 0x0000000726da0000)
  from space 5312K,  93% used [0x00000007272d0000, 0x00000007277a8ae0, 0x0000000727800000)
  to   space 5312K,   0% used [0x0000000726da0000, 0x0000000726da0000, 0x00000007272d0000)
 concurrent mark-sweep generation total 106496K, used 22770K [0x00000007390c0000, 0x000000073f8c0000, 0x00000007c0000000)
 Metaspace       used 67476K, capacity 70685K, committed 70852K, reserved 1110016K
  class space    used 8853K, capacity 9427K, committed 9468K, reserved 1048576K
2021-12-27T09:19:56.641+0800: 104.157: [GC (Allocation Failure) 2021-12-27T09:19:56.642+0800: 104.158: [ParNew: 47586K->4921K(47936K), 0.0911598 secs] 70356K->28817K(154432K), 0.0998266 secs] [Times: user=0.04 sys=0.00, real=0.10 secs] 
Heap after GC invocations=64 (full 2):
 par new generation   total 47936K, used 4921K [0x0000000724400000, 0x0000000727800000, 0x00000007390c0000)
  eden space 42624K,   0% used [0x0000000724400000, 0x0000000724400000, 0x0000000726da0000)
  from space 5312K,  92% used [0x0000000726da0000, 0x000000072726e798, 0x00000007272d0000)
  to   space 5312K,   0% used [0x00000007272d0000, 0x00000007272d0000, 0x0000000727800000)
 concurrent mark-sweep generation total 106496K, used 23895K [0x00000007390c0000, 0x000000073f8c0000, 0x00000007c0000000)
 Metaspace       used 67476K, capacity 70685K, committed 70852K, reserved 1110016K
  class space    used 8853K, capacity 9427K, committed 9468K, reserved 1048576K
}
2021-12-27T09:19:56.748+0800: 104.264: Application time: 0.0046684 seconds
2021-12-27T09:19:56.749+0800: 104.265: [GC (CMS Initial Mark) [1 CMS-initial-mark: 23895K(106496K)] 29668K(154432K), 0.0169545 secs] [Times: user=0.01 sys=0.00, real=0.01 secs] 
2021-12-27T09:19:56.768+0800: 104.283: [CMS-concurrent-mark-start]
2021-12-27T09:19:57.079+0800: 104.595: [CMS-concurrent-mark: 0.312/0.312 secs] [Times: user=0.10 sys=0.01, real=0.32 secs] 
2021-12-27T09:19:57.092+0800: 104.608: Application time: 0.3249131 seconds
2021-12-27T09:19:57.093+0800: 104.608: [CMS-concurrent-preclean-start]
2021-12-27T09:19:57.104+0800: 104.620: [CMS-concurrent-preclean: 0.011/0.011 secs] [Times: user=0.00 sys=0.00, real=0.01 secs] 
2021-12-27T09:19:57.111+0800: 104.627: [CMS-concurrent-abortable-preclean-start]
2021-12-27T09:19:57.524+0800: 105.040: Application time: 0.4317715 seconds
2021-12-27T09:19:57.812+0800: 105.328: Application time: 0.2879195 seconds
2021-12-27T09:19:57.848+0800: 105.364: Application time: 0.0358508 seconds
2021-12-27T09:19:57.872+0800: 105.388: Application time: 0.0239130 seconds
2021-12-27T09:19:58.142+0800: 105.658: Application time: 0.2692669 seconds
2021-12-27T09:19:58.523+0800: 106.039: Application time: 0.3803464 seconds
2021-12-27T09:19:58.884+0800: 106.400: Application time: 0.3612829 seconds
{Heap before GC invocations=64 (full 3):
 par new generation   total 47936K, used 47545K [0x0000000724400000, 0x0000000727800000, 0x00000007390c0000)
  eden space 42624K, 100% used [0x0000000724400000, 0x0000000726da0000, 0x0000000726da0000)
  from space 5312K,  92% used [0x0000000726da0000, 0x000000072726e798, 0x00000007272d0000)
  to   space 5312K,   0% used [0x00000007272d0000, 0x00000007272d0000, 0x0000000727800000)
 concurrent mark-sweep generation total 106496K, used 23895K [0x00000007390c0000, 0x000000073f8c0000, 0x00000007c0000000)
 Metaspace       used 69268K, capacity 72519K, committed 72588K, reserved 1112064K
  class space    used 9083K, capacity 9640K, committed 9696K, reserved 1048576K
2021-12-27T09:19:58.886+0800: 106.402: [GC (Allocation Failure) 2021-12-27T09:19:58.886+0800: 106.402: [ParNew: 47545K->3066K(47936K), 0.0929095 secs] 71441K->27544K(154432K), 0.0944513 secs] [Times: user=0.02 sys=0.00, real=0.10 secs] 
Heap after GC invocations=65 (full 3):
 par new generation   total 47936K, used 3066K [0x0000000724400000, 0x0000000727800000, 0x00000007390c0000)
  eden space 42624K,   0% used [0x0000000724400000, 0x0000000724400000, 0x0000000726da0000)
  from space 5312K,  57% used [0x00000007272d0000, 0x00000007275cebc0, 0x0000000727800000)
  to   space 5312K,   0% used [0x0000000726da0000, 0x0000000726da0000, 0x00000007272d0000)
 concurrent mark-sweep generation total 106496K, used 24477K [0x00000007390c0000, 0x000000073f8c0000, 0x00000007c0000000)
 Metaspace       used 69268K, capacity 72519K, committed 72588K, reserved 1112064K
  class space    used 9083K, capacity 9640K, committed 9696K, reserved 1048576K
}
2021-12-27T09:19:59.069+0800: 106.585: Application time: 0.0884099 seconds
2021-12-27T09:19:59.365+0800: 106.881: Application time: 0.2959706 seconds
2021-12-27T09:20:00.099+0800: 107.615: Application time: 0.7182290 seconds
2021-12-27T09:20:00.422+0800: 107.938: [CMS-concurrent-abortable-preclean: 2.752/3.310 secs] [Times: user=0.98 sys=0.03, real=3.31 secs] 
2021-12-27T09:20:00.426+0800: 107.942: Application time: 0.3263795 seconds
2021-12-27T09:20:00.427+0800: 107.943: [GC (CMS Final Remark) [YG occupancy: 27748 K (47936 K)]2021-12-27T09:20:00.428+0800: 107.944: [Rescan (parallel) , 0.1051570 secs]2021-12-27T09:20:00.534+0800: 108.050: [weak refs processing, 0.0006931 secs]2021-12-27T09:20:00.535+0800: 108.051: [class unloading, 0.1240936 secs]2021-12-27T09:20:00.661+0800: 108.177: [scrub symbol table, 0.0710216 secs]2021-12-27T09:20:00.738+0800: 108.254: [scrub string table, 0.0030722 secs][1 CMS-remark: 24477K(106496K)] 52226K(154432K), 0.3149066 secs] [Times: user=0.07 sys=0.00, real=0.32 secs] 
2021-12-27T09:20:00.743+0800: 108.259: [CMS-concurrent-sweep-start]
2021-12-27T09:20:00.798+0800: 108.314: Application time: 0.0552252 seconds
2021-12-27T09:20:00.805+0800: 108.321: [CMS-concurrent-sweep: 0.056/0.062 secs] [Times: user=0.02 sys=0.00, real=0.06 secs] 
2021-12-27T09:20:00.811+0800: 108.327: [CMS-concurrent-reset-start]
2021-12-27T09:20:00.818+0800: 108.334: [CMS-concurrent-reset: 0.007/0.007 secs] [Times: user=0.01 sys=0.00, real=0.00 secs] 
2021-12-27T09:20:01.804+0800: 109.320: Application time: 1.0056751 seconds
2021-12-27T09:20:01.953+0800: 109.469: Application time: 0.1480331 seconds
2021-12-27T09:20:01.995+0800: 109.511: Application time: 0.0416673 seconds
{Heap before GC invocations=65 (full 3):
 par new generation   total 47936K, used 45690K [0x0000000724400000, 0x0000000727800000, 0x00000007390c0000)
  eden space 42624K, 100% used [0x0000000724400000, 0x0000000726da0000, 0x0000000726da0000)
  from space 5312K,  57% used [0x00000007272d0000, 0x00000007275cebc0, 0x0000000727800000)
  to   space 5312K,   0% used [0x0000000726da0000, 0x0000000726da0000, 0x00000007272d0000)
 concurrent mark-sweep generation total 106496K, used 22705K [0x00000007390c0000, 0x000000073f8c0000, 0x00000007c0000000)
 Metaspace       used 70470K, capacity 73797K, committed 74148K, reserved 1114112K
  class space    used 9280K, capacity 9857K, committed 9948K, reserved 1048576K
2021-12-27T09:20:01.995+0800: 109.511: [GC (Allocation Failure) 2021-12-27T09:20:01.996+0800: 109.512: [ParNew: 45690K->5312K(47936K), 0.0611998 secs] 68396K->28538K(154432K), 0.0625051 secs] [Times: user=0.02 sys=0.00, real=0.07 secs] 
Heap after GC invocations=66 (full 3):
 par new generation   total 47936K, used 5312K [0x0000000724400000, 0x0000000727800000, 0x00000007390c0000)
  eden space 42624K,   0% used [0x0000000724400000, 0x0000000724400000, 0x0000000726da0000)
  from space 5312K, 100% used [0x0000000726da0000, 0x00000007272d0000, 0x00000007272d0000)
  to   space 5312K,   0% used [0x00000007272d0000, 0x00000007272d0000, 0x0000000727800000)
 concurrent mark-sweep generation total 106496K, used 23226K [0x00000007390c0000, 0x000000073f8c0000, 0x00000007c0000000)
 Metaspace       used 70470K, capacity 73797K, committed 74148K, reserved 1114112K
  class space    used 9280K, capacity 9857K, committed 9948K, reserved 1048576K
}
2021-12-27T09:20:02.117+0800: 109.633: Application time: 0.0586648 seconds
2021-12-27T09:20:02.179+0800: 109.695: Application time: 0.0170546 seconds
2021-12-27T09:20:02.200+0800: 109.716: Application time: 0.0182209 seconds
2021-12-27T09:20:02.206+0800: 109.722: Application time: 0.0032601 seconds
2021-12-27T09:20:02.209+0800: 109.726: Application time: 0.0027512 seconds
2021-12-27T09:20:02.259+0800: 109.775: Application time: 0.0029749 seconds
2021-12-27T09:20:02.264+0800: 109.780: Application time: 0.0038369 seconds
2021-12-27T09:20:02.290+0800: 109.806: Application time: 0.0002059 seconds
2021-12-27T09:20:02.293+0800: 109.809: Application time: 0.0004774 seconds
2021-12-27T09:20:02.294+0800: 109.810: Application time: 0.0010426 seconds
2021-12-27T09:20:02.310+0800: 109.826: Application time: 0.0004119 seconds
2021-12-27T09:20:03.089+0800: 110.605: Application time: 0.7790098 seconds
2021-12-27T09:20:03.090+0800: 110.606: Application time: 0.0006460 seconds
2021-12-27T09:20:03.091+0800: 110.606: Application time: 0.0000430 seconds
2021-12-27T09:20:03.151+0800: 110.667: Application time: 0.0592252 seconds
2021-12-27T09:20:03.152+0800: 110.668: Application time: 0.0001371 seconds
2021-12-27T09:20:03.152+0800: 110.668: Application time: 0.0000390 seconds
2021-12-27T09:20:03.271+0800: 110.787: Application time: 0.1194865 seconds
2021-12-27T09:20:03.272+0800: 110.789: Application time: 0.0018803 seconds
2021-12-27T09:20:03.273+0800: 110.789: Application time: 0.0000514 seconds
2021-12-27T09:20:03.373+0800: 110.889: Application time: 0.0992291 seconds
2021-12-27T09:20:04.375+0800: 111.891: Application time: 1.0001453 seconds
2021-12-27T09:20:04.890+0800: 112.406: Application time: 0.5149316 seconds
{Heap before GC invocations=66 (full 3):
 par new generation   total 47936K, used 47936K [0x0000000724400000, 0x0000000727800000, 0x00000007390c0000)
  eden space 42624K, 100% used [0x0000000724400000, 0x0000000726da0000, 0x0000000726da0000)
  from space 5312K, 100% used [0x0000000726da0000, 0x00000007272d0000, 0x00000007272d0000)
  to   space 5312K,   0% used [0x00000007272d0000, 0x00000007272d0000, 0x0000000727800000)
 concurrent mark-sweep generation total 106496K, used 23226K [0x00000007390c0000, 0x000000073f8c0000, 0x00000007c0000000)
 Metaspace       used 71599K, capacity 75199K, committed 75428K, reserved 1114112K
  class space    used 9443K, capacity 10078K, committed 10204K, reserved 1048576K
2021-12-27T09:20:04.894+0800: 112.410: [GC (Allocation Failure) 2021-12-27T09:20:04.894+0800: 112.410: [ParNew: 47936K->4322K(47936K), 0.1071234 secs] 71162K->28917K(154432K), 0.1140512 secs] [Times: user=0.03 sys=0.01, real=0.12 secs] 
Heap after GC invocations=67 (full 3):
 par new generation   total 47936K, used 4322K [0x0000000724400000, 0x0000000727800000, 0x00000007390c0000)
  eden space 42624K,   0% used [0x0000000724400000, 0x0000000724400000, 0x0000000726da0000)
  from space 5312K,  81% used [0x00000007272d0000, 0x0000000727708b48, 0x0000000727800000)
  to   space 5312K,   0% used [0x0000000726da0000, 0x0000000726da0000, 0x00000007272d0000)
 concurrent mark-sweep generation total 106496K, used 24594K [0x00000007390c0000, 0x000000073f8c0000, 0x00000007c0000000)
 Metaspace       used 71599K, capacity 75199K, committed 75428K, reserved 1114112K
  class space    used 9443K, capacity 10078K, committed 10204K, reserved 1048576K
}
2021-12-27T09:20:05.026+0800: 112.541: Application time: 0.0149500 seconds
2021-12-27T09:20:05.037+0800: 112.553: Application time: 0.0007389 seconds
2021-12-27T09:20:05.310+0800: 112.826: Application time: 0.2666660 seconds
2021-12-27T09:20:06.131+0800: 113.647: Application time: 0.8207158 seconds
2021-12-27T09:20:06.132+0800: 113.648: Application time: 0.0010966 seconds
2021-12-27T09:20:06.204+0800: 113.719: Application time: 0.0694063 seconds
2021-12-27T09:20:06.564+0800: 114.080: Application time: 0.3596206 seconds
2021-12-27T09:20:06.630+0800: 114.146: Application time: 0.0652411 seconds
{Heap before GC invocations=67 (full 3):
 par new generation   total 47936K, used 46946K [0x0000000724400000, 0x0000000727800000, 0x00000007390c0000)
  eden space 42624K, 100% used [0x0000000724400000, 0x0000000726da0000, 0x0000000726da0000)
  from space 5312K,  81% used [0x00000007272d0000, 0x0000000727708b48, 0x0000000727800000)
  to   space 5312K,   0% used [0x0000000726da0000, 0x0000000726da0000, 0x00000007272d0000)
 concurrent mark-sweep generation total 106496K, used 24594K [0x00000007390c0000, 0x000000073f8c0000, 0x00000007c0000000)
 Metaspace       used 72521K, capacity 76145K, committed 76324K, reserved 1116160K
  class space    used 9572K, capacity 10207K, committed 10332K, reserved 1048576K
2021-12-27T09:20:06.630+0800: 114.146: [GC (Allocation Failure) 2021-12-27T09:20:06.631+0800: 114.147: [ParNew: 46946K->3805K(47936K), 0.0839053 secs] 71541K->30165K(154432K), 0.0891134 secs] [Times: user=0.03 sys=0.01, real=0.09 secs] 
Heap after GC invocations=68 (full 3):
 par new generation   total 47936K, used 3805K [0x0000000724400000, 0x0000000727800000, 0x00000007390c0000)
  eden space 42624K,   0% used [0x0000000724400000, 0x0000000724400000, 0x0000000726da0000)
  from space 5312K,  71% used [0x0000000726da0000, 0x0000000727157618, 0x00000007272d0000)
  to   space 5312K,   0% used [0x00000007272d0000, 0x00000007272d0000, 0x0000000727800000)
 concurrent mark-sweep generation total 106496K, used 26360K [0x00000007390c0000, 0x000000073f8c0000, 0x00000007c0000000)
 Metaspace       used 72521K, capacity 76145K, committed 76324K, reserved 1116160K
  class space    used 9572K, capacity 10207K, committed 10332K, reserved 1048576K
}
2021-12-27T09:20:06.721+0800: 114.237: Application time: 0.0007582 seconds
2021-12-27T09:20:06.721+0800: 114.237: Application time: 0.0002106 seconds
2021-12-27T09:20:06.831+0800: 114.347: Application time: 0.1095922 seconds
2021-12-27T09:20:07.568+0800: 115.107: Application time: 0.7492144 seconds
{Heap before GC invocations=68 (full 3):
 par new generation   total 47936K, used 46429K [0x0000000724400000, 0x0000000727800000, 0x00000007390c0000)
  eden space 42624K, 100% used [0x0000000724400000, 0x0000000726da0000, 0x0000000726da0000)
  from space 5312K,  71% used [0x0000000726da0000, 0x0000000727157618, 0x00000007272d0000)
  to   space 5312K,   0% used [0x00000007272d0000, 0x00000007272d0000, 0x0000000727800000)
 concurrent mark-sweep generation total 106496K, used 26360K [0x00000007390c0000, 0x000000073f8c0000, 0x00000007c0000000)
 Metaspace       used 73124K, capacity 76759K, committed 76836K, reserved 1116160K
  class space    used 9658K, capacity 10304K, committed 10332K, reserved 1048576K
2021-12-27T09:20:07.570+0800: 115.109: [GC (Allocation Failure) 2021-12-27T09:20:07.576+0800: 115.115: [ParNew: 46429K->3563K(47936K), 0.0662774 secs] 72789K->30810K(154432K), 0.0733630 secs] [Times: user=0.02 sys=0.00, real=0.07 secs] 
Heap after GC invocations=69 (full 3):
 par new generation   total 47936K, used 3563K [0x0000000724400000, 0x0000000727800000, 0x00000007390c0000)
  eden space 42624K,   0% used [0x0000000724400000, 0x0000000724400000, 0x0000000726da0000)
  from space 5312K,  67% used [0x00000007272d0000, 0x000000072764ad08, 0x0000000727800000)
  to   space 5312K,   0% used [0x0000000726da0000, 0x0000000726da0000, 0x00000007272d0000)
 concurrent mark-sweep generation total 106496K, used 27247K [0x00000007390c0000, 0x000000073f8c0000, 0x00000007c0000000)
 Metaspace       used 73124K, capacity 76759K, committed 76836K, reserved 1116160K
  class space    used 9658K, capacity 10304K, committed 10332K, reserved 1048576K
}
2021-12-27T09:20:08.419+0800: 115.959: Application time: 0.7757768 seconds
{Heap before GC invocations=69 (full 3):
 par new generation   total 47936K, used 46187K [0x0000000724400000, 0x0000000727800000, 0x00000007390c0000)
  eden space 42624K, 100% used [0x0000000724400000, 0x0000000726da0000, 0x0000000726da0000)
  from space 5312K,  67% used [0x00000007272d0000, 0x000000072764ad08, 0x0000000727800000)
  to   space 5312K,   0% used [0x0000000726da0000, 0x0000000726da0000, 0x00000007272d0000)
 concurrent mark-sweep generation total 106496K, used 27247K [0x00000007390c0000, 0x000000073f8c0000, 0x00000007c0000000)
 Metaspace       used 73692K, capacity 77373K, committed 77476K, reserved 1116160K
  class space    used 9750K, capacity 10401K, committed 10460K, reserved 1048576K
2021-12-27T09:20:08.421+0800: 115.960: [GC (Allocation Failure) 2021-12-27T09:20:08.421+0800: 115.960: [ParNew: 46187K->2547K(47936K), 0.0453240 secs] 73434K->29794K(154432K), 0.0465187 secs] [Times: user=0.01 sys=0.00, real=0.05 secs] 
Heap after GC invocations=70 (full 3):
 par new generation   total 47936K, used 2547K [0x0000000724400000, 0x0000000727800000, 0x00000007390c0000)
  eden space 42624K,   0% used [0x0000000724400000, 0x0000000724400000, 0x0000000726da0000)
  from space 5312K,  47% used [0x0000000726da0000, 0x000000072701ce28, 0x00000007272d0000)
  to   space 5312K,   0% used [0x00000007272d0000, 0x00000007272d0000, 0x0000000727800000)
 concurrent mark-sweep generation total 106496K, used 27247K [0x00000007390c0000, 0x000000073f8c0000, 0x00000007c0000000)
 Metaspace       used 73692K, capacity 77373K, committed 77476K, reserved 1116160K
  class space    used 9750K, capacity 10401K, committed 10460K, reserved 1048576K
}
2021-12-27T09:20:08.611+0800: 116.150: Application time: 0.1433748 seconds
2021-12-27T09:20:08.666+0800: 116.205: Application time: 0.0507386 seconds
2021-12-27T09:20:08.819+0800: 116.358: Application time: 0.1519286 seconds
2021-12-27T09:20:08.980+0800: 116.519: Application time: 0.1554726 seconds
2021-12-27T09:20:08.992+0800: 116.534: Application time: 0.0113370 seconds
2021-12-27T09:20:09.822+0800: 117.361: Application time: 0.8225291 seconds
{Heap before GC invocations=70 (full 3):
 par new generation   total 47936K, used 45171K [0x0000000724400000, 0x0000000727800000, 0x00000007390c0000)
  eden space 42624K, 100% used [0x0000000724400000, 0x0000000726da0000, 0x0000000726da0000)
  from space 5312K,  47% used [0x0000000726da0000, 0x000000072701ce28, 0x00000007272d0000)
  to   space 5312K,   0% used [0x00000007272d0000, 0x00000007272d0000, 0x0000000727800000)
 concurrent mark-sweep generation total 106496K, used 27247K [0x00000007390c0000, 0x000000073f8c0000, 0x00000007c0000000)
 Metaspace       used 75213K, capacity 78845K, committed 79012K, reserved 1118208K
  class space    used 9961K, capacity 10593K, committed 10716K, reserved 1048576K
2021-12-27T09:20:09.830+0800: 117.369: [GC (Allocation Failure) 2021-12-27T09:20:09.832+0800: 117.371: [ParNew: 45171K->3201K(47936K), 0.0493309 secs] 72418K->30448K(154432K), 0.0513873 secs] [Times: user=0.02 sys=0.00, real=0.05 secs] 
Heap after GC invocations=71 (full 3):
 par new generation   total 47936K, used 3201K [0x0000000724400000, 0x0000000727800000, 0x00000007390c0000)
  eden space 42624K,   0% used [0x0000000724400000, 0x0000000724400000, 0x0000000726da0000)
  from space 5312K,  60% used [0x00000007272d0000, 0x00000007275f04f0, 0x0000000727800000)
  to   space 5312K,   0% used [0x0000000726da0000, 0x0000000726da0000, 0x00000007272d0000)
 concurrent mark-sweep generation total 106496K, used 27247K [0x00000007390c0000, 0x000000073f8c0000, 0x00000007c0000000)
 Metaspace       used 75213K, capacity 78845K, committed 79012K, reserved 1118208K
  class space    used 9961K, capacity 10593K, committed 10716K, reserved 1048576K
}
2021-12-27T09:20:09.891+0800: 117.430: Application time: 0.0078884 seconds
2021-12-27T09:20:10.862+0800: 118.401: Application time: 0.9713807 seconds
{Heap before GC invocations=71 (full 3):
 par new generation   total 47936K, used 45825K [0x0000000724400000, 0x0000000727800000, 0x00000007390c0000)
  eden space 42624K, 100% used [0x0000000724400000, 0x0000000726da0000, 0x0000000726da0000)
  from space 5312K,  60% used [0x00000007272d0000, 0x00000007275f04f0, 0x0000000727800000)
  to   space 5312K,   0% used [0x0000000726da0000, 0x0000000726da0000, 0x00000007272d0000)
 concurrent mark-sweep generation total 106496K, used 27247K [0x00000007390c0000, 0x000000073f8c0000, 0x00000007c0000000)
 Metaspace       used 75701K, capacity 79431K, committed 79524K, reserved 1118208K
  class space    used 10031K, capacity 10696K, committed 10716K, reserved 1048576K
2021-12-27T09:20:10.863+0800: 118.402: [GC (Allocation Failure) 2021-12-27T09:20:10.867+0800: 118.406: [ParNew: 45825K->3848K(47936K), 0.0510607 secs] 73072K->31095K(154432K), 0.0559518 secs] [Times: user=0.02 sys=0.00, real=0.06 secs] 
Heap after GC invocations=72 (full 3):
 par new generation   total 47936K, used 3848K [0x0000000724400000, 0x0000000727800000, 0x00000007390c0000)
  eden space 42624K,   0% used [0x0000000724400000, 0x0000000724400000, 0x0000000726da0000)
  from space 5312K,  72% used [0x0000000726da0000, 0x0000000727162000, 0x00000007272d0000)
  to   space 5312K,   0% used [0x00000007272d0000, 0x00000007272d0000, 0x0000000727800000)
 concurrent mark-sweep generation total 106496K, used 27247K [0x00000007390c0000, 0x000000073f8c0000, 0x00000007c0000000)
 Metaspace       used 75701K, capacity 79431K, committed 79524K, reserved 1118208K
  class space    used 10031K, capacity 10696K, committed 10716K, reserved 1048576K
}
2021-12-27T09:20:10.921+0800: 118.460: Application time: 0.0014087 seconds
2021-12-27T09:20:11.507+0800: 119.046: Application time: 0.5857431 seconds
2021-12-27T09:20:11.744+0800: 119.283: Application time: 0.2368242 seconds
{Heap before GC invocations=72 (full 3):
 par new generation   total 47936K, used 46472K [0x0000000724400000, 0x0000000727800000, 0x00000007390c0000)
  eden space 42624K, 100% used [0x0000000724400000, 0x0000000726da0000, 0x0000000726da0000)
  from space 5312K,  72% used [0x0000000726da0000, 0x0000000727162000, 0x00000007272d0000)
  to   space 5312K,   0% used [0x00000007272d0000, 0x00000007272d0000, 0x0000000727800000)
 concurrent mark-sweep generation total 106496K, used 27247K [0x00000007390c0000, 0x000000073f8c0000, 0x00000007c0000000)
 Metaspace       used 76620K, capacity 80295K, committed 80420K, reserved 1118208K
  class space    used 10147K, capacity 10792K, committed 10844K, reserved 1048576K
2021-12-27T09:20:11.745+0800: 119.285: [GC (Allocation Failure) 2021-12-27T09:20:11.747+0800: 119.286: [ParNew: 46472K->3485K(47936K), 0.0852581 secs] 73719K->31469K(154432K), 0.0969543 secs] [Times: user=0.03 sys=0.00, real=0.09 secs] 
Heap after GC invocations=73 (full 3):
 par new generation   total 47936K, used 3485K [0x0000000724400000, 0x0000000727800000, 0x00000007390c0000)
  eden space 42624K,   0% used [0x0000000724400000, 0x0000000724400000, 0x0000000726da0000)
  from space 5312K,  65% used [0x00000007272d0000, 0x0000000727637608, 0x0000000727800000)
  to   space 5312K,   0% used [0x0000000726da0000, 0x0000000726da0000, 0x00000007272d0000)
 concurrent mark-sweep generation total 106496K, used 27984K [0x00000007390c0000, 0x000000073f8c0000, 0x00000007c0000000)
 Metaspace       used 76620K, capacity 80295K, committed 80420K, reserved 1118208K
  class space    used 10147K, capacity 10792K, committed 10844K, reserved 1048576K
}
2021-12-27T09:20:11.852+0800: 119.391: Application time: 0.0090925 seconds
2021-12-27T09:20:12.777+0800: 120.316: Application time: 0.9131583 seconds
{Heap before GC invocations=73 (full 3):
 par new generation   total 47936K, used 46109K [0x0000000724400000, 0x0000000727800000, 0x00000007390c0000)
  eden space 42624K, 100% used [0x0000000724400000, 0x0000000726da0000, 0x0000000726da0000)
  from space 5312K,  65% used [0x00000007272d0000, 0x0000000727637608, 0x0000000727800000)
  to   space 5312K,   0% used [0x0000000726da0000, 0x0000000726da0000, 0x00000007272d0000)
 concurrent mark-sweep generation total 106496K, used 27984K [0x00000007390c0000, 0x000000073f8c0000, 0x00000007c0000000)
 Metaspace       used 77363K, capacity 81041K, committed 81316K, reserved 1120256K
  class space    used 10288K, capacity 10927K, committed 10972K, reserved 1048576K
2021-12-27T09:20:12.780+0800: 120.319: [GC (Allocation Failure) 2021-12-27T09:20:12.781+0800: 120.320: [ParNew: 46109K->2945K(47936K), 0.0547723 secs] 74093K->30930K(154432K), 0.0568765 secs] [Times: user=0.01 sys=0.00, real=0.06 secs] 
Heap after GC invocations=74 (full 3):
 par new generation   total 47936K, used 2945K [0x0000000724400000, 0x0000000727800000, 0x00000007390c0000)
  eden space 42624K,   0% used [0x0000000724400000, 0x0000000724400000, 0x0000000726da0000)
  from space 5312K,  55% used [0x0000000726da0000, 0x0000000727080718, 0x00000007272d0000)
  to   space 5312K,   0% used [0x00000007272d0000, 0x00000007272d0000, 0x0000000727800000)
 concurrent mark-sweep generation total 106496K, used 27984K [0x00000007390c0000, 0x000000073f8c0000, 0x00000007c0000000)
 Metaspace       used 77363K, capacity 81041K, committed 81316K, reserved 1120256K
  class space    used 10288K, capacity 10927K, committed 10972K, reserved 1048576K
}
2021-12-27T09:20:13.478+0800: 121.018: Application time: 0.6404713 seconds
{Heap before GC invocations=74 (full 3):
 par new generation   total 47936K, used 45569K [0x0000000724400000, 0x0000000727800000, 0x00000007390c0000)
  eden space 42624K, 100% used [0x0000000724400000, 0x0000000726da0000, 0x0000000726da0000)
  from space 5312K,  55% used [0x0000000726da0000, 0x0000000727080718, 0x00000007272d0000)
  to   space 5312K,   0% used [0x00000007272d0000, 0x00000007272d0000, 0x0000000727800000)
 concurrent mark-sweep generation total 106496K, used 27984K [0x00000007390c0000, 0x000000073f8c0000, 0x00000007c0000000)
 Metaspace       used 77833K, capacity 81609K, committed 81956K, reserved 1120256K
  class space    used 10374K, capacity 11027K, committed 11100K, reserved 1048576K
2021-12-27T09:20:13.479+0800: 121.018: [GC (Allocation Failure) 2021-12-27T09:20:13.480+0800: 121.019: [ParNew: 45569K->3700K(47936K), 0.0469941 secs] 73554K->31685K(154432K), 0.0549366 secs] [Times: user=0.01 sys=0.00, real=0.06 secs] 
Heap after GC invocations=75 (full 3):
 par new generation   total 47936K, used 3700K [0x0000000724400000, 0x0000000727800000, 0x00000007390c0000)
  eden space 42624K,   0% used [0x0000000724400000, 0x0000000724400000, 0x0000000726da0000)
  from space 5312K,  69% used [0x00000007272d0000, 0x000000072766d3c0, 0x0000000727800000)
  to   space 5312K,   0% used [0x0000000726da0000, 0x0000000726da0000, 0x00000007272d0000)
 concurrent mark-sweep generation total 106496K, used 27984K [0x00000007390c0000, 0x000000073f8c0000, 0x00000007c0000000)
 Metaspace       used 77833K, capacity 81609K, committed 81956K, reserved 1120256K
  class space    used 10374K, capacity 11027K, committed 11100K, reserved 1048576K
}
2021-12-27T09:20:14.536+0800: 122.075: Application time: 1.0002030 seconds
2021-12-27T09:20:15.187+0800: 122.726: Application time: 0.6449855 seconds
{Heap before GC invocations=75 (full 3):
 par new generation   total 47936K, used 46324K [0x0000000724400000, 0x0000000727800000, 0x00000007390c0000)
  eden space 42624K, 100% used [0x0000000724400000, 0x0000000726da0000, 0x0000000726da0000)
  from space 5312K,  69% used [0x00000007272d0000, 0x000000072766d3c0, 0x0000000727800000)
  to   space 5312K,   0% used [0x0000000726da0000, 0x0000000726da0000, 0x00000007272d0000)
 concurrent mark-sweep generation total 106496K, used 27984K [0x00000007390c0000, 0x000000073f8c0000, 0x00000007c0000000)
 Metaspace       used 78465K, capacity 82243K, committed 82596K, reserved 1120256K
  class space    used 10457K, capacity 11112K, committed 11228K, reserved 1048576K
2021-12-27T09:20:15.195+0800: 122.734: [GC (Allocation Failure) 2021-12-27T09:20:15.195+0800: 122.735: [ParNew: 46324K->5312K(47936K), 0.0683242 secs] 74309K->33412K(154432K), 0.0694735 secs] [Times: user=0.02 sys=0.00, real=0.07 secs] 
Heap after GC invocations=76 (full 3):
 par new generation   total 47936K, used 5312K [0x0000000724400000, 0x0000000727800000, 0x00000007390c0000)
  eden space 42624K,   0% used [0x0000000724400000, 0x0000000724400000, 0x0000000726da0000)
  from space 5312K, 100% used [0x0000000726da0000, 0x00000007272d0000, 0x00000007272d0000)
  to   space 5312K,   0% used [0x00000007272d0000, 0x00000007272d0000, 0x0000000727800000)
 concurrent mark-sweep generation total 106496K, used 28100K [0x00000007390c0000, 0x000000073f8c0000, 0x00000007c0000000)
 Metaspace       used 78465K, capacity 82243K, committed 82596K, reserved 1120256K
  class space    used 10457K, capacity 11112K, committed 11228K, reserved 1048576K
}
2021-12-27T09:20:16.270+0800: 123.809: Application time: 1.0047572 seconds
2021-12-27T09:20:16.878+0800: 124.417: Application time: 0.6078131 seconds
{Heap before GC invocations=76 (full 3):
 par new generation   total 47936K, used 47936K [0x0000000724400000, 0x0000000727800000, 0x00000007390c0000)
  eden space 42624K, 100% used [0x0000000724400000, 0x0000000726da0000, 0x0000000726da0000)
  from space 5312K, 100% used [0x0000000726da0000, 0x00000007272d0000, 0x00000007272d0000)
  to   space 5312K,   0% used [0x00000007272d0000, 0x00000007272d0000, 0x0000000727800000)
 concurrent mark-sweep generation total 106496K, used 28100K [0x00000007390c0000, 0x000000073f8c0000, 0x00000007c0000000)
 Metaspace       used 79362K, capacity 83309K, committed 83364K, reserved 1122304K
  class space    used 10528K, capacity 11213K, committed 11228K, reserved 1048576K
2021-12-27T09:20:16.903+0800: 124.443: [GC (Allocation Failure) 2021-12-27T09:20:16.904+0800: 124.443: [ParNew: 47936K->4968K(47936K), 0.0907387 secs] 76036K->35058K(154432K), 0.0918667 secs] [Times: user=0.03 sys=0.00, real=0.10 secs] 
Heap after GC invocations=77 (full 3):
 par new generation   total 47936K, used 4968K [0x0000000724400000, 0x0000000727800000, 0x00000007390c0000)
  eden space 42624K,   0% used [0x0000000724400000, 0x0000000724400000, 0x0000000726da0000)
  from space 5312K,  93% used [0x00000007272d0000, 0x00000007277aa3a8, 0x0000000727800000)
  to   space 5312K,   0% used [0x0000000726da0000, 0x0000000726da0000, 0x00000007272d0000)
 concurrent mark-sweep generation total 106496K, used 30089K [0x00000007390c0000, 0x000000073f8c0000, 0x00000007c0000000)
 Metaspace       used 79362K, capacity 83309K, committed 83364K, reserved 1122304K
  class space    used 10528K, capacity 11213K, committed 11228K, reserved 1048576K
}
2021-12-27T09:20:18.004+0800: 125.543: Application time: 1.0079105 seconds
2021-12-27T09:20:18.256+0800: 125.795: Application time: 0.2231214 seconds
{Heap before GC invocations=77 (full 3):
 par new generation   total 47936K, used 47592K [0x0000000724400000, 0x0000000727800000, 0x00000007390c0000)
  eden space 42624K, 100% used [0x0000000724400000, 0x0000000726da0000, 0x0000000726da0000)
  from space 5312K,  93% used [0x00000007272d0000, 0x00000007277aa3a8, 0x0000000727800000)
  to   space 5312K,   0% used [0x0000000726da0000, 0x0000000726da0000, 0x00000007272d0000)
 concurrent mark-sweep generation total 106496K, used 30089K [0x00000007390c0000, 0x000000073f8c0000, 0x00000007c0000000)
 Metaspace       used 79922K, capacity 83889K, committed 84004K, reserved 1122304K
  class space    used 10572K, capacity 11271K, committed 11356K, reserved 1048576K
2021-12-27T09:20:18.265+0800: 125.804: [GC (Allocation Failure) 2021-12-27T09:20:18.265+0800: 125.804: [ParNew: 47592K->4460K(47936K), 0.0974783 secs] 77682K->36060K(154432K), 0.0986900 secs] [Times: user=0.04 sys=0.00, real=0.10 secs] 
Heap after GC invocations=78 (full 3):
 par new generation   total 47936K, used 4460K [0x0000000724400000, 0x0000000727800000, 0x00000007390c0000)
  eden space 42624K,   0% used [0x0000000724400000, 0x0000000724400000, 0x0000000726da0000)
  from space 5312K,  83% used [0x0000000726da0000, 0x00000007271fb098, 0x00000007272d0000)
  to   space 5312K,   0% used [0x00000007272d0000, 0x00000007272d0000, 0x0000000727800000)
 concurrent mark-sweep generation total 106496K, used 31600K [0x00000007390c0000, 0x000000073f8c0000, 0x00000007c0000000)
 Metaspace       used 79922K, capacity 83889K, committed 84004K, reserved 1122304K
  class space    used 10572K, capacity 11271K, committed 11356K, reserved 1048576K
}
2021-12-27T09:20:19.340+0800: 126.879: Application time: 0.9752976 seconds
2021-12-27T09:20:19.501+0800: 127.040: Application time: 0.1607697 seconds
2021-12-27T09:20:20.210+0800: 127.749: Application time: 0.7054811 seconds
{Heap before GC invocations=78 (full 3):
 par new generation   total 47936K, used 47084K [0x0000000724400000, 0x0000000727800000, 0x00000007390c0000)
  eden space 42624K, 100% used [0x0000000724400000, 0x0000000726da0000, 0x0000000726da0000)
  from space 5312K,  83% used [0x0000000726da0000, 0x00000007271fb098, 0x00000007272d0000)
  to   space 5312K,   0% used [0x00000007272d0000, 0x00000007272d0000, 0x0000000727800000)
 concurrent mark-sweep generation total 106496K, used 31600K [0x00000007390c0000, 0x000000073f8c0000, 0x00000007c0000000)
 Metaspace       used 80628K, capacity 84715K, committed 84900K, reserved 1122304K
  class space    used 10652K, capacity 11366K, committed 11484K, reserved 1048576K
2021-12-27T09:20:20.217+0800: 127.756: [GC (Allocation Failure) 2021-12-27T09:20:20.218+0800: 127.757: [ParNew: 47084K->3870K(47936K), 0.0997925 secs] 78684K->36801K(154432K), 0.1010250 secs] [Times: user=0.03 sys=0.00, real=0.10 secs] 
Heap after GC invocations=79 (full 3):
 par new generation   total 47936K, used 3870K [0x0000000724400000, 0x0000000727800000, 0x00000007390c0000)
  eden space 42624K,   0% used [0x0000000724400000, 0x0000000724400000, 0x0000000726da0000)
  from space 5312K,  72% used [0x00000007272d0000, 0x0000000727697890, 0x0000000727800000)
  to   space 5312K,   0% used [0x0000000726da0000, 0x0000000726da0000, 0x00000007272d0000)
 concurrent mark-sweep generation total 106496K, used 32931K [0x00000007390c0000, 0x000000073f8c0000, 0x00000007c0000000)
 Metaspace       used 80628K, capacity 84715K, committed 84900K, reserved 1122304K
  class space    used 10652K, capacity 11366K, committed 11484K, reserved 1048576K
}
2021-12-27T09:20:20.695+0800: 128.234: Application time: 0.3761053 seconds
2021-12-27T09:20:20.799+0800: 128.338: Application time: 0.1033600 seconds
2021-12-27T09:20:21.159+0800: 128.698: Application time: 0.3597123 seconds
2021-12-27T09:20:21.263+0800: 128.802: Application time: 0.1020067 seconds
2021-12-27T09:20:21.273+0800: 128.813: Application time: 0.0106735 seconds
2021-12-27T09:20:21.274+0800: 128.813: Application time: 0.0004289 seconds
2021-12-27T09:20:21.683+0800: 129.222: Application time: 0.4086016 seconds
2021-12-27T09:20:21.731+0800: 129.270: Application time: 0.0469296 seconds
{Heap before GC invocations=79 (full 3):
 par new generation   total 47936K, used 46494K [0x0000000724400000, 0x0000000727800000, 0x00000007390c0000)
  eden space 42624K, 100% used [0x0000000724400000, 0x0000000726da0000, 0x0000000726da0000)
  from space 5312K,  72% used [0x00000007272d0000, 0x0000000727697890, 0x0000000727800000)
  to   space 5312K,   0% used [0x0000000726da0000, 0x0000000726da0000, 0x00000007272d0000)
 concurrent mark-sweep generation total 106496K, used 32931K [0x00000007390c0000, 0x000000073f8c0000, 0x00000007c0000000)
 Metaspace       used 81718K, capacity 85933K, committed 86052K, reserved 1124352K
  class space    used 10801K, capacity 11529K, committed 11612K, reserved 1048576K
2021-12-27T09:20:21.731+0800: 129.270: [GC (Allocation Failure) 2021-12-27T09:20:21.732+0800: 129.271: [ParNew: 46494K->3958K(47936K), 0.1149684 secs] 79425K->37937K(154432K), 0.1166935 secs] [Times: user=0.05 sys=0.00, real=0.12 secs] 
Heap after GC invocations=80 (full 3):
 par new generation   total 47936K, used 3958K [0x0000000724400000, 0x0000000727800000, 0x00000007390c0000)
  eden space 42624K,   0% used [0x0000000724400000, 0x0000000724400000, 0x0000000726da0000)
  from space 5312K,  74% used [0x0000000726da0000, 0x000000072717d920, 0x00000007272d0000)
  to   space 5312K,   0% used [0x00000007272d0000, 0x00000007272d0000, 0x0000000727800000)
 concurrent mark-sweep generation total 106496K, used 33979K [0x00000007390c0000, 0x000000073f8c0000, 0x00000007c0000000)
 Metaspace       used 81718K, capacity 85933K, committed 86052K, reserved 1124352K
  class space    used 10801K, capacity 11529K, committed 11612K, reserved 1048576K
}
2021-12-27T09:20:22.849+0800: 130.388: Application time: 1.0001532 seconds
2021-12-27T09:20:23.552+0800: 131.091: Application time: 0.7003794 seconds
{Heap before GC invocations=80 (full 3):
 par new generation   total 47936K, used 46582K [0x0000000724400000, 0x0000000727800000, 0x00000007390c0000)
  eden space 42624K, 100% used [0x0000000724400000, 0x0000000726da0000, 0x0000000726da0000)
  from space 5312K,  74% used [0x0000000726da0000, 0x000000072717d920, 0x00000007272d0000)
  to   space 5312K,   0% used [0x00000007272d0000, 0x00000007272d0000, 0x0000000727800000)
 concurrent mark-sweep generation total 106496K, used 33979K [0x00000007390c0000, 0x000000073f8c0000, 0x00000007c0000000)
 Metaspace       used 82921K, capacity 87201K, committed 87460K, reserved 1124352K
  class space    used 10983K, capacity 11723K, committed 11740K, reserved 1048576K
2021-12-27T09:20:23.553+0800: 131.092: [GC (Allocation Failure) 2021-12-27T09:20:23.554+0800: 131.093: [ParNew: 46582K->4178K(47936K), 0.0684717 secs] 80561K->39269K(154432K), 0.0859311 secs] [Times: user=0.03 sys=0.00, real=0.09 secs] 
Heap after GC invocations=81 (full 3):
 par new generation   total 47936K, used 4178K [0x0000000724400000, 0x0000000727800000, 0x00000007390c0000)
  eden space 42624K,   0% used [0x0000000724400000, 0x0000000724400000, 0x0000000726da0000)
  from space 5312K,  78% used [0x00000007272d0000, 0x00000007276e4890, 0x0000000727800000)
  to   space 5312K,   0% used [0x0000000726da0000, 0x0000000726da0000, 0x00000007272d0000)
 concurrent mark-sweep generation total 106496K, used 35091K [0x00000007390c0000, 0x000000073f8c0000, 0x00000007c0000000)
 Metaspace       used 82921K, capacity 87201K, committed 87460K, reserved 1124352K
  class space    used 10983K, capacity 11723K, committed 11740K, reserved 1048576K
}
2021-12-27T09:20:23.999+0800: 131.538: Application time: 0.3583419 seconds
2021-12-27T09:20:24.016+0800: 131.555: Application time: 0.0162597 seconds
2021-12-27T09:20:24.017+0800: 131.556: Application time: 0.0000988 seconds
2021-12-27T09:20:24.018+0800: 131.557: Application time: 0.0008848 seconds
2021-12-27T09:20:24.019+0800: 131.558: Application time: 0.0015047 seconds
2021-12-27T09:20:24.121+0800: 131.660: Application time: 0.1019349 seconds
2021-12-27T09:20:24.139+0800: 131.679: Application time: 0.0172949 seconds
2021-12-27T09:20:24.145+0800: 131.685: Application time: 0.0039388 seconds
2021-12-27T09:20:24.151+0800: 131.690: Application time: 0.0030093 seconds
2021-12-27T09:20:24.158+0800: 131.697: Application time: 0.0027282 seconds
2021-12-27T09:20:24.165+0800: 131.704: Application time: 0.0006023 seconds
2021-12-27T09:20:24.179+0800: 131.718: Application time: 0.0110269 seconds
2021-12-27T09:20:24.186+0800: 131.725: Application time: 0.0020931 seconds
2021-12-27T09:20:24.196+0800: 131.736: Application time: 0.0071972 seconds
2021-12-27T09:20:24.198+0800: 131.737: Application time: 0.0005652 seconds
2021-12-27T09:20:24.206+0800: 131.745: Application time: 0.0017407 seconds
2021-12-27T09:20:24.214+0800: 131.753: Application time: 0.0046763 seconds
2021-12-27T09:20:24.230+0800: 131.769: Application time: 0.0048756 seconds
2021-12-27T09:20:24.244+0800: 131.784: Application time: 0.0028667 seconds
2021-12-27T09:20:24.266+0800: 131.805: Application time: 0.0206999 seconds
2021-12-27T09:20:24.298+0800: 131.837: Application time: 0.0271028 seconds
2021-12-27T09:20:24.353+0800: 131.893: Application time: 0.0545101 seconds
2021-12-27T09:20:24.357+0800: 131.896: Application time: 0.0027804 seconds
2021-12-27T09:20:24.360+0800: 131.899: Application time: 0.0019342 seconds
2021-12-27T09:20:24.383+0800: 131.922: Application time: 0.0149644 seconds
2021-12-27T09:20:24.594+0800: 132.133: Application time: 0.2096359 seconds
2021-12-27T09:20:24.821+0800: 132.360: Application time: 0.2276485 seconds
2021-12-27T09:20:24.972+0800: 132.512: Application time: 0.1361940 seconds
2021-12-27T09:20:25.175+0800: 132.714: Application time: 0.2015098 seconds
2021-12-27T09:20:25.582+0800: 133.121: Application time: 0.3934330 seconds
{Heap before GC invocations=81 (full 3):
 par new generation   total 47936K, used 46802K [0x0000000724400000, 0x0000000727800000, 0x00000007390c0000)
  eden space 42624K, 100% used [0x0000000724400000, 0x0000000726da0000, 0x0000000726da0000)
  from space 5312K,  78% used [0x00000007272d0000, 0x00000007276e4890, 0x0000000727800000)
  to   space 5312K,   0% used [0x0000000726da0000, 0x0000000726da0000, 0x00000007272d0000)
 concurrent mark-sweep generation total 106496K, used 35091K [0x00000007390c0000, 0x000000073f8c0000, 0x00000007c0000000)
 Metaspace       used 84368K, capacity 88905K, committed 88996K, reserved 1126400K
  class space    used 11182K, capacity 11965K, committed 11996K, reserved 1048576K
2021-12-27T09:20:25.586+0800: 133.125: [GC (Allocation Failure) 2021-12-27T09:20:25.587+0800: 133.126: [ParNew: 46802K->5122K(47936K), 0.0808602 secs] 81893K->40935K(154432K), 0.0876429 secs] [Times: user=0.03 sys=0.00, real=0.08 secs] 
Heap after GC invocations=82 (full 3):
 par new generation   total 47936K, used 5122K [0x0000000724400000, 0x0000000727800000, 0x00000007390c0000)
  eden space 42624K,   0% used [0x0000000724400000, 0x0000000724400000, 0x0000000726da0000)
  from space 5312K,  96% used [0x0000000726da0000, 0x00000007272a0818, 0x00000007272d0000)
  to   space 5312K,   0% used [0x00000007272d0000, 0x00000007272d0000, 0x0000000727800000)
 concurrent mark-sweep generation total 106496K, used 35813K [0x00000007390c0000, 0x000000073f8c0000, 0x00000007c0000000)
 Metaspace       used 84368K, capacity 88905K, committed 88996K, reserved 1126400K
  class space    used 11182K, capacity 11965K, committed 11996K, reserved 1048576K
}
2021-12-27T09:20:25.705+0800: 133.244: Application time: 0.0297218 seconds
2021-12-27T09:20:26.712+0800: 134.251: Application time: 1.0065521 seconds
2021-12-27T09:20:27.485+0800: 135.024: Application time: 0.7456939 seconds
2021-12-27T09:20:27.485+0800: 135.025: Application time: 0.0001517 seconds
2021-12-27T09:20:27.486+0800: 135.026: Application time: 0.0008621 seconds
2021-12-27T09:20:27.487+0800: 135.026: Application time: 0.0000821 seconds
2021-12-27T09:20:27.487+0800: 135.026: Application time: 0.0001037 seconds
2021-12-27T09:20:27.487+0800: 135.026: Application time: 0.0000958 seconds
2021-12-27T09:20:27.487+0800: 135.027: Application time: 0.0000807 seconds
2021-12-27T09:20:27.488+0800: 135.027: Application time: 0.0000684 seconds
2021-12-27T09:20:27.488+0800: 135.027: Application time: 0.0000684 seconds
2021-12-27T09:20:27.682+0800: 135.221: Application time: 0.1867487 seconds
{Heap before GC invocations=82 (full 3):
 par new generation   total 47936K, used 47746K [0x0000000724400000, 0x0000000727800000, 0x00000007390c0000)
  eden space 42624K, 100% used [0x0000000724400000, 0x0000000726da0000, 0x0000000726da0000)
  from space 5312K,  96% used [0x0000000726da0000, 0x00000007272a0818, 0x00000007272d0000)
  to   space 5312K,   0% used [0x00000007272d0000, 0x00000007272d0000, 0x0000000727800000)
 concurrent mark-sweep generation total 106496K, used 35813K [0x00000007390c0000, 0x000000073f8c0000, 0x00000007c0000000)
 Metaspace       used 85170K, capacity 89863K, committed 89892K, reserved 1126400K
  class space    used 11309K, capacity 12122K, committed 12124K, reserved 1048576K
2021-12-27T09:20:27.685+0800: 135.224: [GC (Allocation Failure) 2021-12-27T09:20:27.686+0800: 135.225: [ParNew: 47746K->3701K(47936K), 0.1144814 secs] 83559K->42025K(154432K), 0.1157150 secs] [Times: user=0.04 sys=0.00, real=0.11 secs] 
Heap after GC invocations=83 (full 3):
 par new generation   total 47936K, used 3701K [0x0000000724400000, 0x0000000727800000, 0x00000007390c0000)
  eden space 42624K,   0% used [0x0000000724400000, 0x0000000724400000, 0x0000000726da0000)
  from space 5312K,  69% used [0x00000007272d0000, 0x000000072766d540, 0x0000000727800000)
  to   space 5312K,   0% used [0x0000000726da0000, 0x0000000726da0000, 0x00000007272d0000)
 concurrent mark-sweep generation total 106496K, used 38324K [0x00000007390c0000, 0x000000073f8c0000, 0x00000007c0000000)
 Metaspace       used 85170K, capacity 89863K, committed 89892K, reserved 1126400K
  class space    used 11309K, capacity 12122K, committed 12124K, reserved 1048576K
}
2021-12-27T09:20:28.737+0800: 136.276: Application time: 0.9356032 seconds
{Heap before GC invocations=83 (full 3):
 par new generation   total 47936K, used 46325K [0x0000000724400000, 0x0000000727800000, 0x00000007390c0000)
  eden space 42624K, 100% used [0x0000000724400000, 0x0000000726da0000, 0x0000000726da0000)
  from space 5312K,  69% used [0x00000007272d0000, 0x000000072766d540, 0x0000000727800000)
  to   space 5312K,   0% used [0x0000000726da0000, 0x0000000726da0000, 0x00000007272d0000)
 concurrent mark-sweep generation total 106496K, used 38324K [0x00000007390c0000, 0x000000073f8c0000, 0x00000007c0000000)
 Metaspace       used 85987K, capacity 90669K, committed 90788K, reserved 1128448K
  class space    used 11406K, capacity 12219K, committed 12252K, reserved 1048576K
2021-12-27T09:20:28.738+0800: 136.277: [GC (Allocation Failure) 2021-12-27T09:20:28.738+0800: 136.278: [ParNew: 46325K->4851K(47936K), 0.0629338 secs] 84649K->43175K(154432K), 0.0641070 secs] [Times: user=0.02 sys=0.00, real=0.06 secs] 
Heap after GC invocations=84 (full 3):
 par new generation   total 47936K, used 4851K [0x0000000724400000, 0x0000000727800000, 0x00000007390c0000)
  eden space 42624K,   0% used [0x0000000724400000, 0x0000000724400000, 0x0000000726da0000)
  from space 5312K,  91% used [0x0000000726da0000, 0x000000072725cce0, 0x00000007272d0000)
  to   space 5312K,   0% used [0x00000007272d0000, 0x00000007272d0000, 0x0000000727800000)
 concurrent mark-sweep generation total 106496K, used 38324K [0x00000007390c0000, 0x000000073f8c0000, 0x00000007c0000000)
 Metaspace       used 85987K, capacity 90669K, committed 90788K, reserved 1128448K
  class space    used 11406K, capacity 12219K, committed 12252K, reserved 1048576K
}
2021-12-27T09:20:29.804+0800: 137.343: Application time: 1.0008013 seconds
2021-12-27T09:20:29.899+0800: 137.438: Application time: 0.0951613 seconds
{Heap before GC invocations=84 (full 3):
 par new generation   total 47936K, used 47475K [0x0000000724400000, 0x0000000727800000, 0x00000007390c0000)
  eden space 42624K, 100% used [0x0000000724400000, 0x0000000726da0000, 0x0000000726da0000)
  from space 5312K,  91% used [0x0000000726da0000, 0x000000072725cce0, 0x00000007272d0000)
  to   space 5312K,   0% used [0x00000007272d0000, 0x00000007272d0000, 0x0000000727800000)
 concurrent mark-sweep generation total 106496K, used 38324K [0x00000007390c0000, 0x000000073f8c0000, 0x00000007c0000000)
 Metaspace       used 86468K, capacity 91251K, committed 91428K, reserved 1128448K
  class space    used 11487K, capacity 12298K, committed 12380K, reserved 1048576K
2021-12-27T09:20:29.900+0800: 137.439: [GC (Allocation Failure) 2021-12-27T09:20:29.901+0800: 137.440: [ParNew: 47475K->4255K(47936K), 0.0841862 secs] 85799K->44335K(154432K), 0.0868594 secs] [Times: user=0.03 sys=0.00, real=0.09 secs] 
Heap after GC invocations=85 (full 3):
 par new generation   total 47936K, used 4255K [0x0000000724400000, 0x0000000727800000, 0x00000007390c0000)
  eden space 42624K,   0% used [0x0000000724400000, 0x0000000724400000, 0x0000000726da0000)
  from space 5312K,  80% used [0x00000007272d0000, 0x00000007276f7fc0, 0x0000000727800000)
  to   space 5312K,   0% used [0x0000000726da0000, 0x0000000726da0000, 0x00000007272d0000)
 concurrent mark-sweep generation total 106496K, used 40079K [0x00000007390c0000, 0x000000073f8c0000, 0x00000007c0000000)
 Metaspace       used 86468K, capacity 91251K, committed 91428K, reserved 1128448K
  class space    used 11487K, capacity 12298K, committed 12380K, reserved 1048576K
}
2021-12-27T09:20:30.994+0800: 138.534: Application time: 1.0046764 seconds
2021-12-27T09:20:31.430+0800: 138.969: Application time: 0.4346337 seconds
2021-12-27T09:20:32.149+0800: 139.688: Application time: 0.7176714 seconds
2021-12-27T09:20:32.154+0800: 139.693: Application time: 0.0048220 seconds
2021-12-27T09:20:32.158+0800: 139.698: Application time: 0.0025067 seconds
2021-12-27T09:20:32.159+0800: 139.698: Application time: 0.0002388 seconds
2021-12-27T09:20:32.161+0800: 139.700: Application time: 0.0021895 seconds
2021-12-27T09:20:32.164+0800: 139.703: Application time: 0.0012593 seconds
2021-12-27T09:20:32.170+0800: 139.709: Application time: 0.0058983 seconds
{Heap before GC invocations=85 (full 3):
 par new generation   total 47936K, used 46879K [0x0000000724400000, 0x0000000727800000, 0x00000007390c0000)
  eden space 42624K, 100% used [0x0000000724400000, 0x0000000726da0000, 0x0000000726da0000)
  from space 5312K,  80% used [0x00000007272d0000, 0x00000007276f7fc0, 0x0000000727800000)
  to   space 5312K,   0% used [0x0000000726da0000, 0x0000000726da0000, 0x00000007272d0000)
 concurrent mark-sweep generation total 106496K, used 40079K [0x00000007390c0000, 0x000000073f8c0000, 0x00000007c0000000)
 Metaspace       used 88160K, capacity 93007K, committed 93220K, reserved 1130496K
  class space    used 11713K, capacity 12552K, committed 12636K, reserved 1048576K
2021-12-27T09:20:32.173+0800: 139.712: [GC (Allocation Failure) 2021-12-27T09:20:32.173+0800: 139.712: [ParNew: 46879K->4008K(47936K), 0.0665487 secs] 86959K->44627K(154432K), 0.0774696 secs] [Times: user=0.02 sys=0.00, real=0.08 secs] 
Heap after GC invocations=86 (full 3):
 par new generation   total 47936K, used 4008K [0x0000000724400000, 0x0000000727800000, 0x00000007390c0000)
  eden space 42624K,   0% used [0x0000000724400000, 0x0000000724400000, 0x0000000726da0000)
  from space 5312K,  75% used [0x0000000726da0000, 0x000000072718a1b8, 0x00000007272d0000)
  to   space 5312K,   0% used [0x00000007272d0000, 0x00000007272d0000, 0x0000000727800000)
 concurrent mark-sweep generation total 106496K, used 40619K [0x00000007390c0000, 0x000000073f8c0000, 0x00000007c0000000)
 Metaspace       used 88160K, capacity 93007K, committed 93220K, reserved 1130496K
  class space    used 11713K, capacity 12552K, committed 12636K, reserved 1048576K
}
2021-12-27T09:20:32.348+0800: 139.888: Application time: 0.0948940 seconds
2021-12-27T09:20:32.465+0800: 140.004: Application time: 0.0923605 seconds
2021-12-27T09:20:32.542+0800: 140.081: Application time: 0.0376077 seconds
2021-12-27T09:20:32.554+0800: 140.093: Application time: 0.0122314 seconds
2021-12-27T09:20:32.612+0800: 140.152: Application time: 0.0583358 seconds
2021-12-27T09:20:32.633+0800: 140.172: Application time: 0.0006830 seconds
2021-12-27T09:20:33.392+0800: 140.932: Application time: 0.7597127 seconds
{Heap before GC invocations=86 (full 3):
 par new generation   total 47936K, used 46632K [0x0000000724400000, 0x0000000727800000, 0x00000007390c0000)
  eden space 42624K, 100% used [0x0000000724400000, 0x0000000726da0000, 0x0000000726da0000)
  from space 5312K,  75% used [0x0000000726da0000, 0x000000072718a1b8, 0x00000007272d0000)
  to   space 5312K,   0% used [0x00000007272d0000, 0x00000007272d0000, 0x0000000727800000)
 concurrent mark-sweep generation total 106496K, used 40619K [0x00000007390c0000, 0x000000073f8c0000, 0x00000007c0000000)
 Metaspace       used 89020K, capacity 93949K, committed 94116K, reserved 1130496K
  class space    used 11832K, capacity 12679K, committed 12764K, reserved 1048576K
2021-12-27T09:20:33.393+0800: 140.932: [GC (Allocation Failure) 2021-12-27T09:20:33.393+0800: 140.932: [ParNew: 46632K->4738K(47936K), 0.0619630 secs] 87251K->46475K(154432K), 0.0648333 secs] [Times: user=0.03 sys=0.00, real=0.07 secs] 
Heap after GC invocations=87 (full 3):
 par new generation   total 47936K, used 4738K [0x0000000724400000, 0x0000000727800000, 0x00000007390c0000)
  eden space 42624K,   0% used [0x0000000724400000, 0x0000000724400000, 0x0000000726da0000)
  from space 5312K,  89% used [0x00000007272d0000, 0x0000000727770800, 0x0000000727800000)
  to   space 5312K,   0% used [0x0000000726da0000, 0x0000000726da0000, 0x00000007272d0000)
 concurrent mark-sweep generation total 106496K, used 41737K [0x00000007390c0000, 0x000000073f8c0000, 0x00000007c0000000)
 Metaspace       used 89020K, capacity 93949K, committed 94116K, reserved 1130496K
  class space    used 11832K, capacity 12679K, committed 12764K, reserved 1048576K
}
2021-12-27T09:20:34.294+0800: 141.833: Application time: 0.8352350 seconds
{Heap before GC invocations=87 (full 3):
 par new generation   total 47936K, used 47362K [0x0000000724400000, 0x0000000727800000, 0x00000007390c0000)
  eden space 42624K, 100% used [0x0000000724400000, 0x0000000726da0000, 0x0000000726da0000)
  from space 5312K,  89% used [0x00000007272d0000, 0x0000000727770800, 0x0000000727800000)
  to   space 5312K,   0% used [0x0000000726da0000, 0x0000000726da0000, 0x00000007272d0000)
 concurrent mark-sweep generation total 106496K, used 41737K [0x00000007390c0000, 0x000000073f8c0000, 0x00000007c0000000)
 Metaspace       used 89571K, capacity 94537K, committed 94628K, reserved 1130496K
  class space    used 11912K, capacity 12745K, committed 12764K, reserved 1048576K
2021-12-27T09:20:34.294+0800: 141.834: [GC (Allocation Failure) 2021-12-27T09:20:34.295+0800: 141.834: [ParNew: 47362K->4712K(47936K), 0.0385784 secs] 89099K->47648K(154432K), 0.0396549 secs] [Times: user=0.02 sys=0.00, real=0.04 secs] 
Heap after GC invocations=88 (full 3):
 par new generation   total 47936K, used 4712K [0x0000000724400000, 0x0000000727800000, 0x00000007390c0000)
  eden space 42624K,   0% used [0x0000000724400000, 0x0000000724400000, 0x0000000726da0000)
  from space 5312K,  88% used [0x0000000726da0000, 0x000000072723a0f8, 0x00000007272d0000)
  to   space 5312K,   0% used [0x00000007272d0000, 0x00000007272d0000, 0x0000000727800000)
 concurrent mark-sweep generation total 106496K, used 42936K [0x00000007390c0000, 0x000000073f8c0000, 0x00000007c0000000)
 Metaspace       used 89571K, capacity 94537K, committed 94628K, reserved 1130496K
  class space    used 11912K, capacity 12745K, committed 12764K, reserved 1048576K
}
2021-12-27T09:20:34.667+0800: 142.207: Application time: 0.3325529 seconds
2021-12-27T09:20:34.681+0800: 142.220: Application time: 0.0134060 seconds
2021-12-27T09:20:34.713+0800: 142.252: Application time: 0.0142307 seconds
2021-12-27T09:20:34.721+0800: 142.260: Application time: 0.0076681 seconds
2021-12-27T09:20:34.723+0800: 142.265: Application time: 0.0031963 seconds
2021-12-27T09:20:34.760+0800: 142.299: Application time: 0.0337709 seconds
2021-12-27T09:20:34.761+0800: 142.300: Application time: 0.0007827 seconds
2021-12-27T09:20:34.961+0800: 142.500: Application time: 0.2002294 seconds
2021-12-27T09:20:34.961+0800: 142.500: Application time: 0.0001053 seconds
2021-12-27T09:20:35.034+0800: 142.573: Application time: 0.0726655 seconds
2021-12-27T09:20:35.077+0800: 142.616: Application time: 0.0425647 seconds
2021-12-27T09:20:35.220+0800: 142.759: Application time: 0.1421466 seconds
2021-12-27T09:20:35.236+0800: 142.776: Application time: 0.0163449 seconds
2021-12-27T09:20:35.237+0800: 142.776: Application time: 0.0001215 seconds
2021-12-27T09:20:35.300+0800: 142.839: Application time: 0.0632736 seconds
2021-12-27T09:20:35.303+0800: 142.842: Application time: 0.0023618 seconds
2021-12-27T09:20:35.309+0800: 142.848: Application time: 0.0062645 seconds
2021-12-27T09:20:35.312+0800: 142.851: Application time: 0.0028461 seconds
{Heap before GC invocations=88 (full 3):
 par new generation   total 47936K, used 47336K [0x0000000724400000, 0x0000000727800000, 0x00000007390c0000)
  eden space 42624K, 100% used [0x0000000724400000, 0x0000000726da0000, 0x0000000726da0000)
  from space 5312K,  88% used [0x0000000726da0000, 0x000000072723a0f8, 0x00000007272d0000)
  to   space 5312K,   0% used [0x00000007272d0000, 0x00000007272d0000, 0x0000000727800000)
 concurrent mark-sweep generation total 106496K, used 42936K [0x00000007390c0000, 0x000000073f8c0000, 0x00000007c0000000)
 Metaspace       used 91183K, capacity 96081K, committed 96420K, reserved 1132544K
  class space    used 12109K, capacity 12939K, committed 13020K, reserved 1048576K
2021-12-27T09:20:35.316+0800: 142.855: [GC (Allocation Failure) 2021-12-27T09:20:35.316+0800: 142.855: [ParNew: 47336K->3551K(47936K), 0.0451176 secs] 90272K->46487K(154432K), 0.0459736 secs] [Times: user=0.02 sys=0.00, real=0.04 secs] 
Heap after GC invocations=89 (full 3):
 par new generation   total 47936K, used 3551K [0x0000000724400000, 0x0000000727800000, 0x00000007390c0000)
  eden space 42624K,   0% used [0x0000000724400000, 0x0000000724400000, 0x0000000726da0000)
  from space 5312K,  66% used [0x00000007272d0000, 0x0000000727647d00, 0x0000000727800000)
  to   space 5312K,   0% used [0x0000000726da0000, 0x0000000726da0000, 0x00000007272d0000)
 concurrent mark-sweep generation total 106496K, used 42936K [0x00000007390c0000, 0x000000073f8c0000, 0x00000007c0000000)
 Metaspace       used 91183K, capacity 96081K, committed 96420K, reserved 1132544K
  class space    used 12109K, capacity 12939K, committed 13020K, reserved 1048576K
}
2021-12-27T09:20:35.366+0800: 142.905: Application time: 0.0014559 seconds
2021-12-27T09:20:35.427+0800: 142.966: Application time: 0.0605534 seconds
2021-12-27T09:20:35.498+0800: 143.037: Application time: 0.0708678 seconds
2021-12-27T09:20:35.503+0800: 143.042: Application time: 0.0046064 seconds
2021-12-27T09:20:35.574+0800: 143.113: Application time: 0.0711469 seconds
2021-12-27T09:20:35.591+0800: 143.130: Application time: 0.0157928 seconds
2021-12-27T09:20:35.599+0800: 143.138: Application time: 0.0079944 seconds
2021-12-27T09:20:35.601+0800: 143.140: Application time: 0.0016722 seconds
2021-12-27T09:20:35.603+0800: 143.142: Application time: 0.0018581 seconds
2021-12-27T09:20:35.635+0800: 143.174: Application time: 0.0311215 seconds
2021-12-27T09:20:35.725+0800: 143.264: Application time: 0.0858410 seconds
2021-12-27T09:20:35.851+0800: 143.390: Application time: 0.1257820 seconds
2021-12-27T09:20:35.861+0800: 143.400: Application time: 0.0007853 seconds
2021-12-27T09:20:36.203+0800: 143.743: Application time: 0.3402008 seconds
2021-12-27T09:20:36.206+0800: 143.745: Application time: 0.0002135 seconds
2021-12-27T09:20:36.210+0800: 143.749: Application time: 0.0040429 seconds
2021-12-27T09:20:36.220+0800: 143.759: Application time: 0.0036856 seconds
2021-12-27T09:20:36.231+0800: 143.770: Application time: 0.0000917 seconds
2021-12-27T09:20:36.231+0800: 143.771: Application time: 0.0006250 seconds
2021-12-27T09:20:36.232+0800: 143.771: Application time: 0.0001445 seconds
2021-12-27T09:20:36.232+0800: 143.772: Application time: 0.0000490 seconds
2021-12-27T09:20:36.233+0800: 143.772: Application time: 0.0000472 seconds
2021-12-27T09:20:36.245+0800: 143.784: Application time: 0.0121491 seconds
2021-12-27T09:20:36.276+0800: 143.815: Application time: 0.0217078 seconds
2021-12-27T09:20:36.276+0800: 143.815: Application time: 0.0000900 seconds
2021-12-27T09:20:36.276+0800: 143.815: Application time: 0.0000448 seconds
2021-12-27T09:20:36.277+0800: 143.816: Application time: 0.0000760 seconds
2021-12-27T09:20:36.277+0800: 143.816: Application time: 0.0000499 seconds
2021-12-27T09:20:36.277+0800: 143.816: Application time: 0.0000463 seconds
2021-12-27T09:20:36.277+0800: 143.816: Application time: 0.0000489 seconds
2021-12-27T09:20:36.277+0800: 143.816: Application time: 0.0000387 seconds
2021-12-27T09:20:36.282+0800: 143.821: Application time: 0.0045962 seconds
2021-12-27T09:20:36.365+0800: 143.905: Application time: 0.0835717 seconds
2021-12-27T09:20:36.366+0800: 143.905: Application time: 0.0001106 seconds
2021-12-27T09:20:36.368+0800: 143.907: Application time: 0.0020889 seconds
2021-12-27T09:20:36.429+0800: 143.968: Application time: 0.0600598 seconds
2021-12-27T09:20:36.446+0800: 143.985: Application time: 0.0023678 seconds
2021-12-27T09:20:36.460+0800: 143.999: Application time: 0.0017889 seconds
2021-12-27T09:20:36.467+0800: 144.006: Application time: 0.0016792 seconds
2021-12-27T09:20:36.493+0800: 144.032: Application time: 0.0226108 seconds
2021-12-27T09:20:36.505+0800: 144.044: Application time: 0.0024035 seconds
{Heap before GC invocations=89 (full 3):
 par new generation   total 47936K, used 46175K [0x0000000724400000, 0x0000000727800000, 0x00000007390c0000)
  eden space 42624K, 100% used [0x0000000724400000, 0x0000000726da0000, 0x0000000726da0000)
  from space 5312K,  66% used [0x00000007272d0000, 0x0000000727647d00, 0x0000000727800000)
  to   space 5312K,   0% used [0x0000000726da0000, 0x0000000726da0000, 0x00000007272d0000)
 concurrent mark-sweep generation total 106496K, used 42936K [0x00000007390c0000, 0x000000073f8c0000, 0x00000007c0000000)
 Metaspace       used 92325K, capacity 97283K, committed 97572K, reserved 1134592K
  class space    used 12252K, capacity 13094K, committed 13148K, reserved 1048576K
2021-12-27T09:20:36.512+0800: 144.051: [GC (Allocation Failure) 2021-12-27T09:20:36.514+0800: 144.053: [ParNew: 46175K->3057K(47936K), 0.0324183 secs] 89111K->47512K(154432K), 0.0344433 secs] [Times: user=0.02 sys=0.01, real=0.04 secs] 
Heap after GC invocations=90 (full 3):
 par new generation   total 47936K, used 3057K [0x0000000724400000, 0x0000000727800000, 0x00000007390c0000)
  eden space 42624K,   0% used [0x0000000724400000, 0x0000000724400000, 0x0000000726da0000)
  from space 5312K,  57% used [0x0000000726da0000, 0x000000072709c740, 0x00000007272d0000)
  to   space 5312K,   0% used [0x00000007272d0000, 0x00000007272d0000, 0x0000000727800000)
 concurrent mark-sweep generation total 106496K, used 44454K [0x00000007390c0000, 0x000000073f8c0000, 0x00000007c0000000)
 Metaspace       used 92325K, capacity 97283K, committed 97572K, reserved 1134592K
  class space    used 12252K, capacity 13094K, committed 13148K, reserved 1048576K
}
2021-12-27T09:20:36.935+0800: 144.474: Application time: 0.3878130 seconds
2021-12-27T09:20:36.974+0800: 144.536: Application time: 0.0616205 seconds
2021-12-27T09:20:36.987+0800: 144.549: Application time: 0.0006915 seconds
2021-12-27T09:20:36.988+0800: 144.550: Application time: 0.0002665 seconds
2021-12-27T09:20:37.988+0800: 145.551: Application time: 1.0008367 seconds
2021-12-27T09:20:38.990+0800: 146.552: Application time: 1.0013407 seconds
2021-12-27T09:20:39.991+0800: 147.553: Application time: 1.0006392 seconds
2021-12-27T09:20:40.910+0800: 148.472: Application time: 0.9188949 seconds
2021-12-27T09:20:40.920+0800: 148.483: Application time: 0.0101877 seconds
2021-12-27T09:20:41.921+0800: 149.484: Application time: 1.0008322 seconds
2021-12-27T09:20:43.924+0800: 151.486: Application time: 2.0025486 seconds
2021-12-27T09:20:44.925+0800: 152.487: Application time: 1.0009350 seconds
2021-12-27T09:20:45.926+0800: 153.488: Application time: 1.0004634 seconds
2021-12-27T09:20:46.927+0800: 154.489: Application time: 1.0008922 seconds
2021-12-27T09:20:47.927+0800: 155.490: Application time: 1.0003669 seconds
2021-12-27T09:20:48.929+0800: 156.491: Application time: 1.0016437 seconds
2021-12-27T09:20:49.930+0800: 157.493: Application time: 1.0010439 seconds
2021-12-27T09:20:50.931+0800: 158.493: Application time: 1.0002577 seconds
2021-12-27T09:20:51.932+0800: 159.496: Application time: 1.0032768 seconds
2021-12-27T09:20:52.937+0800: 160.499: Application time: 1.0027092 seconds
2021-12-27T09:20:53.937+0800: 161.500: Application time: 1.0002572 seconds
2021-12-27T09:20:54.938+0800: 162.500: Application time: 1.0003109 seconds
2021-12-27T09:20:55.939+0800: 163.501: Application time: 1.0003921 seconds
2021-12-27T09:20:56.940+0800: 164.502: Application time: 1.0009654 seconds
2021-12-27T09:20:57.941+0800: 165.503: Application time: 1.0010553 seconds
2021-12-27T09:20:59.674+0800: 167.237: Application time: 1.7332941 seconds
{Heap before GC invocations=90 (full 3):
 par new generation   total 47936K, used 45681K [0x0000000724400000, 0x0000000727800000, 0x00000007390c0000)
  eden space 42624K, 100% used [0x0000000724400000, 0x0000000726da0000, 0x0000000726da0000)
  from space 5312K,  57% used [0x0000000726da0000, 0x000000072709c740, 0x00000007272d0000)
  to   space 5312K,   0% used [0x00000007272d0000, 0x00000007272d0000, 0x0000000727800000)
 concurrent mark-sweep generation total 106496K, used 44454K [0x00000007390c0000, 0x000000073f8c0000, 0x00000007c0000000)
 Metaspace       used 93462K, capacity 98555K, committed 98724K, reserved 1134592K
  class space    used 12399K, capacity 13248K, committed 13276K, reserved 1048576K
2021-12-27T09:20:59.676+0800: 167.238: [GC (Allocation Failure) 2021-12-27T09:20:59.677+0800: 167.239: [ParNew: 45681K->2290K(47936K), 0.0049403 secs] 90136K->46745K(154432K), 0.0065928 secs] [Times: user=0.01 sys=0.00, real=0.01 secs] 
Heap after GC invocations=91 (full 3):
 par new generation   total 47936K, used 2290K [0x0000000724400000, 0x0000000727800000, 0x00000007390c0000)
  eden space 42624K,   0% used [0x0000000724400000, 0x0000000724400000, 0x0000000726da0000)
  from space 5312K,  43% used [0x00000007272d0000, 0x000000072750c9b8, 0x0000000727800000)
  to   space 5312K,   0% used [0x0000000726da0000, 0x0000000726da0000, 0x00000007272d0000)
 concurrent mark-sweep generation total 106496K, used 44454K [0x00000007390c0000, 0x000000073f8c0000, 0x00000007c0000000)
 Metaspace       used 93462K, capacity 98555K, committed 98724K, reserved 1134592K
  class space    used 12399K, capacity 13248K, committed 13276K, reserved 1048576K
}
2021-12-27T09:21:00.003+0800: 167.565: Application time: 0.3189838 seconds
2021-12-27T09:21:00.005+0800: 167.568: Application time: 0.0024240 seconds
2021-12-27T09:21:00.005+0800: 167.568: Application time: 0.0001210 seconds
2021-12-27T09:21:00.006+0800: 167.568: Application time: 0.0001274 seconds
2021-12-27T09:21:00.006+0800: 167.569: Application time: 0.0007382 seconds
2021-12-27T09:21:00.007+0800: 167.569: Application time: 0.0001672 seconds
2021-12-27T09:21:00.007+0800: 167.569: Application time: 0.0002040 seconds
2021-12-27T09:21:00.007+0800: 167.570: Application time: 0.0001844 seconds
2021-12-27T09:21:00.008+0800: 167.570: Application time: 0.0002143 seconds
2021-12-27T09:21:00.008+0800: 167.570: Application time: 0.0000950 seconds
2021-12-27T09:21:00.008+0800: 167.570: Application time: 0.0000829 seconds
2021-12-27T09:21:00.008+0800: 167.570: Application time: 0.0000946 seconds
2021-12-27T09:21:00.008+0800: 167.571: Application time: 0.0001958 seconds
2021-12-27T09:21:00.009+0800: 167.571: Application time: 0.0000981 seconds
2021-12-27T09:21:00.009+0800: 167.571: Application time: 0.0001172 seconds
2021-12-27T09:21:00.009+0800: 167.571: Application time: 0.0001115 seconds
2021-12-27T09:21:00.009+0800: 167.571: Application time: 0.0001128 seconds
2021-12-27T09:21:00.009+0800: 167.572: Application time: 0.0001502 seconds
2021-12-27T09:21:00.010+0800: 167.572: Application time: 0.0005142 seconds
2021-12-27T09:21:00.010+0800: 167.572: Application time: 0.0001120 seconds
2021-12-27T09:21:00.042+0800: 167.604: Application time: 0.0318834 seconds
2021-12-27T09:21:00.042+0800: 167.605: Application time: 0.0000526 seconds
2021-12-27T09:21:00.042+0800: 167.605: Application time: 0.0000482 seconds
2021-12-27T09:21:00.043+0800: 167.605: Application time: 0.0000466 seconds
2021-12-27T09:21:00.096+0800: 167.658: Application time: 0.0533749 seconds
2021-12-27T09:21:01.100+0800: 168.662: Application time: 1.0034920 seconds
2021-12-27T09:21:02.100+0800: 169.662: Application time: 1.0001300 seconds
2021-12-27T09:21:03.100+0800: 170.663: Application time: 1.0001535 seconds
2021-12-27T09:21:04.103+0800: 171.665: Application time: 1.0020139 seconds
2021-12-27T09:21:05.104+0800: 172.666: Application time: 1.0008306 seconds
2021-12-27T09:21:06.104+0800: 173.666: Application time: 1.0001506 seconds
2021-12-27T09:21:07.081+0800: 174.666: Application time: 1.0001601 seconds
2021-12-27T09:21:08.083+0800: 175.670: Application time: 1.0037417 seconds
2021-12-27T09:21:09.086+0800: 176.671: Application time: 1.0006373 seconds
2021-12-27T09:21:11.086+0800: 178.672: Application time: 2.0003048 seconds
2021-12-27T09:21:12.088+0800: 179.674: Application time: 1.0018771 seconds
2021-12-27T09:21:13.090+0800: 180.676: Application time: 1.0017995 seconds
2021-12-27T09:21:14.092+0800: 181.677: Application time: 1.0011263 seconds
2021-12-27T09:21:15.092+0800: 182.678: Application time: 1.0006166 seconds
2021-12-27T09:21:16.093+0800: 183.678: Application time: 1.0003968 seconds
2021-12-27T09:21:17.093+0800: 184.679: Application time: 1.0003813 seconds
2021-12-27T09:21:18.094+0800: 185.680: Application time: 1.0005945 seconds
2021-12-27T09:21:19.096+0800: 186.681: Application time: 1.0010743 seconds
2021-12-27T09:21:20.097+0800: 187.682: Application time: 1.0010044 seconds
2021-12-27T09:21:20.962+0800: 188.547: Application time: 0.8649744 seconds
2021-12-27T09:21:21.963+0800: 189.548: Application time: 1.0006672 seconds
2021-12-27T09:21:23.966+0800: 191.553: Application time: 2.0045091 seconds
2021-12-27T09:21:26.971+0800: 194.557: Application time: 3.0032553 seconds
2021-12-27T09:21:30.088+0800: 197.673: Application time: 3.1158522 seconds
2021-12-27T09:21:30.108+0800: 197.694: Application time: 0.0208246 seconds
2021-12-27T09:21:30.109+0800: 197.694: Application time: 0.0002516 seconds
2021-12-27T09:21:30.110+0800: 197.696: Application time: 0.0000996 seconds
2021-12-27T09:21:30.110+0800: 197.696: Application time: 0.0000852 seconds
2021-12-27T09:21:30.110+0800: 197.696: Application time: 0.0000825 seconds
2021-12-27T09:21:30.111+0800: 197.696: Application time: 0.0001045 seconds
2021-12-27T09:21:30.111+0800: 197.696: Application time: 0.0000830 seconds
2021-12-27T09:21:30.111+0800: 197.697: Application time: 0.0002646 seconds
2021-12-27T09:21:30.112+0800: 197.697: Application time: 0.0000954 seconds
2021-12-27T09:21:30.112+0800: 197.698: Application time: 0.0001889 seconds
2021-12-27T09:21:30.112+0800: 197.698: Application time: 0.0000984 seconds
2021-12-27T09:21:30.113+0800: 197.699: Application time: 0.0008390 seconds
2021-12-27T09:21:30.114+0800: 197.699: Application time: 0.0001345 seconds
2021-12-27T09:21:30.114+0800: 197.700: Application time: 0.0000980 seconds
2021-12-27T09:21:30.115+0800: 197.700: Application time: 0.0000975 seconds
2021-12-27T09:21:30.115+0800: 197.700: Application time: 0.0000946 seconds
2021-12-27T09:21:30.115+0800: 197.700: Application time: 0.0000942 seconds
2021-12-27T09:21:30.115+0800: 197.701: Application time: 0.0000943 seconds
2021-12-27T09:21:30.116+0800: 197.701: Application time: 0.0001148 seconds
2021-12-27T09:21:30.116+0800: 197.701: Application time: 0.0000941 seconds
2021-12-27T09:21:30.116+0800: 197.701: Application time: 0.0001094 seconds
2021-12-27T09:21:30.117+0800: 197.702: Application time: 0.0002673 seconds
2021-12-27T09:21:30.981+0800: 198.566: Application time: 0.8638873 seconds
2021-12-27T09:21:30.981+0800: 198.567: Application time: 0.0003295 seconds
2021-12-27T09:21:31.982+0800: 199.567: Application time: 1.0003705 seconds
2021-12-27T09:21:34.984+0800: 202.571: Application time: 3.0034306 seconds
2021-12-27T09:21:35.986+0800: 203.572: Application time: 1.0007943 seconds
2021-12-27T09:21:36.964+0800: 204.572: Application time: 1.0002950 seconds
2021-12-27T09:21:37.965+0800: 205.573: Application time: 1.0005432 seconds
2021-12-27T09:21:38.965+0800: 206.574: Application time: 1.0005980 seconds
2021-12-27T09:21:39.966+0800: 207.574: Application time: 1.0002103 seconds
2021-12-27T09:21:40.966+0800: 208.575: Application time: 1.0003590 seconds
2021-12-27T09:21:41.967+0800: 209.575: Application time: 1.0001087 seconds
2021-12-27T09:21:43.970+0800: 211.579: Application time: 2.0033060 seconds
2021-12-27T09:21:44.971+0800: 212.579: Application time: 1.0003634 seconds
2021-12-27T09:21:45.971+0800: 213.579: Application time: 1.0002089 seconds
2021-12-27T09:21:46.971+0800: 214.580: Application time: 1.0004839 seconds
2021-12-27T09:21:47.972+0800: 215.581: Application time: 1.0004897 seconds
2021-12-27T09:21:48.974+0800: 216.582: Application time: 1.0014314 seconds
2021-12-27T09:21:49.977+0800: 217.586: Application time: 1.0032895 seconds
2021-12-27T09:21:50.978+0800: 218.587: Application time: 1.0002651 seconds
2021-12-27T09:21:51.979+0800: 219.587: Application time: 1.0001925 seconds
2021-12-27T09:21:52.979+0800: 220.588: Application time: 1.0003402 seconds
2021-12-27T09:21:55.982+0800: 223.590: Application time: 3.0024454 seconds
2021-12-27T09:21:56.982+0800: 224.591: Application time: 1.0006599 seconds
2021-12-27T09:21:58.983+0800: 226.592: Application time: 2.0006042 seconds
2021-12-27T09:21:59.984+0800: 227.592: Application time: 1.0002516 seconds
2021-12-27T09:22:00.985+0800: 228.593: Application time: 1.0010299 seconds
2021-12-27T09:22:01.106+0800: 228.714: Application time: 0.1204730 seconds
2021-12-27T09:22:01.106+0800: 228.715: Application time: 0.0003675 seconds
2021-12-27T09:22:02.107+0800: 229.715: Application time: 1.0005274 seconds
2021-12-27T09:22:03.107+0800: 230.716: Application time: 1.0002630 seconds
2021-12-27T09:22:04.107+0800: 231.716: Application time: 1.0003356 seconds
2021-12-27T09:22:05.108+0800: 232.717: Application time: 1.0013063 seconds
2021-12-27T09:22:06.081+0800: 233.689: Application time: 0.9716426 seconds
2021-12-27T09:22:06.084+0800: 233.692: Application time: 0.0025180 seconds
2021-12-27T09:22:06.086+0800: 233.694: Application time: 0.0013311 seconds
2021-12-27T09:22:07.064+0800: 234.695: Application time: 1.0002585 seconds
2021-12-27T09:22:09.065+0800: 236.696: Application time: 2.0007028 seconds
2021-12-27T09:22:10.065+0800: 237.697: Application time: 1.0003157 seconds
2021-12-27T09:22:16.070+0800: 243.702: Application time: 6.0046457 seconds
2021-12-27T09:22:18.071+0800: 245.703: Application time: 2.0011217 seconds
2021-12-27T09:22:20.073+0800: 247.705: Application time: 2.0016153 seconds
2021-12-27T09:22:21.074+0800: 248.706: Application time: 1.0009582 seconds
2021-12-27T09:22:23.075+0800: 250.707: Application time: 2.0004240 seconds
2021-12-27T09:22:24.075+0800: 251.707: Application time: 1.0003550 seconds
2021-12-27T09:22:26.078+0800: 253.710: Application time: 2.0017115 seconds
2021-12-27T09:22:26.857+0800: 254.489: Application time: 0.7796913 seconds
2021-12-27T09:22:26.859+0800: 254.491: Application time: 0.0011496 seconds
2021-12-27T09:22:27.860+0800: 255.491: Application time: 1.0003516 seconds
2021-12-27T09:22:30.861+0800: 258.492: Application time: 3.0008245 seconds
2021-12-27T09:22:31.862+0800: 259.493: Application time: 1.0009069 seconds
2021-12-27T09:22:34.864+0800: 262.496: Application time: 3.0021176 seconds
2021-12-27T09:22:35.866+0800: 263.498: Application time: 1.0020199 seconds
2021-12-27T09:22:36.066+0800: 263.698: Application time: 0.2001218 seconds
2021-12-27T09:22:36.072+0800: 263.704: Application time: 0.0052574 seconds
2021-12-27T09:22:37.051+0800: 264.706: Application time: 1.0019887 seconds
2021-12-27T09:22:49.080+0800: 276.734: Application time: 12.0278318 seconds
2021-12-27T09:22:51.081+0800: 278.736: Application time: 2.0005561 seconds
2021-12-27T09:22:52.081+0800: 279.736: Application time: 1.0001768 seconds
2021-12-27T09:22:53.083+0800: 280.738: Application time: 1.0016513 seconds
2021-12-27T09:22:55.085+0800: 282.741: Application time: 2.0036253 seconds
2021-12-27T09:22:56.087+0800: 283.742: Application time: 1.0003361 seconds
2021-12-27T09:22:58.088+0800: 285.743: Application time: 2.0006308 seconds
2021-12-27T09:22:59.089+0800: 286.744: Application time: 1.0012831 seconds
2021-12-27T09:23:00.091+0800: 287.746: Application time: 1.0018057 seconds
2021-12-27T09:23:03.093+0800: 290.748: Application time: 3.0019822 seconds
2021-12-27T09:23:04.094+0800: 291.749: Application time: 1.0007208 seconds
2021-12-27T09:23:07.076+0800: 294.754: Application time: 3.0050172 seconds
2021-12-27T09:23:09.078+0800: 296.756: Application time: 2.0011951 seconds
2021-12-27T09:23:11.080+0800: 298.758: Application time: 2.0017600 seconds
2021-12-27T09:23:13.082+0800: 300.760: Application time: 2.0024831 seconds
2021-12-27T09:23:14.083+0800: 301.761: Application time: 1.0005027 seconds
2021-12-27T09:23:15.086+0800: 302.764: Application time: 1.0027757 seconds
2021-12-27T09:23:16.087+0800: 303.765: Application time: 1.0009086 seconds
2021-12-27T09:23:18.088+0800: 305.767: Application time: 2.0013355 seconds
2021-12-27T09:23:20.090+0800: 307.768: Application time: 2.0011278 seconds
2021-12-27T09:23:23.099+0800: 310.777: Application time: 3.0085974 seconds
2021-12-27T09:23:24.101+0800: 311.779: Application time: 1.0017525 seconds
2021-12-27T09:23:25.102+0800: 312.779: Application time: 1.0005437 seconds
2021-12-27T09:23:26.102+0800: 313.780: Application time: 1.0002081 seconds
2021-12-27T09:23:27.103+0800: 314.781: Application time: 1.0007193 seconds
2021-12-27T09:23:28.104+0800: 315.782: Application time: 1.0007215 seconds
2021-12-27T09:23:29.105+0800: 316.783: Application time: 1.0015991 seconds
2021-12-27T09:23:30.026+0800: 317.704: Application time: 0.9205043 seconds
2021-12-27T09:23:31.027+0800: 318.704: Application time: 1.0001750 seconds
2021-12-27T09:23:32.027+0800: 319.705: Application time: 1.0005285 seconds
2021-12-27T09:23:34.030+0800: 321.708: Application time: 2.0023910 seconds
2021-12-27T09:23:35.030+0800: 322.708: Application time: 1.0005364 seconds
2021-12-27T09:23:36.032+0800: 323.710: Application time: 1.0017442 seconds
2021-12-27T09:23:37.017+0800: 324.716: Application time: 1.0056462 seconds
2021-12-27T09:23:53.056+0800: 340.754: Application time: 16.0369917 seconds
2021-12-27T09:23:54.056+0800: 341.755: Application time: 1.0002586 seconds
2021-12-27T09:23:56.058+0800: 343.756: Application time: 2.0014614 seconds
2021-12-27T09:23:58.059+0800: 345.758: Application time: 2.0010828 seconds
2021-12-27T09:23:59.059+0800: 346.758: Application time: 1.0002615 seconds
2021-12-27T09:24:00.060+0800: 347.758: Application time: 1.0002856 seconds
2021-12-27T09:24:02.060+0800: 349.759: Application time: 2.0003697 seconds
2021-12-27T09:24:06.062+0800: 353.761: Application time: 4.0019987 seconds
2021-12-27T09:24:07.037+0800: 354.762: Application time: 1.0001580 seconds
2021-12-27T09:24:08.038+0800: 355.762: Application time: 1.0003656 seconds
2021-12-27T09:24:20.057+0800: 367.782: Application time: 12.0196809 seconds
2021-12-27T09:24:21.060+0800: 368.784: Application time: 1.0019729 seconds
2021-12-27T09:24:24.070+0800: 371.796: Application time: 3.0114604 seconds
2021-12-27T09:24:25.072+0800: 372.796: Application time: 1.0003272 seconds
2021-12-27T09:24:27.074+0800: 374.798: Application time: 2.0013894 seconds
2021-12-27T09:24:30.016+0800: 377.740: Application time: 2.9421496 seconds
2021-12-27T09:24:30.017+0800: 377.741: Application time: 0.0007175 seconds
2021-12-27T09:24:30.018+0800: 377.742: Application time: 0.0004901 seconds
2021-12-27T09:24:30.018+0800: 377.743: Application time: 0.0006733 seconds
2021-12-27T09:24:31.020+0800: 378.745: Application time: 1.0017388 seconds
2021-12-27T09:24:34.022+0800: 381.746: Application time: 3.0017060 seconds
2021-12-27T09:24:36.024+0800: 383.748: Application time: 2.0013825 seconds
2021-12-27T09:24:37.001+0800: 384.748: Application time: 1.0001693 seconds
2021-12-27T09:24:39.004+0800: 386.751: Application time: 2.0028570 seconds
2021-12-27T09:24:41.006+0800: 388.754: Application time: 2.0020490 seconds
2021-12-27T09:24:51.020+0800: 398.768: Application time: 10.0142294 seconds
2021-12-27T09:24:57.024+0800: 404.774: Application time: 6.0054820 seconds
2021-12-27T09:24:58.028+0800: 405.775: Application time: 1.0008773 seconds
2021-12-27T09:25:00.029+0800: 407.777: Application time: 2.0015492 seconds
2021-12-27T09:25:06.043+0800: 413.790: Application time: 6.0133036 seconds
2021-12-27T09:25:07.020+0800: 414.791: Application time: 1.0003128 seconds
2021-12-27T09:25:08.022+0800: 415.793: Application time: 1.0019390 seconds
2021-12-27T09:25:14.027+0800: 421.798: Application time: 6.0048950 seconds
2021-12-27T09:25:15.033+0800: 422.804: Application time: 1.0055160 seconds
2021-12-27T09:25:16.034+0800: 423.805: Application time: 1.0010259 seconds
2021-12-27T09:25:20.043+0800: 427.814: Application time: 4.0085725 seconds
2021-12-27T09:25:30.083+0800: 437.853: Application time: 10.0391254 seconds
2021-12-27T09:25:36.090+0800: 443.861: Application time: 6.0072241 seconds
2021-12-27T09:25:37.068+0800: 444.862: Application time: 1.0012711 seconds
2021-12-27T09:25:39.420+0800: 447.214: Application time: 2.3510970 seconds
{Heap before GC invocations=91 (full 3):
 par new generation   total 47936K, used 44914K [0x0000000724400000, 0x0000000727800000, 0x00000007390c0000)
  eden space 42624K, 100% used [0x0000000724400000, 0x0000000726da0000, 0x0000000726da0000)
  from space 5312K,  43% used [0x00000007272d0000, 0x000000072750c9b8, 0x0000000727800000)
  to   space 5312K,   0% used [0x0000000726da0000, 0x0000000726da0000, 0x00000007272d0000)
 concurrent mark-sweep generation total 106496K, used 44454K [0x00000007390c0000, 0x000000073f8c0000, 0x00000007c0000000)
 Metaspace       used 94608K, capacity 99777K, committed 99876K, reserved 1136640K
  class space    used 12421K, capacity 13307K, committed 13404K, reserved 1048576K
2021-12-27T09:25:39.421+0800: 447.215: [GC (Allocation Failure) 2021-12-27T09:25:39.422+0800: 447.215: [ParNew: 44914K->3312K(47936K), 0.0089250 secs] 89369K->47767K(154432K), 0.0104587 secs] [Times: user=0.02 sys=0.00, real=0.01 secs] 
Heap after GC invocations=92 (full 3):
 par new generation   total 47936K, used 3312K [0x0000000724400000, 0x0000000727800000, 0x00000007390c0000)
  eden space 42624K,   0% used [0x0000000724400000, 0x0000000724400000, 0x0000000726da0000)
  from space 5312K,  62% used [0x0000000726da0000, 0x00000007270dc1b0, 0x00000007272d0000)
  to   space 5312K,   0% used [0x00000007272d0000, 0x00000007272d0000, 0x0000000727800000)
 concurrent mark-sweep generation total 106496K, used 44454K [0x00000007390c0000, 0x000000073f8c0000, 0x00000007c0000000)
 Metaspace       used 94608K, capacity 99777K, committed 99876K, reserved 1136640K
  class space    used 12421K, capacity 13307K, committed 13404K, reserved 1048576K
}
2021-12-27T09:25:40.433+0800: 448.227: Application time: 1.0001823 seconds
2021-12-27T09:25:42.441+0800: 450.235: Application time: 2.0077675 seconds
2021-12-27T09:25:46.444+0800: 454.238: Application time: 4.0030467 seconds
2021-12-27T09:25:48.453+0800: 456.247: Application time: 2.0087229 seconds
2021-12-27T09:25:56.468+0800: 464.264: Application time: 8.0163917 seconds
2021-12-27T09:25:58.477+0800: 466.271: Application time: 2.0070014 seconds
2021-12-27T09:25:59.482+0800: 467.276: Application time: 1.0047366 seconds
2021-12-27T09:26:00.484+0800: 468.278: Application time: 1.0013658 seconds
2021-12-27T09:26:08.466+0800: 476.284: Application time: 8.0057440 seconds
2021-12-27T09:26:09.467+0800: 477.284: Application time: 1.0006307 seconds
2021-12-27T09:26:21.494+0800: 489.311: Application time: 12.0260909 seconds
2021-12-27T09:26:22.495+0800: 490.312: Application time: 1.0007669 seconds
2021-12-27T09:26:24.504+0800: 492.321: Application time: 2.0095177 seconds
2021-12-27T09:26:25.509+0800: 493.326: Application time: 1.0042041 seconds
2021-12-27T09:26:26.511+0800: 494.328: Application time: 1.0020559 seconds
2021-12-27T09:26:27.516+0800: 495.333: Application time: 1.0044483 seconds
2021-12-27T09:26:29.519+0800: 497.336: Application time: 2.0029788 seconds
2021-12-27T09:26:32.525+0800: 500.342: Application time: 3.0060595 seconds
2021-12-27T09:26:33.532+0800: 501.351: Application time: 1.0086238 seconds
2021-12-27T09:26:34.537+0800: 502.354: Application time: 1.0028186 seconds
2021-12-27T09:26:36.545+0800: 504.362: Application time: 2.0077271 seconds
2021-12-27T09:26:37.523+0800: 505.364: Application time: 1.0012551 seconds
2021-12-27T09:26:41.037+0800: 508.878: Application time: 3.5140244 seconds
2021-12-27T09:26:46.043+0800: 513.883: Application time: 5.0052926 seconds
2021-12-27T09:27:00.056+0800: 527.896: Application time: 14.0127436 seconds
2021-12-27T09:27:06.061+0800: 533.901: Application time: 6.0045258 seconds
2021-12-27T09:27:07.045+0800: 534.909: Application time: 1.0076545 seconds
2021-12-27T09:27:08.047+0800: 535.910: Application time: 1.0013059 seconds
2021-12-27T09:27:16.055+0800: 543.919: Application time: 8.0082419 seconds
2021-12-27T09:27:17.056+0800: 544.919: Application time: 1.0001842 seconds
2021-12-27T09:27:20.059+0800: 547.922: Application time: 3.0031245 seconds
2021-12-27T09:27:31.069+0800: 558.933: Application time: 11.0103160 seconds
2021-12-27T09:27:36.071+0800: 563.935: Application time: 5.0022033 seconds
2021-12-27T09:27:37.049+0800: 564.936: Application time: 1.0001702 seconds
2021-12-27T09:27:41.915+0800: 569.801: Application time: 4.8653322 seconds
2021-12-27T09:27:42.917+0800: 570.803: Application time: 1.0018490 seconds
2021-12-27T09:27:52.928+0800: 580.814: Application time: 10.0110101 seconds
2021-12-27T09:27:53.928+0800: 581.815: Application time: 1.0003624 seconds
2021-12-27T09:27:56.935+0800: 584.821: Application time: 3.0060945 seconds
2021-12-27T09:27:57.936+0800: 585.823: Application time: 1.0010661 seconds
2021-12-27T09:27:58.937+0800: 586.823: Application time: 1.0003800 seconds
2021-12-27T09:27:59.937+0800: 587.824: Application time: 1.0006469 seconds
2021-12-27T09:28:05.940+0800: 593.827: Application time: 6.0027731 seconds
2021-12-27T09:28:19.977+0800: 607.887: Application time: 14.0601146 seconds
2021-12-27T09:28:24.979+0800: 612.889: Application time: 5.0014137 seconds
2021-12-27T09:28:29.983+0800: 617.892: Application time: 5.0033576 seconds
2021-12-27T09:28:30.983+0800: 618.894: Application time: 1.0012847 seconds
2021-12-27T09:28:34.986+0800: 622.896: Application time: 4.0016603 seconds
2021-12-27T09:28:35.987+0800: 623.897: Application time: 1.0005701 seconds
2021-12-27T09:28:39.966+0800: 627.899: Application time: 4.0026022 seconds
2021-12-27T09:28:40.967+0800: 628.900: Application time: 1.0008056 seconds
2021-12-27T09:28:52.975+0800: 640.908: Application time: 12.0076591 seconds
2021-12-27T09:28:59.981+0800: 647.914: Application time: 7.0054602 seconds
2021-12-27T09:29:00.981+0800: 648.914: Application time: 1.0001560 seconds
2021-12-27T09:29:04.985+0800: 652.918: Application time: 4.0036887 seconds
2021-12-27T09:29:05.986+0800: 653.919: Application time: 1.0011280 seconds
2021-12-27T09:29:06.964+0800: 654.921: Application time: 1.0009181 seconds
2021-12-27T09:29:07.965+0800: 655.921: Application time: 1.0002094 seconds
2021-12-27T09:29:11.966+0800: 659.922: Application time: 4.0011207 seconds
2021-12-27T09:29:13.967+0800: 661.923: Application time: 2.0005927 seconds
2021-12-27T09:29:15.968+0800: 663.926: Application time: 2.0026078 seconds
2021-12-27T09:29:29.978+0800: 677.935: Application time: 14.0085947 seconds
2021-12-27T09:29:32.981+0800: 680.938: Application time: 3.0026595 seconds
2021-12-27T09:29:35.983+0800: 683.939: Application time: 3.0011626 seconds
2021-12-27T09:29:59.973+0800: 707.952: Application time: 24.0128982 seconds
2021-12-27T09:30:05.977+0800: 713.956: Application time: 6.0037023 seconds
2021-12-27T09:30:19.964+0800: 727.967: Application time: 14.0102692 seconds
2021-12-27T09:30:25.967+0800: 733.970: Application time: 6.0029235 seconds
2021-12-27T09:30:29.973+0800: 737.976: Application time: 4.0058411 seconds
2021-12-27T09:30:33.979+0800: 741.981: Application time: 4.0050492 seconds
2021-12-27T09:30:36.957+0800: 744.983: Application time: 3.0016682 seconds
2021-12-27T09:30:48.968+0800: 756.994: Application time: 12.0107657 seconds
2021-12-27T09:30:49.969+0800: 757.994: Application time: 1.0001572 seconds
2021-12-27T09:30:52.973+0800: 760.998: Application time: 3.0036817 seconds
2021-12-27T09:30:53.978+0800: 762.004: Application time: 1.0026337 seconds
2021-12-27T09:30:57.980+0800: 766.006: Application time: 4.0017630 seconds
2021-12-27T09:30:58.982+0800: 767.007: Application time: 1.0010963 seconds
2021-12-27T09:30:59.982+0800: 768.008: Application time: 1.0006357 seconds
2021-12-27T09:31:02.984+0800: 771.010: Application time: 3.0017681 seconds
2021-12-27T09:31:03.488+0800: 771.514: Application time: 0.5032819 seconds
{Heap before GC invocations=92 (full 3):
 par new generation   total 47936K, used 45936K [0x0000000724400000, 0x0000000727800000, 0x00000007390c0000)
  eden space 42624K, 100% used [0x0000000724400000, 0x0000000726da0000, 0x0000000726da0000)
  from space 5312K,  62% used [0x0000000726da0000, 0x00000007270dc1b0, 0x00000007272d0000)
  to   space 5312K,   0% used [0x00000007272d0000, 0x00000007272d0000, 0x0000000727800000)
 concurrent mark-sweep generation total 106496K, used 44454K [0x00000007390c0000, 0x000000073f8c0000, 0x00000007c0000000)
 Metaspace       used 94884K, capacity 100077K, committed 100388K, reserved 1136640K
  class space    used 12425K, capacity 13313K, committed 13404K, reserved 1048576K
2021-12-27T09:31:03.489+0800: 771.515: [GC (Allocation Failure) 2021-12-27T09:31:03.490+0800: 771.515: [ParNew: 45936K->2859K(47936K), 0.0071445 secs] 90391K->47314K(154432K), 0.0086057 secs] [Times: user=0.01 sys=0.01, real=0.01 secs] 
Heap after GC invocations=93 (full 3):
 par new generation   total 47936K, used 2859K [0x0000000724400000, 0x0000000727800000, 0x00000007390c0000)
  eden space 42624K,   0% used [0x0000000724400000, 0x0000000724400000, 0x0000000726da0000)
  from space 5312K,  53% used [0x00000007272d0000, 0x000000072759ae08, 0x0000000727800000)
  to   space 5312K,   0% used [0x0000000726da0000, 0x0000000726da0000, 0x00000007272d0000)
 concurrent mark-sweep generation total 106496K, used 44454K [0x00000007390c0000, 0x000000073f8c0000, 0x00000007c0000000)
 Metaspace       used 94884K, capacity 100077K, committed 100388K, reserved 1136640K
  class space    used 12425K, capacity 13313K, committed 13404K, reserved 1048576K
}
2021-12-27T09:31:04.499+0800: 772.525: Application time: 1.0003262 seconds
2021-12-27T09:31:06.501+0800: 774.527: Application time: 2.0011138 seconds
2021-12-27T09:31:19.489+0800: 787.537: Application time: 13.0102863 seconds
2021-12-27T09:31:25.493+0800: 793.542: Application time: 6.0046689 seconds
2021-12-27T09:31:29.789+0800: 797.838: Application time: 4.2959569 seconds
2021-12-27T09:31:36.771+0800: 804.843: Application time: 7.0047949 seconds
2021-12-27T09:31:37.773+0800: 805.845: Application time: 1.0003915 seconds
2021-12-27T09:31:38.776+0800: 806.848: Application time: 1.0034190 seconds
2021-12-27T09:31:39.778+0800: 807.850: Application time: 1.0013584 seconds
2021-12-27T09:31:40.778+0800: 808.850: Application time: 1.0003370 seconds
2021-12-27T09:31:41.779+0800: 809.851: Application time: 1.0005657 seconds
2021-12-27T09:31:42.780+0800: 810.852: Application time: 1.0008507 seconds
2021-12-27T09:31:44.781+0800: 812.853: Application time: 2.0011322 seconds
2021-12-27T09:31:45.783+0800: 813.855: Application time: 1.0012564 seconds
2021-12-27T09:31:53.789+0800: 821.861: Application time: 8.0063273 seconds
2021-12-27T09:31:59.792+0800: 827.864: Application time: 6.0030666 seconds
2021-12-27T09:32:05.797+0800: 833.869: Application time: 6.0044651 seconds
2021-12-27T09:32:25.789+0800: 853.884: Application time: 20.0150639 seconds
2021-12-27T09:32:26.790+0800: 854.887: Application time: 1.0025648 seconds
2021-12-27T09:32:29.759+0800: 857.854: Application time: 2.9668548 seconds
2021-12-27T09:32:30.760+0800: 858.855: Application time: 1.0003598 seconds
2021-12-27T09:32:36.741+0800: 864.859: Application time: 6.0041479 seconds
2021-12-27T09:32:37.741+0800: 865.859: Application time: 1.0002800 seconds
2021-12-27T09:32:41.759+0800: 869.877: Application time: 4.0176832 seconds
2021-12-27T09:32:44.763+0800: 872.881: Application time: 3.0032906 seconds
2021-12-27T09:32:59.766+0800: 887.885: Application time: 15.0036037 seconds
2021-12-27T09:33:09.812+0800: 897.887: Application time: 10.0022362 seconds
2021-12-27T09:33:10.813+0800: 898.888: Application time: 1.0002541 seconds
2021-12-27T09:33:19.819+0800: 907.894: Application time: 9.0060249 seconds
2021-12-27T09:33:33.844+0800: 921.919: Application time: 14.0248582 seconds
2021-12-27T09:33:34.846+0800: 922.921: Application time: 1.0022326 seconds
2021-12-27T09:33:35.847+0800: 923.922: Application time: 1.0002128 seconds
2021-12-27T09:33:44.861+0800: 932.959: Application time: 9.0247996 seconds
2021-12-27T09:33:45.862+0800: 933.960: Application time: 1.0004242 seconds
2021-12-27T09:33:59.794+0800: 947.892: Application time: 13.9319610 seconds
2021-12-27T09:34:00.795+0800: 948.893: Application time: 1.0007524 seconds
2021-12-27T09:34:26.798+0800: 974.927: Application time: 26.0324996 seconds
2021-12-27T09:34:29.802+0800: 977.931: Application time: 3.0036163 seconds
2021-12-27T09:34:31.803+0800: 979.933: Application time: 2.0016290 seconds
2021-12-27T09:34:36.793+0800: 984.937: Application time: 5.0034071 seconds
2021-12-27T09:34:40.795+0800: 988.940: Application time: 4.0028003 seconds
2021-12-27T09:34:56.806+0800: 1004.950: Application time: 16.0105776 seconds
2021-12-27T09:35:03.816+0800: 1011.960: Application time: 7.0090953 seconds
2021-12-27T09:35:06.793+0800: 1014.960: Application time: 3.0006423 seconds
2021-12-27T09:35:23.805+0800: 1031.973: Application time: 17.0121019 seconds
2021-12-27T09:35:29.808+0800: 1037.976: Application time: 6.0024364 seconds
2021-12-27T09:35:30.810+0800: 1038.977: Application time: 1.0006485 seconds
2021-12-27T09:35:31.811+0800: 1039.979: Application time: 1.0013276 seconds
2021-12-27T09:35:58.817+0800: 1067.008: Application time: 27.0280402 seconds
2021-12-27T09:35:59.818+0800: 1068.009: Application time: 1.0008683 seconds
2021-12-27T09:36:05.824+0800: 1074.015: Application time: 6.0065192 seconds
2021-12-27T09:36:05.827+0800: 1074.018: Application time: 0.0024526 seconds
2021-12-27T09:36:23.812+0800: 1092.026: Application time: 18.0077474 seconds
2021-12-27T09:36:27.813+0800: 1096.027: Application time: 4.0012442 seconds
2021-12-27T09:36:29.814+0800: 1098.028: Application time: 2.0009479 seconds
2021-12-27T09:36:30.172+0800: 1098.386: Application time: 0.3578530 seconds
{Heap before GC invocations=93 (full 3):
 par new generation   total 47936K, used 45483K [0x0000000724400000, 0x0000000727800000, 0x00000007390c0000)
  eden space 42624K, 100% used [0x0000000724400000, 0x0000000726da0000, 0x0000000726da0000)
  from space 5312K,  53% used [0x00000007272d0000, 0x000000072759ae08, 0x0000000727800000)
  to   space 5312K,   0% used [0x0000000726da0000, 0x0000000726da0000, 0x00000007272d0000)
 concurrent mark-sweep generation total 106496K, used 44454K [0x00000007390c0000, 0x000000073f8c0000, 0x00000007c0000000)
 Metaspace       used 95068K, capacity 100263K, committed 100388K, reserved 1136640K
  class space    used 12429K, capacity 13322K, committed 13404K, reserved 1048576K
2021-12-27T09:36:30.174+0800: 1098.388: [GC (Allocation Failure) 2021-12-27T09:36:30.175+0800: 1098.389: [ParNew: 45483K->2984K(47936K), 0.0097478 secs] 89938K->47439K(154432K), 0.0111392 secs] [Times: user=0.03 sys=0.00, real=0.01 secs] 
Heap after GC invocations=94 (full 3):
 par new generation   total 47936K, used 2984K [0x0000000724400000, 0x0000000727800000, 0x00000007390c0000)
  eden space 42624K,   0% used [0x0000000724400000, 0x0000000724400000, 0x0000000726da0000)
  from space 5312K,  56% used [0x0000000726da0000, 0x000000072708a1f0, 0x00000007272d0000)
  to   space 5312K,   0% used [0x00000007272d0000, 0x00000007272d0000, 0x0000000727800000)
 concurrent mark-sweep generation total 106496K, used 44454K [0x00000007390c0000, 0x000000073f8c0000, 0x00000007c0000000)
 Metaspace       used 95068K, capacity 100263K, committed 100388K, reserved 1136640K
  class space    used 12429K, capacity 13322K, committed 13404K, reserved 1048576K
}
2021-12-27T09:36:31.186+0800: 1099.401: Application time: 1.0002135 seconds
2021-12-27T09:36:34.187+0800: 1102.401: Application time: 3.0004050 seconds
2021-12-27T09:36:36.188+0800: 1104.402: Application time: 2.0007633 seconds
2021-12-27T09:36:37.165+0800: 1105.403: Application time: 1.0003291 seconds
2021-12-27T09:36:41.166+0800: 1109.405: Application time: 4.0018466 seconds
2021-12-27T09:36:42.168+0800: 1110.405: Application time: 1.0001776 seconds
2021-12-27T09:36:54.173+0800: 1122.410: Application time: 12.0049264 seconds
2021-12-27T09:36:59.772+0800: 1128.010: Application time: 5.5991582 seconds
2021-12-27T09:37:03.773+0800: 1132.010: Application time: 4.0005810 seconds
2021-12-27T09:37:06.753+0800: 1135.014: Application time: 3.0030399 seconds
2021-12-27T09:37:12.755+0800: 1141.016: Application time: 6.0020042 seconds
2021-12-27T09:37:15.756+0800: 1144.017: Application time: 3.0007014 seconds
2021-12-27T09:37:16.757+0800: 1145.017: Application time: 1.0001372 seconds
2021-12-27T09:37:18.757+0800: 1147.018: Application time: 2.0004410 seconds
2021-12-27T09:37:19.759+0800: 1148.020: Application time: 1.0001424 seconds
2021-12-27T09:37:29.764+0800: 1158.024: Application time: 10.0043303 seconds
2021-12-27T09:37:33.765+0800: 1162.025: Application time: 4.0009561 seconds
2021-12-27T09:37:36.742+0800: 1165.026: Application time: 3.0006558 seconds
2021-12-27T09:37:40.791+0800: 1169.075: Application time: 4.0471386 seconds
2021-12-27T09:37:58.799+0800: 1187.083: Application time: 18.0073644 seconds
2021-12-27T09:37:59.800+0800: 1188.083: Application time: 1.0005674 seconds
2021-12-27T09:38:05.801+0800: 1194.085: Application time: 6.0010848 seconds
2021-12-27T09:38:16.783+0800: 1205.090: Application time: 11.0053391 seconds
2021-12-27T09:38:35.791+0800: 1224.098: Application time: 19.0075277 seconds
2021-12-27T09:38:36.769+0800: 1225.099: Application time: 1.0013264 seconds
2021-12-27T09:38:59.780+0800: 1248.110: Application time: 23.0106383 seconds
2021-12-27T09:39:05.782+0800: 1254.112: Application time: 6.0013127 seconds
2021-12-27T09:39:06.759+0800: 1255.112: Application time: 1.0002465 seconds
2021-12-27T09:39:35.770+0800: 1284.123: Application time: 29.0106099 seconds
2021-12-27T09:39:50.756+0800: 1299.132: Application time: 15.0087943 seconds
2021-12-27T09:39:51.757+0800: 1300.132: Application time: 1.0001866 seconds
2021-12-27T09:39:59.761+0800: 1308.137: Application time: 8.0080729 seconds
2021-12-27T09:40:05.767+0800: 1314.142: Application time: 6.0013970 seconds
2021-12-27T09:40:12.744+0800: 1321.144: Application time: 7.0012177 seconds
2021-12-27T09:40:29.757+0800: 1338.157: Application time: 17.0131602 seconds
2021-12-27T09:40:32.759+0800: 1341.159: Application time: 3.0015373 seconds
2021-12-27T09:40:35.761+0800: 1344.161: Application time: 3.0018441 seconds
2021-12-27T09:40:36.801+0800: 1345.163: Application time: 1.0024132 seconds
2021-12-27T09:40:58.820+0800: 1367.183: Application time: 22.0194756 seconds
2021-12-27T09:40:59.821+0800: 1368.183: Application time: 1.0002126 seconds
2021-12-27T09:41:05.823+0800: 1374.185: Application time: 6.0016939 seconds
2021-12-27T09:41:06.801+0800: 1375.186: Application time: 1.0002643 seconds
2021-12-27T09:41:16.805+0800: 1385.190: Application time: 10.0044484 seconds
2021-12-27T09:41:19.808+0800: 1388.193: Application time: 3.0022893 seconds
2021-12-27T09:41:28.812+0800: 1397.197: Application time: 9.0041501 seconds
2021-12-27T09:41:29.814+0800: 1398.199: Application time: 1.0001562 seconds
2021-12-27T09:41:35.817+0800: 1404.202: Application time: 6.0036846 seconds
2021-12-27T09:41:39.796+0800: 1408.203: Application time: 4.0006073 seconds
2021-12-27T09:41:40.796+0800: 1409.204: Application time: 1.0004980 seconds
2021-12-27T09:41:51.801+0800: 1420.208: Application time: 11.0043245 seconds
2021-12-27T09:41:59.633+0800: 1428.041: Application time: 7.8324055 seconds
{Heap before GC invocations=94 (full 3):
 par new generation   total 47936K, used 45608K [0x0000000724400000, 0x0000000727800000, 0x00000007390c0000)
  eden space 42624K, 100% used [0x0000000724400000, 0x0000000726da0000, 0x0000000726da0000)
  from space 5312K,  56% used [0x0000000726da0000, 0x000000072708a1f0, 0x00000007272d0000)
  to   space 5312K,   0% used [0x00000007272d0000, 0x00000007272d0000, 0x0000000727800000)
 concurrent mark-sweep generation total 106496K, used 44454K [0x00000007390c0000, 0x000000073f8c0000, 0x00000007c0000000)
 Metaspace       used 95222K, capacity 100391K, committed 100644K, reserved 1136640K
  class space    used 12430K, capacity 13322K, committed 13404K, reserved 1048576K
2021-12-27T09:41:59.644+0800: 1428.052: [GC (Allocation Failure) 2021-12-27T09:41:59.651+0800: 1428.058: [ParNew: 45608K->3063K(47936K), 0.0219788 secs] 90063K->47518K(154432K), 0.0417892 secs] [Times: user=0.04 sys=0.00, real=0.06 secs] 
Heap after GC invocations=95 (full 3):
 par new generation   total 47936K, used 3063K [0x0000000724400000, 0x0000000727800000, 0x00000007390c0000)
  eden space 42624K,   0% used [0x0000000724400000, 0x0000000724400000, 0x0000000726da0000)
  from space 5312K,  57% used [0x00000007272d0000, 0x00000007275cdfa8, 0x0000000727800000)
  to   space 5312K,   0% used [0x0000000726da0000, 0x0000000726da0000, 0x00000007272d0000)
 concurrent mark-sweep generation total 106496K, used 44454K [0x00000007390c0000, 0x000000073f8c0000, 0x00000007c0000000)
 Metaspace       used 95222K, capacity 100391K, committed 100644K, reserved 1136640K
  class space    used 12430K, capacity 13322K, committed 13404K, reserved 1048576K
}
2021-12-27T09:42:00.710+0800: 1429.118: Application time: 1.0002415 seconds
2021-12-27T09:42:05.711+0800: 1434.119: Application time: 5.0010540 seconds
2021-12-27T09:42:06.691+0800: 1435.121: Application time: 1.0009014 seconds
2021-12-27T09:42:10.693+0800: 1439.124: Application time: 4.0020662 seconds
2021-12-27T09:42:11.694+0800: 1440.125: Application time: 1.0017407 seconds
2021-12-27T09:42:26.702+0800: 1455.132: Application time: 15.0062513 seconds
2021-12-27T09:42:27.702+0800: 1456.132: Application time: 1.0002699 seconds
2021-12-27T09:42:29.704+0800: 1458.134: Application time: 2.0014369 seconds
2021-12-27T09:42:30.704+0800: 1459.135: Application time: 1.0002654 seconds
2021-12-27T09:42:33.706+0800: 1462.136: Application time: 3.0012940 seconds
2021-12-27T09:42:36.687+0800: 1465.140: Application time: 3.0037804 seconds
2021-12-27T09:42:37.688+0800: 1466.141: Application time: 1.0003548 seconds
2021-12-27T09:42:40.697+0800: 1469.150: Application time: 3.0088288 seconds
2021-12-27T09:43:04.706+0800: 1493.159: Application time: 24.0087215 seconds
2021-12-27T09:43:05.708+0800: 1494.161: Application time: 1.0002254 seconds
2021-12-27T09:43:06.687+0800: 1495.161: Application time: 1.0002441 seconds
2021-12-27T09:43:11.688+0800: 1500.163: Application time: 5.0015500 seconds
2021-12-27T09:43:29.674+0800: 1518.149: Application time: 17.9857889 seconds
2021-12-27T09:43:30.676+0800: 1519.151: Application time: 1.0006232 seconds
2021-12-27T09:43:35.679+0800: 1524.154: Application time: 5.0023734 seconds
2021-12-27T09:43:59.685+0800: 1548.172: Application time: 24.0178539 seconds
2021-12-27T09:44:05.686+0800: 1554.174: Application time: 6.0017658 seconds
2021-12-27T09:44:25.676+0800: 1574.185: Application time: 20.0102849 seconds
2021-12-27T09:44:28.677+0800: 1577.186: Application time: 3.0005414 seconds
2021-12-27T09:44:29.659+0800: 1578.167: Application time: 0.9811833 seconds
2021-12-27T09:44:30.659+0800: 1579.168: Application time: 1.0003482 seconds
2021-12-27T09:44:33.662+0800: 1582.170: Application time: 3.0024466 seconds
2021-12-27T09:44:35.663+0800: 1584.171: Application time: 2.0007461 seconds
2021-12-27T09:44:59.648+0800: 1608.179: Application time: 24.0076820 seconds
2021-12-27T09:45:03.649+0800: 1612.180: Application time: 4.0009291 seconds
2021-12-27T09:45:05.650+0800: 1614.181: Application time: 2.0002767 seconds
2021-12-27T09:45:06.627+0800: 1615.181: Application time: 1.0010974 seconds
2021-12-27T09:45:10.630+0800: 1619.183: Application time: 4.0010298 seconds
2021-12-27T09:45:29.643+0800: 1638.197: Application time: 19.0134189 seconds
2021-12-27T09:45:32.645+0800: 1641.198: Application time: 3.0015048 seconds
2021-12-27T09:45:33.645+0800: 1642.199: Application time: 1.0003318 seconds
2021-12-27T09:45:36.623+0800: 1645.199: Application time: 3.0004788 seconds
2021-12-27T09:45:59.635+0800: 1668.211: Application time: 23.0118527 seconds
2021-12-27T09:46:05.637+0800: 1674.213: Application time: 6.0017014 seconds
2021-12-27T09:46:19.619+0800: 1688.217: Application time: 14.0040829 seconds
2021-12-27T09:46:27.621+0800: 1696.219: Application time: 8.0018870 seconds
2021-12-27T09:46:29.622+0800: 1698.220: Application time: 2.0005540 seconds
2021-12-27T09:46:30.622+0800: 1699.221: Application time: 1.0001863 seconds
2021-12-27T09:46:33.623+0800: 1702.222: Application time: 3.0008441 seconds
2021-12-27T09:46:34.623+0800: 1703.222: Application time: 1.0000707 seconds
